                              1 ;--------------------------------------------------------
                              2 ; File Created by SDCC : free open source ISO C Compiler
                              3 ; Version 4.6.2 #16710 (Linux)
                              4 ;--------------------------------------------------------
                              5 	.module bitint_width_6_sign_signed
                              6 	
                              7 ;--------------------------------------------------------
                              8 ; Public variables in this module
                              9 ;--------------------------------------------------------
                             10 	.globl _testBitInt
                             11 	.globl _g
                             12 	.globl _f
                             13 	.globl ___prints
                             14 	.globl ___fail
                             15 	.globl _ll
                             16 	.globl _i
                             17 	.globl ___numCases
                             18 	.globl ___runSuite
                             19 	.globl ___getSuiteName
                             20 ;--------------------------------------------------------
                             21 ; special function registers
                             22 ;--------------------------------------------------------
                             23 ;--------------------------------------------------------
                             24 ; ram data
                             25 ;--------------------------------------------------------
                             26 	.area _DATA (BANK=_DSEG)
                             27 ;--------------------------------------------------------
                             28 ; ram data
                             29 ;--------------------------------------------------------
                             30 	.area _INITIALIZED
   0000                      31 _i::
   0000                      32 	.ds 2
   0002                      33 _ll::
   0002                      34 	.ds 8
                             35 ;--------------------------------------------------------
                             36 ; absolute ram data
                             37 ;--------------------------------------------------------
                             38 	.area _DABS (ABS)
                             39 	.area _DABS (ABS)
                             40 ;--------------------------------------------------------
                             41 ; global & static initialisations
                             42 ;--------------------------------------------------------
                             43 	.area _HOME
                             44 	.area _GSINIT
                             45 	.area _GSFINAL
                             46 	.area _GSINIT
                             47 ;--------------------------------------------------------
                             48 ; Home
                             49 ;--------------------------------------------------------
                             50 	.area _HOME (BANK=_CSEG)
                             51 	.area _HOME (BANK=_CSEG)
                             52 ;--------------------------------------------------------
                             53 ; code
                             54 ;--------------------------------------------------------
                             55 	.area _CODE (BANK=_CSEG)
                             56 ;cases/bitint/bitint_width_6_sign_signed.c:21: bitinttype f(void) // The backend needs to support returning types of arbitrary width, not just powers of two.
                             57 ;	genLabel
                             58 ;	genFunction
                             59 ;	---------------------------------
                             60 ; Function f
                             61 ; ---------------------------------
                             62 ;	Register assignment is optimal.
                             63 ; Stack space usage: 0 bytes.
   0000                      64 _f::
                             65 ;cases/bitint/bitint_width_6_sign_signed.c:23: return 42;
                             66 ;	genRet
                             67 ;	genMove_o size 1 result type 2 source type 1 a_dead 1 hl_dead 1 de_dead 1 iy_dead 1 f_dead 1
   0000 3E EA         [ 7]   68 	ld	a, #0xea
                             69 ;	genLabel
                             70 ; common peephole 159 removed unused label 00101$.
                             71 ;cases/bitint/bitint_width_6_sign_signed.c:24: }
                             72 ;	genEndFunction
   0002 C9            [10]   73 	ret
                             74 ;	Total f function size at codegen: 1 bytes.
                             75 ;cases/bitint/bitint_width_6_sign_signed.c:26: bitinttype g(bitinttype a) // The backend needs to support parameters of arbitrary width, not just powers of two.
                             76 ;	genLabel
                             77 ;	genFunction
                             78 ;	---------------------------------
                             79 ; Function g
                             80 ; ---------------------------------
                             81 ;	Register assignment is optimal.
                             82 ; Stack space usage: 0 bytes.
   0003                      83 _g::
                             84 ;	genReceive
                             85 ;	genMove_o size 1 result type 2 source type 2 a_dead 1 hl_dead 1 de_dead 1 iy_dead 1 f_dead 1
                             86 ;cases/bitint/bitint_width_6_sign_signed.c:28: return ++a;
                             87 ;	genPlus
   0003 3C            [ 4]   88 	inc	a
                             89 ;	genRet
                             90 ;	genMove_o size 1 result type 2 source type 2 a_dead 1 hl_dead 1 de_dead 1 iy_dead 1 f_dead 1
                             91 ;	genLabel
                             92 ; common peephole 159 removed unused label 00101$.
                             93 ;cases/bitint/bitint_width_6_sign_signed.c:29: }
                             94 ;	genEndFunction
   0004 C9            [10]   95 	ret
                             96 ;	Total g function size at codegen: 1 bytes.
                             97 ;cases/bitint/bitint_width_6_sign_signed.c:36: void testBitInt(void)
                             98 ;	genLabel
                             99 ;	genFunction
                            100 ;	---------------------------------
                            101 ; Function testBitInt
                            102 ; ---------------------------------
                            103 ;	Register assignment might be sub-optimal.
                            104 ; Stack space usage: 0 bytes.
   0005                     105 _testBitInt::
                            106 ;cases/bitint/bitint_width_6_sign_signed.c:39: ASSERT(f() == (bitinttype)42);
                            107 ;	genPlus
                            108 ;	genMove_o size 2 result type 2 source type 10 a_dead 1 hl_dead 1 de_dead 1 iy_dead 1 f_dead 1
   0005 2Ar00s00      [16]  109 	ld	hl, (___numTests)
   0008 23            [ 6]  110 	inc	hl
                            111 ;	genMove_o size 2 result type 10 source type 2 a_dead 1 hl_dead 1 de_dead 1 iy_dead 1 f_dead 1
   0009 22r00s00      [16]  112 	ld	(___numTests), hl
                            113 ;	genCall
   000C CDr00s00      [17]  114 	call	_f
                            115 ;	genMove_o size 1 result type 2 source type 2 a_dead 1 hl_dead 1 de_dead 1 iy_dead 1 f_dead 1
                            116 ;	genCmpEq
   000F FE EA         [ 7]  117 	cp	a, #0xea
                            118 ; common peephole 163 changed absolute to relative conditional jump.
   0011 28 11         [12]  119 	jr	z, 00104$
                            120 ; common peephole 81 removed jp by using inverse jump logic
                            121 ; common peephole 159 removed unused label 00179$.
                            122 ;	skipping generated iCode
                            123 ;	skipping iCode since result will be rematerialized
                            124 ;	skipping iCode since result will be rematerialized
                            125 ;	skipping iCode since result will be rematerialized
                            126 ;	skipping iCode since result will be rematerialized
                            127 ;	skipping iCode since result will be rematerialized
                            128 ;	skipping iCode since result will be rematerialized
                            129 ;	genIpush
                            130 ;	genMove_o size 2 result type 2 source type 1 a_dead 1 hl_dead 1 de_dead 1 iy_dead 1 f_dead 1
   0013 21 27 00      [10]  131 	ld	hl, #0x0027
   0016 E5            [11]  132 	push	hl
                            133 ;	genIpush
                            134 ;	genMove_o size 2 result type 2 source type 7 a_dead 1 hl_dead 1 de_dead 1 iy_dead 1 f_dead 1
   0017 21r6Cs01      [10]  135 	ld	hl, #___str_2
   001A E5            [11]  136 	push	hl
                            137 ;	genSend
                            138 ;	genMove_o size 2 result type 2 source type 7 a_dead 1 hl_dead 1 de_dead 1 iy_dead 1 f_dead 1
   001B 11r56s01      [10]  139 	ld	de, #___str_1
                            140 ;	genSend
                            141 ;	genMove_o size 2 result type 2 source type 7 a_dead 1 hl_dead 1 de_dead 0 iy_dead 1 f_dead 1
   001E 21r45s01      [10]  142 	ld	hl, #___str_0
                            143 ;	genCall
   0021 CDr00s00      [17]  144 	call	___fail
                            145 ;	genLabel
   0024                     146 00104$:
                            147 ;cases/bitint/bitint_width_6_sign_signed.c:40: ASSERT(g(0) == (bitinttype)1);
                            148 ;	genPlus
                            149 ;	genMove_o size 2 result type 2 source type 10 a_dead 1 hl_dead 1 de_dead 1 iy_dead 1 f_dead 1
   0024 2Ar00s00      [16]  150 	ld	hl, (___numTests)
   0027 23            [ 6]  151 	inc	hl
                            152 ;	genMove_o size 2 result type 10 source type 2 a_dead 1 hl_dead 1 de_dead 1 iy_dead 1 f_dead 1
   0028 22r00s00      [16]  153 	ld	(___numTests), hl
                            154 ;	genSend
                            155 ;	genMove_o size 1 result type 2 source type 1 a_dead 1 hl_dead 1 de_dead 1 iy_dead 1 f_dead 1
   002B AF            [ 4]  156 	xor	a, a
                            157 ;	genCall
   002C CDr03s00      [17]  158 	call	_g
                            159 ;	genMove_o size 1 result type 2 source type 2 a_dead 1 hl_dead 1 de_dead 1 iy_dead 1 f_dead 1
                            160 ;	genCmpEq
   002F FE 01         [ 7]  161 	cp	a, #0x01
                            162 ; common peephole 163 changed absolute to relative conditional jump.
   0031 28 11         [12]  163 	jr	z, 00106$
                            164 ; common peephole 81 removed jp by using inverse jump logic
                            165 ; common peephole 159 removed unused label 00180$.
                            166 ;	skipping generated iCode
                            167 ;	skipping iCode since result will be rematerialized
                            168 ;	skipping iCode since result will be rematerialized
                            169 ;	skipping iCode since result will be rematerialized
                            170 ;	skipping iCode since result will be rematerialized
                            171 ;	skipping iCode since result will be rematerialized
                            172 ;	skipping iCode since result will be rematerialized
                            173 ;	genIpush
                            174 ;	genMove_o size 2 result type 2 source type 1 a_dead 1 hl_dead 1 de_dead 1 iy_dead 1 f_dead 1
   0033 21 28 00      [10]  175 	ld	hl, #0x0028
   0036 E5            [11]  176 	push	hl
                            177 ;	genIpush
                            178 ;	genMove_o size 2 result type 2 source type 7 a_dead 1 hl_dead 1 de_dead 1 iy_dead 1 f_dead 1
   0037 21r6Cs01      [10]  179 	ld	hl, #___str_2
   003A E5            [11]  180 	push	hl
                            181 ;	genSend
                            182 ;	genMove_o size 2 result type 2 source type 7 a_dead 1 hl_dead 1 de_dead 1 iy_dead 1 f_dead 1
   003B 11r96s01      [10]  183 	ld	de, #___str_3
                            184 ;	genSend
                            185 ;	genMove_o size 2 result type 2 source type 7 a_dead 1 hl_dead 1 de_dead 0 iy_dead 1 f_dead 1
   003E 21r45s01      [10]  186 	ld	hl, #___str_0
                            187 ;	genCall
   0041 CDr00s00      [17]  188 	call	___fail
                            189 ;	genLabel
   0044                     190 00106$:
                            191 ;cases/bitint/bitint_width_6_sign_signed.c:44: ASSERT(_Generic((_BitInt(4))(4) + (_BitInt(6))(6), default: 1, _BitInt(6): 0) == 0); // _BitInt does not promote to int, even when narrower than int.
                            192 ;	genPlus
                            193 ;	genMove_o size 2 result type 2 source type 10 a_dead 1 hl_dead 1 de_dead 1 iy_dead 1 f_dead 1
   0044 2Ar00s00      [16]  194 	ld	hl, (___numTests)
   0047 23            [ 6]  195 	inc	hl
                            196 ;	genMove_o size 2 result type 10 source type 2 a_dead 1 hl_dead 1 de_dead 1 iy_dead 1 f_dead 1
   0048 22r00s00      [16]  197 	ld	(___numTests), hl
                            198 ;cases/bitint/bitint_width_6_sign_signed.c:48: ASSERT(_Generic((_BitInt(4))(4) + (_BitInt(6))(300), default: 1, _BitInt(6): 0) == 0); // _BitInt does not promote to int, even when narrower than int.
                            199 ;	genPlus
                            200 ;	genMove_o size 2 result type 2 source type 10 a_dead 1 hl_dead 1 de_dead 1 iy_dead 1 f_dead 1
   004B 2Ar00s00      [16]  201 	ld	hl, (___numTests)
   004E 23            [ 6]  202 	inc	hl
                            203 ;	genMove_o size 2 result type 10 source type 2 a_dead 1 hl_dead 1 de_dead 1 iy_dead 1 f_dead 1
   004F 22r00s00      [16]  204 	ld	(___numTests), hl
                            205 ;cases/bitint/bitint_width_6_sign_signed.c:49: ASSERT(_Generic((_BitInt(4))(4) + 300, default: 1, int: 0) == 0); // But it does promote to int when the other operand is int.
                            206 ;	genPlus
                            207 ;	genMove_o size 2 result type 2 source type 10 a_dead 1 hl_dead 1 de_dead 1 iy_dead 1 f_dead 1
   0052 2Ar00s00      [16]  208 	ld	hl, (___numTests)
   0055 23            [ 6]  209 	inc	hl
                            210 ;	genMove_o size 2 result type 10 source type 2 a_dead 1 hl_dead 1 de_dead 1 iy_dead 1 f_dead 1
   0056 22r00s00      [16]  211 	ld	(___numTests), hl
                            212 ;cases/bitint/bitint_width_6_sign_signed.c:51: ASSERT(_Generic((_BitInt(CHAR_BIT * sizeof(int)))(4) + 300, default: 1, int: 0) == 0); // Even when both are the same size.
                            213 ;	genPlus
                            214 ;	genMove_o size 2 result type 2 source type 10 a_dead 1 hl_dead 1 de_dead 1 iy_dead 1 f_dead 1
   0059 2Ar00s00      [16]  215 	ld	hl, (___numTests)
   005C 23            [ 6]  216 	inc	hl
                            217 ;	genMove_o size 2 result type 10 source type 2 a_dead 1 hl_dead 1 de_dead 1 iy_dead 1 f_dead 1
   005D 22r00s00      [16]  218 	ld	(___numTests), hl
                            219 ;cases/bitint/bitint_width_6_sign_signed.c:57: ASSERT(_Generic(++b, default: 1, bitinttype: 0) == 0); // ++a is not the same a += 1, but a += (bitinttype)1.
                            220 ;	genPlus
                            221 ;	genMove_o size 2 result type 2 source type 10 a_dead 1 hl_dead 1 de_dead 1 iy_dead 1 f_dead 1
   0060 2Ar00s00      [16]  222 	ld	hl, (___numTests)
   0063 23            [ 6]  223 	inc	hl
                            224 ;	genMove_o size 2 result type 10 source type 2 a_dead 1 hl_dead 1 de_dead 1 iy_dead 1 f_dead 1
   0064 22r00s00      [16]  225 	ld	(___numTests), hl
                            226 ;cases/bitint/bitint_width_6_sign_signed.c:60: ASSERT((bitinttype)i == (bitinttype)42); // Explicit cast
                            227 ;	genPlus
                            228 ;	genMove_o size 2 result type 2 source type 10 a_dead 1 hl_dead 1 de_dead 1 iy_dead 1 f_dead 1
   0067 2Ar00s00      [16]  229 	ld	hl, (___numTests)
   006A 23            [ 6]  230 	inc	hl
                            231 ;	genMove_o size 2 result type 10 source type 2 a_dead 1 hl_dead 1 de_dead 1 iy_dead 1 f_dead 1
   006B 22r00s00      [16]  232 	ld	(___numTests), hl
                            233 ;	genCast
                            234 ;	genMove_o size 1 result type 2 source type 10 a_dead 1 hl_dead 1 de_dead 1 iy_dead 1 f_dead 1
   006E 3Ar00s00      [13]  235 	ld	a, (_i)
   0071 E6 3F         [ 7]  236 	and	a, #0x3f
   0073 CB 6F         [ 8]  237 	bit	5, a
                            238 ; common peephole 163 changed absolute to relative conditional jump.
   0075 28 02         [12]  239 	jr	z, 00181$
   0077 F6 C0         [ 7]  240 	or	a, #0xc0
   0079                     241 00181$:
                            242 ;	genCmpEq
   0079 FE EA         [ 7]  243 	cp	a, #0xea
                            244 ; common peephole 163 changed absolute to relative conditional jump.
   007B 28 11         [12]  245 	jr	z, 00108$
                            246 ; common peephole 81 removed jp by using inverse jump logic
                            247 ; common peephole 159 removed unused label 00182$.
                            248 ;	skipping generated iCode
                            249 ;	skipping iCode since result will be rematerialized
                            250 ;	skipping iCode since result will be rematerialized
                            251 ;	skipping iCode since result will be rematerialized
                            252 ;	skipping iCode since result will be rematerialized
                            253 ;	skipping iCode since result will be rematerialized
                            254 ;	skipping iCode since result will be rematerialized
                            255 ;	genIpush
                            256 ;	genMove_o size 2 result type 2 source type 1 a_dead 1 hl_dead 1 de_dead 1 iy_dead 1 f_dead 1
   007D 21 3C 00      [10]  257 	ld	hl, #0x003c
   0080 E5            [11]  258 	push	hl
                            259 ;	genIpush
                            260 ;	genMove_o size 2 result type 2 source type 7 a_dead 1 hl_dead 1 de_dead 1 iy_dead 1 f_dead 1
   0081 21r6Cs01      [10]  261 	ld	hl, #___str_2
   0084 E5            [11]  262 	push	hl
                            263 ;	genSend
                            264 ;	genMove_o size 2 result type 2 source type 7 a_dead 1 hl_dead 1 de_dead 1 iy_dead 1 f_dead 1
   0085 11rFBs02      [10]  265 	ld	de, #___str_9
                            266 ;	genSend
                            267 ;	genMove_o size 2 result type 2 source type 7 a_dead 1 hl_dead 1 de_dead 0 iy_dead 1 f_dead 1
   0088 21r45s01      [10]  268 	ld	hl, #___str_0
                            269 ;	genCall
   008B CDr00s00      [17]  270 	call	___fail
                            271 ;	genLabel
   008E                     272 00108$:
                            273 ;cases/bitint/bitint_width_6_sign_signed.c:61: b = i; // Implicit cast
                            274 ;	genCast
                            275 ;	genMove_o size 1 result type 2 source type 10 a_dead 1 hl_dead 1 de_dead 1 iy_dead 1 f_dead 1
   008E 3Ar00s00      [13]  276 	ld	a, (_i)
                            277 ; common peephole 9 loaded a from a directly instead of going through c.
                            278 ; common peephole 0a removed redundant load from a into a.
   0091 E6 3F         [ 7]  279 	and	a, #0x3f
   0093 CB 6F         [ 8]  280 	bit	5, a
                            281 ; common peephole 163 changed absolute to relative conditional jump.
   0095 28 02         [12]  282 	jr	z, 00183$
   0097 F6 C0         [ 7]  283 	or	a, #0xc0
   0099                     284 00183$:
   0099 4F            [ 4]  285 	ld	c, a
                            286 ;cases/bitint/bitint_width_6_sign_signed.c:62: ASSERT(b == (bitinttype)42);
                            287 ;	genPlus
                            288 ;	genMove_o size 2 result type 2 source type 10 a_dead 1 hl_dead 1 de_dead 1 iy_dead 1 f_dead 1
   009A 2Ar00s00      [16]  289 	ld	hl, (___numTests)
   009D 23            [ 6]  290 	inc	hl
                            291 ;	genMove_o size 2 result type 10 source type 2 a_dead 1 hl_dead 1 de_dead 1 iy_dead 1 f_dead 1
   009E 22r00s00      [16]  292 	ld	(___numTests), hl
                            293 ;	genCmpEq
                            294 ;	genMove_o size 1 result type 2 source type 2 a_dead 1 hl_dead 1 de_dead 0 iy_dead 0 f_dead 1
   00A1 79            [ 4]  295 	ld	a, c
                            296 ;	genMove_o size 0 result type 2 source type 1 a_dead 1 hl_dead 1 de_dead 0 iy_dead 0 f_dead 1
   00A2 D6 EA         [ 7]  297 	sub	a, #0xea
                            298 ; common peephole 163 changed absolute to relative conditional jump.
   00A4 28 11         [12]  299 	jr	z, 00110$
                            300 ; common peephole 81 removed jp by using inverse jump logic
                            301 ; common peephole 159 removed unused label 00184$.
                            302 ;	skipping generated iCode
                            303 ;	skipping iCode since result will be rematerialized
                            304 ;	skipping iCode since result will be rematerialized
                            305 ;	skipping iCode since result will be rematerialized
                            306 ;	skipping iCode since result will be rematerialized
                            307 ;	skipping iCode since result will be rematerialized
                            308 ;	skipping iCode since result will be rematerialized
                            309 ;	genIpush
                            310 ;	genMove_o size 2 result type 2 source type 1 a_dead 1 hl_dead 1 de_dead 1 iy_dead 1 f_dead 1
   00A6 21 3E 00      [10]  311 	ld	hl, #0x003e
   00A9 E5            [11]  312 	push	hl
                            313 ;	genIpush
                            314 ;	genMove_o size 2 result type 2 source type 7 a_dead 1 hl_dead 1 de_dead 1 iy_dead 1 f_dead 1
   00AA 21r6Cs01      [10]  315 	ld	hl, #___str_2
   00AD E5            [11]  316 	push	hl
                            317 ;	genSend
                            318 ;	genMove_o size 2 result type 2 source type 7 a_dead 1 hl_dead 1 de_dead 1 iy_dead 1 f_dead 1
   00AE 11r1Bs03      [10]  319 	ld	de, #___str_10
                            320 ;	genSend
                            321 ;	genMove_o size 2 result type 2 source type 7 a_dead 1 hl_dead 1 de_dead 0 iy_dead 1 f_dead 1
   00B1 21r45s01      [10]  322 	ld	hl, #___str_0
                            323 ;	genCall
   00B4 CDr00s00      [17]  324 	call	___fail
                            325 ;	genLabel
   00B7                     326 00110$:
                            327 ;cases/bitint/bitint_width_6_sign_signed.c:63: i = -23;
                            328 ;	genAssign
                            329 ;fetchPairLong
   00B7 21 E9 FF      [10]  330 	ld	hl, #0xffe9
                            331 ;	genMove_o size 2 result type 10 source type 2 a_dead 1 hl_dead 1 de_dead 1 iy_dead 1 f_dead 1
   00BA 22r00s00      [16]  332 	ld	(_i), hl
                            333 ;cases/bitint/bitint_width_6_sign_signed.c:64: b = i; // Implicit cast
                            334 ;	genCast
                            335 ;	genMove_o size 1 result type 2 source type 10 a_dead 1 hl_dead 1 de_dead 1 iy_dead 1 f_dead 1
   00BD 3Ar00s00      [13]  336 	ld	a, (_i)
                            337 ; common peephole 9 loaded a from a directly instead of going through c.
                            338 ; common peephole 0a removed redundant load from a into a.
   00C0 E6 3F         [ 7]  339 	and	a, #0x3f
   00C2 CB 6F         [ 8]  340 	bit	5, a
                            341 ; common peephole 163 changed absolute to relative conditional jump.
   00C4 28 02         [12]  342 	jr	z, 00185$
   00C6 F6 C0         [ 7]  343 	or	a, #0xc0
   00C8                     344 00185$:
   00C8 4F            [ 4]  345 	ld	c, a
                            346 ;cases/bitint/bitint_width_6_sign_signed.c:65: ASSERT(b == (bitinttype)-23);
                            347 ;	genPlus
                            348 ;	genMove_o size 2 result type 2 source type 10 a_dead 1 hl_dead 1 de_dead 1 iy_dead 1 f_dead 1
   00C9 2Ar00s00      [16]  349 	ld	hl, (___numTests)
   00CC 23            [ 6]  350 	inc	hl
                            351 ;	genMove_o size 2 result type 10 source type 2 a_dead 1 hl_dead 1 de_dead 1 iy_dead 1 f_dead 1
   00CD 22r00s00      [16]  352 	ld	(___numTests), hl
                            353 ;	genCmpEq
                            354 ;	genMove_o size 1 result type 2 source type 2 a_dead 1 hl_dead 1 de_dead 0 iy_dead 0 f_dead 1
   00D0 79            [ 4]  355 	ld	a, c
                            356 ;	genMove_o size 0 result type 2 source type 1 a_dead 1 hl_dead 1 de_dead 0 iy_dead 0 f_dead 1
   00D1 D6 E9         [ 7]  357 	sub	a, #0xe9
                            358 ; common peephole 163 changed absolute to relative conditional jump.
   00D3 28 11         [12]  359 	jr	z, 00112$
                            360 ; common peephole 81 removed jp by using inverse jump logic
                            361 ; common peephole 159 removed unused label 00186$.
                            362 ;	skipping generated iCode
                            363 ;	skipping iCode since result will be rematerialized
                            364 ;	skipping iCode since result will be rematerialized
                            365 ;	skipping iCode since result will be rematerialized
                            366 ;	skipping iCode since result will be rematerialized
                            367 ;	skipping iCode since result will be rematerialized
                            368 ;	skipping iCode since result will be rematerialized
                            369 ;	genIpush
                            370 ;	genMove_o size 2 result type 2 source type 1 a_dead 1 hl_dead 1 de_dead 1 iy_dead 1 f_dead 1
   00D5 21 41 00      [10]  371 	ld	hl, #0x0041
   00D8 E5            [11]  372 	push	hl
                            373 ;	genIpush
                            374 ;	genMove_o size 2 result type 2 source type 7 a_dead 1 hl_dead 1 de_dead 1 iy_dead 1 f_dead 1
   00D9 21r6Cs01      [10]  375 	ld	hl, #___str_2
   00DC E5            [11]  376 	push	hl
                            377 ;	genSend
                            378 ;	genMove_o size 2 result type 2 source type 7 a_dead 1 hl_dead 1 de_dead 1 iy_dead 1 f_dead 1
   00DD 11r2Fs03      [10]  379 	ld	de, #___str_11
                            380 ;	genSend
                            381 ;	genMove_o size 2 result type 2 source type 7 a_dead 1 hl_dead 1 de_dead 0 iy_dead 1 f_dead 1
   00E0 21r45s01      [10]  382 	ld	hl, #___str_0
                            383 ;	genCall
   00E3 CDr00s00      [17]  384 	call	___fail
                            385 ;	genLabel
   00E6                     386 00112$:
                            387 ;cases/bitint/bitint_width_6_sign_signed.c:68: ASSERT((bitinttype)ll == (bitinttype)42); // Explicit cast
                            388 ;	genPlus
                            389 ;	genMove_o size 2 result type 2 source type 10 a_dead 1 hl_dead 1 de_dead 1 iy_dead 1 f_dead 1
   00E6 2Ar00s00      [16]  390 	ld	hl, (___numTests)
   00E9 23            [ 6]  391 	inc	hl
                            392 ;	genMove_o size 2 result type 10 source type 2 a_dead 1 hl_dead 1 de_dead 1 iy_dead 1 f_dead 1
   00EA 22r00s00      [16]  393 	ld	(___numTests), hl
                            394 ;	genCast
                            395 ;	genMove_o size 1 result type 2 source type 10 a_dead 1 hl_dead 1 de_dead 1 iy_dead 1 f_dead 1
   00ED 3Ar02s00      [13]  396 	ld	a, (_ll)
   00F0 E6 3F         [ 7]  397 	and	a, #0x3f
   00F2 CB 6F         [ 8]  398 	bit	5, a
                            399 ; common peephole 163 changed absolute to relative conditional jump.
   00F4 28 02         [12]  400 	jr	z, 00187$
   00F6 F6 C0         [ 7]  401 	or	a, #0xc0
   00F8                     402 00187$:
                            403 ;	genCmpEq
   00F8 FE EA         [ 7]  404 	cp	a, #0xea
                            405 ; common peephole 163 changed absolute to relative conditional jump.
   00FA 28 11         [12]  406 	jr	z, 00114$
                            407 ; common peephole 81 removed jp by using inverse jump logic
                            408 ; common peephole 159 removed unused label 00188$.
                            409 ;	skipping generated iCode
                            410 ;	skipping iCode since result will be rematerialized
                            411 ;	skipping iCode since result will be rematerialized
                            412 ;	skipping iCode since result will be rematerialized
                            413 ;	skipping iCode since result will be rematerialized
                            414 ;	skipping iCode since result will be rematerialized
                            415 ;	skipping iCode since result will be rematerialized
                            416 ;	genIpush
                            417 ;	genMove_o size 2 result type 2 source type 1 a_dead 1 hl_dead 1 de_dead 1 iy_dead 1 f_dead 1
   00FC 21 44 00      [10]  418 	ld	hl, #0x0044
   00FF E5            [11]  419 	push	hl
                            420 ;	genIpush
                            421 ;	genMove_o size 2 result type 2 source type 7 a_dead 1 hl_dead 1 de_dead 1 iy_dead 1 f_dead 1
   0100 21r6Cs01      [10]  422 	ld	hl, #___str_2
   0103 E5            [11]  423 	push	hl
                            424 ;	genSend
                            425 ;	genMove_o size 2 result type 2 source type 7 a_dead 1 hl_dead 1 de_dead 1 iy_dead 1 f_dead 1
   0104 11r44s03      [10]  426 	ld	de, #___str_12
                            427 ;	genSend
                            428 ;	genMove_o size 2 result type 2 source type 7 a_dead 1 hl_dead 1 de_dead 0 iy_dead 1 f_dead 1
   0107 21r45s01      [10]  429 	ld	hl, #___str_0
                            430 ;	genCall
   010A CDr00s00      [17]  431 	call	___fail
                            432 ;	genLabel
   010D                     433 00114$:
                            434 ;cases/bitint/bitint_width_6_sign_signed.c:69: b = ll; // Implicit cast
                            435 ;	genCast
                            436 ;	genMove_o size 1 result type 2 source type 10 a_dead 1 hl_dead 1 de_dead 1 iy_dead 1 f_dead 1
   010D 3Ar02s00      [13]  437 	ld	a, (_ll)
                            438 ; common peephole 9 loaded a from a directly instead of going through c.
                            439 ; common peephole 0a removed redundant load from a into a.
   0110 E6 3F         [ 7]  440 	and	a, #0x3f
   0112 CB 6F         [ 8]  441 	bit	5, a
                            442 ; common peephole 163 changed absolute to relative conditional jump.
   0114 28 02         [12]  443 	jr	z, 00189$
   0116 F6 C0         [ 7]  444 	or	a, #0xc0
   0118                     445 00189$:
   0118 4F            [ 4]  446 	ld	c, a
                            447 ;cases/bitint/bitint_width_6_sign_signed.c:70: ASSERT(b == (bitinttype)42);
                            448 ;	genPlus
                            449 ;	genMove_o size 2 result type 2 source type 10 a_dead 1 hl_dead 1 de_dead 1 iy_dead 1 f_dead 1
   0119 2Ar00s00      [16]  450 	ld	hl, (___numTests)
   011C 23            [ 6]  451 	inc	hl
                            452 ;	genMove_o size 2 result type 10 source type 2 a_dead 1 hl_dead 1 de_dead 1 iy_dead 1 f_dead 1
   011D 22r00s00      [16]  453 	ld	(___numTests), hl
                            454 ;	genCmpEq
                            455 ;	genMove_o size 1 result type 2 source type 2 a_dead 1 hl_dead 1 de_dead 0 iy_dead 0 f_dead 1
   0120 79            [ 4]  456 	ld	a, c
                            457 ;	genMove_o size 0 result type 2 source type 1 a_dead 1 hl_dead 1 de_dead 0 iy_dead 0 f_dead 1
   0121 D6 EA         [ 7]  458 	sub	a, #0xea
                            459 ; common peephole 163 changed absolute to relative conditional jump.
   0123 28 11         [12]  460 	jr	z, 00116$
                            461 ; common peephole 81 removed jp by using inverse jump logic
                            462 ; common peephole 159 removed unused label 00190$.
                            463 ;	skipping generated iCode
                            464 ;	skipping iCode since result will be rematerialized
                            465 ;	skipping iCode since result will be rematerialized
                            466 ;	skipping iCode since result will be rematerialized
                            467 ;	skipping iCode since result will be rematerialized
                            468 ;	skipping iCode since result will be rematerialized
                            469 ;	skipping iCode since result will be rematerialized
                            470 ;	genIpush
                            471 ;	genMove_o size 2 result type 2 source type 1 a_dead 1 hl_dead 1 de_dead 1 iy_dead 1 f_dead 1
   0125 21 46 00      [10]  472 	ld	hl, #0x0046
   0128 E5            [11]  473 	push	hl
                            474 ;	genIpush
                            475 ;	genMove_o size 2 result type 2 source type 7 a_dead 1 hl_dead 1 de_dead 1 iy_dead 1 f_dead 1
   0129 21r6Cs01      [10]  476 	ld	hl, #___str_2
   012C E5            [11]  477 	push	hl
                            478 ;	genSend
                            479 ;	genMove_o size 2 result type 2 source type 7 a_dead 1 hl_dead 1 de_dead 1 iy_dead 1 f_dead 1
   012D 11r1Bs03      [10]  480 	ld	de, #___str_10
                            481 ;	genSend
                            482 ;	genMove_o size 2 result type 2 source type 7 a_dead 1 hl_dead 1 de_dead 0 iy_dead 1 f_dead 1
   0130 21r45s01      [10]  483 	ld	hl, #___str_0
                            484 ;	genCall
   0133 CDr00s00      [17]  485 	call	___fail
                            486 ;	genLabel
   0136                     487 00116$:
                            488 ;cases/bitint/bitint_width_6_sign_signed.c:76: ASSERT((unsigned _BitInt(6))((bitinttype)0x5aff) == b6); // Bug #3371 - both casts are done at compile time, results were different - left cast done on ast (ok), right on iCode (wrong on FreeBSD13 on aarch64).
                            489 ;	genPlus
                            490 ;	genMove_o size 2 result type 2 source type 10 a_dead 1 hl_dead 1 de_dead 1 iy_dead 1 f_dead 1
   0136 2Ar00s00      [16]  491 	ld	hl, (___numTests)
   0139 23            [ 6]  492 	inc	hl
                            493 ;	genMove_o size 2 result type 10 source type 2 a_dead 1 hl_dead 1 de_dead 1 iy_dead 1 f_dead 1
   013A 22r00s00      [16]  494 	ld	(___numTests), hl
                            495 ;cases/bitint/bitint_width_6_sign_signed.c:78: ASSERT((bitinttype)b6 == (bitinttype)(unsigned _BitInt(6))0x5aff);
                            496 ;	genPlus
                            497 ;	genMove_o size 2 result type 2 source type 10 a_dead 1 hl_dead 1 de_dead 1 iy_dead 1 f_dead 1
   013D 2Ar00s00      [16]  498 	ld	hl, (___numTests)
   0140 23            [ 6]  499 	inc	hl
                            500 ;	genMove_o size 2 result type 10 source type 2 a_dead 1 hl_dead 1 de_dead 1 iy_dead 1 f_dead 1
   0141 22r00s00      [16]  501 	ld	(___numTests), hl
                            502 ;	genLabel
                            503 ; common peephole 159 removed unused label 00101$.
                            504 ;cases/bitint/bitint_width_6_sign_signed.c:82: }
                            505 ;	genEndFunction
   0144 C9            [10]  506 	ret
                            507 ;	Total testBitInt function size at codegen: 1 bytes.
   0145                     508 ___str_0:
   0145 41 73 73 65 72 74   509 	.ascii "Assertion failed"
        69 6F 6E 20 66 61
        69 6C 65 64
   0155 00                  510 	.db 0x00
   0156                     511 ___str_1:
   0156 66 28 29 20 3D 3D   512 	.ascii "f() == (bitinttype)42"
        20 28 62 69 74 69
        6E 74 74 79 70 65
        29 34 32
   016B 00                  513 	.db 0x00
   016C                     514 ___str_2:
   016C 63 61 73 65 73 2F   515 	.ascii "cases/bitint/bitint_width_6_sign_signed.c"
        62 69 74 69 6E 74
        2F 62 69 74 69 6E
        74 5F 77 69 64 74
        68 5F 36 5F 73 69
        67 6E 5F 73 69 67
        6E 65 64 2E 63
   0195 00                  516 	.db 0x00
   0196                     517 ___str_3:
   0196 67 28 30 29 20 3D   518 	.ascii "g(0) == (bitinttype)1"
        3D 20 28 62 69 74
        69 6E 74 74 79 70
        65 29 31
   01AB 00                  519 	.db 0x00
   01AC                     520 __str_4:
   01AC 5F 47 65 6E 65 72   521 	.ascii "_Generic((_BitInt(4))(4) + (_BitInt(6))(6), default: 1, _Bit"
        69 63 28 28 5F 42
        69 74 49 6E 74 28
        34 29 29 28 34 29
        20 2B 20 28 5F 42
        69 74 49 6E 74 28
        36 29 29 28 36 29
        2C 20 64 65 66 61
        75 6C 74 3A 20 31
        2C 20 5F 42 69 74
   01E8 49 6E 74 28 36 29   522 	.ascii "Int(6): 0) == 0"
        3A 20 30 29 20 3D
        3D 20 30
   01F7 00                  523 	.db 0x00
   01F8                     524 __str_5:
   01F8 5F 47 65 6E 65 72   525 	.ascii "_Generic((_BitInt(4))(4) + (_BitInt(6))(300), default: 1, _B"
        69 63 28 28 5F 42
        69 74 49 6E 74 28
        34 29 29 28 34 29
        20 2B 20 28 5F 42
        69 74 49 6E 74 28
        36 29 29 28 33 30
        30 29 2C 20 64 65
        66 61 75 6C 74 3A
        20 31 2C 20 5F 42
   0234 69 74 49 6E 74 28   526 	.ascii "itInt(6): 0) == 0"
        36 29 3A 20 30 29
        20 3D 3D 20 30
   0245 00                  527 	.db 0x00
   0246                     528 __str_6:
   0246 5F 47 65 6E 65 72   529 	.ascii "_Generic((_BitInt(4))(4) + 300, default: 1, int: 0) == 0"
        69 63 28 28 5F 42
        69 74 49 6E 74 28
        34 29 29 28 34 29
        20 2B 20 33 30 30
        2C 20 64 65 66 61
        75 6C 74 3A 20 31
        2C 20 69 6E 74 3A
        20 30 29 20 3D 3D
        20 30
   027E 00                  530 	.db 0x00
   027F                     531 __str_7:
   027F 5F 47 65 6E 65 72   532 	.ascii "_Generic((_BitInt(CHAR_BIT * sizeof(int)))(4) + 300, default"
        69 63 28 28 5F 42
        69 74 49 6E 74 28
        43 48 41 52 5F 42
        49 54 20 2A 20 73
        69 7A 65 6F 66 28
        69 6E 74 29 29 29
        28 34 29 20 2B 20
        33 30 30 2C 20 64
        65 66 61 75 6C 74
   02BB 3A 20 31 2C 20 69   533 	.ascii ": 1, int: 0) == 0"
        6E 74 3A 20 30 29
        20 3D 3D 20 30
   02CC 00                  534 	.db 0x00
   02CD                     535 __str_8:
   02CD 5F 47 65 6E 65 72   536 	.ascii "_Generic(++b, default: 1, bitinttype: 0) == 0"
        69 63 28 2B 2B 62
        2C 20 64 65 66 61
        75 6C 74 3A 20 31
        2C 20 62 69 74 69
        6E 74 74 79 70 65
        3A 20 30 29 20 3D
        3D 20 30
   02FA 00                  537 	.db 0x00
   02FB                     538 ___str_9:
   02FB 28 62 69 74 69 6E   539 	.ascii "(bitinttype)i == (bitinttype)42"
        74 74 79 70 65 29
        69 20 3D 3D 20 28
        62 69 74 69 6E 74
        74 79 70 65 29 34
        32
   031A 00                  540 	.db 0x00
   031B                     541 ___str_10:
   031B 62 20 3D 3D 20 28   542 	.ascii "b == (bitinttype)42"
        62 69 74 69 6E 74
        74 79 70 65 29 34
        32
   032E 00                  543 	.db 0x00
   032F                     544 ___str_11:
   032F 62 20 3D 3D 20 28   545 	.ascii "b == (bitinttype)-23"
        62 69 74 69 6E 74
        74 79 70 65 29 2D
        32 33
   0343 00                  546 	.db 0x00
   0344                     547 ___str_12:
   0344 28 62 69 74 69 6E   548 	.ascii "(bitinttype)ll == (bitinttype)42"
        74 74 79 70 65 29
        6C 6C 20 3D 3D 20
        28 62 69 74 69 6E
        74 74 79 70 65 29
        34 32
   0364 00                  549 	.db 0x00
   0365                     550 ___str_13:
   0365 28 75 6E 73 69 67   551 	.ascii "(unsigned _BitInt(6))((bitinttype)0x5aff) == b6"
        6E 65 64 20 5F 42
        69 74 49 6E 74 28
        36 29 29 28 28 62
        69 74 69 6E 74 74
        79 70 65 29 30 78
        35 61 66 66 29 20
        3D 3D 20 62 36
   0394 00                  552 	.db 0x00
   0395                     553 ___str_14:
   0395 28 62 69 74 69 6E   554 	.ascii "(bitinttype)b6 == (bitinttype)(unsigned _BitInt(6))0x5aff"
        74 74 79 70 65 29
        62 36 20 3D 3D 20
        28 62 69 74 69 6E
        74 74 79 70 65 29
        28 75 6E 73 69 67
        6E 65 64 20 5F 42
        69 74 49 6E 74 28
        36 29 29 30 78 35
        61 66 66
   03CE 00                  555 	.db 0x00
                            556 ;cases/bitint/bitint_width_6_sign_signed.c:86: __runSuite(void)
                            557 ;	genLabel
                            558 ;	genFunction
                            559 ;	---------------------------------
                            560 ; Function __runSuite
                            561 ; ---------------------------------
                            562 ;	Register assignment is optimal.
                            563 ; Stack space usage: 0 bytes.
   03CF                     564 ___runSuite::
                            565 ;cases/bitint/bitint_width_6_sign_signed.c:88: __prints("Running testBitInt\n");
                            566 ;	skipping iCode since result will be rematerialized
                            567 ;	skipping iCode since result will be rematerialized
                            568 ;	genSend
                            569 ;	genMove_o size 2 result type 2 source type 7 a_dead 1 hl_dead 1 de_dead 1 iy_dead 1 f_dead 1
   03CF 21rD8s03      [10]  570 	ld	hl, #___str_15
                            571 ;	genCall
   03D2 CDr00s00      [17]  572 	call	___prints
                            573 ;cases/bitint/bitint_width_6_sign_signed.c:89: testBitInt();
                            574 ;	genCall
                            575 ;	genLabel
                            576 ; common peephole 159 removed unused label 00101$.
                            577 ;cases/bitint/bitint_width_6_sign_signed.c:90: }
                            578 ;	genEndFunction
   03D5 C3r05s00      [10]  579 	jp	_testBitInt
                            580 ; common peephole 152 removed unused ret.
                            581 ;	Total __runSuite function size at codegen: 1 bytes.
   03D8                     582 ___str_15:
   03D8 52 75 6E 6E 69 6E   583 	.ascii "Running testBitInt"
        67 20 74 65 73 74
        42 69 74 49 6E 74
   03EA 0A                  584 	.db 0x0a
   03EB 00                  585 	.db 0x00
                            586 ;cases/bitint/bitint_width_6_sign_signed.c:95: __getSuiteName(void)
                            587 ;	genLabel
                            588 ;	genFunction
                            589 ;	---------------------------------
                            590 ; Function __getSuiteName
                            591 ; ---------------------------------
                            592 ;	Register assignment is optimal.
                            593 ; Stack space usage: 0 bytes.
   03EC                     594 ___getSuiteName::
                            595 ;cases/bitint/bitint_width_6_sign_signed.c:97: return "bitint_width_6_sign_signed";
                            596 ;	skipping iCode since result will be rematerialized
                            597 ;	skipping iCode since result will be rematerialized
                            598 ;	genRet
                            599 ;	genMove_o size 2 result type 2 source type 7 a_dead 1 hl_dead 1 de_dead 1 iy_dead 1 f_dead 1
   03EC 11rF2s03      [10]  600 	ld	de, #___str_16
                            601 ;	genLabel
                            602 ; common peephole 159 removed unused label 00101$.
                            603 ;cases/bitint/bitint_width_6_sign_signed.c:98: }
                            604 ;	genEndFunction
   03EF C9            [10]  605 	ret
                            606 ;	Total __getSuiteName function size at codegen: 1 bytes.
   03F0                     607 ___numCases:
   03F0 01 00               608 	.dw #0x0001
   03F2                     609 ___str_16:
   03F2 62 69 74 69 6E 74   610 	.ascii "bitint_width_6_sign_signed"
        5F 77 69 64 74 68
        5F 36 5F 73 69 67
        6E 5F 73 69 67 6E
        65 64
   040C 00                  611 	.db 0x00
                            612 	.area _CODE (BANK=_CSEG)
                            613 	.area _INITIALIZER
   0000                     614 __xinit__i:
   0000 2A 00               615 	.dw #0x002a
   0002                     616 __xinit__ll:
   0002 2A 00 00 00 00 00   617 	.byte #0x2a, #0x00, #0x00, #0x00, #0x00, #0x00, #0x00, #0x00
        00 00
                            618 	.area _CABS (ABS)
