                              1 ;--------------------------------------------------------
                              2 ; File Created by SDCC : free open source ISO C Compiler
                              3 ; Version 4.6.2 #16710 (Linux)
                              4 ;--------------------------------------------------------
                              5 	.module bug_3040_type_signed_int
                              6 	
                              7 ;--------------------------------------------------------
                              8 ; Public variables in this module
                              9 ;--------------------------------------------------------
                             10 	.globl _testBug
                             11 	.globl _g
                             12 	.globl _f
                             13 	.globl ___prints
                             14 	.globl ___fail
                             15 	.globl ___numCases
                             16 	.globl ___runSuite
                             17 	.globl ___getSuiteName
                             18 ;--------------------------------------------------------
                             19 ; special function registers
                             20 ;--------------------------------------------------------
                             21 ;--------------------------------------------------------
                             22 ; ram data
                             23 ;--------------------------------------------------------
                             24 	.area _DATA (BANK=_DSEG)
                             25 ;--------------------------------------------------------
                             26 ; ram data
                             27 ;--------------------------------------------------------
                             28 	.area _INITIALIZED
                             29 ;--------------------------------------------------------
                             30 ; absolute ram data
                             31 ;--------------------------------------------------------
                             32 	.area _DABS (ABS)
                             33 	.area _DABS (ABS)
                             34 ;--------------------------------------------------------
                             35 ; global & static initialisations
                             36 ;--------------------------------------------------------
                             37 	.area _HOME
                             38 	.area _GSINIT
                             39 	.area _GSFINAL
                             40 	.area _GSINIT
                             41 ;--------------------------------------------------------
                             42 ; Home
                             43 ;--------------------------------------------------------
                             44 	.area _HOME (BANK=_CSEG)
                             45 	.area _HOME (BANK=_CSEG)
                             46 ;--------------------------------------------------------
                             47 ; code
                             48 ;--------------------------------------------------------
                             49 	.area _CODE (BANK=_CSEG)
                             50 ;cases/bug-3040/bug-3040_type_signed_int.c:7: signed int f(void)
                             51 ;	genLabel
                             52 ;	genFunction
                             53 ;	---------------------------------
                             54 ; Function f
                             55 ; ---------------------------------
                             56 ;	Register assignment is optimal.
                             57 ; Stack space usage: 0 bytes.
   0000                      58 _f::
                             59 ;cases/bug-3040/bug-3040_type_signed_int.c:11: return a + b;
                             60 ;	genRet
                             61 ;	genMove_o size 2 result type 2 source type 1 a_dead 1 hl_dead 1 de_dead 1 iy_dead 1 f_dead 1
   0000 11 00 00      [10]   62 	ld	de, #0x0000
                             63 ;	genLabel
                             64 ; common peephole 159 removed unused label 00101$.
                             65 ;cases/bug-3040/bug-3040_type_signed_int.c:12: }
                             66 ;	genEndFunction
   0003 C9            [10]   67 	ret
                             68 ;	Total f function size at codegen: 1 bytes.
   0004                      69 _f_a_10000_13:
   0004 00 00                70 	.dw #0x0000
   0006                      71 _f_b_10000_13:
   0006 00 00                72 	.dw #0x0000
                             73 ;cases/bug-3040/bug-3040_type_signed_int.c:14: signed int g(void)
                             74 ;	genLabel
                             75 ;	genFunction
                             76 ;	---------------------------------
                             77 ; Function g
                             78 ; ---------------------------------
                             79 ;	Register assignment is optimal.
                             80 ; Stack space usage: 0 bytes.
   0008                      81 _g::
                             82 ;cases/bug-3040/bug-3040_type_signed_int.c:18: return a - b;
                             83 ;	genRet
                             84 ;	genMove_o size 2 result type 2 source type 1 a_dead 1 hl_dead 1 de_dead 1 iy_dead 1 f_dead 1
   0008 11 00 00      [10]   85 	ld	de, #0x0000
                             86 ;	genLabel
                             87 ; common peephole 159 removed unused label 00101$.
                             88 ;cases/bug-3040/bug-3040_type_signed_int.c:19: }
                             89 ;	genEndFunction
   000B C9            [10]   90 	ret
                             91 ;	Total g function size at codegen: 1 bytes.
   000C                      92 _g_a_10000_15:
   000C 00 00                93 	.dw #0x0000
   000E                      94 _g_b_10000_15:
   000E 00 00                95 	.dw #0x0000
                             96 ;cases/bug-3040/bug-3040_type_signed_int.c:21: void testBug(void)
                             97 ;	genLabel
                             98 ;	genFunction
                             99 ;	---------------------------------
                            100 ; Function testBug
                            101 ; ---------------------------------
                            102 ;	Register assignment might be sub-optimal.
                            103 ; Stack space usage: 0 bytes.
   0010                     104 _testBug::
                            105 ;cases/bug-3040/bug-3040_type_signed_int.c:23: ASSERT(!f());
                            106 ;	genPlus
                            107 ;	genMove_o size 2 result type 2 source type 10 a_dead 1 hl_dead 1 de_dead 1 iy_dead 1 f_dead 1
   0010 2Ar00s00      [16]  108 	ld	hl, (___numTests)
   0013 23            [ 6]  109 	inc	hl
                            110 ;	genMove_o size 2 result type 10 source type 2 a_dead 1 hl_dead 1 de_dead 1 iy_dead 1 f_dead 1
   0014 22r00s00      [16]  111 	ld	(___numTests), hl
                            112 ;	genCall
   0017 CDr00s00      [17]  113 	call	_f
                            114 ;	genMove_o size 2 result type 2 source type 2 a_dead 1 hl_dead 1 de_dead 1 iy_dead 1 f_dead 1
                            115 ;	genIfx
   001A 7A            [ 4]  116 	ld	a, d
   001B B3            [ 4]  117 	or	a, e
   001C C8            [11]  118 	ret	z
                            119 ; common peephole 161 replaced jump by return.
                            120 ;	skipping iCode since result will be rematerialized
                            121 ;	skipping iCode since result will be rematerialized
                            122 ;	skipping iCode since result will be rematerialized
                            123 ;	skipping iCode since result will be rematerialized
                            124 ;	skipping iCode since result will be rematerialized
                            125 ;	skipping iCode since result will be rematerialized
                            126 ;	genIpush
                            127 ;	genMove_o size 2 result type 2 source type 1 a_dead 1 hl_dead 1 de_dead 1 iy_dead 1 f_dead 1
   001D 21 17 00      [10]  128 	ld	hl, #0x0017
   0020 E5            [11]  129 	push	hl
                            130 ;	genIpush
                            131 ;	genMove_o size 2 result type 2 source type 7 a_dead 1 hl_dead 1 de_dead 1 iy_dead 1 f_dead 1
   0021 21r45s00      [10]  132 	ld	hl, #___str_2
   0024 E5            [11]  133 	push	hl
                            134 ;	genSend
                            135 ;	genMove_o size 2 result type 2 source type 7 a_dead 1 hl_dead 1 de_dead 1 iy_dead 1 f_dead 1
   0025 11r40s00      [10]  136 	ld	de, #___str_1
                            137 ;	genSend
                            138 ;	genMove_o size 2 result type 2 source type 7 a_dead 1 hl_dead 1 de_dead 0 iy_dead 1 f_dead 1
   0028 21r2Fs00      [10]  139 	ld	hl, #___str_0
                            140 ;	genCall
   002B CDr00s00      [17]  141 	call	___fail
                            142 ;	genLabel
                            143 ; common peephole 159 removed unused label 00101$.
                            144 ;cases/bug-3040/bug-3040_type_signed_int.c:24: }
                            145 ;	genEndFunction
   002E C9            [10]  146 	ret
                            147 ;	Total testBug function size at codegen: 1 bytes.
   002F                     148 ___str_0:
   002F 41 73 73 65 72 74   149 	.ascii "Assertion failed"
        69 6F 6E 20 66 61
        69 6C 65 64
   003F 00                  150 	.db 0x00
   0040                     151 ___str_1:
   0040 21 66 28 29         152 	.ascii "!f()"
   0044 00                  153 	.db 0x00
   0045                     154 ___str_2:
   0045 63 61 73 65 73 2F   155 	.ascii "cases/bug-3040/bug-3040_type_signed_int.c"
        62 75 67 2D 33 30
        34 30 2F 62 75 67
        2D 33 30 34 30 5F
        74 79 70 65 5F 73
        69 67 6E 65 64 5F
        69 6E 74 2E 63
   006E 00                  156 	.db 0x00
                            157 ;cases/bug-3040/bug-3040_type_signed_int.c:28: __runSuite(void)
                            158 ;	genLabel
                            159 ;	genFunction
                            160 ;	---------------------------------
                            161 ; Function __runSuite
                            162 ; ---------------------------------
                            163 ;	Register assignment is optimal.
                            164 ; Stack space usage: 0 bytes.
   006F                     165 ___runSuite::
                            166 ;cases/bug-3040/bug-3040_type_signed_int.c:30: __prints("Running testBug\n");
                            167 ;	skipping iCode since result will be rematerialized
                            168 ;	skipping iCode since result will be rematerialized
                            169 ;	genSend
                            170 ;	genMove_o size 2 result type 2 source type 7 a_dead 1 hl_dead 1 de_dead 1 iy_dead 1 f_dead 1
   006F 21r78s00      [10]  171 	ld	hl, #___str_3
                            172 ;	genCall
   0072 CDr00s00      [17]  173 	call	___prints
                            174 ;cases/bug-3040/bug-3040_type_signed_int.c:31: testBug();
                            175 ;	genCall
                            176 ;	genLabel
                            177 ; common peephole 159 removed unused label 00101$.
                            178 ;cases/bug-3040/bug-3040_type_signed_int.c:32: }
                            179 ;	genEndFunction
   0075 C3r10s00      [10]  180 	jp	_testBug
                            181 ; common peephole 152 removed unused ret.
                            182 ;	Total __runSuite function size at codegen: 1 bytes.
   0078                     183 ___str_3:
   0078 52 75 6E 6E 69 6E   184 	.ascii "Running testBug"
        67 20 74 65 73 74
        42 75 67
   0087 0A                  185 	.db 0x0a
   0088 00                  186 	.db 0x00
                            187 ;cases/bug-3040/bug-3040_type_signed_int.c:37: __getSuiteName(void)
                            188 ;	genLabel
                            189 ;	genFunction
                            190 ;	---------------------------------
                            191 ; Function __getSuiteName
                            192 ; ---------------------------------
                            193 ;	Register assignment is optimal.
                            194 ; Stack space usage: 0 bytes.
   0089                     195 ___getSuiteName::
                            196 ;cases/bug-3040/bug-3040_type_signed_int.c:39: return "bug-3040_type_signed_int";
                            197 ;	skipping iCode since result will be rematerialized
                            198 ;	skipping iCode since result will be rematerialized
                            199 ;	genRet
                            200 ;	genMove_o size 2 result type 2 source type 7 a_dead 1 hl_dead 1 de_dead 1 iy_dead 1 f_dead 1
   0089 11r8Fs00      [10]  201 	ld	de, #___str_4
                            202 ;	genLabel
                            203 ; common peephole 159 removed unused label 00101$.
                            204 ;cases/bug-3040/bug-3040_type_signed_int.c:40: }
                            205 ;	genEndFunction
   008C C9            [10]  206 	ret
                            207 ;	Total __getSuiteName function size at codegen: 1 bytes.
   008D                     208 ___numCases:
   008D 01 00               209 	.dw #0x0001
   008F                     210 ___str_4:
   008F 62 75 67 2D 33 30   211 	.ascii "bug-3040_type_signed_int"
        34 30 5F 74 79 70
        65 5F 73 69 67 6E
        65 64 5F 69 6E 74
   00A7 00                  212 	.db 0x00
                            213 	.area _CODE (BANK=_CSEG)
                            214 	.area _INITIALIZER
                            215 	.area _CABS (ABS)
