                              1 ;--------------------------------------------------------
                              2 ; File Created by SDCC : free open source ISO C Compiler
                              3 ; Version 4.6.2 #16710 (Linux)
                              4 ;--------------------------------------------------------
                              5 	.module uminus_lefttype_short_resulttype_short_storage_static_attr_none
                              6 	
                              7 ;--------------------------------------------------------
                              8 ; Public variables in this module
                              9 ;--------------------------------------------------------
                             10 	.globl _testUMinus
                             11 	.globl ___prints
                             12 	.globl ___numCases
                             13 	.globl ___runSuite
                             14 	.globl ___getSuiteName
                             15 ;--------------------------------------------------------
                             16 ; special function registers
                             17 ;--------------------------------------------------------
                             18 ;--------------------------------------------------------
                             19 ; ram data
                             20 ;--------------------------------------------------------
                             21 	.area _DATA (BANK=_DSEG)
   0000                      22 _testUMinus_left_10000_13:
   0000                      23 	.ds 2
   0002                      24 _testUMinus_result_10000_13:
   0002                      25 	.ds 2
                             26 ;--------------------------------------------------------
                             27 ; ram data
                             28 ;--------------------------------------------------------
                             29 	.area _INITIALIZED
                             30 ;--------------------------------------------------------
                             31 ; absolute ram data
                             32 ;--------------------------------------------------------
                             33 	.area _DABS (ABS)
                             34 	.area _DABS (ABS)
                             35 ;--------------------------------------------------------
                             36 ; global & static initialisations
                             37 ;--------------------------------------------------------
                             38 	.area _HOME
                             39 	.area _GSINIT
                             40 	.area _GSFINAL
                             41 	.area _GSINIT
                             42 ;--------------------------------------------------------
                             43 ; Home
                             44 ;--------------------------------------------------------
                             45 	.area _HOME (BANK=_CSEG)
                             46 	.area _HOME (BANK=_CSEG)
                             47 ;--------------------------------------------------------
                             48 ; code
                             49 ;--------------------------------------------------------
                             50 	.area _CODE (BANK=_CSEG)
                             51 ;cases/uminus/uminus_lefttype_short_resulttype_short_storage_static_attr_none.c:11: testUMinus(void)
                             52 ;	genLabel
                             53 ;	genFunction
                             54 ;	---------------------------------
                             55 ; Function testUMinus
                             56 ; ---------------------------------
                             57 ;	Register assignment is optimal.
                             58 ; Stack space usage: 0 bytes.
   0000                      59 _testUMinus::
                             60 ;cases/uminus/uminus_lefttype_short_resulttype_short_storage_static_attr_none.c:19: ASSERT(result == -53);
                             61 ;	genPlus
                             62 ;	genMove_o size 2 result type 2 source type 10 a_dead 1 hl_dead 1 de_dead 1 iy_dead 1 f_dead 1
   0000 2Ar00s00      [16]   63 	ld	hl, (___numTests)
   0003 23            [ 6]   64 	inc	hl
                             65 ;	genMove_o size 2 result type 10 source type 2 a_dead 1 hl_dead 1 de_dead 1 iy_dead 1 f_dead 1
   0004 22r00s00      [16]   66 	ld	(___numTests), hl
                             67 ;cases/uminus/uminus_lefttype_short_resulttype_short_storage_static_attr_none.c:21: left = -76;
                             68 ;	genAssign
                             69 ;fetchPairLong
   0007 21 B4 FF      [10]   70 	ld	hl, #0xffb4
                             71 ;	genMove_o size 2 result type 10 source type 2 a_dead 1 hl_dead 1 de_dead 1 iy_dead 1 f_dead 1
   000A 22r00s00      [16]   72 	ld	(_testUMinus_left_10000_13), hl
                             73 ;cases/uminus/uminus_lefttype_short_resulttype_short_storage_static_attr_none.c:22: result = -left;
                             74 ;	genAssign
                             75 ;fetchPairLong
   000D 21 4C 00      [10]   76 	ld	hl, #0x004c
                             77 ;	genMove_o size 2 result type 10 source type 2 a_dead 1 hl_dead 1 de_dead 1 iy_dead 1 f_dead 1
   0010 22r02s00      [16]   78 	ld	(_testUMinus_result_10000_13), hl
                             79 ;cases/uminus/uminus_lefttype_short_resulttype_short_storage_static_attr_none.c:24: ASSERT(result == 76);
                             80 ;	genPlus
                             81 ;	genMove_o size 2 result type 2 source type 10 a_dead 1 hl_dead 1 de_dead 1 iy_dead 1 f_dead 1
   0013 2Ar00s00      [16]   82 	ld	hl, (___numTests)
   0016 23            [ 6]   83 	inc	hl
                             84 ;	genMove_o size 2 result type 10 source type 2 a_dead 1 hl_dead 1 de_dead 1 iy_dead 1 f_dead 1
   0017 22r00s00      [16]   85 	ld	(___numTests), hl
                             86 ;	genLabel
                             87 ; common peephole 159 removed unused label 00101$.
                             88 ;cases/uminus/uminus_lefttype_short_resulttype_short_storage_static_attr_none.c:25: }
                             89 ;	genEndFunction
   001A C9            [10]   90 	ret
                             91 ;	Total testUMinus function size at codegen: 1 bytes.
   001B                      92 ___str_0:
   001B 41 73 73 65 72 74    93 	.ascii "Assertion failed"
        69 6F 6E 20 66 61
        69 6C 65 64
   002B 00                   94 	.db 0x00
   002C                      95 ___str_1:
   002C 72 65 73 75 6C 74    96 	.ascii "result == -53"
        20 3D 3D 20 2D 35
        33
   0039 00                   97 	.db 0x00
   003A                      98 ___str_2:
   003A 63 61 73 65 73 2F    99 	.ascii "cases/uminus/uminus_lefttype_short_resulttype_short_storage_"
        75 6D 69 6E 75 73
        2F 75 6D 69 6E 75
        73 5F 6C 65 66 74
        74 79 70 65 5F 73
        68 6F 72 74 5F 72
        65 73 75 6C 74 74
        79 70 65 5F 73 68
        6F 72 74 5F 73 74
        6F 72 61 67 65 5F
   0076 73 74 61 74 69 63   100 	.ascii "static_attr_none.c"
        5F 61 74 74 72 5F
        6E 6F 6E 65 2E 63
   0088 00                  101 	.db 0x00
   0089                     102 ___str_3:
   0089 72 65 73 75 6C 74   103 	.ascii "result == 76"
        20 3D 3D 20 37 36
   0095 00                  104 	.db 0x00
                            105 ;cases/uminus/uminus_lefttype_short_resulttype_short_storage_static_attr_none.c:28: __runSuite(void)
                            106 ;	genLabel
                            107 ;	genFunction
                            108 ;	---------------------------------
                            109 ; Function __runSuite
                            110 ; ---------------------------------
                            111 ;	Register assignment is optimal.
                            112 ; Stack space usage: 0 bytes.
   0096                     113 ___runSuite::
                            114 ;cases/uminus/uminus_lefttype_short_resulttype_short_storage_static_attr_none.c:30: __prints("Running testUMinus\n");
                            115 ;	skipping iCode since result will be rematerialized
                            116 ;	skipping iCode since result will be rematerialized
                            117 ;	genSend
                            118 ;	genMove_o size 2 result type 2 source type 7 a_dead 1 hl_dead 1 de_dead 1 iy_dead 1 f_dead 1
   0096 21r9Fs00      [10]  119 	ld	hl, #___str_4
                            120 ;	genCall
   0099 CDr00s00      [17]  121 	call	___prints
                            122 ;cases/uminus/uminus_lefttype_short_resulttype_short_storage_static_attr_none.c:31: testUMinus();
                            123 ;	genCall
                            124 ;	genLabel
                            125 ; common peephole 159 removed unused label 00101$.
                            126 ;cases/uminus/uminus_lefttype_short_resulttype_short_storage_static_attr_none.c:32: }
                            127 ;	genEndFunction
   009C C3r00s00      [10]  128 	jp	_testUMinus
                            129 ; common peephole 152 removed unused ret.
                            130 ;	Total __runSuite function size at codegen: 1 bytes.
   009F                     131 ___str_4:
   009F 52 75 6E 6E 69 6E   132 	.ascii "Running testUMinus"
        67 20 74 65 73 74
        55 4D 69 6E 75 73
   00B1 0A                  133 	.db 0x0a
   00B2 00                  134 	.db 0x00
                            135 ;cases/uminus/uminus_lefttype_short_resulttype_short_storage_static_attr_none.c:37: __getSuiteName(void)
                            136 ;	genLabel
                            137 ;	genFunction
                            138 ;	---------------------------------
                            139 ; Function __getSuiteName
                            140 ; ---------------------------------
                            141 ;	Register assignment is optimal.
                            142 ; Stack space usage: 0 bytes.
   00B3                     143 ___getSuiteName::
                            144 ;cases/uminus/uminus_lefttype_short_resulttype_short_storage_static_attr_none.c:39: return "uminus_lefttype_short_resulttype_short_storage_static_attr_none";
                            145 ;	skipping iCode since result will be rematerialized
                            146 ;	skipping iCode since result will be rematerialized
                            147 ;	genRet
                            148 ;	genMove_o size 2 result type 2 source type 7 a_dead 1 hl_dead 1 de_dead 1 iy_dead 1 f_dead 1
   00B3 11rB9s00      [10]  149 	ld	de, #___str_5
                            150 ;	genLabel
                            151 ; common peephole 159 removed unused label 00101$.
                            152 ;cases/uminus/uminus_lefttype_short_resulttype_short_storage_static_attr_none.c:40: }
                            153 ;	genEndFunction
   00B6 C9            [10]  154 	ret
                            155 ;	Total __getSuiteName function size at codegen: 1 bytes.
   00B7                     156 ___numCases:
   00B7 01 00               157 	.dw #0x0001
   00B9                     158 ___str_5:
   00B9 75 6D 69 6E 75 73   159 	.ascii "uminus_lefttype_short_resulttype_short_storage_static_attr_n"
        5F 6C 65 66 74 74
        79 70 65 5F 73 68
        6F 72 74 5F 72 65
        73 75 6C 74 74 79
        70 65 5F 73 68 6F
        72 74 5F 73 74 6F
        72 61 67 65 5F 73
        74 61 74 69 63 5F
        61 74 74 72 5F 6E
   00F5 6F 6E 65            160 	.ascii "one"
   00F8 00                  161 	.db 0x00
                            162 	.area _CODE (BANK=_CSEG)
                            163 	.area _INITIALIZER
                            164 	.area _CABS (ABS)
