                              1 ;--------------------------------------------------------
                              2 ; File Created by SDCC : free open source ISO C Compiler
                              3 ; Version 4.6.2 #16710 (Linux)
                              4 ;--------------------------------------------------------
                              5 	.module uminus_lefttype_long_resulttype_short_storage_none_attr_volatile
                              6 	
                              7 ;--------------------------------------------------------
                              8 ; Public variables in this module
                              9 ;--------------------------------------------------------
                             10 	.globl _testUMinus
                             11 	.globl ___prints
                             12 	.globl ___fail
                             13 	.globl ___numCases
                             14 	.globl ___runSuite
                             15 	.globl ___getSuiteName
                             16 ;--------------------------------------------------------
                             17 ; special function registers
                             18 ;--------------------------------------------------------
                             19 ;--------------------------------------------------------
                             20 ; ram data
                             21 ;--------------------------------------------------------
                             22 	.area _DATA (BANK=_DSEG)
                             23 ;--------------------------------------------------------
                             24 ; ram data
                             25 ;--------------------------------------------------------
                             26 	.area _INITIALIZED
                             27 ;--------------------------------------------------------
                             28 ; absolute ram data
                             29 ;--------------------------------------------------------
                             30 	.area _DABS (ABS)
                             31 	.area _DABS (ABS)
                             32 ;--------------------------------------------------------
                             33 ; global & static initialisations
                             34 ;--------------------------------------------------------
                             35 	.area _HOME
                             36 	.area _GSINIT
                             37 	.area _GSFINAL
                             38 	.area _GSINIT
                             39 ;--------------------------------------------------------
                             40 ; Home
                             41 ;--------------------------------------------------------
                             42 	.area _HOME (BANK=_CSEG)
                             43 	.area _HOME (BANK=_CSEG)
                             44 ;--------------------------------------------------------
                             45 ; code
                             46 ;--------------------------------------------------------
                             47 	.area _CODE (BANK=_CSEG)
                             48 ;cases/uminus/uminus_lefttype_long_resulttype_short_storage_none_attr_volatile.c:11: testUMinus(void)
                             49 ;	genLabel
                             50 ;	genFunction
                             51 ;	---------------------------------
                             52 ; Function testUMinus
                             53 ; ---------------------------------
                             54 ;	Register assignment might be sub-optimal.
                             55 ; Stack space usage: 6 bytes.
   0000                      56 _testUMinus::
   0000 DD E5         [15]   57 	push	ix
   0002 DD 21 00 00   [14]   58 	ld	ix,	#0
   0006 DD 39         [15]   59 	add	ix, sp
                             60 ;	adjustStack by -6
   0008 21 FA FF      [10]   61 	ld	hl, #-6
   000B 39            [11]   62 	add	hl, sp
   000C F9            [ 6]   63 	ld	sp, hl
                             64 ;cases/uminus/uminus_lefttype_long_resulttype_short_storage_none_attr_volatile.c:16: left = 53;
                             65 ;	genAssign
                             66 ;	genMove_o size 4 result type 6 source type 1 a_dead 1 hl_dead 1 de_dead 1 iy_dead 1 f_dead 1
   000D DD 36 FA 35   [19]   67 	ld	-6 (ix), #0x35
   0011 AF            [ 4]   68 	xor	a, a
   0012 DD 77 FB      [19]   69 	ld	-5 (ix), a
   0015 DD 77 FC      [19]   70 	ld	-4 (ix), a
   0018 DD 77 FD      [19]   71 	ld	-3 (ix), a
                             72 ;cases/uminus/uminus_lefttype_long_resulttype_short_storage_none_attr_volatile.c:17: result = -left;
                             73 ;	genCast
                             74 ;	genMove_o size 2 result type 2 source type 6 a_dead 1 hl_dead 1 de_dead 1 iy_dead 1 f_dead 1
   001B DD 7E FA      [19]   75 	ld	a, -6 (ix)
   001E DD 4E FB      [19]   76 	ld	c, -5 (ix)
                             77 ;	genMove_o size 0 result type 2 source type 1 a_dead 1 hl_dead 1 de_dead 1 iy_dead 1 f_dead 1
                             78 ;	genUminus
   0021 ED 44         [ 8]   79 	neg
   0023 DD 77 FE      [19]   80 	ld	-2 (ix), a
   0026 9F            [ 4]   81 	sbc	a, a
   0027 91            [ 4]   82 	sub	a, c
   0028 DD 77 FF      [19]   83 	ld	-1 (ix), a
                             84 ;cases/uminus/uminus_lefttype_long_resulttype_short_storage_none_attr_volatile.c:19: ASSERT(result == -53);
                             85 ;	genPlus
                             86 ;	genMove_o size 2 result type 2 source type 10 a_dead 1 hl_dead 1 de_dead 1 iy_dead 1 f_dead 1
   002B 2Ar00s00      [16]   87 	ld	hl, (___numTests)
   002E 23            [ 6]   88 	inc	hl
                             89 ;	genMove_o size 2 result type 10 source type 2 a_dead 1 hl_dead 1 de_dead 1 iy_dead 1 f_dead 1
   002F 22r00s00      [16]   90 	ld	(___numTests), hl
                             91 ;	genCmpEq
                             92 ;	genMove_o size 1 result type 2 source type 6 a_dead 1 hl_dead 1 de_dead 0 iy_dead 0 f_dead 1
   0032 DD 7E FE      [19]   93 	ld	a, -2 (ix)
                             94 ;	genMove_o size 0 result type 2 source type 1 a_dead 1 hl_dead 1 de_dead 0 iy_dead 0 f_dead 1
   0035 D6 CB         [ 7]   95 	sub	a, #0xcb
                             96 ; common peephole 163 changed absolute to relative conditional jump.
   0037 20 06         [12]   97 	jr	nz, 00123$
                             98 ;	genMove_o size 1 result type 2 source type 6 a_dead 1 hl_dead 1 de_dead 0 iy_dead 0 f_dead 1
   0039 DD 7E FF      [19]   99 	ld	a, -1 (ix)
                            100 ;	genMove_o size 0 result type 2 source type 1 a_dead 1 hl_dead 1 de_dead 0 iy_dead 0 f_dead 1
   003C 3C            [ 4]  101 	inc	a
                            102 ; common peephole 163 changed absolute to relative conditional jump.
   003D 28 11         [12]  103 	jr	z, 00104$
                            104 ; common peephole 81 removed jp by using inverse jump logic
   003F                     105 00123$:
                            106 ;	skipping generated iCode
                            107 ;	skipping iCode since result will be rematerialized
                            108 ;	skipping iCode since result will be rematerialized
                            109 ;	skipping iCode since result will be rematerialized
                            110 ;	skipping iCode since result will be rematerialized
                            111 ;	skipping iCode since result will be rematerialized
                            112 ;	skipping iCode since result will be rematerialized
                            113 ;	genIpush
                            114 ;	genMove_o size 2 result type 2 source type 1 a_dead 1 hl_dead 1 de_dead 1 iy_dead 1 f_dead 1
   003F 21 13 00      [10]  115 	ld	hl, #0x0013
   0042 E5            [11]  116 	push	hl
                            117 ;	genIpush
                            118 ;	genMove_o size 2 result type 2 source type 7 a_dead 1 hl_dead 1 de_dead 1 iy_dead 1 f_dead 1
   0043 21rB7s00      [10]  119 	ld	hl, #___str_2
   0046 E5            [11]  120 	push	hl
                            121 ;	genSend
                            122 ;	genMove_o size 2 result type 2 source type 7 a_dead 1 hl_dead 1 de_dead 1 iy_dead 1 f_dead 1
   0047 11rA9s00      [10]  123 	ld	de, #___str_1
                            124 ;	genSend
                            125 ;	genMove_o size 2 result type 2 source type 7 a_dead 1 hl_dead 1 de_dead 0 iy_dead 1 f_dead 1
   004A 21r98s00      [10]  126 	ld	hl, #___str_0
                            127 ;	genCall
   004D CDr00s00      [17]  128 	call	___fail
                            129 ;	genLabel
   0050                     130 00104$:
                            131 ;cases/uminus/uminus_lefttype_long_resulttype_short_storage_none_attr_volatile.c:21: left = -76;
                            132 ;	genAssign
                            133 ;	genMove_o size 4 result type 6 source type 1 a_dead 1 hl_dead 1 de_dead 1 iy_dead 1 f_dead 1
   0050 DD 36 FA B4   [19]  134 	ld	-6 (ix), #0xb4
   0054 DD 36 FB FF   [19]  135 	ld	-5 (ix), #0xff
   0058 DD 36 FC FF   [19]  136 	ld	-4 (ix), #0xff
   005C DD 36 FD FF   [19]  137 	ld	-3 (ix), #0xff
                            138 ;cases/uminus/uminus_lefttype_long_resulttype_short_storage_none_attr_volatile.c:22: result = -left;
                            139 ;	genCast
                            140 ;	genMove_o size 2 result type 2 source type 6 a_dead 1 hl_dead 1 de_dead 1 iy_dead 1 f_dead 1
   0060 DD 7E FA      [19]  141 	ld	a, -6 (ix)
   0063 DD 4E FB      [19]  142 	ld	c, -5 (ix)
                            143 ;	genMove_o size 0 result type 2 source type 1 a_dead 1 hl_dead 1 de_dead 1 iy_dead 1 f_dead 1
                            144 ;	genUminus
   0066 ED 44         [ 8]  145 	neg
   0068 DD 77 FE      [19]  146 	ld	-2 (ix), a
   006B 9F            [ 4]  147 	sbc	a, a
   006C 91            [ 4]  148 	sub	a, c
   006D DD 77 FF      [19]  149 	ld	-1 (ix), a
                            150 ;cases/uminus/uminus_lefttype_long_resulttype_short_storage_none_attr_volatile.c:24: ASSERT(result == 76);
                            151 ;	genPlus
                            152 ;	genMove_o size 2 result type 2 source type 10 a_dead 1 hl_dead 1 de_dead 1 iy_dead 1 f_dead 1
   0070 2Ar00s00      [16]  153 	ld	hl, (___numTests)
   0073 23            [ 6]  154 	inc	hl
                            155 ;	genMove_o size 2 result type 10 source type 2 a_dead 1 hl_dead 1 de_dead 1 iy_dead 1 f_dead 1
   0074 22r00s00      [16]  156 	ld	(___numTests), hl
                            157 ;	genCast
                            158 ;	genMove_o size 2 result type 2 source type 6 a_dead 1 hl_dead 1 de_dead 1 iy_dead 1 f_dead 1
                            159 ;	genMove_o size 0 result type 2 source type 1 a_dead 1 hl_dead 1 de_dead 1 iy_dead 1 f_dead 1
                            160 ;	genCmpEq
                            161 ;	genMove_o size 1 result type 2 source type 2 a_dead 1 hl_dead 1 de_dead 0 iy_dead 0 f_dead 1
   0077 DD 7E FE      [19]  162 	ld	a, -2 (ix)
                            163 ; common peephole 14 loaded -2 (ix) into a directly instead of going through c.
   007A DD 46 FF      [19]  164 	ld	b, -1 (ix)
                            165 ;	genMove_o size 0 result type 2 source type 1 a_dead 1 hl_dead 1 de_dead 0 iy_dead 0 f_dead 1
   007D D6 4C         [ 7]  166 	sub	a, #0x4c
   007F B0            [ 4]  167 	or	a, b
                            168 ; common peephole 163 changed absolute to relative conditional jump.
   0080 28 11         [12]  169 	jr	z, 00101$
                            170 ; common peephole 81 removed jp by using inverse jump logic
                            171 ; common peephole 159 removed unused label 00124$.
                            172 ;	skipping generated iCode
                            173 ;	skipping iCode since result will be rematerialized
                            174 ;	skipping iCode since result will be rematerialized
                            175 ;	skipping iCode since result will be rematerialized
                            176 ;	skipping iCode since result will be rematerialized
                            177 ;	skipping iCode since result will be rematerialized
                            178 ;	skipping iCode since result will be rematerialized
                            179 ;	genIpush
                            180 ;	genMove_o size 2 result type 2 source type 1 a_dead 1 hl_dead 1 de_dead 1 iy_dead 1 f_dead 1
   0082 21 18 00      [10]  181 	ld	hl, #0x0018
   0085 E5            [11]  182 	push	hl
                            183 ;	genIpush
                            184 ;	genMove_o size 2 result type 2 source type 7 a_dead 1 hl_dead 1 de_dead 1 iy_dead 1 f_dead 1
   0086 21rB7s00      [10]  185 	ld	hl, #___str_2
   0089 E5            [11]  186 	push	hl
                            187 ;	genSend
                            188 ;	genMove_o size 2 result type 2 source type 7 a_dead 1 hl_dead 1 de_dead 1 iy_dead 1 f_dead 1
   008A 11r07s01      [10]  189 	ld	de, #___str_3
                            190 ;	genSend
                            191 ;	genMove_o size 2 result type 2 source type 7 a_dead 1 hl_dead 1 de_dead 0 iy_dead 1 f_dead 1
   008D 21r98s00      [10]  192 	ld	hl, #___str_0
                            193 ;	genCall
   0090 CDr00s00      [17]  194 	call	___fail
                            195 ;	genLabel
   0093                     196 00101$:
                            197 ;cases/uminus/uminus_lefttype_long_resulttype_short_storage_none_attr_volatile.c:25: }
                            198 ;	genEndFunction
   0093 DD F9         [10]  199 	ld	sp, ix
   0095 DD E1         [14]  200 	pop	ix
   0097 C9            [10]  201 	ret
                            202 ;	Total testUMinus function size at codegen: 5 bytes.
   0098                     203 ___str_0:
   0098 41 73 73 65 72 74   204 	.ascii "Assertion failed"
        69 6F 6E 20 66 61
        69 6C 65 64
   00A8 00                  205 	.db 0x00
   00A9                     206 ___str_1:
   00A9 72 65 73 75 6C 74   207 	.ascii "result == -53"
        20 3D 3D 20 2D 35
        33
   00B6 00                  208 	.db 0x00
   00B7                     209 ___str_2:
   00B7 63 61 73 65 73 2F   210 	.ascii "cases/uminus/uminus_lefttype_long_resulttype_short_storage_n"
        75 6D 69 6E 75 73
        2F 75 6D 69 6E 75
        73 5F 6C 65 66 74
        74 79 70 65 5F 6C
        6F 6E 67 5F 72 65
        73 75 6C 74 74 79
        70 65 5F 73 68 6F
        72 74 5F 73 74 6F
        72 61 67 65 5F 6E
   00F3 6F 6E 65 5F 61 74   211 	.ascii "one_attr_volatile.c"
        74 72 5F 76 6F 6C
        61 74 69 6C 65 2E
        63
   0106 00                  212 	.db 0x00
   0107                     213 ___str_3:
   0107 72 65 73 75 6C 74   214 	.ascii "result == 76"
        20 3D 3D 20 37 36
   0113 00                  215 	.db 0x00
                            216 ;cases/uminus/uminus_lefttype_long_resulttype_short_storage_none_attr_volatile.c:28: __runSuite(void)
                            217 ;	genLabel
                            218 ;	genFunction
                            219 ;	---------------------------------
                            220 ; Function __runSuite
                            221 ; ---------------------------------
                            222 ;	Register assignment is optimal.
                            223 ; Stack space usage: 0 bytes.
   0114                     224 ___runSuite::
                            225 ;cases/uminus/uminus_lefttype_long_resulttype_short_storage_none_attr_volatile.c:30: __prints("Running testUMinus\n");
                            226 ;	skipping iCode since result will be rematerialized
                            227 ;	skipping iCode since result will be rematerialized
                            228 ;	genSend
                            229 ;	genMove_o size 2 result type 2 source type 7 a_dead 1 hl_dead 1 de_dead 1 iy_dead 1 f_dead 1
   0114 21r1Ds01      [10]  230 	ld	hl, #___str_4
                            231 ;	genCall
   0117 CDr00s00      [17]  232 	call	___prints
                            233 ;cases/uminus/uminus_lefttype_long_resulttype_short_storage_none_attr_volatile.c:31: testUMinus();
                            234 ;	genCall
                            235 ;	genLabel
                            236 ; common peephole 159 removed unused label 00101$.
                            237 ;cases/uminus/uminus_lefttype_long_resulttype_short_storage_none_attr_volatile.c:32: }
                            238 ;	genEndFunction
   011A C3r00s00      [10]  239 	jp	_testUMinus
                            240 ; common peephole 152 removed unused ret.
                            241 ;	Total __runSuite function size at codegen: 1 bytes.
   011D                     242 ___str_4:
   011D 52 75 6E 6E 69 6E   243 	.ascii "Running testUMinus"
        67 20 74 65 73 74
        55 4D 69 6E 75 73
   012F 0A                  244 	.db 0x0a
   0130 00                  245 	.db 0x00
                            246 ;cases/uminus/uminus_lefttype_long_resulttype_short_storage_none_attr_volatile.c:37: __getSuiteName(void)
                            247 ;	genLabel
                            248 ;	genFunction
                            249 ;	---------------------------------
                            250 ; Function __getSuiteName
                            251 ; ---------------------------------
                            252 ;	Register assignment is optimal.
                            253 ; Stack space usage: 0 bytes.
   0131                     254 ___getSuiteName::
                            255 ;cases/uminus/uminus_lefttype_long_resulttype_short_storage_none_attr_volatile.c:39: return "uminus_lefttype_long_resulttype_short_storage_none_attr_volatile";
                            256 ;	skipping iCode since result will be rematerialized
                            257 ;	skipping iCode since result will be rematerialized
                            258 ;	genRet
                            259 ;	genMove_o size 2 result type 2 source type 7 a_dead 1 hl_dead 1 de_dead 1 iy_dead 1 f_dead 1
   0131 11r37s01      [10]  260 	ld	de, #___str_5
                            261 ;	genLabel
                            262 ; common peephole 159 removed unused label 00101$.
                            263 ;cases/uminus/uminus_lefttype_long_resulttype_short_storage_none_attr_volatile.c:40: }
                            264 ;	genEndFunction
   0134 C9            [10]  265 	ret
                            266 ;	Total __getSuiteName function size at codegen: 1 bytes.
   0135                     267 ___numCases:
   0135 01 00               268 	.dw #0x0001
   0137                     269 ___str_5:
   0137 75 6D 69 6E 75 73   270 	.ascii "uminus_lefttype_long_resulttype_short_storage_none_attr_vola"
        5F 6C 65 66 74 74
        79 70 65 5F 6C 6F
        6E 67 5F 72 65 73
        75 6C 74 74 79 70
        65 5F 73 68 6F 72
        74 5F 73 74 6F 72
        61 67 65 5F 6E 6F
        6E 65 5F 61 74 74
        72 5F 76 6F 6C 61
   0173 74 69 6C 65         271 	.ascii "tile"
   0177 00                  272 	.db 0x00
                            273 	.area _CODE (BANK=_CSEG)
                            274 	.area _INITIALIZER
                            275 	.area _CABS (ABS)
