                              1 ;--------------------------------------------------------
                              2 ; File Created by SDCC : free open source ISO C Compiler
                              3 ; Version 4.6.2 #16710 (Linux)
                              4 ;--------------------------------------------------------
                              5 	.module uminus_lefttype_long_resulttype_short_storage_static_attr_volatile
                              6 	
                              7 ;--------------------------------------------------------
                              8 ; Public variables in this module
                              9 ;--------------------------------------------------------
                             10 	.globl _testUMinus
                             11 	.globl ___prints
                             12 	.globl ___fail
                             13 	.globl ___numCases
                             14 	.globl ___runSuite
                             15 	.globl ___getSuiteName
                             16 ;--------------------------------------------------------
                             17 ; special function registers
                             18 ;--------------------------------------------------------
                             19 ;--------------------------------------------------------
                             20 ; ram data
                             21 ;--------------------------------------------------------
                             22 	.area _DATA (BANK=_DSEG)
   0000                      23 _testUMinus_left_10000_13:
   0000                      24 	.ds 4
   0004                      25 _testUMinus_result_10000_13:
   0004                      26 	.ds 2
                             27 ;--------------------------------------------------------
                             28 ; ram data
                             29 ;--------------------------------------------------------
                             30 	.area _INITIALIZED
                             31 ;--------------------------------------------------------
                             32 ; absolute ram data
                             33 ;--------------------------------------------------------
                             34 	.area _DABS (ABS)
                             35 	.area _DABS (ABS)
                             36 ;--------------------------------------------------------
                             37 ; global & static initialisations
                             38 ;--------------------------------------------------------
                             39 	.area _HOME
                             40 	.area _GSINIT
                             41 	.area _GSFINAL
                             42 	.area _GSINIT
                             43 ;--------------------------------------------------------
                             44 ; Home
                             45 ;--------------------------------------------------------
                             46 	.area _HOME (BANK=_CSEG)
                             47 	.area _HOME (BANK=_CSEG)
                             48 ;--------------------------------------------------------
                             49 ; code
                             50 ;--------------------------------------------------------
                             51 	.area _CODE (BANK=_CSEG)
                             52 ;cases/uminus/uminus_lefttype_long_resulttype_short_storage_static_attr_volatile.c:11: testUMinus(void)
                             53 ;	genLabel
                             54 ;	genFunction
                             55 ;	---------------------------------
                             56 ; Function testUMinus
                             57 ; ---------------------------------
                             58 ;	Register assignment might be sub-optimal.
                             59 ; Stack space usage: 0 bytes.
   0000                      60 _testUMinus::
                             61 ;cases/uminus/uminus_lefttype_long_resulttype_short_storage_static_attr_volatile.c:16: left = 53;
                             62 ;	genAssign
                             63 ;	genMove_o size 4 result type 10 source type 1 a_dead 1 hl_dead 1 de_dead 1 iy_dead 1 f_dead 1
                             64 ; common peephole 56 used hl instead of iy.
                             65 ; common peephole 130a removed unnecessary +0 from constant
   0000 21r00s00      [10]   66 	ld	hl, #_testUMinus_left_10000_13
   0003 36 35         [10]   67 	ld	(hl), #0x35
   0005 AF            [ 4]   68 	xor	a, a
   0006 32r01s00      [13]   69 	ld	(_testUMinus_left_10000_13+1), a
   0009 32r02s00      [13]   70 	ld	(_testUMinus_left_10000_13+2), a
   000C 32r03s00      [13]   71 	ld	(_testUMinus_left_10000_13+3), a
                             72 ;cases/uminus/uminus_lefttype_long_resulttype_short_storage_static_attr_volatile.c:17: result = -left;
                             73 ;	genCast
                             74 ;	genMove_o size 2 result type 2 source type 10 a_dead 1 hl_dead 1 de_dead 1 iy_dead 1 f_dead 1
   000F ED 4Br00s00   [20]   75 	ld	bc, (_testUMinus_left_10000_13)
                             76 ;	genUminus
                             77 ;	Shift into pair
   0013 21r04s00      [10]   78 	ld	hl, #_testUMinus_result_10000_13
   0016 AF            [ 4]   79 	xor	a, a
   0017 91            [ 4]   80 	sub	a, c
   0018 77            [ 7]   81 	ld	(hl), a
                             82 ; common peephole 96b move inc hl before sub a, b
                             83 ; common peephole 96b move inc hl before sbc a, a
   0019 23            [ 6]   84 	inc	hl
   001A 9F            [ 4]   85 	sbc	a, a
   001B 90            [ 4]   86 	sub	a, b
   001C 77            [ 7]   87 	ld	(hl), a
                             88 ;cases/uminus/uminus_lefttype_long_resulttype_short_storage_static_attr_volatile.c:19: ASSERT(result == -53);
                             89 ;	genPlus
                             90 ;	genMove_o size 2 result type 2 source type 10 a_dead 1 hl_dead 1 de_dead 1 iy_dead 1 f_dead 1
   001D 2Ar00s00      [16]   91 	ld	hl, (___numTests)
   0020 23            [ 6]   92 	inc	hl
                             93 ;	genMove_o size 2 result type 10 source type 2 a_dead 1 hl_dead 1 de_dead 1 iy_dead 1 f_dead 1
   0021 22r00s00      [16]   94 	ld	(___numTests), hl
                             95 ;	genCmpEq
                             96 ;	genMove_o size 1 result type 2 source type 10 a_dead 1 hl_dead 1 de_dead 0 iy_dead 0 f_dead 1
   0024 3Ar04s00      [13]   97 	ld	a, (_testUMinus_result_10000_13)
   0027 D6 CB         [ 7]   98 	sub	a, #0xcb
                             99 ; common peephole 163 changed absolute to relative conditional jump.
   0029 20 06         [12]  100 	jr	nz, 00123$
                            101 ;	genMove_o size 1 result type 2 source type 10 a_dead 1 hl_dead 1 de_dead 0 iy_dead 0 f_dead 1
   002B 3Ar05s00      [13]  102 	ld	a, (_testUMinus_result_10000_13 + 1)
   002E 3C            [ 4]  103 	inc	a
                            104 ; common peephole 163 changed absolute to relative conditional jump.
   002F 28 11         [12]  105 	jr	z, 00104$
                            106 ; common peephole 81 removed jp by using inverse jump logic
   0031                     107 00123$:
                            108 ;	skipping generated iCode
                            109 ;	skipping iCode since result will be rematerialized
                            110 ;	skipping iCode since result will be rematerialized
                            111 ;	skipping iCode since result will be rematerialized
                            112 ;	skipping iCode since result will be rematerialized
                            113 ;	skipping iCode since result will be rematerialized
                            114 ;	skipping iCode since result will be rematerialized
                            115 ;	genIpush
                            116 ;	genMove_o size 2 result type 2 source type 1 a_dead 1 hl_dead 1 de_dead 1 iy_dead 1 f_dead 1
   0031 21 13 00      [10]  117 	ld	hl, #0x0013
   0034 E5            [11]  118 	push	hl
                            119 ;	genIpush
                            120 ;	genMove_o size 2 result type 2 source type 7 a_dead 1 hl_dead 1 de_dead 1 iy_dead 1 f_dead 1
   0035 21rA4s00      [10]  121 	ld	hl, #___str_2
   0038 E5            [11]  122 	push	hl
                            123 ;	genSend
                            124 ;	genMove_o size 2 result type 2 source type 7 a_dead 1 hl_dead 1 de_dead 1 iy_dead 1 f_dead 1
   0039 11r96s00      [10]  125 	ld	de, #___str_1
                            126 ;	genSend
                            127 ;	genMove_o size 2 result type 2 source type 7 a_dead 1 hl_dead 1 de_dead 0 iy_dead 1 f_dead 1
   003C 21r85s00      [10]  128 	ld	hl, #___str_0
                            129 ;	genCall
   003F CDr00s00      [17]  130 	call	___fail
                            131 ;	genLabel
   0042                     132 00104$:
                            133 ;cases/uminus/uminus_lefttype_long_resulttype_short_storage_static_attr_volatile.c:21: left = -76;
                            134 ;	genAssign
                            135 ;	genMove_o size 4 result type 10 source type 1 a_dead 1 hl_dead 1 de_dead 1 iy_dead 1 f_dead 1
   0042 FD 21r00s00   [14]  136 	ld	iy, #_testUMinus_left_10000_13
   0046 FD 36 00 B4   [19]  137 	ld	0 (iy), #0xb4
   004A FD 36 01 FF   [19]  138 	ld	1 (iy), #0xff
   004E FD 36 02 FF   [19]  139 	ld	2 (iy), #0xff
   0052 FD 36 03 FF   [19]  140 	ld	3 (iy), #0xff
                            141 ;cases/uminus/uminus_lefttype_long_resulttype_short_storage_static_attr_volatile.c:22: result = -left;
                            142 ;	genCast
                            143 ;	genMove_o size 2 result type 2 source type 10 a_dead 1 hl_dead 1 de_dead 1 iy_dead 1 f_dead 1
   0056 ED 4Br00s00   [20]  144 	ld	bc, (_testUMinus_left_10000_13)
                            145 ;	genUminus
                            146 ;	Shift into pair
   005A 21r04s00      [10]  147 	ld	hl, #_testUMinus_result_10000_13
   005D AF            [ 4]  148 	xor	a, a
   005E 91            [ 4]  149 	sub	a, c
   005F 77            [ 7]  150 	ld	(hl), a
                            151 ; common peephole 96b move inc hl before sub a, b
                            152 ; common peephole 96b move inc hl before sbc a, a
   0060 23            [ 6]  153 	inc	hl
   0061 9F            [ 4]  154 	sbc	a, a
   0062 90            [ 4]  155 	sub	a, b
   0063 77            [ 7]  156 	ld	(hl), a
                            157 ;cases/uminus/uminus_lefttype_long_resulttype_short_storage_static_attr_volatile.c:24: ASSERT(result == 76);
                            158 ;	genPlus
                            159 ;	genMove_o size 2 result type 2 source type 10 a_dead 1 hl_dead 1 de_dead 1 iy_dead 1 f_dead 1
   0064 2Ar00s00      [16]  160 	ld	hl, (___numTests)
   0067 23            [ 6]  161 	inc	hl
                            162 ;	genMove_o size 2 result type 10 source type 2 a_dead 1 hl_dead 1 de_dead 1 iy_dead 1 f_dead 1
   0068 22r00s00      [16]  163 	ld	(___numTests), hl
                            164 ;	genCast
                            165 ;	genMove_o size 2 result type 2 source type 10 a_dead 1 hl_dead 1 de_dead 1 iy_dead 1 f_dead 1
   006B 2Ar04s00      [16]  166 	ld	hl, (_testUMinus_result_10000_13)
                            167 ;	genCmpEq
                            168 ;	genMove_o size 1 result type 2 source type 2 a_dead 1 hl_dead 0 de_dead 0 iy_dead 0 f_dead 1
   006E 7D            [ 4]  169 	ld	a, l
                            170 ;	genMove_o size 0 result type 2 source type 1 a_dead 1 hl_dead 0 de_dead 0 iy_dead 0 f_dead 1
   006F D6 4C         [ 7]  171 	sub	a, #0x4c
   0071 B4            [ 4]  172 	or	a, h
   0072 C8            [11]  173 	ret	z
                            174 ; common peephole 161 replaced jump by return.
                            175 ; common peephole 81 removed jp by using inverse jump logic
                            176 ; common peephole 159 removed unused label 00124$.
                            177 ;	skipping generated iCode
                            178 ;	skipping iCode since result will be rematerialized
                            179 ;	skipping iCode since result will be rematerialized
                            180 ;	skipping iCode since result will be rematerialized
                            181 ;	skipping iCode since result will be rematerialized
                            182 ;	skipping iCode since result will be rematerialized
                            183 ;	skipping iCode since result will be rematerialized
                            184 ;	genIpush
                            185 ;	genMove_o size 2 result type 2 source type 1 a_dead 1 hl_dead 1 de_dead 1 iy_dead 1 f_dead 1
   0073 21 18 00      [10]  186 	ld	hl, #0x0018
   0076 E5            [11]  187 	push	hl
                            188 ;	genIpush
                            189 ;	genMove_o size 2 result type 2 source type 7 a_dead 1 hl_dead 1 de_dead 1 iy_dead 1 f_dead 1
   0077 21rA4s00      [10]  190 	ld	hl, #___str_2
   007A E5            [11]  191 	push	hl
                            192 ;	genSend
                            193 ;	genMove_o size 2 result type 2 source type 7 a_dead 1 hl_dead 1 de_dead 1 iy_dead 1 f_dead 1
   007B 11rF6s00      [10]  194 	ld	de, #___str_3
                            195 ;	genSend
                            196 ;	genMove_o size 2 result type 2 source type 7 a_dead 1 hl_dead 1 de_dead 0 iy_dead 1 f_dead 1
   007E 21r85s00      [10]  197 	ld	hl, #___str_0
                            198 ;	genCall
   0081 CDr00s00      [17]  199 	call	___fail
                            200 ;	genLabel
                            201 ; common peephole 159 removed unused label 00101$.
                            202 ;cases/uminus/uminus_lefttype_long_resulttype_short_storage_static_attr_volatile.c:25: }
                            203 ;	genEndFunction
   0084 C9            [10]  204 	ret
                            205 ;	Total testUMinus function size at codegen: 1 bytes.
   0085                     206 ___str_0:
   0085 41 73 73 65 72 74   207 	.ascii "Assertion failed"
        69 6F 6E 20 66 61
        69 6C 65 64
   0095 00                  208 	.db 0x00
   0096                     209 ___str_1:
   0096 72 65 73 75 6C 74   210 	.ascii "result == -53"
        20 3D 3D 20 2D 35
        33
   00A3 00                  211 	.db 0x00
   00A4                     212 ___str_2:
   00A4 63 61 73 65 73 2F   213 	.ascii "cases/uminus/uminus_lefttype_long_resulttype_short_storage_s"
        75 6D 69 6E 75 73
        2F 75 6D 69 6E 75
        73 5F 6C 65 66 74
        74 79 70 65 5F 6C
        6F 6E 67 5F 72 65
        73 75 6C 74 74 79
        70 65 5F 73 68 6F
        72 74 5F 73 74 6F
        72 61 67 65 5F 73
   00E0 74 61 74 69 63 5F   214 	.ascii "tatic_attr_volatile.c"
        61 74 74 72 5F 76
        6F 6C 61 74 69 6C
        65 2E 63
   00F5 00                  215 	.db 0x00
   00F6                     216 ___str_3:
   00F6 72 65 73 75 6C 74   217 	.ascii "result == 76"
        20 3D 3D 20 37 36
   0102 00                  218 	.db 0x00
                            219 ;cases/uminus/uminus_lefttype_long_resulttype_short_storage_static_attr_volatile.c:28: __runSuite(void)
                            220 ;	genLabel
                            221 ;	genFunction
                            222 ;	---------------------------------
                            223 ; Function __runSuite
                            224 ; ---------------------------------
                            225 ;	Register assignment is optimal.
                            226 ; Stack space usage: 0 bytes.
   0103                     227 ___runSuite::
                            228 ;cases/uminus/uminus_lefttype_long_resulttype_short_storage_static_attr_volatile.c:30: __prints("Running testUMinus\n");
                            229 ;	skipping iCode since result will be rematerialized
                            230 ;	skipping iCode since result will be rematerialized
                            231 ;	genSend
                            232 ;	genMove_o size 2 result type 2 source type 7 a_dead 1 hl_dead 1 de_dead 1 iy_dead 1 f_dead 1
   0103 21r0Cs01      [10]  233 	ld	hl, #___str_4
                            234 ;	genCall
   0106 CDr00s00      [17]  235 	call	___prints
                            236 ;cases/uminus/uminus_lefttype_long_resulttype_short_storage_static_attr_volatile.c:31: testUMinus();
                            237 ;	genCall
                            238 ;	genLabel
                            239 ; common peephole 159 removed unused label 00101$.
                            240 ;cases/uminus/uminus_lefttype_long_resulttype_short_storage_static_attr_volatile.c:32: }
                            241 ;	genEndFunction
   0109 C3r00s00      [10]  242 	jp	_testUMinus
                            243 ; common peephole 152 removed unused ret.
                            244 ;	Total __runSuite function size at codegen: 1 bytes.
   010C                     245 ___str_4:
   010C 52 75 6E 6E 69 6E   246 	.ascii "Running testUMinus"
        67 20 74 65 73 74
        55 4D 69 6E 75 73
   011E 0A                  247 	.db 0x0a
   011F 00                  248 	.db 0x00
                            249 ;cases/uminus/uminus_lefttype_long_resulttype_short_storage_static_attr_volatile.c:37: __getSuiteName(void)
                            250 ;	genLabel
                            251 ;	genFunction
                            252 ;	---------------------------------
                            253 ; Function __getSuiteName
                            254 ; ---------------------------------
                            255 ;	Register assignment is optimal.
                            256 ; Stack space usage: 0 bytes.
   0120                     257 ___getSuiteName::
                            258 ;cases/uminus/uminus_lefttype_long_resulttype_short_storage_static_attr_volatile.c:39: return "uminus_lefttype_long_resulttype_short_storage_static_attr_volatile";
                            259 ;	skipping iCode since result will be rematerialized
                            260 ;	skipping iCode since result will be rematerialized
                            261 ;	genRet
                            262 ;	genMove_o size 2 result type 2 source type 7 a_dead 1 hl_dead 1 de_dead 1 iy_dead 1 f_dead 1
   0120 11r26s01      [10]  263 	ld	de, #___str_5
                            264 ;	genLabel
                            265 ; common peephole 159 removed unused label 00101$.
                            266 ;cases/uminus/uminus_lefttype_long_resulttype_short_storage_static_attr_volatile.c:40: }
                            267 ;	genEndFunction
   0123 C9            [10]  268 	ret
                            269 ;	Total __getSuiteName function size at codegen: 1 bytes.
   0124                     270 ___numCases:
   0124 01 00               271 	.dw #0x0001
   0126                     272 ___str_5:
   0126 75 6D 69 6E 75 73   273 	.ascii "uminus_lefttype_long_resulttype_short_storage_static_attr_vo"
        5F 6C 65 66 74 74
        79 70 65 5F 6C 6F
        6E 67 5F 72 65 73
        75 6C 74 74 79 70
        65 5F 73 68 6F 72
        74 5F 73 74 6F 72
        61 67 65 5F 73 74
        61 74 69 63 5F 61
        74 74 72 5F 76 6F
   0162 6C 61 74 69 6C 65   274 	.ascii "latile"
   0168 00                  275 	.db 0x00
                            276 	.area _CODE (BANK=_CSEG)
                            277 	.area _INITIALIZER
                            278 	.area _CABS (ABS)
