uCsim 0.9.9, Copyright (C) 1997 Daniel Drotos.
uCsim comes with ABSOLUTELY NO WARRANTY; for details type `show w'.
This is free software, and you are welcome to redistribute it
under certain conditions; type `show c' for details.
set error non-classified off
set error unknown_code off
set error memory off
set error stack off
set hw simif outputs 0xff
step 500000000 vclk
state
quit
954 words read from gen/ucz80/bug-3745/bug-3745_qual_const.ihx
--- Running: bug-3745_qual_const
Running testBug
--- Summary: 0/1/1: 0 failed of 1 tests in 1 cases.

Stop at 0x000369: (110) Program stopped itself
F 0x000369
Simulated 23507 ticks (2.126e-03 sec)
Host usage: 0.001201 sec, rate=1.769952
CPU state= OK PC= 0x000369 frequency= 11059200 HZ
Operation since last reset= 5505 vclks
Inst= 2919 Fetch= 4298 Read= 673 Write= 534
Total time since last reset= 0.002126464843750 sec (23517 clks)
Time in isr = 0.000000000000000 sec (0 clks) 0.00%
Time in idle= 0.000000000000000 sec (0 clks) 0.00%
Most value of stack pointer= 0x000000
Simulation: stopped
Runtime: 0.010497 sec

--- Simulator: 954/23517: 954 bytes, 23517 ticks
