                              1 ;--------------------------------------------------------
                              2 ; File Created by SDCC : free open source ISO C Compiler
                              3 ; Version 4.6.2 #16710 (Linux)
                              4 ;--------------------------------------------------------
                              5 	.module bitintrot_width_17_dist_20_storage_static
                              6 	
                              7 ;--------------------------------------------------------
                              8 ; Public variables in this module
                              9 ;--------------------------------------------------------
                             10 	.globl _testRot
                             11 	.globl ___prints
                             12 	.globl ___fail
                             13 	.globl ___numCases
                             14 	.globl ___runSuite
                             15 	.globl ___getSuiteName
                             16 ;--------------------------------------------------------
                             17 ; special function registers
                             18 ;--------------------------------------------------------
                             19 ;--------------------------------------------------------
                             20 ; ram data
                             21 ;--------------------------------------------------------
                             22 	.area _DATA (BANK=_DSEG)
   0000                      23 _testRot_t1_10000_13:
   0000                      24 	.ds 3
   0003                      25 _testRot_t2_10000_13:
   0003                      26 	.ds 3
                             27 ;--------------------------------------------------------
                             28 ; ram data
                             29 ;--------------------------------------------------------
                             30 	.area _INITIALIZED
                             31 ;--------------------------------------------------------
                             32 ; absolute ram data
                             33 ;--------------------------------------------------------
                             34 	.area _DABS (ABS)
                             35 	.area _DABS (ABS)
                             36 ;--------------------------------------------------------
                             37 ; global & static initialisations
                             38 ;--------------------------------------------------------
                             39 	.area _HOME
                             40 	.area _GSINIT
                             41 	.area _GSFINAL
                             42 	.area _GSINIT
                             43 ;cases/bitintrot/bitintrot_width_17_dist_20_storage_static.c:38: volatile static bitinttype t1 = TESTVECT1;
                             44 ;	genAssign
                             45 ;	genMove_o size 3 result type 10 source type 1 a_dead 1 hl_dead 1 de_dead 1 iy_dead 1 f_dead 1
                             46 ; common peephole 57 used direct memory store instead of indirect.
   0000 3E A5         [ 7]   47 	ld	a, #0xa5
                             48 ; common peephole 130h removed unnecessary +0 to immediate
   0002 32r00s00      [13]   49 	ld	(#_testRot_t1_10000_13), a
   0005 AF            [ 4]   50 	xor	a, a
   0006 32r01s00      [13]   51 	ld	(_testRot_t1_10000_13+1), a
   0009 32r02s00      [13]   52 	ld	(_testRot_t1_10000_13+2), a
                             53 ;cases/bitintrot/bitintrot_width_17_dist_20_storage_static.c:39: volatile static bitinttype t2 = TESTVECT2;
                             54 ;	genAssign
                             55 ;	genMove_o size 3 result type 10 source type 1 a_dead 1 hl_dead 1 de_dead 1 iy_dead 1 f_dead 1
   000C FD 21r03s00   [14]   56 	ld	iy, #_testRot_t2_10000_13
   0010 FD 36 00 55   [19]   57 	ld	0 (iy), #0x55
   0014 FD 36 01 AA   [19]   58 	ld	1 (iy), #0xaa
   0018 AF            [ 4]   59 	xor	a, a
   0019 32r05s00      [13]   60 	ld	(_testRot_t2_10000_13+2), a
                             61 ;--------------------------------------------------------
                             62 ; Home
                             63 ;--------------------------------------------------------
                             64 	.area _HOME (BANK=_CSEG)
                             65 	.area _HOME (BANK=_CSEG)
                             66 ;--------------------------------------------------------
                             67 ; code
                             68 ;--------------------------------------------------------
                             69 	.area _CODE (BANK=_CSEG)
                             70 ;cases/bitintrot/bitintrot_width_17_dist_20_storage_static.c:36: testRot (void)
                             71 ;	genLabel
                             72 ;	genFunction
                             73 ;	---------------------------------
                             74 ; Function testRot
                             75 ; ---------------------------------
                             76 ;	Register assignment might be sub-optimal.
                             77 ; Stack space usage: 3 bytes.
   0000                      78 _testRot::
   0000 DD E5         [15]   79 	push	ix
   0002 DD 21 00 00   [14]   80 	ld	ix,	#0
   0006 DD 39         [15]   81 	add	ix, sp
                             82 ;	adjustStack by -3
   0008 F5            [11]   83 	push	af
   0009 3B            [ 6]   84 	dec	sp
                             85 ;cases/bitintrot/bitintrot_width_17_dist_20_storage_static.c:41: ASSERT (ROL (t1) == ROL (TESTVECT1));
                             86 ;	genPlus
                             87 ;	genMove_o size 2 result type 2 source type 10 a_dead 1 hl_dead 1 de_dead 1 iy_dead 1 f_dead 1
   000A 2Ar00s00      [16]   88 	ld	hl, (___numTests)
   000D 23            [ 6]   89 	inc	hl
                             90 ;	genMove_o size 2 result type 10 source type 2 a_dead 1 hl_dead 1 de_dead 1 iy_dead 1 f_dead 1
   000E 22r00s00      [16]   91 	ld	(___numTests), hl
                             92 ;	genLeftShift
                             93 ;	genMove_o size 3 result type 2 source type 10 a_dead 1 hl_dead 1 de_dead 1 iy_dead 1 f_dead 1
   0011 2Ar00s00      [16]   94 	ld	hl, (_testRot_t1_10000_13)
                             95 ; common peephole 53 used direct memory load instead of indirect.
   0014 3Ar02s00      [13]   96 	ld	a, (#_testRot_t1_10000_13 + 2)
   0017 4F            [ 4]   97 	ld	c, a
                             98 ;	genMove_o size 0 result type 2 source type 1 a_dead 1 hl_dead 0 de_dead 1 iy_dead 1 f_dead 1
   0018 06 03         [ 7]   99 	ld	b, #0x03
   001A                     100 00223$:
   001A 29            [11]  101 	add	hl, hl
   001B CB 11         [ 8]  102 	rl	c
                            103 ; common peephole 159 removed unused label 00224$.
   001D 10 FB         [13]  104 	djnz	00223$
   001F 79            [ 4]  105 	ld	a, c
   0020 E6 01         [ 7]  106 	and	a, #0x01
   0022 4F            [ 4]  107 	ld	c, a
                            108 ;	genMove_o size 3 result type 2 source type 2 a_dead 1 hl_dead 1 de_dead 1 iy_dead 1 f_dead 1
                            109 ;	genRightShift
                            110 ;	genMove_o size 2 result type 6 source type 10 a_dead 1 hl_dead 0 de_dead 1 iy_dead 1 f_dead 1
   0023 3Ar01s00      [13]  111 	ld	a, (_testRot_t1_10000_13+1)
   0026 DD 77 FD      [19]  112 	ld	-3 (ix), a
   0029 3Ar02s00      [13]  113 	ld	a, (_testRot_t1_10000_13+2)
   002C DD 77 FE      [19]  114 	ld	-2 (ix), a
                            115 ;	genMove_o size 1 result type 6 source type 1 a_dead 1 hl_dead 0 de_dead 0 iy_dead 1 f_dead 1
   002F DD 36 FF 00   [19]  116 	ld	-1 (ix), #0x00
   0033 06 06         [ 7]  117 	ld	b, #0x06
   0035                     118 00225$:
   0035 DD CB FE 3E   [23]  119 	srl	-2 (ix)
   0039 DD CB FD 1E   [23]  120 	rr	-3 (ix)
                            121 ; common peephole 159 removed unused label 00226$.
   003D 10 F6         [13]  122 	djnz	00225$
                            123 ;	genMove_o size 3 result type 6 source type 6 a_dead 1 hl_dead 0 de_dead 1 iy_dead 1 f_dead 1
                            124 ;	genOr
   003F 7D            [ 4]  125 	ld	a, l
   0040 DD B6 FD      [19]  126 	or	a, -3 (ix)
                            127 ;	genMove_o size 1 result type 2 source type 2 a_dead 1 hl_dead 0 de_dead 0 iy_dead 1 f_dead 1
   0043 5F            [ 4]  128 	ld	e, a
                            129 ;	genMove_o size 0 result type 2 source type 1 a_dead 1 hl_dead 0 de_dead 0 iy_dead 1 f_dead 1
                            130 ;	genMove_o size 2 result type 2 source type 2 a_dead 1 hl_dead 0 de_dead 0 iy_dead 1 f_dead 1
   0044 54            [ 4]  131 	ld	d, h
                            132 ;	genMove_o size 0 result type 2 source type 1 a_dead 1 hl_dead 0 de_dead 0 iy_dead 1 f_dead 1
                            133 ;	genCmpEq
                            134 ;	genMove_o size 1 result type 2 source type 2 a_dead 1 hl_dead 1 de_dead 0 iy_dead 0 f_dead 1
   0045 7B            [ 4]  135 	ld	a, e
                            136 ;	genMove_o size 0 result type 2 source type 1 a_dead 1 hl_dead 1 de_dead 0 iy_dead 0 f_dead 1
   0046 D6 28         [ 7]  137 	sub	a, #0x28
                            138 ; common peephole 163 changed absolute to relative conditional jump.
   0048 20 06         [12]  139 	jr	nz, 00227$
                            140 ;	genMove_o size 1 result type 2 source type 2 a_dead 1 hl_dead 1 de_dead 0 iy_dead 0 f_dead 1
   004A 7A            [ 4]  141 	ld	a, d
                            142 ;	genMove_o size 0 result type 2 source type 1 a_dead 1 hl_dead 1 de_dead 0 iy_dead 0 f_dead 1
   004B D6 05         [ 7]  143 	sub	a, #0x05
   004D B1            [ 4]  144 	or	a, c
                            145 ; common peephole 163 changed absolute to relative conditional jump.
   004E 28 11         [12]  146 	jr	z, 00104$
                            147 ; common peephole 81 removed jp by using inverse jump logic
   0050                     148 00227$:
                            149 ;	skipping generated iCode
                            150 ;	skipping iCode since result will be rematerialized
                            151 ;	skipping iCode since result will be rematerialized
                            152 ;	skipping iCode since result will be rematerialized
                            153 ;	skipping iCode since result will be rematerialized
                            154 ;	skipping iCode since result will be rematerialized
                            155 ;	skipping iCode since result will be rematerialized
                            156 ;	genIpush
                            157 ;	genMove_o size 2 result type 2 source type 1 a_dead 1 hl_dead 1 de_dead 1 iy_dead 1 f_dead 1
   0050 21 29 00      [10]  158 	ld	hl, #0x0029
   0053 E5            [11]  159 	push	hl
                            160 ;	genIpush
                            161 ;	genMove_o size 2 result type 2 source type 7 a_dead 1 hl_dead 1 de_dead 1 iy_dead 1 f_dead 1
   0054 21rF3s03      [10]  162 	ld	hl, #___str_2
   0057 E5            [11]  163 	push	hl
                            164 ;	genSend
                            165 ;	genMove_o size 2 result type 2 source type 7 a_dead 1 hl_dead 1 de_dead 1 iy_dead 1 f_dead 1
   0058 11rD7s03      [10]  166 	ld	de, #___str_1
                            167 ;	genSend
                            168 ;	genMove_o size 2 result type 2 source type 7 a_dead 1 hl_dead 1 de_dead 0 iy_dead 1 f_dead 1
   005B 21rC6s03      [10]  169 	ld	hl, #___str_0
                            170 ;	genCall
   005E CDr00s00      [17]  171 	call	___fail
                            172 ;	genLabel
   0061                     173 00104$:
                            174 ;cases/bitintrot/bitintrot_width_17_dist_20_storage_static.c:42: ASSERT (ROL (t2) == ROL (TESTVECT2));
                            175 ;	genPlus
                            176 ;	genMove_o size 2 result type 2 source type 10 a_dead 1 hl_dead 1 de_dead 1 iy_dead 1 f_dead 1
   0061 2Ar00s00      [16]  177 	ld	hl, (___numTests)
   0064 23            [ 6]  178 	inc	hl
                            179 ;	genMove_o size 2 result type 10 source type 2 a_dead 1 hl_dead 1 de_dead 1 iy_dead 1 f_dead 1
   0065 22r00s00      [16]  180 	ld	(___numTests), hl
                            181 ;	genLeftShift
                            182 ;	genMove_o size 3 result type 2 source type 10 a_dead 1 hl_dead 1 de_dead 1 iy_dead 1 f_dead 1
   0068 2Ar03s00      [16]  183 	ld	hl, (_testRot_t2_10000_13)
   006B 3Ar05s00      [13]  184 	ld	a, (_testRot_t2_10000_13+2)
                            185 ;	genMove_o size 0 result type 2 source type 1 a_dead 1 hl_dead 0 de_dead 1 iy_dead 1 f_dead 1
   006E 06 03         [ 7]  186 	ld	b, #0x03
   0070                     187 00228$:
   0070 29            [11]  188 	add	hl, hl
   0071 8F            [ 4]  189 	adc	a, a
                            190 ; common peephole 159 removed unused label 00229$.
   0072 10 FC         [13]  191 	djnz	00228$
   0074 E6 01         [ 7]  192 	and	a, #0x01
                            193 ;	genMove_o size 3 result type 2 source type 2 a_dead 1 hl_dead 1 de_dead 1 iy_dead 1 f_dead 1
                            194 ;	genRightShift
   0076 F5            [11]  195 	push	af
                            196 ;	genMove_o size 2 result type 2 source type 10 a_dead 1 hl_dead 0 de_dead 1 iy_dead 1 f_dead 1
   0077 ED 5Br04s00   [20]  197 	ld	de, (_testRot_t2_10000_13 + 1)
                            198 ;	genMove_o size 1 result type 2 source type 1 a_dead 1 hl_dead 0 de_dead 0 iy_dead 1 f_dead 1
                            199 ; common peephole 1 removed dead load from #0x00 into c.
   007B F1            [10]  200 	pop	af
   007C 06 06         [ 7]  201 	ld	b, #0x06
   007E                     202 00230$:
   007E CB 3A         [ 8]  203 	srl	d
   0080 CB 1B         [ 8]  204 	rr	e
                            205 ; common peephole 159 removed unused label 00231$.
   0082 10 FA         [13]  206 	djnz	00230$
                            207 ;	genMove_o size 3 result type 2 source type 2 a_dead 0 hl_dead 0 de_dead 1 iy_dead 1 f_dead 1
                            208 ;	genOr
   0084 F5            [11]  209 	push	af
   0085 7D            [ 4]  210 	ld	a, l
   0086 B3            [ 4]  211 	or	a, e
                            212 ;	genMove_o size 1 result type 2 source type 2 a_dead 1 hl_dead 0 de_dead 0 iy_dead 1 f_dead 1
   0087 6F            [ 4]  213 	ld	l, a
                            214 ;	genMove_o size 0 result type 2 source type 1 a_dead 1 hl_dead 0 de_dead 0 iy_dead 1 f_dead 1
   0088 7C            [ 4]  215 	ld	a, h
   0089 B2            [ 4]  216 	or	a, d
                            217 ;	genMove_o size 1 result type 2 source type 2 a_dead 1 hl_dead 0 de_dead 0 iy_dead 1 f_dead 1
   008A 67            [ 4]  218 	ld	h, a
                            219 ;	genMove_o size 0 result type 2 source type 1 a_dead 1 hl_dead 0 de_dead 0 iy_dead 1 f_dead 1
   008B F1            [10]  220 	pop	af
                            221 ;	genMove_o size 1 result type 2 source type 2 a_dead 1 hl_dead 0 de_dead 0 iy_dead 1 f_dead 1
   008C 4F            [ 4]  222 	ld	c, a
                            223 ;	genMove_o size 0 result type 2 source type 1 a_dead 1 hl_dead 0 de_dead 0 iy_dead 1 f_dead 1
                            224 ;	genCmpEq
   008D 11 AA 52      [10]  225 	ld	de, #0x52aa
   0090 BF            [ 4]  226 	cp	a, a
   0091 ED 52         [15]  227 	sbc	hl, de
                            228 ; common peephole 163 changed absolute to relative conditional jump.
   0093 20 03         [12]  229 	jr	nz, 00232$
   0095 0D            [ 4]  230 	dec	c
                            231 ; common peephole 163 changed absolute to relative conditional jump.
   0096 28 11         [12]  232 	jr	z, 00106$
                            233 ; common peephole 81 removed jp by using inverse jump logic
   0098                     234 00232$:
                            235 ;	skipping generated iCode
                            236 ;	skipping iCode since result will be rematerialized
                            237 ;	skipping iCode since result will be rematerialized
                            238 ;	skipping iCode since result will be rematerialized
                            239 ;	skipping iCode since result will be rematerialized
                            240 ;	skipping iCode since result will be rematerialized
                            241 ;	skipping iCode since result will be rematerialized
                            242 ;	genIpush
                            243 ;	genMove_o size 2 result type 2 source type 1 a_dead 1 hl_dead 1 de_dead 1 iy_dead 1 f_dead 1
   0098 21 2A 00      [10]  244 	ld	hl, #0x002a
   009B E5            [11]  245 	push	hl
                            246 ;	genIpush
                            247 ;	genMove_o size 2 result type 2 source type 7 a_dead 1 hl_dead 1 de_dead 1 iy_dead 1 f_dead 1
   009C 21rF3s03      [10]  248 	ld	hl, #___str_2
   009F E5            [11]  249 	push	hl
                            250 ;	genSend
                            251 ;	genMove_o size 2 result type 2 source type 7 a_dead 1 hl_dead 1 de_dead 1 iy_dead 1 f_dead 1
   00A0 11r2Fs04      [10]  252 	ld	de, #___str_3
                            253 ;	genSend
                            254 ;	genMove_o size 2 result type 2 source type 7 a_dead 1 hl_dead 1 de_dead 0 iy_dead 1 f_dead 1
   00A3 21rC6s03      [10]  255 	ld	hl, #___str_0
                            256 ;	genCall
   00A6 CDr00s00      [17]  257 	call	___fail
                            258 ;	genLabel
   00A9                     259 00106$:
                            260 ;cases/bitintrot/bitintrot_width_17_dist_20_storage_static.c:43: ASSERT (ROR (t1) == ROR (TESTVECT1));
                            261 ;	genPlus
                            262 ;	genMove_o size 2 result type 2 source type 10 a_dead 1 hl_dead 1 de_dead 1 iy_dead 1 f_dead 1
   00A9 2Ar00s00      [16]  263 	ld	hl, (___numTests)
   00AC 23            [ 6]  264 	inc	hl
                            265 ;	genMove_o size 2 result type 10 source type 2 a_dead 1 hl_dead 1 de_dead 1 iy_dead 1 f_dead 1
   00AD 22r00s00      [16]  266 	ld	(___numTests), hl
                            267 ;	genRightShift
                            268 ;	genMove_o size 3 result type 2 source type 10 a_dead 1 hl_dead 1 de_dead 1 iy_dead 1 f_dead 1
   00B0 2Ar00s00      [16]  269 	ld	hl, (_testRot_t1_10000_13)
   00B3 FD 21r00s00   [14]  270 	ld	iy, #_testRot_t1_10000_13
   00B7 FD 4E 02      [19]  271 	ld	c, 2 (iy)
   00BA 06 03         [ 7]  272 	ld	b, #0x03
   00BC                     273 00233$:
   00BC CB 39         [ 8]  274 	srl	c
   00BE CB 1C         [ 8]  275 	rr	h
   00C0 CB 1D         [ 8]  276 	rr	l
                            277 ; common peephole 159 removed unused label 00234$.
   00C2 10 F8         [13]  278 	djnz	00233$
                            279 ;	genMove_o size 3 result type 2 source type 2 a_dead 1 hl_dead 1 de_dead 1 iy_dead 1 f_dead 1
                            280 ;	genLeftShift
                            281 ;	genMove_o size 2 result type 2 source type 10 a_dead 1 hl_dead 0 de_dead 1 iy_dead 1 f_dead 1
   00C4 FD 56 00      [19]  282 	ld	d, 0 (iy)
   00C7 3Ar01s00      [13]  283 	ld	a, (_testRot_t1_10000_13+1)
                            284 ;	genMove_o size 1 result type 2 source type 1 a_dead 1 hl_dead 0 de_dead 0 iy_dead 1 f_dead 1
                            285 ; common peephole 1 removed dead load from #0x00 into e.
   00CA 06 06         [ 7]  286 	ld	b, #0x06
   00CC                     287 00235$:
   00CC CB 22         [ 8]  288 	sla	d
   00CE 8F            [ 4]  289 	adc	a, a
                            290 ; common peephole 159 removed unused label 00236$.
   00CF 10 FB         [13]  291 	djnz	00235$
   00D1 E6 01         [ 7]  292 	and	a, #0x01
                            293 ;	genMove_o size 3 result type 2 source type 2 a_dead 1 hl_dead 0 de_dead 1 iy_dead 1 f_dead 1
                            294 ;	genOr
                            295 ;	genMove_o size 1 result type 2 source type 2 a_dead 0 hl_dead 0 de_dead 0 iy_dead 1 f_dead 1
   00D3 F5            [11]  296 	push	af
   00D4 7C            [ 4]  297 	ld	a, h
   00D5 B2            [ 4]  298 	or	a, d
                            299 ;	genMove_o size 1 result type 2 source type 2 a_dead 1 hl_dead 0 de_dead 0 iy_dead 1 f_dead 1
   00D6 67            [ 4]  300 	ld	h, a
                            301 ;	genMove_o size 0 result type 2 source type 1 a_dead 1 hl_dead 0 de_dead 0 iy_dead 1 f_dead 1
   00D7 F1            [10]  302 	pop	af
                            303 ;	genMove_o size 1 result type 2 source type 2 a_dead 1 hl_dead 0 de_dead 0 iy_dead 1 f_dead 1
   00D8 4F            [ 4]  304 	ld	c, a
                            305 ;	genMove_o size 0 result type 2 source type 1 a_dead 1 hl_dead 0 de_dead 0 iy_dead 1 f_dead 1
                            306 ;	genCmpEq
   00D9 11 14 40      [10]  307 	ld	de, #0x4014
   00DC BF            [ 4]  308 	cp	a, a
   00DD ED 52         [15]  309 	sbc	hl, de
                            310 ; common peephole 163 changed absolute to relative conditional jump.
   00DF 20 03         [12]  311 	jr	nz, 00237$
   00E1 0D            [ 4]  312 	dec	c
                            313 ; common peephole 163 changed absolute to relative conditional jump.
   00E2 28 11         [12]  314 	jr	z, 00108$
                            315 ; common peephole 81 removed jp by using inverse jump logic
   00E4                     316 00237$:
                            317 ;	skipping generated iCode
                            318 ;	skipping iCode since result will be rematerialized
                            319 ;	skipping iCode since result will be rematerialized
                            320 ;	skipping iCode since result will be rematerialized
                            321 ;	skipping iCode since result will be rematerialized
                            322 ;	skipping iCode since result will be rematerialized
                            323 ;	skipping iCode since result will be rematerialized
                            324 ;	genIpush
                            325 ;	genMove_o size 2 result type 2 source type 1 a_dead 1 hl_dead 1 de_dead 1 iy_dead 1 f_dead 1
   00E4 21 2B 00      [10]  326 	ld	hl, #0x002b
   00E7 E5            [11]  327 	push	hl
                            328 ;	genIpush
                            329 ;	genMove_o size 2 result type 2 source type 7 a_dead 1 hl_dead 1 de_dead 1 iy_dead 1 f_dead 1
   00E8 21rF3s03      [10]  330 	ld	hl, #___str_2
   00EB E5            [11]  331 	push	hl
                            332 ;	genSend
                            333 ;	genMove_o size 2 result type 2 source type 7 a_dead 1 hl_dead 1 de_dead 1 iy_dead 1 f_dead 1
   00EC 11r4Bs04      [10]  334 	ld	de, #___str_4
                            335 ;	genSend
                            336 ;	genMove_o size 2 result type 2 source type 7 a_dead 1 hl_dead 1 de_dead 0 iy_dead 1 f_dead 1
   00EF 21rC6s03      [10]  337 	ld	hl, #___str_0
                            338 ;	genCall
   00F2 CDr00s00      [17]  339 	call	___fail
                            340 ;	genLabel
   00F5                     341 00108$:
                            342 ;cases/bitintrot/bitintrot_width_17_dist_20_storage_static.c:44: ASSERT (ROR (t2) == ROR (TESTVECT2));
                            343 ;	genPlus
                            344 ;	genMove_o size 2 result type 2 source type 10 a_dead 1 hl_dead 1 de_dead 1 iy_dead 1 f_dead 1
   00F5 2Ar00s00      [16]  345 	ld	hl, (___numTests)
   00F8 23            [ 6]  346 	inc	hl
                            347 ;	genMove_o size 2 result type 10 source type 2 a_dead 1 hl_dead 1 de_dead 1 iy_dead 1 f_dead 1
   00F9 22r00s00      [16]  348 	ld	(___numTests), hl
                            349 ;	genRightShift
                            350 ;	genMove_o size 3 result type 2 source type 10 a_dead 1 hl_dead 1 de_dead 1 iy_dead 1 f_dead 1
   00FC 2Ar03s00      [16]  351 	ld	hl, (_testRot_t2_10000_13)
   00FF FD 21r03s00   [14]  352 	ld	iy, #_testRot_t2_10000_13
   0103 FD 4E 02      [19]  353 	ld	c, 2 (iy)
   0106 06 03         [ 7]  354 	ld	b, #0x03
   0108                     355 00238$:
   0108 CB 39         [ 8]  356 	srl	c
   010A CB 1C         [ 8]  357 	rr	h
   010C CB 1D         [ 8]  358 	rr	l
                            359 ; common peephole 159 removed unused label 00239$.
   010E 10 F8         [13]  360 	djnz	00238$
                            361 ;	genMove_o size 3 result type 2 source type 2 a_dead 1 hl_dead 1 de_dead 1 iy_dead 1 f_dead 1
                            362 ;	genLeftShift
                            363 ;	genMove_o size 2 result type 2 source type 10 a_dead 1 hl_dead 0 de_dead 1 iy_dead 1 f_dead 1
   0110 FD 56 00      [19]  364 	ld	d, 0 (iy)
   0113 3Ar04s00      [13]  365 	ld	a, (_testRot_t2_10000_13+1)
                            366 ;	genMove_o size 1 result type 2 source type 1 a_dead 1 hl_dead 0 de_dead 0 iy_dead 1 f_dead 1
                            367 ; common peephole 1 removed dead load from #0x00 into e.
   0116 06 06         [ 7]  368 	ld	b, #0x06
   0118                     369 00240$:
   0118 CB 22         [ 8]  370 	sla	d
   011A 8F            [ 4]  371 	adc	a, a
                            372 ; common peephole 159 removed unused label 00241$.
   011B 10 FB         [13]  373 	djnz	00240$
   011D E6 01         [ 7]  374 	and	a, #0x01
                            375 ;	genMove_o size 3 result type 2 source type 2 a_dead 1 hl_dead 0 de_dead 1 iy_dead 1 f_dead 1
                            376 ;	genOr
                            377 ;	genMove_o size 1 result type 2 source type 2 a_dead 0 hl_dead 0 de_dead 0 iy_dead 1 f_dead 1
   011F F5            [11]  378 	push	af
   0120 7C            [ 4]  379 	ld	a, h
   0121 B2            [ 4]  380 	or	a, d
                            381 ;	genMove_o size 1 result type 2 source type 2 a_dead 1 hl_dead 0 de_dead 0 iy_dead 1 f_dead 1
   0122 67            [ 4]  382 	ld	h, a
                            383 ;	genMove_o size 0 result type 2 source type 1 a_dead 1 hl_dead 0 de_dead 0 iy_dead 1 f_dead 1
   0123 F1            [10]  384 	pop	af
                            385 ;	genMove_o size 1 result type 2 source type 2 a_dead 1 hl_dead 0 de_dead 0 iy_dead 1 f_dead 1
   0124 4F            [ 4]  386 	ld	c, a
                            387 ;	genMove_o size 0 result type 2 source type 1 a_dead 1 hl_dead 0 de_dead 0 iy_dead 1 f_dead 1
                            388 ;	genCmpEq
   0125 11 4A 55      [10]  389 	ld	de, #0x554a
   0128 BF            [ 4]  390 	cp	a, a
   0129 ED 52         [15]  391 	sbc	hl, de
                            392 ; common peephole 163 changed absolute to relative conditional jump.
   012B 20 03         [12]  393 	jr	nz, 00242$
   012D 0D            [ 4]  394 	dec	c
                            395 ; common peephole 163 changed absolute to relative conditional jump.
   012E 28 11         [12]  396 	jr	z, 00110$
                            397 ; common peephole 81 removed jp by using inverse jump logic
   0130                     398 00242$:
                            399 ;	skipping generated iCode
                            400 ;	skipping iCode since result will be rematerialized
                            401 ;	skipping iCode since result will be rematerialized
                            402 ;	skipping iCode since result will be rematerialized
                            403 ;	skipping iCode since result will be rematerialized
                            404 ;	skipping iCode since result will be rematerialized
                            405 ;	skipping iCode since result will be rematerialized
                            406 ;	genIpush
                            407 ;	genMove_o size 2 result type 2 source type 1 a_dead 1 hl_dead 1 de_dead 1 iy_dead 1 f_dead 1
   0130 21 2C 00      [10]  408 	ld	hl, #0x002c
   0133 E5            [11]  409 	push	hl
                            410 ;	genIpush
                            411 ;	genMove_o size 2 result type 2 source type 7 a_dead 1 hl_dead 1 de_dead 1 iy_dead 1 f_dead 1
   0134 21rF3s03      [10]  412 	ld	hl, #___str_2
   0137 E5            [11]  413 	push	hl
                            414 ;	genSend
                            415 ;	genMove_o size 2 result type 2 source type 7 a_dead 1 hl_dead 1 de_dead 1 iy_dead 1 f_dead 1
   0138 11r67s04      [10]  416 	ld	de, #___str_5
                            417 ;	genSend
                            418 ;	genMove_o size 2 result type 2 source type 7 a_dead 1 hl_dead 1 de_dead 0 iy_dead 1 f_dead 1
   013B 21rC6s03      [10]  419 	ld	hl, #___str_0
                            420 ;	genCall
   013E CDr00s00      [17]  421 	call	___fail
                            422 ;	genLabel
   0141                     423 00110$:
                            424 ;cases/bitintrot/bitintrot_width_17_dist_20_storage_static.c:45: ASSERT (NROL (t1) == NROL (TESTVECT1));
                            425 ;	genPlus
                            426 ;	genMove_o size 2 result type 2 source type 10 a_dead 1 hl_dead 1 de_dead 1 iy_dead 1 f_dead 1
   0141 2Ar00s00      [16]  427 	ld	hl, (___numTests)
   0144 23            [ 6]  428 	inc	hl
                            429 ;	genMove_o size 2 result type 10 source type 2 a_dead 1 hl_dead 1 de_dead 1 iy_dead 1 f_dead 1
   0145 22r00s00      [16]  430 	ld	(___numTests), hl
                            431 ;	genLeftShift
                            432 ;	genMove_o size 2 result type 6 source type 10 a_dead 1 hl_dead 1 de_dead 1 iy_dead 1 f_dead 1
   0148 3Ar00s00      [13]  433 	ld	a, (_testRot_t1_10000_13+0)
   014B DD 77 FE      [19]  434 	ld	-2 (ix), a
   014E 3Ar01s00      [13]  435 	ld	a, (_testRot_t1_10000_13+1)
   0151 DD 77 FF      [19]  436 	ld	-1 (ix), a
                            437 ;	genMove_o size 1 result type 6 source type 1 a_dead 1 hl_dead 1 de_dead 1 iy_dead 1 f_dead 1
   0154 DD 36 FD 00   [19]  438 	ld	-3 (ix), #0x00
   0158 DD 7E FF      [19]  439 	ld	a, -1 (ix)
   015B E6 01         [ 7]  440 	and	a, #0x01
   015D DD 77 FF      [19]  441 	ld	-1 (ix), a
                            442 ;	genMove_o size 3 result type 6 source type 6 a_dead 1 hl_dead 1 de_dead 1 iy_dead 1 f_dead 1
                            443 ;	genRightShift
                            444 ;	genMove_o size 2 result type 2 source type 10 a_dead 1 hl_dead 1 de_dead 1 iy_dead 1 f_dead 1
   0160 2Ar01s00      [16]  445 	ld	hl, (_testRot_t1_10000_13 + 1)
                            446 ;	genMove_o size 1 result type 2 source type 1 a_dead 1 hl_dead 0 de_dead 0 iy_dead 1 f_dead 1
                            447 ; common peephole 6b removed dead xor a, a
   0163 06 06         [ 7]  448 	ld	b, #0x06
   0165                     449 00245$:
   0165 CB 3C         [ 8]  450 	srl	h
   0167 CB 1D         [ 8]  451 	rr	l
                            452 ; common peephole 159 removed unused label 00246$.
   0169 10 FA         [13]  453 	djnz	00245$
                            454 ;	genMove_o size 3 result type 2 source type 2 a_dead 1 hl_dead 1 de_dead 1 iy_dead 1 f_dead 1
                            455 ;	genOr
                            456 ;	genMove_o size 1 result type 2 source type 2 a_dead 0 hl_dead 0 de_dead 1 iy_dead 1 f_dead 1
                            457 ;	genMove_o size 2 result type 2 source type 6 a_dead 0 hl_dead 0 de_dead 1 iy_dead 1 f_dead 1
   016B DD 66 FE      [19]  458 	ld	h, -2 (ix)
   016E DD 7E FF      [19]  459 	ld	a, -1 (ix)
                            460 ;	genMove_o size 0 result type 2 source type 1 a_dead 1 hl_dead 0 de_dead 1 iy_dead 1 f_dead 1
                            461 ;	genCmpEq
   0171 B7            [ 4]  462 	or	a, a
   0172 B5            [ 4]  463 	or	a, l
                            464 ; common peephole 163 changed absolute to relative conditional jump.
   0173 20 05         [12]  465 	jr	nz, 00247$
                            466 ;	genMove_o size 1 result type 2 source type 2 a_dead 1 hl_dead 0 de_dead 0 iy_dead 0 f_dead 1
   0175 7C            [ 4]  467 	ld	a, h
                            468 ;	genMove_o size 0 result type 2 source type 1 a_dead 1 hl_dead 0 de_dead 0 iy_dead 0 f_dead 1
   0176 D6 A5         [ 7]  469 	sub	a, #0xa5
                            470 ; common peephole 163 changed absolute to relative conditional jump.
   0178 28 11         [12]  471 	jr	z, 00112$
                            472 ; common peephole 81 removed jp by using inverse jump logic
   017A                     473 00247$:
                            474 ;	skipping generated iCode
                            475 ;	skipping iCode since result will be rematerialized
                            476 ;	skipping iCode since result will be rematerialized
                            477 ;	skipping iCode since result will be rematerialized
                            478 ;	skipping iCode since result will be rematerialized
                            479 ;	skipping iCode since result will be rematerialized
                            480 ;	skipping iCode since result will be rematerialized
                            481 ;	genIpush
                            482 ;	genMove_o size 2 result type 2 source type 1 a_dead 1 hl_dead 1 de_dead 1 iy_dead 1 f_dead 1
   017A 21 2D 00      [10]  483 	ld	hl, #0x002d
   017D E5            [11]  484 	push	hl
                            485 ;	genIpush
                            486 ;	genMove_o size 2 result type 2 source type 7 a_dead 1 hl_dead 1 de_dead 1 iy_dead 1 f_dead 1
   017E 21rF3s03      [10]  487 	ld	hl, #___str_2
   0181 E5            [11]  488 	push	hl
                            489 ;	genSend
                            490 ;	genMove_o size 2 result type 2 source type 7 a_dead 1 hl_dead 1 de_dead 1 iy_dead 1 f_dead 1
   0182 11r83s04      [10]  491 	ld	de, #___str_6
                            492 ;	genSend
                            493 ;	genMove_o size 2 result type 2 source type 7 a_dead 1 hl_dead 1 de_dead 0 iy_dead 1 f_dead 1
   0185 21rC6s03      [10]  494 	ld	hl, #___str_0
                            495 ;	genCall
   0188 CDr00s00      [17]  496 	call	___fail
                            497 ;	genLabel
   018B                     498 00112$:
                            499 ;cases/bitintrot/bitintrot_width_17_dist_20_storage_static.c:46: ASSERT (NROL (t2) == NROL (TESTVECT2));
                            500 ;	genPlus
                            501 ;	genMove_o size 2 result type 2 source type 10 a_dead 1 hl_dead 1 de_dead 1 iy_dead 1 f_dead 1
   018B 2Ar00s00      [16]  502 	ld	hl, (___numTests)
   018E 23            [ 6]  503 	inc	hl
                            504 ;	genMove_o size 2 result type 10 source type 2 a_dead 1 hl_dead 1 de_dead 1 iy_dead 1 f_dead 1
   018F 22r00s00      [16]  505 	ld	(___numTests), hl
                            506 ;	genLeftShift
                            507 ;	genMove_o size 2 result type 2 source type 10 a_dead 1 hl_dead 1 de_dead 1 iy_dead 1 f_dead 1
   0192 3Ar03s00      [13]  508 	ld	a, (_testRot_t2_10000_13)
   0195 57            [ 4]  509 	ld	d, a
   0196 2Ar04s00      [16]  510 	ld	hl, (_testRot_t2_10000_13 + 1)
                            511 ;	genMove_o size 1 result type 2 source type 1 a_dead 1 hl_dead 0 de_dead 0 iy_dead 1 f_dead 1
                            512 ; common peephole 1 removed dead load from #0x00 into e.
   0199 7D            [ 4]  513 	ld	a, l
   019A E6 01         [ 7]  514 	and	a, #0x01
   019C 6F            [ 4]  515 	ld	l, a
                            516 ;	genMove_o size 3 result type 2 source type 2 a_dead 1 hl_dead 1 de_dead 1 iy_dead 1 f_dead 1
                            517 ;	genRightShift
                            518 ;	genMove_o size 2 result type 6 source type 10 a_dead 1 hl_dead 0 de_dead 0 iy_dead 1 f_dead 1
   019D 3Ar04s00      [13]  519 	ld	a, (_testRot_t2_10000_13+1)
   01A0 DD 77 FD      [19]  520 	ld	-3 (ix), a
   01A3 3Ar05s00      [13]  521 	ld	a, (_testRot_t2_10000_13+2)
   01A6 DD 77 FE      [19]  522 	ld	-2 (ix), a
                            523 ;	genMove_o size 1 result type 6 source type 1 a_dead 1 hl_dead 0 de_dead 0 iy_dead 1 f_dead 1
   01A9 DD 36 FF 00   [19]  524 	ld	-1 (ix), #0x00
   01AD 06 06         [ 7]  525 	ld	b, #0x06
   01AF                     526 00250$:
   01AF DD CB FE 3E   [23]  527 	srl	-2 (ix)
   01B3 DD CB FD 1E   [23]  528 	rr	-3 (ix)
                            529 ; common peephole 159 removed unused label 00251$.
   01B7 10 F6         [13]  530 	djnz	00250$
                            531 ;	genMove_o size 3 result type 6 source type 6 a_dead 1 hl_dead 0 de_dead 0 iy_dead 1 f_dead 1
                            532 ;	genOr
                            533 ;	genMove_o size 1 result type 2 source type 6 a_dead 1 hl_dead 0 de_dead 0 iy_dead 1 f_dead 1
                            534 ;	genMove_o size 0 result type 2 source type 1 a_dead 1 hl_dead 0 de_dead 0 iy_dead 1 f_dead 1
                            535 ;	genMove_o size 2 result type 2 source type 2 a_dead 1 hl_dead 0 de_dead 0 iy_dead 1 f_dead 1
                            536 ;	genCmpEq
                            537 ;	genMove_o size 1 result type 2 source type 2 a_dead 1 hl_dead 0 de_dead 0 iy_dead 0 f_dead 1
                            538 ; common peephole 12 loaded -3 (ix) into a directly instead of going through e.
   01B9 DD 7E FD      [19]  539 	ld	a, -3 (ix)
                            540 ;	genMove_o size 0 result type 2 source type 1 a_dead 1 hl_dead 0 de_dead 0 iy_dead 0 f_dead 1
   01BC D6 02         [ 7]  541 	sub	a, #0x02
                            542 ; common peephole 163 changed absolute to relative conditional jump.
   01BE 20 06         [12]  543 	jr	nz, 00252$
                            544 ;	genMove_o size 1 result type 2 source type 2 a_dead 1 hl_dead 0 de_dead 0 iy_dead 0 f_dead 1
   01C0 7A            [ 4]  545 	ld	a, d
                            546 ;	genMove_o size 0 result type 2 source type 1 a_dead 1 hl_dead 0 de_dead 0 iy_dead 0 f_dead 1
   01C1 D6 55         [ 7]  547 	sub	a, #0x55
   01C3 B5            [ 4]  548 	or	a, l
                            549 ; common peephole 163 changed absolute to relative conditional jump.
   01C4 28 11         [12]  550 	jr	z, 00114$
                            551 ; common peephole 81 removed jp by using inverse jump logic
   01C6                     552 00252$:
                            553 ;	skipping generated iCode
                            554 ;	skipping iCode since result will be rematerialized
                            555 ;	skipping iCode since result will be rematerialized
                            556 ;	skipping iCode since result will be rematerialized
                            557 ;	skipping iCode since result will be rematerialized
                            558 ;	skipping iCode since result will be rematerialized
                            559 ;	skipping iCode since result will be rematerialized
                            560 ;	genIpush
                            561 ;	genMove_o size 2 result type 2 source type 1 a_dead 1 hl_dead 1 de_dead 1 iy_dead 1 f_dead 1
   01C6 21 2E 00      [10]  562 	ld	hl, #0x002e
   01C9 E5            [11]  563 	push	hl
                            564 ;	genIpush
                            565 ;	genMove_o size 2 result type 2 source type 7 a_dead 1 hl_dead 1 de_dead 1 iy_dead 1 f_dead 1
   01CA 21rF3s03      [10]  566 	ld	hl, #___str_2
   01CD E5            [11]  567 	push	hl
                            568 ;	genSend
                            569 ;	genMove_o size 2 result type 2 source type 7 a_dead 1 hl_dead 1 de_dead 1 iy_dead 1 f_dead 1
   01CE 11rA1s04      [10]  570 	ld	de, #___str_7
                            571 ;	genSend
                            572 ;	genMove_o size 2 result type 2 source type 7 a_dead 1 hl_dead 1 de_dead 0 iy_dead 1 f_dead 1
   01D1 21rC6s03      [10]  573 	ld	hl, #___str_0
                            574 ;	genCall
   01D4 CDr00s00      [17]  575 	call	___fail
                            576 ;	genLabel
   01D7                     577 00114$:
                            578 ;cases/bitintrot/bitintrot_width_17_dist_20_storage_static.c:47: ASSERT (NROL2 (t1) == NROL2 (TESTVECT1));
                            579 ;	genPlus
                            580 ;	genMove_o size 2 result type 2 source type 10 a_dead 1 hl_dead 1 de_dead 1 iy_dead 1 f_dead 1
   01D7 2Ar00s00      [16]  581 	ld	hl, (___numTests)
   01DA 23            [ 6]  582 	inc	hl
                            583 ;	genMove_o size 2 result type 10 source type 2 a_dead 1 hl_dead 1 de_dead 1 iy_dead 1 f_dead 1
   01DB 22r00s00      [16]  584 	ld	(___numTests), hl
                            585 ;	genRightShift
                            586 ;	genMove_o size 2 result type 6 source type 10 a_dead 1 hl_dead 1 de_dead 1 iy_dead 1 f_dead 1
   01DE 3Ar01s00      [13]  587 	ld	a, (_testRot_t1_10000_13+1)
   01E1 DD 77 FD      [19]  588 	ld	-3 (ix), a
   01E4 3Ar02s00      [13]  589 	ld	a, (_testRot_t1_10000_13+2)
   01E7 DD 77 FE      [19]  590 	ld	-2 (ix), a
                            591 ;	genMove_o size 1 result type 6 source type 1 a_dead 1 hl_dead 1 de_dead 0 iy_dead 1 f_dead 1
   01EA DD 36 FF 00   [19]  592 	ld	-1 (ix), #0x00
                            593 ;	genMove_o size 3 result type 6 source type 6 a_dead 1 hl_dead 1 de_dead 1 iy_dead 1 f_dead 1
                            594 ;	genLeftShift
                            595 ;	genMove_o size 2 result type 2 source type 10 a_dead 1 hl_dead 1 de_dead 1 iy_dead 1 f_dead 1
   01EE 3Ar00s00      [13]  596 	ld	a, (_testRot_t1_10000_13)
   01F1 57            [ 4]  597 	ld	d, a
   01F2 3Ar01s00      [13]  598 	ld	a, (_testRot_t1_10000_13+1)
                            599 ;	genMove_o size 1 result type 2 source type 1 a_dead 1 hl_dead 1 de_dead 0 iy_dead 1 f_dead 1
                            600 ; common peephole 1 removed dead load from #0x00 into e.
   01F5 06 06         [ 7]  601 	ld	b, #0x06
   01F7                     602 00255$:
   01F7 CB 22         [ 8]  603 	sla	d
   01F9 8F            [ 4]  604 	adc	a, a
                            605 ; common peephole 159 removed unused label 00256$.
   01FA 10 FB         [13]  606 	djnz	00255$
   01FC E6 01         [ 7]  607 	and	a, #0x01
                            608 ;	genMove_o size 3 result type 2 source type 2 a_dead 1 hl_dead 1 de_dead 1 iy_dead 1 f_dead 1
                            609 ;	genOr
                            610 ;	genMove_o size 1 result type 2 source type 6 a_dead 0 hl_dead 1 de_dead 0 iy_dead 1 f_dead 1
   01FE DD 4E FD      [19]  611 	ld	c, -3 (ix)
                            612 ;	genMove_o size 0 result type 2 source type 1 a_dead 0 hl_dead 1 de_dead 0 iy_dead 1 f_dead 1
   0201 F5            [11]  613 	push	af
   0202 DD 7E FE      [19]  614 	ld	a, -2 (ix)
   0205 B2            [ 4]  615 	or	a, d
                            616 ;	genMove_o size 1 result type 2 source type 2 a_dead 1 hl_dead 1 de_dead 0 iy_dead 1 f_dead 1
   0206 47            [ 4]  617 	ld	b, a
                            618 ;	genMove_o size 0 result type 2 source type 1 a_dead 1 hl_dead 1 de_dead 0 iy_dead 1 f_dead 1
   0207 F1            [10]  619 	pop	af
                            620 ;	genMove_o size 1 result type 2 source type 2 a_dead 1 hl_dead 1 de_dead 0 iy_dead 1 f_dead 1
   0208 5F            [ 4]  621 	ld	e, a
                            622 ;	genMove_o size 0 result type 2 source type 1 a_dead 1 hl_dead 1 de_dead 0 iy_dead 1 f_dead 1
                            623 ;	genCmpEq
   0209 79            [ 4]  624 	ld	a, c
   020A B7            [ 4]  625 	or	a, a
                            626 ; common peephole 163 changed absolute to relative conditional jump.
   020B 20 08         [12]  627 	jr	nz, 00257$
                            628 ;	genMove_o size 1 result type 2 source type 2 a_dead 1 hl_dead 1 de_dead 0 iy_dead 0 f_dead 1
   020D 78            [ 4]  629 	ld	a, b
                            630 ;	genMove_o size 0 result type 2 source type 1 a_dead 1 hl_dead 1 de_dead 0 iy_dead 0 f_dead 1
   020E D6 40         [ 7]  631 	sub	a, #0x40
                            632 ; common peephole 163 changed absolute to relative conditional jump.
   0210 20 03         [12]  633 	jr	nz, 00257$
   0212 1D            [ 4]  634 	dec	e
                            635 ; common peephole 163 changed absolute to relative conditional jump.
   0213 28 11         [12]  636 	jr	z, 00116$
                            637 ; common peephole 81 removed jp by using inverse jump logic
   0215                     638 00257$:
                            639 ;	skipping generated iCode
                            640 ;	skipping iCode since result will be rematerialized
                            641 ;	skipping iCode since result will be rematerialized
                            642 ;	skipping iCode since result will be rematerialized
                            643 ;	skipping iCode since result will be rematerialized
                            644 ;	skipping iCode since result will be rematerialized
                            645 ;	skipping iCode since result will be rematerialized
                            646 ;	genIpush
                            647 ;	genMove_o size 2 result type 2 source type 1 a_dead 1 hl_dead 1 de_dead 1 iy_dead 1 f_dead 1
   0215 21 2F 00      [10]  648 	ld	hl, #0x002f
   0218 E5            [11]  649 	push	hl
                            650 ;	genIpush
                            651 ;	genMove_o size 2 result type 2 source type 7 a_dead 1 hl_dead 1 de_dead 1 iy_dead 1 f_dead 1
   0219 21rF3s03      [10]  652 	ld	hl, #___str_2
   021C E5            [11]  653 	push	hl
                            654 ;	genSend
                            655 ;	genMove_o size 2 result type 2 source type 7 a_dead 1 hl_dead 1 de_dead 1 iy_dead 1 f_dead 1
   021D 11rBFs04      [10]  656 	ld	de, #___str_8
                            657 ;	genSend
                            658 ;	genMove_o size 2 result type 2 source type 7 a_dead 1 hl_dead 1 de_dead 0 iy_dead 1 f_dead 1
   0220 21rC6s03      [10]  659 	ld	hl, #___str_0
                            660 ;	genCall
   0223 CDr00s00      [17]  661 	call	___fail
                            662 ;	genLabel
   0226                     663 00116$:
                            664 ;cases/bitintrot/bitintrot_width_17_dist_20_storage_static.c:48: ASSERT (NROL2 (t2) == NROL2 (TESTVECT2));
                            665 ;	genPlus
                            666 ;	genMove_o size 2 result type 2 source type 10 a_dead 1 hl_dead 1 de_dead 1 iy_dead 1 f_dead 1
   0226 2Ar00s00      [16]  667 	ld	hl, (___numTests)
   0229 23            [ 6]  668 	inc	hl
                            669 ;	genMove_o size 2 result type 10 source type 2 a_dead 1 hl_dead 1 de_dead 1 iy_dead 1 f_dead 1
   022A 22r00s00      [16]  670 	ld	(___numTests), hl
                            671 ;	genRightShift
                            672 ;	genMove_o size 2 result type 2 source type 10 a_dead 1 hl_dead 1 de_dead 1 iy_dead 1 f_dead 1
   022D 2Ar04s00      [16]  673 	ld	hl, (_testRot_t2_10000_13 + 1)
                            674 ;	genMove_o size 1 result type 2 source type 1 a_dead 1 hl_dead 0 de_dead 0 iy_dead 1 f_dead 1
                            675 ; common peephole 1 removed dead load from #0x00 into c.
                            676 ;	genMove_o size 3 result type 2 source type 2 a_dead 1 hl_dead 1 de_dead 1 iy_dead 1 f_dead 1
                            677 ;	genLeftShift
                            678 ;	genMove_o size 2 result type 2 source type 10 a_dead 1 hl_dead 0 de_dead 1 iy_dead 1 f_dead 1
   0230 3Ar03s00      [13]  679 	ld	a, (_testRot_t2_10000_13)
   0233 57            [ 4]  680 	ld	d, a
   0234 3Ar04s00      [13]  681 	ld	a, (_testRot_t2_10000_13+1)
                            682 ;	genMove_o size 1 result type 2 source type 1 a_dead 1 hl_dead 0 de_dead 0 iy_dead 1 f_dead 1
                            683 ; common peephole 1 removed dead load from #0x00 into e.
   0237 06 06         [ 7]  684 	ld	b, #0x06
   0239                     685 00260$:
   0239 CB 22         [ 8]  686 	sla	d
   023B 8F            [ 4]  687 	adc	a, a
                            688 ; common peephole 159 removed unused label 00261$.
   023C 10 FB         [13]  689 	djnz	00260$
   023E E6 01         [ 7]  690 	and	a, #0x01
                            691 ;	genMove_o size 3 result type 2 source type 2 a_dead 1 hl_dead 0 de_dead 1 iy_dead 1 f_dead 1
                            692 ;	genOr
                            693 ;	genMove_o size 1 result type 2 source type 2 a_dead 0 hl_dead 0 de_dead 0 iy_dead 1 f_dead 1
   0240 F5            [11]  694 	push	af
   0241 7C            [ 4]  695 	ld	a, h
   0242 B2            [ 4]  696 	or	a, d
                            697 ;	genMove_o size 1 result type 2 source type 2 a_dead 1 hl_dead 0 de_dead 0 iy_dead 1 f_dead 1
   0243 67            [ 4]  698 	ld	h, a
                            699 ;	genMove_o size 0 result type 2 source type 1 a_dead 1 hl_dead 0 de_dead 0 iy_dead 1 f_dead 1
   0244 F1            [10]  700 	pop	af
                            701 ;	genMove_o size 1 result type 2 source type 2 a_dead 1 hl_dead 0 de_dead 0 iy_dead 1 f_dead 1
   0245 4F            [ 4]  702 	ld	c, a
                            703 ;	genMove_o size 0 result type 2 source type 1 a_dead 1 hl_dead 0 de_dead 0 iy_dead 1 f_dead 1
                            704 ;	genCmpEq
   0246 11 AA 40      [10]  705 	ld	de, #0x40aa
   0249 BF            [ 4]  706 	cp	a, a
   024A ED 52         [15]  707 	sbc	hl, de
                            708 ; common peephole 163 changed absolute to relative conditional jump.
   024C 20 03         [12]  709 	jr	nz, 00262$
   024E 0D            [ 4]  710 	dec	c
                            711 ; common peephole 163 changed absolute to relative conditional jump.
   024F 28 11         [12]  712 	jr	z, 00118$
                            713 ; common peephole 81 removed jp by using inverse jump logic
   0251                     714 00262$:
                            715 ;	skipping generated iCode
                            716 ;	skipping iCode since result will be rematerialized
                            717 ;	skipping iCode since result will be rematerialized
                            718 ;	skipping iCode since result will be rematerialized
                            719 ;	skipping iCode since result will be rematerialized
                            720 ;	skipping iCode since result will be rematerialized
                            721 ;	skipping iCode since result will be rematerialized
                            722 ;	genIpush
                            723 ;	genMove_o size 2 result type 2 source type 1 a_dead 1 hl_dead 1 de_dead 1 iy_dead 1 f_dead 1
   0251 21 30 00      [10]  724 	ld	hl, #0x0030
   0254 E5            [11]  725 	push	hl
                            726 ;	genIpush
                            727 ;	genMove_o size 2 result type 2 source type 7 a_dead 1 hl_dead 1 de_dead 1 iy_dead 1 f_dead 1
   0255 21rF3s03      [10]  728 	ld	hl, #___str_2
   0258 E5            [11]  729 	push	hl
                            730 ;	genSend
                            731 ;	genMove_o size 2 result type 2 source type 7 a_dead 1 hl_dead 1 de_dead 1 iy_dead 1 f_dead 1
   0259 11rDFs04      [10]  732 	ld	de, #___str_9
                            733 ;	genSend
                            734 ;	genMove_o size 2 result type 2 source type 7 a_dead 1 hl_dead 1 de_dead 0 iy_dead 1 f_dead 1
   025C 21rC6s03      [10]  735 	ld	hl, #___str_0
                            736 ;	genCall
   025F CDr00s00      [17]  737 	call	___fail
                            738 ;	genLabel
   0262                     739 00118$:
                            740 ;cases/bitintrot/bitintrot_width_17_dist_20_storage_static.c:50: t1 = ROL(t1);
                            741 ;	genLeftShift
                            742 ;	genMove_o size 3 result type 2 source type 10 a_dead 1 hl_dead 1 de_dead 1 iy_dead 1 f_dead 1
   0262 2Ar00s00      [16]  743 	ld	hl, (_testRot_t1_10000_13)
   0265 3Ar02s00      [13]  744 	ld	a, (_testRot_t1_10000_13+2)
                            745 ;	genMove_o size 0 result type 2 source type 1 a_dead 1 hl_dead 0 de_dead 1 iy_dead 1 f_dead 1
   0268 06 03         [ 7]  746 	ld	b, #0x03
   026A                     747 00263$:
   026A 29            [11]  748 	add	hl, hl
   026B 8F            [ 4]  749 	adc	a, a
                            750 ; common peephole 159 removed unused label 00264$.
   026C 10 FC         [13]  751 	djnz	00263$
   026E E6 01         [ 7]  752 	and	a, #0x01
                            753 ;	genMove_o size 3 result type 2 source type 2 a_dead 1 hl_dead 1 de_dead 1 iy_dead 1 f_dead 1
                            754 ;	genRightShift
   0270 F5            [11]  755 	push	af
                            756 ;	genMove_o size 2 result type 2 source type 10 a_dead 1 hl_dead 0 de_dead 1 iy_dead 1 f_dead 1
   0271 ED 5Br01s00   [20]  757 	ld	de, (_testRot_t1_10000_13 + 1)
                            758 ;	genMove_o size 1 result type 2 source type 1 a_dead 1 hl_dead 0 de_dead 0 iy_dead 1 f_dead 1
                            759 ; common peephole 1 removed dead load from #0x00 into c.
   0275 F1            [10]  760 	pop	af
   0276 06 06         [ 7]  761 	ld	b, #0x06
   0278                     762 00265$:
   0278 CB 3A         [ 8]  763 	srl	d
   027A CB 1B         [ 8]  764 	rr	e
                            765 ; common peephole 159 removed unused label 00266$.
   027C 10 FA         [13]  766 	djnz	00265$
                            767 ;	genMove_o size 3 result type 2 source type 2 a_dead 0 hl_dead 0 de_dead 1 iy_dead 1 f_dead 1
                            768 ;	genOr
   027E F5            [11]  769 	push	af
   027F 7D            [ 4]  770 	ld	a, l
   0280 B3            [ 4]  771 	or	a, e
                            772 ;	genMove_o size 1 result type 10 source type 2 a_dead 1 hl_dead 0 de_dead 0 iy_dead 1 f_dead 1
   0281 32r00s00      [13]  773 	ld	(_testRot_t1_10000_13+0), a
   0284 7C            [ 4]  774 	ld	a, h
   0285 B2            [ 4]  775 	or	a, d
                            776 ;	genMove_o size 1 result type 10 source type 2 a_dead 1 hl_dead 1 de_dead 0 iy_dead 1 f_dead 1
   0286 32r01s00      [13]  777 	ld	(_testRot_t1_10000_13+1), a
   0289 F1            [10]  778 	pop	af
                            779 ;	genMove_o size 1 result type 10 source type 2 a_dead 1 hl_dead 1 de_dead 0 iy_dead 1 f_dead 1
   028A 32r02s00      [13]  780 	ld	(_testRot_t1_10000_13+2), a
                            781 ;cases/bitintrot/bitintrot_width_17_dist_20_storage_static.c:51: t2 = ROL(t2);
                            782 ;	genLeftShift
                            783 ;	genMove_o size 3 result type 2 source type 10 a_dead 1 hl_dead 1 de_dead 1 iy_dead 1 f_dead 1
   028D 2Ar03s00      [16]  784 	ld	hl, (_testRot_t2_10000_13)
   0290 3Ar05s00      [13]  785 	ld	a, (_testRot_t2_10000_13+2)
                            786 ;	genMove_o size 0 result type 2 source type 1 a_dead 1 hl_dead 0 de_dead 1 iy_dead 1 f_dead 1
   0293 06 03         [ 7]  787 	ld	b, #0x03
   0295                     788 00267$:
   0295 29            [11]  789 	add	hl, hl
   0296 8F            [ 4]  790 	adc	a, a
                            791 ; common peephole 159 removed unused label 00268$.
   0297 10 FC         [13]  792 	djnz	00267$
   0299 E6 01         [ 7]  793 	and	a, #0x01
                            794 ;	genMove_o size 3 result type 2 source type 2 a_dead 1 hl_dead 1 de_dead 1 iy_dead 1 f_dead 1
                            795 ;	genRightShift
   029B F5            [11]  796 	push	af
                            797 ;	genMove_o size 2 result type 2 source type 10 a_dead 1 hl_dead 0 de_dead 1 iy_dead 1 f_dead 1
   029C ED 5Br04s00   [20]  798 	ld	de, (_testRot_t2_10000_13 + 1)
                            799 ;	genMove_o size 1 result type 2 source type 1 a_dead 1 hl_dead 0 de_dead 0 iy_dead 1 f_dead 1
                            800 ; common peephole 1 removed dead load from #0x00 into c.
   02A0 F1            [10]  801 	pop	af
   02A1 06 06         [ 7]  802 	ld	b, #0x06
   02A3                     803 00269$:
   02A3 CB 3A         [ 8]  804 	srl	d
   02A5 CB 1B         [ 8]  805 	rr	e
                            806 ; common peephole 159 removed unused label 00270$.
   02A7 10 FA         [13]  807 	djnz	00269$
                            808 ;	genMove_o size 3 result type 2 source type 2 a_dead 0 hl_dead 0 de_dead 1 iy_dead 1 f_dead 1
                            809 ;	genOr
   02A9 F5            [11]  810 	push	af
   02AA 7D            [ 4]  811 	ld	a, l
   02AB B3            [ 4]  812 	or	a, e
                            813 ;	genMove_o size 1 result type 10 source type 2 a_dead 1 hl_dead 0 de_dead 0 iy_dead 1 f_dead 1
   02AC 32r03s00      [13]  814 	ld	(_testRot_t2_10000_13+0), a
   02AF 7C            [ 4]  815 	ld	a, h
   02B0 B2            [ 4]  816 	or	a, d
                            817 ;	genMove_o size 1 result type 10 source type 2 a_dead 1 hl_dead 1 de_dead 0 iy_dead 1 f_dead 1
   02B1 32r04s00      [13]  818 	ld	(_testRot_t2_10000_13+1), a
   02B4 F1            [10]  819 	pop	af
                            820 ;	genMove_o size 1 result type 10 source type 2 a_dead 1 hl_dead 1 de_dead 0 iy_dead 1 f_dead 1
   02B5 32r05s00      [13]  821 	ld	(_testRot_t2_10000_13+2), a
                            822 ;cases/bitintrot/bitintrot_width_17_dist_20_storage_static.c:52: ASSERT (t1 == ROL (TESTVECT1));
                            823 ;	genPlus
                            824 ;	genMove_o size 2 result type 2 source type 10 a_dead 1 hl_dead 1 de_dead 1 iy_dead 1 f_dead 1
   02B8 2Ar00s00      [16]  825 	ld	hl, (___numTests)
   02BB 23            [ 6]  826 	inc	hl
                            827 ;	genMove_o size 2 result type 10 source type 2 a_dead 1 hl_dead 1 de_dead 1 iy_dead 1 f_dead 1
   02BC 22r00s00      [16]  828 	ld	(___numTests), hl
                            829 ;	genCmpEq
                            830 ;	genMove_o size 1 result type 2 source type 10 a_dead 1 hl_dead 1 de_dead 0 iy_dead 0 f_dead 1
   02BF 3Ar00s00      [13]  831 	ld	a, (_testRot_t1_10000_13)
   02C2 D6 28         [ 7]  832 	sub	a, #0x28
                            833 ; common peephole 163 changed absolute to relative conditional jump.
   02C4 20 0B         [12]  834 	jr	nz, 00271$
                            835 ;	genMove_o size 1 result type 2 source type 10 a_dead 1 hl_dead 1 de_dead 0 iy_dead 0 f_dead 1
   02C6 3Ar01s00      [13]  836 	ld	a, (_testRot_t1_10000_13 + 1)
   02C9 D6 05         [ 7]  837 	sub	a, #0x05
                            838 ; common peephole 54 used hl instead of iy.
   02CB 21r02s00      [10]  839 	ld	hl, #_testRot_t1_10000_13 + 2
   02CE B6            [ 7]  840 	or	a, (hl)
                            841 ; common peephole 163 changed absolute to relative conditional jump.
   02CF 28 11         [12]  842 	jr	z, 00120$
                            843 ; common peephole 81 removed jp by using inverse jump logic
   02D1                     844 00271$:
                            845 ;	skipping generated iCode
                            846 ;	skipping iCode since result will be rematerialized
                            847 ;	skipping iCode since result will be rematerialized
                            848 ;	skipping iCode since result will be rematerialized
                            849 ;	skipping iCode since result will be rematerialized
                            850 ;	skipping iCode since result will be rematerialized
                            851 ;	skipping iCode since result will be rematerialized
                            852 ;	genIpush
                            853 ;	genMove_o size 2 result type 2 source type 1 a_dead 1 hl_dead 1 de_dead 1 iy_dead 1 f_dead 1
   02D1 21 34 00      [10]  854 	ld	hl, #0x0034
   02D4 E5            [11]  855 	push	hl
                            856 ;	genIpush
                            857 ;	genMove_o size 2 result type 2 source type 7 a_dead 1 hl_dead 1 de_dead 1 iy_dead 1 f_dead 1
   02D5 21rF3s03      [10]  858 	ld	hl, #___str_2
   02D8 E5            [11]  859 	push	hl
                            860 ;	genSend
                            861 ;	genMove_o size 2 result type 2 source type 7 a_dead 1 hl_dead 1 de_dead 1 iy_dead 1 f_dead 1
   02D9 11rFFs04      [10]  862 	ld	de, #___str_10
                            863 ;	genSend
                            864 ;	genMove_o size 2 result type 2 source type 7 a_dead 1 hl_dead 1 de_dead 0 iy_dead 1 f_dead 1
   02DC 21rC6s03      [10]  865 	ld	hl, #___str_0
                            866 ;	genCall
   02DF CDr00s00      [17]  867 	call	___fail
                            868 ;	genLabel
   02E2                     869 00120$:
                            870 ;cases/bitintrot/bitintrot_width_17_dist_20_storage_static.c:53: ASSERT (t2 == ROL (TESTVECT2));
                            871 ;	genPlus
                            872 ;	genMove_o size 2 result type 2 source type 10 a_dead 1 hl_dead 1 de_dead 1 iy_dead 1 f_dead 1
   02E2 2Ar00s00      [16]  873 	ld	hl, (___numTests)
   02E5 23            [ 6]  874 	inc	hl
                            875 ;	genMove_o size 2 result type 10 source type 2 a_dead 1 hl_dead 1 de_dead 1 iy_dead 1 f_dead 1
   02E6 22r00s00      [16]  876 	ld	(___numTests), hl
                            877 ;	genCmpEq
                            878 ;	genMove_o size 1 result type 2 source type 10 a_dead 1 hl_dead 1 de_dead 0 iy_dead 0 f_dead 1
   02E9 3Ar03s00      [13]  879 	ld	a, (_testRot_t2_10000_13)
   02EC D6 AA         [ 7]  880 	sub	a, #0xaa
                            881 ; common peephole 163 changed absolute to relative conditional jump.
   02EE 20 0D         [12]  882 	jr	nz, 00272$
                            883 ;	genMove_o size 1 result type 2 source type 10 a_dead 1 hl_dead 1 de_dead 0 iy_dead 0 f_dead 1
   02F0 3Ar04s00      [13]  884 	ld	a, (_testRot_t2_10000_13 + 1)
   02F3 D6 52         [ 7]  885 	sub	a, #0x52
                            886 ; common peephole 163 changed absolute to relative conditional jump.
   02F5 20 06         [12]  887 	jr	nz, 00272$
                            888 ;	genMove_o size 1 result type 2 source type 10 a_dead 1 hl_dead 1 de_dead 0 iy_dead 0 f_dead 1
   02F7 3Ar05s00      [13]  889 	ld	a, (_testRot_t2_10000_13 + 2)
   02FA 3D            [ 4]  890 	dec	a
                            891 ; common peephole 163 changed absolute to relative conditional jump.
   02FB 28 11         [12]  892 	jr	z, 00122$
                            893 ; common peephole 81 removed jp by using inverse jump logic
   02FD                     894 00272$:
                            895 ;	skipping generated iCode
                            896 ;	skipping iCode since result will be rematerialized
                            897 ;	skipping iCode since result will be rematerialized
                            898 ;	skipping iCode since result will be rematerialized
                            899 ;	skipping iCode since result will be rematerialized
                            900 ;	skipping iCode since result will be rematerialized
                            901 ;	skipping iCode since result will be rematerialized
                            902 ;	genIpush
                            903 ;	genMove_o size 2 result type 2 source type 1 a_dead 1 hl_dead 1 de_dead 1 iy_dead 1 f_dead 1
   02FD 21 35 00      [10]  904 	ld	hl, #0x0035
   0300 E5            [11]  905 	push	hl
                            906 ;	genIpush
                            907 ;	genMove_o size 2 result type 2 source type 7 a_dead 1 hl_dead 1 de_dead 1 iy_dead 1 f_dead 1
   0301 21rF3s03      [10]  908 	ld	hl, #___str_2
   0304 E5            [11]  909 	push	hl
                            910 ;	genSend
                            911 ;	genMove_o size 2 result type 2 source type 7 a_dead 1 hl_dead 1 de_dead 1 iy_dead 1 f_dead 1
   0305 11r15s05      [10]  912 	ld	de, #___str_11
                            913 ;	genSend
                            914 ;	genMove_o size 2 result type 2 source type 7 a_dead 1 hl_dead 1 de_dead 0 iy_dead 1 f_dead 1
   0308 21rC6s03      [10]  915 	ld	hl, #___str_0
                            916 ;	genCall
   030B CDr00s00      [17]  917 	call	___fail
                            918 ;	genLabel
   030E                     919 00122$:
                            920 ;cases/bitintrot/bitintrot_width_17_dist_20_storage_static.c:55: t1 = ROR(t1);
                            921 ;	genRightShift
                            922 ;	genMove_o size 3 result type 2 source type 10 a_dead 1 hl_dead 1 de_dead 1 iy_dead 1 f_dead 1
   030E 2Ar00s00      [16]  923 	ld	hl, (_testRot_t1_10000_13)
   0311 FD 21r00s00   [14]  924 	ld	iy, #_testRot_t1_10000_13
   0315 FD 4E 02      [19]  925 	ld	c, 2 (iy)
   0318 06 03         [ 7]  926 	ld	b, #0x03
   031A                     927 00273$:
   031A CB 39         [ 8]  928 	srl	c
   031C CB 1C         [ 8]  929 	rr	h
   031E CB 1D         [ 8]  930 	rr	l
                            931 ; common peephole 159 removed unused label 00274$.
   0320 10 F8         [13]  932 	djnz	00273$
                            933 ;	genMove_o size 3 result type 2 source type 2 a_dead 1 hl_dead 1 de_dead 1 iy_dead 1 f_dead 1
                            934 ;	genLeftShift
                            935 ;	genMove_o size 2 result type 2 source type 10 a_dead 1 hl_dead 0 de_dead 1 iy_dead 1 f_dead 1
   0322 FD 56 00      [19]  936 	ld	d, 0 (iy)
   0325 3Ar01s00      [13]  937 	ld	a, (_testRot_t1_10000_13+1)
                            938 ;	genMove_o size 1 result type 2 source type 1 a_dead 1 hl_dead 0 de_dead 0 iy_dead 1 f_dead 1
                            939 ; common peephole 1 removed dead load from #0x00 into e.
   0328 06 06         [ 7]  940 	ld	b, #0x06
   032A                     941 00275$:
   032A CB 22         [ 8]  942 	sla	d
   032C 8F            [ 4]  943 	adc	a, a
                            944 ; common peephole 159 removed unused label 00276$.
   032D 10 FB         [13]  945 	djnz	00275$
   032F E6 01         [ 7]  946 	and	a, #0x01
                            947 ;	genMove_o size 3 result type 2 source type 2 a_dead 1 hl_dead 0 de_dead 1 iy_dead 1 f_dead 1
                            948 ;	genOr
                            949 ;	genMove_o size 1 result type 10 source type 2 a_dead 0 hl_dead 0 de_dead 0 iy_dead 1 f_dead 1
   0331 FD 75 00      [19]  950 	ld	0 (iy), l
   0334 F5            [11]  951 	push	af
   0335 7C            [ 4]  952 	ld	a, h
   0336 B2            [ 4]  953 	or	a, d
                            954 ;	genMove_o size 1 result type 10 source type 2 a_dead 1 hl_dead 1 de_dead 0 iy_dead 1 f_dead 1
   0337 32r01s00      [13]  955 	ld	(_testRot_t1_10000_13+1), a
   033A F1            [10]  956 	pop	af
                            957 ;	genMove_o size 1 result type 10 source type 2 a_dead 1 hl_dead 1 de_dead 0 iy_dead 1 f_dead 1
   033B 32r02s00      [13]  958 	ld	(_testRot_t1_10000_13+2), a
                            959 ;cases/bitintrot/bitintrot_width_17_dist_20_storage_static.c:56: t2 = ROR(t2);
                            960 ;	genRightShift
                            961 ;	genMove_o size 3 result type 2 source type 10 a_dead 1 hl_dead 1 de_dead 1 iy_dead 1 f_dead 1
   033E 2Ar03s00      [16]  962 	ld	hl, (_testRot_t2_10000_13)
   0341 FD 21r03s00   [14]  963 	ld	iy, #_testRot_t2_10000_13
   0345 FD 4E 02      [19]  964 	ld	c, 2 (iy)
   0348 06 03         [ 7]  965 	ld	b, #0x03
   034A                     966 00277$:
   034A CB 39         [ 8]  967 	srl	c
   034C CB 1C         [ 8]  968 	rr	h
   034E CB 1D         [ 8]  969 	rr	l
                            970 ; common peephole 159 removed unused label 00278$.
   0350 10 F8         [13]  971 	djnz	00277$
                            972 ;	genMove_o size 3 result type 2 source type 2 a_dead 1 hl_dead 1 de_dead 1 iy_dead 1 f_dead 1
                            973 ;	genLeftShift
                            974 ;	genMove_o size 2 result type 2 source type 10 a_dead 1 hl_dead 0 de_dead 1 iy_dead 1 f_dead 1
   0352 FD 56 00      [19]  975 	ld	d, 0 (iy)
   0355 3Ar04s00      [13]  976 	ld	a, (_testRot_t2_10000_13+1)
                            977 ;	genMove_o size 1 result type 2 source type 1 a_dead 1 hl_dead 0 de_dead 0 iy_dead 1 f_dead 1
                            978 ; common peephole 1 removed dead load from #0x00 into e.
   0358 06 06         [ 7]  979 	ld	b, #0x06
   035A                     980 00279$:
   035A CB 22         [ 8]  981 	sla	d
   035C 8F            [ 4]  982 	adc	a, a
                            983 ; common peephole 159 removed unused label 00280$.
   035D 10 FB         [13]  984 	djnz	00279$
   035F E6 01         [ 7]  985 	and	a, #0x01
                            986 ;	genMove_o size 3 result type 2 source type 2 a_dead 1 hl_dead 0 de_dead 1 iy_dead 1 f_dead 1
                            987 ;	genOr
                            988 ;	genMove_o size 1 result type 10 source type 2 a_dead 0 hl_dead 0 de_dead 0 iy_dead 1 f_dead 1
   0361 FD 75 00      [19]  989 	ld	0 (iy), l
   0364 F5            [11]  990 	push	af
   0365 7C            [ 4]  991 	ld	a, h
   0366 B2            [ 4]  992 	or	a, d
                            993 ;	genMove_o size 1 result type 10 source type 2 a_dead 1 hl_dead 1 de_dead 0 iy_dead 1 f_dead 1
   0367 32r04s00      [13]  994 	ld	(_testRot_t2_10000_13+1), a
   036A F1            [10]  995 	pop	af
                            996 ;	genMove_o size 1 result type 10 source type 2 a_dead 1 hl_dead 1 de_dead 0 iy_dead 1 f_dead 1
   036B 32r05s00      [13]  997 	ld	(_testRot_t2_10000_13+2), a
                            998 ;cases/bitintrot/bitintrot_width_17_dist_20_storage_static.c:57: ASSERT (t1 == TESTVECT1);
                            999 ;	genPlus
                           1000 ;	genMove_o size 2 result type 2 source type 10 a_dead 1 hl_dead 1 de_dead 1 iy_dead 1 f_dead 1
   036E 2Ar00s00      [16] 1001 	ld	hl, (___numTests)
   0371 23            [ 6] 1002 	inc	hl
                           1003 ;	genMove_o size 2 result type 10 source type 2 a_dead 1 hl_dead 1 de_dead 1 iy_dead 1 f_dead 1
   0372 22r00s00      [16] 1004 	ld	(___numTests), hl
                           1005 ;	genCmpEq
                           1006 ;	genMove_o size 1 result type 2 source type 10 a_dead 1 hl_dead 1 de_dead 0 iy_dead 0 f_dead 1
   0375 3Ar00s00      [13] 1007 	ld	a, (_testRot_t1_10000_13)
   0378 D6 A5         [ 7] 1008 	sub	a, #0xa5
   037A FD 21r00s00   [14] 1009 	ld	iy, #_testRot_t1_10000_13
   037E FD B6 01      [19] 1010 	or	a, 1 (iy)
   0381 FD B6 02      [19] 1011 	or	a, 2 (iy)
                           1012 ; common peephole 163 changed absolute to relative conditional jump.
   0384 28 11         [12] 1013 	jr	z, 00124$
                           1014 ; common peephole 81 removed jp by using inverse jump logic
                           1015 ; common peephole 159 removed unused label 00281$.
                           1016 ;	skipping generated iCode
                           1017 ;	skipping iCode since result will be rematerialized
                           1018 ;	skipping iCode since result will be rematerialized
                           1019 ;	skipping iCode since result will be rematerialized
                           1020 ;	skipping iCode since result will be rematerialized
                           1021 ;	skipping iCode since result will be rematerialized
                           1022 ;	skipping iCode since result will be rematerialized
                           1023 ;	genIpush
                           1024 ;	genMove_o size 2 result type 2 source type 1 a_dead 1 hl_dead 1 de_dead 1 iy_dead 1 f_dead 1
   0386 21 39 00      [10] 1025 	ld	hl, #0x0039
   0389 E5            [11] 1026 	push	hl
                           1027 ;	genIpush
                           1028 ;	genMove_o size 2 result type 2 source type 7 a_dead 1 hl_dead 1 de_dead 1 iy_dead 1 f_dead 1
   038A 21rF3s03      [10] 1029 	ld	hl, #___str_2
   038D E5            [11] 1030 	push	hl
                           1031 ;	genSend
                           1032 ;	genMove_o size 2 result type 2 source type 7 a_dead 1 hl_dead 1 de_dead 1 iy_dead 1 f_dead 1
   038E 11r2Bs05      [10] 1033 	ld	de, #___str_12
                           1034 ;	genSend
                           1035 ;	genMove_o size 2 result type 2 source type 7 a_dead 1 hl_dead 1 de_dead 0 iy_dead 1 f_dead 1
   0391 21rC6s03      [10] 1036 	ld	hl, #___str_0
                           1037 ;	genCall
   0394 CDr00s00      [17] 1038 	call	___fail
                           1039 ;	genLabel
   0397                    1040 00124$:
                           1041 ;cases/bitintrot/bitintrot_width_17_dist_20_storage_static.c:58: ASSERT (t2 == TESTVECT2);
                           1042 ;	genPlus
                           1043 ;	genMove_o size 2 result type 2 source type 10 a_dead 1 hl_dead 1 de_dead 1 iy_dead 1 f_dead 1
   0397 2Ar00s00      [16] 1044 	ld	hl, (___numTests)
   039A 23            [ 6] 1045 	inc	hl
                           1046 ;	genMove_o size 2 result type 10 source type 2 a_dead 1 hl_dead 1 de_dead 1 iy_dead 1 f_dead 1
   039B 22r00s00      [16] 1047 	ld	(___numTests), hl
                           1048 ;	genCmpEq
                           1049 ;	genMove_o size 1 result type 2 source type 10 a_dead 1 hl_dead 1 de_dead 0 iy_dead 0 f_dead 1
   039E 3Ar03s00      [13] 1050 	ld	a, (_testRot_t2_10000_13)
   03A1 D6 55         [ 7] 1051 	sub	a, #0x55
                           1052 ; common peephole 163 changed absolute to relative conditional jump.
   03A3 20 0B         [12] 1053 	jr	nz, 00282$
                           1054 ;	genMove_o size 1 result type 2 source type 10 a_dead 1 hl_dead 1 de_dead 0 iy_dead 0 f_dead 1
   03A5 3Ar04s00      [13] 1055 	ld	a, (_testRot_t2_10000_13 + 1)
   03A8 D6 AA         [ 7] 1056 	sub	a, #0xaa
                           1057 ; common peephole 54 used hl instead of iy.
   03AA 21r05s00      [10] 1058 	ld	hl, #_testRot_t2_10000_13 + 2
   03AD B6            [ 7] 1059 	or	a, (hl)
                           1060 ; common peephole 163 changed absolute to relative conditional jump.
   03AE 28 11         [12] 1061 	jr	z, 00101$
                           1062 ; common peephole 81 removed jp by using inverse jump logic
   03B0                    1063 00282$:
                           1064 ;	skipping generated iCode
                           1065 ;	skipping iCode since result will be rematerialized
                           1066 ;	skipping iCode since result will be rematerialized
                           1067 ;	skipping iCode since result will be rematerialized
                           1068 ;	skipping iCode since result will be rematerialized
                           1069 ;	skipping iCode since result will be rematerialized
                           1070 ;	skipping iCode since result will be rematerialized
                           1071 ;	genIpush
                           1072 ;	genMove_o size 2 result type 2 source type 1 a_dead 1 hl_dead 1 de_dead 1 iy_dead 1 f_dead 1
   03B0 21 3A 00      [10] 1073 	ld	hl, #0x003a
   03B3 E5            [11] 1074 	push	hl
                           1075 ;	genIpush
                           1076 ;	genMove_o size 2 result type 2 source type 7 a_dead 1 hl_dead 1 de_dead 1 iy_dead 1 f_dead 1
   03B4 21rF3s03      [10] 1077 	ld	hl, #___str_2
   03B7 E5            [11] 1078 	push	hl
                           1079 ;	genSend
                           1080 ;	genMove_o size 2 result type 2 source type 7 a_dead 1 hl_dead 1 de_dead 1 iy_dead 1 f_dead 1
   03B8 11r3Bs05      [10] 1081 	ld	de, #___str_13
                           1082 ;	genSend
                           1083 ;	genMove_o size 2 result type 2 source type 7 a_dead 1 hl_dead 1 de_dead 0 iy_dead 1 f_dead 1
   03BB 21rC6s03      [10] 1084 	ld	hl, #___str_0
                           1085 ;	genCall
   03BE CDr00s00      [17] 1086 	call	___fail
                           1087 ;	genLabel
   03C1                    1088 00101$:
                           1089 ;cases/bitintrot/bitintrot_width_17_dist_20_storage_static.c:60: }
                           1090 ;	genEndFunction
   03C1 DD F9         [10] 1091 	ld	sp, ix
   03C3 DD E1         [14] 1092 	pop	ix
   03C5 C9            [10] 1093 	ret
                           1094 ;	Total testRot function size at codegen: 5 bytes.
   03C6                    1095 ___str_0:
   03C6 41 73 73 65 72 74  1096 	.ascii "Assertion failed"
        69 6F 6E 20 66 61
        69 6C 65 64
   03D6 00                 1097 	.db 0x00
   03D7                    1098 ___str_1:
   03D7 52 4F 4C 20 28 74  1099 	.ascii "ROL (t1) == ROL (TESTVECT1)"
        31 29 20 3D 3D 20
        52 4F 4C 20 28 54
        45 53 54 56 45 43
        54 31 29
   03F2 00                 1100 	.db 0x00
   03F3                    1101 ___str_2:
   03F3 63 61 73 65 73 2F  1102 	.ascii "cases/bitintrot/bitintrot_width_17_dist_20_storage_static.c"
        62 69 74 69 6E 74
        72 6F 74 2F 62 69
        74 69 6E 74 72 6F
        74 5F 77 69 64 74
        68 5F 31 37 5F 64
        69 73 74 5F 32 30
        5F 73 74 6F 72 61
        67 65 5F 73 74 61
        74 69 63 2E 63
   042E 00                 1103 	.db 0x00
   042F                    1104 ___str_3:
   042F 52 4F 4C 20 28 74  1105 	.ascii "ROL (t2) == ROL (TESTVECT2)"
        32 29 20 3D 3D 20
        52 4F 4C 20 28 54
        45 53 54 56 45 43
        54 32 29
   044A 00                 1106 	.db 0x00
   044B                    1107 ___str_4:
   044B 52 4F 52 20 28 74  1108 	.ascii "ROR (t1) == ROR (TESTVECT1)"
        31 29 20 3D 3D 20
        52 4F 52 20 28 54
        45 53 54 56 45 43
        54 31 29
   0466 00                 1109 	.db 0x00
   0467                    1110 ___str_5:
   0467 52 4F 52 20 28 74  1111 	.ascii "ROR (t2) == ROR (TESTVECT2)"
        32 29 20 3D 3D 20
        52 4F 52 20 28 54
        45 53 54 56 45 43
        54 32 29
   0482 00                 1112 	.db 0x00
   0483                    1113 ___str_6:
   0483 4E 52 4F 4C 20 28  1114 	.ascii "NROL (t1) == NROL (TESTVECT1)"
        74 31 29 20 3D 3D
        20 4E 52 4F 4C 20
        28 54 45 53 54 56
        45 43 54 31 29
   04A0 00                 1115 	.db 0x00
   04A1                    1116 ___str_7:
   04A1 4E 52 4F 4C 20 28  1117 	.ascii "NROL (t2) == NROL (TESTVECT2)"
        74 32 29 20 3D 3D
        20 4E 52 4F 4C 20
        28 54 45 53 54 56
        45 43 54 32 29
   04BE 00                 1118 	.db 0x00
   04BF                    1119 ___str_8:
   04BF 4E 52 4F 4C 32 20  1120 	.ascii "NROL2 (t1) == NROL2 (TESTVECT1)"
        28 74 31 29 20 3D
        3D 20 4E 52 4F 4C
        32 20 28 54 45 53
        54 56 45 43 54 31
        29
   04DE 00                 1121 	.db 0x00
   04DF                    1122 ___str_9:
   04DF 4E 52 4F 4C 32 20  1123 	.ascii "NROL2 (t2) == NROL2 (TESTVECT2)"
        28 74 32 29 20 3D
        3D 20 4E 52 4F 4C
        32 20 28 54 45 53
        54 56 45 43 54 32
        29
   04FE 00                 1124 	.db 0x00
   04FF                    1125 ___str_10:
   04FF 74 31 20 3D 3D 20  1126 	.ascii "t1 == ROL (TESTVECT1)"
        52 4F 4C 20 28 54
        45 53 54 56 45 43
        54 31 29
   0514 00                 1127 	.db 0x00
   0515                    1128 ___str_11:
   0515 74 32 20 3D 3D 20  1129 	.ascii "t2 == ROL (TESTVECT2)"
        52 4F 4C 20 28 54
        45 53 54 56 45 43
        54 32 29
   052A 00                 1130 	.db 0x00
   052B                    1131 ___str_12:
   052B 74 31 20 3D 3D 20  1132 	.ascii "t1 == TESTVECT1"
        54 45 53 54 56 45
        43 54 31
   053A 00                 1133 	.db 0x00
   053B                    1134 ___str_13:
   053B 74 32 20 3D 3D 20  1135 	.ascii "t2 == TESTVECT2"
        54 45 53 54 56 45
        43 54 32
   054A 00                 1136 	.db 0x00
                           1137 ;cases/bitintrot/bitintrot_width_17_dist_20_storage_static.c:64: __runSuite(void)
                           1138 ;	genLabel
                           1139 ;	genFunction
                           1140 ;	---------------------------------
                           1141 ; Function __runSuite
                           1142 ; ---------------------------------
                           1143 ;	Register assignment is optimal.
                           1144 ; Stack space usage: 0 bytes.
   054B                    1145 ___runSuite::
                           1146 ;cases/bitintrot/bitintrot_width_17_dist_20_storage_static.c:66: __prints("Running testRot\n");
                           1147 ;	skipping iCode since result will be rematerialized
                           1148 ;	skipping iCode since result will be rematerialized
                           1149 ;	genSend
                           1150 ;	genMove_o size 2 result type 2 source type 7 a_dead 1 hl_dead 1 de_dead 1 iy_dead 1 f_dead 1
   054B 21r54s05      [10] 1151 	ld	hl, #___str_14
                           1152 ;	genCall
   054E CDr00s00      [17] 1153 	call	___prints
                           1154 ;cases/bitintrot/bitintrot_width_17_dist_20_storage_static.c:67: testRot();
                           1155 ;	genCall
                           1156 ;	genLabel
                           1157 ; common peephole 159 removed unused label 00101$.
                           1158 ;cases/bitintrot/bitintrot_width_17_dist_20_storage_static.c:68: }
                           1159 ;	genEndFunction
   0551 C3r00s00      [10] 1160 	jp	_testRot
                           1161 ; common peephole 152 removed unused ret.
                           1162 ;	Total __runSuite function size at codegen: 1 bytes.
   0554                    1163 ___str_14:
   0554 52 75 6E 6E 69 6E  1164 	.ascii "Running testRot"
        67 20 74 65 73 74
        52 6F 74
   0563 0A                 1165 	.db 0x0a
   0564 00                 1166 	.db 0x00
                           1167 ;cases/bitintrot/bitintrot_width_17_dist_20_storage_static.c:73: __getSuiteName(void)
                           1168 ;	genLabel
                           1169 ;	genFunction
                           1170 ;	---------------------------------
                           1171 ; Function __getSuiteName
                           1172 ; ---------------------------------
                           1173 ;	Register assignment is optimal.
                           1174 ; Stack space usage: 0 bytes.
   0565                    1175 ___getSuiteName::
                           1176 ;cases/bitintrot/bitintrot_width_17_dist_20_storage_static.c:75: return "bitintrot_width_17_dist_20_storage_static";
                           1177 ;	skipping iCode since result will be rematerialized
                           1178 ;	skipping iCode since result will be rematerialized
                           1179 ;	genRet
                           1180 ;	genMove_o size 2 result type 2 source type 7 a_dead 1 hl_dead 1 de_dead 1 iy_dead 1 f_dead 1
   0565 11r6Bs05      [10] 1181 	ld	de, #___str_15
                           1182 ;	genLabel
                           1183 ; common peephole 159 removed unused label 00101$.
                           1184 ;cases/bitintrot/bitintrot_width_17_dist_20_storage_static.c:76: }
                           1185 ;	genEndFunction
   0568 C9            [10] 1186 	ret
                           1187 ;	Total __getSuiteName function size at codegen: 1 bytes.
   0569                    1188 ___numCases:
   0569 01 00              1189 	.dw #0x0001
   056B                    1190 ___str_15:
   056B 62 69 74 69 6E 74  1191 	.ascii "bitintrot_width_17_dist_20_storage_static"
        72 6F 74 5F 77 69
        64 74 68 5F 31 37
        5F 64 69 73 74 5F
        32 30 5F 73 74 6F
        72 61 67 65 5F 73
        74 61 74 69 63
   0594 00                 1192 	.db 0x00
                           1193 	.area _CODE (BANK=_CSEG)
                           1194 	.area _INITIALIZER
                           1195 	.area _CABS (ABS)
