                              1 ;--------------------------------------------------------
                              2 ; File Created by SDCC : free open source ISO C Compiler
                              3 ; Version 4.6.2 #16710 (Linux)
                              4 ;--------------------------------------------------------
                              5 	.module bitintrot_width_17_dist_16_storage_auto
                              6 	
                              7 ;--------------------------------------------------------
                              8 ; Public variables in this module
                              9 ;--------------------------------------------------------
                             10 	.globl _testRot
                             11 	.globl ___prints
                             12 	.globl ___fail
                             13 	.globl ___numCases
                             14 	.globl ___runSuite
                             15 	.globl ___getSuiteName
                             16 ;--------------------------------------------------------
                             17 ; special function registers
                             18 ;--------------------------------------------------------
                             19 ;--------------------------------------------------------
                             20 ; ram data
                             21 ;--------------------------------------------------------
                             22 	.area _DATA (BANK=_DSEG)
                             23 ;--------------------------------------------------------
                             24 ; ram data
                             25 ;--------------------------------------------------------
                             26 	.area _INITIALIZED
                             27 ;--------------------------------------------------------
                             28 ; absolute ram data
                             29 ;--------------------------------------------------------
                             30 	.area _DABS (ABS)
                             31 	.area _DABS (ABS)
                             32 ;--------------------------------------------------------
                             33 ; global & static initialisations
                             34 ;--------------------------------------------------------
                             35 	.area _HOME
                             36 	.area _GSINIT
                             37 	.area _GSFINAL
                             38 	.area _GSINIT
                             39 ;--------------------------------------------------------
                             40 ; Home
                             41 ;--------------------------------------------------------
                             42 	.area _HOME (BANK=_CSEG)
                             43 	.area _HOME (BANK=_CSEG)
                             44 ;--------------------------------------------------------
                             45 ; code
                             46 ;--------------------------------------------------------
                             47 	.area _CODE (BANK=_CSEG)
                             48 ;cases/bitintrot/bitintrot_width_17_dist_16_storage_auto.c:36: testRot (void)
                             49 ;	genLabel
                             50 ;	genFunction
                             51 ;	---------------------------------
                             52 ; Function testRot
                             53 ; ---------------------------------
                             54 ;	Register assignment might be sub-optimal.
                             55 ; Stack space usage: 9 bytes.
   0000                      56 _testRot::
   0000 DD E5         [15]   57 	push	ix
   0002 DD 21 00 00   [14]   58 	ld	ix,	#0
   0006 DD 39         [15]   59 	add	ix, sp
                             60 ;	adjustStack by -9
   0008 21 F7 FF      [10]   61 	ld	hl, #-9
   000B 39            [11]   62 	add	hl, sp
   000C F9            [ 6]   63 	ld	sp, hl
                             64 ;cases/bitintrot/bitintrot_width_17_dist_16_storage_auto.c:38: volatile auto bitinttype t1 = TESTVECT1;
                             65 ;	genAssign
                             66 ;	genMove_o size 3 result type 6 source type 1 a_dead 1 hl_dead 1 de_dead 1 iy_dead 1 f_dead 1
   000D DD 36 F7 A5   [19]   67 	ld	-9 (ix), #0xa5
   0011 AF            [ 4]   68 	xor	a, a
   0012 DD 77 F8      [19]   69 	ld	-8 (ix), a
   0015 DD 77 F9      [19]   70 	ld	-7 (ix), a
                             71 ;cases/bitintrot/bitintrot_width_17_dist_16_storage_auto.c:39: volatile auto bitinttype t2 = TESTVECT2;
                             72 ;	genAssign
                             73 ;	genMove_o size 3 result type 6 source type 1 a_dead 1 hl_dead 1 de_dead 1 iy_dead 1 f_dead 1
   0018 DD 36 FA 55   [19]   74 	ld	-6 (ix), #0x55
   001C DD 36 FB AA   [19]   75 	ld	-5 (ix), #0xaa
   0020 DD 36 FC 00   [19]   76 	ld	-4 (ix), #0
                             77 ; peephole 178 direct load zero constant to memory addressed by index register
                             78 ;cases/bitintrot/bitintrot_width_17_dist_16_storage_auto.c:41: ASSERT (ROL (t1) == ROL (TESTVECT1));
                             79 ;	genPlus
                             80 ;	genMove_o size 2 result type 2 source type 10 a_dead 1 hl_dead 1 de_dead 1 iy_dead 1 f_dead 1
   0024 2Ar00s00      [16]   81 	ld	hl, (___numTests)
   0027 23            [ 6]   82 	inc	hl
                             83 ;	genMove_o size 2 result type 10 source type 2 a_dead 1 hl_dead 1 de_dead 1 iy_dead 1 f_dead 1
   0028 22r00s00      [16]   84 	ld	(___numTests), hl
                             85 ;	genLeftShift
                             86 ;	genMove_o size 1 result type 6 source type 6 a_dead 1 hl_dead 1 de_dead 1 iy_dead 1 f_dead 1
   002B DD 7E F7      [19]   87 	ld	a, -9 (ix)
   002E DD 77 FF      [19]   88 	ld	-1 (ix), a
                             89 ;	genMove_o size 0 result type 6 source type 1 a_dead 1 hl_dead 1 de_dead 1 iy_dead 1 f_dead 1
                             90 ;	genMove_o size 2 result type 6 source type 1 a_dead 1 hl_dead 1 de_dead 1 iy_dead 1 f_dead 1
   0031 AF            [ 4]   91 	xor	a, a
   0032 DD 77 FD      [19]   92 	ld	-3 (ix), a
   0035 DD 77 FE      [19]   93 	ld	-2 (ix), a
   0038 DD 7E FF      [19]   94 	ld	a, -1 (ix)
   003B E6 01         [ 7]   95 	and	a, #0x01
   003D DD 77 FF      [19]   96 	ld	-1 (ix), a
                             97 ;	genMove_o size 3 result type 6 source type 6 a_dead 1 hl_dead 1 de_dead 1 iy_dead 1 f_dead 1
                             98 ;	genRightShift
                             99 ;	genMove_o size 3 result type 2 source type 6 a_dead 1 hl_dead 1 de_dead 1 iy_dead 1 f_dead 1
   0040 C1            [10]  100 	pop	bc
   0041 C5            [11]  101 	push	bc
   0042 DD 7E F9      [19]  102 	ld	a, -7 (ix)
                            103 ;	genMove_o size 0 result type 2 source type 1 a_dead 1 hl_dead 1 de_dead 1 iy_dead 1 f_dead 1
   0045 CB 3F         [ 8]  104 	srl	a
   0047 CB 18         [ 8]  105 	rr	b
   0049 CB 19         [ 8]  106 	rr	c
                            107 ;	genMove_o size 3 result type 2 source type 2 a_dead 1 hl_dead 1 de_dead 1 iy_dead 1 f_dead 1
                            108 ;	genOr
                            109 ;	genMove_o size 2 result type 2 source type 2 a_dead 0 hl_dead 1 de_dead 0 iy_dead 1 f_dead 1
                            110 ;	genMove_o size 1 result type 2 source type 6 a_dead 1 hl_dead 1 de_dead 0 iy_dead 1 f_dead 1
   004B DD 5E FF      [19]  111 	ld	e, -1 (ix)
                            112 ;	genMove_o size 0 result type 2 source type 1 a_dead 1 hl_dead 1 de_dead 0 iy_dead 1 f_dead 1
                            113 ;	genCmpEq
                            114 ;	genMove_o size 1 result type 2 source type 2 a_dead 1 hl_dead 1 de_dead 0 iy_dead 0 f_dead 1
   004E 79            [ 4]  115 	ld	a, c
                            116 ;	genMove_o size 0 result type 2 source type 1 a_dead 1 hl_dead 1 de_dead 0 iy_dead 0 f_dead 1
   004F D6 52         [ 7]  117 	sub	a, #0x52
   0051 B0            [ 4]  118 	or	a, b
                            119 ; common peephole 163 changed absolute to relative conditional jump.
   0052 20 03         [12]  120 	jr	nz, 00227$
   0054 1D            [ 4]  121 	dec	e
                            122 ; common peephole 163 changed absolute to relative conditional jump.
   0055 28 11         [12]  123 	jr	z, 00104$
                            124 ; common peephole 81 removed jp by using inverse jump logic
   0057                     125 00227$:
                            126 ;	skipping generated iCode
                            127 ;	skipping iCode since result will be rematerialized
                            128 ;	skipping iCode since result will be rematerialized
                            129 ;	skipping iCode since result will be rematerialized
                            130 ;	skipping iCode since result will be rematerialized
                            131 ;	skipping iCode since result will be rematerialized
                            132 ;	skipping iCode since result will be rematerialized
                            133 ;	genIpush
                            134 ;	genMove_o size 2 result type 2 source type 1 a_dead 1 hl_dead 1 de_dead 1 iy_dead 1 f_dead 1
   0057 21 29 00      [10]  135 	ld	hl, #0x0029
   005A E5            [11]  136 	push	hl
                            137 ;	genIpush
                            138 ;	genMove_o size 2 result type 2 source type 7 a_dead 1 hl_dead 1 de_dead 1 iy_dead 1 f_dead 1
   005B 21rADs03      [10]  139 	ld	hl, #___str_2
   005E E5            [11]  140 	push	hl
                            141 ;	genSend
                            142 ;	genMove_o size 2 result type 2 source type 7 a_dead 1 hl_dead 1 de_dead 1 iy_dead 1 f_dead 1
   005F 11r91s03      [10]  143 	ld	de, #___str_1
                            144 ;	genSend
                            145 ;	genMove_o size 2 result type 2 source type 7 a_dead 1 hl_dead 1 de_dead 0 iy_dead 1 f_dead 1
   0062 21r80s03      [10]  146 	ld	hl, #___str_0
                            147 ;	genCall
   0065 CDr00s00      [17]  148 	call	___fail
                            149 ;	genLabel
   0068                     150 00104$:
                            151 ;cases/bitintrot/bitintrot_width_17_dist_16_storage_auto.c:42: ASSERT (ROL (t2) == ROL (TESTVECT2));
                            152 ;	genPlus
                            153 ;	genMove_o size 2 result type 2 source type 10 a_dead 1 hl_dead 1 de_dead 1 iy_dead 1 f_dead 1
   0068 2Ar00s00      [16]  154 	ld	hl, (___numTests)
   006B 23            [ 6]  155 	inc	hl
                            156 ;	genMove_o size 2 result type 10 source type 2 a_dead 1 hl_dead 1 de_dead 1 iy_dead 1 f_dead 1
   006C 22r00s00      [16]  157 	ld	(___numTests), hl
                            158 ;	genLeftShift
                            159 ;	genMove_o size 1 result type 2 source type 6 a_dead 1 hl_dead 1 de_dead 1 iy_dead 1 f_dead 1
   006F DD 7E FA      [19]  160 	ld	a, -6 (ix)
                            161 ;	genMove_o size 0 result type 2 source type 1 a_dead 1 hl_dead 1 de_dead 1 iy_dead 1 f_dead 1
                            162 ;	genMove_o size 2 result type 2 source type 1 a_dead 1 hl_dead 1 de_dead 1 iy_dead 1 f_dead 1
                            163 ; common peephole 1 removed dead load from #0x0000 into de.
   0072 E6 01         [ 7]  164 	and	a, #0x01
                            165 ;	genMove_o size 3 result type 2 source type 2 a_dead 1 hl_dead 1 de_dead 1 iy_dead 1 f_dead 1
                            166 ;	genRightShift
                            167 ;	genMove_o size 3 result type 2 source type 6 a_dead 0 hl_dead 1 de_dead 0 iy_dead 1 f_dead 1
   0074 DD 6E FA      [19]  168 	ld	l, -6 (ix)
   0077 DD 66 FB      [19]  169 	ld	h, -5 (ix)
   007A DD 4E FC      [19]  170 	ld	c, -4 (ix)
                            171 ;	genMove_o size 0 result type 2 source type 1 a_dead 0 hl_dead 1 de_dead 0 iy_dead 1 f_dead 1
   007D CB 39         [ 8]  172 	srl	c
   007F CB 1C         [ 8]  173 	rr	h
   0081 CB 1D         [ 8]  174 	rr	l
                            175 ;	genMove_o size 3 result type 2 source type 2 a_dead 0 hl_dead 1 de_dead 0 iy_dead 1 f_dead 1
                            176 ;	genOr
                            177 ;	genMove_o size 2 result type 2 source type 2 a_dead 0 hl_dead 0 de_dead 0 iy_dead 1 f_dead 1
                            178 ;	genMove_o size 1 result type 2 source type 2 a_dead 1 hl_dead 0 de_dead 0 iy_dead 1 f_dead 1
   0083 4F            [ 4]  179 	ld	c, a
                            180 ;	genMove_o size 0 result type 2 source type 1 a_dead 1 hl_dead 0 de_dead 0 iy_dead 1 f_dead 1
                            181 ;	genCmpEq
   0084 11 2A 55      [10]  182 	ld	de, #0x552a
   0087 BF            [ 4]  183 	cp	a, a
   0088 ED 52         [15]  184 	sbc	hl, de
                            185 ; common peephole 163 changed absolute to relative conditional jump.
   008A 20 03         [12]  186 	jr	nz, 00232$
   008C 0D            [ 4]  187 	dec	c
                            188 ; common peephole 163 changed absolute to relative conditional jump.
   008D 28 11         [12]  189 	jr	z, 00106$
                            190 ; common peephole 81 removed jp by using inverse jump logic
   008F                     191 00232$:
                            192 ;	skipping generated iCode
                            193 ;	skipping iCode since result will be rematerialized
                            194 ;	skipping iCode since result will be rematerialized
                            195 ;	skipping iCode since result will be rematerialized
                            196 ;	skipping iCode since result will be rematerialized
                            197 ;	skipping iCode since result will be rematerialized
                            198 ;	skipping iCode since result will be rematerialized
                            199 ;	genIpush
                            200 ;	genMove_o size 2 result type 2 source type 1 a_dead 1 hl_dead 1 de_dead 1 iy_dead 1 f_dead 1
   008F 21 2A 00      [10]  201 	ld	hl, #0x002a
   0092 E5            [11]  202 	push	hl
                            203 ;	genIpush
                            204 ;	genMove_o size 2 result type 2 source type 7 a_dead 1 hl_dead 1 de_dead 1 iy_dead 1 f_dead 1
   0093 21rADs03      [10]  205 	ld	hl, #___str_2
   0096 E5            [11]  206 	push	hl
                            207 ;	genSend
                            208 ;	genMove_o size 2 result type 2 source type 7 a_dead 1 hl_dead 1 de_dead 1 iy_dead 1 f_dead 1
   0097 11rE7s03      [10]  209 	ld	de, #___str_3
                            210 ;	genSend
                            211 ;	genMove_o size 2 result type 2 source type 7 a_dead 1 hl_dead 1 de_dead 0 iy_dead 1 f_dead 1
   009A 21r80s03      [10]  212 	ld	hl, #___str_0
                            213 ;	genCall
   009D CDr00s00      [17]  214 	call	___fail
                            215 ;	genLabel
   00A0                     216 00106$:
                            217 ;cases/bitintrot/bitintrot_width_17_dist_16_storage_auto.c:43: ASSERT (ROR (t1) == ROR (TESTVECT1));
                            218 ;	genPlus
                            219 ;	genMove_o size 2 result type 2 source type 10 a_dead 1 hl_dead 1 de_dead 1 iy_dead 1 f_dead 1
   00A0 2Ar00s00      [16]  220 	ld	hl, (___numTests)
   00A3 23            [ 6]  221 	inc	hl
                            222 ;	genMove_o size 2 result type 10 source type 2 a_dead 1 hl_dead 1 de_dead 1 iy_dead 1 f_dead 1
   00A4 22r00s00      [16]  223 	ld	(___numTests), hl
                            224 ;	genRightShift
                            225 ;	genMove_o size 1 result type 2 source type 6 a_dead 1 hl_dead 1 de_dead 1 iy_dead 1 f_dead 1
   00A7 DD 4E F9      [19]  226 	ld	c, -7 (ix)
                            227 ;	genMove_o size 0 result type 2 source type 1 a_dead 1 hl_dead 1 de_dead 0 iy_dead 1 f_dead 1
                            228 ;	genMove_o size 2 result type 2 source type 1 a_dead 1 hl_dead 1 de_dead 0 iy_dead 1 f_dead 1
                            229 ; common peephole 1 removed dead load from #0x00 into b.
                            230 ; common peephole 1 removed dead load from #0x00 into e.
                            231 ;	genMove_o size 3 result type 2 source type 2 a_dead 1 hl_dead 1 de_dead 1 iy_dead 1 f_dead 1
                            232 ;	genLeftShift
                            233 ;	genMove_o size 3 result type 6 source type 6 a_dead 0 hl_dead 1 de_dead 0 iy_dead 1 f_dead 1
   00AA DD 6E F7      [19]  234 	ld	l, -9 (ix)
   00AD DD 75 FD      [19]  235 	ld	-3 (ix), l
   00B0 DD 6E F8      [19]  236 	ld	l, -8 (ix)
   00B3 DD 75 FE      [19]  237 	ld	-2 (ix), l
   00B6 DD 6E F9      [19]  238 	ld	l, -7 (ix)
   00B9 DD 75 FF      [19]  239 	ld	-1 (ix), l
                            240 ;	genMove_o size 0 result type 6 source type 1 a_dead 0 hl_dead 1 de_dead 0 iy_dead 1 f_dead 1
                            241 ;	genMove_o size 0 result type 6 source type 1 a_dead 0 hl_dead 1 de_dead 0 iy_dead 1 f_dead 1
   00BC DD CB FD 26   [23]  242 	sla	-3 (ix)
   00C0 DD CB FE 16   [23]  243 	rl	-2 (ix)
   00C4 DD CB FF 16   [23]  244 	rl	-1 (ix)
   00C8 DD 7E FF      [19]  245 	ld	a, -1 (ix)
   00CB E6 01         [ 7]  246 	and	a, #0x01
   00CD DD 77 FF      [19]  247 	ld	-1 (ix), a
                            248 ;	genMove_o size 3 result type 6 source type 6 a_dead 1 hl_dead 1 de_dead 0 iy_dead 1 f_dead 1
                            249 ;	genOr
   00D0 79            [ 4]  250 	ld	a, c
   00D1 DD B6 FD      [19]  251 	or	a, -3 (ix)
                            252 ;	genMove_o size 1 result type 2 source type 2 a_dead 1 hl_dead 1 de_dead 0 iy_dead 1 f_dead 1
   00D4 4F            [ 4]  253 	ld	c, a
                            254 ;	genMove_o size 0 result type 2 source type 1 a_dead 1 hl_dead 1 de_dead 0 iy_dead 1 f_dead 1
                            255 ;	genMove_o size 2 result type 2 source type 6 a_dead 1 hl_dead 1 de_dead 0 iy_dead 1 f_dead 1
   00D5 DD 46 FE      [19]  256 	ld	b, -2 (ix)
   00D8 DD 5E FF      [19]  257 	ld	e, -1 (ix)
                            258 ;	genMove_o size 0 result type 2 source type 1 a_dead 1 hl_dead 1 de_dead 0 iy_dead 1 f_dead 1
                            259 ;	genCmpEq
                            260 ;	genMove_o size 1 result type 2 source type 2 a_dead 1 hl_dead 1 de_dead 0 iy_dead 0 f_dead 1
   00DB 79            [ 4]  261 	ld	a, c
                            262 ;	genMove_o size 0 result type 2 source type 1 a_dead 1 hl_dead 1 de_dead 0 iy_dead 0 f_dead 1
   00DC D6 4A         [ 7]  263 	sub	a, #0x4a
                            264 ; common peephole 163 changed absolute to relative conditional jump.
   00DE 20 05         [12]  265 	jr	nz, 00237$
                            266 ;	genMove_o size 1 result type 2 source type 2 a_dead 1 hl_dead 1 de_dead 0 iy_dead 0 f_dead 1
   00E0 78            [ 4]  267 	ld	a, b
                            268 ;	genMove_o size 0 result type 2 source type 1 a_dead 1 hl_dead 1 de_dead 0 iy_dead 0 f_dead 1
   00E1 3D            [ 4]  269 	dec	a
   00E2 B3            [ 4]  270 	or	a, e
                            271 ; common peephole 163 changed absolute to relative conditional jump.
   00E3 28 11         [12]  272 	jr	z, 00108$
                            273 ; common peephole 81 removed jp by using inverse jump logic
   00E5                     274 00237$:
                            275 ;	skipping generated iCode
                            276 ;	skipping iCode since result will be rematerialized
                            277 ;	skipping iCode since result will be rematerialized
                            278 ;	skipping iCode since result will be rematerialized
                            279 ;	skipping iCode since result will be rematerialized
                            280 ;	skipping iCode since result will be rematerialized
                            281 ;	skipping iCode since result will be rematerialized
                            282 ;	genIpush
                            283 ;	genMove_o size 2 result type 2 source type 1 a_dead 1 hl_dead 1 de_dead 1 iy_dead 1 f_dead 1
   00E5 21 2B 00      [10]  284 	ld	hl, #0x002b
   00E8 E5            [11]  285 	push	hl
                            286 ;	genIpush
                            287 ;	genMove_o size 2 result type 2 source type 7 a_dead 1 hl_dead 1 de_dead 1 iy_dead 1 f_dead 1
   00E9 21rADs03      [10]  288 	ld	hl, #___str_2
   00EC E5            [11]  289 	push	hl
                            290 ;	genSend
                            291 ;	genMove_o size 2 result type 2 source type 7 a_dead 1 hl_dead 1 de_dead 1 iy_dead 1 f_dead 1
   00ED 11r03s04      [10]  292 	ld	de, #___str_4
                            293 ;	genSend
                            294 ;	genMove_o size 2 result type 2 source type 7 a_dead 1 hl_dead 1 de_dead 0 iy_dead 1 f_dead 1
   00F0 21r80s03      [10]  295 	ld	hl, #___str_0
                            296 ;	genCall
   00F3 CDr00s00      [17]  297 	call	___fail
                            298 ;	genLabel
   00F6                     299 00108$:
                            300 ;cases/bitintrot/bitintrot_width_17_dist_16_storage_auto.c:44: ASSERT (ROR (t2) == ROR (TESTVECT2));
                            301 ;	genPlus
                            302 ;	genMove_o size 2 result type 2 source type 10 a_dead 1 hl_dead 1 de_dead 1 iy_dead 1 f_dead 1
   00F6 2Ar00s00      [16]  303 	ld	hl, (___numTests)
   00F9 23            [ 6]  304 	inc	hl
                            305 ;	genMove_o size 2 result type 10 source type 2 a_dead 1 hl_dead 1 de_dead 1 iy_dead 1 f_dead 1
   00FA 22r00s00      [16]  306 	ld	(___numTests), hl
                            307 ;	genRightShift
                            308 ;	genMove_o size 1 result type 2 source type 6 a_dead 1 hl_dead 1 de_dead 1 iy_dead 1 f_dead 1
   00FD DD 4E FC      [19]  309 	ld	c, -4 (ix)
                            310 ;	genMove_o size 0 result type 2 source type 1 a_dead 1 hl_dead 1 de_dead 0 iy_dead 1 f_dead 1
                            311 ;	genMove_o size 2 result type 2 source type 1 a_dead 1 hl_dead 1 de_dead 0 iy_dead 1 f_dead 1
                            312 ; common peephole 1 removed dead load from #0x00 into b.
                            313 ; common peephole 1 removed dead load from #0x00 into e.
                            314 ;	genMove_o size 3 result type 2 source type 2 a_dead 1 hl_dead 1 de_dead 1 iy_dead 1 f_dead 1
                            315 ;	genLeftShift
                            316 ;	genMove_o size 3 result type 2 source type 6 a_dead 0 hl_dead 1 de_dead 0 iy_dead 1 f_dead 1
   0100 DD 6E FA      [19]  317 	ld	l, -6 (ix)
   0103 DD 66 FB      [19]  318 	ld	h, -5 (ix)
   0106 DD 56 FC      [19]  319 	ld	d, -4 (ix)
                            320 ;	genMove_o size 0 result type 2 source type 1 a_dead 0 hl_dead 1 de_dead 0 iy_dead 1 f_dead 1
                            321 ;	genMove_o size 0 result type 2 source type 1 a_dead 0 hl_dead 0 de_dead 0 iy_dead 1 f_dead 1
   0109 29            [11]  322 	add	hl, hl
   010A CB 12         [ 8]  323 	rl	d
   010C 7A            [ 4]  324 	ld	a, d
   010D E6 01         [ 7]  325 	and	a, #0x01
   010F 57            [ 4]  326 	ld	d, a
                            327 ;	genMove_o size 3 result type 2 source type 2 a_dead 1 hl_dead 1 de_dead 0 iy_dead 1 f_dead 1
                            328 ;	genOr
   0110 79            [ 4]  329 	ld	a, c
   0111 B5            [ 4]  330 	or	a, l
                            331 ;	genMove_o size 1 result type 2 source type 2 a_dead 1 hl_dead 0 de_dead 0 iy_dead 1 f_dead 1
   0112 6F            [ 4]  332 	ld	l, a
                            333 ;	genMove_o size 0 result type 2 source type 1 a_dead 1 hl_dead 0 de_dead 0 iy_dead 1 f_dead 1
                            334 ;	genMove_o size 2 result type 2 source type 2 a_dead 1 hl_dead 0 de_dead 0 iy_dead 1 f_dead 1
   0113 4A            [ 4]  335 	ld	c, d
                            336 ;	genMove_o size 0 result type 2 source type 1 a_dead 1 hl_dead 0 de_dead 0 iy_dead 1 f_dead 1
                            337 ;	genCmpEq
   0114 11 AA 54      [10]  338 	ld	de, #0x54aa
   0117 BF            [ 4]  339 	cp	a, a
   0118 ED 52         [15]  340 	sbc	hl, de
                            341 ; common peephole 163 changed absolute to relative conditional jump.
   011A 20 03         [12]  342 	jr	nz, 00242$
   011C 0D            [ 4]  343 	dec	c
                            344 ; common peephole 163 changed absolute to relative conditional jump.
   011D 28 11         [12]  345 	jr	z, 00110$
                            346 ; common peephole 81 removed jp by using inverse jump logic
   011F                     347 00242$:
                            348 ;	skipping generated iCode
                            349 ;	skipping iCode since result will be rematerialized
                            350 ;	skipping iCode since result will be rematerialized
                            351 ;	skipping iCode since result will be rematerialized
                            352 ;	skipping iCode since result will be rematerialized
                            353 ;	skipping iCode since result will be rematerialized
                            354 ;	skipping iCode since result will be rematerialized
                            355 ;	genIpush
                            356 ;	genMove_o size 2 result type 2 source type 1 a_dead 1 hl_dead 1 de_dead 1 iy_dead 1 f_dead 1
   011F 21 2C 00      [10]  357 	ld	hl, #0x002c
   0122 E5            [11]  358 	push	hl
                            359 ;	genIpush
                            360 ;	genMove_o size 2 result type 2 source type 7 a_dead 1 hl_dead 1 de_dead 1 iy_dead 1 f_dead 1
   0123 21rADs03      [10]  361 	ld	hl, #___str_2
   0126 E5            [11]  362 	push	hl
                            363 ;	genSend
                            364 ;	genMove_o size 2 result type 2 source type 7 a_dead 1 hl_dead 1 de_dead 1 iy_dead 1 f_dead 1
   0127 11r1Fs04      [10]  365 	ld	de, #___str_5
                            366 ;	genSend
                            367 ;	genMove_o size 2 result type 2 source type 7 a_dead 1 hl_dead 1 de_dead 0 iy_dead 1 f_dead 1
   012A 21r80s03      [10]  368 	ld	hl, #___str_0
                            369 ;	genCall
   012D CDr00s00      [17]  370 	call	___fail
                            371 ;	genLabel
   0130                     372 00110$:
                            373 ;cases/bitintrot/bitintrot_width_17_dist_16_storage_auto.c:45: ASSERT (NROL (t1) == NROL (TESTVECT1));
                            374 ;	genPlus
                            375 ;	genMove_o size 2 result type 2 source type 10 a_dead 1 hl_dead 1 de_dead 1 iy_dead 1 f_dead 1
   0130 2Ar00s00      [16]  376 	ld	hl, (___numTests)
   0133 23            [ 6]  377 	inc	hl
                            378 ;	genMove_o size 2 result type 10 source type 2 a_dead 1 hl_dead 1 de_dead 1 iy_dead 1 f_dead 1
   0134 22r00s00      [16]  379 	ld	(___numTests), hl
                            380 ;	genLeftShift
                            381 ;	genMove_o size 2 result type 2 source type 6 a_dead 0 hl_dead 1 de_dead 1 iy_dead 1 f_dead 1
   0137 DD 46 F7      [19]  382 	ld	b, -9 (ix)
                            383 ;	genMove_o size 0 result type 2 source type 1 a_dead 0 hl_dead 1 de_dead 1 iy_dead 1 f_dead 1
                            384 ;	genMove_o size 1 result type 2 source type 1 a_dead 0 hl_dead 1 de_dead 0 iy_dead 1 f_dead 1
                            385 ; common peephole 1 removed dead load from #0x00 into c.
                            386 ; common peephole 12 loaded -8 (ix) into a directly instead of going through e.
   013A DD 7E F8      [19]  387 	ld	a, -8 (ix)
   013D E6 01         [ 7]  388 	and	a, #0x01
   013F 5F            [ 4]  389 	ld	e, a
                            390 ;	genMove_o size 3 result type 2 source type 2 a_dead 1 hl_dead 1 de_dead 1 iy_dead 1 f_dead 1
                            391 ;	genRightShift
                            392 ;	genMove_o size 3 result type 6 source type 6 a_dead 1 hl_dead 1 de_dead 0 iy_dead 1 f_dead 1
   0140 DD 7E F7      [19]  393 	ld	a, -9 (ix)
   0143 DD 77 FD      [19]  394 	ld	-3 (ix), a
   0146 DD 7E F8      [19]  395 	ld	a, -8 (ix)
   0149 DD 77 FE      [19]  396 	ld	-2 (ix), a
   014C DD 7E F9      [19]  397 	ld	a, -7 (ix)
   014F DD 77 FF      [19]  398 	ld	-1 (ix), a
                            399 ;	genMove_o size 0 result type 6 source type 1 a_dead 1 hl_dead 1 de_dead 0 iy_dead 1 f_dead 1
   0152 DD CB FF 3E   [23]  400 	srl	-1 (ix)
   0156 DD CB FE 1E   [23]  401 	rr	-2 (ix)
   015A DD CB FD 1E   [23]  402 	rr	-3 (ix)
                            403 ;	genMove_o size 3 result type 6 source type 6 a_dead 1 hl_dead 1 de_dead 0 iy_dead 1 f_dead 1
                            404 ;	genOr
                            405 ;	genMove_o size 1 result type 2 source type 6 a_dead 1 hl_dead 1 de_dead 0 iy_dead 1 f_dead 1
   015E DD 4E FD      [19]  406 	ld	c, -3 (ix)
                            407 ;	genMove_o size 0 result type 2 source type 1 a_dead 1 hl_dead 1 de_dead 0 iy_dead 1 f_dead 1
   0161 78            [ 4]  408 	ld	a, b
   0162 DD B6 FE      [19]  409 	or	a, -2 (ix)
                            410 ;	genMove_o size 1 result type 2 source type 2 a_dead 1 hl_dead 1 de_dead 0 iy_dead 1 f_dead 1
   0165 47            [ 4]  411 	ld	b, a
                            412 ;	genMove_o size 0 result type 2 source type 1 a_dead 1 hl_dead 1 de_dead 0 iy_dead 1 f_dead 1
                            413 ;	genMove_o size 1 result type 2 source type 2 a_dead 1 hl_dead 1 de_dead 0 iy_dead 1 f_dead 1
                            414 ;	genCmpEq
                            415 ;	genMove_o size 1 result type 2 source type 2 a_dead 1 hl_dead 1 de_dead 0 iy_dead 0 f_dead 1
   0166 79            [ 4]  416 	ld	a, c
                            417 ;	genMove_o size 0 result type 2 source type 1 a_dead 1 hl_dead 1 de_dead 0 iy_dead 0 f_dead 1
   0167 D6 52         [ 7]  418 	sub	a, #0x52
                            419 ; common peephole 163 changed absolute to relative conditional jump.
   0169 20 06         [12]  420 	jr	nz, 00247$
                            421 ;	genMove_o size 1 result type 2 source type 2 a_dead 1 hl_dead 1 de_dead 0 iy_dead 0 f_dead 1
   016B 78            [ 4]  422 	ld	a, b
                            423 ;	genMove_o size 0 result type 2 source type 1 a_dead 1 hl_dead 1 de_dead 0 iy_dead 0 f_dead 1
   016C D6 A5         [ 7]  424 	sub	a, #0xa5
   016E B3            [ 4]  425 	or	a, e
                            426 ; common peephole 163 changed absolute to relative conditional jump.
   016F 28 11         [12]  427 	jr	z, 00112$
                            428 ; common peephole 81 removed jp by using inverse jump logic
   0171                     429 00247$:
                            430 ;	skipping generated iCode
                            431 ;	skipping iCode since result will be rematerialized
                            432 ;	skipping iCode since result will be rematerialized
                            433 ;	skipping iCode since result will be rematerialized
                            434 ;	skipping iCode since result will be rematerialized
                            435 ;	skipping iCode since result will be rematerialized
                            436 ;	skipping iCode since result will be rematerialized
                            437 ;	genIpush
                            438 ;	genMove_o size 2 result type 2 source type 1 a_dead 1 hl_dead 1 de_dead 1 iy_dead 1 f_dead 1
   0171 21 2D 00      [10]  439 	ld	hl, #0x002d
   0174 E5            [11]  440 	push	hl
                            441 ;	genIpush
                            442 ;	genMove_o size 2 result type 2 source type 7 a_dead 1 hl_dead 1 de_dead 1 iy_dead 1 f_dead 1
   0175 21rADs03      [10]  443 	ld	hl, #___str_2
   0178 E5            [11]  444 	push	hl
                            445 ;	genSend
                            446 ;	genMove_o size 2 result type 2 source type 7 a_dead 1 hl_dead 1 de_dead 1 iy_dead 1 f_dead 1
   0179 11r3Bs04      [10]  447 	ld	de, #___str_6
                            448 ;	genSend
                            449 ;	genMove_o size 2 result type 2 source type 7 a_dead 1 hl_dead 1 de_dead 0 iy_dead 1 f_dead 1
   017C 21r80s03      [10]  450 	ld	hl, #___str_0
                            451 ;	genCall
   017F CDr00s00      [17]  452 	call	___fail
                            453 ;	genLabel
   0182                     454 00112$:
                            455 ;cases/bitintrot/bitintrot_width_17_dist_16_storage_auto.c:46: ASSERT (NROL (t2) == NROL (TESTVECT2));
                            456 ;	genPlus
                            457 ;	genMove_o size 2 result type 2 source type 10 a_dead 1 hl_dead 1 de_dead 1 iy_dead 1 f_dead 1
   0182 2Ar00s00      [16]  458 	ld	hl, (___numTests)
   0185 23            [ 6]  459 	inc	hl
                            460 ;	genMove_o size 2 result type 10 source type 2 a_dead 1 hl_dead 1 de_dead 1 iy_dead 1 f_dead 1
   0186 22r00s00      [16]  461 	ld	(___numTests), hl
                            462 ;	genLeftShift
                            463 ;	genMove_o size 2 result type 2 source type 6 a_dead 0 hl_dead 1 de_dead 1 iy_dead 1 f_dead 1
   0189 DD 46 FA      [19]  464 	ld	b, -6 (ix)
                            465 ;	genMove_o size 0 result type 2 source type 1 a_dead 0 hl_dead 1 de_dead 1 iy_dead 1 f_dead 1
                            466 ;	genMove_o size 1 result type 2 source type 1 a_dead 0 hl_dead 1 de_dead 0 iy_dead 1 f_dead 1
                            467 ; common peephole 1 removed dead load from #0x00 into c.
                            468 ; common peephole 12 loaded -5 (ix) into a directly instead of going through e.
   018C DD 7E FB      [19]  469 	ld	a, -5 (ix)
   018F E6 01         [ 7]  470 	and	a, #0x01
   0191 5F            [ 4]  471 	ld	e, a
                            472 ;	genMove_o size 3 result type 2 source type 2 a_dead 1 hl_dead 1 de_dead 1 iy_dead 1 f_dead 1
                            473 ;	genRightShift
                            474 ;	genMove_o size 3 result type 6 source type 6 a_dead 1 hl_dead 1 de_dead 0 iy_dead 1 f_dead 1
   0192 DD 7E FA      [19]  475 	ld	a, -6 (ix)
   0195 DD 77 FD      [19]  476 	ld	-3 (ix), a
   0198 DD 7E FB      [19]  477 	ld	a, -5 (ix)
   019B DD 77 FE      [19]  478 	ld	-2 (ix), a
   019E DD 7E FC      [19]  479 	ld	a, -4 (ix)
   01A1 DD 77 FF      [19]  480 	ld	-1 (ix), a
                            481 ;	genMove_o size 0 result type 6 source type 1 a_dead 1 hl_dead 1 de_dead 0 iy_dead 1 f_dead 1
   01A4 DD CB FF 3E   [23]  482 	srl	-1 (ix)
   01A8 DD CB FE 1E   [23]  483 	rr	-2 (ix)
   01AC DD CB FD 1E   [23]  484 	rr	-3 (ix)
                            485 ;	genMove_o size 3 result type 6 source type 6 a_dead 1 hl_dead 1 de_dead 0 iy_dead 1 f_dead 1
                            486 ;	genOr
                            487 ;	genMove_o size 1 result type 2 source type 6 a_dead 1 hl_dead 1 de_dead 0 iy_dead 1 f_dead 1
   01B0 DD 4E FD      [19]  488 	ld	c, -3 (ix)
                            489 ;	genMove_o size 0 result type 2 source type 1 a_dead 1 hl_dead 1 de_dead 0 iy_dead 1 f_dead 1
   01B3 78            [ 4]  490 	ld	a, b
   01B4 DD B6 FE      [19]  491 	or	a, -2 (ix)
                            492 ;	genMove_o size 1 result type 2 source type 2 a_dead 1 hl_dead 1 de_dead 0 iy_dead 1 f_dead 1
   01B7 47            [ 4]  493 	ld	b, a
                            494 ;	genMove_o size 0 result type 2 source type 1 a_dead 1 hl_dead 1 de_dead 0 iy_dead 1 f_dead 1
                            495 ;	genMove_o size 1 result type 2 source type 2 a_dead 1 hl_dead 1 de_dead 0 iy_dead 1 f_dead 1
                            496 ;	genCmpEq
                            497 ;	genMove_o size 1 result type 2 source type 2 a_dead 1 hl_dead 1 de_dead 0 iy_dead 0 f_dead 1
   01B8 79            [ 4]  498 	ld	a, c
                            499 ;	genMove_o size 0 result type 2 source type 1 a_dead 1 hl_dead 1 de_dead 0 iy_dead 0 f_dead 1
   01B9 D6 2A         [ 7]  500 	sub	a, #0x2a
                            501 ; common peephole 163 changed absolute to relative conditional jump.
   01BB 20 06         [12]  502 	jr	nz, 00252$
                            503 ;	genMove_o size 1 result type 2 source type 2 a_dead 1 hl_dead 1 de_dead 0 iy_dead 0 f_dead 1
   01BD 78            [ 4]  504 	ld	a, b
                            505 ;	genMove_o size 0 result type 2 source type 1 a_dead 1 hl_dead 1 de_dead 0 iy_dead 0 f_dead 1
   01BE D6 55         [ 7]  506 	sub	a, #0x55
   01C0 B3            [ 4]  507 	or	a, e
                            508 ; common peephole 163 changed absolute to relative conditional jump.
   01C1 28 11         [12]  509 	jr	z, 00114$
                            510 ; common peephole 81 removed jp by using inverse jump logic
   01C3                     511 00252$:
                            512 ;	skipping generated iCode
                            513 ;	skipping iCode since result will be rematerialized
                            514 ;	skipping iCode since result will be rematerialized
                            515 ;	skipping iCode since result will be rematerialized
                            516 ;	skipping iCode since result will be rematerialized
                            517 ;	skipping iCode since result will be rematerialized
                            518 ;	skipping iCode since result will be rematerialized
                            519 ;	genIpush
                            520 ;	genMove_o size 2 result type 2 source type 1 a_dead 1 hl_dead 1 de_dead 1 iy_dead 1 f_dead 1
   01C3 21 2E 00      [10]  521 	ld	hl, #0x002e
   01C6 E5            [11]  522 	push	hl
                            523 ;	genIpush
                            524 ;	genMove_o size 2 result type 2 source type 7 a_dead 1 hl_dead 1 de_dead 1 iy_dead 1 f_dead 1
   01C7 21rADs03      [10]  525 	ld	hl, #___str_2
   01CA E5            [11]  526 	push	hl
                            527 ;	genSend
                            528 ;	genMove_o size 2 result type 2 source type 7 a_dead 1 hl_dead 1 de_dead 1 iy_dead 1 f_dead 1
   01CB 11r59s04      [10]  529 	ld	de, #___str_7
                            530 ;	genSend
                            531 ;	genMove_o size 2 result type 2 source type 7 a_dead 1 hl_dead 1 de_dead 0 iy_dead 1 f_dead 1
   01CE 21r80s03      [10]  532 	ld	hl, #___str_0
                            533 ;	genCall
   01D1 CDr00s00      [17]  534 	call	___fail
                            535 ;	genLabel
   01D4                     536 00114$:
                            537 ;cases/bitintrot/bitintrot_width_17_dist_16_storage_auto.c:47: ASSERT (NROL2 (t1) == NROL2 (TESTVECT1));
                            538 ;	genPlus
                            539 ;	genMove_o size 2 result type 2 source type 10 a_dead 1 hl_dead 1 de_dead 1 iy_dead 1 f_dead 1
   01D4 2Ar00s00      [16]  540 	ld	hl, (___numTests)
   01D7 23            [ 6]  541 	inc	hl
                            542 ;	genMove_o size 2 result type 10 source type 2 a_dead 1 hl_dead 1 de_dead 1 iy_dead 1 f_dead 1
   01D8 22r00s00      [16]  543 	ld	(___numTests), hl
                            544 ;	genRightShift
                            545 ;	genMove_o size 2 result type 2 source type 6 a_dead 1 hl_dead 1 de_dead 1 iy_dead 1 f_dead 1
   01DB DD 4E F8      [19]  546 	ld	c, -8 (ix)
   01DE DD 46 F9      [19]  547 	ld	b, -7 (ix)
                            548 ;	genMove_o size 0 result type 2 source type 1 a_dead 1 hl_dead 1 de_dead 0 iy_dead 1 f_dead 1
                            549 ;	genMove_o size 1 result type 2 source type 1 a_dead 1 hl_dead 1 de_dead 0 iy_dead 1 f_dead 1
                            550 ; common peephole 1 removed dead load from #0x00 into e.
                            551 ;	genMove_o size 3 result type 2 source type 2 a_dead 1 hl_dead 1 de_dead 1 iy_dead 1 f_dead 1
                            552 ;	genLeftShift
                            553 ;	genMove_o size 3 result type 6 source type 6 a_dead 0 hl_dead 1 de_dead 0 iy_dead 1 f_dead 1
   01E1 DD 6E F7      [19]  554 	ld	l, -9 (ix)
   01E4 DD 75 FD      [19]  555 	ld	-3 (ix), l
   01E7 DD 6E F8      [19]  556 	ld	l, -8 (ix)
   01EA DD 75 FE      [19]  557 	ld	-2 (ix), l
   01ED DD 6E F9      [19]  558 	ld	l, -7 (ix)
   01F0 DD 75 FF      [19]  559 	ld	-1 (ix), l
                            560 ;	genMove_o size 0 result type 6 source type 1 a_dead 0 hl_dead 1 de_dead 0 iy_dead 1 f_dead 1
                            561 ;	genMove_o size 0 result type 6 source type 1 a_dead 0 hl_dead 1 de_dead 0 iy_dead 1 f_dead 1
   01F3 DD CB FD 26   [23]  562 	sla	-3 (ix)
   01F7 DD CB FE 16   [23]  563 	rl	-2 (ix)
   01FB DD CB FF 16   [23]  564 	rl	-1 (ix)
   01FF DD 7E FF      [19]  565 	ld	a, -1 (ix)
   0202 E6 01         [ 7]  566 	and	a, #0x01
   0204 DD 77 FF      [19]  567 	ld	-1 (ix), a
                            568 ;	genMove_o size 3 result type 6 source type 6 a_dead 1 hl_dead 1 de_dead 0 iy_dead 1 f_dead 1
                            569 ;	genOr
   0207 79            [ 4]  570 	ld	a, c
   0208 DD B6 FD      [19]  571 	or	a, -3 (ix)
                            572 ;	genMove_o size 1 result type 2 source type 2 a_dead 1 hl_dead 1 de_dead 0 iy_dead 1 f_dead 1
   020B 4F            [ 4]  573 	ld	c, a
                            574 ;	genMove_o size 0 result type 2 source type 1 a_dead 1 hl_dead 1 de_dead 0 iy_dead 1 f_dead 1
   020C 78            [ 4]  575 	ld	a, b
   020D DD B6 FE      [19]  576 	or	a, -2 (ix)
                            577 ;	genMove_o size 1 result type 2 source type 2 a_dead 1 hl_dead 1 de_dead 0 iy_dead 1 f_dead 1
   0210 47            [ 4]  578 	ld	b, a
                            579 ;	genMove_o size 0 result type 2 source type 1 a_dead 1 hl_dead 1 de_dead 0 iy_dead 1 f_dead 1
                            580 ;	genMove_o size 1 result type 2 source type 6 a_dead 1 hl_dead 1 de_dead 0 iy_dead 1 f_dead 1
   0211 DD 5E FF      [19]  581 	ld	e, -1 (ix)
                            582 ;	genMove_o size 0 result type 2 source type 1 a_dead 1 hl_dead 1 de_dead 0 iy_dead 1 f_dead 1
                            583 ;	genCmpEq
                            584 ;	genMove_o size 1 result type 2 source type 2 a_dead 1 hl_dead 1 de_dead 0 iy_dead 0 f_dead 1
   0214 79            [ 4]  585 	ld	a, c
                            586 ;	genMove_o size 0 result type 2 source type 1 a_dead 1 hl_dead 1 de_dead 0 iy_dead 0 f_dead 1
   0215 D6 4A         [ 7]  587 	sub	a, #0x4a
                            588 ; common peephole 163 changed absolute to relative conditional jump.
   0217 20 05         [12]  589 	jr	nz, 00257$
                            590 ;	genMove_o size 1 result type 2 source type 2 a_dead 1 hl_dead 1 de_dead 0 iy_dead 0 f_dead 1
   0219 78            [ 4]  591 	ld	a, b
                            592 ;	genMove_o size 0 result type 2 source type 1 a_dead 1 hl_dead 1 de_dead 0 iy_dead 0 f_dead 1
   021A 3D            [ 4]  593 	dec	a
   021B B3            [ 4]  594 	or	a, e
                            595 ; common peephole 163 changed absolute to relative conditional jump.
   021C 28 11         [12]  596 	jr	z, 00116$
                            597 ; common peephole 81 removed jp by using inverse jump logic
   021E                     598 00257$:
                            599 ;	skipping generated iCode
                            600 ;	skipping iCode since result will be rematerialized
                            601 ;	skipping iCode since result will be rematerialized
                            602 ;	skipping iCode since result will be rematerialized
                            603 ;	skipping iCode since result will be rematerialized
                            604 ;	skipping iCode since result will be rematerialized
                            605 ;	skipping iCode since result will be rematerialized
                            606 ;	genIpush
                            607 ;	genMove_o size 2 result type 2 source type 1 a_dead 1 hl_dead 1 de_dead 1 iy_dead 1 f_dead 1
   021E 21 2F 00      [10]  608 	ld	hl, #0x002f
   0221 E5            [11]  609 	push	hl
                            610 ;	genIpush
                            611 ;	genMove_o size 2 result type 2 source type 7 a_dead 1 hl_dead 1 de_dead 1 iy_dead 1 f_dead 1
   0222 21rADs03      [10]  612 	ld	hl, #___str_2
   0225 E5            [11]  613 	push	hl
                            614 ;	genSend
                            615 ;	genMove_o size 2 result type 2 source type 7 a_dead 1 hl_dead 1 de_dead 1 iy_dead 1 f_dead 1
   0226 11r77s04      [10]  616 	ld	de, #___str_8
                            617 ;	genSend
                            618 ;	genMove_o size 2 result type 2 source type 7 a_dead 1 hl_dead 1 de_dead 0 iy_dead 1 f_dead 1
   0229 21r80s03      [10]  619 	ld	hl, #___str_0
                            620 ;	genCall
   022C CDr00s00      [17]  621 	call	___fail
                            622 ;	genLabel
   022F                     623 00116$:
                            624 ;cases/bitintrot/bitintrot_width_17_dist_16_storage_auto.c:48: ASSERT (NROL2 (t2) == NROL2 (TESTVECT2));
                            625 ;	genPlus
                            626 ;	genMove_o size 2 result type 2 source type 10 a_dead 1 hl_dead 1 de_dead 1 iy_dead 1 f_dead 1
   022F 2Ar00s00      [16]  627 	ld	hl, (___numTests)
   0232 23            [ 6]  628 	inc	hl
                            629 ;	genMove_o size 2 result type 10 source type 2 a_dead 1 hl_dead 1 de_dead 1 iy_dead 1 f_dead 1
   0233 22r00s00      [16]  630 	ld	(___numTests), hl
                            631 ;	genRightShift
                            632 ;	genMove_o size 2 result type 2 source type 6 a_dead 1 hl_dead 1 de_dead 1 iy_dead 1 f_dead 1
   0236 DD 5E FB      [19]  633 	ld	e, -5 (ix)
   0239 DD 56 FC      [19]  634 	ld	d, -4 (ix)
                            635 ;	genMove_o size 0 result type 2 source type 1 a_dead 1 hl_dead 1 de_dead 1 iy_dead 1 f_dead 1
                            636 ;	genMove_o size 1 result type 2 source type 1 a_dead 1 hl_dead 1 de_dead 0 iy_dead 1 f_dead 1
                            637 ; common peephole 1 removed dead load from #0x00 into c.
                            638 ;	genMove_o size 3 result type 2 source type 2 a_dead 1 hl_dead 1 de_dead 1 iy_dead 1 f_dead 1
                            639 ;	genLeftShift
                            640 ;	genMove_o size 3 result type 2 source type 6 a_dead 1 hl_dead 1 de_dead 0 iy_dead 1 f_dead 1
   023C DD 6E FA      [19]  641 	ld	l, -6 (ix)
   023F DD 66 FB      [19]  642 	ld	h, -5 (ix)
   0242 DD 7E FC      [19]  643 	ld	a, -4 (ix)
                            644 ;	genMove_o size 0 result type 2 source type 1 a_dead 1 hl_dead 1 de_dead 0 iy_dead 1 f_dead 1
                            645 ;	genMove_o size 0 result type 2 source type 1 a_dead 1 hl_dead 0 de_dead 0 iy_dead 1 f_dead 1
   0245 29            [11]  646 	add	hl, hl
   0246 8F            [ 4]  647 	adc	a, a
   0247 E6 01         [ 7]  648 	and	a, #0x01
                            649 ;	genMove_o size 3 result type 2 source type 2 a_dead 1 hl_dead 1 de_dead 0 iy_dead 1 f_dead 1
                            650 ;	genOr
   0249 F5            [11]  651 	push	af
   024A 7B            [ 4]  652 	ld	a, e
   024B B5            [ 4]  653 	or	a, l
                            654 ;	genMove_o size 1 result type 2 source type 2 a_dead 1 hl_dead 0 de_dead 0 iy_dead 1 f_dead 1
   024C 6F            [ 4]  655 	ld	l, a
                            656 ;	genMove_o size 0 result type 2 source type 1 a_dead 1 hl_dead 0 de_dead 0 iy_dead 1 f_dead 1
   024D 7A            [ 4]  657 	ld	a, d
   024E B4            [ 4]  658 	or	a, h
                            659 ;	genMove_o size 1 result type 2 source type 2 a_dead 1 hl_dead 0 de_dead 0 iy_dead 1 f_dead 1
   024F 67            [ 4]  660 	ld	h, a
                            661 ;	genMove_o size 0 result type 2 source type 1 a_dead 1 hl_dead 0 de_dead 0 iy_dead 1 f_dead 1
   0250 F1            [10]  662 	pop	af
                            663 ;	genMove_o size 1 result type 2 source type 2 a_dead 1 hl_dead 0 de_dead 0 iy_dead 1 f_dead 1
   0251 4F            [ 4]  664 	ld	c, a
                            665 ;	genMove_o size 0 result type 2 source type 1 a_dead 1 hl_dead 0 de_dead 0 iy_dead 1 f_dead 1
                            666 ;	genCmpEq
   0252 11 AA 54      [10]  667 	ld	de, #0x54aa
   0255 BF            [ 4]  668 	cp	a, a
   0256 ED 52         [15]  669 	sbc	hl, de
                            670 ; common peephole 163 changed absolute to relative conditional jump.
   0258 20 03         [12]  671 	jr	nz, 00262$
   025A 0D            [ 4]  672 	dec	c
                            673 ; common peephole 163 changed absolute to relative conditional jump.
   025B 28 11         [12]  674 	jr	z, 00118$
                            675 ; common peephole 81 removed jp by using inverse jump logic
   025D                     676 00262$:
                            677 ;	skipping generated iCode
                            678 ;	skipping iCode since result will be rematerialized
                            679 ;	skipping iCode since result will be rematerialized
                            680 ;	skipping iCode since result will be rematerialized
                            681 ;	skipping iCode since result will be rematerialized
                            682 ;	skipping iCode since result will be rematerialized
                            683 ;	skipping iCode since result will be rematerialized
                            684 ;	genIpush
                            685 ;	genMove_o size 2 result type 2 source type 1 a_dead 1 hl_dead 1 de_dead 1 iy_dead 1 f_dead 1
   025D 21 30 00      [10]  686 	ld	hl, #0x0030
   0260 E5            [11]  687 	push	hl
                            688 ;	genIpush
                            689 ;	genMove_o size 2 result type 2 source type 7 a_dead 1 hl_dead 1 de_dead 1 iy_dead 1 f_dead 1
   0261 21rADs03      [10]  690 	ld	hl, #___str_2
   0264 E5            [11]  691 	push	hl
                            692 ;	genSend
                            693 ;	genMove_o size 2 result type 2 source type 7 a_dead 1 hl_dead 1 de_dead 1 iy_dead 1 f_dead 1
   0265 11r97s04      [10]  694 	ld	de, #___str_9
                            695 ;	genSend
                            696 ;	genMove_o size 2 result type 2 source type 7 a_dead 1 hl_dead 1 de_dead 0 iy_dead 1 f_dead 1
   0268 21r80s03      [10]  697 	ld	hl, #___str_0
                            698 ;	genCall
   026B CDr00s00      [17]  699 	call	___fail
                            700 ;	genLabel
   026E                     701 00118$:
                            702 ;cases/bitintrot/bitintrot_width_17_dist_16_storage_auto.c:50: t1 = ROL(t1);
                            703 ;	genLeftShift
                            704 ;	genMove_o size 1 result type 2 source type 6 a_dead 1 hl_dead 1 de_dead 1 iy_dead 1 f_dead 1
   026E DD 7E F7      [19]  705 	ld	a, -9 (ix)
                            706 ;	genMove_o size 0 result type 2 source type 1 a_dead 1 hl_dead 1 de_dead 1 iy_dead 1 f_dead 1
                            707 ;	genMove_o size 2 result type 2 source type 1 a_dead 1 hl_dead 1 de_dead 1 iy_dead 1 f_dead 1
                            708 ; common peephole 1 removed dead load from #0x0000 into de.
   0271 E6 01         [ 7]  709 	and	a, #0x01
                            710 ;	genMove_o size 3 result type 2 source type 2 a_dead 1 hl_dead 1 de_dead 1 iy_dead 1 f_dead 1
                            711 ;	genRightShift
                            712 ;	genMove_o size 3 result type 2 source type 6 a_dead 0 hl_dead 1 de_dead 0 iy_dead 1 f_dead 1
   0273 C1            [10]  713 	pop	bc
   0274 C5            [11]  714 	push	bc
   0275 DD 6E F9      [19]  715 	ld	l, -7 (ix)
                            716 ;	genMove_o size 0 result type 2 source type 1 a_dead 0 hl_dead 1 de_dead 0 iy_dead 1 f_dead 1
   0278 CB 3D         [ 8]  717 	srl	l
   027A CB 18         [ 8]  718 	rr	b
   027C CB 19         [ 8]  719 	rr	c
                            720 ;	genMove_o size 3 result type 2 source type 2 a_dead 0 hl_dead 1 de_dead 0 iy_dead 1 f_dead 1
                            721 ;	genOr
                            722 ;	genMove_o size 2 result type 6 source type 2 a_dead 0 hl_dead 0 de_dead 0 iy_dead 1 f_dead 1
   027E 33            [ 6]  723 	inc	sp
   027F 33            [ 6]  724 	inc	sp
   0280 C5            [11]  725 	push	bc
                            726 ;	genMove_o size 0 result type 6 source type 1 a_dead 0 hl_dead 0 de_dead 0 iy_dead 1 f_dead 1
                            727 ;	genMove_o size 1 result type 6 source type 2 a_dead 1 hl_dead 0 de_dead 0 iy_dead 1 f_dead 1
   0281 DD 77 F9      [19]  728 	ld	-7 (ix), a
                            729 ;	genMove_o size 0 result type 6 source type 1 a_dead 1 hl_dead 0 de_dead 0 iy_dead 1 f_dead 1
                            730 ;cases/bitintrot/bitintrot_width_17_dist_16_storage_auto.c:51: t2 = ROL(t2);
                            731 ;	genLeftShift
                            732 ;	genMove_o size 1 result type 2 source type 6 a_dead 1 hl_dead 1 de_dead 1 iy_dead 1 f_dead 1
   0284 DD 7E FA      [19]  733 	ld	a, -6 (ix)
                            734 ;	genMove_o size 0 result type 2 source type 1 a_dead 1 hl_dead 1 de_dead 1 iy_dead 1 f_dead 1
                            735 ;	genMove_o size 2 result type 2 source type 1 a_dead 1 hl_dead 1 de_dead 1 iy_dead 1 f_dead 1
                            736 ; common peephole 1 removed dead load from #0x0000 into de.
   0287 E6 01         [ 7]  737 	and	a, #0x01
                            738 ;	genMove_o size 3 result type 2 source type 2 a_dead 1 hl_dead 1 de_dead 1 iy_dead 1 f_dead 1
                            739 ;	genRightShift
                            740 ;	genMove_o size 3 result type 2 source type 6 a_dead 0 hl_dead 1 de_dead 0 iy_dead 1 f_dead 1
   0289 DD 4E FA      [19]  741 	ld	c, -6 (ix)
   028C DD 46 FB      [19]  742 	ld	b, -5 (ix)
   028F DD 6E FC      [19]  743 	ld	l, -4 (ix)
                            744 ;	genMove_o size 0 result type 2 source type 1 a_dead 0 hl_dead 1 de_dead 0 iy_dead 1 f_dead 1
   0292 CB 3D         [ 8]  745 	srl	l
   0294 CB 18         [ 8]  746 	rr	b
   0296 CB 19         [ 8]  747 	rr	c
                            748 ;	genMove_o size 3 result type 2 source type 2 a_dead 0 hl_dead 1 de_dead 0 iy_dead 1 f_dead 1
                            749 ;	genOr
                            750 ;	genMove_o size 2 result type 6 source type 2 a_dead 0 hl_dead 0 de_dead 0 iy_dead 1 f_dead 1
   0298 DD 71 FA      [19]  751 	ld	-6 (ix), c
   029B DD 70 FB      [19]  752 	ld	-5 (ix), b
                            753 ;	genMove_o size 0 result type 6 source type 1 a_dead 0 hl_dead 0 de_dead 0 iy_dead 1 f_dead 1
                            754 ;	genMove_o size 1 result type 6 source type 2 a_dead 1 hl_dead 0 de_dead 0 iy_dead 1 f_dead 1
   029E DD 77 FC      [19]  755 	ld	-4 (ix), a
                            756 ;	genMove_o size 0 result type 6 source type 1 a_dead 1 hl_dead 0 de_dead 0 iy_dead 1 f_dead 1
                            757 ;cases/bitintrot/bitintrot_width_17_dist_16_storage_auto.c:52: ASSERT (t1 == ROL (TESTVECT1));
                            758 ;	genPlus
                            759 ;	genMove_o size 2 result type 2 source type 10 a_dead 1 hl_dead 1 de_dead 1 iy_dead 1 f_dead 1
   02A1 2Ar00s00      [16]  760 	ld	hl, (___numTests)
   02A4 23            [ 6]  761 	inc	hl
                            762 ;	genMove_o size 2 result type 10 source type 2 a_dead 1 hl_dead 1 de_dead 1 iy_dead 1 f_dead 1
   02A5 22r00s00      [16]  763 	ld	(___numTests), hl
                            764 ;	genCmpEq
                            765 ;	genMove_o size 1 result type 2 source type 6 a_dead 1 hl_dead 1 de_dead 0 iy_dead 0 f_dead 1
   02A8 DD 7E F7      [19]  766 	ld	a, -9 (ix)
                            767 ;	genMove_o size 0 result type 2 source type 1 a_dead 1 hl_dead 1 de_dead 0 iy_dead 0 f_dead 1
   02AB D6 52         [ 7]  768 	sub	a, #0x52
   02AD DD B6 F8      [19]  769 	or	a, -8 (ix)
                            770 ; common peephole 163 changed absolute to relative conditional jump.
   02B0 20 06         [12]  771 	jr	nz, 00271$
                            772 ;	genMove_o size 1 result type 2 source type 6 a_dead 1 hl_dead 1 de_dead 0 iy_dead 0 f_dead 1
   02B2 DD 7E F9      [19]  773 	ld	a, -7 (ix)
                            774 ;	genMove_o size 0 result type 2 source type 1 a_dead 1 hl_dead 1 de_dead 0 iy_dead 0 f_dead 1
   02B5 3D            [ 4]  775 	dec	a
                            776 ; common peephole 163 changed absolute to relative conditional jump.
   02B6 28 11         [12]  777 	jr	z, 00120$
                            778 ; common peephole 81 removed jp by using inverse jump logic
   02B8                     779 00271$:
                            780 ;	skipping generated iCode
                            781 ;	skipping iCode since result will be rematerialized
                            782 ;	skipping iCode since result will be rematerialized
                            783 ;	skipping iCode since result will be rematerialized
                            784 ;	skipping iCode since result will be rematerialized
                            785 ;	skipping iCode since result will be rematerialized
                            786 ;	skipping iCode since result will be rematerialized
                            787 ;	genIpush
                            788 ;	genMove_o size 2 result type 2 source type 1 a_dead 1 hl_dead 1 de_dead 1 iy_dead 1 f_dead 1
   02B8 21 34 00      [10]  789 	ld	hl, #0x0034
   02BB E5            [11]  790 	push	hl
                            791 ;	genIpush
                            792 ;	genMove_o size 2 result type 2 source type 7 a_dead 1 hl_dead 1 de_dead 1 iy_dead 1 f_dead 1
   02BC 21rADs03      [10]  793 	ld	hl, #___str_2
   02BF E5            [11]  794 	push	hl
                            795 ;	genSend
                            796 ;	genMove_o size 2 result type 2 source type 7 a_dead 1 hl_dead 1 de_dead 1 iy_dead 1 f_dead 1
   02C0 11rB7s04      [10]  797 	ld	de, #___str_10
                            798 ;	genSend
                            799 ;	genMove_o size 2 result type 2 source type 7 a_dead 1 hl_dead 1 de_dead 0 iy_dead 1 f_dead 1
   02C3 21r80s03      [10]  800 	ld	hl, #___str_0
                            801 ;	genCall
   02C6 CDr00s00      [17]  802 	call	___fail
                            803 ;	genLabel
   02C9                     804 00120$:
                            805 ;cases/bitintrot/bitintrot_width_17_dist_16_storage_auto.c:53: ASSERT (t2 == ROL (TESTVECT2));
                            806 ;	genPlus
                            807 ;	genMove_o size 2 result type 2 source type 10 a_dead 1 hl_dead 1 de_dead 1 iy_dead 1 f_dead 1
   02C9 2Ar00s00      [16]  808 	ld	hl, (___numTests)
   02CC 23            [ 6]  809 	inc	hl
                            810 ;	genMove_o size 2 result type 10 source type 2 a_dead 1 hl_dead 1 de_dead 1 iy_dead 1 f_dead 1
   02CD 22r00s00      [16]  811 	ld	(___numTests), hl
                            812 ;	genCmpEq
                            813 ;	genMove_o size 1 result type 2 source type 6 a_dead 1 hl_dead 1 de_dead 0 iy_dead 0 f_dead 1
   02D0 DD 7E FA      [19]  814 	ld	a, -6 (ix)
                            815 ;	genMove_o size 0 result type 2 source type 1 a_dead 1 hl_dead 1 de_dead 0 iy_dead 0 f_dead 1
   02D3 D6 2A         [ 7]  816 	sub	a, #0x2a
                            817 ; common peephole 163 changed absolute to relative conditional jump.
   02D5 20 0D         [12]  818 	jr	nz, 00272$
                            819 ;	genMove_o size 1 result type 2 source type 6 a_dead 1 hl_dead 1 de_dead 0 iy_dead 0 f_dead 1
   02D7 DD 7E FB      [19]  820 	ld	a, -5 (ix)
                            821 ;	genMove_o size 0 result type 2 source type 1 a_dead 1 hl_dead 1 de_dead 0 iy_dead 0 f_dead 1
   02DA D6 55         [ 7]  822 	sub	a, #0x55
                            823 ; common peephole 163 changed absolute to relative conditional jump.
   02DC 20 06         [12]  824 	jr	nz, 00272$
                            825 ;	genMove_o size 1 result type 2 source type 6 a_dead 1 hl_dead 1 de_dead 0 iy_dead 0 f_dead 1
   02DE DD 7E FC      [19]  826 	ld	a, -4 (ix)
                            827 ;	genMove_o size 0 result type 2 source type 1 a_dead 1 hl_dead 1 de_dead 0 iy_dead 0 f_dead 1
   02E1 3D            [ 4]  828 	dec	a
                            829 ; common peephole 163 changed absolute to relative conditional jump.
   02E2 28 11         [12]  830 	jr	z, 00122$
                            831 ; common peephole 81 removed jp by using inverse jump logic
   02E4                     832 00272$:
                            833 ;	skipping generated iCode
                            834 ;	skipping iCode since result will be rematerialized
                            835 ;	skipping iCode since result will be rematerialized
                            836 ;	skipping iCode since result will be rematerialized
                            837 ;	skipping iCode since result will be rematerialized
                            838 ;	skipping iCode since result will be rematerialized
                            839 ;	skipping iCode since result will be rematerialized
                            840 ;	genIpush
                            841 ;	genMove_o size 2 result type 2 source type 1 a_dead 1 hl_dead 1 de_dead 1 iy_dead 1 f_dead 1
   02E4 21 35 00      [10]  842 	ld	hl, #0x0035
   02E7 E5            [11]  843 	push	hl
                            844 ;	genIpush
                            845 ;	genMove_o size 2 result type 2 source type 7 a_dead 1 hl_dead 1 de_dead 1 iy_dead 1 f_dead 1
   02E8 21rADs03      [10]  846 	ld	hl, #___str_2
   02EB E5            [11]  847 	push	hl
                            848 ;	genSend
                            849 ;	genMove_o size 2 result type 2 source type 7 a_dead 1 hl_dead 1 de_dead 1 iy_dead 1 f_dead 1
   02EC 11rCDs04      [10]  850 	ld	de, #___str_11
                            851 ;	genSend
                            852 ;	genMove_o size 2 result type 2 source type 7 a_dead 1 hl_dead 1 de_dead 0 iy_dead 1 f_dead 1
   02EF 21r80s03      [10]  853 	ld	hl, #___str_0
                            854 ;	genCall
   02F2 CDr00s00      [17]  855 	call	___fail
                            856 ;	genLabel
   02F5                     857 00122$:
                            858 ;cases/bitintrot/bitintrot_width_17_dist_16_storage_auto.c:55: t1 = ROR(t1);
                            859 ;	genRightShift
                            860 ;	genMove_o size 1 result type 2 source type 6 a_dead 1 hl_dead 1 de_dead 1 iy_dead 1 f_dead 1
   02F5 DD 4E F9      [19]  861 	ld	c, -7 (ix)
                            862 ;	genMove_o size 0 result type 2 source type 1 a_dead 1 hl_dead 1 de_dead 0 iy_dead 1 f_dead 1
                            863 ;	genMove_o size 2 result type 2 source type 1 a_dead 1 hl_dead 1 de_dead 0 iy_dead 1 f_dead 1
                            864 ; common peephole 1 removed dead load from #0x00 into b.
                            865 ; common peephole 1 removed dead load from #0x00 into e.
                            866 ;	genMove_o size 3 result type 2 source type 2 a_dead 1 hl_dead 1 de_dead 1 iy_dead 1 f_dead 1
                            867 ;	genLeftShift
                            868 ;	genMove_o size 3 result type 2 source type 6 a_dead 0 hl_dead 1 de_dead 0 iy_dead 1 f_dead 1
   02F8 E1            [10]  869 	pop	hl
   02F9 E5            [11]  870 	push	hl
   02FA DD 56 F9      [19]  871 	ld	d, -7 (ix)
                            872 ;	genMove_o size 0 result type 2 source type 1 a_dead 0 hl_dead 1 de_dead 0 iy_dead 1 f_dead 1
                            873 ;	genMove_o size 0 result type 2 source type 1 a_dead 0 hl_dead 0 de_dead 0 iy_dead 1 f_dead 1
   02FD 29            [11]  874 	add	hl, hl
   02FE CB 12         [ 8]  875 	rl	d
   0300 7A            [ 4]  876 	ld	a, d
   0301 E6 01         [ 7]  877 	and	a, #0x01
   0303 57            [ 4]  878 	ld	d, a
                            879 ;	genMove_o size 3 result type 2 source type 2 a_dead 1 hl_dead 1 de_dead 0 iy_dead 1 f_dead 1
                            880 ;	genOr
   0304 79            [ 4]  881 	ld	a, c
   0305 B5            [ 4]  882 	or	a, l
                            883 ;	genMove_o size 1 result type 6 source type 2 a_dead 1 hl_dead 0 de_dead 0 iy_dead 1 f_dead 1
   0306 DD 77 F7      [19]  884 	ld	-9 (ix), a
                            885 ;	genMove_o size 0 result type 6 source type 1 a_dead 1 hl_dead 0 de_dead 0 iy_dead 1 f_dead 1
                            886 ;	genMove_o size 2 result type 6 source type 2 a_dead 1 hl_dead 0 de_dead 0 iy_dead 1 f_dead 1
   0309 DD 74 F8      [19]  887 	ld	-8 (ix), h
   030C DD 72 F9      [19]  888 	ld	-7 (ix), d
                            889 ;	genMove_o size 0 result type 6 source type 1 a_dead 1 hl_dead 0 de_dead 0 iy_dead 1 f_dead 1
                            890 ;cases/bitintrot/bitintrot_width_17_dist_16_storage_auto.c:56: t2 = ROR(t2);
                            891 ;	genRightShift
                            892 ;	genMove_o size 1 result type 2 source type 6 a_dead 1 hl_dead 1 de_dead 1 iy_dead 1 f_dead 1
   030F DD 4E FC      [19]  893 	ld	c, -4 (ix)
                            894 ;	genMove_o size 0 result type 2 source type 1 a_dead 1 hl_dead 1 de_dead 0 iy_dead 1 f_dead 1
                            895 ;	genMove_o size 2 result type 2 source type 1 a_dead 1 hl_dead 1 de_dead 0 iy_dead 1 f_dead 1
                            896 ; common peephole 1 removed dead load from #0x00 into b.
                            897 ; common peephole 1 removed dead load from #0x00 into e.
                            898 ;	genMove_o size 3 result type 2 source type 2 a_dead 1 hl_dead 1 de_dead 1 iy_dead 1 f_dead 1
                            899 ;	genLeftShift
                            900 ;	genMove_o size 3 result type 2 source type 6 a_dead 0 hl_dead 1 de_dead 0 iy_dead 1 f_dead 1
   0312 DD 6E FA      [19]  901 	ld	l, -6 (ix)
   0315 DD 66 FB      [19]  902 	ld	h, -5 (ix)
   0318 DD 56 FC      [19]  903 	ld	d, -4 (ix)
                            904 ;	genMove_o size 0 result type 2 source type 1 a_dead 0 hl_dead 1 de_dead 0 iy_dead 1 f_dead 1
                            905 ;	genMove_o size 0 result type 2 source type 1 a_dead 0 hl_dead 0 de_dead 0 iy_dead 1 f_dead 1
   031B 29            [11]  906 	add	hl, hl
   031C CB 12         [ 8]  907 	rl	d
   031E 7A            [ 4]  908 	ld	a, d
   031F E6 01         [ 7]  909 	and	a, #0x01
   0321 57            [ 4]  910 	ld	d, a
                            911 ;	genMove_o size 3 result type 2 source type 2 a_dead 1 hl_dead 1 de_dead 0 iy_dead 1 f_dead 1
                            912 ;	genOr
   0322 79            [ 4]  913 	ld	a, c
   0323 B5            [ 4]  914 	or	a, l
                            915 ;	genMove_o size 1 result type 6 source type 2 a_dead 1 hl_dead 0 de_dead 0 iy_dead 1 f_dead 1
   0324 DD 77 FA      [19]  916 	ld	-6 (ix), a
                            917 ;	genMove_o size 0 result type 6 source type 1 a_dead 1 hl_dead 0 de_dead 0 iy_dead 1 f_dead 1
                            918 ;	genMove_o size 2 result type 6 source type 2 a_dead 1 hl_dead 0 de_dead 0 iy_dead 1 f_dead 1
   0327 DD 74 FB      [19]  919 	ld	-5 (ix), h
   032A DD 72 FC      [19]  920 	ld	-4 (ix), d
                            921 ;	genMove_o size 0 result type 6 source type 1 a_dead 1 hl_dead 0 de_dead 0 iy_dead 1 f_dead 1
                            922 ;cases/bitintrot/bitintrot_width_17_dist_16_storage_auto.c:57: ASSERT (t1 == TESTVECT1);
                            923 ;	genPlus
                            924 ;	genMove_o size 2 result type 2 source type 10 a_dead 1 hl_dead 1 de_dead 1 iy_dead 1 f_dead 1
   032D 2Ar00s00      [16]  925 	ld	hl, (___numTests)
   0330 23            [ 6]  926 	inc	hl
                            927 ;	genMove_o size 2 result type 10 source type 2 a_dead 1 hl_dead 1 de_dead 1 iy_dead 1 f_dead 1
   0331 22r00s00      [16]  928 	ld	(___numTests), hl
                            929 ;	genCmpEq
                            930 ;	genMove_o size 1 result type 2 source type 6 a_dead 1 hl_dead 1 de_dead 0 iy_dead 0 f_dead 1
   0334 DD 7E F7      [19]  931 	ld	a, -9 (ix)
                            932 ;	genMove_o size 0 result type 2 source type 1 a_dead 1 hl_dead 1 de_dead 0 iy_dead 0 f_dead 1
   0337 D6 A5         [ 7]  933 	sub	a, #0xa5
   0339 DD B6 F8      [19]  934 	or	a, -8 (ix)
   033C DD B6 F9      [19]  935 	or	a, -7 (ix)
                            936 ; common peephole 163 changed absolute to relative conditional jump.
   033F 28 11         [12]  937 	jr	z, 00124$
                            938 ; common peephole 81 removed jp by using inverse jump logic
                            939 ; common peephole 159 removed unused label 00281$.
                            940 ;	skipping generated iCode
                            941 ;	skipping iCode since result will be rematerialized
                            942 ;	skipping iCode since result will be rematerialized
                            943 ;	skipping iCode since result will be rematerialized
                            944 ;	skipping iCode since result will be rematerialized
                            945 ;	skipping iCode since result will be rematerialized
                            946 ;	skipping iCode since result will be rematerialized
                            947 ;	genIpush
                            948 ;	genMove_o size 2 result type 2 source type 1 a_dead 1 hl_dead 1 de_dead 1 iy_dead 1 f_dead 1
   0341 21 39 00      [10]  949 	ld	hl, #0x0039
   0344 E5            [11]  950 	push	hl
                            951 ;	genIpush
                            952 ;	genMove_o size 2 result type 2 source type 7 a_dead 1 hl_dead 1 de_dead 1 iy_dead 1 f_dead 1
   0345 21rADs03      [10]  953 	ld	hl, #___str_2
   0348 E5            [11]  954 	push	hl
                            955 ;	genSend
                            956 ;	genMove_o size 2 result type 2 source type 7 a_dead 1 hl_dead 1 de_dead 1 iy_dead 1 f_dead 1
   0349 11rE3s04      [10]  957 	ld	de, #___str_12
                            958 ;	genSend
                            959 ;	genMove_o size 2 result type 2 source type 7 a_dead 1 hl_dead 1 de_dead 0 iy_dead 1 f_dead 1
   034C 21r80s03      [10]  960 	ld	hl, #___str_0
                            961 ;	genCall
   034F CDr00s00      [17]  962 	call	___fail
                            963 ;	genLabel
   0352                     964 00124$:
                            965 ;cases/bitintrot/bitintrot_width_17_dist_16_storage_auto.c:58: ASSERT (t2 == TESTVECT2);
                            966 ;	genPlus
                            967 ;	genMove_o size 2 result type 2 source type 10 a_dead 1 hl_dead 1 de_dead 1 iy_dead 1 f_dead 1
   0352 2Ar00s00      [16]  968 	ld	hl, (___numTests)
   0355 23            [ 6]  969 	inc	hl
                            970 ;	genMove_o size 2 result type 10 source type 2 a_dead 1 hl_dead 1 de_dead 1 iy_dead 1 f_dead 1
   0356 22r00s00      [16]  971 	ld	(___numTests), hl
                            972 ;	genCmpEq
                            973 ;	genMove_o size 1 result type 2 source type 6 a_dead 1 hl_dead 1 de_dead 0 iy_dead 0 f_dead 1
   0359 DD 7E FA      [19]  974 	ld	a, -6 (ix)
                            975 ;	genMove_o size 0 result type 2 source type 1 a_dead 1 hl_dead 1 de_dead 0 iy_dead 0 f_dead 1
   035C D6 55         [ 7]  976 	sub	a, #0x55
                            977 ; common peephole 163 changed absolute to relative conditional jump.
   035E 20 0A         [12]  978 	jr	nz, 00282$
                            979 ;	genMove_o size 1 result type 2 source type 6 a_dead 1 hl_dead 1 de_dead 0 iy_dead 0 f_dead 1
   0360 DD 7E FB      [19]  980 	ld	a, -5 (ix)
                            981 ;	genMove_o size 0 result type 2 source type 1 a_dead 1 hl_dead 1 de_dead 0 iy_dead 0 f_dead 1
   0363 D6 AA         [ 7]  982 	sub	a, #0xaa
   0365 DD B6 FC      [19]  983 	or	a, -4 (ix)
                            984 ; common peephole 163 changed absolute to relative conditional jump.
   0368 28 11         [12]  985 	jr	z, 00101$
                            986 ; common peephole 81 removed jp by using inverse jump logic
   036A                     987 00282$:
                            988 ;	skipping generated iCode
                            989 ;	skipping iCode since result will be rematerialized
                            990 ;	skipping iCode since result will be rematerialized
                            991 ;	skipping iCode since result will be rematerialized
                            992 ;	skipping iCode since result will be rematerialized
                            993 ;	skipping iCode since result will be rematerialized
                            994 ;	skipping iCode since result will be rematerialized
                            995 ;	genIpush
                            996 ;	genMove_o size 2 result type 2 source type 1 a_dead 1 hl_dead 1 de_dead 1 iy_dead 1 f_dead 1
   036A 21 3A 00      [10]  997 	ld	hl, #0x003a
   036D E5            [11]  998 	push	hl
                            999 ;	genIpush
                           1000 ;	genMove_o size 2 result type 2 source type 7 a_dead 1 hl_dead 1 de_dead 1 iy_dead 1 f_dead 1
   036E 21rADs03      [10] 1001 	ld	hl, #___str_2
   0371 E5            [11] 1002 	push	hl
                           1003 ;	genSend
                           1004 ;	genMove_o size 2 result type 2 source type 7 a_dead 1 hl_dead 1 de_dead 1 iy_dead 1 f_dead 1
   0372 11rF3s04      [10] 1005 	ld	de, #___str_13
                           1006 ;	genSend
                           1007 ;	genMove_o size 2 result type 2 source type 7 a_dead 1 hl_dead 1 de_dead 0 iy_dead 1 f_dead 1
   0375 21r80s03      [10] 1008 	ld	hl, #___str_0
                           1009 ;	genCall
   0378 CDr00s00      [17] 1010 	call	___fail
                           1011 ;	genLabel
   037B                    1012 00101$:
                           1013 ;cases/bitintrot/bitintrot_width_17_dist_16_storage_auto.c:60: }
                           1014 ;	genEndFunction
   037B DD F9         [10] 1015 	ld	sp, ix
   037D DD E1         [14] 1016 	pop	ix
   037F C9            [10] 1017 	ret
                           1018 ;	Total testRot function size at codegen: 5 bytes.
   0380                    1019 ___str_0:
   0380 41 73 73 65 72 74  1020 	.ascii "Assertion failed"
        69 6F 6E 20 66 61
        69 6C 65 64
   0390 00                 1021 	.db 0x00
   0391                    1022 ___str_1:
   0391 52 4F 4C 20 28 74  1023 	.ascii "ROL (t1) == ROL (TESTVECT1)"
        31 29 20 3D 3D 20
        52 4F 4C 20 28 54
        45 53 54 56 45 43
        54 31 29
   03AC 00                 1024 	.db 0x00
   03AD                    1025 ___str_2:
   03AD 63 61 73 65 73 2F  1026 	.ascii "cases/bitintrot/bitintrot_width_17_dist_16_storage_auto.c"
        62 69 74 69 6E 74
        72 6F 74 2F 62 69
        74 69 6E 74 72 6F
        74 5F 77 69 64 74
        68 5F 31 37 5F 64
        69 73 74 5F 31 36
        5F 73 74 6F 72 61
        67 65 5F 61 75 74
        6F 2E 63
   03E6 00                 1027 	.db 0x00
   03E7                    1028 ___str_3:
   03E7 52 4F 4C 20 28 74  1029 	.ascii "ROL (t2) == ROL (TESTVECT2)"
        32 29 20 3D 3D 20
        52 4F 4C 20 28 54
        45 53 54 56 45 43
        54 32 29
   0402 00                 1030 	.db 0x00
   0403                    1031 ___str_4:
   0403 52 4F 52 20 28 74  1032 	.ascii "ROR (t1) == ROR (TESTVECT1)"
        31 29 20 3D 3D 20
        52 4F 52 20 28 54
        45 53 54 56 45 43
        54 31 29
   041E 00                 1033 	.db 0x00
   041F                    1034 ___str_5:
   041F 52 4F 52 20 28 74  1035 	.ascii "ROR (t2) == ROR (TESTVECT2)"
        32 29 20 3D 3D 20
        52 4F 52 20 28 54
        45 53 54 56 45 43
        54 32 29
   043A 00                 1036 	.db 0x00
   043B                    1037 ___str_6:
   043B 4E 52 4F 4C 20 28  1038 	.ascii "NROL (t1) == NROL (TESTVECT1)"
        74 31 29 20 3D 3D
        20 4E 52 4F 4C 20
        28 54 45 53 54 56
        45 43 54 31 29
   0458 00                 1039 	.db 0x00
   0459                    1040 ___str_7:
   0459 4E 52 4F 4C 20 28  1041 	.ascii "NROL (t2) == NROL (TESTVECT2)"
        74 32 29 20 3D 3D
        20 4E 52 4F 4C 20
        28 54 45 53 54 56
        45 43 54 32 29
   0476 00                 1042 	.db 0x00
   0477                    1043 ___str_8:
   0477 4E 52 4F 4C 32 20  1044 	.ascii "NROL2 (t1) == NROL2 (TESTVECT1)"
        28 74 31 29 20 3D
        3D 20 4E 52 4F 4C
        32 20 28 54 45 53
        54 56 45 43 54 31
        29
   0496 00                 1045 	.db 0x00
   0497                    1046 ___str_9:
   0497 4E 52 4F 4C 32 20  1047 	.ascii "NROL2 (t2) == NROL2 (TESTVECT2)"
        28 74 32 29 20 3D
        3D 20 4E 52 4F 4C
        32 20 28 54 45 53
        54 56 45 43 54 32
        29
   04B6 00                 1048 	.db 0x00
   04B7                    1049 ___str_10:
   04B7 74 31 20 3D 3D 20  1050 	.ascii "t1 == ROL (TESTVECT1)"
        52 4F 4C 20 28 54
        45 53 54 56 45 43
        54 31 29
   04CC 00                 1051 	.db 0x00
   04CD                    1052 ___str_11:
   04CD 74 32 20 3D 3D 20  1053 	.ascii "t2 == ROL (TESTVECT2)"
        52 4F 4C 20 28 54
        45 53 54 56 45 43
        54 32 29
   04E2 00                 1054 	.db 0x00
   04E3                    1055 ___str_12:
   04E3 74 31 20 3D 3D 20  1056 	.ascii "t1 == TESTVECT1"
        54 45 53 54 56 45
        43 54 31
   04F2 00                 1057 	.db 0x00
   04F3                    1058 ___str_13:
   04F3 74 32 20 3D 3D 20  1059 	.ascii "t2 == TESTVECT2"
        54 45 53 54 56 45
        43 54 32
   0502 00                 1060 	.db 0x00
                           1061 ;cases/bitintrot/bitintrot_width_17_dist_16_storage_auto.c:64: __runSuite(void)
                           1062 ;	genLabel
                           1063 ;	genFunction
                           1064 ;	---------------------------------
                           1065 ; Function __runSuite
                           1066 ; ---------------------------------
                           1067 ;	Register assignment is optimal.
                           1068 ; Stack space usage: 0 bytes.
   0503                    1069 ___runSuite::
                           1070 ;cases/bitintrot/bitintrot_width_17_dist_16_storage_auto.c:66: __prints("Running testRot\n");
                           1071 ;	skipping iCode since result will be rematerialized
                           1072 ;	skipping iCode since result will be rematerialized
                           1073 ;	genSend
                           1074 ;	genMove_o size 2 result type 2 source type 7 a_dead 1 hl_dead 1 de_dead 1 iy_dead 1 f_dead 1
   0503 21r0Cs05      [10] 1075 	ld	hl, #___str_14
                           1076 ;	genCall
   0506 CDr00s00      [17] 1077 	call	___prints
                           1078 ;cases/bitintrot/bitintrot_width_17_dist_16_storage_auto.c:67: testRot();
                           1079 ;	genCall
                           1080 ;	genLabel
                           1081 ; common peephole 159 removed unused label 00101$.
                           1082 ;cases/bitintrot/bitintrot_width_17_dist_16_storage_auto.c:68: }
                           1083 ;	genEndFunction
   0509 C3r00s00      [10] 1084 	jp	_testRot
                           1085 ; common peephole 152 removed unused ret.
                           1086 ;	Total __runSuite function size at codegen: 1 bytes.
   050C                    1087 ___str_14:
   050C 52 75 6E 6E 69 6E  1088 	.ascii "Running testRot"
        67 20 74 65 73 74
        52 6F 74
   051B 0A                 1089 	.db 0x0a
   051C 00                 1090 	.db 0x00
                           1091 ;cases/bitintrot/bitintrot_width_17_dist_16_storage_auto.c:73: __getSuiteName(void)
                           1092 ;	genLabel
                           1093 ;	genFunction
                           1094 ;	---------------------------------
                           1095 ; Function __getSuiteName
                           1096 ; ---------------------------------
                           1097 ;	Register assignment is optimal.
                           1098 ; Stack space usage: 0 bytes.
   051D                    1099 ___getSuiteName::
                           1100 ;cases/bitintrot/bitintrot_width_17_dist_16_storage_auto.c:75: return "bitintrot_width_17_dist_16_storage_auto";
                           1101 ;	skipping iCode since result will be rematerialized
                           1102 ;	skipping iCode since result will be rematerialized
                           1103 ;	genRet
                           1104 ;	genMove_o size 2 result type 2 source type 7 a_dead 1 hl_dead 1 de_dead 1 iy_dead 1 f_dead 1
   051D 11r23s05      [10] 1105 	ld	de, #___str_15
                           1106 ;	genLabel
                           1107 ; common peephole 159 removed unused label 00101$.
                           1108 ;cases/bitintrot/bitintrot_width_17_dist_16_storage_auto.c:76: }
                           1109 ;	genEndFunction
   0520 C9            [10] 1110 	ret
                           1111 ;	Total __getSuiteName function size at codegen: 1 bytes.
   0521                    1112 ___numCases:
   0521 01 00              1113 	.dw #0x0001
   0523                    1114 ___str_15:
   0523 62 69 74 69 6E 74  1115 	.ascii "bitintrot_width_17_dist_16_storage_auto"
        72 6F 74 5F 77 69
        64 74 68 5F 31 37
        5F 64 69 73 74 5F
        31 36 5F 73 74 6F
        72 61 67 65 5F 61
        75 74 6F
   054A 00                 1116 	.db 0x00
                           1117 	.area _CODE (BANK=_CSEG)
                           1118 	.area _INITIALIZER
                           1119 	.area _CABS (ABS)
