                              1 ;--------------------------------------------------------
                              2 ; File Created by SDCC : free open source ISO C Compiler
                              3 ; Version 4.6.2 #16710 (Linux)
                              4 ;--------------------------------------------------------
                              5 	.module bitintrot_width_33_dist_5_storage_static
                              6 	
                              7 ;--------------------------------------------------------
                              8 ; Public variables in this module
                              9 ;--------------------------------------------------------
                             10 	.globl _testRot
                             11 	.globl ___prints
                             12 	.globl ___fail
                             13 	.globl ___numCases
                             14 	.globl ___runSuite
                             15 	.globl ___getSuiteName
                             16 ;--------------------------------------------------------
                             17 ; special function registers
                             18 ;--------------------------------------------------------
                             19 ;--------------------------------------------------------
                             20 ; ram data
                             21 ;--------------------------------------------------------
                             22 	.area _DATA (BANK=_DSEG)
   0000                      23 _testRot_t1_10000_13:
   0000                      24 	.ds 5
   0005                      25 _testRot_t2_10000_13:
   0005                      26 	.ds 5
                             27 ;--------------------------------------------------------
                             28 ; ram data
                             29 ;--------------------------------------------------------
                             30 	.area _INITIALIZED
                             31 ;--------------------------------------------------------
                             32 ; absolute ram data
                             33 ;--------------------------------------------------------
                             34 	.area _DABS (ABS)
                             35 	.area _DABS (ABS)
                             36 ;--------------------------------------------------------
                             37 ; global & static initialisations
                             38 ;--------------------------------------------------------
                             39 	.area _HOME
                             40 	.area _GSINIT
                             41 	.area _GSFINAL
                             42 	.area _GSINIT
                             43 ;cases/bitintrot/bitintrot_width_33_dist_5_storage_static.c:38: volatile static bitinttype t1 = TESTVECT1;
                             44 ;	genAssign
                             45 ;	genMove_o size 5 result type 10 source type 1 a_dead 1 hl_dead 1 de_dead 1 iy_dead 1 f_dead 1
                             46 ; common peephole 57 used direct memory store instead of indirect.
   0000 3E A5         [ 7]   47 	ld	a, #0xa5
                             48 ; common peephole 130h removed unnecessary +0 to immediate
   0002 32r00s00      [13]   49 	ld	(#_testRot_t1_10000_13), a
   0005 AF            [ 4]   50 	xor	a, a
   0006 32r01s00      [13]   51 	ld	(_testRot_t1_10000_13+1), a
   0009 32r02s00      [13]   52 	ld	(_testRot_t1_10000_13+2), a
   000C 32r03s00      [13]   53 	ld	(_testRot_t1_10000_13+3), a
   000F 32r04s00      [13]   54 	ld	(_testRot_t1_10000_13+4), a
                             55 ;cases/bitintrot/bitintrot_width_33_dist_5_storage_static.c:39: volatile static bitinttype t2 = TESTVECT2;
                             56 ;	genAssign
                             57 ;	genMove_o size 5 result type 10 source type 1 a_dead 1 hl_dead 1 de_dead 1 iy_dead 1 f_dead 1
   0012 FD 21r05s00   [14]   58 	ld	iy, #_testRot_t2_10000_13
   0016 FD 36 00 55   [19]   59 	ld	0 (iy), #0x55
   001A FD 36 01 AA   [19]   60 	ld	1 (iy), #0xaa
   001E AF            [ 4]   61 	xor	a, a
   001F 32r07s00      [13]   62 	ld	(_testRot_t2_10000_13+2), a
   0022 32r08s00      [13]   63 	ld	(_testRot_t2_10000_13+3), a
   0025 32r09s00      [13]   64 	ld	(_testRot_t2_10000_13+4), a
                             65 ;--------------------------------------------------------
                             66 ; Home
                             67 ;--------------------------------------------------------
                             68 	.area _HOME (BANK=_CSEG)
                             69 	.area _HOME (BANK=_CSEG)
                             70 ;--------------------------------------------------------
                             71 ; code
                             72 ;--------------------------------------------------------
                             73 	.area _CODE (BANK=_CSEG)
                             74 ;cases/bitintrot/bitintrot_width_33_dist_5_storage_static.c:36: testRot (void)
                             75 ;	genLabel
                             76 ;	genFunction
                             77 ;	---------------------------------
                             78 ; Function testRot
                             79 ; ---------------------------------
                             80 ;	Register assignment might be sub-optimal.
                             81 ; Stack space usage: 11 bytes.
   0000                      82 _testRot::
   0000 DD E5         [15]   83 	push	ix
   0002 DD 21 00 00   [14]   84 	ld	ix,	#0
   0006 DD 39         [15]   85 	add	ix, sp
                             86 ;	adjustStack by -11
   0008 21 F5 FF      [10]   87 	ld	hl, #-11
   000B 39            [11]   88 	add	hl, sp
   000C F9            [ 6]   89 	ld	sp, hl
                             90 ;cases/bitintrot/bitintrot_width_33_dist_5_storage_static.c:41: ASSERT (ROL (t1) == ROL (TESTVECT1));
                             91 ;	genPlus
                             92 ;	genMove_o size 2 result type 2 source type 10 a_dead 1 hl_dead 1 de_dead 1 iy_dead 1 f_dead 1
   000D 2Ar00s00      [16]   93 	ld	hl, (___numTests)
   0010 23            [ 6]   94 	inc	hl
                             95 ;	genMove_o size 2 result type 10 source type 2 a_dead 1 hl_dead 1 de_dead 1 iy_dead 1 f_dead 1
   0011 22r00s00      [16]   96 	ld	(___numTests), hl
                             97 ;	genLeftShift
                             98 ;	genMove_o size 5 result type 6 source type 10 a_dead 1 hl_dead 1 de_dead 1 iy_dead 1 f_dead 1
   0014 3Ar00s00      [13]   99 	ld	a, (_testRot_t1_10000_13+0)
   0017 DD 77 F5      [19]  100 	ld	-11 (ix), a
   001A 3Ar01s00      [13]  101 	ld	a, (_testRot_t1_10000_13+1)
   001D DD 77 F6      [19]  102 	ld	-10 (ix), a
   0020 3Ar02s00      [13]  103 	ld	a, (_testRot_t1_10000_13+2)
   0023 DD 77 F7      [19]  104 	ld	-9 (ix), a
   0026 3Ar03s00      [13]  105 	ld	a, (_testRot_t1_10000_13+3)
   0029 DD 77 F8      [19]  106 	ld	-8 (ix), a
   002C 3Ar04s00      [13]  107 	ld	a, (_testRot_t1_10000_13+4)
   002F DD 77 F9      [19]  108 	ld	-7 (ix), a
                            109 ;	genMove_o size 0 result type 6 source type 1 a_dead 1 hl_dead 1 de_dead 1 iy_dead 1 f_dead 1
   0032 06 05         [ 7]  110 	ld	b, #0x05
   0034                     111 00223$:
   0034 DD CB F5 26   [23]  112 	sla	-11 (ix)
   0038 DD CB F6 16   [23]  113 	rl	-10 (ix)
   003C DD CB F7 16   [23]  114 	rl	-9 (ix)
   0040 DD CB F8 16   [23]  115 	rl	-8 (ix)
   0044 DD CB F9 16   [23]  116 	rl	-7 (ix)
                            117 ; common peephole 159 removed unused label 00224$.
   0048 10 EA         [13]  118 	djnz	00223$
   004A DD 7E F9      [19]  119 	ld	a, -7 (ix)
   004D E6 01         [ 7]  120 	and	a, #0x01
   004F DD 77 F9      [19]  121 	ld	-7 (ix), a
                            122 ;	genMove_o size 5 result type 6 source type 6 a_dead 1 hl_dead 1 de_dead 1 iy_dead 1 f_dead 1
                            123 ;	genRightShift
                            124 ;	genMove_o size 2 result type 6 source type 10 a_dead 1 hl_dead 1 de_dead 1 iy_dead 1 f_dead 1
   0052 3Ar03s00      [13]  125 	ld	a, (_testRot_t1_10000_13+3)
   0055 DD 77 FB      [19]  126 	ld	-5 (ix), a
   0058 3Ar04s00      [13]  127 	ld	a, (_testRot_t1_10000_13+4)
   005B DD 77 FC      [19]  128 	ld	-4 (ix), a
                            129 ;	genMove_o size 3 result type 6 source type 1 a_dead 1 hl_dead 1 de_dead 0 iy_dead 1 f_dead 1
   005E AF            [ 4]  130 	xor	a, a
   005F DD 77 FD      [19]  131 	ld	-3 (ix), a
   0062 DD 77 FE      [19]  132 	ld	-2 (ix), a
   0065 DD 77 FF      [19]  133 	ld	-1 (ix), a
   0068 06 04         [ 7]  134 	ld	b, #0x04
   006A                     135 00225$:
   006A DD CB FC 3E   [23]  136 	srl	-4 (ix)
   006E DD CB FB 1E   [23]  137 	rr	-5 (ix)
                            138 ; common peephole 159 removed unused label 00226$.
   0072 10 F6         [13]  139 	djnz	00225$
                            140 ;	genMove_o size 5 result type 6 source type 6 a_dead 1 hl_dead 1 de_dead 1 iy_dead 1 f_dead 1
                            141 ;	genOr
   0074 DD 7E FB      [19]  142 	ld	a, -5 (ix)
   0077 DD B6 F5      [19]  143 	or	a, -11 (ix)
                            144 ;	genMove_o size 1 result type 6 source type 2 a_dead 1 hl_dead 1 de_dead 1 iy_dead 1 f_dead 1
   007A DD 77 FB      [19]  145 	ld	-5 (ix), a
                            146 ;	genMove_o size 0 result type 6 source type 1 a_dead 1 hl_dead 1 de_dead 1 iy_dead 1 f_dead 1
                            147 ;	genMove_o size 4 result type 6 source type 6 a_dead 1 hl_dead 1 de_dead 1 iy_dead 1 f_dead 1
   007D DD 7E F6      [19]  148 	ld	a, -10 (ix)
   0080 DD 77 FC      [19]  149 	ld	-4 (ix), a
   0083 DD 7E F7      [19]  150 	ld	a, -9 (ix)
   0086 DD 77 FD      [19]  151 	ld	-3 (ix), a
   0089 DD 7E F8      [19]  152 	ld	a, -8 (ix)
   008C DD 77 FE      [19]  153 	ld	-2 (ix), a
   008F DD 7E F9      [19]  154 	ld	a, -7 (ix)
   0092 DD 77 FF      [19]  155 	ld	-1 (ix), a
                            156 ;	genMove_o size 0 result type 6 source type 1 a_dead 1 hl_dead 1 de_dead 1 iy_dead 1 f_dead 1
                            157 ;	genCmpEq
                            158 ;	genMove_o size 1 result type 2 source type 6 a_dead 1 hl_dead 1 de_dead 0 iy_dead 0 f_dead 1
   0095 DD 7E FB      [19]  159 	ld	a, -5 (ix)
                            160 ;	genMove_o size 0 result type 2 source type 1 a_dead 1 hl_dead 1 de_dead 0 iy_dead 0 f_dead 1
   0098 D6 A0         [ 7]  161 	sub	a, #0xa0
                            162 ; common peephole 163 changed absolute to relative conditional jump.
   009A 20 10         [12]  163 	jr	nz, 00227$
                            164 ;	genMove_o size 1 result type 2 source type 6 a_dead 1 hl_dead 1 de_dead 0 iy_dead 0 f_dead 1
   009C DD 7E FC      [19]  165 	ld	a, -4 (ix)
                            166 ;	genMove_o size 0 result type 2 source type 1 a_dead 1 hl_dead 1 de_dead 0 iy_dead 0 f_dead 1
   009F D6 14         [ 7]  167 	sub	a, #0x14
   00A1 DD B6 FD      [19]  168 	or	a, -3 (ix)
   00A4 DD B6 FE      [19]  169 	or	a, -2 (ix)
   00A7 DD B6 FF      [19]  170 	or	a, -1 (ix)
                            171 ; common peephole 163 changed absolute to relative conditional jump.
   00AA 28 11         [12]  172 	jr	z, 00104$
                            173 ; common peephole 81 removed jp by using inverse jump logic
   00AC                     174 00227$:
                            175 ;	skipping generated iCode
                            176 ;	skipping iCode since result will be rematerialized
                            177 ;	skipping iCode since result will be rematerialized
                            178 ;	skipping iCode since result will be rematerialized
                            179 ;	skipping iCode since result will be rematerialized
                            180 ;	skipping iCode since result will be rematerialized
                            181 ;	skipping iCode since result will be rematerialized
                            182 ;	genIpush
                            183 ;	genMove_o size 2 result type 2 source type 1 a_dead 1 hl_dead 1 de_dead 1 iy_dead 1 f_dead 1
   00AC 21 29 00      [10]  184 	ld	hl, #0x0029
   00AF E5            [11]  185 	push	hl
                            186 ;	genIpush
                            187 ;	genMove_o size 2 result type 2 source type 7 a_dead 1 hl_dead 1 de_dead 1 iy_dead 1 f_dead 1
   00B0 21r0Cs08      [10]  188 	ld	hl, #___str_2
   00B3 E5            [11]  189 	push	hl
                            190 ;	genSend
                            191 ;	genMove_o size 2 result type 2 source type 7 a_dead 1 hl_dead 1 de_dead 1 iy_dead 1 f_dead 1
   00B4 11rF0s07      [10]  192 	ld	de, #___str_1
                            193 ;	genSend
                            194 ;	genMove_o size 2 result type 2 source type 7 a_dead 1 hl_dead 1 de_dead 0 iy_dead 1 f_dead 1
   00B7 21rDFs07      [10]  195 	ld	hl, #___str_0
                            196 ;	genCall
   00BA CDr00s00      [17]  197 	call	___fail
                            198 ;	genLabel
   00BD                     199 00104$:
                            200 ;cases/bitintrot/bitintrot_width_33_dist_5_storage_static.c:42: ASSERT (ROL (t2) == ROL (TESTVECT2));
                            201 ;	genPlus
                            202 ;	genMove_o size 2 result type 2 source type 10 a_dead 1 hl_dead 1 de_dead 1 iy_dead 1 f_dead 1
   00BD 2Ar00s00      [16]  203 	ld	hl, (___numTests)
   00C0 23            [ 6]  204 	inc	hl
                            205 ;	genMove_o size 2 result type 10 source type 2 a_dead 1 hl_dead 1 de_dead 1 iy_dead 1 f_dead 1
   00C1 22r00s00      [16]  206 	ld	(___numTests), hl
                            207 ;	genLeftShift
                            208 ;	genMove_o size 5 result type 6 source type 10 a_dead 1 hl_dead 1 de_dead 1 iy_dead 1 f_dead 1
   00C4 3Ar05s00      [13]  209 	ld	a, (_testRot_t2_10000_13+0)
   00C7 DD 77 F5      [19]  210 	ld	-11 (ix), a
   00CA 3Ar06s00      [13]  211 	ld	a, (_testRot_t2_10000_13+1)
   00CD DD 77 F6      [19]  212 	ld	-10 (ix), a
   00D0 3Ar07s00      [13]  213 	ld	a, (_testRot_t2_10000_13+2)
   00D3 DD 77 F7      [19]  214 	ld	-9 (ix), a
   00D6 3Ar08s00      [13]  215 	ld	a, (_testRot_t2_10000_13+3)
   00D9 DD 77 F8      [19]  216 	ld	-8 (ix), a
   00DC 3Ar09s00      [13]  217 	ld	a, (_testRot_t2_10000_13+4)
   00DF DD 77 F9      [19]  218 	ld	-7 (ix), a
                            219 ;	genMove_o size 0 result type 6 source type 1 a_dead 1 hl_dead 1 de_dead 1 iy_dead 1 f_dead 1
   00E2 06 05         [ 7]  220 	ld	b, #0x05
   00E4                     221 00228$:
   00E4 DD CB F5 26   [23]  222 	sla	-11 (ix)
   00E8 DD CB F6 16   [23]  223 	rl	-10 (ix)
   00EC DD CB F7 16   [23]  224 	rl	-9 (ix)
   00F0 DD CB F8 16   [23]  225 	rl	-8 (ix)
   00F4 DD CB F9 16   [23]  226 	rl	-7 (ix)
                            227 ; common peephole 159 removed unused label 00229$.
   00F8 10 EA         [13]  228 	djnz	00228$
   00FA DD 7E F9      [19]  229 	ld	a, -7 (ix)
   00FD E6 01         [ 7]  230 	and	a, #0x01
   00FF DD 77 F9      [19]  231 	ld	-7 (ix), a
                            232 ;	genMove_o size 5 result type 6 source type 6 a_dead 1 hl_dead 1 de_dead 1 iy_dead 1 f_dead 1
                            233 ;	genRightShift
                            234 ;	genMove_o size 2 result type 6 source type 10 a_dead 1 hl_dead 1 de_dead 1 iy_dead 1 f_dead 1
   0102 3Ar08s00      [13]  235 	ld	a, (_testRot_t2_10000_13+3)
   0105 DD 77 FB      [19]  236 	ld	-5 (ix), a
   0108 3Ar09s00      [13]  237 	ld	a, (_testRot_t2_10000_13+4)
   010B DD 77 FC      [19]  238 	ld	-4 (ix), a
                            239 ;	genMove_o size 3 result type 6 source type 1 a_dead 1 hl_dead 1 de_dead 0 iy_dead 1 f_dead 1
   010E AF            [ 4]  240 	xor	a, a
   010F DD 77 FD      [19]  241 	ld	-3 (ix), a
   0112 DD 77 FE      [19]  242 	ld	-2 (ix), a
   0115 DD 77 FF      [19]  243 	ld	-1 (ix), a
   0118 06 04         [ 7]  244 	ld	b, #0x04
   011A                     245 00230$:
   011A DD CB FC 3E   [23]  246 	srl	-4 (ix)
   011E DD CB FB 1E   [23]  247 	rr	-5 (ix)
                            248 ; common peephole 159 removed unused label 00231$.
   0122 10 F6         [13]  249 	djnz	00230$
                            250 ;	genMove_o size 5 result type 6 source type 6 a_dead 1 hl_dead 1 de_dead 1 iy_dead 1 f_dead 1
                            251 ;	genOr
   0124 DD 7E FB      [19]  252 	ld	a, -5 (ix)
   0127 DD B6 F5      [19]  253 	or	a, -11 (ix)
                            254 ;	genMove_o size 1 result type 6 source type 2 a_dead 1 hl_dead 1 de_dead 1 iy_dead 1 f_dead 1
   012A DD 77 FB      [19]  255 	ld	-5 (ix), a
                            256 ;	genMove_o size 0 result type 6 source type 1 a_dead 1 hl_dead 1 de_dead 1 iy_dead 1 f_dead 1
                            257 ;	genMove_o size 4 result type 6 source type 6 a_dead 1 hl_dead 1 de_dead 1 iy_dead 1 f_dead 1
   012D DD 7E F6      [19]  258 	ld	a, -10 (ix)
   0130 DD 77 FC      [19]  259 	ld	-4 (ix), a
   0133 DD 7E F7      [19]  260 	ld	a, -9 (ix)
   0136 DD 77 FD      [19]  261 	ld	-3 (ix), a
   0139 DD 7E F8      [19]  262 	ld	a, -8 (ix)
   013C DD 77 FE      [19]  263 	ld	-2 (ix), a
   013F DD 7E F9      [19]  264 	ld	a, -7 (ix)
   0142 DD 77 FF      [19]  265 	ld	-1 (ix), a
                            266 ;	genMove_o size 0 result type 6 source type 1 a_dead 1 hl_dead 1 de_dead 1 iy_dead 1 f_dead 1
                            267 ;	genCmpEq
                            268 ;	genMove_o size 1 result type 2 source type 6 a_dead 1 hl_dead 1 de_dead 0 iy_dead 0 f_dead 1
   0145 DD 7E FB      [19]  269 	ld	a, -5 (ix)
                            270 ;	genMove_o size 0 result type 2 source type 1 a_dead 1 hl_dead 1 de_dead 0 iy_dead 0 f_dead 1
   0148 D6 A0         [ 7]  271 	sub	a, #0xa0
                            272 ; common peephole 163 changed absolute to relative conditional jump.
   014A 20 14         [12]  273 	jr	nz, 00232$
                            274 ;	genMove_o size 1 result type 2 source type 6 a_dead 1 hl_dead 1 de_dead 0 iy_dead 0 f_dead 1
   014C DD 7E FC      [19]  275 	ld	a, -4 (ix)
                            276 ;	genMove_o size 0 result type 2 source type 1 a_dead 1 hl_dead 1 de_dead 0 iy_dead 0 f_dead 1
   014F D6 4A         [ 7]  277 	sub	a, #0x4a
                            278 ; common peephole 163 changed absolute to relative conditional jump.
   0151 20 0D         [12]  279 	jr	nz, 00232$
                            280 ;	genMove_o size 1 result type 2 source type 6 a_dead 1 hl_dead 1 de_dead 0 iy_dead 0 f_dead 1
   0153 DD 7E FD      [19]  281 	ld	a, -3 (ix)
                            282 ;	genMove_o size 0 result type 2 source type 1 a_dead 1 hl_dead 1 de_dead 0 iy_dead 0 f_dead 1
   0156 D6 15         [ 7]  283 	sub	a, #0x15
   0158 DD B6 FE      [19]  284 	or	a, -2 (ix)
   015B DD B6 FF      [19]  285 	or	a, -1 (ix)
                            286 ; common peephole 163 changed absolute to relative conditional jump.
   015E 28 11         [12]  287 	jr	z, 00106$
                            288 ; common peephole 81 removed jp by using inverse jump logic
   0160                     289 00232$:
                            290 ;	skipping generated iCode
                            291 ;	skipping iCode since result will be rematerialized
                            292 ;	skipping iCode since result will be rematerialized
                            293 ;	skipping iCode since result will be rematerialized
                            294 ;	skipping iCode since result will be rematerialized
                            295 ;	skipping iCode since result will be rematerialized
                            296 ;	skipping iCode since result will be rematerialized
                            297 ;	genIpush
                            298 ;	genMove_o size 2 result type 2 source type 1 a_dead 1 hl_dead 1 de_dead 1 iy_dead 1 f_dead 1
   0160 21 2A 00      [10]  299 	ld	hl, #0x002a
   0163 E5            [11]  300 	push	hl
                            301 ;	genIpush
                            302 ;	genMove_o size 2 result type 2 source type 7 a_dead 1 hl_dead 1 de_dead 1 iy_dead 1 f_dead 1
   0164 21r0Cs08      [10]  303 	ld	hl, #___str_2
   0167 E5            [11]  304 	push	hl
                            305 ;	genSend
                            306 ;	genMove_o size 2 result type 2 source type 7 a_dead 1 hl_dead 1 de_dead 1 iy_dead 1 f_dead 1
   0168 11r47s08      [10]  307 	ld	de, #___str_3
                            308 ;	genSend
                            309 ;	genMove_o size 2 result type 2 source type 7 a_dead 1 hl_dead 1 de_dead 0 iy_dead 1 f_dead 1
   016B 21rDFs07      [10]  310 	ld	hl, #___str_0
                            311 ;	genCall
   016E CDr00s00      [17]  312 	call	___fail
                            313 ;	genLabel
   0171                     314 00106$:
                            315 ;cases/bitintrot/bitintrot_width_33_dist_5_storage_static.c:43: ASSERT (ROR (t1) == ROR (TESTVECT1));
                            316 ;	genPlus
                            317 ;	genMove_o size 2 result type 2 source type 10 a_dead 1 hl_dead 1 de_dead 1 iy_dead 1 f_dead 1
   0171 2Ar00s00      [16]  318 	ld	hl, (___numTests)
   0174 23            [ 6]  319 	inc	hl
                            320 ;	genMove_o size 2 result type 10 source type 2 a_dead 1 hl_dead 1 de_dead 1 iy_dead 1 f_dead 1
   0175 22r00s00      [16]  321 	ld	(___numTests), hl
                            322 ;	genRightShift
                            323 ;	genMove_o size 5 result type 6 source type 10 a_dead 1 hl_dead 1 de_dead 1 iy_dead 1 f_dead 1
   0178 3Ar00s00      [13]  324 	ld	a, (_testRot_t1_10000_13+0)
   017B DD 77 F5      [19]  325 	ld	-11 (ix), a
   017E 3Ar01s00      [13]  326 	ld	a, (_testRot_t1_10000_13+1)
   0181 DD 77 F6      [19]  327 	ld	-10 (ix), a
   0184 3Ar02s00      [13]  328 	ld	a, (_testRot_t1_10000_13+2)
   0187 DD 77 F7      [19]  329 	ld	-9 (ix), a
   018A 3Ar03s00      [13]  330 	ld	a, (_testRot_t1_10000_13+3)
   018D DD 77 F8      [19]  331 	ld	-8 (ix), a
   0190 3Ar04s00      [13]  332 	ld	a, (_testRot_t1_10000_13+4)
   0193 DD 77 F9      [19]  333 	ld	-7 (ix), a
   0196 06 05         [ 7]  334 	ld	b, #0x05
   0198                     335 00233$:
   0198 DD CB F9 3E   [23]  336 	srl	-7 (ix)
   019C DD CB F8 1E   [23]  337 	rr	-8 (ix)
   01A0 DD CB F7 1E   [23]  338 	rr	-9 (ix)
   01A4 DD CB F6 1E   [23]  339 	rr	-10 (ix)
   01A8 DD CB F5 1E   [23]  340 	rr	-11 (ix)
                            341 ; common peephole 159 removed unused label 00234$.
   01AC 10 EA         [13]  342 	djnz	00233$
                            343 ;	genMove_o size 5 result type 6 source type 6 a_dead 1 hl_dead 1 de_dead 1 iy_dead 1 f_dead 1
                            344 ;	genLeftShift
                            345 ;	genMove_o size 2 result type 6 source type 10 a_dead 1 hl_dead 1 de_dead 1 iy_dead 1 f_dead 1
   01AE 3Ar00s00      [13]  346 	ld	a, (_testRot_t1_10000_13+0)
   01B1 DD 77 FE      [19]  347 	ld	-2 (ix), a
   01B4 3Ar01s00      [13]  348 	ld	a, (_testRot_t1_10000_13+1)
   01B7 DD 77 FF      [19]  349 	ld	-1 (ix), a
                            350 ;	genMove_o size 3 result type 6 source type 1 a_dead 1 hl_dead 1 de_dead 1 iy_dead 1 f_dead 1
   01BA AF            [ 4]  351 	xor	a, a
   01BB DD 77 FB      [19]  352 	ld	-5 (ix), a
   01BE DD 77 FC      [19]  353 	ld	-4 (ix), a
   01C1 DD 77 FD      [19]  354 	ld	-3 (ix), a
   01C4 06 04         [ 7]  355 	ld	b, #0x04
   01C6                     356 00235$:
   01C6 DD CB FE 26   [23]  357 	sla	-2 (ix)
   01CA DD CB FF 16   [23]  358 	rl	-1 (ix)
                            359 ; common peephole 159 removed unused label 00236$.
   01CE 10 F6         [13]  360 	djnz	00235$
   01D0 DD 7E FF      [19]  361 	ld	a, -1 (ix)
   01D3 E6 01         [ 7]  362 	and	a, #0x01
   01D5 DD 77 FF      [19]  363 	ld	-1 (ix), a
                            364 ;	genMove_o size 5 result type 6 source type 6 a_dead 1 hl_dead 1 de_dead 1 iy_dead 1 f_dead 1
                            365 ;	genOr
                            366 ;	genMove_o size 3 result type 6 source type 6 a_dead 1 hl_dead 1 de_dead 1 iy_dead 1 f_dead 1
   01D8 DD 7E F5      [19]  367 	ld	a, -11 (ix)
   01DB DD 77 FB      [19]  368 	ld	-5 (ix), a
   01DE DD 7E F6      [19]  369 	ld	a, -10 (ix)
   01E1 DD 77 FC      [19]  370 	ld	-4 (ix), a
   01E4 DD 7E F7      [19]  371 	ld	a, -9 (ix)
   01E7 DD 77 FD      [19]  372 	ld	-3 (ix), a
                            373 ;	genMove_o size 0 result type 6 source type 1 a_dead 1 hl_dead 1 de_dead 1 iy_dead 1 f_dead 1
   01EA DD 7E FE      [19]  374 	ld	a, -2 (ix)
   01ED DD B6 F8      [19]  375 	or	a, -8 (ix)
                            376 ;	genMove_o size 1 result type 6 source type 2 a_dead 1 hl_dead 1 de_dead 1 iy_dead 1 f_dead 1
   01F0 DD 77 FE      [19]  377 	ld	-2 (ix), a
                            378 ;	genMove_o size 0 result type 6 source type 1 a_dead 1 hl_dead 1 de_dead 1 iy_dead 1 f_dead 1
                            379 ;	genMove_o size 1 result type 6 source type 6 a_dead 1 hl_dead 1 de_dead 1 iy_dead 1 f_dead 1
                            380 ;	genCmpEq
                            381 ;	genMove_o size 1 result type 2 source type 6 a_dead 1 hl_dead 1 de_dead 0 iy_dead 0 f_dead 1
   01F3 DD 7E FB      [19]  382 	ld	a, -5 (ix)
                            383 ;	genMove_o size 0 result type 2 source type 1 a_dead 1 hl_dead 1 de_dead 0 iy_dead 0 f_dead 1
   01F6 D6 05         [ 7]  384 	sub	a, #0x05
   01F8 DD B6 FC      [19]  385 	or	a, -4 (ix)
   01FB DD B6 FD      [19]  386 	or	a, -3 (ix)
                            387 ; common peephole 163 changed absolute to relative conditional jump.
   01FE 20 0A         [12]  388 	jr	nz, 00237$
                            389 ;	genMove_o size 1 result type 2 source type 6 a_dead 1 hl_dead 1 de_dead 0 iy_dead 0 f_dead 1
   0200 DD 7E FE      [19]  390 	ld	a, -2 (ix)
                            391 ;	genMove_o size 0 result type 2 source type 1 a_dead 1 hl_dead 1 de_dead 0 iy_dead 0 f_dead 1
   0203 D6 50         [ 7]  392 	sub	a, #0x50
   0205 DD B6 FF      [19]  393 	or	a, -1 (ix)
                            394 ; common peephole 163 changed absolute to relative conditional jump.
   0208 28 11         [12]  395 	jr	z, 00108$
                            396 ; common peephole 81 removed jp by using inverse jump logic
   020A                     397 00237$:
                            398 ;	skipping generated iCode
                            399 ;	skipping iCode since result will be rematerialized
                            400 ;	skipping iCode since result will be rematerialized
                            401 ;	skipping iCode since result will be rematerialized
                            402 ;	skipping iCode since result will be rematerialized
                            403 ;	skipping iCode since result will be rematerialized
                            404 ;	skipping iCode since result will be rematerialized
                            405 ;	genIpush
                            406 ;	genMove_o size 2 result type 2 source type 1 a_dead 1 hl_dead 1 de_dead 1 iy_dead 1 f_dead 1
   020A 21 2B 00      [10]  407 	ld	hl, #0x002b
   020D E5            [11]  408 	push	hl
                            409 ;	genIpush
                            410 ;	genMove_o size 2 result type 2 source type 7 a_dead 1 hl_dead 1 de_dead 1 iy_dead 1 f_dead 1
   020E 21r0Cs08      [10]  411 	ld	hl, #___str_2
   0211 E5            [11]  412 	push	hl
                            413 ;	genSend
                            414 ;	genMove_o size 2 result type 2 source type 7 a_dead 1 hl_dead 1 de_dead 1 iy_dead 1 f_dead 1
   0212 11r63s08      [10]  415 	ld	de, #___str_4
                            416 ;	genSend
                            417 ;	genMove_o size 2 result type 2 source type 7 a_dead 1 hl_dead 1 de_dead 0 iy_dead 1 f_dead 1
   0215 21rDFs07      [10]  418 	ld	hl, #___str_0
                            419 ;	genCall
   0218 CDr00s00      [17]  420 	call	___fail
                            421 ;	genLabel
   021B                     422 00108$:
                            423 ;cases/bitintrot/bitintrot_width_33_dist_5_storage_static.c:44: ASSERT (ROR (t2) == ROR (TESTVECT2));
                            424 ;	genPlus
                            425 ;	genMove_o size 2 result type 2 source type 10 a_dead 1 hl_dead 1 de_dead 1 iy_dead 1 f_dead 1
   021B 2Ar00s00      [16]  426 	ld	hl, (___numTests)
   021E 23            [ 6]  427 	inc	hl
                            428 ;	genMove_o size 2 result type 10 source type 2 a_dead 1 hl_dead 1 de_dead 1 iy_dead 1 f_dead 1
   021F 22r00s00      [16]  429 	ld	(___numTests), hl
                            430 ;	genRightShift
                            431 ;	genMove_o size 5 result type 6 source type 10 a_dead 1 hl_dead 1 de_dead 1 iy_dead 1 f_dead 1
   0222 3Ar05s00      [13]  432 	ld	a, (_testRot_t2_10000_13+0)
   0225 DD 77 F5      [19]  433 	ld	-11 (ix), a
   0228 3Ar06s00      [13]  434 	ld	a, (_testRot_t2_10000_13+1)
   022B DD 77 F6      [19]  435 	ld	-10 (ix), a
   022E 3Ar07s00      [13]  436 	ld	a, (_testRot_t2_10000_13+2)
   0231 DD 77 F7      [19]  437 	ld	-9 (ix), a
   0234 3Ar08s00      [13]  438 	ld	a, (_testRot_t2_10000_13+3)
   0237 DD 77 F8      [19]  439 	ld	-8 (ix), a
   023A 3Ar09s00      [13]  440 	ld	a, (_testRot_t2_10000_13+4)
   023D DD 77 F9      [19]  441 	ld	-7 (ix), a
   0240 06 05         [ 7]  442 	ld	b, #0x05
   0242                     443 00238$:
   0242 DD CB F9 3E   [23]  444 	srl	-7 (ix)
   0246 DD CB F8 1E   [23]  445 	rr	-8 (ix)
   024A DD CB F7 1E   [23]  446 	rr	-9 (ix)
   024E DD CB F6 1E   [23]  447 	rr	-10 (ix)
   0252 DD CB F5 1E   [23]  448 	rr	-11 (ix)
                            449 ; common peephole 159 removed unused label 00239$.
   0256 10 EA         [13]  450 	djnz	00238$
                            451 ;	genMove_o size 5 result type 6 source type 6 a_dead 1 hl_dead 1 de_dead 1 iy_dead 1 f_dead 1
                            452 ;	genLeftShift
                            453 ;	genMove_o size 2 result type 6 source type 10 a_dead 1 hl_dead 1 de_dead 1 iy_dead 1 f_dead 1
   0258 3Ar05s00      [13]  454 	ld	a, (_testRot_t2_10000_13+0)
   025B DD 77 FE      [19]  455 	ld	-2 (ix), a
   025E 3Ar06s00      [13]  456 	ld	a, (_testRot_t2_10000_13+1)
   0261 DD 77 FF      [19]  457 	ld	-1 (ix), a
                            458 ;	genMove_o size 3 result type 6 source type 1 a_dead 1 hl_dead 1 de_dead 1 iy_dead 1 f_dead 1
   0264 AF            [ 4]  459 	xor	a, a
   0265 DD 77 FB      [19]  460 	ld	-5 (ix), a
   0268 DD 77 FC      [19]  461 	ld	-4 (ix), a
   026B DD 77 FD      [19]  462 	ld	-3 (ix), a
   026E 06 04         [ 7]  463 	ld	b, #0x04
   0270                     464 00240$:
   0270 DD CB FE 26   [23]  465 	sla	-2 (ix)
   0274 DD CB FF 16   [23]  466 	rl	-1 (ix)
                            467 ; common peephole 159 removed unused label 00241$.
   0278 10 F6         [13]  468 	djnz	00240$
   027A DD 7E FF      [19]  469 	ld	a, -1 (ix)
   027D E6 01         [ 7]  470 	and	a, #0x01
   027F DD 77 FF      [19]  471 	ld	-1 (ix), a
                            472 ;	genMove_o size 5 result type 6 source type 6 a_dead 1 hl_dead 1 de_dead 1 iy_dead 1 f_dead 1
                            473 ;	genOr
                            474 ;	genMove_o size 3 result type 6 source type 6 a_dead 1 hl_dead 1 de_dead 1 iy_dead 1 f_dead 1
   0282 DD 7E F5      [19]  475 	ld	a, -11 (ix)
   0285 DD 77 FB      [19]  476 	ld	-5 (ix), a
   0288 DD 7E F6      [19]  477 	ld	a, -10 (ix)
   028B DD 77 FC      [19]  478 	ld	-4 (ix), a
   028E DD 7E F7      [19]  479 	ld	a, -9 (ix)
   0291 DD 77 FD      [19]  480 	ld	-3 (ix), a
                            481 ;	genMove_o size 0 result type 6 source type 1 a_dead 1 hl_dead 1 de_dead 1 iy_dead 1 f_dead 1
   0294 DD 7E FE      [19]  482 	ld	a, -2 (ix)
   0297 DD B6 F8      [19]  483 	or	a, -8 (ix)
                            484 ;	genMove_o size 1 result type 6 source type 2 a_dead 1 hl_dead 1 de_dead 1 iy_dead 1 f_dead 1
   029A DD 77 FE      [19]  485 	ld	-2 (ix), a
                            486 ;	genMove_o size 0 result type 6 source type 1 a_dead 1 hl_dead 1 de_dead 1 iy_dead 1 f_dead 1
                            487 ;	genMove_o size 1 result type 6 source type 6 a_dead 1 hl_dead 1 de_dead 1 iy_dead 1 f_dead 1
                            488 ;	genCmpEq
                            489 ;	genMove_o size 1 result type 2 source type 6 a_dead 1 hl_dead 1 de_dead 0 iy_dead 0 f_dead 1
   029D DD 7E FB      [19]  490 	ld	a, -5 (ix)
                            491 ;	genMove_o size 0 result type 2 source type 1 a_dead 1 hl_dead 1 de_dead 0 iy_dead 0 f_dead 1
   02A0 D6 52         [ 7]  492 	sub	a, #0x52
                            493 ; common peephole 163 changed absolute to relative conditional jump.
   02A2 20 17         [12]  494 	jr	nz, 00242$
                            495 ;	genMove_o size 1 result type 2 source type 6 a_dead 1 hl_dead 1 de_dead 0 iy_dead 0 f_dead 1
   02A4 DD 7E FC      [19]  496 	ld	a, -4 (ix)
                            497 ;	genMove_o size 0 result type 2 source type 1 a_dead 1 hl_dead 1 de_dead 0 iy_dead 0 f_dead 1
   02A7 D6 05         [ 7]  498 	sub	a, #0x05
   02A9 DD B6 FD      [19]  499 	or	a, -3 (ix)
                            500 ; common peephole 163 changed absolute to relative conditional jump.
   02AC 20 0D         [12]  501 	jr	nz, 00242$
                            502 ;	genMove_o size 1 result type 2 source type 6 a_dead 1 hl_dead 1 de_dead 0 iy_dead 0 f_dead 1
   02AE DD 7E FE      [19]  503 	ld	a, -2 (ix)
                            504 ;	genMove_o size 0 result type 2 source type 1 a_dead 1 hl_dead 1 de_dead 0 iy_dead 0 f_dead 1
   02B1 D6 50         [ 7]  505 	sub	a, #0x50
                            506 ; common peephole 163 changed absolute to relative conditional jump.
   02B3 20 06         [12]  507 	jr	nz, 00242$
                            508 ;	genMove_o size 1 result type 2 source type 6 a_dead 1 hl_dead 1 de_dead 0 iy_dead 0 f_dead 1
   02B5 DD 7E FF      [19]  509 	ld	a, -1 (ix)
                            510 ;	genMove_o size 0 result type 2 source type 1 a_dead 1 hl_dead 1 de_dead 0 iy_dead 0 f_dead 1
   02B8 3D            [ 4]  511 	dec	a
                            512 ; common peephole 163 changed absolute to relative conditional jump.
   02B9 28 11         [12]  513 	jr	z, 00110$
                            514 ; common peephole 81 removed jp by using inverse jump logic
   02BB                     515 00242$:
                            516 ;	skipping generated iCode
                            517 ;	skipping iCode since result will be rematerialized
                            518 ;	skipping iCode since result will be rematerialized
                            519 ;	skipping iCode since result will be rematerialized
                            520 ;	skipping iCode since result will be rematerialized
                            521 ;	skipping iCode since result will be rematerialized
                            522 ;	skipping iCode since result will be rematerialized
                            523 ;	genIpush
                            524 ;	genMove_o size 2 result type 2 source type 1 a_dead 1 hl_dead 1 de_dead 1 iy_dead 1 f_dead 1
   02BB 21 2C 00      [10]  525 	ld	hl, #0x002c
   02BE E5            [11]  526 	push	hl
                            527 ;	genIpush
                            528 ;	genMove_o size 2 result type 2 source type 7 a_dead 1 hl_dead 1 de_dead 1 iy_dead 1 f_dead 1
   02BF 21r0Cs08      [10]  529 	ld	hl, #___str_2
   02C2 E5            [11]  530 	push	hl
                            531 ;	genSend
                            532 ;	genMove_o size 2 result type 2 source type 7 a_dead 1 hl_dead 1 de_dead 1 iy_dead 1 f_dead 1
   02C3 11r7Fs08      [10]  533 	ld	de, #___str_5
                            534 ;	genSend
                            535 ;	genMove_o size 2 result type 2 source type 7 a_dead 1 hl_dead 1 de_dead 0 iy_dead 1 f_dead 1
   02C6 21rDFs07      [10]  536 	ld	hl, #___str_0
                            537 ;	genCall
   02C9 CDr00s00      [17]  538 	call	___fail
                            539 ;	genLabel
   02CC                     540 00110$:
                            541 ;cases/bitintrot/bitintrot_width_33_dist_5_storage_static.c:45: ASSERT (NROL (t1) == NROL (TESTVECT1));
                            542 ;	genPlus
                            543 ;	genMove_o size 2 result type 2 source type 10 a_dead 1 hl_dead 1 de_dead 1 iy_dead 1 f_dead 1
   02CC 2Ar00s00      [16]  544 	ld	hl, (___numTests)
   02CF 23            [ 6]  545 	inc	hl
                            546 ;	genMove_o size 2 result type 10 source type 2 a_dead 1 hl_dead 1 de_dead 1 iy_dead 1 f_dead 1
   02D0 22r00s00      [16]  547 	ld	(___numTests), hl
                            548 ;	genLeftShift
                            549 ;	genMove_o size 4 result type 6 source type 10 a_dead 1 hl_dead 1 de_dead 1 iy_dead 1 f_dead 1
   02D3 3Ar00s00      [13]  550 	ld	a, (_testRot_t1_10000_13+0)
   02D6 DD 77 F6      [19]  551 	ld	-10 (ix), a
   02D9 3Ar01s00      [13]  552 	ld	a, (_testRot_t1_10000_13+1)
   02DC DD 77 F7      [19]  553 	ld	-9 (ix), a
   02DF 3Ar02s00      [13]  554 	ld	a, (_testRot_t1_10000_13+2)
   02E2 DD 77 F8      [19]  555 	ld	-8 (ix), a
   02E5 3Ar03s00      [13]  556 	ld	a, (_testRot_t1_10000_13+3)
   02E8 DD 77 F9      [19]  557 	ld	-7 (ix), a
                            558 ;	genMove_o size 1 result type 6 source type 1 a_dead 1 hl_dead 1 de_dead 1 iy_dead 1 f_dead 1
   02EB DD 36 F5 00   [19]  559 	ld	-11 (ix), #0x00
   02EF DD 7E F9      [19]  560 	ld	a, -7 (ix)
   02F2 E6 01         [ 7]  561 	and	a, #0x01
   02F4 DD 77 F9      [19]  562 	ld	-7 (ix), a
                            563 ;	genMove_o size 5 result type 6 source type 6 a_dead 1 hl_dead 1 de_dead 1 iy_dead 1 f_dead 1
                            564 ;	genRightShift
                            565 ;	genMove_o size 2 result type 6 source type 10 a_dead 1 hl_dead 1 de_dead 1 iy_dead 1 f_dead 1
   02F7 3Ar03s00      [13]  566 	ld	a, (_testRot_t1_10000_13+3)
   02FA DD 77 FB      [19]  567 	ld	-5 (ix), a
   02FD 3Ar04s00      [13]  568 	ld	a, (_testRot_t1_10000_13+4)
   0300 DD 77 FC      [19]  569 	ld	-4 (ix), a
                            570 ;	genMove_o size 3 result type 6 source type 1 a_dead 1 hl_dead 1 de_dead 0 iy_dead 1 f_dead 1
   0303 AF            [ 4]  571 	xor	a, a
   0304 DD 77 FD      [19]  572 	ld	-3 (ix), a
   0307 DD 77 FE      [19]  573 	ld	-2 (ix), a
   030A DD 77 FF      [19]  574 	ld	-1 (ix), a
   030D 06 04         [ 7]  575 	ld	b, #0x04
   030F                     576 00245$:
   030F DD CB FC 3E   [23]  577 	srl	-4 (ix)
   0313 DD CB FB 1E   [23]  578 	rr	-5 (ix)
                            579 ; common peephole 159 removed unused label 00246$.
   0317 10 F6         [13]  580 	djnz	00245$
                            581 ;	genMove_o size 5 result type 6 source type 6 a_dead 1 hl_dead 1 de_dead 1 iy_dead 1 f_dead 1
                            582 ;	genOr
                            583 ;	genMove_o size 1 result type 6 source type 6 a_dead 1 hl_dead 1 de_dead 1 iy_dead 1 f_dead 1
                            584 ;	genMove_o size 4 result type 6 source type 6 a_dead 1 hl_dead 1 de_dead 1 iy_dead 1 f_dead 1
   0319 DD 7E F6      [19]  585 	ld	a, -10 (ix)
   031C DD 77 FC      [19]  586 	ld	-4 (ix), a
   031F DD 7E F7      [19]  587 	ld	a, -9 (ix)
   0322 DD 77 FD      [19]  588 	ld	-3 (ix), a
   0325 DD 7E F8      [19]  589 	ld	a, -8 (ix)
   0328 DD 77 FE      [19]  590 	ld	-2 (ix), a
   032B DD 7E F9      [19]  591 	ld	a, -7 (ix)
   032E DD 77 FF      [19]  592 	ld	-1 (ix), a
                            593 ;	genMove_o size 0 result type 6 source type 1 a_dead 1 hl_dead 1 de_dead 1 iy_dead 1 f_dead 1
                            594 ;	genCmpEq
   0331 DD 7E FB      [19]  595 	ld	a, -5 (ix)
   0334 B7            [ 4]  596 	or	a, a
                            597 ; common peephole 163 changed absolute to relative conditional jump.
   0335 20 10         [12]  598 	jr	nz, 00247$
                            599 ;	genMove_o size 1 result type 2 source type 6 a_dead 1 hl_dead 1 de_dead 0 iy_dead 0 f_dead 1
   0337 DD 7E FC      [19]  600 	ld	a, -4 (ix)
                            601 ;	genMove_o size 0 result type 2 source type 1 a_dead 1 hl_dead 1 de_dead 0 iy_dead 0 f_dead 1
   033A D6 A5         [ 7]  602 	sub	a, #0xa5
   033C DD B6 FD      [19]  603 	or	a, -3 (ix)
   033F DD B6 FE      [19]  604 	or	a, -2 (ix)
   0342 DD B6 FF      [19]  605 	or	a, -1 (ix)
                            606 ; common peephole 163 changed absolute to relative conditional jump.
   0345 28 11         [12]  607 	jr	z, 00112$
                            608 ; common peephole 81 removed jp by using inverse jump logic
   0347                     609 00247$:
                            610 ;	skipping generated iCode
                            611 ;	skipping iCode since result will be rematerialized
                            612 ;	skipping iCode since result will be rematerialized
                            613 ;	skipping iCode since result will be rematerialized
                            614 ;	skipping iCode since result will be rematerialized
                            615 ;	skipping iCode since result will be rematerialized
                            616 ;	skipping iCode since result will be rematerialized
                            617 ;	genIpush
                            618 ;	genMove_o size 2 result type 2 source type 1 a_dead 1 hl_dead 1 de_dead 1 iy_dead 1 f_dead 1
   0347 21 2D 00      [10]  619 	ld	hl, #0x002d
   034A E5            [11]  620 	push	hl
                            621 ;	genIpush
                            622 ;	genMove_o size 2 result type 2 source type 7 a_dead 1 hl_dead 1 de_dead 1 iy_dead 1 f_dead 1
   034B 21r0Cs08      [10]  623 	ld	hl, #___str_2
   034E E5            [11]  624 	push	hl
                            625 ;	genSend
                            626 ;	genMove_o size 2 result type 2 source type 7 a_dead 1 hl_dead 1 de_dead 1 iy_dead 1 f_dead 1
   034F 11r9Bs08      [10]  627 	ld	de, #___str_6
                            628 ;	genSend
                            629 ;	genMove_o size 2 result type 2 source type 7 a_dead 1 hl_dead 1 de_dead 0 iy_dead 1 f_dead 1
   0352 21rDFs07      [10]  630 	ld	hl, #___str_0
                            631 ;	genCall
   0355 CDr00s00      [17]  632 	call	___fail
                            633 ;	genLabel
   0358                     634 00112$:
                            635 ;cases/bitintrot/bitintrot_width_33_dist_5_storage_static.c:46: ASSERT (NROL (t2) == NROL (TESTVECT2));
                            636 ;	genPlus
                            637 ;	genMove_o size 2 result type 2 source type 10 a_dead 1 hl_dead 1 de_dead 1 iy_dead 1 f_dead 1
   0358 2Ar00s00      [16]  638 	ld	hl, (___numTests)
   035B 23            [ 6]  639 	inc	hl
                            640 ;	genMove_o size 2 result type 10 source type 2 a_dead 1 hl_dead 1 de_dead 1 iy_dead 1 f_dead 1
   035C 22r00s00      [16]  641 	ld	(___numTests), hl
                            642 ;	genLeftShift
                            643 ;	genMove_o size 4 result type 6 source type 10 a_dead 1 hl_dead 1 de_dead 1 iy_dead 1 f_dead 1
   035F 3Ar05s00      [13]  644 	ld	a, (_testRot_t2_10000_13+0)
   0362 DD 77 F6      [19]  645 	ld	-10 (ix), a
   0365 3Ar06s00      [13]  646 	ld	a, (_testRot_t2_10000_13+1)
   0368 DD 77 F7      [19]  647 	ld	-9 (ix), a
   036B 3Ar07s00      [13]  648 	ld	a, (_testRot_t2_10000_13+2)
   036E DD 77 F8      [19]  649 	ld	-8 (ix), a
   0371 3Ar08s00      [13]  650 	ld	a, (_testRot_t2_10000_13+3)
   0374 DD 77 F9      [19]  651 	ld	-7 (ix), a
                            652 ;	genMove_o size 1 result type 6 source type 1 a_dead 1 hl_dead 1 de_dead 1 iy_dead 1 f_dead 1
   0377 DD 36 F5 00   [19]  653 	ld	-11 (ix), #0x00
   037B DD 7E F9      [19]  654 	ld	a, -7 (ix)
   037E E6 01         [ 7]  655 	and	a, #0x01
   0380 DD 77 F9      [19]  656 	ld	-7 (ix), a
                            657 ;	genMove_o size 5 result type 6 source type 6 a_dead 1 hl_dead 1 de_dead 1 iy_dead 1 f_dead 1
                            658 ;	genRightShift
                            659 ;	genMove_o size 2 result type 6 source type 10 a_dead 1 hl_dead 1 de_dead 1 iy_dead 1 f_dead 1
   0383 3Ar08s00      [13]  660 	ld	a, (_testRot_t2_10000_13+3)
   0386 DD 77 FB      [19]  661 	ld	-5 (ix), a
   0389 3Ar09s00      [13]  662 	ld	a, (_testRot_t2_10000_13+4)
   038C DD 77 FC      [19]  663 	ld	-4 (ix), a
                            664 ;	genMove_o size 3 result type 6 source type 1 a_dead 1 hl_dead 1 de_dead 0 iy_dead 1 f_dead 1
   038F AF            [ 4]  665 	xor	a, a
   0390 DD 77 FD      [19]  666 	ld	-3 (ix), a
   0393 DD 77 FE      [19]  667 	ld	-2 (ix), a
   0396 DD 77 FF      [19]  668 	ld	-1 (ix), a
   0399 06 04         [ 7]  669 	ld	b, #0x04
   039B                     670 00250$:
   039B DD CB FC 3E   [23]  671 	srl	-4 (ix)
   039F DD CB FB 1E   [23]  672 	rr	-5 (ix)
                            673 ; common peephole 159 removed unused label 00251$.
   03A3 10 F6         [13]  674 	djnz	00250$
                            675 ;	genMove_o size 5 result type 6 source type 6 a_dead 1 hl_dead 1 de_dead 1 iy_dead 1 f_dead 1
                            676 ;	genOr
                            677 ;	genMove_o size 1 result type 6 source type 6 a_dead 1 hl_dead 1 de_dead 1 iy_dead 1 f_dead 1
                            678 ;	genMove_o size 4 result type 6 source type 6 a_dead 1 hl_dead 1 de_dead 1 iy_dead 1 f_dead 1
   03A5 DD 7E F6      [19]  679 	ld	a, -10 (ix)
   03A8 DD 77 FC      [19]  680 	ld	-4 (ix), a
   03AB DD 7E F7      [19]  681 	ld	a, -9 (ix)
   03AE DD 77 FD      [19]  682 	ld	-3 (ix), a
   03B1 DD 7E F8      [19]  683 	ld	a, -8 (ix)
   03B4 DD 77 FE      [19]  684 	ld	-2 (ix), a
   03B7 DD 7E F9      [19]  685 	ld	a, -7 (ix)
   03BA DD 77 FF      [19]  686 	ld	-1 (ix), a
                            687 ;	genMove_o size 0 result type 6 source type 1 a_dead 1 hl_dead 1 de_dead 1 iy_dead 1 f_dead 1
                            688 ;	genCmpEq
   03BD DD 7E FB      [19]  689 	ld	a, -5 (ix)
   03C0 B7            [ 4]  690 	or	a, a
                            691 ; common peephole 163 changed absolute to relative conditional jump.
   03C1 20 14         [12]  692 	jr	nz, 00252$
                            693 ;	genMove_o size 1 result type 2 source type 6 a_dead 1 hl_dead 1 de_dead 0 iy_dead 0 f_dead 1
   03C3 DD 7E FC      [19]  694 	ld	a, -4 (ix)
                            695 ;	genMove_o size 0 result type 2 source type 1 a_dead 1 hl_dead 1 de_dead 0 iy_dead 0 f_dead 1
   03C6 D6 55         [ 7]  696 	sub	a, #0x55
                            697 ; common peephole 163 changed absolute to relative conditional jump.
   03C8 20 0D         [12]  698 	jr	nz, 00252$
                            699 ;	genMove_o size 1 result type 2 source type 6 a_dead 1 hl_dead 1 de_dead 0 iy_dead 0 f_dead 1
   03CA DD 7E FD      [19]  700 	ld	a, -3 (ix)
                            701 ;	genMove_o size 0 result type 2 source type 1 a_dead 1 hl_dead 1 de_dead 0 iy_dead 0 f_dead 1
   03CD D6 AA         [ 7]  702 	sub	a, #0xaa
   03CF DD B6 FE      [19]  703 	or	a, -2 (ix)
   03D2 DD B6 FF      [19]  704 	or	a, -1 (ix)
                            705 ; common peephole 163 changed absolute to relative conditional jump.
   03D5 28 11         [12]  706 	jr	z, 00114$
                            707 ; common peephole 81 removed jp by using inverse jump logic
   03D7                     708 00252$:
                            709 ;	skipping generated iCode
                            710 ;	skipping iCode since result will be rematerialized
                            711 ;	skipping iCode since result will be rematerialized
                            712 ;	skipping iCode since result will be rematerialized
                            713 ;	skipping iCode since result will be rematerialized
                            714 ;	skipping iCode since result will be rematerialized
                            715 ;	skipping iCode since result will be rematerialized
                            716 ;	genIpush
                            717 ;	genMove_o size 2 result type 2 source type 1 a_dead 1 hl_dead 1 de_dead 1 iy_dead 1 f_dead 1
   03D7 21 2E 00      [10]  718 	ld	hl, #0x002e
   03DA E5            [11]  719 	push	hl
                            720 ;	genIpush
                            721 ;	genMove_o size 2 result type 2 source type 7 a_dead 1 hl_dead 1 de_dead 1 iy_dead 1 f_dead 1
   03DB 21r0Cs08      [10]  722 	ld	hl, #___str_2
   03DE E5            [11]  723 	push	hl
                            724 ;	genSend
                            725 ;	genMove_o size 2 result type 2 source type 7 a_dead 1 hl_dead 1 de_dead 1 iy_dead 1 f_dead 1
   03DF 11rB9s08      [10]  726 	ld	de, #___str_7
                            727 ;	genSend
                            728 ;	genMove_o size 2 result type 2 source type 7 a_dead 1 hl_dead 1 de_dead 0 iy_dead 1 f_dead 1
   03E2 21rDFs07      [10]  729 	ld	hl, #___str_0
                            730 ;	genCall
   03E5 CDr00s00      [17]  731 	call	___fail
                            732 ;	genLabel
   03E8                     733 00114$:
                            734 ;cases/bitintrot/bitintrot_width_33_dist_5_storage_static.c:47: ASSERT (NROL2 (t1) == NROL2 (TESTVECT1));
                            735 ;	genPlus
                            736 ;	genMove_o size 2 result type 2 source type 10 a_dead 1 hl_dead 1 de_dead 1 iy_dead 1 f_dead 1
   03E8 2Ar00s00      [16]  737 	ld	hl, (___numTests)
   03EB 23            [ 6]  738 	inc	hl
                            739 ;	genMove_o size 2 result type 10 source type 2 a_dead 1 hl_dead 1 de_dead 1 iy_dead 1 f_dead 1
   03EC 22r00s00      [16]  740 	ld	(___numTests), hl
                            741 ;	genRightShift
                            742 ;	genMove_o size 4 result type 6 source type 10 a_dead 1 hl_dead 1 de_dead 1 iy_dead 1 f_dead 1
   03EF 3Ar01s00      [13]  743 	ld	a, (_testRot_t1_10000_13+1)
   03F2 DD 77 F5      [19]  744 	ld	-11 (ix), a
   03F5 3Ar02s00      [13]  745 	ld	a, (_testRot_t1_10000_13+2)
   03F8 DD 77 F6      [19]  746 	ld	-10 (ix), a
   03FB 3Ar03s00      [13]  747 	ld	a, (_testRot_t1_10000_13+3)
   03FE DD 77 F7      [19]  748 	ld	-9 (ix), a
   0401 3Ar04s00      [13]  749 	ld	a, (_testRot_t1_10000_13+4)
   0404 DD 77 F8      [19]  750 	ld	-8 (ix), a
                            751 ;	genMove_o size 1 result type 6 source type 1 a_dead 1 hl_dead 1 de_dead 0 iy_dead 1 f_dead 1
   0407 DD 36 F9 00   [19]  752 	ld	-7 (ix), #0x00
                            753 ;	genMove_o size 5 result type 6 source type 6 a_dead 1 hl_dead 1 de_dead 1 iy_dead 1 f_dead 1
                            754 ;	genLeftShift
                            755 ;	genMove_o size 2 result type 6 source type 10 a_dead 1 hl_dead 1 de_dead 1 iy_dead 1 f_dead 1
   040B 3Ar00s00      [13]  756 	ld	a, (_testRot_t1_10000_13+0)
   040E DD 77 FE      [19]  757 	ld	-2 (ix), a
   0411 3Ar01s00      [13]  758 	ld	a, (_testRot_t1_10000_13+1)
   0414 DD 77 FF      [19]  759 	ld	-1 (ix), a
                            760 ;	genMove_o size 3 result type 6 source type 1 a_dead 1 hl_dead 1 de_dead 1 iy_dead 1 f_dead 1
   0417 AF            [ 4]  761 	xor	a, a
   0418 DD 77 FB      [19]  762 	ld	-5 (ix), a
   041B DD 77 FC      [19]  763 	ld	-4 (ix), a
   041E DD 77 FD      [19]  764 	ld	-3 (ix), a
   0421 06 04         [ 7]  765 	ld	b, #0x04
   0423                     766 00255$:
   0423 DD CB FE 26   [23]  767 	sla	-2 (ix)
   0427 DD CB FF 16   [23]  768 	rl	-1 (ix)
                            769 ; common peephole 159 removed unused label 00256$.
   042B 10 F6         [13]  770 	djnz	00255$
   042D DD 7E FF      [19]  771 	ld	a, -1 (ix)
   0430 E6 01         [ 7]  772 	and	a, #0x01
   0432 DD 77 FF      [19]  773 	ld	-1 (ix), a
                            774 ;	genMove_o size 5 result type 6 source type 6 a_dead 1 hl_dead 1 de_dead 1 iy_dead 1 f_dead 1
                            775 ;	genOr
                            776 ;	genMove_o size 3 result type 6 source type 6 a_dead 1 hl_dead 1 de_dead 1 iy_dead 1 f_dead 1
   0435 DD 7E F5      [19]  777 	ld	a, -11 (ix)
   0438 DD 77 FB      [19]  778 	ld	-5 (ix), a
   043B DD 7E F6      [19]  779 	ld	a, -10 (ix)
   043E DD 77 FC      [19]  780 	ld	-4 (ix), a
   0441 DD 7E F7      [19]  781 	ld	a, -9 (ix)
   0444 DD 77 FD      [19]  782 	ld	-3 (ix), a
                            783 ;	genMove_o size 0 result type 6 source type 1 a_dead 1 hl_dead 1 de_dead 1 iy_dead 1 f_dead 1
   0447 DD 7E FE      [19]  784 	ld	a, -2 (ix)
   044A DD B6 F8      [19]  785 	or	a, -8 (ix)
                            786 ;	genMove_o size 1 result type 6 source type 2 a_dead 1 hl_dead 1 de_dead 1 iy_dead 1 f_dead 1
   044D DD 77 FE      [19]  787 	ld	-2 (ix), a
                            788 ;	genMove_o size 0 result type 6 source type 1 a_dead 1 hl_dead 1 de_dead 1 iy_dead 1 f_dead 1
                            789 ;	genMove_o size 1 result type 6 source type 6 a_dead 1 hl_dead 1 de_dead 1 iy_dead 1 f_dead 1
                            790 ;	genCmpEq
   0450 DD 7E FB      [19]  791 	ld	a, -5 (ix)
   0453 B7            [ 4]  792 	or	a, a
   0454 DD B6 FC      [19]  793 	or	a, -4 (ix)
   0457 DD B6 FD      [19]  794 	or	a, -3 (ix)
                            795 ; common peephole 163 changed absolute to relative conditional jump.
   045A 20 0A         [12]  796 	jr	nz, 00257$
                            797 ;	genMove_o size 1 result type 2 source type 6 a_dead 1 hl_dead 1 de_dead 0 iy_dead 0 f_dead 1
   045C DD 7E FE      [19]  798 	ld	a, -2 (ix)
                            799 ;	genMove_o size 0 result type 2 source type 1 a_dead 1 hl_dead 1 de_dead 0 iy_dead 0 f_dead 1
   045F D6 50         [ 7]  800 	sub	a, #0x50
   0461 DD B6 FF      [19]  801 	or	a, -1 (ix)
                            802 ; common peephole 163 changed absolute to relative conditional jump.
   0464 28 11         [12]  803 	jr	z, 00116$
                            804 ; common peephole 81 removed jp by using inverse jump logic
   0466                     805 00257$:
                            806 ;	skipping generated iCode
                            807 ;	skipping iCode since result will be rematerialized
                            808 ;	skipping iCode since result will be rematerialized
                            809 ;	skipping iCode since result will be rematerialized
                            810 ;	skipping iCode since result will be rematerialized
                            811 ;	skipping iCode since result will be rematerialized
                            812 ;	skipping iCode since result will be rematerialized
                            813 ;	genIpush
                            814 ;	genMove_o size 2 result type 2 source type 1 a_dead 1 hl_dead 1 de_dead 1 iy_dead 1 f_dead 1
   0466 21 2F 00      [10]  815 	ld	hl, #0x002f
   0469 E5            [11]  816 	push	hl
                            817 ;	genIpush
                            818 ;	genMove_o size 2 result type 2 source type 7 a_dead 1 hl_dead 1 de_dead 1 iy_dead 1 f_dead 1
   046A 21r0Cs08      [10]  819 	ld	hl, #___str_2
   046D E5            [11]  820 	push	hl
                            821 ;	genSend
                            822 ;	genMove_o size 2 result type 2 source type 7 a_dead 1 hl_dead 1 de_dead 1 iy_dead 1 f_dead 1
   046E 11rD7s08      [10]  823 	ld	de, #___str_8
                            824 ;	genSend
                            825 ;	genMove_o size 2 result type 2 source type 7 a_dead 1 hl_dead 1 de_dead 0 iy_dead 1 f_dead 1
   0471 21rDFs07      [10]  826 	ld	hl, #___str_0
                            827 ;	genCall
   0474 CDr00s00      [17]  828 	call	___fail
                            829 ;	genLabel
   0477                     830 00116$:
                            831 ;cases/bitintrot/bitintrot_width_33_dist_5_storage_static.c:48: ASSERT (NROL2 (t2) == NROL2 (TESTVECT2));
                            832 ;	genPlus
                            833 ;	genMove_o size 2 result type 2 source type 10 a_dead 1 hl_dead 1 de_dead 1 iy_dead 1 f_dead 1
   0477 2Ar00s00      [16]  834 	ld	hl, (___numTests)
   047A 23            [ 6]  835 	inc	hl
                            836 ;	genMove_o size 2 result type 10 source type 2 a_dead 1 hl_dead 1 de_dead 1 iy_dead 1 f_dead 1
   047B 22r00s00      [16]  837 	ld	(___numTests), hl
                            838 ;	genRightShift
                            839 ;	genMove_o size 4 result type 6 source type 10 a_dead 1 hl_dead 1 de_dead 1 iy_dead 1 f_dead 1
   047E 3Ar06s00      [13]  840 	ld	a, (_testRot_t2_10000_13+1)
   0481 DD 77 F5      [19]  841 	ld	-11 (ix), a
   0484 3Ar07s00      [13]  842 	ld	a, (_testRot_t2_10000_13+2)
   0487 DD 77 F6      [19]  843 	ld	-10 (ix), a
   048A 3Ar08s00      [13]  844 	ld	a, (_testRot_t2_10000_13+3)
   048D DD 77 F7      [19]  845 	ld	-9 (ix), a
   0490 3Ar09s00      [13]  846 	ld	a, (_testRot_t2_10000_13+4)
   0493 DD 77 F8      [19]  847 	ld	-8 (ix), a
                            848 ;	genMove_o size 1 result type 6 source type 1 a_dead 1 hl_dead 1 de_dead 0 iy_dead 1 f_dead 1
   0496 DD 36 F9 00   [19]  849 	ld	-7 (ix), #0x00
                            850 ;	genMove_o size 5 result type 6 source type 6 a_dead 1 hl_dead 1 de_dead 1 iy_dead 1 f_dead 1
                            851 ;	genLeftShift
                            852 ;	genMove_o size 2 result type 6 source type 10 a_dead 1 hl_dead 1 de_dead 1 iy_dead 1 f_dead 1
   049A 3Ar05s00      [13]  853 	ld	a, (_testRot_t2_10000_13+0)
   049D DD 77 FE      [19]  854 	ld	-2 (ix), a
   04A0 3Ar06s00      [13]  855 	ld	a, (_testRot_t2_10000_13+1)
   04A3 DD 77 FF      [19]  856 	ld	-1 (ix), a
                            857 ;	genMove_o size 3 result type 6 source type 1 a_dead 1 hl_dead 1 de_dead 1 iy_dead 1 f_dead 1
   04A6 AF            [ 4]  858 	xor	a, a
   04A7 DD 77 FB      [19]  859 	ld	-5 (ix), a
   04AA DD 77 FC      [19]  860 	ld	-4 (ix), a
   04AD DD 77 FD      [19]  861 	ld	-3 (ix), a
   04B0 06 04         [ 7]  862 	ld	b, #0x04
   04B2                     863 00260$:
   04B2 DD CB FE 26   [23]  864 	sla	-2 (ix)
   04B6 DD CB FF 16   [23]  865 	rl	-1 (ix)
                            866 ; common peephole 159 removed unused label 00261$.
   04BA 10 F6         [13]  867 	djnz	00260$
   04BC DD 7E FF      [19]  868 	ld	a, -1 (ix)
   04BF E6 01         [ 7]  869 	and	a, #0x01
   04C1 DD 77 FF      [19]  870 	ld	-1 (ix), a
                            871 ;	genMove_o size 5 result type 6 source type 6 a_dead 1 hl_dead 1 de_dead 1 iy_dead 1 f_dead 1
                            872 ;	genOr
                            873 ;	genMove_o size 3 result type 6 source type 6 a_dead 1 hl_dead 1 de_dead 1 iy_dead 1 f_dead 1
   04C4 DD 7E F5      [19]  874 	ld	a, -11 (ix)
   04C7 DD 77 FB      [19]  875 	ld	-5 (ix), a
   04CA DD 7E F6      [19]  876 	ld	a, -10 (ix)
   04CD DD 77 FC      [19]  877 	ld	-4 (ix), a
   04D0 DD 7E F7      [19]  878 	ld	a, -9 (ix)
   04D3 DD 77 FD      [19]  879 	ld	-3 (ix), a
                            880 ;	genMove_o size 0 result type 6 source type 1 a_dead 1 hl_dead 1 de_dead 1 iy_dead 1 f_dead 1
   04D6 DD 7E FE      [19]  881 	ld	a, -2 (ix)
   04D9 DD B6 F8      [19]  882 	or	a, -8 (ix)
                            883 ;	genMove_o size 1 result type 6 source type 2 a_dead 1 hl_dead 1 de_dead 1 iy_dead 1 f_dead 1
   04DC DD 77 FE      [19]  884 	ld	-2 (ix), a
                            885 ;	genMove_o size 0 result type 6 source type 1 a_dead 1 hl_dead 1 de_dead 1 iy_dead 1 f_dead 1
                            886 ;	genMove_o size 1 result type 6 source type 6 a_dead 1 hl_dead 1 de_dead 1 iy_dead 1 f_dead 1
                            887 ;	genCmpEq
                            888 ;	genMove_o size 1 result type 2 source type 6 a_dead 1 hl_dead 1 de_dead 0 iy_dead 0 f_dead 1
   04DF DD 7E FB      [19]  889 	ld	a, -5 (ix)
                            890 ;	genMove_o size 0 result type 2 source type 1 a_dead 1 hl_dead 1 de_dead 0 iy_dead 0 f_dead 1
   04E2 D6 AA         [ 7]  891 	sub	a, #0xaa
   04E4 DD B6 FC      [19]  892 	or	a, -4 (ix)
   04E7 DD B6 FD      [19]  893 	or	a, -3 (ix)
                            894 ; common peephole 163 changed absolute to relative conditional jump.
   04EA 20 0D         [12]  895 	jr	nz, 00262$
                            896 ;	genMove_o size 1 result type 2 source type 6 a_dead 1 hl_dead 1 de_dead 0 iy_dead 0 f_dead 1
   04EC DD 7E FE      [19]  897 	ld	a, -2 (ix)
                            898 ;	genMove_o size 0 result type 2 source type 1 a_dead 1 hl_dead 1 de_dead 0 iy_dead 0 f_dead 1
   04EF D6 50         [ 7]  899 	sub	a, #0x50
                            900 ; common peephole 163 changed absolute to relative conditional jump.
   04F1 20 06         [12]  901 	jr	nz, 00262$
                            902 ;	genMove_o size 1 result type 2 source type 6 a_dead 1 hl_dead 1 de_dead 0 iy_dead 0 f_dead 1
   04F3 DD 7E FF      [19]  903 	ld	a, -1 (ix)
                            904 ;	genMove_o size 0 result type 2 source type 1 a_dead 1 hl_dead 1 de_dead 0 iy_dead 0 f_dead 1
   04F6 3D            [ 4]  905 	dec	a
                            906 ; common peephole 163 changed absolute to relative conditional jump.
   04F7 28 11         [12]  907 	jr	z, 00118$
                            908 ; common peephole 81 removed jp by using inverse jump logic
   04F9                     909 00262$:
                            910 ;	skipping generated iCode
                            911 ;	skipping iCode since result will be rematerialized
                            912 ;	skipping iCode since result will be rematerialized
                            913 ;	skipping iCode since result will be rematerialized
                            914 ;	skipping iCode since result will be rematerialized
                            915 ;	skipping iCode since result will be rematerialized
                            916 ;	skipping iCode since result will be rematerialized
                            917 ;	genIpush
                            918 ;	genMove_o size 2 result type 2 source type 1 a_dead 1 hl_dead 1 de_dead 1 iy_dead 1 f_dead 1
   04F9 21 30 00      [10]  919 	ld	hl, #0x0030
   04FC E5            [11]  920 	push	hl
                            921 ;	genIpush
                            922 ;	genMove_o size 2 result type 2 source type 7 a_dead 1 hl_dead 1 de_dead 1 iy_dead 1 f_dead 1
   04FD 21r0Cs08      [10]  923 	ld	hl, #___str_2
   0500 E5            [11]  924 	push	hl
                            925 ;	genSend
                            926 ;	genMove_o size 2 result type 2 source type 7 a_dead 1 hl_dead 1 de_dead 1 iy_dead 1 f_dead 1
   0501 11rF7s08      [10]  927 	ld	de, #___str_9
                            928 ;	genSend
                            929 ;	genMove_o size 2 result type 2 source type 7 a_dead 1 hl_dead 1 de_dead 0 iy_dead 1 f_dead 1
   0504 21rDFs07      [10]  930 	ld	hl, #___str_0
                            931 ;	genCall
   0507 CDr00s00      [17]  932 	call	___fail
                            933 ;	genLabel
   050A                     934 00118$:
                            935 ;cases/bitintrot/bitintrot_width_33_dist_5_storage_static.c:50: t1 = ROL(t1);
                            936 ;	genLeftShift
                            937 ;	genMove_o size 5 result type 6 source type 10 a_dead 1 hl_dead 1 de_dead 1 iy_dead 1 f_dead 1
   050A 3Ar00s00      [13]  938 	ld	a, (_testRot_t1_10000_13+0)
   050D DD 77 F6      [19]  939 	ld	-10 (ix), a
   0510 3Ar01s00      [13]  940 	ld	a, (_testRot_t1_10000_13+1)
   0513 DD 77 F7      [19]  941 	ld	-9 (ix), a
   0516 3Ar02s00      [13]  942 	ld	a, (_testRot_t1_10000_13+2)
   0519 DD 77 F8      [19]  943 	ld	-8 (ix), a
   051C 3Ar03s00      [13]  944 	ld	a, (_testRot_t1_10000_13+3)
   051F DD 77 F9      [19]  945 	ld	-7 (ix), a
   0522 3Ar04s00      [13]  946 	ld	a, (_testRot_t1_10000_13+4)
   0525 DD 77 FA      [19]  947 	ld	-6 (ix), a
                            948 ;	genMove_o size 0 result type 6 source type 1 a_dead 1 hl_dead 1 de_dead 1 iy_dead 1 f_dead 1
   0528 06 05         [ 7]  949 	ld	b, #0x05
   052A                     950 00263$:
   052A DD CB F6 26   [23]  951 	sla	-10 (ix)
   052E DD CB F7 16   [23]  952 	rl	-9 (ix)
   0532 DD CB F8 16   [23]  953 	rl	-8 (ix)
   0536 DD CB F9 16   [23]  954 	rl	-7 (ix)
   053A DD CB FA 16   [23]  955 	rl	-6 (ix)
                            956 ; common peephole 159 removed unused label 00264$.
   053E 10 EA         [13]  957 	djnz	00263$
   0540 DD 7E FA      [19]  958 	ld	a, -6 (ix)
   0543 E6 01         [ 7]  959 	and	a, #0x01
   0545 DD 77 FA      [19]  960 	ld	-6 (ix), a
                            961 ;	genMove_o size 5 result type 6 source type 6 a_dead 1 hl_dead 1 de_dead 1 iy_dead 1 f_dead 1
                            962 ;	genRightShift
                            963 ;	genMove_o size 2 result type 6 source type 10 a_dead 1 hl_dead 1 de_dead 1 iy_dead 1 f_dead 1
   0548 3Ar03s00      [13]  964 	ld	a, (_testRot_t1_10000_13+3)
   054B DD 77 FB      [19]  965 	ld	-5 (ix), a
   054E 3Ar04s00      [13]  966 	ld	a, (_testRot_t1_10000_13+4)
   0551 DD 77 FC      [19]  967 	ld	-4 (ix), a
                            968 ;	genMove_o size 3 result type 6 source type 1 a_dead 1 hl_dead 1 de_dead 0 iy_dead 1 f_dead 1
   0554 AF            [ 4]  969 	xor	a, a
   0555 DD 77 FD      [19]  970 	ld	-3 (ix), a
   0558 DD 77 FE      [19]  971 	ld	-2 (ix), a
   055B DD 77 FF      [19]  972 	ld	-1 (ix), a
   055E 06 04         [ 7]  973 	ld	b, #0x04
   0560                     974 00265$:
   0560 DD CB FC 3E   [23]  975 	srl	-4 (ix)
   0564 DD CB FB 1E   [23]  976 	rr	-5 (ix)
                            977 ; common peephole 159 removed unused label 00266$.
   0568 10 F6         [13]  978 	djnz	00265$
                            979 ;	genMove_o size 5 result type 6 source type 6 a_dead 1 hl_dead 1 de_dead 1 iy_dead 1 f_dead 1
                            980 ;	genOr
   056A DD 7E F6      [19]  981 	ld	a, -10 (ix)
   056D DD B6 FB      [19]  982 	or	a, -5 (ix)
                            983 ;	genMove_o size 1 result type 10 source type 2 a_dead 1 hl_dead 1 de_dead 1 iy_dead 1 f_dead 1
   0570 32r00s00      [13]  984 	ld	(_testRot_t1_10000_13+0), a
                            985 ;	genMove_o size 4 result type 10 source type 6 a_dead 1 hl_dead 1 de_dead 1 iy_dead 1 f_dead 1
   0573 DD 7E F7      [19]  986 	ld	a, -9 (ix)
   0576 32r01s00      [13]  987 	ld	(_testRot_t1_10000_13+1), a
   0579 DD 7E F8      [19]  988 	ld	a, -8 (ix)
   057C 32r02s00      [13]  989 	ld	(_testRot_t1_10000_13+2), a
   057F DD 7E F9      [19]  990 	ld	a, -7 (ix)
   0582 32r03s00      [13]  991 	ld	(_testRot_t1_10000_13+3), a
   0585 DD 7E FA      [19]  992 	ld	a, -6 (ix)
   0588 32r04s00      [13]  993 	ld	(_testRot_t1_10000_13+4), a
                            994 ;cases/bitintrot/bitintrot_width_33_dist_5_storage_static.c:51: t2 = ROL(t2);
                            995 ;	genLeftShift
                            996 ;	genMove_o size 5 result type 6 source type 10 a_dead 1 hl_dead 1 de_dead 1 iy_dead 1 f_dead 1
   058B 3Ar05s00      [13]  997 	ld	a, (_testRot_t2_10000_13+0)
   058E DD 77 F6      [19]  998 	ld	-10 (ix), a
   0591 3Ar06s00      [13]  999 	ld	a, (_testRot_t2_10000_13+1)
   0594 DD 77 F7      [19] 1000 	ld	-9 (ix), a
   0597 3Ar07s00      [13] 1001 	ld	a, (_testRot_t2_10000_13+2)
   059A DD 77 F8      [19] 1002 	ld	-8 (ix), a
   059D 3Ar08s00      [13] 1003 	ld	a, (_testRot_t2_10000_13+3)
   05A0 DD 77 F9      [19] 1004 	ld	-7 (ix), a
   05A3 3Ar09s00      [13] 1005 	ld	a, (_testRot_t2_10000_13+4)
   05A6 DD 77 FA      [19] 1006 	ld	-6 (ix), a
                           1007 ;	genMove_o size 0 result type 6 source type 1 a_dead 1 hl_dead 1 de_dead 1 iy_dead 1 f_dead 1
   05A9 06 05         [ 7] 1008 	ld	b, #0x05
   05AB                    1009 00267$:
   05AB DD CB F6 26   [23] 1010 	sla	-10 (ix)
   05AF DD CB F7 16   [23] 1011 	rl	-9 (ix)
   05B3 DD CB F8 16   [23] 1012 	rl	-8 (ix)
   05B7 DD CB F9 16   [23] 1013 	rl	-7 (ix)
   05BB DD CB FA 16   [23] 1014 	rl	-6 (ix)
                           1015 ; common peephole 159 removed unused label 00268$.
   05BF 10 EA         [13] 1016 	djnz	00267$
   05C1 DD 7E FA      [19] 1017 	ld	a, -6 (ix)
   05C4 E6 01         [ 7] 1018 	and	a, #0x01
   05C6 DD 77 FA      [19] 1019 	ld	-6 (ix), a
                           1020 ;	genMove_o size 5 result type 6 source type 6 a_dead 1 hl_dead 1 de_dead 1 iy_dead 1 f_dead 1
                           1021 ;	genRightShift
                           1022 ;	genMove_o size 2 result type 6 source type 10 a_dead 1 hl_dead 1 de_dead 1 iy_dead 1 f_dead 1
   05C9 3Ar08s00      [13] 1023 	ld	a, (_testRot_t2_10000_13+3)
   05CC DD 77 FB      [19] 1024 	ld	-5 (ix), a
   05CF 3Ar09s00      [13] 1025 	ld	a, (_testRot_t2_10000_13+4)
   05D2 DD 77 FC      [19] 1026 	ld	-4 (ix), a
                           1027 ;	genMove_o size 3 result type 6 source type 1 a_dead 1 hl_dead 1 de_dead 0 iy_dead 1 f_dead 1
   05D5 AF            [ 4] 1028 	xor	a, a
   05D6 DD 77 FD      [19] 1029 	ld	-3 (ix), a
   05D9 DD 77 FE      [19] 1030 	ld	-2 (ix), a
   05DC DD 77 FF      [19] 1031 	ld	-1 (ix), a
   05DF 06 04         [ 7] 1032 	ld	b, #0x04
   05E1                    1033 00269$:
   05E1 DD CB FC 3E   [23] 1034 	srl	-4 (ix)
   05E5 DD CB FB 1E   [23] 1035 	rr	-5 (ix)
                           1036 ; common peephole 159 removed unused label 00270$.
   05E9 10 F6         [13] 1037 	djnz	00269$
                           1038 ;	genMove_o size 5 result type 6 source type 6 a_dead 1 hl_dead 1 de_dead 1 iy_dead 1 f_dead 1
                           1039 ;	genOr
   05EB DD 7E F6      [19] 1040 	ld	a, -10 (ix)
   05EE DD B6 FB      [19] 1041 	or	a, -5 (ix)
                           1042 ;	genMove_o size 1 result type 10 source type 2 a_dead 1 hl_dead 1 de_dead 1 iy_dead 1 f_dead 1
   05F1 32r05s00      [13] 1043 	ld	(_testRot_t2_10000_13+0), a
                           1044 ;	genMove_o size 4 result type 10 source type 6 a_dead 1 hl_dead 1 de_dead 1 iy_dead 1 f_dead 1
   05F4 DD 7E F7      [19] 1045 	ld	a, -9 (ix)
   05F7 32r06s00      [13] 1046 	ld	(_testRot_t2_10000_13+1), a
   05FA DD 7E F8      [19] 1047 	ld	a, -8 (ix)
   05FD 32r07s00      [13] 1048 	ld	(_testRot_t2_10000_13+2), a
   0600 DD 7E F9      [19] 1049 	ld	a, -7 (ix)
   0603 32r08s00      [13] 1050 	ld	(_testRot_t2_10000_13+3), a
   0606 DD 7E FA      [19] 1051 	ld	a, -6 (ix)
   0609 32r09s00      [13] 1052 	ld	(_testRot_t2_10000_13+4), a
                           1053 ;cases/bitintrot/bitintrot_width_33_dist_5_storage_static.c:52: ASSERT (t1 == ROL (TESTVECT1));
                           1054 ;	genPlus
                           1055 ;	genMove_o size 2 result type 2 source type 10 a_dead 1 hl_dead 1 de_dead 1 iy_dead 1 f_dead 1
   060C 2Ar00s00      [16] 1056 	ld	hl, (___numTests)
   060F 23            [ 6] 1057 	inc	hl
                           1058 ;	genMove_o size 2 result type 10 source type 2 a_dead 1 hl_dead 1 de_dead 1 iy_dead 1 f_dead 1
   0610 22r00s00      [16] 1059 	ld	(___numTests), hl
                           1060 ;	genCmpEq
                           1061 ;	genMove_o size 1 result type 2 source type 10 a_dead 1 hl_dead 1 de_dead 0 iy_dead 0 f_dead 1
   0613 3Ar00s00      [13] 1062 	ld	a, (_testRot_t1_10000_13)
   0616 D6 A0         [ 7] 1063 	sub	a, #0xa0
                           1064 ; common peephole 163 changed absolute to relative conditional jump.
   0618 20 14         [12] 1065 	jr	nz, 00271$
                           1066 ;	genMove_o size 1 result type 2 source type 10 a_dead 1 hl_dead 1 de_dead 0 iy_dead 0 f_dead 1
   061A 3Ar01s00      [13] 1067 	ld	a, (_testRot_t1_10000_13 + 1)
   061D D6 14         [ 7] 1068 	sub	a, #0x14
   061F FD 21r00s00   [14] 1069 	ld	iy, #_testRot_t1_10000_13
   0623 FD B6 02      [19] 1070 	or	a, 2 (iy)
   0626 FD B6 03      [19] 1071 	or	a, 3 (iy)
   0629 FD B6 04      [19] 1072 	or	a, 4 (iy)
                           1073 ; common peephole 163 changed absolute to relative conditional jump.
   062C 28 11         [12] 1074 	jr	z, 00120$
                           1075 ; common peephole 81 removed jp by using inverse jump logic
   062E                    1076 00271$:
                           1077 ;	skipping generated iCode
                           1078 ;	skipping iCode since result will be rematerialized
                           1079 ;	skipping iCode since result will be rematerialized
                           1080 ;	skipping iCode since result will be rematerialized
                           1081 ;	skipping iCode since result will be rematerialized
                           1082 ;	skipping iCode since result will be rematerialized
                           1083 ;	skipping iCode since result will be rematerialized
                           1084 ;	genIpush
                           1085 ;	genMove_o size 2 result type 2 source type 1 a_dead 1 hl_dead 1 de_dead 1 iy_dead 1 f_dead 1
   062E 21 34 00      [10] 1086 	ld	hl, #0x0034
   0631 E5            [11] 1087 	push	hl
                           1088 ;	genIpush
                           1089 ;	genMove_o size 2 result type 2 source type 7 a_dead 1 hl_dead 1 de_dead 1 iy_dead 1 f_dead 1
   0632 21r0Cs08      [10] 1090 	ld	hl, #___str_2
   0635 E5            [11] 1091 	push	hl
                           1092 ;	genSend
                           1093 ;	genMove_o size 2 result type 2 source type 7 a_dead 1 hl_dead 1 de_dead 1 iy_dead 1 f_dead 1
   0636 11r17s09      [10] 1094 	ld	de, #___str_10
                           1095 ;	genSend
                           1096 ;	genMove_o size 2 result type 2 source type 7 a_dead 1 hl_dead 1 de_dead 0 iy_dead 1 f_dead 1
   0639 21rDFs07      [10] 1097 	ld	hl, #___str_0
                           1098 ;	genCall
   063C CDr00s00      [17] 1099 	call	___fail
                           1100 ;	genLabel
   063F                    1101 00120$:
                           1102 ;cases/bitintrot/bitintrot_width_33_dist_5_storage_static.c:53: ASSERT (t2 == ROL (TESTVECT2));
                           1103 ;	genPlus
                           1104 ;	genMove_o size 2 result type 2 source type 10 a_dead 1 hl_dead 1 de_dead 1 iy_dead 1 f_dead 1
   063F 2Ar00s00      [16] 1105 	ld	hl, (___numTests)
   0642 23            [ 6] 1106 	inc	hl
                           1107 ;	genMove_o size 2 result type 10 source type 2 a_dead 1 hl_dead 1 de_dead 1 iy_dead 1 f_dead 1
   0643 22r00s00      [16] 1108 	ld	(___numTests), hl
                           1109 ;	genCmpEq
                           1110 ;	genMove_o size 1 result type 2 source type 10 a_dead 1 hl_dead 1 de_dead 0 iy_dead 0 f_dead 1
   0646 3Ar05s00      [13] 1111 	ld	a, (_testRot_t2_10000_13)
   0649 D6 A0         [ 7] 1112 	sub	a, #0xa0
                           1113 ; common peephole 163 changed absolute to relative conditional jump.
   064B 20 18         [12] 1114 	jr	nz, 00272$
                           1115 ;	genMove_o size 1 result type 2 source type 10 a_dead 1 hl_dead 1 de_dead 0 iy_dead 0 f_dead 1
   064D 3Ar06s00      [13] 1116 	ld	a, (_testRot_t2_10000_13 + 1)
   0650 D6 4A         [ 7] 1117 	sub	a, #0x4a
                           1118 ; common peephole 163 changed absolute to relative conditional jump.
   0652 20 11         [12] 1119 	jr	nz, 00272$
                           1120 ;	genMove_o size 1 result type 2 source type 10 a_dead 1 hl_dead 1 de_dead 0 iy_dead 0 f_dead 1
   0654 3Ar07s00      [13] 1121 	ld	a, (_testRot_t2_10000_13 + 2)
   0657 D6 15         [ 7] 1122 	sub	a, #0x15
   0659 FD 21r05s00   [14] 1123 	ld	iy, #_testRot_t2_10000_13
   065D FD B6 03      [19] 1124 	or	a, 3 (iy)
   0660 FD B6 04      [19] 1125 	or	a, 4 (iy)
                           1126 ; common peephole 163 changed absolute to relative conditional jump.
   0663 28 11         [12] 1127 	jr	z, 00122$
                           1128 ; common peephole 81 removed jp by using inverse jump logic
   0665                    1129 00272$:
                           1130 ;	skipping generated iCode
                           1131 ;	skipping iCode since result will be rematerialized
                           1132 ;	skipping iCode since result will be rematerialized
                           1133 ;	skipping iCode since result will be rematerialized
                           1134 ;	skipping iCode since result will be rematerialized
                           1135 ;	skipping iCode since result will be rematerialized
                           1136 ;	skipping iCode since result will be rematerialized
                           1137 ;	genIpush
                           1138 ;	genMove_o size 2 result type 2 source type 1 a_dead 1 hl_dead 1 de_dead 1 iy_dead 1 f_dead 1
   0665 21 35 00      [10] 1139 	ld	hl, #0x0035
   0668 E5            [11] 1140 	push	hl
                           1141 ;	genIpush
                           1142 ;	genMove_o size 2 result type 2 source type 7 a_dead 1 hl_dead 1 de_dead 1 iy_dead 1 f_dead 1
   0669 21r0Cs08      [10] 1143 	ld	hl, #___str_2
   066C E5            [11] 1144 	push	hl
                           1145 ;	genSend
                           1146 ;	genMove_o size 2 result type 2 source type 7 a_dead 1 hl_dead 1 de_dead 1 iy_dead 1 f_dead 1
   066D 11r2Ds09      [10] 1147 	ld	de, #___str_11
                           1148 ;	genSend
                           1149 ;	genMove_o size 2 result type 2 source type 7 a_dead 1 hl_dead 1 de_dead 0 iy_dead 1 f_dead 1
   0670 21rDFs07      [10] 1150 	ld	hl, #___str_0
                           1151 ;	genCall
   0673 CDr00s00      [17] 1152 	call	___fail
                           1153 ;	genLabel
   0676                    1154 00122$:
                           1155 ;cases/bitintrot/bitintrot_width_33_dist_5_storage_static.c:55: t1 = ROR(t1);
                           1156 ;	genRightShift
                           1157 ;	genMove_o size 5 result type 6 source type 10 a_dead 1 hl_dead 1 de_dead 1 iy_dead 1 f_dead 1
   0676 3Ar00s00      [13] 1158 	ld	a, (_testRot_t1_10000_13+0)
   0679 DD 77 F6      [19] 1159 	ld	-10 (ix), a
   067C 3Ar01s00      [13] 1160 	ld	a, (_testRot_t1_10000_13+1)
   067F DD 77 F7      [19] 1161 	ld	-9 (ix), a
   0682 3Ar02s00      [13] 1162 	ld	a, (_testRot_t1_10000_13+2)
   0685 DD 77 F8      [19] 1163 	ld	-8 (ix), a
   0688 3Ar03s00      [13] 1164 	ld	a, (_testRot_t1_10000_13+3)
   068B DD 77 F9      [19] 1165 	ld	-7 (ix), a
   068E 3Ar04s00      [13] 1166 	ld	a, (_testRot_t1_10000_13+4)
   0691 DD 77 FA      [19] 1167 	ld	-6 (ix), a
   0694 06 05         [ 7] 1168 	ld	b, #0x05
   0696                    1169 00273$:
   0696 DD CB FA 3E   [23] 1170 	srl	-6 (ix)
   069A DD CB F9 1E   [23] 1171 	rr	-7 (ix)
   069E DD CB F8 1E   [23] 1172 	rr	-8 (ix)
   06A2 DD CB F7 1E   [23] 1173 	rr	-9 (ix)
   06A6 DD CB F6 1E   [23] 1174 	rr	-10 (ix)
                           1175 ; common peephole 159 removed unused label 00274$.
   06AA 10 EA         [13] 1176 	djnz	00273$
                           1177 ;	genMove_o size 5 result type 6 source type 6 a_dead 1 hl_dead 1 de_dead 1 iy_dead 1 f_dead 1
                           1178 ;	genLeftShift
                           1179 ;	genMove_o size 2 result type 6 source type 10 a_dead 1 hl_dead 1 de_dead 1 iy_dead 1 f_dead 1
   06AC 3Ar00s00      [13] 1180 	ld	a, (_testRot_t1_10000_13+0)
   06AF DD 77 FE      [19] 1181 	ld	-2 (ix), a
   06B2 3Ar01s00      [13] 1182 	ld	a, (_testRot_t1_10000_13+1)
   06B5 DD 77 FF      [19] 1183 	ld	-1 (ix), a
                           1184 ;	genMove_o size 3 result type 6 source type 1 a_dead 1 hl_dead 1 de_dead 1 iy_dead 1 f_dead 1
   06B8 AF            [ 4] 1185 	xor	a, a
   06B9 DD 77 FB      [19] 1186 	ld	-5 (ix), a
   06BC DD 77 FC      [19] 1187 	ld	-4 (ix), a
   06BF DD 77 FD      [19] 1188 	ld	-3 (ix), a
   06C2 06 04         [ 7] 1189 	ld	b, #0x04
   06C4                    1190 00275$:
   06C4 DD CB FE 26   [23] 1191 	sla	-2 (ix)
   06C8 DD CB FF 16   [23] 1192 	rl	-1 (ix)
                           1193 ; common peephole 159 removed unused label 00276$.
   06CC 10 F6         [13] 1194 	djnz	00275$
   06CE DD 7E FF      [19] 1195 	ld	a, -1 (ix)
   06D1 E6 01         [ 7] 1196 	and	a, #0x01
   06D3 DD 77 FF      [19] 1197 	ld	-1 (ix), a
                           1198 ;	genMove_o size 5 result type 6 source type 6 a_dead 1 hl_dead 1 de_dead 1 iy_dead 1 f_dead 1
                           1199 ;	genOr
                           1200 ;	genMove_o size 3 result type 10 source type 6 a_dead 1 hl_dead 1 de_dead 1 iy_dead 1 f_dead 1
   06D6 DD 7E F6      [19] 1201 	ld	a, -10 (ix)
   06D9 32r00s00      [13] 1202 	ld	(_testRot_t1_10000_13+0), a
   06DC DD 7E F7      [19] 1203 	ld	a, -9 (ix)
   06DF 32r01s00      [13] 1204 	ld	(_testRot_t1_10000_13+1), a
   06E2 DD 7E F8      [19] 1205 	ld	a, -8 (ix)
   06E5 32r02s00      [13] 1206 	ld	(_testRot_t1_10000_13+2), a
   06E8 DD 7E F9      [19] 1207 	ld	a, -7 (ix)
   06EB DD B6 FE      [19] 1208 	or	a, -2 (ix)
                           1209 ;	genMove_o size 1 result type 10 source type 2 a_dead 1 hl_dead 1 de_dead 1 iy_dead 1 f_dead 1
   06EE 32r03s00      [13] 1210 	ld	(_testRot_t1_10000_13+3), a
                           1211 ;	genMove_o size 1 result type 10 source type 6 a_dead 1 hl_dead 1 de_dead 1 iy_dead 1 f_dead 1
   06F1 DD 7E FF      [19] 1212 	ld	a, -1 (ix)
   06F4 32r04s00      [13] 1213 	ld	(_testRot_t1_10000_13+4), a
                           1214 ;cases/bitintrot/bitintrot_width_33_dist_5_storage_static.c:56: t2 = ROR(t2);
                           1215 ;	genRightShift
                           1216 ;	genMove_o size 5 result type 6 source type 10 a_dead 1 hl_dead 1 de_dead 1 iy_dead 1 f_dead 1
   06F7 3Ar05s00      [13] 1217 	ld	a, (_testRot_t2_10000_13+0)
   06FA DD 77 F6      [19] 1218 	ld	-10 (ix), a
   06FD 3Ar06s00      [13] 1219 	ld	a, (_testRot_t2_10000_13+1)
   0700 DD 77 F7      [19] 1220 	ld	-9 (ix), a
   0703 3Ar07s00      [13] 1221 	ld	a, (_testRot_t2_10000_13+2)
   0706 DD 77 F8      [19] 1222 	ld	-8 (ix), a
   0709 3Ar08s00      [13] 1223 	ld	a, (_testRot_t2_10000_13+3)
   070C DD 77 F9      [19] 1224 	ld	-7 (ix), a
   070F 3Ar09s00      [13] 1225 	ld	a, (_testRot_t2_10000_13+4)
   0712 DD 77 FA      [19] 1226 	ld	-6 (ix), a
   0715 06 05         [ 7] 1227 	ld	b, #0x05
   0717                    1228 00277$:
   0717 DD CB FA 3E   [23] 1229 	srl	-6 (ix)
   071B DD CB F9 1E   [23] 1230 	rr	-7 (ix)
   071F DD CB F8 1E   [23] 1231 	rr	-8 (ix)
   0723 DD CB F7 1E   [23] 1232 	rr	-9 (ix)
   0727 DD CB F6 1E   [23] 1233 	rr	-10 (ix)
                           1234 ; common peephole 159 removed unused label 00278$.
   072B 10 EA         [13] 1235 	djnz	00277$
                           1236 ;	genMove_o size 5 result type 6 source type 6 a_dead 1 hl_dead 1 de_dead 1 iy_dead 1 f_dead 1
                           1237 ;	genLeftShift
                           1238 ;	genMove_o size 2 result type 6 source type 10 a_dead 1 hl_dead 1 de_dead 1 iy_dead 1 f_dead 1
   072D 3Ar05s00      [13] 1239 	ld	a, (_testRot_t2_10000_13+0)
   0730 DD 77 FE      [19] 1240 	ld	-2 (ix), a
   0733 3Ar06s00      [13] 1241 	ld	a, (_testRot_t2_10000_13+1)
   0736 DD 77 FF      [19] 1242 	ld	-1 (ix), a
                           1243 ;	genMove_o size 3 result type 6 source type 1 a_dead 1 hl_dead 1 de_dead 1 iy_dead 1 f_dead 1
   0739 AF            [ 4] 1244 	xor	a, a
   073A DD 77 FB      [19] 1245 	ld	-5 (ix), a
   073D DD 77 FC      [19] 1246 	ld	-4 (ix), a
   0740 DD 77 FD      [19] 1247 	ld	-3 (ix), a
   0743 06 04         [ 7] 1248 	ld	b, #0x04
   0745                    1249 00279$:
   0745 DD CB FE 26   [23] 1250 	sla	-2 (ix)
   0749 DD CB FF 16   [23] 1251 	rl	-1 (ix)
                           1252 ; common peephole 159 removed unused label 00280$.
   074D 10 F6         [13] 1253 	djnz	00279$
   074F DD 7E FF      [19] 1254 	ld	a, -1 (ix)
   0752 E6 01         [ 7] 1255 	and	a, #0x01
   0754 DD 77 FF      [19] 1256 	ld	-1 (ix), a
                           1257 ;	genMove_o size 5 result type 6 source type 6 a_dead 1 hl_dead 1 de_dead 1 iy_dead 1 f_dead 1
                           1258 ;	genOr
                           1259 ;	genMove_o size 3 result type 10 source type 6 a_dead 1 hl_dead 1 de_dead 1 iy_dead 1 f_dead 1
   0757 DD 7E F6      [19] 1260 	ld	a, -10 (ix)
   075A 32r05s00      [13] 1261 	ld	(_testRot_t2_10000_13+0), a
   075D DD 7E F7      [19] 1262 	ld	a, -9 (ix)
   0760 32r06s00      [13] 1263 	ld	(_testRot_t2_10000_13+1), a
   0763 DD 7E F8      [19] 1264 	ld	a, -8 (ix)
   0766 32r07s00      [13] 1265 	ld	(_testRot_t2_10000_13+2), a
   0769 DD 7E F9      [19] 1266 	ld	a, -7 (ix)
   076C DD B6 FE      [19] 1267 	or	a, -2 (ix)
                           1268 ;	genMove_o size 1 result type 10 source type 2 a_dead 1 hl_dead 1 de_dead 1 iy_dead 1 f_dead 1
   076F 32r08s00      [13] 1269 	ld	(_testRot_t2_10000_13+3), a
                           1270 ;	genMove_o size 1 result type 10 source type 6 a_dead 1 hl_dead 1 de_dead 1 iy_dead 1 f_dead 1
   0772 DD 7E FF      [19] 1271 	ld	a, -1 (ix)
   0775 32r09s00      [13] 1272 	ld	(_testRot_t2_10000_13+4), a
                           1273 ;cases/bitintrot/bitintrot_width_33_dist_5_storage_static.c:57: ASSERT (t1 == TESTVECT1);
                           1274 ;	genPlus
                           1275 ;	genMove_o size 2 result type 2 source type 10 a_dead 1 hl_dead 1 de_dead 1 iy_dead 1 f_dead 1
   0778 2Ar00s00      [16] 1276 	ld	hl, (___numTests)
   077B 23            [ 6] 1277 	inc	hl
                           1278 ;	genMove_o size 2 result type 10 source type 2 a_dead 1 hl_dead 1 de_dead 1 iy_dead 1 f_dead 1
   077C 22r00s00      [16] 1279 	ld	(___numTests), hl
                           1280 ;	genCmpEq
                           1281 ;	genMove_o size 1 result type 2 source type 10 a_dead 1 hl_dead 1 de_dead 0 iy_dead 0 f_dead 1
   077F 3Ar00s00      [13] 1282 	ld	a, (_testRot_t1_10000_13)
   0782 D6 A5         [ 7] 1283 	sub	a, #0xa5
   0784 FD 21r00s00   [14] 1284 	ld	iy, #_testRot_t1_10000_13
   0788 FD B6 01      [19] 1285 	or	a, 1 (iy)
   078B FD B6 02      [19] 1286 	or	a, 2 (iy)
   078E FD B6 03      [19] 1287 	or	a, 3 (iy)
   0791 FD B6 04      [19] 1288 	or	a, 4 (iy)
                           1289 ; common peephole 163 changed absolute to relative conditional jump.
   0794 28 11         [12] 1290 	jr	z, 00124$
                           1291 ; common peephole 81 removed jp by using inverse jump logic
                           1292 ; common peephole 159 removed unused label 00281$.
                           1293 ;	skipping generated iCode
                           1294 ;	skipping iCode since result will be rematerialized
                           1295 ;	skipping iCode since result will be rematerialized
                           1296 ;	skipping iCode since result will be rematerialized
                           1297 ;	skipping iCode since result will be rematerialized
                           1298 ;	skipping iCode since result will be rematerialized
                           1299 ;	skipping iCode since result will be rematerialized
                           1300 ;	genIpush
                           1301 ;	genMove_o size 2 result type 2 source type 1 a_dead 1 hl_dead 1 de_dead 1 iy_dead 1 f_dead 1
   0796 21 39 00      [10] 1302 	ld	hl, #0x0039
   0799 E5            [11] 1303 	push	hl
                           1304 ;	genIpush
                           1305 ;	genMove_o size 2 result type 2 source type 7 a_dead 1 hl_dead 1 de_dead 1 iy_dead 1 f_dead 1
   079A 21r0Cs08      [10] 1306 	ld	hl, #___str_2
   079D E5            [11] 1307 	push	hl
                           1308 ;	genSend
                           1309 ;	genMove_o size 2 result type 2 source type 7 a_dead 1 hl_dead 1 de_dead 1 iy_dead 1 f_dead 1
   079E 11r43s09      [10] 1310 	ld	de, #___str_12
                           1311 ;	genSend
                           1312 ;	genMove_o size 2 result type 2 source type 7 a_dead 1 hl_dead 1 de_dead 0 iy_dead 1 f_dead 1
   07A1 21rDFs07      [10] 1313 	ld	hl, #___str_0
                           1314 ;	genCall
   07A4 CDr00s00      [17] 1315 	call	___fail
                           1316 ;	genLabel
   07A7                    1317 00124$:
                           1318 ;cases/bitintrot/bitintrot_width_33_dist_5_storage_static.c:58: ASSERT (t2 == TESTVECT2);
                           1319 ;	genPlus
                           1320 ;	genMove_o size 2 result type 2 source type 10 a_dead 1 hl_dead 1 de_dead 1 iy_dead 1 f_dead 1
   07A7 2Ar00s00      [16] 1321 	ld	hl, (___numTests)
   07AA 23            [ 6] 1322 	inc	hl
                           1323 ;	genMove_o size 2 result type 10 source type 2 a_dead 1 hl_dead 1 de_dead 1 iy_dead 1 f_dead 1
   07AB 22r00s00      [16] 1324 	ld	(___numTests), hl
                           1325 ;	genCmpEq
                           1326 ;	genMove_o size 1 result type 2 source type 10 a_dead 1 hl_dead 1 de_dead 0 iy_dead 0 f_dead 1
   07AE 3Ar05s00      [13] 1327 	ld	a, (_testRot_t2_10000_13)
   07B1 D6 55         [ 7] 1328 	sub	a, #0x55
                           1329 ; common peephole 163 changed absolute to relative conditional jump.
   07B3 20 14         [12] 1330 	jr	nz, 00282$
                           1331 ;	genMove_o size 1 result type 2 source type 10 a_dead 1 hl_dead 1 de_dead 0 iy_dead 0 f_dead 1
   07B5 3Ar06s00      [13] 1332 	ld	a, (_testRot_t2_10000_13 + 1)
   07B8 D6 AA         [ 7] 1333 	sub	a, #0xaa
   07BA FD 21r05s00   [14] 1334 	ld	iy, #_testRot_t2_10000_13
   07BE FD B6 02      [19] 1335 	or	a, 2 (iy)
   07C1 FD B6 03      [19] 1336 	or	a, 3 (iy)
   07C4 FD B6 04      [19] 1337 	or	a, 4 (iy)
                           1338 ; common peephole 163 changed absolute to relative conditional jump.
   07C7 28 11         [12] 1339 	jr	z, 00101$
                           1340 ; common peephole 81 removed jp by using inverse jump logic
   07C9                    1341 00282$:
                           1342 ;	skipping generated iCode
                           1343 ;	skipping iCode since result will be rematerialized
                           1344 ;	skipping iCode since result will be rematerialized
                           1345 ;	skipping iCode since result will be rematerialized
                           1346 ;	skipping iCode since result will be rematerialized
                           1347 ;	skipping iCode since result will be rematerialized
                           1348 ;	skipping iCode since result will be rematerialized
                           1349 ;	genIpush
                           1350 ;	genMove_o size 2 result type 2 source type 1 a_dead 1 hl_dead 1 de_dead 1 iy_dead 1 f_dead 1
   07C9 21 3A 00      [10] 1351 	ld	hl, #0x003a
   07CC E5            [11] 1352 	push	hl
                           1353 ;	genIpush
                           1354 ;	genMove_o size 2 result type 2 source type 7 a_dead 1 hl_dead 1 de_dead 1 iy_dead 1 f_dead 1
   07CD 21r0Cs08      [10] 1355 	ld	hl, #___str_2
   07D0 E5            [11] 1356 	push	hl
                           1357 ;	genSend
                           1358 ;	genMove_o size 2 result type 2 source type 7 a_dead 1 hl_dead 1 de_dead 1 iy_dead 1 f_dead 1
   07D1 11r53s09      [10] 1359 	ld	de, #___str_13
                           1360 ;	genSend
                           1361 ;	genMove_o size 2 result type 2 source type 7 a_dead 1 hl_dead 1 de_dead 0 iy_dead 1 f_dead 1
   07D4 21rDFs07      [10] 1362 	ld	hl, #___str_0
                           1363 ;	genCall
   07D7 CDr00s00      [17] 1364 	call	___fail
                           1365 ;	genLabel
   07DA                    1366 00101$:
                           1367 ;cases/bitintrot/bitintrot_width_33_dist_5_storage_static.c:60: }
                           1368 ;	genEndFunction
   07DA DD F9         [10] 1369 	ld	sp, ix
   07DC DD E1         [14] 1370 	pop	ix
   07DE C9            [10] 1371 	ret
                           1372 ;	Total testRot function size at codegen: 5 bytes.
   07DF                    1373 ___str_0:
   07DF 41 73 73 65 72 74  1374 	.ascii "Assertion failed"
        69 6F 6E 20 66 61
        69 6C 65 64
   07EF 00                 1375 	.db 0x00
   07F0                    1376 ___str_1:
   07F0 52 4F 4C 20 28 74  1377 	.ascii "ROL (t1) == ROL (TESTVECT1)"
        31 29 20 3D 3D 20
        52 4F 4C 20 28 54
        45 53 54 56 45 43
        54 31 29
   080B 00                 1378 	.db 0x00
   080C                    1379 ___str_2:
   080C 63 61 73 65 73 2F  1380 	.ascii "cases/bitintrot/bitintrot_width_33_dist_5_storage_static.c"
        62 69 74 69 6E 74
        72 6F 74 2F 62 69
        74 69 6E 74 72 6F
        74 5F 77 69 64 74
        68 5F 33 33 5F 64
        69 73 74 5F 35 5F
        73 74 6F 72 61 67
        65 5F 73 74 61 74
        69 63 2E 63
   0846 00                 1381 	.db 0x00
   0847                    1382 ___str_3:
   0847 52 4F 4C 20 28 74  1383 	.ascii "ROL (t2) == ROL (TESTVECT2)"
        32 29 20 3D 3D 20
        52 4F 4C 20 28 54
        45 53 54 56 45 43
        54 32 29
   0862 00                 1384 	.db 0x00
   0863                    1385 ___str_4:
   0863 52 4F 52 20 28 74  1386 	.ascii "ROR (t1) == ROR (TESTVECT1)"
        31 29 20 3D 3D 20
        52 4F 52 20 28 54
        45 53 54 56 45 43
        54 31 29
   087E 00                 1387 	.db 0x00
   087F                    1388 ___str_5:
   087F 52 4F 52 20 28 74  1389 	.ascii "ROR (t2) == ROR (TESTVECT2)"
        32 29 20 3D 3D 20
        52 4F 52 20 28 54
        45 53 54 56 45 43
        54 32 29
   089A 00                 1390 	.db 0x00
   089B                    1391 ___str_6:
   089B 4E 52 4F 4C 20 28  1392 	.ascii "NROL (t1) == NROL (TESTVECT1)"
        74 31 29 20 3D 3D
        20 4E 52 4F 4C 20
        28 54 45 53 54 56
        45 43 54 31 29
   08B8 00                 1393 	.db 0x00
   08B9                    1394 ___str_7:
   08B9 4E 52 4F 4C 20 28  1395 	.ascii "NROL (t2) == NROL (TESTVECT2)"
        74 32 29 20 3D 3D
        20 4E 52 4F 4C 20
        28 54 45 53 54 56
        45 43 54 32 29
   08D6 00                 1396 	.db 0x00
   08D7                    1397 ___str_8:
   08D7 4E 52 4F 4C 32 20  1398 	.ascii "NROL2 (t1) == NROL2 (TESTVECT1)"
        28 74 31 29 20 3D
        3D 20 4E 52 4F 4C
        32 20 28 54 45 53
        54 56 45 43 54 31
        29
   08F6 00                 1399 	.db 0x00
   08F7                    1400 ___str_9:
   08F7 4E 52 4F 4C 32 20  1401 	.ascii "NROL2 (t2) == NROL2 (TESTVECT2)"
        28 74 32 29 20 3D
        3D 20 4E 52 4F 4C
        32 20 28 54 45 53
        54 56 45 43 54 32
        29
   0916 00                 1402 	.db 0x00
   0917                    1403 ___str_10:
   0917 74 31 20 3D 3D 20  1404 	.ascii "t1 == ROL (TESTVECT1)"
        52 4F 4C 20 28 54
        45 53 54 56 45 43
        54 31 29
   092C 00                 1405 	.db 0x00
   092D                    1406 ___str_11:
   092D 74 32 20 3D 3D 20  1407 	.ascii "t2 == ROL (TESTVECT2)"
        52 4F 4C 20 28 54
        45 53 54 56 45 43
        54 32 29
   0942 00                 1408 	.db 0x00
   0943                    1409 ___str_12:
   0943 74 31 20 3D 3D 20  1410 	.ascii "t1 == TESTVECT1"
        54 45 53 54 56 45
        43 54 31
   0952 00                 1411 	.db 0x00
   0953                    1412 ___str_13:
   0953 74 32 20 3D 3D 20  1413 	.ascii "t2 == TESTVECT2"
        54 45 53 54 56 45
        43 54 32
   0962 00                 1414 	.db 0x00
                           1415 ;cases/bitintrot/bitintrot_width_33_dist_5_storage_static.c:64: __runSuite(void)
                           1416 ;	genLabel
                           1417 ;	genFunction
                           1418 ;	---------------------------------
                           1419 ; Function __runSuite
                           1420 ; ---------------------------------
                           1421 ;	Register assignment is optimal.
                           1422 ; Stack space usage: 0 bytes.
   0963                    1423 ___runSuite::
                           1424 ;cases/bitintrot/bitintrot_width_33_dist_5_storage_static.c:66: __prints("Running testRot\n");
                           1425 ;	skipping iCode since result will be rematerialized
                           1426 ;	skipping iCode since result will be rematerialized
                           1427 ;	genSend
                           1428 ;	genMove_o size 2 result type 2 source type 7 a_dead 1 hl_dead 1 de_dead 1 iy_dead 1 f_dead 1
   0963 21r6Cs09      [10] 1429 	ld	hl, #___str_14
                           1430 ;	genCall
   0966 CDr00s00      [17] 1431 	call	___prints
                           1432 ;cases/bitintrot/bitintrot_width_33_dist_5_storage_static.c:67: testRot();
                           1433 ;	genCall
                           1434 ;	genLabel
                           1435 ; common peephole 159 removed unused label 00101$.
                           1436 ;cases/bitintrot/bitintrot_width_33_dist_5_storage_static.c:68: }
                           1437 ;	genEndFunction
   0969 C3r00s00      [10] 1438 	jp	_testRot
                           1439 ; common peephole 152 removed unused ret.
                           1440 ;	Total __runSuite function size at codegen: 1 bytes.
   096C                    1441 ___str_14:
   096C 52 75 6E 6E 69 6E  1442 	.ascii "Running testRot"
        67 20 74 65 73 74
        52 6F 74
   097B 0A                 1443 	.db 0x0a
   097C 00                 1444 	.db 0x00
                           1445 ;cases/bitintrot/bitintrot_width_33_dist_5_storage_static.c:73: __getSuiteName(void)
                           1446 ;	genLabel
                           1447 ;	genFunction
                           1448 ;	---------------------------------
                           1449 ; Function __getSuiteName
                           1450 ; ---------------------------------
                           1451 ;	Register assignment is optimal.
                           1452 ; Stack space usage: 0 bytes.
   097D                    1453 ___getSuiteName::
                           1454 ;cases/bitintrot/bitintrot_width_33_dist_5_storage_static.c:75: return "bitintrot_width_33_dist_5_storage_static";
                           1455 ;	skipping iCode since result will be rematerialized
                           1456 ;	skipping iCode since result will be rematerialized
                           1457 ;	genRet
                           1458 ;	genMove_o size 2 result type 2 source type 7 a_dead 1 hl_dead 1 de_dead 1 iy_dead 1 f_dead 1
   097D 11r83s09      [10] 1459 	ld	de, #___str_15
                           1460 ;	genLabel
                           1461 ; common peephole 159 removed unused label 00101$.
                           1462 ;cases/bitintrot/bitintrot_width_33_dist_5_storage_static.c:76: }
                           1463 ;	genEndFunction
   0980 C9            [10] 1464 	ret
                           1465 ;	Total __getSuiteName function size at codegen: 1 bytes.
   0981                    1466 ___numCases:
   0981 01 00              1467 	.dw #0x0001
   0983                    1468 ___str_15:
   0983 62 69 74 69 6E 74  1469 	.ascii "bitintrot_width_33_dist_5_storage_static"
        72 6F 74 5F 77 69
        64 74 68 5F 33 33
        5F 64 69 73 74 5F
        35 5F 73 74 6F 72
        61 67 65 5F 73 74
        61 74 69 63
   09AB 00                 1470 	.db 0x00
                           1471 	.area _CODE (BANK=_CSEG)
                           1472 	.area _INITIALIZER
                           1473 	.area _CABS (ABS)
