                              1 ;--------------------------------------------------------
                              2 ; File Created by SDCC : free open source ISO C Compiler
                              3 ; Version 4.6.2 #16710 (Linux)
                              4 ;--------------------------------------------------------
                              5 	.module bitintrot_width_32_dist_32_storage_auto
                              6 	
                              7 ;--------------------------------------------------------
                              8 ; Public variables in this module
                              9 ;--------------------------------------------------------
                             10 	.globl _testRot
                             11 	.globl ___prints
                             12 	.globl ___fail
                             13 	.globl ___numCases
                             14 	.globl ___runSuite
                             15 	.globl ___getSuiteName
                             16 ;--------------------------------------------------------
                             17 ; special function registers
                             18 ;--------------------------------------------------------
                             19 ;--------------------------------------------------------
                             20 ; ram data
                             21 ;--------------------------------------------------------
                             22 	.area _DATA (BANK=_DSEG)
                             23 ;--------------------------------------------------------
                             24 ; ram data
                             25 ;--------------------------------------------------------
                             26 	.area _INITIALIZED
                             27 ;--------------------------------------------------------
                             28 ; absolute ram data
                             29 ;--------------------------------------------------------
                             30 	.area _DABS (ABS)
                             31 	.area _DABS (ABS)
                             32 ;--------------------------------------------------------
                             33 ; global & static initialisations
                             34 ;--------------------------------------------------------
                             35 	.area _HOME
                             36 	.area _GSINIT
                             37 	.area _GSFINAL
                             38 	.area _GSINIT
                             39 ;--------------------------------------------------------
                             40 ; Home
                             41 ;--------------------------------------------------------
                             42 	.area _HOME (BANK=_CSEG)
                             43 	.area _HOME (BANK=_CSEG)
                             44 ;--------------------------------------------------------
                             45 ; code
                             46 ;--------------------------------------------------------
                             47 	.area _CODE (BANK=_CSEG)
                             48 ;cases/bitintrot/bitintrot_width_32_dist_32_storage_auto.c:36: testRot (void)
                             49 ;	genLabel
                             50 ;	genFunction
                             51 ;	---------------------------------
                             52 ; Function testRot
                             53 ; ---------------------------------
                             54 ;	Register assignment might be sub-optimal.
                             55 ; Stack space usage: 12 bytes.
   0000                      56 _testRot::
   0000 DD E5         [15]   57 	push	ix
   0002 DD 21 00 00   [14]   58 	ld	ix,	#0
   0006 DD 39         [15]   59 	add	ix, sp
                             60 ;	adjustStack by -12
   0008 21 F4 FF      [10]   61 	ld	hl, #-12
   000B 39            [11]   62 	add	hl, sp
   000C F9            [ 6]   63 	ld	sp, hl
                             64 ;cases/bitintrot/bitintrot_width_32_dist_32_storage_auto.c:38: volatile auto bitinttype t1 = TESTVECT1;
                             65 ;	genAssign
                             66 ;	genMove_o size 4 result type 6 source type 1 a_dead 1 hl_dead 1 de_dead 1 iy_dead 1 f_dead 1
   000D DD 36 F4 A5   [19]   67 	ld	-12 (ix), #0xa5
   0011 AF            [ 4]   68 	xor	a, a
   0012 DD 77 F5      [19]   69 	ld	-11 (ix), a
   0015 DD 77 F6      [19]   70 	ld	-10 (ix), a
   0018 DD 77 F7      [19]   71 	ld	-9 (ix), a
                             72 ;cases/bitintrot/bitintrot_width_32_dist_32_storage_auto.c:39: volatile auto bitinttype t2 = TESTVECT2;
                             73 ;	genAssign
                             74 ;	genMove_o size 4 result type 6 source type 1 a_dead 1 hl_dead 1 de_dead 1 iy_dead 1 f_dead 1
   001B DD 36 F8 55   [19]   75 	ld	-8 (ix), #0x55
   001F DD 36 F9 AA   [19]   76 	ld	-7 (ix), #0xaa
   0023 AF            [ 4]   77 	xor	a, a
   0024 DD 77 FA      [19]   78 	ld	-6 (ix), a
   0027 DD 77 FB      [19]   79 	ld	-5 (ix), a
                             80 ;cases/bitintrot/bitintrot_width_32_dist_32_storage_auto.c:41: ASSERT (ROL (t1) == ROL (TESTVECT1));
                             81 ;	genPlus
                             82 ;	genMove_o size 2 result type 2 source type 10 a_dead 1 hl_dead 1 de_dead 1 iy_dead 1 f_dead 1
   002A 2Ar00s00      [16]   83 	ld	hl, (___numTests)
   002D 23            [ 6]   84 	inc	hl
                             85 ;	genMove_o size 2 result type 10 source type 2 a_dead 1 hl_dead 1 de_dead 1 iy_dead 1 f_dead 1
   002E 22r00s00      [16]   86 	ld	(___numTests), hl
                             87 ;	genLeftShift
                             88 ;	genMove_o size 4 result type 2 source type 6 a_dead 0 hl_dead 1 de_dead 1 iy_dead 1 f_dead 1
   0031 C1            [10]   89 	pop	bc
   0032 D1            [10]   90 	pop	de
   0033 D5            [11]   91 	push	de
   0034 C5            [11]   92 	push	bc
                             93 ;	genMove_o size 0 result type 2 source type 1 a_dead 0 hl_dead 1 de_dead 1 iy_dead 1 f_dead 1
                             94 ;	genMove_o size 0 result type 2 source type 1 a_dead 0 hl_dead 1 de_dead 0 iy_dead 1 f_dead 1
                             95 ;	genMove_o size 4 result type 2 source type 2 a_dead 1 hl_dead 1 de_dead 1 iy_dead 1 f_dead 1
                             96 ;	genRightShift
                             97 ;	genMove_o size 4 result type 6 source type 6 a_dead 1 hl_dead 1 de_dead 0 iy_dead 1 f_dead 1
   0035 DD 7E F4      [19]   98 	ld	a, -12 (ix)
   0038 DD 77 FC      [19]   99 	ld	-4 (ix), a
   003B DD 7E F5      [19]  100 	ld	a, -11 (ix)
   003E DD 77 FD      [19]  101 	ld	-3 (ix), a
   0041 DD 7E F6      [19]  102 	ld	a, -10 (ix)
   0044 DD 77 FE      [19]  103 	ld	-2 (ix), a
   0047 DD 7E F7      [19]  104 	ld	a, -9 (ix)
   004A DD 77 FF      [19]  105 	ld	-1 (ix), a
                            106 ;	genMove_o size 0 result type 6 source type 1 a_dead 1 hl_dead 1 de_dead 0 iy_dead 1 f_dead 1
                            107 ;	genMove_o size 4 result type 6 source type 6 a_dead 1 hl_dead 1 de_dead 0 iy_dead 1 f_dead 1
                            108 ;	genOr
   004D 79            [ 4]  109 	ld	a, c
   004E DD B6 FC      [19]  110 	or	a, -4 (ix)
                            111 ;	genMove_o size 1 result type 2 source type 2 a_dead 1 hl_dead 1 de_dead 0 iy_dead 1 f_dead 1
   0051 4F            [ 4]  112 	ld	c, a
                            113 ;	genMove_o size 0 result type 2 source type 1 a_dead 1 hl_dead 1 de_dead 0 iy_dead 1 f_dead 1
   0052 78            [ 4]  114 	ld	a, b
   0053 DD B6 FD      [19]  115 	or	a, -3 (ix)
                            116 ;	genMove_o size 1 result type 2 source type 2 a_dead 1 hl_dead 1 de_dead 0 iy_dead 1 f_dead 1
   0056 47            [ 4]  117 	ld	b, a
                            118 ;	genMove_o size 0 result type 2 source type 1 a_dead 1 hl_dead 1 de_dead 0 iy_dead 1 f_dead 1
   0057 7B            [ 4]  119 	ld	a, e
   0058 DD B6 FE      [19]  120 	or	a, -2 (ix)
                            121 ;	genMove_o size 1 result type 2 source type 2 a_dead 1 hl_dead 1 de_dead 0 iy_dead 1 f_dead 1
   005B 5F            [ 4]  122 	ld	e, a
                            123 ;	genMove_o size 0 result type 2 source type 1 a_dead 1 hl_dead 1 de_dead 0 iy_dead 1 f_dead 1
   005C 7A            [ 4]  124 	ld	a, d
   005D DD B6 FF      [19]  125 	or	a, -1 (ix)
                            126 ;	genMove_o size 1 result type 2 source type 2 a_dead 1 hl_dead 1 de_dead 0 iy_dead 1 f_dead 1
   0060 57            [ 4]  127 	ld	d, a
                            128 ;	genMove_o size 0 result type 2 source type 1 a_dead 1 hl_dead 1 de_dead 0 iy_dead 1 f_dead 1
                            129 ;	genCmpEq
                            130 ;	genMove_o size 1 result type 2 source type 2 a_dead 1 hl_dead 1 de_dead 0 iy_dead 0 f_dead 1
   0061 79            [ 4]  131 	ld	a, c
                            132 ;	genMove_o size 0 result type 2 source type 1 a_dead 1 hl_dead 1 de_dead 0 iy_dead 0 f_dead 1
   0062 D6 A5         [ 7]  133 	sub	a, #0xa5
   0064 B0            [ 4]  134 	or	a, b
   0065 B3            [ 4]  135 	or	a, e
   0066 B2            [ 4]  136 	or	a, d
                            137 ; common peephole 163 changed absolute to relative conditional jump.
   0067 28 11         [12]  138 	jr	z, 00104$
                            139 ; common peephole 81 removed jp by using inverse jump logic
                            140 ; common peephole 159 removed unused label 00227$.
                            141 ;	skipping generated iCode
                            142 ;	skipping iCode since result will be rematerialized
                            143 ;	skipping iCode since result will be rematerialized
                            144 ;	skipping iCode since result will be rematerialized
                            145 ;	skipping iCode since result will be rematerialized
                            146 ;	skipping iCode since result will be rematerialized
                            147 ;	skipping iCode since result will be rematerialized
                            148 ;	genIpush
                            149 ;	genMove_o size 2 result type 2 source type 1 a_dead 1 hl_dead 1 de_dead 1 iy_dead 1 f_dead 1
   0069 21 29 00      [10]  150 	ld	hl, #0x0029
   006C E5            [11]  151 	push	hl
                            152 ;	genIpush
                            153 ;	genMove_o size 2 result type 2 source type 7 a_dead 1 hl_dead 1 de_dead 1 iy_dead 1 f_dead 1
   006D 21rA2s04      [10]  154 	ld	hl, #___str_2
   0070 E5            [11]  155 	push	hl
                            156 ;	genSend
                            157 ;	genMove_o size 2 result type 2 source type 7 a_dead 1 hl_dead 1 de_dead 1 iy_dead 1 f_dead 1
   0071 11r86s04      [10]  158 	ld	de, #___str_1
                            159 ;	genSend
                            160 ;	genMove_o size 2 result type 2 source type 7 a_dead 1 hl_dead 1 de_dead 0 iy_dead 1 f_dead 1
   0074 21r75s04      [10]  161 	ld	hl, #___str_0
                            162 ;	genCall
   0077 CDr00s00      [17]  163 	call	___fail
                            164 ;	genLabel
   007A                     165 00104$:
                            166 ;cases/bitintrot/bitintrot_width_32_dist_32_storage_auto.c:42: ASSERT (ROL (t2) == ROL (TESTVECT2));
                            167 ;	genPlus
                            168 ;	genMove_o size 2 result type 2 source type 10 a_dead 1 hl_dead 1 de_dead 1 iy_dead 1 f_dead 1
   007A 2Ar00s00      [16]  169 	ld	hl, (___numTests)
   007D 23            [ 6]  170 	inc	hl
                            171 ;	genMove_o size 2 result type 10 source type 2 a_dead 1 hl_dead 1 de_dead 1 iy_dead 1 f_dead 1
   007E 22r00s00      [16]  172 	ld	(___numTests), hl
                            173 ;	genLeftShift
                            174 ;	genMove_o size 4 result type 2 source type 6 a_dead 0 hl_dead 1 de_dead 1 iy_dead 1 f_dead 1
   0081 DD 4E F8      [19]  175 	ld	c, -8 (ix)
   0084 DD 46 F9      [19]  176 	ld	b, -7 (ix)
   0087 DD 5E FA      [19]  177 	ld	e, -6 (ix)
   008A DD 56 FB      [19]  178 	ld	d, -5 (ix)
                            179 ;	genMove_o size 0 result type 2 source type 1 a_dead 0 hl_dead 1 de_dead 1 iy_dead 1 f_dead 1
                            180 ;	genMove_o size 0 result type 2 source type 1 a_dead 0 hl_dead 1 de_dead 0 iy_dead 1 f_dead 1
                            181 ;	genMove_o size 4 result type 2 source type 2 a_dead 1 hl_dead 1 de_dead 1 iy_dead 1 f_dead 1
                            182 ;	genRightShift
                            183 ;	genMove_o size 4 result type 6 source type 6 a_dead 1 hl_dead 1 de_dead 0 iy_dead 1 f_dead 1
   008D DD 7E F8      [19]  184 	ld	a, -8 (ix)
   0090 DD 77 FC      [19]  185 	ld	-4 (ix), a
   0093 DD 7E F9      [19]  186 	ld	a, -7 (ix)
   0096 DD 77 FD      [19]  187 	ld	-3 (ix), a
   0099 DD 7E FA      [19]  188 	ld	a, -6 (ix)
   009C DD 77 FE      [19]  189 	ld	-2 (ix), a
   009F DD 7E FB      [19]  190 	ld	a, -5 (ix)
   00A2 DD 77 FF      [19]  191 	ld	-1 (ix), a
                            192 ;	genMove_o size 0 result type 6 source type 1 a_dead 1 hl_dead 1 de_dead 0 iy_dead 1 f_dead 1
                            193 ;	genMove_o size 4 result type 6 source type 6 a_dead 1 hl_dead 1 de_dead 0 iy_dead 1 f_dead 1
                            194 ;	genOr
   00A5 79            [ 4]  195 	ld	a, c
   00A6 DD B6 FC      [19]  196 	or	a, -4 (ix)
                            197 ;	genMove_o size 1 result type 2 source type 2 a_dead 1 hl_dead 1 de_dead 0 iy_dead 1 f_dead 1
   00A9 4F            [ 4]  198 	ld	c, a
                            199 ;	genMove_o size 0 result type 2 source type 1 a_dead 1 hl_dead 1 de_dead 0 iy_dead 1 f_dead 1
   00AA 78            [ 4]  200 	ld	a, b
   00AB DD B6 FD      [19]  201 	or	a, -3 (ix)
                            202 ;	genMove_o size 1 result type 2 source type 2 a_dead 1 hl_dead 1 de_dead 0 iy_dead 1 f_dead 1
   00AE 47            [ 4]  203 	ld	b, a
                            204 ;	genMove_o size 0 result type 2 source type 1 a_dead 1 hl_dead 1 de_dead 0 iy_dead 1 f_dead 1
   00AF 7B            [ 4]  205 	ld	a, e
   00B0 DD B6 FE      [19]  206 	or	a, -2 (ix)
                            207 ;	genMove_o size 1 result type 2 source type 2 a_dead 1 hl_dead 1 de_dead 0 iy_dead 1 f_dead 1
   00B3 5F            [ 4]  208 	ld	e, a
                            209 ;	genMove_o size 0 result type 2 source type 1 a_dead 1 hl_dead 1 de_dead 0 iy_dead 1 f_dead 1
   00B4 7A            [ 4]  210 	ld	a, d
   00B5 DD B6 FF      [19]  211 	or	a, -1 (ix)
                            212 ;	genMove_o size 1 result type 2 source type 2 a_dead 1 hl_dead 1 de_dead 0 iy_dead 1 f_dead 1
   00B8 57            [ 4]  213 	ld	d, a
                            214 ;	genMove_o size 0 result type 2 source type 1 a_dead 1 hl_dead 1 de_dead 0 iy_dead 1 f_dead 1
                            215 ;	genCmpEq
                            216 ;	genMove_o size 1 result type 2 source type 2 a_dead 1 hl_dead 1 de_dead 0 iy_dead 0 f_dead 1
   00B9 79            [ 4]  217 	ld	a, c
                            218 ;	genMove_o size 0 result type 2 source type 1 a_dead 1 hl_dead 1 de_dead 0 iy_dead 0 f_dead 1
   00BA D6 55         [ 7]  219 	sub	a, #0x55
                            220 ; common peephole 163 changed absolute to relative conditional jump.
   00BC 20 07         [12]  221 	jr	nz, 00232$
                            222 ;	genMove_o size 1 result type 2 source type 2 a_dead 1 hl_dead 1 de_dead 0 iy_dead 0 f_dead 1
   00BE 78            [ 4]  223 	ld	a, b
                            224 ;	genMove_o size 0 result type 2 source type 1 a_dead 1 hl_dead 1 de_dead 0 iy_dead 0 f_dead 1
   00BF D6 AA         [ 7]  225 	sub	a, #0xaa
   00C1 B3            [ 4]  226 	or	a, e
   00C2 B2            [ 4]  227 	or	a, d
                            228 ; common peephole 163 changed absolute to relative conditional jump.
   00C3 28 11         [12]  229 	jr	z, 00106$
                            230 ; common peephole 81 removed jp by using inverse jump logic
   00C5                     231 00232$:
                            232 ;	skipping generated iCode
                            233 ;	skipping iCode since result will be rematerialized
                            234 ;	skipping iCode since result will be rematerialized
                            235 ;	skipping iCode since result will be rematerialized
                            236 ;	skipping iCode since result will be rematerialized
                            237 ;	skipping iCode since result will be rematerialized
                            238 ;	skipping iCode since result will be rematerialized
                            239 ;	genIpush
                            240 ;	genMove_o size 2 result type 2 source type 1 a_dead 1 hl_dead 1 de_dead 1 iy_dead 1 f_dead 1
   00C5 21 2A 00      [10]  241 	ld	hl, #0x002a
   00C8 E5            [11]  242 	push	hl
                            243 ;	genIpush
                            244 ;	genMove_o size 2 result type 2 source type 7 a_dead 1 hl_dead 1 de_dead 1 iy_dead 1 f_dead 1
   00C9 21rA2s04      [10]  245 	ld	hl, #___str_2
   00CC E5            [11]  246 	push	hl
                            247 ;	genSend
                            248 ;	genMove_o size 2 result type 2 source type 7 a_dead 1 hl_dead 1 de_dead 1 iy_dead 1 f_dead 1
   00CD 11rDCs04      [10]  249 	ld	de, #___str_3
                            250 ;	genSend
                            251 ;	genMove_o size 2 result type 2 source type 7 a_dead 1 hl_dead 1 de_dead 0 iy_dead 1 f_dead 1
   00D0 21r75s04      [10]  252 	ld	hl, #___str_0
                            253 ;	genCall
   00D3 CDr00s00      [17]  254 	call	___fail
                            255 ;	genLabel
   00D6                     256 00106$:
                            257 ;cases/bitintrot/bitintrot_width_32_dist_32_storage_auto.c:43: ASSERT (ROR (t1) == ROR (TESTVECT1));
                            258 ;	genPlus
                            259 ;	genMove_o size 2 result type 2 source type 10 a_dead 1 hl_dead 1 de_dead 1 iy_dead 1 f_dead 1
   00D6 2Ar00s00      [16]  260 	ld	hl, (___numTests)
   00D9 23            [ 6]  261 	inc	hl
                            262 ;	genMove_o size 2 result type 10 source type 2 a_dead 1 hl_dead 1 de_dead 1 iy_dead 1 f_dead 1
   00DA 22r00s00      [16]  263 	ld	(___numTests), hl
                            264 ;	genRightShift
                            265 ;	genMove_o size 4 result type 2 source type 6 a_dead 1 hl_dead 1 de_dead 1 iy_dead 1 f_dead 1
   00DD C1            [10]  266 	pop	bc
   00DE D1            [10]  267 	pop	de
   00DF D5            [11]  268 	push	de
   00E0 C5            [11]  269 	push	bc
                            270 ;	genMove_o size 0 result type 2 source type 1 a_dead 1 hl_dead 1 de_dead 1 iy_dead 1 f_dead 1
                            271 ;	genMove_o size 4 result type 2 source type 2 a_dead 1 hl_dead 1 de_dead 1 iy_dead 1 f_dead 1
                            272 ;	genLeftShift
                            273 ;	genMove_o size 4 result type 6 source type 6 a_dead 0 hl_dead 1 de_dead 0 iy_dead 1 f_dead 1
   00E1 DD 6E F4      [19]  274 	ld	l, -12 (ix)
   00E4 DD 75 FC      [19]  275 	ld	-4 (ix), l
   00E7 DD 6E F5      [19]  276 	ld	l, -11 (ix)
   00EA DD 75 FD      [19]  277 	ld	-3 (ix), l
   00ED DD 6E F6      [19]  278 	ld	l, -10 (ix)
   00F0 DD 75 FE      [19]  279 	ld	-2 (ix), l
   00F3 DD 6E F7      [19]  280 	ld	l, -9 (ix)
   00F6 DD 75 FF      [19]  281 	ld	-1 (ix), l
                            282 ;	genMove_o size 0 result type 6 source type 1 a_dead 0 hl_dead 1 de_dead 0 iy_dead 1 f_dead 1
                            283 ;	genMove_o size 0 result type 6 source type 1 a_dead 0 hl_dead 1 de_dead 0 iy_dead 1 f_dead 1
                            284 ;	genMove_o size 4 result type 6 source type 6 a_dead 1 hl_dead 1 de_dead 0 iy_dead 1 f_dead 1
                            285 ;	genOr
   00F9 79            [ 4]  286 	ld	a, c
   00FA DD B6 FC      [19]  287 	or	a, -4 (ix)
                            288 ;	genMove_o size 1 result type 2 source type 2 a_dead 1 hl_dead 1 de_dead 0 iy_dead 1 f_dead 1
   00FD 4F            [ 4]  289 	ld	c, a
                            290 ;	genMove_o size 0 result type 2 source type 1 a_dead 1 hl_dead 1 de_dead 0 iy_dead 1 f_dead 1
   00FE 78            [ 4]  291 	ld	a, b
   00FF DD B6 FD      [19]  292 	or	a, -3 (ix)
                            293 ;	genMove_o size 1 result type 2 source type 2 a_dead 1 hl_dead 1 de_dead 0 iy_dead 1 f_dead 1
   0102 47            [ 4]  294 	ld	b, a
                            295 ;	genMove_o size 0 result type 2 source type 1 a_dead 1 hl_dead 1 de_dead 0 iy_dead 1 f_dead 1
   0103 7B            [ 4]  296 	ld	a, e
   0104 DD B6 FE      [19]  297 	or	a, -2 (ix)
                            298 ;	genMove_o size 1 result type 2 source type 2 a_dead 1 hl_dead 1 de_dead 0 iy_dead 1 f_dead 1
   0107 5F            [ 4]  299 	ld	e, a
                            300 ;	genMove_o size 0 result type 2 source type 1 a_dead 1 hl_dead 1 de_dead 0 iy_dead 1 f_dead 1
   0108 7A            [ 4]  301 	ld	a, d
   0109 DD B6 FF      [19]  302 	or	a, -1 (ix)
                            303 ;	genMove_o size 1 result type 2 source type 2 a_dead 1 hl_dead 1 de_dead 0 iy_dead 1 f_dead 1
   010C 57            [ 4]  304 	ld	d, a
                            305 ;	genMove_o size 0 result type 2 source type 1 a_dead 1 hl_dead 1 de_dead 0 iy_dead 1 f_dead 1
                            306 ;	genCmpEq
                            307 ;	genMove_o size 1 result type 2 source type 2 a_dead 1 hl_dead 1 de_dead 0 iy_dead 0 f_dead 1
   010D 79            [ 4]  308 	ld	a, c
                            309 ;	genMove_o size 0 result type 2 source type 1 a_dead 1 hl_dead 1 de_dead 0 iy_dead 0 f_dead 1
   010E D6 A5         [ 7]  310 	sub	a, #0xa5
   0110 B0            [ 4]  311 	or	a, b
   0111 B3            [ 4]  312 	or	a, e
   0112 B2            [ 4]  313 	or	a, d
                            314 ; common peephole 163 changed absolute to relative conditional jump.
   0113 28 11         [12]  315 	jr	z, 00108$
                            316 ; common peephole 81 removed jp by using inverse jump logic
                            317 ; common peephole 159 removed unused label 00237$.
                            318 ;	skipping generated iCode
                            319 ;	skipping iCode since result will be rematerialized
                            320 ;	skipping iCode since result will be rematerialized
                            321 ;	skipping iCode since result will be rematerialized
                            322 ;	skipping iCode since result will be rematerialized
                            323 ;	skipping iCode since result will be rematerialized
                            324 ;	skipping iCode since result will be rematerialized
                            325 ;	genIpush
                            326 ;	genMove_o size 2 result type 2 source type 1 a_dead 1 hl_dead 1 de_dead 1 iy_dead 1 f_dead 1
   0115 21 2B 00      [10]  327 	ld	hl, #0x002b
   0118 E5            [11]  328 	push	hl
                            329 ;	genIpush
                            330 ;	genMove_o size 2 result type 2 source type 7 a_dead 1 hl_dead 1 de_dead 1 iy_dead 1 f_dead 1
   0119 21rA2s04      [10]  331 	ld	hl, #___str_2
   011C E5            [11]  332 	push	hl
                            333 ;	genSend
                            334 ;	genMove_o size 2 result type 2 source type 7 a_dead 1 hl_dead 1 de_dead 1 iy_dead 1 f_dead 1
   011D 11rF8s04      [10]  335 	ld	de, #___str_4
                            336 ;	genSend
                            337 ;	genMove_o size 2 result type 2 source type 7 a_dead 1 hl_dead 1 de_dead 0 iy_dead 1 f_dead 1
   0120 21r75s04      [10]  338 	ld	hl, #___str_0
                            339 ;	genCall
   0123 CDr00s00      [17]  340 	call	___fail
                            341 ;	genLabel
   0126                     342 00108$:
                            343 ;cases/bitintrot/bitintrot_width_32_dist_32_storage_auto.c:44: ASSERT (ROR (t2) == ROR (TESTVECT2));
                            344 ;	genPlus
                            345 ;	genMove_o size 2 result type 2 source type 10 a_dead 1 hl_dead 1 de_dead 1 iy_dead 1 f_dead 1
   0126 2Ar00s00      [16]  346 	ld	hl, (___numTests)
   0129 23            [ 6]  347 	inc	hl
                            348 ;	genMove_o size 2 result type 10 source type 2 a_dead 1 hl_dead 1 de_dead 1 iy_dead 1 f_dead 1
   012A 22r00s00      [16]  349 	ld	(___numTests), hl
                            350 ;	genRightShift
                            351 ;	genMove_o size 4 result type 2 source type 6 a_dead 1 hl_dead 1 de_dead 1 iy_dead 1 f_dead 1
   012D DD 4E F8      [19]  352 	ld	c, -8 (ix)
   0130 DD 46 F9      [19]  353 	ld	b, -7 (ix)
   0133 DD 5E FA      [19]  354 	ld	e, -6 (ix)
   0136 DD 56 FB      [19]  355 	ld	d, -5 (ix)
                            356 ;	genMove_o size 0 result type 2 source type 1 a_dead 1 hl_dead 1 de_dead 1 iy_dead 1 f_dead 1
                            357 ;	genMove_o size 4 result type 2 source type 2 a_dead 1 hl_dead 1 de_dead 1 iy_dead 1 f_dead 1
                            358 ;	genLeftShift
                            359 ;	genMove_o size 4 result type 6 source type 6 a_dead 0 hl_dead 1 de_dead 0 iy_dead 1 f_dead 1
   0139 DD 6E F8      [19]  360 	ld	l, -8 (ix)
   013C DD 75 FC      [19]  361 	ld	-4 (ix), l
   013F DD 6E F9      [19]  362 	ld	l, -7 (ix)
   0142 DD 75 FD      [19]  363 	ld	-3 (ix), l
   0145 DD 6E FA      [19]  364 	ld	l, -6 (ix)
   0148 DD 75 FE      [19]  365 	ld	-2 (ix), l
   014B DD 6E FB      [19]  366 	ld	l, -5 (ix)
   014E DD 75 FF      [19]  367 	ld	-1 (ix), l
                            368 ;	genMove_o size 0 result type 6 source type 1 a_dead 0 hl_dead 1 de_dead 0 iy_dead 1 f_dead 1
                            369 ;	genMove_o size 0 result type 6 source type 1 a_dead 0 hl_dead 1 de_dead 0 iy_dead 1 f_dead 1
                            370 ;	genMove_o size 4 result type 6 source type 6 a_dead 1 hl_dead 1 de_dead 0 iy_dead 1 f_dead 1
                            371 ;	genOr
   0151 79            [ 4]  372 	ld	a, c
   0152 DD B6 FC      [19]  373 	or	a, -4 (ix)
                            374 ;	genMove_o size 1 result type 2 source type 2 a_dead 1 hl_dead 1 de_dead 0 iy_dead 1 f_dead 1
   0155 4F            [ 4]  375 	ld	c, a
                            376 ;	genMove_o size 0 result type 2 source type 1 a_dead 1 hl_dead 1 de_dead 0 iy_dead 1 f_dead 1
   0156 78            [ 4]  377 	ld	a, b
   0157 DD B6 FD      [19]  378 	or	a, -3 (ix)
                            379 ;	genMove_o size 1 result type 2 source type 2 a_dead 1 hl_dead 1 de_dead 0 iy_dead 1 f_dead 1
   015A 47            [ 4]  380 	ld	b, a
                            381 ;	genMove_o size 0 result type 2 source type 1 a_dead 1 hl_dead 1 de_dead 0 iy_dead 1 f_dead 1
   015B 7B            [ 4]  382 	ld	a, e
   015C DD B6 FE      [19]  383 	or	a, -2 (ix)
                            384 ;	genMove_o size 1 result type 2 source type 2 a_dead 1 hl_dead 1 de_dead 0 iy_dead 1 f_dead 1
   015F 5F            [ 4]  385 	ld	e, a
                            386 ;	genMove_o size 0 result type 2 source type 1 a_dead 1 hl_dead 1 de_dead 0 iy_dead 1 f_dead 1
   0160 7A            [ 4]  387 	ld	a, d
   0161 DD B6 FF      [19]  388 	or	a, -1 (ix)
                            389 ;	genMove_o size 1 result type 2 source type 2 a_dead 1 hl_dead 1 de_dead 0 iy_dead 1 f_dead 1
   0164 57            [ 4]  390 	ld	d, a
                            391 ;	genMove_o size 0 result type 2 source type 1 a_dead 1 hl_dead 1 de_dead 0 iy_dead 1 f_dead 1
                            392 ;	genCmpEq
                            393 ;	genMove_o size 1 result type 2 source type 2 a_dead 1 hl_dead 1 de_dead 0 iy_dead 0 f_dead 1
   0165 79            [ 4]  394 	ld	a, c
                            395 ;	genMove_o size 0 result type 2 source type 1 a_dead 1 hl_dead 1 de_dead 0 iy_dead 0 f_dead 1
   0166 D6 55         [ 7]  396 	sub	a, #0x55
                            397 ; common peephole 163 changed absolute to relative conditional jump.
   0168 20 07         [12]  398 	jr	nz, 00242$
                            399 ;	genMove_o size 1 result type 2 source type 2 a_dead 1 hl_dead 1 de_dead 0 iy_dead 0 f_dead 1
   016A 78            [ 4]  400 	ld	a, b
                            401 ;	genMove_o size 0 result type 2 source type 1 a_dead 1 hl_dead 1 de_dead 0 iy_dead 0 f_dead 1
   016B D6 AA         [ 7]  402 	sub	a, #0xaa
   016D B3            [ 4]  403 	or	a, e
   016E B2            [ 4]  404 	or	a, d
                            405 ; common peephole 163 changed absolute to relative conditional jump.
   016F 28 11         [12]  406 	jr	z, 00110$
                            407 ; common peephole 81 removed jp by using inverse jump logic
   0171                     408 00242$:
                            409 ;	skipping generated iCode
                            410 ;	skipping iCode since result will be rematerialized
                            411 ;	skipping iCode since result will be rematerialized
                            412 ;	skipping iCode since result will be rematerialized
                            413 ;	skipping iCode since result will be rematerialized
                            414 ;	skipping iCode since result will be rematerialized
                            415 ;	skipping iCode since result will be rematerialized
                            416 ;	genIpush
                            417 ;	genMove_o size 2 result type 2 source type 1 a_dead 1 hl_dead 1 de_dead 1 iy_dead 1 f_dead 1
   0171 21 2C 00      [10]  418 	ld	hl, #0x002c
   0174 E5            [11]  419 	push	hl
                            420 ;	genIpush
                            421 ;	genMove_o size 2 result type 2 source type 7 a_dead 1 hl_dead 1 de_dead 1 iy_dead 1 f_dead 1
   0175 21rA2s04      [10]  422 	ld	hl, #___str_2
   0178 E5            [11]  423 	push	hl
                            424 ;	genSend
                            425 ;	genMove_o size 2 result type 2 source type 7 a_dead 1 hl_dead 1 de_dead 1 iy_dead 1 f_dead 1
   0179 11r14s05      [10]  426 	ld	de, #___str_5
                            427 ;	genSend
                            428 ;	genMove_o size 2 result type 2 source type 7 a_dead 1 hl_dead 1 de_dead 0 iy_dead 1 f_dead 1
   017C 21r75s04      [10]  429 	ld	hl, #___str_0
                            430 ;	genCall
   017F CDr00s00      [17]  431 	call	___fail
                            432 ;	genLabel
   0182                     433 00110$:
                            434 ;cases/bitintrot/bitintrot_width_32_dist_32_storage_auto.c:45: ASSERT (NROL (t1) == NROL (TESTVECT1));
                            435 ;	genPlus
                            436 ;	genMove_o size 2 result type 2 source type 10 a_dead 1 hl_dead 1 de_dead 1 iy_dead 1 f_dead 1
   0182 2Ar00s00      [16]  437 	ld	hl, (___numTests)
   0185 23            [ 6]  438 	inc	hl
                            439 ;	genMove_o size 2 result type 10 source type 2 a_dead 1 hl_dead 1 de_dead 1 iy_dead 1 f_dead 1
   0186 22r00s00      [16]  440 	ld	(___numTests), hl
                            441 ;	genLeftShift
                            442 ;	genMove_o size 3 result type 2 source type 6 a_dead 0 hl_dead 1 de_dead 1 iy_dead 1 f_dead 1
   0189 DD 46 F4      [19]  443 	ld	b, -12 (ix)
   018C DD 5E F5      [19]  444 	ld	e, -11 (ix)
   018F DD 56 F6      [19]  445 	ld	d, -10 (ix)
                            446 ;	genMove_o size 0 result type 2 source type 1 a_dead 0 hl_dead 1 de_dead 1 iy_dead 1 f_dead 1
                            447 ;	genMove_o size 1 result type 2 source type 1 a_dead 0 hl_dead 1 de_dead 0 iy_dead 1 f_dead 1
                            448 ; common peephole 1 removed dead load from #0x00 into c.
                            449 ;	genMove_o size 4 result type 2 source type 2 a_dead 1 hl_dead 1 de_dead 1 iy_dead 1 f_dead 1
                            450 ;	genRightShift
                            451 ;	genMove_o size 4 result type 6 source type 6 a_dead 1 hl_dead 1 de_dead 0 iy_dead 1 f_dead 1
   0192 DD 7E F4      [19]  452 	ld	a, -12 (ix)
   0195 DD 77 FC      [19]  453 	ld	-4 (ix), a
   0198 DD 7E F5      [19]  454 	ld	a, -11 (ix)
   019B DD 77 FD      [19]  455 	ld	-3 (ix), a
   019E DD 7E F6      [19]  456 	ld	a, -10 (ix)
   01A1 DD 77 FE      [19]  457 	ld	-2 (ix), a
   01A4 DD 7E F7      [19]  458 	ld	a, -9 (ix)
   01A7 DD 77 FF      [19]  459 	ld	-1 (ix), a
                            460 ;	genMove_o size 0 result type 6 source type 1 a_dead 1 hl_dead 1 de_dead 0 iy_dead 1 f_dead 1
                            461 ;	genMove_o size 4 result type 6 source type 6 a_dead 1 hl_dead 1 de_dead 0 iy_dead 1 f_dead 1
                            462 ;	genOr
                            463 ;	genMove_o size 1 result type 2 source type 6 a_dead 1 hl_dead 1 de_dead 0 iy_dead 1 f_dead 1
   01AA DD 4E FC      [19]  464 	ld	c, -4 (ix)
                            465 ;	genMove_o size 0 result type 2 source type 1 a_dead 1 hl_dead 1 de_dead 0 iy_dead 1 f_dead 1
   01AD 78            [ 4]  466 	ld	a, b
   01AE DD B6 FD      [19]  467 	or	a, -3 (ix)
                            468 ;	genMove_o size 1 result type 2 source type 2 a_dead 1 hl_dead 1 de_dead 0 iy_dead 1 f_dead 1
   01B1 47            [ 4]  469 	ld	b, a
                            470 ;	genMove_o size 0 result type 2 source type 1 a_dead 1 hl_dead 1 de_dead 0 iy_dead 1 f_dead 1
   01B2 7B            [ 4]  471 	ld	a, e
   01B3 DD B6 FE      [19]  472 	or	a, -2 (ix)
                            473 ;	genMove_o size 1 result type 2 source type 2 a_dead 1 hl_dead 1 de_dead 0 iy_dead 1 f_dead 1
   01B6 5F            [ 4]  474 	ld	e, a
                            475 ;	genMove_o size 0 result type 2 source type 1 a_dead 1 hl_dead 1 de_dead 0 iy_dead 1 f_dead 1
   01B7 7A            [ 4]  476 	ld	a, d
   01B8 DD B6 FF      [19]  477 	or	a, -1 (ix)
                            478 ;	genMove_o size 1 result type 2 source type 2 a_dead 1 hl_dead 1 de_dead 0 iy_dead 1 f_dead 1
   01BB 57            [ 4]  479 	ld	d, a
                            480 ;	genMove_o size 0 result type 2 source type 1 a_dead 1 hl_dead 1 de_dead 0 iy_dead 1 f_dead 1
                            481 ;	genCmpEq
                            482 ;	genMove_o size 1 result type 2 source type 2 a_dead 1 hl_dead 1 de_dead 0 iy_dead 0 f_dead 1
   01BC 79            [ 4]  483 	ld	a, c
                            484 ;	genMove_o size 0 result type 2 source type 1 a_dead 1 hl_dead 1 de_dead 0 iy_dead 0 f_dead 1
   01BD D6 A5         [ 7]  485 	sub	a, #0xa5
                            486 ; common peephole 163 changed absolute to relative conditional jump.
   01BF 20 07         [12]  487 	jr	nz, 00247$
                            488 ;	genMove_o size 1 result type 2 source type 2 a_dead 1 hl_dead 1 de_dead 0 iy_dead 0 f_dead 1
   01C1 78            [ 4]  489 	ld	a, b
                            490 ;	genMove_o size 0 result type 2 source type 1 a_dead 1 hl_dead 1 de_dead 0 iy_dead 0 f_dead 1
   01C2 D6 A5         [ 7]  491 	sub	a, #0xa5
   01C4 B3            [ 4]  492 	or	a, e
   01C5 B2            [ 4]  493 	or	a, d
                            494 ; common peephole 163 changed absolute to relative conditional jump.
   01C6 28 11         [12]  495 	jr	z, 00112$
                            496 ; common peephole 81 removed jp by using inverse jump logic
   01C8                     497 00247$:
                            498 ;	skipping generated iCode
                            499 ;	skipping iCode since result will be rematerialized
                            500 ;	skipping iCode since result will be rematerialized
                            501 ;	skipping iCode since result will be rematerialized
                            502 ;	skipping iCode since result will be rematerialized
                            503 ;	skipping iCode since result will be rematerialized
                            504 ;	skipping iCode since result will be rematerialized
                            505 ;	genIpush
                            506 ;	genMove_o size 2 result type 2 source type 1 a_dead 1 hl_dead 1 de_dead 1 iy_dead 1 f_dead 1
   01C8 21 2D 00      [10]  507 	ld	hl, #0x002d
   01CB E5            [11]  508 	push	hl
                            509 ;	genIpush
                            510 ;	genMove_o size 2 result type 2 source type 7 a_dead 1 hl_dead 1 de_dead 1 iy_dead 1 f_dead 1
   01CC 21rA2s04      [10]  511 	ld	hl, #___str_2
   01CF E5            [11]  512 	push	hl
                            513 ;	genSend
                            514 ;	genMove_o size 2 result type 2 source type 7 a_dead 1 hl_dead 1 de_dead 1 iy_dead 1 f_dead 1
   01D0 11r30s05      [10]  515 	ld	de, #___str_6
                            516 ;	genSend
                            517 ;	genMove_o size 2 result type 2 source type 7 a_dead 1 hl_dead 1 de_dead 0 iy_dead 1 f_dead 1
   01D3 21r75s04      [10]  518 	ld	hl, #___str_0
                            519 ;	genCall
   01D6 CDr00s00      [17]  520 	call	___fail
                            521 ;	genLabel
   01D9                     522 00112$:
                            523 ;cases/bitintrot/bitintrot_width_32_dist_32_storage_auto.c:46: ASSERT (NROL (t2) == NROL (TESTVECT2));
                            524 ;	genPlus
                            525 ;	genMove_o size 2 result type 2 source type 10 a_dead 1 hl_dead 1 de_dead 1 iy_dead 1 f_dead 1
   01D9 2Ar00s00      [16]  526 	ld	hl, (___numTests)
   01DC 23            [ 6]  527 	inc	hl
                            528 ;	genMove_o size 2 result type 10 source type 2 a_dead 1 hl_dead 1 de_dead 1 iy_dead 1 f_dead 1
   01DD 22r00s00      [16]  529 	ld	(___numTests), hl
                            530 ;	genLeftShift
                            531 ;	genMove_o size 3 result type 6 source type 6 a_dead 1 hl_dead 1 de_dead 1 iy_dead 1 f_dead 1
   01E0 DD 7E F8      [19]  532 	ld	a, -8 (ix)
   01E3 DD 77 FD      [19]  533 	ld	-3 (ix), a
   01E6 DD 7E F9      [19]  534 	ld	a, -7 (ix)
   01E9 DD 77 FE      [19]  535 	ld	-2 (ix), a
   01EC DD 7E FA      [19]  536 	ld	a, -6 (ix)
   01EF DD 77 FF      [19]  537 	ld	-1 (ix), a
                            538 ;	genMove_o size 0 result type 6 source type 1 a_dead 1 hl_dead 1 de_dead 1 iy_dead 1 f_dead 1
                            539 ;	genMove_o size 1 result type 6 source type 1 a_dead 1 hl_dead 1 de_dead 1 iy_dead 1 f_dead 1
   01F2 DD 36 FC 00   [19]  540 	ld	-4 (ix), #0x00
                            541 ;	genMove_o size 4 result type 6 source type 6 a_dead 1 hl_dead 1 de_dead 1 iy_dead 1 f_dead 1
                            542 ;	genRightShift
                            543 ;	genMove_o size 4 result type 2 source type 6 a_dead 1 hl_dead 1 de_dead 1 iy_dead 1 f_dead 1
   01F6 DD 6E F8      [19]  544 	ld	l, -8 (ix)
   01F9 DD 66 F9      [19]  545 	ld	h, -7 (ix)
   01FC DD 4E FA      [19]  546 	ld	c, -6 (ix)
   01FF DD 46 FB      [19]  547 	ld	b, -5 (ix)
                            548 ;	genMove_o size 0 result type 2 source type 1 a_dead 1 hl_dead 1 de_dead 1 iy_dead 1 f_dead 1
                            549 ;	genMove_o size 4 result type 2 source type 2 a_dead 1 hl_dead 1 de_dead 1 iy_dead 1 f_dead 1
                            550 ;	genOr
                            551 ;	genMove_o size 1 result type 2 source type 2 a_dead 1 hl_dead 0 de_dead 1 iy_dead 1 f_dead 1
   0202 7C            [ 4]  552 	ld	a, h
   0203 DD B6 FD      [19]  553 	or	a, -3 (ix)
                            554 ;	genMove_o size 1 result type 2 source type 2 a_dead 1 hl_dead 0 de_dead 1 iy_dead 1 f_dead 1
   0206 67            [ 4]  555 	ld	h, a
                            556 ;	genMove_o size 0 result type 2 source type 1 a_dead 1 hl_dead 0 de_dead 1 iy_dead 1 f_dead 1
   0207 79            [ 4]  557 	ld	a, c
   0208 DD B6 FE      [19]  558 	or	a, -2 (ix)
                            559 ;	genMove_o size 1 result type 2 source type 2 a_dead 1 hl_dead 0 de_dead 1 iy_dead 1 f_dead 1
   020B 4F            [ 4]  560 	ld	c, a
                            561 ;	genMove_o size 0 result type 2 source type 1 a_dead 1 hl_dead 0 de_dead 1 iy_dead 1 f_dead 1
   020C 78            [ 4]  562 	ld	a, b
   020D DD B6 FF      [19]  563 	or	a, -1 (ix)
                            564 ;	genMove_o size 1 result type 2 source type 2 a_dead 1 hl_dead 0 de_dead 1 iy_dead 1 f_dead 1
   0210 47            [ 4]  565 	ld	b, a
                            566 ;	genMove_o size 0 result type 2 source type 1 a_dead 1 hl_dead 0 de_dead 1 iy_dead 1 f_dead 1
                            567 ;	genCmpEq
   0211 11 55 FF      [10]  568 	ld	de, #0xff55
   0214 BF            [ 4]  569 	cp	a, a
   0215 ED 52         [15]  570 	sbc	hl, de
                            571 ; common peephole 163 changed absolute to relative conditional jump.
   0217 20 06         [12]  572 	jr	nz, 00252$
                            573 ;	genMove_o size 1 result type 2 source type 2 a_dead 1 hl_dead 1 de_dead 0 iy_dead 0 f_dead 1
   0219 79            [ 4]  574 	ld	a, c
                            575 ;	genMove_o size 0 result type 2 source type 1 a_dead 1 hl_dead 1 de_dead 0 iy_dead 0 f_dead 1
   021A D6 AA         [ 7]  576 	sub	a, #0xaa
   021C B0            [ 4]  577 	or	a, b
                            578 ; common peephole 163 changed absolute to relative conditional jump.
   021D 28 11         [12]  579 	jr	z, 00114$
                            580 ; common peephole 81 removed jp by using inverse jump logic
   021F                     581 00252$:
                            582 ;	skipping generated iCode
                            583 ;	skipping iCode since result will be rematerialized
                            584 ;	skipping iCode since result will be rematerialized
                            585 ;	skipping iCode since result will be rematerialized
                            586 ;	skipping iCode since result will be rematerialized
                            587 ;	skipping iCode since result will be rematerialized
                            588 ;	skipping iCode since result will be rematerialized
                            589 ;	genIpush
                            590 ;	genMove_o size 2 result type 2 source type 1 a_dead 1 hl_dead 1 de_dead 1 iy_dead 1 f_dead 1
   021F 21 2E 00      [10]  591 	ld	hl, #0x002e
   0222 E5            [11]  592 	push	hl
                            593 ;	genIpush
                            594 ;	genMove_o size 2 result type 2 source type 7 a_dead 1 hl_dead 1 de_dead 1 iy_dead 1 f_dead 1
   0223 21rA2s04      [10]  595 	ld	hl, #___str_2
   0226 E5            [11]  596 	push	hl
                            597 ;	genSend
                            598 ;	genMove_o size 2 result type 2 source type 7 a_dead 1 hl_dead 1 de_dead 1 iy_dead 1 f_dead 1
   0227 11r4Es05      [10]  599 	ld	de, #___str_7
                            600 ;	genSend
                            601 ;	genMove_o size 2 result type 2 source type 7 a_dead 1 hl_dead 1 de_dead 0 iy_dead 1 f_dead 1
   022A 21r75s04      [10]  602 	ld	hl, #___str_0
                            603 ;	genCall
   022D CDr00s00      [17]  604 	call	___fail
                            605 ;	genLabel
   0230                     606 00114$:
                            607 ;cases/bitintrot/bitintrot_width_32_dist_32_storage_auto.c:47: ASSERT (NROL2 (t1) == NROL2 (TESTVECT1));
                            608 ;	genPlus
                            609 ;	genMove_o size 2 result type 2 source type 10 a_dead 1 hl_dead 1 de_dead 1 iy_dead 1 f_dead 1
   0230 2Ar00s00      [16]  610 	ld	hl, (___numTests)
   0233 23            [ 6]  611 	inc	hl
                            612 ;	genMove_o size 2 result type 10 source type 2 a_dead 1 hl_dead 1 de_dead 1 iy_dead 1 f_dead 1
   0234 22r00s00      [16]  613 	ld	(___numTests), hl
                            614 ;	genRightShift
                            615 ;	genMove_o size 3 result type 2 source type 6 a_dead 1 hl_dead 1 de_dead 1 iy_dead 1 f_dead 1
   0237 DD 4E F5      [19]  616 	ld	c, -11 (ix)
   023A DD 46 F6      [19]  617 	ld	b, -10 (ix)
   023D DD 5E F7      [19]  618 	ld	e, -9 (ix)
                            619 ;	genMove_o size 0 result type 2 source type 1 a_dead 1 hl_dead 1 de_dead 0 iy_dead 1 f_dead 1
                            620 ;	genMove_o size 1 result type 2 source type 1 a_dead 1 hl_dead 1 de_dead 0 iy_dead 1 f_dead 1
                            621 ; common peephole 1 removed dead load from #0x00 into d.
                            622 ;	genMove_o size 4 result type 2 source type 2 a_dead 1 hl_dead 1 de_dead 1 iy_dead 1 f_dead 1
                            623 ;	genLeftShift
                            624 ;	genMove_o size 4 result type 6 source type 6 a_dead 0 hl_dead 1 de_dead 0 iy_dead 1 f_dead 1
   0240 DD 6E F4      [19]  625 	ld	l, -12 (ix)
   0243 DD 75 FC      [19]  626 	ld	-4 (ix), l
   0246 DD 6E F5      [19]  627 	ld	l, -11 (ix)
   0249 DD 75 FD      [19]  628 	ld	-3 (ix), l
   024C DD 6E F6      [19]  629 	ld	l, -10 (ix)
   024F DD 75 FE      [19]  630 	ld	-2 (ix), l
   0252 DD 6E F7      [19]  631 	ld	l, -9 (ix)
   0255 DD 75 FF      [19]  632 	ld	-1 (ix), l
                            633 ;	genMove_o size 0 result type 6 source type 1 a_dead 0 hl_dead 1 de_dead 0 iy_dead 1 f_dead 1
                            634 ;	genMove_o size 0 result type 6 source type 1 a_dead 0 hl_dead 1 de_dead 0 iy_dead 1 f_dead 1
                            635 ;	genMove_o size 4 result type 6 source type 6 a_dead 1 hl_dead 1 de_dead 0 iy_dead 1 f_dead 1
                            636 ;	genOr
   0258 79            [ 4]  637 	ld	a, c
   0259 DD B6 FC      [19]  638 	or	a, -4 (ix)
                            639 ;	genMove_o size 1 result type 2 source type 2 a_dead 1 hl_dead 1 de_dead 0 iy_dead 1 f_dead 1
   025C 4F            [ 4]  640 	ld	c, a
                            641 ;	genMove_o size 0 result type 2 source type 1 a_dead 1 hl_dead 1 de_dead 0 iy_dead 1 f_dead 1
   025D 78            [ 4]  642 	ld	a, b
   025E DD B6 FD      [19]  643 	or	a, -3 (ix)
                            644 ;	genMove_o size 1 result type 2 source type 2 a_dead 1 hl_dead 1 de_dead 0 iy_dead 1 f_dead 1
   0261 47            [ 4]  645 	ld	b, a
                            646 ;	genMove_o size 0 result type 2 source type 1 a_dead 1 hl_dead 1 de_dead 0 iy_dead 1 f_dead 1
   0262 7B            [ 4]  647 	ld	a, e
   0263 DD B6 FE      [19]  648 	or	a, -2 (ix)
                            649 ;	genMove_o size 1 result type 2 source type 2 a_dead 1 hl_dead 1 de_dead 0 iy_dead 1 f_dead 1
   0266 5F            [ 4]  650 	ld	e, a
                            651 ;	genMove_o size 0 result type 2 source type 1 a_dead 1 hl_dead 1 de_dead 0 iy_dead 1 f_dead 1
                            652 ;	genMove_o size 1 result type 2 source type 6 a_dead 1 hl_dead 1 de_dead 0 iy_dead 1 f_dead 1
   0267 DD 56 FF      [19]  653 	ld	d, -1 (ix)
                            654 ;	genMove_o size 0 result type 2 source type 1 a_dead 1 hl_dead 1 de_dead 0 iy_dead 1 f_dead 1
                            655 ;	genCmpEq
                            656 ;	genMove_o size 1 result type 2 source type 2 a_dead 1 hl_dead 1 de_dead 0 iy_dead 0 f_dead 1
   026A 79            [ 4]  657 	ld	a, c
                            658 ;	genMove_o size 0 result type 2 source type 1 a_dead 1 hl_dead 1 de_dead 0 iy_dead 0 f_dead 1
   026B D6 A5         [ 7]  659 	sub	a, #0xa5
   026D B0            [ 4]  660 	or	a, b
   026E B3            [ 4]  661 	or	a, e
   026F B2            [ 4]  662 	or	a, d
                            663 ; common peephole 163 changed absolute to relative conditional jump.
   0270 28 11         [12]  664 	jr	z, 00116$
                            665 ; common peephole 81 removed jp by using inverse jump logic
                            666 ; common peephole 159 removed unused label 00257$.
                            667 ;	skipping generated iCode
                            668 ;	skipping iCode since result will be rematerialized
                            669 ;	skipping iCode since result will be rematerialized
                            670 ;	skipping iCode since result will be rematerialized
                            671 ;	skipping iCode since result will be rematerialized
                            672 ;	skipping iCode since result will be rematerialized
                            673 ;	skipping iCode since result will be rematerialized
                            674 ;	genIpush
                            675 ;	genMove_o size 2 result type 2 source type 1 a_dead 1 hl_dead 1 de_dead 1 iy_dead 1 f_dead 1
   0272 21 2F 00      [10]  676 	ld	hl, #0x002f
   0275 E5            [11]  677 	push	hl
                            678 ;	genIpush
                            679 ;	genMove_o size 2 result type 2 source type 7 a_dead 1 hl_dead 1 de_dead 1 iy_dead 1 f_dead 1
   0276 21rA2s04      [10]  680 	ld	hl, #___str_2
   0279 E5            [11]  681 	push	hl
                            682 ;	genSend
                            683 ;	genMove_o size 2 result type 2 source type 7 a_dead 1 hl_dead 1 de_dead 1 iy_dead 1 f_dead 1
   027A 11r6Cs05      [10]  684 	ld	de, #___str_8
                            685 ;	genSend
                            686 ;	genMove_o size 2 result type 2 source type 7 a_dead 1 hl_dead 1 de_dead 0 iy_dead 1 f_dead 1
   027D 21r75s04      [10]  687 	ld	hl, #___str_0
                            688 ;	genCall
   0280 CDr00s00      [17]  689 	call	___fail
                            690 ;	genLabel
   0283                     691 00116$:
                            692 ;cases/bitintrot/bitintrot_width_32_dist_32_storage_auto.c:48: ASSERT (NROL2 (t2) == NROL2 (TESTVECT2));
                            693 ;	genPlus
                            694 ;	genMove_o size 2 result type 2 source type 10 a_dead 1 hl_dead 1 de_dead 1 iy_dead 1 f_dead 1
   0283 2Ar00s00      [16]  695 	ld	hl, (___numTests)
   0286 23            [ 6]  696 	inc	hl
                            697 ;	genMove_o size 2 result type 10 source type 2 a_dead 1 hl_dead 1 de_dead 1 iy_dead 1 f_dead 1
   0287 22r00s00      [16]  698 	ld	(___numTests), hl
                            699 ;	genRightShift
                            700 ;	genMove_o size 3 result type 2 source type 6 a_dead 1 hl_dead 1 de_dead 1 iy_dead 1 f_dead 1
   028A DD 4E F9      [19]  701 	ld	c, -7 (ix)
   028D DD 46 FA      [19]  702 	ld	b, -6 (ix)
   0290 DD 5E FB      [19]  703 	ld	e, -5 (ix)
                            704 ;	genMove_o size 0 result type 2 source type 1 a_dead 1 hl_dead 1 de_dead 0 iy_dead 1 f_dead 1
                            705 ;	genMove_o size 1 result type 2 source type 1 a_dead 1 hl_dead 1 de_dead 0 iy_dead 1 f_dead 1
                            706 ; common peephole 1 removed dead load from #0x00 into d.
                            707 ;	genMove_o size 4 result type 2 source type 2 a_dead 1 hl_dead 1 de_dead 1 iy_dead 1 f_dead 1
                            708 ;	genLeftShift
                            709 ;	genMove_o size 4 result type 6 source type 6 a_dead 0 hl_dead 1 de_dead 0 iy_dead 1 f_dead 1
   0293 DD 6E F8      [19]  710 	ld	l, -8 (ix)
   0296 DD 75 FC      [19]  711 	ld	-4 (ix), l
   0299 DD 6E F9      [19]  712 	ld	l, -7 (ix)
   029C DD 75 FD      [19]  713 	ld	-3 (ix), l
   029F DD 6E FA      [19]  714 	ld	l, -6 (ix)
   02A2 DD 75 FE      [19]  715 	ld	-2 (ix), l
   02A5 DD 6E FB      [19]  716 	ld	l, -5 (ix)
   02A8 DD 75 FF      [19]  717 	ld	-1 (ix), l
                            718 ;	genMove_o size 0 result type 6 source type 1 a_dead 0 hl_dead 1 de_dead 0 iy_dead 1 f_dead 1
                            719 ;	genMove_o size 0 result type 6 source type 1 a_dead 0 hl_dead 1 de_dead 0 iy_dead 1 f_dead 1
                            720 ;	genMove_o size 4 result type 6 source type 6 a_dead 1 hl_dead 1 de_dead 0 iy_dead 1 f_dead 1
                            721 ;	genOr
   02AB 79            [ 4]  722 	ld	a, c
   02AC DD B6 FC      [19]  723 	or	a, -4 (ix)
                            724 ;	genMove_o size 1 result type 2 source type 2 a_dead 1 hl_dead 1 de_dead 0 iy_dead 1 f_dead 1
   02AF 4F            [ 4]  725 	ld	c, a
                            726 ;	genMove_o size 0 result type 2 source type 1 a_dead 1 hl_dead 1 de_dead 0 iy_dead 1 f_dead 1
   02B0 78            [ 4]  727 	ld	a, b
   02B1 DD B6 FD      [19]  728 	or	a, -3 (ix)
                            729 ;	genMove_o size 1 result type 2 source type 2 a_dead 1 hl_dead 1 de_dead 0 iy_dead 1 f_dead 1
   02B4 47            [ 4]  730 	ld	b, a
                            731 ;	genMove_o size 0 result type 2 source type 1 a_dead 1 hl_dead 1 de_dead 0 iy_dead 1 f_dead 1
   02B5 7B            [ 4]  732 	ld	a, e
   02B6 DD B6 FE      [19]  733 	or	a, -2 (ix)
                            734 ;	genMove_o size 1 result type 2 source type 2 a_dead 1 hl_dead 1 de_dead 0 iy_dead 1 f_dead 1
   02B9 5F            [ 4]  735 	ld	e, a
                            736 ;	genMove_o size 0 result type 2 source type 1 a_dead 1 hl_dead 1 de_dead 0 iy_dead 1 f_dead 1
                            737 ;	genMove_o size 1 result type 2 source type 6 a_dead 1 hl_dead 1 de_dead 0 iy_dead 1 f_dead 1
   02BA DD 56 FF      [19]  738 	ld	d, -1 (ix)
                            739 ;	genMove_o size 0 result type 2 source type 1 a_dead 1 hl_dead 1 de_dead 0 iy_dead 1 f_dead 1
                            740 ;	genCmpEq
   02BD 0C            [ 4]  741 	inc	c
                            742 ; common peephole 163 changed absolute to relative conditional jump.
   02BE 20 07         [12]  743 	jr	nz, 00262$
                            744 ;	genMove_o size 1 result type 2 source type 2 a_dead 1 hl_dead 1 de_dead 0 iy_dead 0 f_dead 1
   02C0 78            [ 4]  745 	ld	a, b
                            746 ;	genMove_o size 0 result type 2 source type 1 a_dead 1 hl_dead 1 de_dead 0 iy_dead 0 f_dead 1
   02C1 D6 AA         [ 7]  747 	sub	a, #0xaa
   02C3 B3            [ 4]  748 	or	a, e
   02C4 B2            [ 4]  749 	or	a, d
                            750 ; common peephole 163 changed absolute to relative conditional jump.
   02C5 28 11         [12]  751 	jr	z, 00118$
                            752 ; common peephole 81 removed jp by using inverse jump logic
   02C7                     753 00262$:
                            754 ;	skipping generated iCode
                            755 ;	skipping iCode since result will be rematerialized
                            756 ;	skipping iCode since result will be rematerialized
                            757 ;	skipping iCode since result will be rematerialized
                            758 ;	skipping iCode since result will be rematerialized
                            759 ;	skipping iCode since result will be rematerialized
                            760 ;	skipping iCode since result will be rematerialized
                            761 ;	genIpush
                            762 ;	genMove_o size 2 result type 2 source type 1 a_dead 1 hl_dead 1 de_dead 1 iy_dead 1 f_dead 1
   02C7 21 30 00      [10]  763 	ld	hl, #0x0030
   02CA E5            [11]  764 	push	hl
                            765 ;	genIpush
                            766 ;	genMove_o size 2 result type 2 source type 7 a_dead 1 hl_dead 1 de_dead 1 iy_dead 1 f_dead 1
   02CB 21rA2s04      [10]  767 	ld	hl, #___str_2
   02CE E5            [11]  768 	push	hl
                            769 ;	genSend
                            770 ;	genMove_o size 2 result type 2 source type 7 a_dead 1 hl_dead 1 de_dead 1 iy_dead 1 f_dead 1
   02CF 11r8Cs05      [10]  771 	ld	de, #___str_9
                            772 ;	genSend
                            773 ;	genMove_o size 2 result type 2 source type 7 a_dead 1 hl_dead 1 de_dead 0 iy_dead 1 f_dead 1
   02D2 21r75s04      [10]  774 	ld	hl, #___str_0
                            775 ;	genCall
   02D5 CDr00s00      [17]  776 	call	___fail
                            777 ;	genLabel
   02D8                     778 00118$:
                            779 ;cases/bitintrot/bitintrot_width_32_dist_32_storage_auto.c:50: t1 = ROL(t1);
                            780 ;	genLeftShift
                            781 ;	genMove_o size 4 result type 2 source type 6 a_dead 0 hl_dead 1 de_dead 1 iy_dead 1 f_dead 1
   02D8 C1            [10]  782 	pop	bc
   02D9 D1            [10]  783 	pop	de
   02DA D5            [11]  784 	push	de
   02DB C5            [11]  785 	push	bc
                            786 ;	genMove_o size 0 result type 2 source type 1 a_dead 0 hl_dead 1 de_dead 1 iy_dead 1 f_dead 1
                            787 ;	genMove_o size 0 result type 2 source type 1 a_dead 0 hl_dead 1 de_dead 0 iy_dead 1 f_dead 1
                            788 ;	genMove_o size 4 result type 2 source type 2 a_dead 1 hl_dead 1 de_dead 1 iy_dead 1 f_dead 1
                            789 ;	genRightShift
                            790 ;	genMove_o size 4 result type 6 source type 6 a_dead 1 hl_dead 1 de_dead 0 iy_dead 1 f_dead 1
   02DC DD 7E F4      [19]  791 	ld	a, -12 (ix)
   02DF DD 77 FC      [19]  792 	ld	-4 (ix), a
   02E2 DD 7E F5      [19]  793 	ld	a, -11 (ix)
   02E5 DD 77 FD      [19]  794 	ld	-3 (ix), a
   02E8 DD 7E F6      [19]  795 	ld	a, -10 (ix)
   02EB DD 77 FE      [19]  796 	ld	-2 (ix), a
   02EE DD 7E F7      [19]  797 	ld	a, -9 (ix)
   02F1 DD 77 FF      [19]  798 	ld	-1 (ix), a
                            799 ;	genMove_o size 0 result type 6 source type 1 a_dead 1 hl_dead 1 de_dead 0 iy_dead 1 f_dead 1
                            800 ;	genMove_o size 4 result type 6 source type 6 a_dead 1 hl_dead 1 de_dead 0 iy_dead 1 f_dead 1
                            801 ;	genOr
   02F4 79            [ 4]  802 	ld	a, c
   02F5 DD B6 FC      [19]  803 	or	a, -4 (ix)
                            804 ;	genMove_o size 1 result type 6 source type 2 a_dead 1 hl_dead 1 de_dead 0 iy_dead 1 f_dead 1
   02F8 DD 77 F4      [19]  805 	ld	-12 (ix), a
                            806 ;	genMove_o size 0 result type 6 source type 1 a_dead 1 hl_dead 1 de_dead 0 iy_dead 1 f_dead 1
   02FB 78            [ 4]  807 	ld	a, b
   02FC DD B6 FD      [19]  808 	or	a, -3 (ix)
                            809 ;	genMove_o size 1 result type 6 source type 2 a_dead 1 hl_dead 1 de_dead 0 iy_dead 1 f_dead 1
   02FF DD 77 F5      [19]  810 	ld	-11 (ix), a
                            811 ;	genMove_o size 0 result type 6 source type 1 a_dead 1 hl_dead 1 de_dead 0 iy_dead 1 f_dead 1
   0302 7B            [ 4]  812 	ld	a, e
   0303 DD B6 FE      [19]  813 	or	a, -2 (ix)
                            814 ;	genMove_o size 1 result type 6 source type 2 a_dead 1 hl_dead 1 de_dead 0 iy_dead 1 f_dead 1
   0306 DD 77 F6      [19]  815 	ld	-10 (ix), a
                            816 ;	genMove_o size 0 result type 6 source type 1 a_dead 1 hl_dead 1 de_dead 0 iy_dead 1 f_dead 1
   0309 7A            [ 4]  817 	ld	a, d
   030A DD B6 FF      [19]  818 	or	a, -1 (ix)
                            819 ;	genMove_o size 1 result type 6 source type 2 a_dead 1 hl_dead 1 de_dead 0 iy_dead 1 f_dead 1
   030D DD 77 F7      [19]  820 	ld	-9 (ix), a
                            821 ;	genMove_o size 0 result type 6 source type 1 a_dead 1 hl_dead 1 de_dead 0 iy_dead 1 f_dead 1
                            822 ;cases/bitintrot/bitintrot_width_32_dist_32_storage_auto.c:51: t2 = ROL(t2);
                            823 ;	genLeftShift
                            824 ;	genMove_o size 4 result type 2 source type 6 a_dead 0 hl_dead 1 de_dead 1 iy_dead 1 f_dead 1
   0310 DD 4E F8      [19]  825 	ld	c, -8 (ix)
   0313 DD 46 F9      [19]  826 	ld	b, -7 (ix)
   0316 DD 5E FA      [19]  827 	ld	e, -6 (ix)
   0319 DD 56 FB      [19]  828 	ld	d, -5 (ix)
                            829 ;	genMove_o size 0 result type 2 source type 1 a_dead 0 hl_dead 1 de_dead 1 iy_dead 1 f_dead 1
                            830 ;	genMove_o size 0 result type 2 source type 1 a_dead 0 hl_dead 1 de_dead 0 iy_dead 1 f_dead 1
                            831 ;	genMove_o size 4 result type 2 source type 2 a_dead 1 hl_dead 1 de_dead 1 iy_dead 1 f_dead 1
                            832 ;	genRightShift
                            833 ;	genMove_o size 4 result type 6 source type 6 a_dead 1 hl_dead 1 de_dead 0 iy_dead 1 f_dead 1
   031C DD 7E F8      [19]  834 	ld	a, -8 (ix)
   031F DD 77 FC      [19]  835 	ld	-4 (ix), a
   0322 DD 7E F9      [19]  836 	ld	a, -7 (ix)
   0325 DD 77 FD      [19]  837 	ld	-3 (ix), a
   0328 DD 7E FA      [19]  838 	ld	a, -6 (ix)
   032B DD 77 FE      [19]  839 	ld	-2 (ix), a
   032E DD 7E FB      [19]  840 	ld	a, -5 (ix)
   0331 DD 77 FF      [19]  841 	ld	-1 (ix), a
                            842 ;	genMove_o size 0 result type 6 source type 1 a_dead 1 hl_dead 1 de_dead 0 iy_dead 1 f_dead 1
                            843 ;	genMove_o size 4 result type 6 source type 6 a_dead 1 hl_dead 1 de_dead 0 iy_dead 1 f_dead 1
                            844 ;	genOr
   0334 79            [ 4]  845 	ld	a, c
   0335 DD B6 FC      [19]  846 	or	a, -4 (ix)
                            847 ;	genMove_o size 1 result type 6 source type 2 a_dead 1 hl_dead 1 de_dead 0 iy_dead 1 f_dead 1
   0338 DD 77 F8      [19]  848 	ld	-8 (ix), a
                            849 ;	genMove_o size 0 result type 6 source type 1 a_dead 1 hl_dead 1 de_dead 0 iy_dead 1 f_dead 1
   033B 78            [ 4]  850 	ld	a, b
   033C DD B6 FD      [19]  851 	or	a, -3 (ix)
                            852 ;	genMove_o size 1 result type 6 source type 2 a_dead 1 hl_dead 1 de_dead 0 iy_dead 1 f_dead 1
   033F DD 77 F9      [19]  853 	ld	-7 (ix), a
                            854 ;	genMove_o size 0 result type 6 source type 1 a_dead 1 hl_dead 1 de_dead 0 iy_dead 1 f_dead 1
   0342 7B            [ 4]  855 	ld	a, e
   0343 DD B6 FE      [19]  856 	or	a, -2 (ix)
                            857 ;	genMove_o size 1 result type 6 source type 2 a_dead 1 hl_dead 1 de_dead 0 iy_dead 1 f_dead 1
   0346 DD 77 FA      [19]  858 	ld	-6 (ix), a
                            859 ;	genMove_o size 0 result type 6 source type 1 a_dead 1 hl_dead 1 de_dead 0 iy_dead 1 f_dead 1
   0349 7A            [ 4]  860 	ld	a, d
   034A DD B6 FF      [19]  861 	or	a, -1 (ix)
                            862 ;	genMove_o size 1 result type 6 source type 2 a_dead 1 hl_dead 1 de_dead 0 iy_dead 1 f_dead 1
   034D DD 77 FB      [19]  863 	ld	-5 (ix), a
                            864 ;	genMove_o size 0 result type 6 source type 1 a_dead 1 hl_dead 1 de_dead 0 iy_dead 1 f_dead 1
                            865 ;cases/bitintrot/bitintrot_width_32_dist_32_storage_auto.c:52: ASSERT (t1 == ROL (TESTVECT1));
                            866 ;	genPlus
                            867 ;	genMove_o size 2 result type 2 source type 10 a_dead 1 hl_dead 1 de_dead 1 iy_dead 1 f_dead 1
   0350 2Ar00s00      [16]  868 	ld	hl, (___numTests)
   0353 23            [ 6]  869 	inc	hl
                            870 ;	genMove_o size 2 result type 10 source type 2 a_dead 1 hl_dead 1 de_dead 1 iy_dead 1 f_dead 1
   0354 22r00s00      [16]  871 	ld	(___numTests), hl
                            872 ;	genCmpEq
                            873 ;	genMove_o size 1 result type 2 source type 6 a_dead 1 hl_dead 1 de_dead 0 iy_dead 0 f_dead 1
   0357 DD 7E F4      [19]  874 	ld	a, -12 (ix)
                            875 ;	genMove_o size 0 result type 2 source type 1 a_dead 1 hl_dead 1 de_dead 0 iy_dead 0 f_dead 1
   035A D6 A5         [ 7]  876 	sub	a, #0xa5
   035C DD B6 F5      [19]  877 	or	a, -11 (ix)
   035F DD B6 F6      [19]  878 	or	a, -10 (ix)
   0362 DD B6 F7      [19]  879 	or	a, -9 (ix)
                            880 ; common peephole 163 changed absolute to relative conditional jump.
   0365 28 11         [12]  881 	jr	z, 00120$
                            882 ; common peephole 81 removed jp by using inverse jump logic
                            883 ; common peephole 159 removed unused label 00271$.
                            884 ;	skipping generated iCode
                            885 ;	skipping iCode since result will be rematerialized
                            886 ;	skipping iCode since result will be rematerialized
                            887 ;	skipping iCode since result will be rematerialized
                            888 ;	skipping iCode since result will be rematerialized
                            889 ;	skipping iCode since result will be rematerialized
                            890 ;	skipping iCode since result will be rematerialized
                            891 ;	genIpush
                            892 ;	genMove_o size 2 result type 2 source type 1 a_dead 1 hl_dead 1 de_dead 1 iy_dead 1 f_dead 1
   0367 21 34 00      [10]  893 	ld	hl, #0x0034
   036A E5            [11]  894 	push	hl
                            895 ;	genIpush
                            896 ;	genMove_o size 2 result type 2 source type 7 a_dead 1 hl_dead 1 de_dead 1 iy_dead 1 f_dead 1
   036B 21rA2s04      [10]  897 	ld	hl, #___str_2
   036E E5            [11]  898 	push	hl
                            899 ;	genSend
                            900 ;	genMove_o size 2 result type 2 source type 7 a_dead 1 hl_dead 1 de_dead 1 iy_dead 1 f_dead 1
   036F 11rACs05      [10]  901 	ld	de, #___str_10
                            902 ;	genSend
                            903 ;	genMove_o size 2 result type 2 source type 7 a_dead 1 hl_dead 1 de_dead 0 iy_dead 1 f_dead 1
   0372 21r75s04      [10]  904 	ld	hl, #___str_0
                            905 ;	genCall
   0375 CDr00s00      [17]  906 	call	___fail
                            907 ;	genLabel
   0378                     908 00120$:
                            909 ;cases/bitintrot/bitintrot_width_32_dist_32_storage_auto.c:53: ASSERT (t2 == ROL (TESTVECT2));
                            910 ;	genPlus
                            911 ;	genMove_o size 2 result type 2 source type 10 a_dead 1 hl_dead 1 de_dead 1 iy_dead 1 f_dead 1
   0378 2Ar00s00      [16]  912 	ld	hl, (___numTests)
   037B 23            [ 6]  913 	inc	hl
                            914 ;	genMove_o size 2 result type 10 source type 2 a_dead 1 hl_dead 1 de_dead 1 iy_dead 1 f_dead 1
   037C 22r00s00      [16]  915 	ld	(___numTests), hl
                            916 ;	genCmpEq
                            917 ;	genMove_o size 1 result type 2 source type 6 a_dead 1 hl_dead 1 de_dead 0 iy_dead 0 f_dead 1
   037F DD 7E F8      [19]  918 	ld	a, -8 (ix)
                            919 ;	genMove_o size 0 result type 2 source type 1 a_dead 1 hl_dead 1 de_dead 0 iy_dead 0 f_dead 1
   0382 D6 55         [ 7]  920 	sub	a, #0x55
                            921 ; common peephole 163 changed absolute to relative conditional jump.
   0384 20 0D         [12]  922 	jr	nz, 00272$
                            923 ;	genMove_o size 1 result type 2 source type 6 a_dead 1 hl_dead 1 de_dead 0 iy_dead 0 f_dead 1
   0386 DD 7E F9      [19]  924 	ld	a, -7 (ix)
                            925 ;	genMove_o size 0 result type 2 source type 1 a_dead 1 hl_dead 1 de_dead 0 iy_dead 0 f_dead 1
   0389 D6 AA         [ 7]  926 	sub	a, #0xaa
   038B DD B6 FA      [19]  927 	or	a, -6 (ix)
   038E DD B6 FB      [19]  928 	or	a, -5 (ix)
                            929 ; common peephole 163 changed absolute to relative conditional jump.
   0391 28 11         [12]  930 	jr	z, 00122$
                            931 ; common peephole 81 removed jp by using inverse jump logic
   0393                     932 00272$:
                            933 ;	skipping generated iCode
                            934 ;	skipping iCode since result will be rematerialized
                            935 ;	skipping iCode since result will be rematerialized
                            936 ;	skipping iCode since result will be rematerialized
                            937 ;	skipping iCode since result will be rematerialized
                            938 ;	skipping iCode since result will be rematerialized
                            939 ;	skipping iCode since result will be rematerialized
                            940 ;	genIpush
                            941 ;	genMove_o size 2 result type 2 source type 1 a_dead 1 hl_dead 1 de_dead 1 iy_dead 1 f_dead 1
   0393 21 35 00      [10]  942 	ld	hl, #0x0035
   0396 E5            [11]  943 	push	hl
                            944 ;	genIpush
                            945 ;	genMove_o size 2 result type 2 source type 7 a_dead 1 hl_dead 1 de_dead 1 iy_dead 1 f_dead 1
   0397 21rA2s04      [10]  946 	ld	hl, #___str_2
   039A E5            [11]  947 	push	hl
                            948 ;	genSend
                            949 ;	genMove_o size 2 result type 2 source type 7 a_dead 1 hl_dead 1 de_dead 1 iy_dead 1 f_dead 1
   039B 11rC2s05      [10]  950 	ld	de, #___str_11
                            951 ;	genSend
                            952 ;	genMove_o size 2 result type 2 source type 7 a_dead 1 hl_dead 1 de_dead 0 iy_dead 1 f_dead 1
   039E 21r75s04      [10]  953 	ld	hl, #___str_0
                            954 ;	genCall
   03A1 CDr00s00      [17]  955 	call	___fail
                            956 ;	genLabel
   03A4                     957 00122$:
                            958 ;cases/bitintrot/bitintrot_width_32_dist_32_storage_auto.c:55: t1 = ROR(t1);
                            959 ;	genRightShift
                            960 ;	genMove_o size 4 result type 2 source type 6 a_dead 1 hl_dead 1 de_dead 1 iy_dead 1 f_dead 1
   03A4 C1            [10]  961 	pop	bc
   03A5 D1            [10]  962 	pop	de
   03A6 D5            [11]  963 	push	de
   03A7 C5            [11]  964 	push	bc
                            965 ;	genMove_o size 0 result type 2 source type 1 a_dead 1 hl_dead 1 de_dead 1 iy_dead 1 f_dead 1
                            966 ;	genMove_o size 4 result type 2 source type 2 a_dead 1 hl_dead 1 de_dead 1 iy_dead 1 f_dead 1
                            967 ;	genLeftShift
                            968 ;	genMove_o size 4 result type 6 source type 6 a_dead 0 hl_dead 1 de_dead 0 iy_dead 1 f_dead 1
   03A8 DD 6E F4      [19]  969 	ld	l, -12 (ix)
   03AB DD 75 FC      [19]  970 	ld	-4 (ix), l
   03AE DD 6E F5      [19]  971 	ld	l, -11 (ix)
   03B1 DD 75 FD      [19]  972 	ld	-3 (ix), l
   03B4 DD 6E F6      [19]  973 	ld	l, -10 (ix)
   03B7 DD 75 FE      [19]  974 	ld	-2 (ix), l
   03BA DD 6E F7      [19]  975 	ld	l, -9 (ix)
   03BD DD 75 FF      [19]  976 	ld	-1 (ix), l
                            977 ;	genMove_o size 0 result type 6 source type 1 a_dead 0 hl_dead 1 de_dead 0 iy_dead 1 f_dead 1
                            978 ;	genMove_o size 0 result type 6 source type 1 a_dead 0 hl_dead 1 de_dead 0 iy_dead 1 f_dead 1
                            979 ;	genMove_o size 4 result type 6 source type 6 a_dead 1 hl_dead 1 de_dead 0 iy_dead 1 f_dead 1
                            980 ;	genOr
   03C0 79            [ 4]  981 	ld	a, c
   03C1 DD B6 FC      [19]  982 	or	a, -4 (ix)
                            983 ;	genMove_o size 1 result type 6 source type 2 a_dead 1 hl_dead 1 de_dead 0 iy_dead 1 f_dead 1
   03C4 DD 77 F4      [19]  984 	ld	-12 (ix), a
                            985 ;	genMove_o size 0 result type 6 source type 1 a_dead 1 hl_dead 1 de_dead 0 iy_dead 1 f_dead 1
   03C7 78            [ 4]  986 	ld	a, b
   03C8 DD B6 FD      [19]  987 	or	a, -3 (ix)
                            988 ;	genMove_o size 1 result type 6 source type 2 a_dead 1 hl_dead 1 de_dead 0 iy_dead 1 f_dead 1
   03CB DD 77 F5      [19]  989 	ld	-11 (ix), a
                            990 ;	genMove_o size 0 result type 6 source type 1 a_dead 1 hl_dead 1 de_dead 0 iy_dead 1 f_dead 1
   03CE 7B            [ 4]  991 	ld	a, e
   03CF DD B6 FE      [19]  992 	or	a, -2 (ix)
                            993 ;	genMove_o size 1 result type 6 source type 2 a_dead 1 hl_dead 1 de_dead 0 iy_dead 1 f_dead 1
   03D2 DD 77 F6      [19]  994 	ld	-10 (ix), a
                            995 ;	genMove_o size 0 result type 6 source type 1 a_dead 1 hl_dead 1 de_dead 0 iy_dead 1 f_dead 1
   03D5 7A            [ 4]  996 	ld	a, d
   03D6 DD B6 FF      [19]  997 	or	a, -1 (ix)
                            998 ;	genMove_o size 1 result type 6 source type 2 a_dead 1 hl_dead 1 de_dead 0 iy_dead 1 f_dead 1
   03D9 DD 77 F7      [19]  999 	ld	-9 (ix), a
                           1000 ;	genMove_o size 0 result type 6 source type 1 a_dead 1 hl_dead 1 de_dead 0 iy_dead 1 f_dead 1
                           1001 ;cases/bitintrot/bitintrot_width_32_dist_32_storage_auto.c:56: t2 = ROR(t2);
                           1002 ;	genRightShift
                           1003 ;	genMove_o size 4 result type 2 source type 6 a_dead 1 hl_dead 1 de_dead 1 iy_dead 1 f_dead 1
   03DC DD 4E F8      [19] 1004 	ld	c, -8 (ix)
   03DF DD 46 F9      [19] 1005 	ld	b, -7 (ix)
   03E2 DD 5E FA      [19] 1006 	ld	e, -6 (ix)
   03E5 DD 56 FB      [19] 1007 	ld	d, -5 (ix)
                           1008 ;	genMove_o size 0 result type 2 source type 1 a_dead 1 hl_dead 1 de_dead 1 iy_dead 1 f_dead 1
                           1009 ;	genMove_o size 4 result type 2 source type 2 a_dead 1 hl_dead 1 de_dead 1 iy_dead 1 f_dead 1
                           1010 ;	genLeftShift
                           1011 ;	genMove_o size 4 result type 6 source type 6 a_dead 0 hl_dead 1 de_dead 0 iy_dead 1 f_dead 1
   03E8 DD 6E F8      [19] 1012 	ld	l, -8 (ix)
   03EB DD 75 FC      [19] 1013 	ld	-4 (ix), l
   03EE DD 6E F9      [19] 1014 	ld	l, -7 (ix)
   03F1 DD 75 FD      [19] 1015 	ld	-3 (ix), l
   03F4 DD 6E FA      [19] 1016 	ld	l, -6 (ix)
   03F7 DD 75 FE      [19] 1017 	ld	-2 (ix), l
   03FA DD 6E FB      [19] 1018 	ld	l, -5 (ix)
   03FD DD 75 FF      [19] 1019 	ld	-1 (ix), l
                           1020 ;	genMove_o size 0 result type 6 source type 1 a_dead 0 hl_dead 1 de_dead 0 iy_dead 1 f_dead 1
                           1021 ;	genMove_o size 0 result type 6 source type 1 a_dead 0 hl_dead 1 de_dead 0 iy_dead 1 f_dead 1
                           1022 ;	genMove_o size 4 result type 6 source type 6 a_dead 1 hl_dead 1 de_dead 0 iy_dead 1 f_dead 1
                           1023 ;	genOr
   0400 79            [ 4] 1024 	ld	a, c
   0401 DD B6 FC      [19] 1025 	or	a, -4 (ix)
                           1026 ;	genMove_o size 1 result type 6 source type 2 a_dead 1 hl_dead 1 de_dead 0 iy_dead 1 f_dead 1
   0404 DD 77 F8      [19] 1027 	ld	-8 (ix), a
                           1028 ;	genMove_o size 0 result type 6 source type 1 a_dead 1 hl_dead 1 de_dead 0 iy_dead 1 f_dead 1
   0407 78            [ 4] 1029 	ld	a, b
   0408 DD B6 FD      [19] 1030 	or	a, -3 (ix)
                           1031 ;	genMove_o size 1 result type 6 source type 2 a_dead 1 hl_dead 1 de_dead 0 iy_dead 1 f_dead 1
   040B DD 77 F9      [19] 1032 	ld	-7 (ix), a
                           1033 ;	genMove_o size 0 result type 6 source type 1 a_dead 1 hl_dead 1 de_dead 0 iy_dead 1 f_dead 1
   040E 7B            [ 4] 1034 	ld	a, e
   040F DD B6 FE      [19] 1035 	or	a, -2 (ix)
                           1036 ;	genMove_o size 1 result type 6 source type 2 a_dead 1 hl_dead 1 de_dead 0 iy_dead 1 f_dead 1
   0412 DD 77 FA      [19] 1037 	ld	-6 (ix), a
                           1038 ;	genMove_o size 0 result type 6 source type 1 a_dead 1 hl_dead 1 de_dead 0 iy_dead 1 f_dead 1
   0415 7A            [ 4] 1039 	ld	a, d
   0416 DD B6 FF      [19] 1040 	or	a, -1 (ix)
                           1041 ;	genMove_o size 1 result type 6 source type 2 a_dead 1 hl_dead 1 de_dead 0 iy_dead 1 f_dead 1
   0419 DD 77 FB      [19] 1042 	ld	-5 (ix), a
                           1043 ;	genMove_o size 0 result type 6 source type 1 a_dead 1 hl_dead 1 de_dead 0 iy_dead 1 f_dead 1
                           1044 ;cases/bitintrot/bitintrot_width_32_dist_32_storage_auto.c:57: ASSERT (t1 == TESTVECT1);
                           1045 ;	genPlus
                           1046 ;	genMove_o size 2 result type 2 source type 10 a_dead 1 hl_dead 1 de_dead 1 iy_dead 1 f_dead 1
   041C 2Ar00s00      [16] 1047 	ld	hl, (___numTests)
   041F 23            [ 6] 1048 	inc	hl
                           1049 ;	genMove_o size 2 result type 10 source type 2 a_dead 1 hl_dead 1 de_dead 1 iy_dead 1 f_dead 1
   0420 22r00s00      [16] 1050 	ld	(___numTests), hl
                           1051 ;	genCmpEq
                           1052 ;	genMove_o size 1 result type 2 source type 6 a_dead 1 hl_dead 1 de_dead 0 iy_dead 0 f_dead 1
   0423 DD 7E F4      [19] 1053 	ld	a, -12 (ix)
                           1054 ;	genMove_o size 0 result type 2 source type 1 a_dead 1 hl_dead 1 de_dead 0 iy_dead 0 f_dead 1
   0426 D6 A5         [ 7] 1055 	sub	a, #0xa5
   0428 DD B6 F5      [19] 1056 	or	a, -11 (ix)
   042B DD B6 F6      [19] 1057 	or	a, -10 (ix)
   042E DD B6 F7      [19] 1058 	or	a, -9 (ix)
                           1059 ; common peephole 163 changed absolute to relative conditional jump.
   0431 28 11         [12] 1060 	jr	z, 00124$
                           1061 ; common peephole 81 removed jp by using inverse jump logic
                           1062 ; common peephole 159 removed unused label 00281$.
                           1063 ;	skipping generated iCode
                           1064 ;	skipping iCode since result will be rematerialized
                           1065 ;	skipping iCode since result will be rematerialized
                           1066 ;	skipping iCode since result will be rematerialized
                           1067 ;	skipping iCode since result will be rematerialized
                           1068 ;	skipping iCode since result will be rematerialized
                           1069 ;	skipping iCode since result will be rematerialized
                           1070 ;	genIpush
                           1071 ;	genMove_o size 2 result type 2 source type 1 a_dead 1 hl_dead 1 de_dead 1 iy_dead 1 f_dead 1
   0433 21 39 00      [10] 1072 	ld	hl, #0x0039
   0436 E5            [11] 1073 	push	hl
                           1074 ;	genIpush
                           1075 ;	genMove_o size 2 result type 2 source type 7 a_dead 1 hl_dead 1 de_dead 1 iy_dead 1 f_dead 1
   0437 21rA2s04      [10] 1076 	ld	hl, #___str_2
   043A E5            [11] 1077 	push	hl
                           1078 ;	genSend
                           1079 ;	genMove_o size 2 result type 2 source type 7 a_dead 1 hl_dead 1 de_dead 1 iy_dead 1 f_dead 1
   043B 11rD8s05      [10] 1080 	ld	de, #___str_12
                           1081 ;	genSend
                           1082 ;	genMove_o size 2 result type 2 source type 7 a_dead 1 hl_dead 1 de_dead 0 iy_dead 1 f_dead 1
   043E 21r75s04      [10] 1083 	ld	hl, #___str_0
                           1084 ;	genCall
   0441 CDr00s00      [17] 1085 	call	___fail
                           1086 ;	genLabel
   0444                    1087 00124$:
                           1088 ;cases/bitintrot/bitintrot_width_32_dist_32_storage_auto.c:58: ASSERT (t2 == TESTVECT2);
                           1089 ;	genPlus
                           1090 ;	genMove_o size 2 result type 2 source type 10 a_dead 1 hl_dead 1 de_dead 1 iy_dead 1 f_dead 1
   0444 2Ar00s00      [16] 1091 	ld	hl, (___numTests)
   0447 23            [ 6] 1092 	inc	hl
                           1093 ;	genMove_o size 2 result type 10 source type 2 a_dead 1 hl_dead 1 de_dead 1 iy_dead 1 f_dead 1
   0448 22r00s00      [16] 1094 	ld	(___numTests), hl
                           1095 ;	genCmpEq
                           1096 ;	genMove_o size 1 result type 2 source type 6 a_dead 1 hl_dead 1 de_dead 0 iy_dead 0 f_dead 1
   044B DD 7E F8      [19] 1097 	ld	a, -8 (ix)
                           1098 ;	genMove_o size 0 result type 2 source type 1 a_dead 1 hl_dead 1 de_dead 0 iy_dead 0 f_dead 1
   044E D6 55         [ 7] 1099 	sub	a, #0x55
                           1100 ; common peephole 163 changed absolute to relative conditional jump.
   0450 20 0D         [12] 1101 	jr	nz, 00282$
                           1102 ;	genMove_o size 1 result type 2 source type 6 a_dead 1 hl_dead 1 de_dead 0 iy_dead 0 f_dead 1
   0452 DD 7E F9      [19] 1103 	ld	a, -7 (ix)
                           1104 ;	genMove_o size 0 result type 2 source type 1 a_dead 1 hl_dead 1 de_dead 0 iy_dead 0 f_dead 1
   0455 D6 AA         [ 7] 1105 	sub	a, #0xaa
   0457 DD B6 FA      [19] 1106 	or	a, -6 (ix)
   045A DD B6 FB      [19] 1107 	or	a, -5 (ix)
                           1108 ; common peephole 163 changed absolute to relative conditional jump.
   045D 28 11         [12] 1109 	jr	z, 00101$
                           1110 ; common peephole 81 removed jp by using inverse jump logic
   045F                    1111 00282$:
                           1112 ;	skipping generated iCode
                           1113 ;	skipping iCode since result will be rematerialized
                           1114 ;	skipping iCode since result will be rematerialized
                           1115 ;	skipping iCode since result will be rematerialized
                           1116 ;	skipping iCode since result will be rematerialized
                           1117 ;	skipping iCode since result will be rematerialized
                           1118 ;	skipping iCode since result will be rematerialized
                           1119 ;	genIpush
                           1120 ;	genMove_o size 2 result type 2 source type 1 a_dead 1 hl_dead 1 de_dead 1 iy_dead 1 f_dead 1
   045F 21 3A 00      [10] 1121 	ld	hl, #0x003a
   0462 E5            [11] 1122 	push	hl
                           1123 ;	genIpush
                           1124 ;	genMove_o size 2 result type 2 source type 7 a_dead 1 hl_dead 1 de_dead 1 iy_dead 1 f_dead 1
   0463 21rA2s04      [10] 1125 	ld	hl, #___str_2
   0466 E5            [11] 1126 	push	hl
                           1127 ;	genSend
                           1128 ;	genMove_o size 2 result type 2 source type 7 a_dead 1 hl_dead 1 de_dead 1 iy_dead 1 f_dead 1
   0467 11rE8s05      [10] 1129 	ld	de, #___str_13
                           1130 ;	genSend
                           1131 ;	genMove_o size 2 result type 2 source type 7 a_dead 1 hl_dead 1 de_dead 0 iy_dead 1 f_dead 1
   046A 21r75s04      [10] 1132 	ld	hl, #___str_0
                           1133 ;	genCall
   046D CDr00s00      [17] 1134 	call	___fail
                           1135 ;	genLabel
   0470                    1136 00101$:
                           1137 ;cases/bitintrot/bitintrot_width_32_dist_32_storage_auto.c:60: }
                           1138 ;	genEndFunction
   0470 DD F9         [10] 1139 	ld	sp, ix
   0472 DD E1         [14] 1140 	pop	ix
   0474 C9            [10] 1141 	ret
                           1142 ;	Total testRot function size at codegen: 5 bytes.
   0475                    1143 ___str_0:
   0475 41 73 73 65 72 74  1144 	.ascii "Assertion failed"
        69 6F 6E 20 66 61
        69 6C 65 64
   0485 00                 1145 	.db 0x00
   0486                    1146 ___str_1:
   0486 52 4F 4C 20 28 74  1147 	.ascii "ROL (t1) == ROL (TESTVECT1)"
        31 29 20 3D 3D 20
        52 4F 4C 20 28 54
        45 53 54 56 45 43
        54 31 29
   04A1 00                 1148 	.db 0x00
   04A2                    1149 ___str_2:
   04A2 63 61 73 65 73 2F  1150 	.ascii "cases/bitintrot/bitintrot_width_32_dist_32_storage_auto.c"
        62 69 74 69 6E 74
        72 6F 74 2F 62 69
        74 69 6E 74 72 6F
        74 5F 77 69 64 74
        68 5F 33 32 5F 64
        69 73 74 5F 33 32
        5F 73 74 6F 72 61
        67 65 5F 61 75 74
        6F 2E 63
   04DB 00                 1151 	.db 0x00
   04DC                    1152 ___str_3:
   04DC 52 4F 4C 20 28 74  1153 	.ascii "ROL (t2) == ROL (TESTVECT2)"
        32 29 20 3D 3D 20
        52 4F 4C 20 28 54
        45 53 54 56 45 43
        54 32 29
   04F7 00                 1154 	.db 0x00
   04F8                    1155 ___str_4:
   04F8 52 4F 52 20 28 74  1156 	.ascii "ROR (t1) == ROR (TESTVECT1)"
        31 29 20 3D 3D 20
        52 4F 52 20 28 54
        45 53 54 56 45 43
        54 31 29
   0513 00                 1157 	.db 0x00
   0514                    1158 ___str_5:
   0514 52 4F 52 20 28 74  1159 	.ascii "ROR (t2) == ROR (TESTVECT2)"
        32 29 20 3D 3D 20
        52 4F 52 20 28 54
        45 53 54 56 45 43
        54 32 29
   052F 00                 1160 	.db 0x00
   0530                    1161 ___str_6:
   0530 4E 52 4F 4C 20 28  1162 	.ascii "NROL (t1) == NROL (TESTVECT1)"
        74 31 29 20 3D 3D
        20 4E 52 4F 4C 20
        28 54 45 53 54 56
        45 43 54 31 29
   054D 00                 1163 	.db 0x00
   054E                    1164 ___str_7:
   054E 4E 52 4F 4C 20 28  1165 	.ascii "NROL (t2) == NROL (TESTVECT2)"
        74 32 29 20 3D 3D
        20 4E 52 4F 4C 20
        28 54 45 53 54 56
        45 43 54 32 29
   056B 00                 1166 	.db 0x00
   056C                    1167 ___str_8:
   056C 4E 52 4F 4C 32 20  1168 	.ascii "NROL2 (t1) == NROL2 (TESTVECT1)"
        28 74 31 29 20 3D
        3D 20 4E 52 4F 4C
        32 20 28 54 45 53
        54 56 45 43 54 31
        29
   058B 00                 1169 	.db 0x00
   058C                    1170 ___str_9:
   058C 4E 52 4F 4C 32 20  1171 	.ascii "NROL2 (t2) == NROL2 (TESTVECT2)"
        28 74 32 29 20 3D
        3D 20 4E 52 4F 4C
        32 20 28 54 45 53
        54 56 45 43 54 32
        29
   05AB 00                 1172 	.db 0x00
   05AC                    1173 ___str_10:
   05AC 74 31 20 3D 3D 20  1174 	.ascii "t1 == ROL (TESTVECT1)"
        52 4F 4C 20 28 54
        45 53 54 56 45 43
        54 31 29
   05C1 00                 1175 	.db 0x00
   05C2                    1176 ___str_11:
   05C2 74 32 20 3D 3D 20  1177 	.ascii "t2 == ROL (TESTVECT2)"
        52 4F 4C 20 28 54
        45 53 54 56 45 43
        54 32 29
   05D7 00                 1178 	.db 0x00
   05D8                    1179 ___str_12:
   05D8 74 31 20 3D 3D 20  1180 	.ascii "t1 == TESTVECT1"
        54 45 53 54 56 45
        43 54 31
   05E7 00                 1181 	.db 0x00
   05E8                    1182 ___str_13:
   05E8 74 32 20 3D 3D 20  1183 	.ascii "t2 == TESTVECT2"
        54 45 53 54 56 45
        43 54 32
   05F7 00                 1184 	.db 0x00
                           1185 ;cases/bitintrot/bitintrot_width_32_dist_32_storage_auto.c:64: __runSuite(void)
                           1186 ;	genLabel
                           1187 ;	genFunction
                           1188 ;	---------------------------------
                           1189 ; Function __runSuite
                           1190 ; ---------------------------------
                           1191 ;	Register assignment is optimal.
                           1192 ; Stack space usage: 0 bytes.
   05F8                    1193 ___runSuite::
                           1194 ;cases/bitintrot/bitintrot_width_32_dist_32_storage_auto.c:66: __prints("Running testRot\n");
                           1195 ;	skipping iCode since result will be rematerialized
                           1196 ;	skipping iCode since result will be rematerialized
                           1197 ;	genSend
                           1198 ;	genMove_o size 2 result type 2 source type 7 a_dead 1 hl_dead 1 de_dead 1 iy_dead 1 f_dead 1
   05F8 21r01s06      [10] 1199 	ld	hl, #___str_14
                           1200 ;	genCall
   05FB CDr00s00      [17] 1201 	call	___prints
                           1202 ;cases/bitintrot/bitintrot_width_32_dist_32_storage_auto.c:67: testRot();
                           1203 ;	genCall
                           1204 ;	genLabel
                           1205 ; common peephole 159 removed unused label 00101$.
                           1206 ;cases/bitintrot/bitintrot_width_32_dist_32_storage_auto.c:68: }
                           1207 ;	genEndFunction
   05FE C3r00s00      [10] 1208 	jp	_testRot
                           1209 ; common peephole 152 removed unused ret.
                           1210 ;	Total __runSuite function size at codegen: 1 bytes.
   0601                    1211 ___str_14:
   0601 52 75 6E 6E 69 6E  1212 	.ascii "Running testRot"
        67 20 74 65 73 74
        52 6F 74
   0610 0A                 1213 	.db 0x0a
   0611 00                 1214 	.db 0x00
                           1215 ;cases/bitintrot/bitintrot_width_32_dist_32_storage_auto.c:73: __getSuiteName(void)
                           1216 ;	genLabel
                           1217 ;	genFunction
                           1218 ;	---------------------------------
                           1219 ; Function __getSuiteName
                           1220 ; ---------------------------------
                           1221 ;	Register assignment is optimal.
                           1222 ; Stack space usage: 0 bytes.
   0612                    1223 ___getSuiteName::
                           1224 ;cases/bitintrot/bitintrot_width_32_dist_32_storage_auto.c:75: return "bitintrot_width_32_dist_32_storage_auto";
                           1225 ;	skipping iCode since result will be rematerialized
                           1226 ;	skipping iCode since result will be rematerialized
                           1227 ;	genRet
                           1228 ;	genMove_o size 2 result type 2 source type 7 a_dead 1 hl_dead 1 de_dead 1 iy_dead 1 f_dead 1
   0612 11r18s06      [10] 1229 	ld	de, #___str_15
                           1230 ;	genLabel
                           1231 ; common peephole 159 removed unused label 00101$.
                           1232 ;cases/bitintrot/bitintrot_width_32_dist_32_storage_auto.c:76: }
                           1233 ;	genEndFunction
   0615 C9            [10] 1234 	ret
                           1235 ;	Total __getSuiteName function size at codegen: 1 bytes.
   0616                    1236 ___numCases:
   0616 01 00              1237 	.dw #0x0001
   0618                    1238 ___str_15:
   0618 62 69 74 69 6E 74  1239 	.ascii "bitintrot_width_32_dist_32_storage_auto"
        72 6F 74 5F 77 69
        64 74 68 5F 33 32
        5F 64 69 73 74 5F
        33 32 5F 73 74 6F
        72 61 67 65 5F 61
        75 74 6F
   063F 00                 1240 	.db 0x00
                           1241 	.area _CODE (BANK=_CSEG)
                           1242 	.area _INITIALIZER
                           1243 	.area _CABS (ABS)
