                              1 ;--------------------------------------------------------
                              2 ; File Created by SDCC : free open source ISO C Compiler
                              3 ; Version 4.6.2 #16710 (Linux)
                              4 ;--------------------------------------------------------
                              5 	.module bitintrot_width_4_dist_7_storage_static
                              6 	
                              7 ;--------------------------------------------------------
                              8 ; Public variables in this module
                              9 ;--------------------------------------------------------
                             10 	.globl _testRot
                             11 	.globl ___prints
                             12 	.globl ___fail
                             13 	.globl ___numCases
                             14 	.globl ___runSuite
                             15 	.globl ___getSuiteName
                             16 ;--------------------------------------------------------
                             17 ; special function registers
                             18 ;--------------------------------------------------------
                             19 ;--------------------------------------------------------
                             20 ; ram data
                             21 ;--------------------------------------------------------
                             22 	.area _DATA (BANK=_DSEG)
   0000                      23 _testRot_t1_10000_13:
   0000                      24 	.ds 1
   0001                      25 _testRot_t2_10000_13:
   0001                      26 	.ds 1
                             27 ;--------------------------------------------------------
                             28 ; ram data
                             29 ;--------------------------------------------------------
                             30 	.area _INITIALIZED
                             31 ;--------------------------------------------------------
                             32 ; absolute ram data
                             33 ;--------------------------------------------------------
                             34 	.area _DABS (ABS)
                             35 	.area _DABS (ABS)
                             36 ;--------------------------------------------------------
                             37 ; global & static initialisations
                             38 ;--------------------------------------------------------
                             39 	.area _HOME
                             40 	.area _GSINIT
                             41 	.area _GSFINAL
                             42 	.area _GSINIT
                             43 ;cases/bitintrot/bitintrot_width_4_dist_7_storage_static.c:38: volatile static bitinttype t1 = TESTVECT1;
                             44 ;	genAssign
                             45 ;	genMove_o size 1 result type 11 source type 1 a_dead 1 hl_dead 1 de_dead 1 iy_dead 1 f_dead 1
   0000 21r00s00      [10]   46 	ld	hl, #_testRot_t1_10000_13
   0003 36 05         [10]   47 	ld	(hl), #0x05
                             48 ;cases/bitintrot/bitintrot_width_4_dist_7_storage_static.c:39: volatile static bitinttype t2 = TESTVECT2;
                             49 ;	genAssign
                             50 ;	genMove_o size 1 result type 11 source type 1 a_dead 1 hl_dead 1 de_dead 1 iy_dead 1 f_dead 1
   0005 21r01s00      [10]   51 	ld	hl, #_testRot_t2_10000_13
   0008 36 05         [10]   52 	ld	(hl), #0x05
                             53 ;--------------------------------------------------------
                             54 ; Home
                             55 ;--------------------------------------------------------
                             56 	.area _HOME (BANK=_CSEG)
                             57 	.area _HOME (BANK=_CSEG)
                             58 ;--------------------------------------------------------
                             59 ; code
                             60 ;--------------------------------------------------------
                             61 	.area _CODE (BANK=_CSEG)
                             62 ;cases/bitintrot/bitintrot_width_4_dist_7_storage_static.c:36: testRot (void)
                             63 ;	genLabel
                             64 ;	genFunction
                             65 ;	---------------------------------
                             66 ; Function testRot
                             67 ; ---------------------------------
                             68 ;	Register assignment might be sub-optimal.
                             69 ; Stack space usage: 0 bytes.
   0000                      70 _testRot::
                             71 ;cases/bitintrot/bitintrot_width_4_dist_7_storage_static.c:41: ASSERT (ROL (t1) == ROL (TESTVECT1));
                             72 ;	genPlus
                             73 ;	genMove_o size 2 result type 2 source type 10 a_dead 1 hl_dead 1 de_dead 1 iy_dead 1 f_dead 1
   0000 2Ar00s00      [16]   74 	ld	hl, (___numTests)
   0003 23            [ 6]   75 	inc	hl
                             76 ;	genMove_o size 2 result type 10 source type 2 a_dead 1 hl_dead 1 de_dead 1 iy_dead 1 f_dead 1
   0004 22r00s00      [16]   77 	ld	(___numTests), hl
                             78 ;	genLeftShift
   0007 3Ar00s00      [13]   79 	ld	a, (_testRot_t1_10000_13+0)
   000A 87            [ 4]   80 	add	a, a
   000B 87            [ 4]   81 	add	a, a
   000C 87            [ 4]   82 	add	a, a
                             83 ; common peephole 9 loaded a from a directly instead of going through c.
                             84 ; common peephole 0a removed redundant load from a into a.
   000D E6 0F         [ 7]   85 	and	a, #0x0f
   000F 4F            [ 4]   86 	ld	c, a
                             87 ;	genRightShift
   0010 3Ar00s00      [13]   88 	ld	a, (_testRot_t1_10000_13+0)
   0013 CB 3F         [ 8]   89 	srl	a
                             90 ;	genOr
   0015 B1            [ 4]   91 	or	a, c
                             92 ;	genMove_o size 1 result type 2 source type 2 a_dead 1 hl_dead 1 de_dead 1 iy_dead 1 f_dead 1
                             93 ;	genCmpEq
   0016 FE 0A         [ 7]   94 	cp	a, #0x0a
                             95 ; common peephole 163 changed absolute to relative conditional jump.
   0018 28 11         [12]   96 	jr	z, 00104$
                             97 ; common peephole 81 removed jp by using inverse jump logic
                             98 ; common peephole 159 removed unused label 00223$.
                             99 ;	skipping generated iCode
                            100 ;	skipping iCode since result will be rematerialized
                            101 ;	skipping iCode since result will be rematerialized
                            102 ;	skipping iCode since result will be rematerialized
                            103 ;	skipping iCode since result will be rematerialized
                            104 ;	skipping iCode since result will be rematerialized
                            105 ;	skipping iCode since result will be rematerialized
                            106 ;	genIpush
                            107 ;	genMove_o size 2 result type 2 source type 1 a_dead 1 hl_dead 1 de_dead 1 iy_dead 1 f_dead 1
   001A 21 29 00      [10]  108 	ld	hl, #0x0029
   001D E5            [11]  109 	push	hl
                            110 ;	genIpush
                            111 ;	genMove_o size 2 result type 2 source type 7 a_dead 1 hl_dead 1 de_dead 1 iy_dead 1 f_dead 1
   001E 21r2Bs02      [10]  112 	ld	hl, #___str_2
   0021 E5            [11]  113 	push	hl
                            114 ;	genSend
                            115 ;	genMove_o size 2 result type 2 source type 7 a_dead 1 hl_dead 1 de_dead 1 iy_dead 1 f_dead 1
   0022 11r0Fs02      [10]  116 	ld	de, #___str_1
                            117 ;	genSend
                            118 ;	genMove_o size 2 result type 2 source type 7 a_dead 1 hl_dead 1 de_dead 0 iy_dead 1 f_dead 1
   0025 21rFEs01      [10]  119 	ld	hl, #___str_0
                            120 ;	genCall
   0028 CDr00s00      [17]  121 	call	___fail
                            122 ;	genLabel
   002B                     123 00104$:
                            124 ;cases/bitintrot/bitintrot_width_4_dist_7_storage_static.c:42: ASSERT (ROL (t2) == ROL (TESTVECT2));
                            125 ;	genPlus
                            126 ;	genMove_o size 2 result type 2 source type 10 a_dead 1 hl_dead 1 de_dead 1 iy_dead 1 f_dead 1
   002B 2Ar00s00      [16]  127 	ld	hl, (___numTests)
   002E 23            [ 6]  128 	inc	hl
                            129 ;	genMove_o size 2 result type 10 source type 2 a_dead 1 hl_dead 1 de_dead 1 iy_dead 1 f_dead 1
   002F 22r00s00      [16]  130 	ld	(___numTests), hl
                            131 ;	genLeftShift
   0032 3Ar01s00      [13]  132 	ld	a, (_testRot_t2_10000_13+0)
   0035 87            [ 4]  133 	add	a, a
   0036 87            [ 4]  134 	add	a, a
   0037 87            [ 4]  135 	add	a, a
                            136 ; common peephole 9 loaded a from a directly instead of going through c.
                            137 ; common peephole 0a removed redundant load from a into a.
   0038 E6 0F         [ 7]  138 	and	a, #0x0f
   003A 4F            [ 4]  139 	ld	c, a
                            140 ;	genRightShift
   003B 3Ar01s00      [13]  141 	ld	a, (_testRot_t2_10000_13+0)
   003E CB 3F         [ 8]  142 	srl	a
                            143 ;	genOr
   0040 B1            [ 4]  144 	or	a, c
                            145 ;	genMove_o size 1 result type 2 source type 2 a_dead 1 hl_dead 1 de_dead 1 iy_dead 1 f_dead 1
                            146 ;	genCmpEq
   0041 FE 0A         [ 7]  147 	cp	a, #0x0a
                            148 ; common peephole 163 changed absolute to relative conditional jump.
   0043 28 11         [12]  149 	jr	z, 00106$
                            150 ; common peephole 81 removed jp by using inverse jump logic
                            151 ; common peephole 159 removed unused label 00224$.
                            152 ;	skipping generated iCode
                            153 ;	skipping iCode since result will be rematerialized
                            154 ;	skipping iCode since result will be rematerialized
                            155 ;	skipping iCode since result will be rematerialized
                            156 ;	skipping iCode since result will be rematerialized
                            157 ;	skipping iCode since result will be rematerialized
                            158 ;	skipping iCode since result will be rematerialized
                            159 ;	genIpush
                            160 ;	genMove_o size 2 result type 2 source type 1 a_dead 1 hl_dead 1 de_dead 1 iy_dead 1 f_dead 1
   0045 21 2A 00      [10]  161 	ld	hl, #0x002a
   0048 E5            [11]  162 	push	hl
                            163 ;	genIpush
                            164 ;	genMove_o size 2 result type 2 source type 7 a_dead 1 hl_dead 1 de_dead 1 iy_dead 1 f_dead 1
   0049 21r2Bs02      [10]  165 	ld	hl, #___str_2
   004C E5            [11]  166 	push	hl
                            167 ;	genSend
                            168 ;	genMove_o size 2 result type 2 source type 7 a_dead 1 hl_dead 1 de_dead 1 iy_dead 1 f_dead 1
   004D 11r65s02      [10]  169 	ld	de, #___str_3
                            170 ;	genSend
                            171 ;	genMove_o size 2 result type 2 source type 7 a_dead 1 hl_dead 1 de_dead 0 iy_dead 1 f_dead 1
   0050 21rFEs01      [10]  172 	ld	hl, #___str_0
                            173 ;	genCall
   0053 CDr00s00      [17]  174 	call	___fail
                            175 ;	genLabel
   0056                     176 00106$:
                            177 ;cases/bitintrot/bitintrot_width_4_dist_7_storage_static.c:43: ASSERT (ROR (t1) == ROR (TESTVECT1));
                            178 ;	genPlus
                            179 ;	genMove_o size 2 result type 2 source type 10 a_dead 1 hl_dead 1 de_dead 1 iy_dead 1 f_dead 1
   0056 2Ar00s00      [16]  180 	ld	hl, (___numTests)
   0059 23            [ 6]  181 	inc	hl
                            182 ;	genMove_o size 2 result type 10 source type 2 a_dead 1 hl_dead 1 de_dead 1 iy_dead 1 f_dead 1
   005A 22r00s00      [16]  183 	ld	(___numTests), hl
                            184 ;	genRightShift
                            185 ; common peephole 53 used direct memory load instead of indirect.
   005D 3Ar00s00      [13]  186 	ld	a, (#_testRot_t1_10000_13 + 0)
   0060 4F            [ 4]  187 	ld	c, a
   0061 CB 39         [ 8]  188 	srl	c
   0063 CB 39         [ 8]  189 	srl	c
   0065 CB 39         [ 8]  190 	srl	c
                            191 ;	genLeftShift
   0067 3Ar00s00      [13]  192 	ld	a, (_testRot_t1_10000_13+0)
   006A 87            [ 4]  193 	add	a, a
   006B E6 0F         [ 7]  194 	and	a, #0x0f
                            195 ;	genOr
   006D B1            [ 4]  196 	or	a, c
                            197 ;	genMove_o size 1 result type 2 source type 2 a_dead 1 hl_dead 1 de_dead 1 iy_dead 1 f_dead 1
                            198 ;	genCmpEq
   006E FE 0A         [ 7]  199 	cp	a, #0x0a
                            200 ; common peephole 163 changed absolute to relative conditional jump.
   0070 28 11         [12]  201 	jr	z, 00108$
                            202 ; common peephole 81 removed jp by using inverse jump logic
                            203 ; common peephole 159 removed unused label 00225$.
                            204 ;	skipping generated iCode
                            205 ;	skipping iCode since result will be rematerialized
                            206 ;	skipping iCode since result will be rematerialized
                            207 ;	skipping iCode since result will be rematerialized
                            208 ;	skipping iCode since result will be rematerialized
                            209 ;	skipping iCode since result will be rematerialized
                            210 ;	skipping iCode since result will be rematerialized
                            211 ;	genIpush
                            212 ;	genMove_o size 2 result type 2 source type 1 a_dead 1 hl_dead 1 de_dead 1 iy_dead 1 f_dead 1
   0072 21 2B 00      [10]  213 	ld	hl, #0x002b
   0075 E5            [11]  214 	push	hl
                            215 ;	genIpush
                            216 ;	genMove_o size 2 result type 2 source type 7 a_dead 1 hl_dead 1 de_dead 1 iy_dead 1 f_dead 1
   0076 21r2Bs02      [10]  217 	ld	hl, #___str_2
   0079 E5            [11]  218 	push	hl
                            219 ;	genSend
                            220 ;	genMove_o size 2 result type 2 source type 7 a_dead 1 hl_dead 1 de_dead 1 iy_dead 1 f_dead 1
   007A 11r81s02      [10]  221 	ld	de, #___str_4
                            222 ;	genSend
                            223 ;	genMove_o size 2 result type 2 source type 7 a_dead 1 hl_dead 1 de_dead 0 iy_dead 1 f_dead 1
   007D 21rFEs01      [10]  224 	ld	hl, #___str_0
                            225 ;	genCall
   0080 CDr00s00      [17]  226 	call	___fail
                            227 ;	genLabel
   0083                     228 00108$:
                            229 ;cases/bitintrot/bitintrot_width_4_dist_7_storage_static.c:44: ASSERT (ROR (t2) == ROR (TESTVECT2));
                            230 ;	genPlus
                            231 ;	genMove_o size 2 result type 2 source type 10 a_dead 1 hl_dead 1 de_dead 1 iy_dead 1 f_dead 1
   0083 2Ar00s00      [16]  232 	ld	hl, (___numTests)
   0086 23            [ 6]  233 	inc	hl
                            234 ;	genMove_o size 2 result type 10 source type 2 a_dead 1 hl_dead 1 de_dead 1 iy_dead 1 f_dead 1
   0087 22r00s00      [16]  235 	ld	(___numTests), hl
                            236 ;	genRightShift
                            237 ; common peephole 53 used direct memory load instead of indirect.
   008A 3Ar01s00      [13]  238 	ld	a, (#_testRot_t2_10000_13 + 0)
   008D 4F            [ 4]  239 	ld	c, a
   008E CB 39         [ 8]  240 	srl	c
   0090 CB 39         [ 8]  241 	srl	c
   0092 CB 39         [ 8]  242 	srl	c
                            243 ;	genLeftShift
   0094 3Ar01s00      [13]  244 	ld	a, (_testRot_t2_10000_13+0)
   0097 87            [ 4]  245 	add	a, a
   0098 E6 0F         [ 7]  246 	and	a, #0x0f
                            247 ;	genOr
   009A B1            [ 4]  248 	or	a, c
                            249 ;	genMove_o size 1 result type 2 source type 2 a_dead 1 hl_dead 1 de_dead 1 iy_dead 1 f_dead 1
                            250 ;	genCmpEq
   009B FE 0A         [ 7]  251 	cp	a, #0x0a
                            252 ; common peephole 163 changed absolute to relative conditional jump.
   009D 28 11         [12]  253 	jr	z, 00110$
                            254 ; common peephole 81 removed jp by using inverse jump logic
                            255 ; common peephole 159 removed unused label 00226$.
                            256 ;	skipping generated iCode
                            257 ;	skipping iCode since result will be rematerialized
                            258 ;	skipping iCode since result will be rematerialized
                            259 ;	skipping iCode since result will be rematerialized
                            260 ;	skipping iCode since result will be rematerialized
                            261 ;	skipping iCode since result will be rematerialized
                            262 ;	skipping iCode since result will be rematerialized
                            263 ;	genIpush
                            264 ;	genMove_o size 2 result type 2 source type 1 a_dead 1 hl_dead 1 de_dead 1 iy_dead 1 f_dead 1
   009F 21 2C 00      [10]  265 	ld	hl, #0x002c
   00A2 E5            [11]  266 	push	hl
                            267 ;	genIpush
                            268 ;	genMove_o size 2 result type 2 source type 7 a_dead 1 hl_dead 1 de_dead 1 iy_dead 1 f_dead 1
   00A3 21r2Bs02      [10]  269 	ld	hl, #___str_2
   00A6 E5            [11]  270 	push	hl
                            271 ;	genSend
                            272 ;	genMove_o size 2 result type 2 source type 7 a_dead 1 hl_dead 1 de_dead 1 iy_dead 1 f_dead 1
   00A7 11r9Ds02      [10]  273 	ld	de, #___str_5
                            274 ;	genSend
                            275 ;	genMove_o size 2 result type 2 source type 7 a_dead 1 hl_dead 1 de_dead 0 iy_dead 1 f_dead 1
   00AA 21rFEs01      [10]  276 	ld	hl, #___str_0
                            277 ;	genCall
   00AD CDr00s00      [17]  278 	call	___fail
                            279 ;	genLabel
   00B0                     280 00110$:
                            281 ;cases/bitintrot/bitintrot_width_4_dist_7_storage_static.c:45: ASSERT (NROL (t1) == NROL (TESTVECT1));
                            282 ;	genPlus
                            283 ;	genMove_o size 2 result type 2 source type 10 a_dead 1 hl_dead 1 de_dead 1 iy_dead 1 f_dead 1
   00B0 2Ar00s00      [16]  284 	ld	hl, (___numTests)
   00B3 23            [ 6]  285 	inc	hl
                            286 ;	genMove_o size 2 result type 10 source type 2 a_dead 1 hl_dead 1 de_dead 1 iy_dead 1 f_dead 1
   00B4 22r00s00      [16]  287 	ld	(___numTests), hl
                            288 ;	genRightShift
   00B7 3Ar00s00      [13]  289 	ld	a, (_testRot_t1_10000_13+0)
   00BA CB 3F         [ 8]  290 	srl	a
                            291 ;	genCmpEq
   00BC FE 02         [ 7]  292 	cp	a, #0x02
                            293 ; common peephole 163 changed absolute to relative conditional jump.
   00BE 28 11         [12]  294 	jr	z, 00112$
                            295 ; common peephole 81 removed jp by using inverse jump logic
                            296 ; common peephole 159 removed unused label 00227$.
                            297 ;	skipping generated iCode
                            298 ;	skipping iCode since result will be rematerialized
                            299 ;	skipping iCode since result will be rematerialized
                            300 ;	skipping iCode since result will be rematerialized
                            301 ;	skipping iCode since result will be rematerialized
                            302 ;	skipping iCode since result will be rematerialized
                            303 ;	skipping iCode since result will be rematerialized
                            304 ;	genIpush
                            305 ;	genMove_o size 2 result type 2 source type 1 a_dead 1 hl_dead 1 de_dead 1 iy_dead 1 f_dead 1
   00C0 21 2D 00      [10]  306 	ld	hl, #0x002d
   00C3 E5            [11]  307 	push	hl
                            308 ;	genIpush
                            309 ;	genMove_o size 2 result type 2 source type 7 a_dead 1 hl_dead 1 de_dead 1 iy_dead 1 f_dead 1
   00C4 21r2Bs02      [10]  310 	ld	hl, #___str_2
   00C7 E5            [11]  311 	push	hl
                            312 ;	genSend
                            313 ;	genMove_o size 2 result type 2 source type 7 a_dead 1 hl_dead 1 de_dead 1 iy_dead 1 f_dead 1
   00C8 11rB9s02      [10]  314 	ld	de, #___str_6
                            315 ;	genSend
                            316 ;	genMove_o size 2 result type 2 source type 7 a_dead 1 hl_dead 1 de_dead 0 iy_dead 1 f_dead 1
   00CB 21rFEs01      [10]  317 	ld	hl, #___str_0
                            318 ;	genCall
   00CE CDr00s00      [17]  319 	call	___fail
                            320 ;	genLabel
   00D1                     321 00112$:
                            322 ;cases/bitintrot/bitintrot_width_4_dist_7_storage_static.c:46: ASSERT (NROL (t2) == NROL (TESTVECT2));
                            323 ;	genPlus
                            324 ;	genMove_o size 2 result type 2 source type 10 a_dead 1 hl_dead 1 de_dead 1 iy_dead 1 f_dead 1
   00D1 2Ar00s00      [16]  325 	ld	hl, (___numTests)
   00D4 23            [ 6]  326 	inc	hl
                            327 ;	genMove_o size 2 result type 10 source type 2 a_dead 1 hl_dead 1 de_dead 1 iy_dead 1 f_dead 1
   00D5 22r00s00      [16]  328 	ld	(___numTests), hl
                            329 ;	genRightShift
   00D8 3Ar01s00      [13]  330 	ld	a, (_testRot_t2_10000_13+0)
   00DB CB 3F         [ 8]  331 	srl	a
                            332 ;	genCmpEq
   00DD FE 02         [ 7]  333 	cp	a, #0x02
                            334 ; common peephole 163 changed absolute to relative conditional jump.
   00DF 28 11         [12]  335 	jr	z, 00114$
                            336 ; common peephole 81 removed jp by using inverse jump logic
                            337 ; common peephole 159 removed unused label 00228$.
                            338 ;	skipping generated iCode
                            339 ;	skipping iCode since result will be rematerialized
                            340 ;	skipping iCode since result will be rematerialized
                            341 ;	skipping iCode since result will be rematerialized
                            342 ;	skipping iCode since result will be rematerialized
                            343 ;	skipping iCode since result will be rematerialized
                            344 ;	skipping iCode since result will be rematerialized
                            345 ;	genIpush
                            346 ;	genMove_o size 2 result type 2 source type 1 a_dead 1 hl_dead 1 de_dead 1 iy_dead 1 f_dead 1
   00E1 21 2E 00      [10]  347 	ld	hl, #0x002e
   00E4 E5            [11]  348 	push	hl
                            349 ;	genIpush
                            350 ;	genMove_o size 2 result type 2 source type 7 a_dead 1 hl_dead 1 de_dead 1 iy_dead 1 f_dead 1
   00E5 21r2Bs02      [10]  351 	ld	hl, #___str_2
   00E8 E5            [11]  352 	push	hl
                            353 ;	genSend
                            354 ;	genMove_o size 2 result type 2 source type 7 a_dead 1 hl_dead 1 de_dead 1 iy_dead 1 f_dead 1
   00E9 11rD7s02      [10]  355 	ld	de, #___str_7
                            356 ;	genSend
                            357 ;	genMove_o size 2 result type 2 source type 7 a_dead 1 hl_dead 1 de_dead 0 iy_dead 1 f_dead 1
   00EC 21rFEs01      [10]  358 	ld	hl, #___str_0
                            359 ;	genCall
   00EF CDr00s00      [17]  360 	call	___fail
                            361 ;	genLabel
   00F2                     362 00114$:
                            363 ;cases/bitintrot/bitintrot_width_4_dist_7_storage_static.c:47: ASSERT (NROL2 (t1) == NROL2 (TESTVECT1));
                            364 ;	genPlus
                            365 ;	genMove_o size 2 result type 2 source type 10 a_dead 1 hl_dead 1 de_dead 1 iy_dead 1 f_dead 1
   00F2 2Ar00s00      [16]  366 	ld	hl, (___numTests)
   00F5 23            [ 6]  367 	inc	hl
                            368 ;	genMove_o size 2 result type 10 source type 2 a_dead 1 hl_dead 1 de_dead 1 iy_dead 1 f_dead 1
   00F6 22r00s00      [16]  369 	ld	(___numTests), hl
                            370 ;	genLeftShift
   00F9 3Ar00s00      [13]  371 	ld	a, (_testRot_t1_10000_13+0)
   00FC 87            [ 4]  372 	add	a, a
   00FD E6 0F         [ 7]  373 	and	a, #0x0f
                            374 ;	genCmpEq
   00FF FE 0A         [ 7]  375 	cp	a, #0x0a
                            376 ; common peephole 163 changed absolute to relative conditional jump.
   0101 28 11         [12]  377 	jr	z, 00116$
                            378 ; common peephole 81 removed jp by using inverse jump logic
                            379 ; common peephole 159 removed unused label 00229$.
                            380 ;	skipping generated iCode
                            381 ;	skipping iCode since result will be rematerialized
                            382 ;	skipping iCode since result will be rematerialized
                            383 ;	skipping iCode since result will be rematerialized
                            384 ;	skipping iCode since result will be rematerialized
                            385 ;	skipping iCode since result will be rematerialized
                            386 ;	skipping iCode since result will be rematerialized
                            387 ;	genIpush
                            388 ;	genMove_o size 2 result type 2 source type 1 a_dead 1 hl_dead 1 de_dead 1 iy_dead 1 f_dead 1
   0103 21 2F 00      [10]  389 	ld	hl, #0x002f
   0106 E5            [11]  390 	push	hl
                            391 ;	genIpush
                            392 ;	genMove_o size 2 result type 2 source type 7 a_dead 1 hl_dead 1 de_dead 1 iy_dead 1 f_dead 1
   0107 21r2Bs02      [10]  393 	ld	hl, #___str_2
   010A E5            [11]  394 	push	hl
                            395 ;	genSend
                            396 ;	genMove_o size 2 result type 2 source type 7 a_dead 1 hl_dead 1 de_dead 1 iy_dead 1 f_dead 1
   010B 11rF5s02      [10]  397 	ld	de, #___str_8
                            398 ;	genSend
                            399 ;	genMove_o size 2 result type 2 source type 7 a_dead 1 hl_dead 1 de_dead 0 iy_dead 1 f_dead 1
   010E 21rFEs01      [10]  400 	ld	hl, #___str_0
                            401 ;	genCall
   0111 CDr00s00      [17]  402 	call	___fail
                            403 ;	genLabel
   0114                     404 00116$:
                            405 ;cases/bitintrot/bitintrot_width_4_dist_7_storage_static.c:48: ASSERT (NROL2 (t2) == NROL2 (TESTVECT2));
                            406 ;	genPlus
                            407 ;	genMove_o size 2 result type 2 source type 10 a_dead 1 hl_dead 1 de_dead 1 iy_dead 1 f_dead 1
   0114 2Ar00s00      [16]  408 	ld	hl, (___numTests)
   0117 23            [ 6]  409 	inc	hl
                            410 ;	genMove_o size 2 result type 10 source type 2 a_dead 1 hl_dead 1 de_dead 1 iy_dead 1 f_dead 1
   0118 22r00s00      [16]  411 	ld	(___numTests), hl
                            412 ;	genLeftShift
   011B 3Ar01s00      [13]  413 	ld	a, (_testRot_t2_10000_13+0)
   011E 87            [ 4]  414 	add	a, a
   011F E6 0F         [ 7]  415 	and	a, #0x0f
                            416 ;	genCmpEq
   0121 FE 0A         [ 7]  417 	cp	a, #0x0a
                            418 ; common peephole 163 changed absolute to relative conditional jump.
   0123 28 11         [12]  419 	jr	z, 00118$
                            420 ; common peephole 81 removed jp by using inverse jump logic
                            421 ; common peephole 159 removed unused label 00230$.
                            422 ;	skipping generated iCode
                            423 ;	skipping iCode since result will be rematerialized
                            424 ;	skipping iCode since result will be rematerialized
                            425 ;	skipping iCode since result will be rematerialized
                            426 ;	skipping iCode since result will be rematerialized
                            427 ;	skipping iCode since result will be rematerialized
                            428 ;	skipping iCode since result will be rematerialized
                            429 ;	genIpush
                            430 ;	genMove_o size 2 result type 2 source type 1 a_dead 1 hl_dead 1 de_dead 1 iy_dead 1 f_dead 1
   0125 21 30 00      [10]  431 	ld	hl, #0x0030
   0128 E5            [11]  432 	push	hl
                            433 ;	genIpush
                            434 ;	genMove_o size 2 result type 2 source type 7 a_dead 1 hl_dead 1 de_dead 1 iy_dead 1 f_dead 1
   0129 21r2Bs02      [10]  435 	ld	hl, #___str_2
   012C E5            [11]  436 	push	hl
                            437 ;	genSend
                            438 ;	genMove_o size 2 result type 2 source type 7 a_dead 1 hl_dead 1 de_dead 1 iy_dead 1 f_dead 1
   012D 11r15s03      [10]  439 	ld	de, #___str_9
                            440 ;	genSend
                            441 ;	genMove_o size 2 result type 2 source type 7 a_dead 1 hl_dead 1 de_dead 0 iy_dead 1 f_dead 1
   0130 21rFEs01      [10]  442 	ld	hl, #___str_0
                            443 ;	genCall
   0133 CDr00s00      [17]  444 	call	___fail
                            445 ;	genLabel
   0136                     446 00118$:
                            447 ;cases/bitintrot/bitintrot_width_4_dist_7_storage_static.c:50: t1 = ROL(t1);
                            448 ;	genLeftShift
   0136 3Ar00s00      [13]  449 	ld	a, (_testRot_t1_10000_13+0)
   0139 87            [ 4]  450 	add	a, a
   013A 87            [ 4]  451 	add	a, a
   013B 87            [ 4]  452 	add	a, a
                            453 ; common peephole 9 loaded a from a directly instead of going through c.
                            454 ; common peephole 0a removed redundant load from a into a.
   013C E6 0F         [ 7]  455 	and	a, #0x0f
   013E 4F            [ 4]  456 	ld	c, a
                            457 ;	genRightShift
   013F 3Ar00s00      [13]  458 	ld	a, (_testRot_t1_10000_13+0)
   0142 CB 3F         [ 8]  459 	srl	a
                            460 ;	genOr
   0144 B1            [ 4]  461 	or	a, c
                            462 ;	genMove_o size 1 result type 11 source type 2 a_dead 1 hl_dead 1 de_dead 1 iy_dead 1 f_dead 1
   0145 32r00s00      [13]  463 	ld	(#_testRot_t1_10000_13), a
                            464 ; common peephole 19 loaded (#_testRot_t1_10000_13) from a directly instead of using hl.
                            465 ;cases/bitintrot/bitintrot_width_4_dist_7_storage_static.c:51: t2 = ROL(t2);
                            466 ;	genLeftShift
   0148 3Ar01s00      [13]  467 	ld	a, (_testRot_t2_10000_13+0)
   014B 87            [ 4]  468 	add	a, a
   014C 87            [ 4]  469 	add	a, a
   014D 87            [ 4]  470 	add	a, a
                            471 ; common peephole 9 loaded a from a directly instead of going through c.
                            472 ; common peephole 0a removed redundant load from a into a.
   014E E6 0F         [ 7]  473 	and	a, #0x0f
   0150 4F            [ 4]  474 	ld	c, a
                            475 ;	genRightShift
   0151 3Ar01s00      [13]  476 	ld	a, (_testRot_t2_10000_13+0)
   0154 CB 3F         [ 8]  477 	srl	a
                            478 ;	genOr
   0156 B1            [ 4]  479 	or	a, c
                            480 ;	genMove_o size 1 result type 11 source type 2 a_dead 1 hl_dead 1 de_dead 1 iy_dead 1 f_dead 1
   0157 32r01s00      [13]  481 	ld	(#_testRot_t2_10000_13), a
                            482 ; common peephole 19 loaded (#_testRot_t2_10000_13) from a directly instead of using hl.
                            483 ;cases/bitintrot/bitintrot_width_4_dist_7_storage_static.c:52: ASSERT (t1 == ROL (TESTVECT1));
                            484 ;	genPlus
                            485 ;	genMove_o size 2 result type 2 source type 10 a_dead 1 hl_dead 1 de_dead 1 iy_dead 1 f_dead 1
   015A 2Ar00s00      [16]  486 	ld	hl, (___numTests)
   015D 23            [ 6]  487 	inc	hl
                            488 ;	genMove_o size 2 result type 10 source type 2 a_dead 1 hl_dead 1 de_dead 1 iy_dead 1 f_dead 1
   015E 22r00s00      [16]  489 	ld	(___numTests), hl
                            490 ;	genCmpEq
                            491 ;	genMove_o size 1 result type 2 source type 10 a_dead 1 hl_dead 1 de_dead 0 iy_dead 0 f_dead 1
   0161 3Ar00s00      [13]  492 	ld	a, (_testRot_t1_10000_13)
   0164 D6 0A         [ 7]  493 	sub	a, #0x0a
                            494 ; common peephole 163 changed absolute to relative conditional jump.
   0166 28 11         [12]  495 	jr	z, 00120$
                            496 ; common peephole 81 removed jp by using inverse jump logic
                            497 ; common peephole 159 removed unused label 00231$.
                            498 ;	skipping generated iCode
                            499 ;	skipping iCode since result will be rematerialized
                            500 ;	skipping iCode since result will be rematerialized
                            501 ;	skipping iCode since result will be rematerialized
                            502 ;	skipping iCode since result will be rematerialized
                            503 ;	skipping iCode since result will be rematerialized
                            504 ;	skipping iCode since result will be rematerialized
                            505 ;	genIpush
                            506 ;	genMove_o size 2 result type 2 source type 1 a_dead 1 hl_dead 1 de_dead 1 iy_dead 1 f_dead 1
   0168 21 34 00      [10]  507 	ld	hl, #0x0034
   016B E5            [11]  508 	push	hl
                            509 ;	genIpush
                            510 ;	genMove_o size 2 result type 2 source type 7 a_dead 1 hl_dead 1 de_dead 1 iy_dead 1 f_dead 1
   016C 21r2Bs02      [10]  511 	ld	hl, #___str_2
   016F E5            [11]  512 	push	hl
                            513 ;	genSend
                            514 ;	genMove_o size 2 result type 2 source type 7 a_dead 1 hl_dead 1 de_dead 1 iy_dead 1 f_dead 1
   0170 11r35s03      [10]  515 	ld	de, #___str_10
                            516 ;	genSend
                            517 ;	genMove_o size 2 result type 2 source type 7 a_dead 1 hl_dead 1 de_dead 0 iy_dead 1 f_dead 1
   0173 21rFEs01      [10]  518 	ld	hl, #___str_0
                            519 ;	genCall
   0176 CDr00s00      [17]  520 	call	___fail
                            521 ;	genLabel
   0179                     522 00120$:
                            523 ;cases/bitintrot/bitintrot_width_4_dist_7_storage_static.c:53: ASSERT (t2 == ROL (TESTVECT2));
                            524 ;	genPlus
                            525 ;	genMove_o size 2 result type 2 source type 10 a_dead 1 hl_dead 1 de_dead 1 iy_dead 1 f_dead 1
   0179 2Ar00s00      [16]  526 	ld	hl, (___numTests)
   017C 23            [ 6]  527 	inc	hl
                            528 ;	genMove_o size 2 result type 10 source type 2 a_dead 1 hl_dead 1 de_dead 1 iy_dead 1 f_dead 1
   017D 22r00s00      [16]  529 	ld	(___numTests), hl
                            530 ;	genCmpEq
                            531 ;	genMove_o size 1 result type 2 source type 10 a_dead 1 hl_dead 1 de_dead 0 iy_dead 0 f_dead 1
   0180 3Ar01s00      [13]  532 	ld	a, (_testRot_t2_10000_13)
   0183 D6 0A         [ 7]  533 	sub	a, #0x0a
                            534 ; common peephole 163 changed absolute to relative conditional jump.
   0185 28 11         [12]  535 	jr	z, 00122$
                            536 ; common peephole 81 removed jp by using inverse jump logic
                            537 ; common peephole 159 removed unused label 00232$.
                            538 ;	skipping generated iCode
                            539 ;	skipping iCode since result will be rematerialized
                            540 ;	skipping iCode since result will be rematerialized
                            541 ;	skipping iCode since result will be rematerialized
                            542 ;	skipping iCode since result will be rematerialized
                            543 ;	skipping iCode since result will be rematerialized
                            544 ;	skipping iCode since result will be rematerialized
                            545 ;	genIpush
                            546 ;	genMove_o size 2 result type 2 source type 1 a_dead 1 hl_dead 1 de_dead 1 iy_dead 1 f_dead 1
   0187 21 35 00      [10]  547 	ld	hl, #0x0035
   018A E5            [11]  548 	push	hl
                            549 ;	genIpush
                            550 ;	genMove_o size 2 result type 2 source type 7 a_dead 1 hl_dead 1 de_dead 1 iy_dead 1 f_dead 1
   018B 21r2Bs02      [10]  551 	ld	hl, #___str_2
   018E E5            [11]  552 	push	hl
                            553 ;	genSend
                            554 ;	genMove_o size 2 result type 2 source type 7 a_dead 1 hl_dead 1 de_dead 1 iy_dead 1 f_dead 1
   018F 11r4Bs03      [10]  555 	ld	de, #___str_11
                            556 ;	genSend
                            557 ;	genMove_o size 2 result type 2 source type 7 a_dead 1 hl_dead 1 de_dead 0 iy_dead 1 f_dead 1
   0192 21rFEs01      [10]  558 	ld	hl, #___str_0
                            559 ;	genCall
   0195 CDr00s00      [17]  560 	call	___fail
                            561 ;	genLabel
   0198                     562 00122$:
                            563 ;cases/bitintrot/bitintrot_width_4_dist_7_storage_static.c:55: t1 = ROR(t1);
                            564 ;	genRightShift
                            565 ; common peephole 53 used direct memory load instead of indirect.
   0198 3Ar00s00      [13]  566 	ld	a, (#_testRot_t1_10000_13 + 0)
   019B 4F            [ 4]  567 	ld	c, a
   019C CB 39         [ 8]  568 	srl	c
   019E CB 39         [ 8]  569 	srl	c
   01A0 CB 39         [ 8]  570 	srl	c
                            571 ;	genLeftShift
   01A2 3Ar00s00      [13]  572 	ld	a, (_testRot_t1_10000_13+0)
   01A5 87            [ 4]  573 	add	a, a
   01A6 E6 0F         [ 7]  574 	and	a, #0x0f
                            575 ;	genOr
   01A8 B1            [ 4]  576 	or	a, c
                            577 ;	genMove_o size 1 result type 11 source type 2 a_dead 1 hl_dead 1 de_dead 1 iy_dead 1 f_dead 1
   01A9 32r00s00      [13]  578 	ld	(#_testRot_t1_10000_13), a
                            579 ; common peephole 19 loaded (#_testRot_t1_10000_13) from a directly instead of using hl.
                            580 ;cases/bitintrot/bitintrot_width_4_dist_7_storage_static.c:56: t2 = ROR(t2);
                            581 ;	genRightShift
                            582 ; common peephole 53 used direct memory load instead of indirect.
   01AC 3Ar01s00      [13]  583 	ld	a, (#_testRot_t2_10000_13 + 0)
   01AF 4F            [ 4]  584 	ld	c, a
   01B0 CB 39         [ 8]  585 	srl	c
   01B2 CB 39         [ 8]  586 	srl	c
   01B4 CB 39         [ 8]  587 	srl	c
                            588 ;	genLeftShift
   01B6 3Ar01s00      [13]  589 	ld	a, (_testRot_t2_10000_13+0)
   01B9 87            [ 4]  590 	add	a, a
   01BA E6 0F         [ 7]  591 	and	a, #0x0f
                            592 ;	genOr
   01BC B1            [ 4]  593 	or	a, c
                            594 ;	genMove_o size 1 result type 11 source type 2 a_dead 1 hl_dead 1 de_dead 1 iy_dead 1 f_dead 1
   01BD 32r01s00      [13]  595 	ld	(#_testRot_t2_10000_13), a
                            596 ; common peephole 19 loaded (#_testRot_t2_10000_13) from a directly instead of using hl.
                            597 ;cases/bitintrot/bitintrot_width_4_dist_7_storage_static.c:57: ASSERT (t1 == TESTVECT1);
                            598 ;	genPlus
                            599 ;	genMove_o size 2 result type 2 source type 10 a_dead 1 hl_dead 1 de_dead 1 iy_dead 1 f_dead 1
   01C0 2Ar00s00      [16]  600 	ld	hl, (___numTests)
   01C3 23            [ 6]  601 	inc	hl
                            602 ;	genMove_o size 2 result type 10 source type 2 a_dead 1 hl_dead 1 de_dead 1 iy_dead 1 f_dead 1
   01C4 22r00s00      [16]  603 	ld	(___numTests), hl
                            604 ;	genCmpEq
                            605 ;	genMove_o size 1 result type 2 source type 10 a_dead 1 hl_dead 1 de_dead 0 iy_dead 0 f_dead 1
   01C7 3Ar00s00      [13]  606 	ld	a, (_testRot_t1_10000_13)
   01CA D6 05         [ 7]  607 	sub	a, #0x05
                            608 ; common peephole 163 changed absolute to relative conditional jump.
   01CC 28 11         [12]  609 	jr	z, 00124$
                            610 ; common peephole 81 removed jp by using inverse jump logic
                            611 ; common peephole 159 removed unused label 00233$.
                            612 ;	skipping generated iCode
                            613 ;	skipping iCode since result will be rematerialized
                            614 ;	skipping iCode since result will be rematerialized
                            615 ;	skipping iCode since result will be rematerialized
                            616 ;	skipping iCode since result will be rematerialized
                            617 ;	skipping iCode since result will be rematerialized
                            618 ;	skipping iCode since result will be rematerialized
                            619 ;	genIpush
                            620 ;	genMove_o size 2 result type 2 source type 1 a_dead 1 hl_dead 1 de_dead 1 iy_dead 1 f_dead 1
   01CE 21 39 00      [10]  621 	ld	hl, #0x0039
   01D1 E5            [11]  622 	push	hl
                            623 ;	genIpush
                            624 ;	genMove_o size 2 result type 2 source type 7 a_dead 1 hl_dead 1 de_dead 1 iy_dead 1 f_dead 1
   01D2 21r2Bs02      [10]  625 	ld	hl, #___str_2
   01D5 E5            [11]  626 	push	hl
                            627 ;	genSend
                            628 ;	genMove_o size 2 result type 2 source type 7 a_dead 1 hl_dead 1 de_dead 1 iy_dead 1 f_dead 1
   01D6 11r61s03      [10]  629 	ld	de, #___str_12
                            630 ;	genSend
                            631 ;	genMove_o size 2 result type 2 source type 7 a_dead 1 hl_dead 1 de_dead 0 iy_dead 1 f_dead 1
   01D9 21rFEs01      [10]  632 	ld	hl, #___str_0
                            633 ;	genCall
   01DC CDr00s00      [17]  634 	call	___fail
                            635 ;	genLabel
   01DF                     636 00124$:
                            637 ;cases/bitintrot/bitintrot_width_4_dist_7_storage_static.c:58: ASSERT (t2 == TESTVECT2);
                            638 ;	genPlus
                            639 ;	genMove_o size 2 result type 2 source type 10 a_dead 1 hl_dead 1 de_dead 1 iy_dead 1 f_dead 1
   01DF 2Ar00s00      [16]  640 	ld	hl, (___numTests)
   01E2 23            [ 6]  641 	inc	hl
                            642 ;	genMove_o size 2 result type 10 source type 2 a_dead 1 hl_dead 1 de_dead 1 iy_dead 1 f_dead 1
   01E3 22r00s00      [16]  643 	ld	(___numTests), hl
                            644 ;	genCmpEq
                            645 ;	genMove_o size 1 result type 2 source type 10 a_dead 1 hl_dead 1 de_dead 0 iy_dead 0 f_dead 1
   01E6 3Ar01s00      [13]  646 	ld	a, (_testRot_t2_10000_13)
   01E9 D6 05         [ 7]  647 	sub	a, #0x05
   01EB C8            [11]  648 	ret	z
                            649 ; common peephole 161 replaced jump by return.
                            650 ; common peephole 81 removed jp by using inverse jump logic
                            651 ; common peephole 159 removed unused label 00234$.
                            652 ;	skipping generated iCode
                            653 ;	skipping iCode since result will be rematerialized
                            654 ;	skipping iCode since result will be rematerialized
                            655 ;	skipping iCode since result will be rematerialized
                            656 ;	skipping iCode since result will be rematerialized
                            657 ;	skipping iCode since result will be rematerialized
                            658 ;	skipping iCode since result will be rematerialized
                            659 ;	genIpush
                            660 ;	genMove_o size 2 result type 2 source type 1 a_dead 1 hl_dead 1 de_dead 1 iy_dead 1 f_dead 1
   01EC 21 3A 00      [10]  661 	ld	hl, #0x003a
   01EF E5            [11]  662 	push	hl
                            663 ;	genIpush
                            664 ;	genMove_o size 2 result type 2 source type 7 a_dead 1 hl_dead 1 de_dead 1 iy_dead 1 f_dead 1
   01F0 21r2Bs02      [10]  665 	ld	hl, #___str_2
   01F3 E5            [11]  666 	push	hl
                            667 ;	genSend
                            668 ;	genMove_o size 2 result type 2 source type 7 a_dead 1 hl_dead 1 de_dead 1 iy_dead 1 f_dead 1
   01F4 11r71s03      [10]  669 	ld	de, #___str_13
                            670 ;	genSend
                            671 ;	genMove_o size 2 result type 2 source type 7 a_dead 1 hl_dead 1 de_dead 0 iy_dead 1 f_dead 1
   01F7 21rFEs01      [10]  672 	ld	hl, #___str_0
                            673 ;	genCall
   01FA CDr00s00      [17]  674 	call	___fail
                            675 ;	genLabel
                            676 ; common peephole 159 removed unused label 00101$.
                            677 ;cases/bitintrot/bitintrot_width_4_dist_7_storage_static.c:60: }
                            678 ;	genEndFunction
   01FD C9            [10]  679 	ret
                            680 ;	Total testRot function size at codegen: 1 bytes.
   01FE                     681 ___str_0:
   01FE 41 73 73 65 72 74   682 	.ascii "Assertion failed"
        69 6F 6E 20 66 61
        69 6C 65 64
   020E 00                  683 	.db 0x00
   020F                     684 ___str_1:
   020F 52 4F 4C 20 28 74   685 	.ascii "ROL (t1) == ROL (TESTVECT1)"
        31 29 20 3D 3D 20
        52 4F 4C 20 28 54
        45 53 54 56 45 43
        54 31 29
   022A 00                  686 	.db 0x00
   022B                     687 ___str_2:
   022B 63 61 73 65 73 2F   688 	.ascii "cases/bitintrot/bitintrot_width_4_dist_7_storage_static.c"
        62 69 74 69 6E 74
        72 6F 74 2F 62 69
        74 69 6E 74 72 6F
        74 5F 77 69 64 74
        68 5F 34 5F 64 69
        73 74 5F 37 5F 73
        74 6F 72 61 67 65
        5F 73 74 61 74 69
        63 2E 63
   0264 00                  689 	.db 0x00
   0265                     690 ___str_3:
   0265 52 4F 4C 20 28 74   691 	.ascii "ROL (t2) == ROL (TESTVECT2)"
        32 29 20 3D 3D 20
        52 4F 4C 20 28 54
        45 53 54 56 45 43
        54 32 29
   0280 00                  692 	.db 0x00
   0281                     693 ___str_4:
   0281 52 4F 52 20 28 74   694 	.ascii "ROR (t1) == ROR (TESTVECT1)"
        31 29 20 3D 3D 20
        52 4F 52 20 28 54
        45 53 54 56 45 43
        54 31 29
   029C 00                  695 	.db 0x00
   029D                     696 ___str_5:
   029D 52 4F 52 20 28 74   697 	.ascii "ROR (t2) == ROR (TESTVECT2)"
        32 29 20 3D 3D 20
        52 4F 52 20 28 54
        45 53 54 56 45 43
        54 32 29
   02B8 00                  698 	.db 0x00
   02B9                     699 ___str_6:
   02B9 4E 52 4F 4C 20 28   700 	.ascii "NROL (t1) == NROL (TESTVECT1)"
        74 31 29 20 3D 3D
        20 4E 52 4F 4C 20
        28 54 45 53 54 56
        45 43 54 31 29
   02D6 00                  701 	.db 0x00
   02D7                     702 ___str_7:
   02D7 4E 52 4F 4C 20 28   703 	.ascii "NROL (t2) == NROL (TESTVECT2)"
        74 32 29 20 3D 3D
        20 4E 52 4F 4C 20
        28 54 45 53 54 56
        45 43 54 32 29
   02F4 00                  704 	.db 0x00
   02F5                     705 ___str_8:
   02F5 4E 52 4F 4C 32 20   706 	.ascii "NROL2 (t1) == NROL2 (TESTVECT1)"
        28 74 31 29 20 3D
        3D 20 4E 52 4F 4C
        32 20 28 54 45 53
        54 56 45 43 54 31
        29
   0314 00                  707 	.db 0x00
   0315                     708 ___str_9:
   0315 4E 52 4F 4C 32 20   709 	.ascii "NROL2 (t2) == NROL2 (TESTVECT2)"
        28 74 32 29 20 3D
        3D 20 4E 52 4F 4C
        32 20 28 54 45 53
        54 56 45 43 54 32
        29
   0334 00                  710 	.db 0x00
   0335                     711 ___str_10:
   0335 74 31 20 3D 3D 20   712 	.ascii "t1 == ROL (TESTVECT1)"
        52 4F 4C 20 28 54
        45 53 54 56 45 43
        54 31 29
   034A 00                  713 	.db 0x00
   034B                     714 ___str_11:
   034B 74 32 20 3D 3D 20   715 	.ascii "t2 == ROL (TESTVECT2)"
        52 4F 4C 20 28 54
        45 53 54 56 45 43
        54 32 29
   0360 00                  716 	.db 0x00
   0361                     717 ___str_12:
   0361 74 31 20 3D 3D 20   718 	.ascii "t1 == TESTVECT1"
        54 45 53 54 56 45
        43 54 31
   0370 00                  719 	.db 0x00
   0371                     720 ___str_13:
   0371 74 32 20 3D 3D 20   721 	.ascii "t2 == TESTVECT2"
        54 45 53 54 56 45
        43 54 32
   0380 00                  722 	.db 0x00
                            723 ;cases/bitintrot/bitintrot_width_4_dist_7_storage_static.c:64: __runSuite(void)
                            724 ;	genLabel
                            725 ;	genFunction
                            726 ;	---------------------------------
                            727 ; Function __runSuite
                            728 ; ---------------------------------
                            729 ;	Register assignment is optimal.
                            730 ; Stack space usage: 0 bytes.
   0381                     731 ___runSuite::
                            732 ;cases/bitintrot/bitintrot_width_4_dist_7_storage_static.c:66: __prints("Running testRot\n");
                            733 ;	skipping iCode since result will be rematerialized
                            734 ;	skipping iCode since result will be rematerialized
                            735 ;	genSend
                            736 ;	genMove_o size 2 result type 2 source type 7 a_dead 1 hl_dead 1 de_dead 1 iy_dead 1 f_dead 1
   0381 21r8As03      [10]  737 	ld	hl, #___str_14
                            738 ;	genCall
   0384 CDr00s00      [17]  739 	call	___prints
                            740 ;cases/bitintrot/bitintrot_width_4_dist_7_storage_static.c:67: testRot();
                            741 ;	genCall
                            742 ;	genLabel
                            743 ; common peephole 159 removed unused label 00101$.
                            744 ;cases/bitintrot/bitintrot_width_4_dist_7_storage_static.c:68: }
                            745 ;	genEndFunction
   0387 C3r00s00      [10]  746 	jp	_testRot
                            747 ; common peephole 152 removed unused ret.
                            748 ;	Total __runSuite function size at codegen: 1 bytes.
   038A                     749 ___str_14:
   038A 52 75 6E 6E 69 6E   750 	.ascii "Running testRot"
        67 20 74 65 73 74
        52 6F 74
   0399 0A                  751 	.db 0x0a
   039A 00                  752 	.db 0x00
                            753 ;cases/bitintrot/bitintrot_width_4_dist_7_storage_static.c:73: __getSuiteName(void)
                            754 ;	genLabel
                            755 ;	genFunction
                            756 ;	---------------------------------
                            757 ; Function __getSuiteName
                            758 ; ---------------------------------
                            759 ;	Register assignment is optimal.
                            760 ; Stack space usage: 0 bytes.
   039B                     761 ___getSuiteName::
                            762 ;cases/bitintrot/bitintrot_width_4_dist_7_storage_static.c:75: return "bitintrot_width_4_dist_7_storage_static";
                            763 ;	skipping iCode since result will be rematerialized
                            764 ;	skipping iCode since result will be rematerialized
                            765 ;	genRet
                            766 ;	genMove_o size 2 result type 2 source type 7 a_dead 1 hl_dead 1 de_dead 1 iy_dead 1 f_dead 1
   039B 11rA1s03      [10]  767 	ld	de, #___str_15
                            768 ;	genLabel
                            769 ; common peephole 159 removed unused label 00101$.
                            770 ;cases/bitintrot/bitintrot_width_4_dist_7_storage_static.c:76: }
                            771 ;	genEndFunction
   039E C9            [10]  772 	ret
                            773 ;	Total __getSuiteName function size at codegen: 1 bytes.
   039F                     774 ___numCases:
   039F 01 00               775 	.dw #0x0001
   03A1                     776 ___str_15:
   03A1 62 69 74 69 6E 74   777 	.ascii "bitintrot_width_4_dist_7_storage_static"
        72 6F 74 5F 77 69
        64 74 68 5F 34 5F
        64 69 73 74 5F 37
        5F 73 74 6F 72 61
        67 65 5F 73 74 61
        74 69 63
   03C8 00                  778 	.db 0x00
                            779 	.area _CODE (BANK=_CSEG)
                            780 	.area _INITIALIZER
                            781 	.area _CABS (ABS)
