                              1 ;--------------------------------------------------------
                              2 ; File Created by SDCC : free open source ISO C Compiler
                              3 ; Version 4.6.2 #16710 (Linux)
                              4 ;--------------------------------------------------------
                              5 	.module bitintrot_width_16_dist_6_storage_static
                              6 	
                              7 ;--------------------------------------------------------
                              8 ; Public variables in this module
                              9 ;--------------------------------------------------------
                             10 	.globl _testRot
                             11 	.globl ___prints
                             12 	.globl ___fail
                             13 	.globl ___numCases
                             14 	.globl ___runSuite
                             15 	.globl ___getSuiteName
                             16 ;--------------------------------------------------------
                             17 ; special function registers
                             18 ;--------------------------------------------------------
                             19 ;--------------------------------------------------------
                             20 ; ram data
                             21 ;--------------------------------------------------------
                             22 	.area _DATA (BANK=_DSEG)
   0000                      23 _testRot_t1_10000_13:
   0000                      24 	.ds 2
   0002                      25 _testRot_t2_10000_13:
   0002                      26 	.ds 2
                             27 ;--------------------------------------------------------
                             28 ; ram data
                             29 ;--------------------------------------------------------
                             30 	.area _INITIALIZED
                             31 ;--------------------------------------------------------
                             32 ; absolute ram data
                             33 ;--------------------------------------------------------
                             34 	.area _DABS (ABS)
                             35 	.area _DABS (ABS)
                             36 ;--------------------------------------------------------
                             37 ; global & static initialisations
                             38 ;--------------------------------------------------------
                             39 	.area _HOME
                             40 	.area _GSINIT
                             41 	.area _GSFINAL
                             42 	.area _GSINIT
                             43 ;cases/bitintrot/bitintrot_width_16_dist_6_storage_static.c:38: volatile static bitinttype t1 = TESTVECT1;
                             44 ;	genAssign
                             45 ;fetchPairLong
   0000 21 A5 00      [10]   46 	ld	hl, #0x00a5
                             47 ;	genMove_o size 2 result type 10 source type 2 a_dead 1 hl_dead 1 de_dead 1 iy_dead 1 f_dead 1
   0003 22r00s00      [16]   48 	ld	(_testRot_t1_10000_13), hl
                             49 ;cases/bitintrot/bitintrot_width_16_dist_6_storage_static.c:39: volatile static bitinttype t2 = TESTVECT2;
                             50 ;	genAssign
                             51 ;fetchPairLong
   0006 21 55 AA      [10]   52 	ld	hl, #0xaa55
                             53 ;	genMove_o size 2 result type 10 source type 2 a_dead 1 hl_dead 1 de_dead 1 iy_dead 1 f_dead 1
   0009 22r02s00      [16]   54 	ld	(_testRot_t2_10000_13), hl
                             55 ;--------------------------------------------------------
                             56 ; Home
                             57 ;--------------------------------------------------------
                             58 	.area _HOME (BANK=_CSEG)
                             59 	.area _HOME (BANK=_CSEG)
                             60 ;--------------------------------------------------------
                             61 ; code
                             62 ;--------------------------------------------------------
                             63 	.area _CODE (BANK=_CSEG)
                             64 ;cases/bitintrot/bitintrot_width_16_dist_6_storage_static.c:36: testRot (void)
                             65 ;	genLabel
                             66 ;	genFunction
                             67 ;	---------------------------------
                             68 ; Function testRot
                             69 ; ---------------------------------
                             70 ;	Register assignment might be sub-optimal.
                             71 ; Stack space usage: 0 bytes.
   0000                      72 _testRot::
                             73 ;cases/bitintrot/bitintrot_width_16_dist_6_storage_static.c:41: ASSERT (ROL (t1) == ROL (TESTVECT1));
                             74 ;	genPlus
                             75 ;	genMove_o size 2 result type 2 source type 10 a_dead 1 hl_dead 1 de_dead 1 iy_dead 1 f_dead 1
   0000 2Ar00s00      [16]   76 	ld	hl, (___numTests)
   0003 23            [ 6]   77 	inc	hl
                             78 ;	genMove_o size 2 result type 10 source type 2 a_dead 1 hl_dead 1 de_dead 1 iy_dead 1 f_dead 1
   0004 22r00s00      [16]   79 	ld	(___numTests), hl
                             80 ;	genLeftShift
                             81 ;	genMove_o size 2 result type 2 source type 10 a_dead 1 hl_dead 1 de_dead 1 iy_dead 1 f_dead 1
   0007 2Ar00s00      [16]   82 	ld	hl, (_testRot_t1_10000_13)
   000A 29            [11]   83 	add	hl, hl
   000B 29            [11]   84 	add	hl, hl
   000C 29            [11]   85 	add	hl, hl
   000D 29            [11]   86 	add	hl, hl
   000E 29            [11]   87 	add	hl, hl
   000F 29            [11]   88 	add	hl, hl
                             89 ;	genRightShift
   0010 3Ar01s00      [13]   90 	ld	a, (_testRot_t1_10000_13+1)
   0013 0F            [ 4]   91 	rrca
   0014 0F            [ 4]   92 	rrca
   0015 E6 3F         [ 7]   93 	and	a, #0x3f
                             94 ; common peephole 1 removed dead load from #0x00 into c.
                             95 ;	genOr
   0017 B5            [ 4]   96 	or	a, l
                             97 ;	genMove_o size 1 result type 2 source type 2 a_dead 1 hl_dead 0 de_dead 1 iy_dead 1 f_dead 1
   0018 6F            [ 4]   98 	ld	l, a
                             99 ;	genMove_o size 0 result type 2 source type 1 a_dead 1 hl_dead 0 de_dead 1 iy_dead 1 f_dead 1
                            100 ;	genMove_o size 1 result type 2 source type 2 a_dead 1 hl_dead 0 de_dead 1 iy_dead 1 f_dead 1
                            101 ;	genCmpEq
   0019 11 40 29      [10]  102 	ld	de, #0x2940
   001C BF            [ 4]  103 	cp	a, a
   001D ED 52         [15]  104 	sbc	hl, de
                            105 ; common peephole 163 changed absolute to relative conditional jump.
   001F 28 11         [12]  106 	jr	z, 00104$
                            107 ; common peephole 81 removed jp by using inverse jump logic
                            108 ; common peephole 159 removed unused label 00223$.
                            109 ;	skipping generated iCode
                            110 ;	skipping iCode since result will be rematerialized
                            111 ;	skipping iCode since result will be rematerialized
                            112 ;	skipping iCode since result will be rematerialized
                            113 ;	skipping iCode since result will be rematerialized
                            114 ;	skipping iCode since result will be rematerialized
                            115 ;	skipping iCode since result will be rematerialized
                            116 ;	genIpush
                            117 ;	genMove_o size 2 result type 2 source type 1 a_dead 1 hl_dead 1 de_dead 1 iy_dead 1 f_dead 1
   0021 21 29 00      [10]  118 	ld	hl, #0x0029
   0024 E5            [11]  119 	push	hl
                            120 ;	genIpush
                            121 ;	genMove_o size 2 result type 2 source type 7 a_dead 1 hl_dead 1 de_dead 1 iy_dead 1 f_dead 1
   0025 21rE2s02      [10]  122 	ld	hl, #___str_2
   0028 E5            [11]  123 	push	hl
                            124 ;	genSend
                            125 ;	genMove_o size 2 result type 2 source type 7 a_dead 1 hl_dead 1 de_dead 1 iy_dead 1 f_dead 1
   0029 11rC6s02      [10]  126 	ld	de, #___str_1
                            127 ;	genSend
                            128 ;	genMove_o size 2 result type 2 source type 7 a_dead 1 hl_dead 1 de_dead 0 iy_dead 1 f_dead 1
   002C 21rB5s02      [10]  129 	ld	hl, #___str_0
                            130 ;	genCall
   002F CDr00s00      [17]  131 	call	___fail
                            132 ;	genLabel
   0032                     133 00104$:
                            134 ;cases/bitintrot/bitintrot_width_16_dist_6_storage_static.c:42: ASSERT (ROL (t2) == ROL (TESTVECT2));
                            135 ;	genPlus
                            136 ;	genMove_o size 2 result type 2 source type 10 a_dead 1 hl_dead 1 de_dead 1 iy_dead 1 f_dead 1
   0032 2Ar00s00      [16]  137 	ld	hl, (___numTests)
   0035 23            [ 6]  138 	inc	hl
                            139 ;	genMove_o size 2 result type 10 source type 2 a_dead 1 hl_dead 1 de_dead 1 iy_dead 1 f_dead 1
   0036 22r00s00      [16]  140 	ld	(___numTests), hl
                            141 ;	genLeftShift
                            142 ;	genMove_o size 2 result type 2 source type 10 a_dead 1 hl_dead 1 de_dead 1 iy_dead 1 f_dead 1
   0039 2Ar02s00      [16]  143 	ld	hl, (_testRot_t2_10000_13)
   003C 29            [11]  144 	add	hl, hl
   003D 29            [11]  145 	add	hl, hl
   003E 29            [11]  146 	add	hl, hl
   003F 29            [11]  147 	add	hl, hl
   0040 29            [11]  148 	add	hl, hl
   0041 29            [11]  149 	add	hl, hl
                            150 ;	genRightShift
   0042 3Ar03s00      [13]  151 	ld	a, (_testRot_t2_10000_13+1)
   0045 0F            [ 4]  152 	rrca
   0046 0F            [ 4]  153 	rrca
   0047 E6 3F         [ 7]  154 	and	a, #0x3f
                            155 ; common peephole 1 removed dead load from #0x00 into c.
                            156 ;	genOr
   0049 B5            [ 4]  157 	or	a, l
                            158 ;	genMove_o size 1 result type 2 source type 2 a_dead 1 hl_dead 0 de_dead 1 iy_dead 1 f_dead 1
   004A 6F            [ 4]  159 	ld	l, a
                            160 ;	genMove_o size 0 result type 2 source type 1 a_dead 1 hl_dead 0 de_dead 1 iy_dead 1 f_dead 1
                            161 ;	genMove_o size 1 result type 2 source type 2 a_dead 1 hl_dead 0 de_dead 1 iy_dead 1 f_dead 1
                            162 ;	genCmpEq
   004B 11 6A 95      [10]  163 	ld	de, #0x956a
   004E BF            [ 4]  164 	cp	a, a
   004F ED 52         [15]  165 	sbc	hl, de
                            166 ; common peephole 163 changed absolute to relative conditional jump.
   0051 28 11         [12]  167 	jr	z, 00106$
                            168 ; common peephole 81 removed jp by using inverse jump logic
                            169 ; common peephole 159 removed unused label 00224$.
                            170 ;	skipping generated iCode
                            171 ;	skipping iCode since result will be rematerialized
                            172 ;	skipping iCode since result will be rematerialized
                            173 ;	skipping iCode since result will be rematerialized
                            174 ;	skipping iCode since result will be rematerialized
                            175 ;	skipping iCode since result will be rematerialized
                            176 ;	skipping iCode since result will be rematerialized
                            177 ;	genIpush
                            178 ;	genMove_o size 2 result type 2 source type 1 a_dead 1 hl_dead 1 de_dead 1 iy_dead 1 f_dead 1
   0053 21 2A 00      [10]  179 	ld	hl, #0x002a
   0056 E5            [11]  180 	push	hl
                            181 ;	genIpush
                            182 ;	genMove_o size 2 result type 2 source type 7 a_dead 1 hl_dead 1 de_dead 1 iy_dead 1 f_dead 1
   0057 21rE2s02      [10]  183 	ld	hl, #___str_2
   005A E5            [11]  184 	push	hl
                            185 ;	genSend
                            186 ;	genMove_o size 2 result type 2 source type 7 a_dead 1 hl_dead 1 de_dead 1 iy_dead 1 f_dead 1
   005B 11r1Ds03      [10]  187 	ld	de, #___str_3
                            188 ;	genSend
                            189 ;	genMove_o size 2 result type 2 source type 7 a_dead 1 hl_dead 1 de_dead 0 iy_dead 1 f_dead 1
   005E 21rB5s02      [10]  190 	ld	hl, #___str_0
                            191 ;	genCall
   0061 CDr00s00      [17]  192 	call	___fail
                            193 ;	genLabel
   0064                     194 00106$:
                            195 ;cases/bitintrot/bitintrot_width_16_dist_6_storage_static.c:43: ASSERT (ROR (t1) == ROR (TESTVECT1));
                            196 ;	genPlus
                            197 ;	genMove_o size 2 result type 2 source type 10 a_dead 1 hl_dead 1 de_dead 1 iy_dead 1 f_dead 1
   0064 2Ar00s00      [16]  198 	ld	hl, (___numTests)
   0067 23            [ 6]  199 	inc	hl
                            200 ;	genMove_o size 2 result type 10 source type 2 a_dead 1 hl_dead 1 de_dead 1 iy_dead 1 f_dead 1
   0068 22r00s00      [16]  201 	ld	(___numTests), hl
                            202 ;	genRightShift
                            203 ;fetchPairLong
   006B 2Ar00s00      [16]  204 	ld	hl, (_testRot_t1_10000_13)
   006E CB 3C         [ 8]  205 	srl	h
   0070 CB 1D         [ 8]  206 	rr	l
   0072 CB 3C         [ 8]  207 	srl	h
   0074 CB 1D         [ 8]  208 	rr	l
   0076 CB 3C         [ 8]  209 	srl	h
   0078 CB 1D         [ 8]  210 	rr	l
   007A CB 3C         [ 8]  211 	srl	h
   007C CB 1D         [ 8]  212 	rr	l
   007E CB 3C         [ 8]  213 	srl	h
   0080 CB 1D         [ 8]  214 	rr	l
   0082 CB 3C         [ 8]  215 	srl	h
   0084 CB 1D         [ 8]  216 	rr	l
                            217 ;	genLeftShift
   0086 3Ar00s00      [13]  218 	ld	a, (_testRot_t1_10000_13+0)
   0089 87            [ 4]  219 	add	a, a
   008A 87            [ 4]  220 	add	a, a
                            221 ; common peephole 1 removed dead load from #0x00 into c.
                            222 ;	genOr
                            223 ;	genMove_o size 1 result type 2 source type 2 a_dead 0 hl_dead 0 de_dead 1 iy_dead 1 f_dead 1
   008B 4D            [ 4]  224 	ld	c, l
                            225 ;	genMove_o size 0 result type 2 source type 1 a_dead 0 hl_dead 0 de_dead 1 iy_dead 1 f_dead 1
   008C B4            [ 4]  226 	or	a, h
                            227 ;	genMove_o size 1 result type 2 source type 2 a_dead 1 hl_dead 1 de_dead 1 iy_dead 1 f_dead 1
                            228 ;	genCmpEq
   008D FE 94         [ 7]  229 	cp	a, #0x94
                            230 ; common peephole 163 changed absolute to relative conditional jump.
   008F 20 05         [12]  231 	jr	nz, 00225$
                            232 ;	genMove_o size 1 result type 2 source type 2 a_dead 1 hl_dead 1 de_dead 0 iy_dead 0 f_dead 1
   0091 79            [ 4]  233 	ld	a, c
                            234 ;	genMove_o size 0 result type 2 source type 1 a_dead 1 hl_dead 1 de_dead 0 iy_dead 0 f_dead 1
   0092 D6 02         [ 7]  235 	sub	a, #0x02
                            236 ; common peephole 163 changed absolute to relative conditional jump.
   0094 28 11         [12]  237 	jr	z, 00108$
                            238 ; common peephole 81 removed jp by using inverse jump logic
   0096                     239 00225$:
                            240 ;	skipping generated iCode
                            241 ;	skipping iCode since result will be rematerialized
                            242 ;	skipping iCode since result will be rematerialized
                            243 ;	skipping iCode since result will be rematerialized
                            244 ;	skipping iCode since result will be rematerialized
                            245 ;	skipping iCode since result will be rematerialized
                            246 ;	skipping iCode since result will be rematerialized
                            247 ;	genIpush
                            248 ;	genMove_o size 2 result type 2 source type 1 a_dead 1 hl_dead 1 de_dead 1 iy_dead 1 f_dead 1
   0096 21 2B 00      [10]  249 	ld	hl, #0x002b
   0099 E5            [11]  250 	push	hl
                            251 ;	genIpush
                            252 ;	genMove_o size 2 result type 2 source type 7 a_dead 1 hl_dead 1 de_dead 1 iy_dead 1 f_dead 1
   009A 21rE2s02      [10]  253 	ld	hl, #___str_2
   009D E5            [11]  254 	push	hl
                            255 ;	genSend
                            256 ;	genMove_o size 2 result type 2 source type 7 a_dead 1 hl_dead 1 de_dead 1 iy_dead 1 f_dead 1
   009E 11r39s03      [10]  257 	ld	de, #___str_4
                            258 ;	genSend
                            259 ;	genMove_o size 2 result type 2 source type 7 a_dead 1 hl_dead 1 de_dead 0 iy_dead 1 f_dead 1
   00A1 21rB5s02      [10]  260 	ld	hl, #___str_0
                            261 ;	genCall
   00A4 CDr00s00      [17]  262 	call	___fail
                            263 ;	genLabel
   00A7                     264 00108$:
                            265 ;cases/bitintrot/bitintrot_width_16_dist_6_storage_static.c:44: ASSERT (ROR (t2) == ROR (TESTVECT2));
                            266 ;	genPlus
                            267 ;	genMove_o size 2 result type 2 source type 10 a_dead 1 hl_dead 1 de_dead 1 iy_dead 1 f_dead 1
   00A7 2Ar00s00      [16]  268 	ld	hl, (___numTests)
   00AA 23            [ 6]  269 	inc	hl
                            270 ;	genMove_o size 2 result type 10 source type 2 a_dead 1 hl_dead 1 de_dead 1 iy_dead 1 f_dead 1
   00AB 22r00s00      [16]  271 	ld	(___numTests), hl
                            272 ;	genRightShift
                            273 ;fetchPairLong
   00AE 2Ar02s00      [16]  274 	ld	hl, (_testRot_t2_10000_13)
   00B1 CB 3C         [ 8]  275 	srl	h
   00B3 CB 1D         [ 8]  276 	rr	l
   00B5 CB 3C         [ 8]  277 	srl	h
   00B7 CB 1D         [ 8]  278 	rr	l
   00B9 CB 3C         [ 8]  279 	srl	h
   00BB CB 1D         [ 8]  280 	rr	l
   00BD CB 3C         [ 8]  281 	srl	h
   00BF CB 1D         [ 8]  282 	rr	l
   00C1 CB 3C         [ 8]  283 	srl	h
   00C3 CB 1D         [ 8]  284 	rr	l
   00C5 CB 3C         [ 8]  285 	srl	h
   00C7 CB 1D         [ 8]  286 	rr	l
                            287 ;	genLeftShift
   00C9 3Ar02s00      [13]  288 	ld	a, (_testRot_t2_10000_13+0)
   00CC 87            [ 4]  289 	add	a, a
   00CD 87            [ 4]  290 	add	a, a
                            291 ; common peephole 1 removed dead load from #0x00 into c.
                            292 ;	genOr
                            293 ;	genMove_o size 1 result type 2 source type 2 a_dead 0 hl_dead 0 de_dead 1 iy_dead 1 f_dead 1
   00CE 4D            [ 4]  294 	ld	c, l
                            295 ;	genMove_o size 0 result type 2 source type 1 a_dead 0 hl_dead 0 de_dead 1 iy_dead 1 f_dead 1
   00CF B4            [ 4]  296 	or	a, h
                            297 ;	genMove_o size 1 result type 2 source type 2 a_dead 1 hl_dead 1 de_dead 1 iy_dead 1 f_dead 1
                            298 ;	genCmpEq
   00D0 FE 56         [ 7]  299 	cp	a, #0x56
                            300 ; common peephole 163 changed absolute to relative conditional jump.
   00D2 20 05         [12]  301 	jr	nz, 00226$
                            302 ;	genMove_o size 1 result type 2 source type 2 a_dead 1 hl_dead 1 de_dead 0 iy_dead 0 f_dead 1
   00D4 79            [ 4]  303 	ld	a, c
                            304 ;	genMove_o size 0 result type 2 source type 1 a_dead 1 hl_dead 1 de_dead 0 iy_dead 0 f_dead 1
   00D5 D6 A9         [ 7]  305 	sub	a, #0xa9
                            306 ; common peephole 163 changed absolute to relative conditional jump.
   00D7 28 11         [12]  307 	jr	z, 00110$
                            308 ; common peephole 81 removed jp by using inverse jump logic
   00D9                     309 00226$:
                            310 ;	skipping generated iCode
                            311 ;	skipping iCode since result will be rematerialized
                            312 ;	skipping iCode since result will be rematerialized
                            313 ;	skipping iCode since result will be rematerialized
                            314 ;	skipping iCode since result will be rematerialized
                            315 ;	skipping iCode since result will be rematerialized
                            316 ;	skipping iCode since result will be rematerialized
                            317 ;	genIpush
                            318 ;	genMove_o size 2 result type 2 source type 1 a_dead 1 hl_dead 1 de_dead 1 iy_dead 1 f_dead 1
   00D9 21 2C 00      [10]  319 	ld	hl, #0x002c
   00DC E5            [11]  320 	push	hl
                            321 ;	genIpush
                            322 ;	genMove_o size 2 result type 2 source type 7 a_dead 1 hl_dead 1 de_dead 1 iy_dead 1 f_dead 1
   00DD 21rE2s02      [10]  323 	ld	hl, #___str_2
   00E0 E5            [11]  324 	push	hl
                            325 ;	genSend
                            326 ;	genMove_o size 2 result type 2 source type 7 a_dead 1 hl_dead 1 de_dead 1 iy_dead 1 f_dead 1
   00E1 11r55s03      [10]  327 	ld	de, #___str_5
                            328 ;	genSend
                            329 ;	genMove_o size 2 result type 2 source type 7 a_dead 1 hl_dead 1 de_dead 0 iy_dead 1 f_dead 1
   00E4 21rB5s02      [10]  330 	ld	hl, #___str_0
                            331 ;	genCall
   00E7 CDr00s00      [17]  332 	call	___fail
                            333 ;	genLabel
   00EA                     334 00110$:
                            335 ;cases/bitintrot/bitintrot_width_16_dist_6_storage_static.c:45: ASSERT (NROL (t1) == NROL (TESTVECT1));
                            336 ;	genPlus
                            337 ;	genMove_o size 2 result type 2 source type 10 a_dead 1 hl_dead 1 de_dead 1 iy_dead 1 f_dead 1
   00EA 2Ar00s00      [16]  338 	ld	hl, (___numTests)
   00ED 23            [ 6]  339 	inc	hl
                            340 ;	genMove_o size 2 result type 10 source type 2 a_dead 1 hl_dead 1 de_dead 1 iy_dead 1 f_dead 1
   00EE 22r00s00      [16]  341 	ld	(___numTests), hl
                            342 ;	genLeftShift
   00F1 3Ar00s00      [13]  343 	ld	a, (_testRot_t1_10000_13+0)
                            344 ; common peephole 1 removed dead load from #0x00 into e.
                            345 ;	genRightShift
   00F4 F5            [11]  346 	push	af
   00F5 3Ar01s00      [13]  347 	ld	a, (_testRot_t1_10000_13+1)
   00F8 0F            [ 4]  348 	rrca
   00F9 0F            [ 4]  349 	rrca
   00FA E6 3F         [ 7]  350 	and	a, #0x3f
   00FC 4F            [ 4]  351 	ld	c, a
   00FD F1            [10]  352 	pop	af
                            353 ; common peephole 1 removed dead load from #0x00 into b.
                            354 ;	genOr
                            355 ;	genMove_o size 1 result type 2 source type 2 a_dead 0 hl_dead 1 de_dead 0 iy_dead 1 f_dead 1
                            356 ;	genMove_o size 1 result type 2 source type 2 a_dead 1 hl_dead 1 de_dead 0 iy_dead 1 f_dead 1
                            357 ;	genCmpEq
   00FE FE A5         [ 7]  358 	cp	a, #0xa5
                            359 ; common peephole 163 changed absolute to relative conditional jump.
   0100 20 04         [12]  360 	jr	nz, 00227$
   0102 79            [ 4]  361 	ld	a, c
   0103 B7            [ 4]  362 	or	a, a
                            363 ; common peephole 163 changed absolute to relative conditional jump.
   0104 28 11         [12]  364 	jr	z, 00112$
                            365 ; common peephole 81 removed jp by using inverse jump logic
   0106                     366 00227$:
                            367 ;	skipping generated iCode
                            368 ;	skipping iCode since result will be rematerialized
                            369 ;	skipping iCode since result will be rematerialized
                            370 ;	skipping iCode since result will be rematerialized
                            371 ;	skipping iCode since result will be rematerialized
                            372 ;	skipping iCode since result will be rematerialized
                            373 ;	skipping iCode since result will be rematerialized
                            374 ;	genIpush
                            375 ;	genMove_o size 2 result type 2 source type 1 a_dead 1 hl_dead 1 de_dead 1 iy_dead 1 f_dead 1
   0106 21 2D 00      [10]  376 	ld	hl, #0x002d
   0109 E5            [11]  377 	push	hl
                            378 ;	genIpush
                            379 ;	genMove_o size 2 result type 2 source type 7 a_dead 1 hl_dead 1 de_dead 1 iy_dead 1 f_dead 1
   010A 21rE2s02      [10]  380 	ld	hl, #___str_2
   010D E5            [11]  381 	push	hl
                            382 ;	genSend
                            383 ;	genMove_o size 2 result type 2 source type 7 a_dead 1 hl_dead 1 de_dead 1 iy_dead 1 f_dead 1
   010E 11r71s03      [10]  384 	ld	de, #___str_6
                            385 ;	genSend
                            386 ;	genMove_o size 2 result type 2 source type 7 a_dead 1 hl_dead 1 de_dead 0 iy_dead 1 f_dead 1
   0111 21rB5s02      [10]  387 	ld	hl, #___str_0
                            388 ;	genCall
   0114 CDr00s00      [17]  389 	call	___fail
                            390 ;	genLabel
   0117                     391 00112$:
                            392 ;cases/bitintrot/bitintrot_width_16_dist_6_storage_static.c:46: ASSERT (NROL (t2) == NROL (TESTVECT2));
                            393 ;	genPlus
                            394 ;	genMove_o size 2 result type 2 source type 10 a_dead 1 hl_dead 1 de_dead 1 iy_dead 1 f_dead 1
   0117 2Ar00s00      [16]  395 	ld	hl, (___numTests)
   011A 23            [ 6]  396 	inc	hl
                            397 ;	genMove_o size 2 result type 10 source type 2 a_dead 1 hl_dead 1 de_dead 1 iy_dead 1 f_dead 1
   011B 22r00s00      [16]  398 	ld	(___numTests), hl
                            399 ;	genLeftShift
   011E 3Ar02s00      [13]  400 	ld	a, (_testRot_t2_10000_13+0)
                            401 ; common peephole 1 removed dead load from #0x00 into c.
                            402 ;	genRightShift
   0121 F5            [11]  403 	push	af
   0122 3Ar03s00      [13]  404 	ld	a, (_testRot_t2_10000_13+1)
   0125 0F            [ 4]  405 	rrca
   0126 0F            [ 4]  406 	rrca
   0127 E6 3F         [ 7]  407 	and	a, #0x3f
   0129 6F            [ 4]  408 	ld	l, a
   012A F1            [10]  409 	pop	af
                            410 ; common peephole 1 removed dead load from #0x00 into h.
                            411 ;	genOr
                            412 ;	genMove_o size 1 result type 2 source type 2 a_dead 0 hl_dead 0 de_dead 1 iy_dead 1 f_dead 1
                            413 ;	genMove_o size 1 result type 2 source type 2 a_dead 1 hl_dead 0 de_dead 1 iy_dead 1 f_dead 1
   012B 67            [ 4]  414 	ld	h, a
                            415 ;	genMove_o size 0 result type 2 source type 1 a_dead 1 hl_dead 0 de_dead 1 iy_dead 1 f_dead 1
                            416 ;	genCmpEq
   012C 11 2A 55      [10]  417 	ld	de, #0x552a
   012F BF            [ 4]  418 	cp	a, a
   0130 ED 52         [15]  419 	sbc	hl, de
                            420 ; common peephole 163 changed absolute to relative conditional jump.
   0132 28 11         [12]  421 	jr	z, 00114$
                            422 ; common peephole 81 removed jp by using inverse jump logic
                            423 ; common peephole 159 removed unused label 00228$.
                            424 ;	skipping generated iCode
                            425 ;	skipping iCode since result will be rematerialized
                            426 ;	skipping iCode since result will be rematerialized
                            427 ;	skipping iCode since result will be rematerialized
                            428 ;	skipping iCode since result will be rematerialized
                            429 ;	skipping iCode since result will be rematerialized
                            430 ;	skipping iCode since result will be rematerialized
                            431 ;	genIpush
                            432 ;	genMove_o size 2 result type 2 source type 1 a_dead 1 hl_dead 1 de_dead 1 iy_dead 1 f_dead 1
   0134 21 2E 00      [10]  433 	ld	hl, #0x002e
   0137 E5            [11]  434 	push	hl
                            435 ;	genIpush
                            436 ;	genMove_o size 2 result type 2 source type 7 a_dead 1 hl_dead 1 de_dead 1 iy_dead 1 f_dead 1
   0138 21rE2s02      [10]  437 	ld	hl, #___str_2
   013B E5            [11]  438 	push	hl
                            439 ;	genSend
                            440 ;	genMove_o size 2 result type 2 source type 7 a_dead 1 hl_dead 1 de_dead 1 iy_dead 1 f_dead 1
   013C 11r8Fs03      [10]  441 	ld	de, #___str_7
                            442 ;	genSend
                            443 ;	genMove_o size 2 result type 2 source type 7 a_dead 1 hl_dead 1 de_dead 0 iy_dead 1 f_dead 1
   013F 21rB5s02      [10]  444 	ld	hl, #___str_0
                            445 ;	genCall
   0142 CDr00s00      [17]  446 	call	___fail
                            447 ;	genLabel
   0145                     448 00114$:
                            449 ;cases/bitintrot/bitintrot_width_16_dist_6_storage_static.c:47: ASSERT (NROL2 (t1) == NROL2 (TESTVECT1));
                            450 ;	genPlus
                            451 ;	genMove_o size 2 result type 2 source type 10 a_dead 1 hl_dead 1 de_dead 1 iy_dead 1 f_dead 1
   0145 2Ar00s00      [16]  452 	ld	hl, (___numTests)
   0148 23            [ 6]  453 	inc	hl
                            454 ;	genMove_o size 2 result type 10 source type 2 a_dead 1 hl_dead 1 de_dead 1 iy_dead 1 f_dead 1
   0149 22r00s00      [16]  455 	ld	(___numTests), hl
                            456 ;	genRightShift
   014C 3Ar01s00      [13]  457 	ld	a, (_testRot_t1_10000_13+1)
                            458 ; common peephole 1 removed dead load from #0x00 into e.
                            459 ;	genLeftShift
   014F F5            [11]  460 	push	af
   0150 3Ar00s00      [13]  461 	ld	a, (_testRot_t1_10000_13+0)
   0153 87            [ 4]  462 	add	a, a
   0154 87            [ 4]  463 	add	a, a
   0155 47            [ 4]  464 	ld	b, a
   0156 F1            [10]  465 	pop	af
                            466 ; common peephole 1 removed dead load from #0x00 into c.
                            467 ;	genOr
                            468 ;	genMove_o size 1 result type 2 source type 2 a_dead 1 hl_dead 1 de_dead 0 iy_dead 1 f_dead 1
                            469 ;	genMove_o size 1 result type 2 source type 2 a_dead 0 hl_dead 1 de_dead 0 iy_dead 1 f_dead 1
                            470 ;	genCmpEq
   0157 B7            [ 4]  471 	or	a, a
                            472 ; common peephole 163 changed absolute to relative conditional jump.
   0158 20 05         [12]  473 	jr	nz, 00229$
                            474 ;	genMove_o size 1 result type 2 source type 2 a_dead 1 hl_dead 1 de_dead 0 iy_dead 0 f_dead 1
   015A 78            [ 4]  475 	ld	a, b
                            476 ;	genMove_o size 0 result type 2 source type 1 a_dead 1 hl_dead 1 de_dead 0 iy_dead 0 f_dead 1
   015B D6 94         [ 7]  477 	sub	a, #0x94
                            478 ; common peephole 163 changed absolute to relative conditional jump.
   015D 28 11         [12]  479 	jr	z, 00116$
                            480 ; common peephole 81 removed jp by using inverse jump logic
   015F                     481 00229$:
                            482 ;	skipping generated iCode
                            483 ;	skipping iCode since result will be rematerialized
                            484 ;	skipping iCode since result will be rematerialized
                            485 ;	skipping iCode since result will be rematerialized
                            486 ;	skipping iCode since result will be rematerialized
                            487 ;	skipping iCode since result will be rematerialized
                            488 ;	skipping iCode since result will be rematerialized
                            489 ;	genIpush
                            490 ;	genMove_o size 2 result type 2 source type 1 a_dead 1 hl_dead 1 de_dead 1 iy_dead 1 f_dead 1
   015F 21 2F 00      [10]  491 	ld	hl, #0x002f
   0162 E5            [11]  492 	push	hl
                            493 ;	genIpush
                            494 ;	genMove_o size 2 result type 2 source type 7 a_dead 1 hl_dead 1 de_dead 1 iy_dead 1 f_dead 1
   0163 21rE2s02      [10]  495 	ld	hl, #___str_2
   0166 E5            [11]  496 	push	hl
                            497 ;	genSend
                            498 ;	genMove_o size 2 result type 2 source type 7 a_dead 1 hl_dead 1 de_dead 1 iy_dead 1 f_dead 1
   0167 11rADs03      [10]  499 	ld	de, #___str_8
                            500 ;	genSend
                            501 ;	genMove_o size 2 result type 2 source type 7 a_dead 1 hl_dead 1 de_dead 0 iy_dead 1 f_dead 1
   016A 21rB5s02      [10]  502 	ld	hl, #___str_0
                            503 ;	genCall
   016D CDr00s00      [17]  504 	call	___fail
                            505 ;	genLabel
   0170                     506 00116$:
                            507 ;cases/bitintrot/bitintrot_width_16_dist_6_storage_static.c:48: ASSERT (NROL2 (t2) == NROL2 (TESTVECT2));
                            508 ;	genPlus
                            509 ;	genMove_o size 2 result type 2 source type 10 a_dead 1 hl_dead 1 de_dead 1 iy_dead 1 f_dead 1
   0170 2Ar00s00      [16]  510 	ld	hl, (___numTests)
   0173 23            [ 6]  511 	inc	hl
                            512 ;	genMove_o size 2 result type 10 source type 2 a_dead 1 hl_dead 1 de_dead 1 iy_dead 1 f_dead 1
   0174 22r00s00      [16]  513 	ld	(___numTests), hl
                            514 ;	genRightShift
   0177 3Ar03s00      [13]  515 	ld	a, (_testRot_t2_10000_13+1)
                            516 ; common peephole 1 removed dead load from #0x00 into c.
                            517 ;	genLeftShift
   017A F5            [11]  518 	push	af
   017B 3Ar02s00      [13]  519 	ld	a, (_testRot_t2_10000_13+0)
   017E 87            [ 4]  520 	add	a, a
   017F 87            [ 4]  521 	add	a, a
   0180 67            [ 4]  522 	ld	h, a
   0181 F1            [10]  523 	pop	af
                            524 ; common peephole 1 removed dead load from #0x00 into l.
                            525 ;	genOr
                            526 ;	genMove_o size 1 result type 2 source type 2 a_dead 1 hl_dead 0 de_dead 1 iy_dead 1 f_dead 1
   0182 6F            [ 4]  527 	ld	l, a
                            528 ;	genMove_o size 0 result type 2 source type 1 a_dead 1 hl_dead 0 de_dead 1 iy_dead 1 f_dead 1
                            529 ;	genMove_o size 1 result type 2 source type 2 a_dead 1 hl_dead 0 de_dead 1 iy_dead 1 f_dead 1
                            530 ;	genCmpEq
   0183 11 AA 54      [10]  531 	ld	de, #0x54aa
   0186 BF            [ 4]  532 	cp	a, a
   0187 ED 52         [15]  533 	sbc	hl, de
                            534 ; common peephole 163 changed absolute to relative conditional jump.
   0189 28 11         [12]  535 	jr	z, 00118$
                            536 ; common peephole 81 removed jp by using inverse jump logic
                            537 ; common peephole 159 removed unused label 00230$.
                            538 ;	skipping generated iCode
                            539 ;	skipping iCode since result will be rematerialized
                            540 ;	skipping iCode since result will be rematerialized
                            541 ;	skipping iCode since result will be rematerialized
                            542 ;	skipping iCode since result will be rematerialized
                            543 ;	skipping iCode since result will be rematerialized
                            544 ;	skipping iCode since result will be rematerialized
                            545 ;	genIpush
                            546 ;	genMove_o size 2 result type 2 source type 1 a_dead 1 hl_dead 1 de_dead 1 iy_dead 1 f_dead 1
   018B 21 30 00      [10]  547 	ld	hl, #0x0030
   018E E5            [11]  548 	push	hl
                            549 ;	genIpush
                            550 ;	genMove_o size 2 result type 2 source type 7 a_dead 1 hl_dead 1 de_dead 1 iy_dead 1 f_dead 1
   018F 21rE2s02      [10]  551 	ld	hl, #___str_2
   0192 E5            [11]  552 	push	hl
                            553 ;	genSend
                            554 ;	genMove_o size 2 result type 2 source type 7 a_dead 1 hl_dead 1 de_dead 1 iy_dead 1 f_dead 1
   0193 11rCDs03      [10]  555 	ld	de, #___str_9
                            556 ;	genSend
                            557 ;	genMove_o size 2 result type 2 source type 7 a_dead 1 hl_dead 1 de_dead 0 iy_dead 1 f_dead 1
   0196 21rB5s02      [10]  558 	ld	hl, #___str_0
                            559 ;	genCall
   0199 CDr00s00      [17]  560 	call	___fail
                            561 ;	genLabel
   019C                     562 00118$:
                            563 ;cases/bitintrot/bitintrot_width_16_dist_6_storage_static.c:50: t1 = ROL(t1);
                            564 ;	genLeftShift
                            565 ;	genMove_o size 2 result type 2 source type 10 a_dead 1 hl_dead 1 de_dead 1 iy_dead 1 f_dead 1
   019C 2Ar00s00      [16]  566 	ld	hl, (_testRot_t1_10000_13)
   019F 29            [11]  567 	add	hl, hl
   01A0 29            [11]  568 	add	hl, hl
   01A1 29            [11]  569 	add	hl, hl
   01A2 29            [11]  570 	add	hl, hl
   01A3 29            [11]  571 	add	hl, hl
   01A4 29            [11]  572 	add	hl, hl
                            573 ;	genRightShift
   01A5 3Ar01s00      [13]  574 	ld	a, (_testRot_t1_10000_13+1)
   01A8 0F            [ 4]  575 	rrca
   01A9 0F            [ 4]  576 	rrca
   01AA E6 3F         [ 7]  577 	and	a, #0x3f
                            578 ; common peephole 1 removed dead load from #0x00 into c.
                            579 ;	genOr
   01AC B5            [ 4]  580 	or	a, l
                            581 ;	genMove_o size 1 result type 10 source type 2 a_dead 1 hl_dead 0 de_dead 1 iy_dead 1 f_dead 1
   01AD 32r00s00      [13]  582 	ld	(_testRot_t1_10000_13+0), a
                            583 ;	genMove_o size 1 result type 10 source type 2 a_dead 1 hl_dead 0 de_dead 1 iy_dead 1 f_dead 1
                            584 ; common peephole 57 used direct memory store instead of indirect.
   01B0 7C            [ 4]  585 	ld	a, h
   01B1 32r01s00      [13]  586 	ld	(#_testRot_t1_10000_13 + 1), a
                            587 ;cases/bitintrot/bitintrot_width_16_dist_6_storage_static.c:51: t2 = ROL(t2);
                            588 ;	genLeftShift
                            589 ;	genMove_o size 2 result type 2 source type 10 a_dead 1 hl_dead 1 de_dead 1 iy_dead 1 f_dead 1
   01B4 2Ar02s00      [16]  590 	ld	hl, (_testRot_t2_10000_13)
   01B7 29            [11]  591 	add	hl, hl
   01B8 29            [11]  592 	add	hl, hl
   01B9 29            [11]  593 	add	hl, hl
   01BA 29            [11]  594 	add	hl, hl
   01BB 29            [11]  595 	add	hl, hl
   01BC 29            [11]  596 	add	hl, hl
                            597 ;	genRightShift
   01BD 3Ar03s00      [13]  598 	ld	a, (_testRot_t2_10000_13+1)
   01C0 0F            [ 4]  599 	rrca
   01C1 0F            [ 4]  600 	rrca
   01C2 E6 3F         [ 7]  601 	and	a, #0x3f
                            602 ; common peephole 1 removed dead load from #0x00 into c.
                            603 ;	genOr
   01C4 B5            [ 4]  604 	or	a, l
                            605 ;	genMove_o size 1 result type 10 source type 2 a_dead 1 hl_dead 0 de_dead 1 iy_dead 1 f_dead 1
   01C5 32r02s00      [13]  606 	ld	(_testRot_t2_10000_13+0), a
                            607 ;	genMove_o size 1 result type 10 source type 2 a_dead 1 hl_dead 0 de_dead 1 iy_dead 1 f_dead 1
                            608 ; common peephole 57 used direct memory store instead of indirect.
   01C8 7C            [ 4]  609 	ld	a, h
   01C9 32r03s00      [13]  610 	ld	(#_testRot_t2_10000_13 + 1), a
                            611 ;cases/bitintrot/bitintrot_width_16_dist_6_storage_static.c:52: ASSERT (t1 == ROL (TESTVECT1));
                            612 ;	genPlus
                            613 ;	genMove_o size 2 result type 2 source type 10 a_dead 1 hl_dead 1 de_dead 1 iy_dead 1 f_dead 1
   01CC 2Ar00s00      [16]  614 	ld	hl, (___numTests)
   01CF 23            [ 6]  615 	inc	hl
                            616 ;	genMove_o size 2 result type 10 source type 2 a_dead 1 hl_dead 1 de_dead 1 iy_dead 1 f_dead 1
   01D0 22r00s00      [16]  617 	ld	(___numTests), hl
                            618 ;	genCmpEq
                            619 ;	genMove_o size 1 result type 2 source type 10 a_dead 1 hl_dead 1 de_dead 0 iy_dead 0 f_dead 1
   01D3 3Ar00s00      [13]  620 	ld	a, (_testRot_t1_10000_13)
   01D6 D6 40         [ 7]  621 	sub	a, #0x40
                            622 ; common peephole 163 changed absolute to relative conditional jump.
   01D8 20 07         [12]  623 	jr	nz, 00231$
                            624 ;	genMove_o size 1 result type 2 source type 10 a_dead 1 hl_dead 1 de_dead 0 iy_dead 0 f_dead 1
   01DA 3Ar01s00      [13]  625 	ld	a, (_testRot_t1_10000_13 + 1)
   01DD D6 29         [ 7]  626 	sub	a, #0x29
                            627 ; common peephole 163 changed absolute to relative conditional jump.
   01DF 28 11         [12]  628 	jr	z, 00120$
                            629 ; common peephole 81 removed jp by using inverse jump logic
   01E1                     630 00231$:
                            631 ;	skipping generated iCode
                            632 ;	skipping iCode since result will be rematerialized
                            633 ;	skipping iCode since result will be rematerialized
                            634 ;	skipping iCode since result will be rematerialized
                            635 ;	skipping iCode since result will be rematerialized
                            636 ;	skipping iCode since result will be rematerialized
                            637 ;	skipping iCode since result will be rematerialized
                            638 ;	genIpush
                            639 ;	genMove_o size 2 result type 2 source type 1 a_dead 1 hl_dead 1 de_dead 1 iy_dead 1 f_dead 1
   01E1 21 34 00      [10]  640 	ld	hl, #0x0034
   01E4 E5            [11]  641 	push	hl
                            642 ;	genIpush
                            643 ;	genMove_o size 2 result type 2 source type 7 a_dead 1 hl_dead 1 de_dead 1 iy_dead 1 f_dead 1
   01E5 21rE2s02      [10]  644 	ld	hl, #___str_2
   01E8 E5            [11]  645 	push	hl
                            646 ;	genSend
                            647 ;	genMove_o size 2 result type 2 source type 7 a_dead 1 hl_dead 1 de_dead 1 iy_dead 1 f_dead 1
   01E9 11rEDs03      [10]  648 	ld	de, #___str_10
                            649 ;	genSend
                            650 ;	genMove_o size 2 result type 2 source type 7 a_dead 1 hl_dead 1 de_dead 0 iy_dead 1 f_dead 1
   01EC 21rB5s02      [10]  651 	ld	hl, #___str_0
                            652 ;	genCall
   01EF CDr00s00      [17]  653 	call	___fail
                            654 ;	genLabel
   01F2                     655 00120$:
                            656 ;cases/bitintrot/bitintrot_width_16_dist_6_storage_static.c:53: ASSERT (t2 == ROL (TESTVECT2));
                            657 ;	genPlus
                            658 ;	genMove_o size 2 result type 2 source type 10 a_dead 1 hl_dead 1 de_dead 1 iy_dead 1 f_dead 1
   01F2 2Ar00s00      [16]  659 	ld	hl, (___numTests)
   01F5 23            [ 6]  660 	inc	hl
                            661 ;	genMove_o size 2 result type 10 source type 2 a_dead 1 hl_dead 1 de_dead 1 iy_dead 1 f_dead 1
   01F6 22r00s00      [16]  662 	ld	(___numTests), hl
                            663 ;	genCmpEq
                            664 ;	genMove_o size 1 result type 2 source type 10 a_dead 1 hl_dead 1 de_dead 0 iy_dead 0 f_dead 1
   01F9 3Ar02s00      [13]  665 	ld	a, (_testRot_t2_10000_13)
   01FC D6 6A         [ 7]  666 	sub	a, #0x6a
                            667 ; common peephole 163 changed absolute to relative conditional jump.
   01FE 20 07         [12]  668 	jr	nz, 00232$
                            669 ;	genMove_o size 1 result type 2 source type 10 a_dead 1 hl_dead 1 de_dead 0 iy_dead 0 f_dead 1
   0200 3Ar03s00      [13]  670 	ld	a, (_testRot_t2_10000_13 + 1)
   0203 D6 95         [ 7]  671 	sub	a, #0x95
                            672 ; common peephole 163 changed absolute to relative conditional jump.
   0205 28 11         [12]  673 	jr	z, 00122$
                            674 ; common peephole 81 removed jp by using inverse jump logic
   0207                     675 00232$:
                            676 ;	skipping generated iCode
                            677 ;	skipping iCode since result will be rematerialized
                            678 ;	skipping iCode since result will be rematerialized
                            679 ;	skipping iCode since result will be rematerialized
                            680 ;	skipping iCode since result will be rematerialized
                            681 ;	skipping iCode since result will be rematerialized
                            682 ;	skipping iCode since result will be rematerialized
                            683 ;	genIpush
                            684 ;	genMove_o size 2 result type 2 source type 1 a_dead 1 hl_dead 1 de_dead 1 iy_dead 1 f_dead 1
   0207 21 35 00      [10]  685 	ld	hl, #0x0035
   020A E5            [11]  686 	push	hl
                            687 ;	genIpush
                            688 ;	genMove_o size 2 result type 2 source type 7 a_dead 1 hl_dead 1 de_dead 1 iy_dead 1 f_dead 1
   020B 21rE2s02      [10]  689 	ld	hl, #___str_2
   020E E5            [11]  690 	push	hl
                            691 ;	genSend
                            692 ;	genMove_o size 2 result type 2 source type 7 a_dead 1 hl_dead 1 de_dead 1 iy_dead 1 f_dead 1
   020F 11r03s04      [10]  693 	ld	de, #___str_11
                            694 ;	genSend
                            695 ;	genMove_o size 2 result type 2 source type 7 a_dead 1 hl_dead 1 de_dead 0 iy_dead 1 f_dead 1
   0212 21rB5s02      [10]  696 	ld	hl, #___str_0
                            697 ;	genCall
   0215 CDr00s00      [17]  698 	call	___fail
                            699 ;	genLabel
   0218                     700 00122$:
                            701 ;cases/bitintrot/bitintrot_width_16_dist_6_storage_static.c:55: t1 = ROR(t1);
                            702 ;	genRightShift
                            703 ;fetchPairLong
   0218 2Ar00s00      [16]  704 	ld	hl, (_testRot_t1_10000_13)
   021B CB 3C         [ 8]  705 	srl	h
   021D CB 1D         [ 8]  706 	rr	l
   021F CB 3C         [ 8]  707 	srl	h
   0221 CB 1D         [ 8]  708 	rr	l
   0223 CB 3C         [ 8]  709 	srl	h
   0225 CB 1D         [ 8]  710 	rr	l
   0227 CB 3C         [ 8]  711 	srl	h
   0229 CB 1D         [ 8]  712 	rr	l
   022B CB 3C         [ 8]  713 	srl	h
   022D CB 1D         [ 8]  714 	rr	l
   022F CB 3C         [ 8]  715 	srl	h
   0231 CB 1D         [ 8]  716 	rr	l
                            717 ;	genLeftShift
   0233 3Ar00s00      [13]  718 	ld	a, (_testRot_t1_10000_13+0)
   0236 87            [ 4]  719 	add	a, a
   0237 87            [ 4]  720 	add	a, a
   0238 4F            [ 4]  721 	ld	c, a
                            722 ; common peephole 1 removed dead load from #0x00 into a.
                            723 ;	genOr
                            724 ;	genMove_o size 1 result type 10 source type 2 a_dead 1 hl_dead 0 de_dead 1 iy_dead 1 f_dead 1
                            725 ; common peephole 57 used direct memory store instead of indirect.
   0239 7D            [ 4]  726 	ld	a, l
                            727 ; common peephole 130h removed unnecessary +0 to immediate
   023A 32r00s00      [13]  728 	ld	(#_testRot_t1_10000_13), a
   023D 79            [ 4]  729 	ld	a, c
   023E B4            [ 4]  730 	or	a, h
                            731 ;	genMove_o size 1 result type 10 source type 2 a_dead 1 hl_dead 1 de_dead 1 iy_dead 1 f_dead 1
   023F 32r01s00      [13]  732 	ld	(_testRot_t1_10000_13+1), a
                            733 ;cases/bitintrot/bitintrot_width_16_dist_6_storage_static.c:56: t2 = ROR(t2);
                            734 ;	genRightShift
                            735 ;fetchPairLong
   0242 2Ar02s00      [16]  736 	ld	hl, (_testRot_t2_10000_13)
   0245 CB 3C         [ 8]  737 	srl	h
   0247 CB 1D         [ 8]  738 	rr	l
   0249 CB 3C         [ 8]  739 	srl	h
   024B CB 1D         [ 8]  740 	rr	l
   024D CB 3C         [ 8]  741 	srl	h
   024F CB 1D         [ 8]  742 	rr	l
   0251 CB 3C         [ 8]  743 	srl	h
   0253 CB 1D         [ 8]  744 	rr	l
   0255 CB 3C         [ 8]  745 	srl	h
   0257 CB 1D         [ 8]  746 	rr	l
   0259 CB 3C         [ 8]  747 	srl	h
   025B CB 1D         [ 8]  748 	rr	l
                            749 ;	genLeftShift
   025D 3Ar02s00      [13]  750 	ld	a, (_testRot_t2_10000_13+0)
   0260 87            [ 4]  751 	add	a, a
   0261 87            [ 4]  752 	add	a, a
   0262 4F            [ 4]  753 	ld	c, a
                            754 ; common peephole 1 removed dead load from #0x00 into a.
                            755 ;	genOr
                            756 ;	genMove_o size 1 result type 10 source type 2 a_dead 1 hl_dead 0 de_dead 1 iy_dead 1 f_dead 1
                            757 ; common peephole 57 used direct memory store instead of indirect.
   0263 7D            [ 4]  758 	ld	a, l
                            759 ; common peephole 130h removed unnecessary +0 to immediate
   0264 32r02s00      [13]  760 	ld	(#_testRot_t2_10000_13), a
   0267 79            [ 4]  761 	ld	a, c
   0268 B4            [ 4]  762 	or	a, h
                            763 ;	genMove_o size 1 result type 10 source type 2 a_dead 1 hl_dead 1 de_dead 1 iy_dead 1 f_dead 1
   0269 32r03s00      [13]  764 	ld	(_testRot_t2_10000_13+1), a
                            765 ;cases/bitintrot/bitintrot_width_16_dist_6_storage_static.c:57: ASSERT (t1 == TESTVECT1);
                            766 ;	genPlus
                            767 ;	genMove_o size 2 result type 2 source type 10 a_dead 1 hl_dead 1 de_dead 1 iy_dead 1 f_dead 1
   026C 2Ar00s00      [16]  768 	ld	hl, (___numTests)
   026F 23            [ 6]  769 	inc	hl
                            770 ;	genMove_o size 2 result type 10 source type 2 a_dead 1 hl_dead 1 de_dead 1 iy_dead 1 f_dead 1
   0270 22r00s00      [16]  771 	ld	(___numTests), hl
                            772 ;	genCmpEq
                            773 ;	genMove_o size 1 result type 2 source type 10 a_dead 1 hl_dead 1 de_dead 0 iy_dead 0 f_dead 1
   0273 3Ar00s00      [13]  774 	ld	a, (_testRot_t1_10000_13)
   0276 D6 A5         [ 7]  775 	sub	a, #0xa5
                            776 ; common peephole 54 used hl instead of iy.
   0278 21r01s00      [10]  777 	ld	hl, #_testRot_t1_10000_13 + 1
   027B B6            [ 7]  778 	or	a, (hl)
                            779 ; common peephole 163 changed absolute to relative conditional jump.
   027C 28 11         [12]  780 	jr	z, 00124$
                            781 ; common peephole 81 removed jp by using inverse jump logic
                            782 ; common peephole 159 removed unused label 00233$.
                            783 ;	skipping generated iCode
                            784 ;	skipping iCode since result will be rematerialized
                            785 ;	skipping iCode since result will be rematerialized
                            786 ;	skipping iCode since result will be rematerialized
                            787 ;	skipping iCode since result will be rematerialized
                            788 ;	skipping iCode since result will be rematerialized
                            789 ;	skipping iCode since result will be rematerialized
                            790 ;	genIpush
                            791 ;	genMove_o size 2 result type 2 source type 1 a_dead 1 hl_dead 1 de_dead 1 iy_dead 1 f_dead 1
   027E 21 39 00      [10]  792 	ld	hl, #0x0039
   0281 E5            [11]  793 	push	hl
                            794 ;	genIpush
                            795 ;	genMove_o size 2 result type 2 source type 7 a_dead 1 hl_dead 1 de_dead 1 iy_dead 1 f_dead 1
   0282 21rE2s02      [10]  796 	ld	hl, #___str_2
   0285 E5            [11]  797 	push	hl
                            798 ;	genSend
                            799 ;	genMove_o size 2 result type 2 source type 7 a_dead 1 hl_dead 1 de_dead 1 iy_dead 1 f_dead 1
   0286 11r19s04      [10]  800 	ld	de, #___str_12
                            801 ;	genSend
                            802 ;	genMove_o size 2 result type 2 source type 7 a_dead 1 hl_dead 1 de_dead 0 iy_dead 1 f_dead 1
   0289 21rB5s02      [10]  803 	ld	hl, #___str_0
                            804 ;	genCall
   028C CDr00s00      [17]  805 	call	___fail
                            806 ;	genLabel
   028F                     807 00124$:
                            808 ;cases/bitintrot/bitintrot_width_16_dist_6_storage_static.c:58: ASSERT (t2 == TESTVECT2);
                            809 ;	genPlus
                            810 ;	genMove_o size 2 result type 2 source type 10 a_dead 1 hl_dead 1 de_dead 1 iy_dead 1 f_dead 1
   028F 2Ar00s00      [16]  811 	ld	hl, (___numTests)
   0292 23            [ 6]  812 	inc	hl
                            813 ;	genMove_o size 2 result type 10 source type 2 a_dead 1 hl_dead 1 de_dead 1 iy_dead 1 f_dead 1
   0293 22r00s00      [16]  814 	ld	(___numTests), hl
                            815 ;	genCmpEq
                            816 ;	genMove_o size 1 result type 2 source type 10 a_dead 1 hl_dead 1 de_dead 0 iy_dead 0 f_dead 1
   0296 3Ar02s00      [13]  817 	ld	a, (_testRot_t2_10000_13)
   0299 D6 55         [ 7]  818 	sub	a, #0x55
                            819 ; common peephole 163 changed absolute to relative conditional jump.
   029B 20 06         [12]  820 	jr	nz, 00234$
                            821 ;	genMove_o size 1 result type 2 source type 10 a_dead 1 hl_dead 1 de_dead 0 iy_dead 0 f_dead 1
   029D 3Ar03s00      [13]  822 	ld	a, (_testRot_t2_10000_13 + 1)
   02A0 D6 AA         [ 7]  823 	sub	a, #0xaa
   02A2 C8            [11]  824 	ret	z
                            825 ; common peephole 161 replaced jump by return.
                            826 ; common peephole 81 removed jp by using inverse jump logic
   02A3                     827 00234$:
                            828 ;	skipping generated iCode
                            829 ;	skipping iCode since result will be rematerialized
                            830 ;	skipping iCode since result will be rematerialized
                            831 ;	skipping iCode since result will be rematerialized
                            832 ;	skipping iCode since result will be rematerialized
                            833 ;	skipping iCode since result will be rematerialized
                            834 ;	skipping iCode since result will be rematerialized
                            835 ;	genIpush
                            836 ;	genMove_o size 2 result type 2 source type 1 a_dead 1 hl_dead 1 de_dead 1 iy_dead 1 f_dead 1
   02A3 21 3A 00      [10]  837 	ld	hl, #0x003a
   02A6 E5            [11]  838 	push	hl
                            839 ;	genIpush
                            840 ;	genMove_o size 2 result type 2 source type 7 a_dead 1 hl_dead 1 de_dead 1 iy_dead 1 f_dead 1
   02A7 21rE2s02      [10]  841 	ld	hl, #___str_2
   02AA E5            [11]  842 	push	hl
                            843 ;	genSend
                            844 ;	genMove_o size 2 result type 2 source type 7 a_dead 1 hl_dead 1 de_dead 1 iy_dead 1 f_dead 1
   02AB 11r29s04      [10]  845 	ld	de, #___str_13
                            846 ;	genSend
                            847 ;	genMove_o size 2 result type 2 source type 7 a_dead 1 hl_dead 1 de_dead 0 iy_dead 1 f_dead 1
   02AE 21rB5s02      [10]  848 	ld	hl, #___str_0
                            849 ;	genCall
   02B1 CDr00s00      [17]  850 	call	___fail
                            851 ;	genLabel
                            852 ; common peephole 159 removed unused label 00101$.
                            853 ;cases/bitintrot/bitintrot_width_16_dist_6_storage_static.c:60: }
                            854 ;	genEndFunction
   02B4 C9            [10]  855 	ret
                            856 ;	Total testRot function size at codegen: 1 bytes.
   02B5                     857 ___str_0:
   02B5 41 73 73 65 72 74   858 	.ascii "Assertion failed"
        69 6F 6E 20 66 61
        69 6C 65 64
   02C5 00                  859 	.db 0x00
   02C6                     860 ___str_1:
   02C6 52 4F 4C 20 28 74   861 	.ascii "ROL (t1) == ROL (TESTVECT1)"
        31 29 20 3D 3D 20
        52 4F 4C 20 28 54
        45 53 54 56 45 43
        54 31 29
   02E1 00                  862 	.db 0x00
   02E2                     863 ___str_2:
   02E2 63 61 73 65 73 2F   864 	.ascii "cases/bitintrot/bitintrot_width_16_dist_6_storage_static.c"
        62 69 74 69 6E 74
        72 6F 74 2F 62 69
        74 69 6E 74 72 6F
        74 5F 77 69 64 74
        68 5F 31 36 5F 64
        69 73 74 5F 36 5F
        73 74 6F 72 61 67
        65 5F 73 74 61 74
        69 63 2E 63
   031C 00                  865 	.db 0x00
   031D                     866 ___str_3:
   031D 52 4F 4C 20 28 74   867 	.ascii "ROL (t2) == ROL (TESTVECT2)"
        32 29 20 3D 3D 20
        52 4F 4C 20 28 54
        45 53 54 56 45 43
        54 32 29
   0338 00                  868 	.db 0x00
   0339                     869 ___str_4:
   0339 52 4F 52 20 28 74   870 	.ascii "ROR (t1) == ROR (TESTVECT1)"
        31 29 20 3D 3D 20
        52 4F 52 20 28 54
        45 53 54 56 45 43
        54 31 29
   0354 00                  871 	.db 0x00
   0355                     872 ___str_5:
   0355 52 4F 52 20 28 74   873 	.ascii "ROR (t2) == ROR (TESTVECT2)"
        32 29 20 3D 3D 20
        52 4F 52 20 28 54
        45 53 54 56 45 43
        54 32 29
   0370 00                  874 	.db 0x00
   0371                     875 ___str_6:
   0371 4E 52 4F 4C 20 28   876 	.ascii "NROL (t1) == NROL (TESTVECT1)"
        74 31 29 20 3D 3D
        20 4E 52 4F 4C 20
        28 54 45 53 54 56
        45 43 54 31 29
   038E 00                  877 	.db 0x00
   038F                     878 ___str_7:
   038F 4E 52 4F 4C 20 28   879 	.ascii "NROL (t2) == NROL (TESTVECT2)"
        74 32 29 20 3D 3D
        20 4E 52 4F 4C 20
        28 54 45 53 54 56
        45 43 54 32 29
   03AC 00                  880 	.db 0x00
   03AD                     881 ___str_8:
   03AD 4E 52 4F 4C 32 20   882 	.ascii "NROL2 (t1) == NROL2 (TESTVECT1)"
        28 74 31 29 20 3D
        3D 20 4E 52 4F 4C
        32 20 28 54 45 53
        54 56 45 43 54 31
        29
   03CC 00                  883 	.db 0x00
   03CD                     884 ___str_9:
   03CD 4E 52 4F 4C 32 20   885 	.ascii "NROL2 (t2) == NROL2 (TESTVECT2)"
        28 74 32 29 20 3D
        3D 20 4E 52 4F 4C
        32 20 28 54 45 53
        54 56 45 43 54 32
        29
   03EC 00                  886 	.db 0x00
   03ED                     887 ___str_10:
   03ED 74 31 20 3D 3D 20   888 	.ascii "t1 == ROL (TESTVECT1)"
        52 4F 4C 20 28 54
        45 53 54 56 45 43
        54 31 29
   0402 00                  889 	.db 0x00
   0403                     890 ___str_11:
   0403 74 32 20 3D 3D 20   891 	.ascii "t2 == ROL (TESTVECT2)"
        52 4F 4C 20 28 54
        45 53 54 56 45 43
        54 32 29
   0418 00                  892 	.db 0x00
   0419                     893 ___str_12:
   0419 74 31 20 3D 3D 20   894 	.ascii "t1 == TESTVECT1"
        54 45 53 54 56 45
        43 54 31
   0428 00                  895 	.db 0x00
   0429                     896 ___str_13:
   0429 74 32 20 3D 3D 20   897 	.ascii "t2 == TESTVECT2"
        54 45 53 54 56 45
        43 54 32
   0438 00                  898 	.db 0x00
                            899 ;cases/bitintrot/bitintrot_width_16_dist_6_storage_static.c:64: __runSuite(void)
                            900 ;	genLabel
                            901 ;	genFunction
                            902 ;	---------------------------------
                            903 ; Function __runSuite
                            904 ; ---------------------------------
                            905 ;	Register assignment is optimal.
                            906 ; Stack space usage: 0 bytes.
   0439                     907 ___runSuite::
                            908 ;cases/bitintrot/bitintrot_width_16_dist_6_storage_static.c:66: __prints("Running testRot\n");
                            909 ;	skipping iCode since result will be rematerialized
                            910 ;	skipping iCode since result will be rematerialized
                            911 ;	genSend
                            912 ;	genMove_o size 2 result type 2 source type 7 a_dead 1 hl_dead 1 de_dead 1 iy_dead 1 f_dead 1
   0439 21r42s04      [10]  913 	ld	hl, #___str_14
                            914 ;	genCall
   043C CDr00s00      [17]  915 	call	___prints
                            916 ;cases/bitintrot/bitintrot_width_16_dist_6_storage_static.c:67: testRot();
                            917 ;	genCall
                            918 ;	genLabel
                            919 ; common peephole 159 removed unused label 00101$.
                            920 ;cases/bitintrot/bitintrot_width_16_dist_6_storage_static.c:68: }
                            921 ;	genEndFunction
   043F C3r00s00      [10]  922 	jp	_testRot
                            923 ; common peephole 152 removed unused ret.
                            924 ;	Total __runSuite function size at codegen: 1 bytes.
   0442                     925 ___str_14:
   0442 52 75 6E 6E 69 6E   926 	.ascii "Running testRot"
        67 20 74 65 73 74
        52 6F 74
   0451 0A                  927 	.db 0x0a
   0452 00                  928 	.db 0x00
                            929 ;cases/bitintrot/bitintrot_width_16_dist_6_storage_static.c:73: __getSuiteName(void)
                            930 ;	genLabel
                            931 ;	genFunction
                            932 ;	---------------------------------
                            933 ; Function __getSuiteName
                            934 ; ---------------------------------
                            935 ;	Register assignment is optimal.
                            936 ; Stack space usage: 0 bytes.
   0453                     937 ___getSuiteName::
                            938 ;cases/bitintrot/bitintrot_width_16_dist_6_storage_static.c:75: return "bitintrot_width_16_dist_6_storage_static";
                            939 ;	skipping iCode since result will be rematerialized
                            940 ;	skipping iCode since result will be rematerialized
                            941 ;	genRet
                            942 ;	genMove_o size 2 result type 2 source type 7 a_dead 1 hl_dead 1 de_dead 1 iy_dead 1 f_dead 1
   0453 11r59s04      [10]  943 	ld	de, #___str_15
                            944 ;	genLabel
                            945 ; common peephole 159 removed unused label 00101$.
                            946 ;cases/bitintrot/bitintrot_width_16_dist_6_storage_static.c:76: }
                            947 ;	genEndFunction
   0456 C9            [10]  948 	ret
                            949 ;	Total __getSuiteName function size at codegen: 1 bytes.
   0457                     950 ___numCases:
   0457 01 00               951 	.dw #0x0001
   0459                     952 ___str_15:
   0459 62 69 74 69 6E 74   953 	.ascii "bitintrot_width_16_dist_6_storage_static"
        72 6F 74 5F 77 69
        64 74 68 5F 31 36
        5F 64 69 73 74 5F
        36 5F 73 74 6F 72
        61 67 65 5F 73 74
        61 74 69 63
   0481 00                  954 	.db 0x00
                            955 	.area _CODE (BANK=_CSEG)
                            956 	.area _INITIALIZER
                            957 	.area _CABS (ABS)
