                              1 ;--------------------------------------------------------
                              2 ; File Created by SDCC : free open source ISO C Compiler
                              3 ; Version 4.6.2 #16710 (Linux)
                              4 ;--------------------------------------------------------
                              5 	.module bitintrot_width_4_dist_6_storage_static
                              6 	
                              7 ;--------------------------------------------------------
                              8 ; Public variables in this module
                              9 ;--------------------------------------------------------
                             10 	.globl _testRot
                             11 	.globl ___prints
                             12 	.globl ___fail
                             13 	.globl ___numCases
                             14 	.globl ___runSuite
                             15 	.globl ___getSuiteName
                             16 ;--------------------------------------------------------
                             17 ; special function registers
                             18 ;--------------------------------------------------------
                             19 ;--------------------------------------------------------
                             20 ; ram data
                             21 ;--------------------------------------------------------
                             22 	.area _DATA (BANK=_DSEG)
   0000                      23 _testRot_t1_10000_13:
   0000                      24 	.ds 1
   0001                      25 _testRot_t2_10000_13:
   0001                      26 	.ds 1
                             27 ;--------------------------------------------------------
                             28 ; ram data
                             29 ;--------------------------------------------------------
                             30 	.area _INITIALIZED
                             31 ;--------------------------------------------------------
                             32 ; absolute ram data
                             33 ;--------------------------------------------------------
                             34 	.area _DABS (ABS)
                             35 	.area _DABS (ABS)
                             36 ;--------------------------------------------------------
                             37 ; global & static initialisations
                             38 ;--------------------------------------------------------
                             39 	.area _HOME
                             40 	.area _GSINIT
                             41 	.area _GSFINAL
                             42 	.area _GSINIT
                             43 ;cases/bitintrot/bitintrot_width_4_dist_6_storage_static.c:38: volatile static bitinttype t1 = TESTVECT1;
                             44 ;	genAssign
                             45 ;	genMove_o size 1 result type 11 source type 1 a_dead 1 hl_dead 1 de_dead 1 iy_dead 1 f_dead 1
   0000 21r00s00      [10]   46 	ld	hl, #_testRot_t1_10000_13
   0003 36 05         [10]   47 	ld	(hl), #0x05
                             48 ;cases/bitintrot/bitintrot_width_4_dist_6_storage_static.c:39: volatile static bitinttype t2 = TESTVECT2;
                             49 ;	genAssign
                             50 ;	genMove_o size 1 result type 11 source type 1 a_dead 1 hl_dead 1 de_dead 1 iy_dead 1 f_dead 1
   0005 21r01s00      [10]   51 	ld	hl, #_testRot_t2_10000_13
   0008 36 05         [10]   52 	ld	(hl), #0x05
                             53 ;--------------------------------------------------------
                             54 ; Home
                             55 ;--------------------------------------------------------
                             56 	.area _HOME (BANK=_CSEG)
                             57 	.area _HOME (BANK=_CSEG)
                             58 ;--------------------------------------------------------
                             59 ; code
                             60 ;--------------------------------------------------------
                             61 	.area _CODE (BANK=_CSEG)
                             62 ;cases/bitintrot/bitintrot_width_4_dist_6_storage_static.c:36: testRot (void)
                             63 ;	genLabel
                             64 ;	genFunction
                             65 ;	---------------------------------
                             66 ; Function testRot
                             67 ; ---------------------------------
                             68 ;	Register assignment might be sub-optimal.
                             69 ; Stack space usage: 0 bytes.
   0000                      70 _testRot::
                             71 ;cases/bitintrot/bitintrot_width_4_dist_6_storage_static.c:41: ASSERT (ROL (t1) == ROL (TESTVECT1));
                             72 ;	genPlus
                             73 ;	genMove_o size 2 result type 2 source type 10 a_dead 1 hl_dead 1 de_dead 1 iy_dead 1 f_dead 1
   0000 2Ar00s00      [16]   74 	ld	hl, (___numTests)
   0003 23            [ 6]   75 	inc	hl
                             76 ;	genMove_o size 2 result type 10 source type 2 a_dead 1 hl_dead 1 de_dead 1 iy_dead 1 f_dead 1
   0004 22r00s00      [16]   77 	ld	(___numTests), hl
                             78 ;	genLeftShift
   0007 3Ar00s00      [13]   79 	ld	a, (_testRot_t1_10000_13+0)
   000A 87            [ 4]   80 	add	a, a
   000B 87            [ 4]   81 	add	a, a
                             82 ; common peephole 9 loaded a from a directly instead of going through c.
                             83 ; common peephole 0a removed redundant load from a into a.
   000C E6 0F         [ 7]   84 	and	a, #0x0f
   000E 4F            [ 4]   85 	ld	c, a
                             86 ;	genRightShift
   000F 3Ar00s00      [13]   87 	ld	a, (_testRot_t1_10000_13+0)
   0012 0F            [ 4]   88 	rrca
   0013 0F            [ 4]   89 	rrca
   0014 E6 3F         [ 7]   90 	and	a, #0x3f
                             91 ;	genOr
   0016 B1            [ 4]   92 	or	a, c
                             93 ;	genMove_o size 1 result type 2 source type 2 a_dead 1 hl_dead 1 de_dead 1 iy_dead 1 f_dead 1
                             94 ;	genCmpEq
   0017 FE 05         [ 7]   95 	cp	a, #0x05
                             96 ; common peephole 163 changed absolute to relative conditional jump.
   0019 28 11         [12]   97 	jr	z, 00104$
                             98 ; common peephole 81 removed jp by using inverse jump logic
                             99 ; common peephole 159 removed unused label 00223$.
                            100 ;	skipping generated iCode
                            101 ;	skipping iCode since result will be rematerialized
                            102 ;	skipping iCode since result will be rematerialized
                            103 ;	skipping iCode since result will be rematerialized
                            104 ;	skipping iCode since result will be rematerialized
                            105 ;	skipping iCode since result will be rematerialized
                            106 ;	skipping iCode since result will be rematerialized
                            107 ;	genIpush
                            108 ;	genMove_o size 2 result type 2 source type 1 a_dead 1 hl_dead 1 de_dead 1 iy_dead 1 f_dead 1
   001B 21 29 00      [10]  109 	ld	hl, #0x0029
   001E E5            [11]  110 	push	hl
                            111 ;	genIpush
                            112 ;	genMove_o size 2 result type 2 source type 7 a_dead 1 hl_dead 1 de_dead 1 iy_dead 1 f_dead 1
   001F 21r31s02      [10]  113 	ld	hl, #___str_2
   0022 E5            [11]  114 	push	hl
                            115 ;	genSend
                            116 ;	genMove_o size 2 result type 2 source type 7 a_dead 1 hl_dead 1 de_dead 1 iy_dead 1 f_dead 1
   0023 11r15s02      [10]  117 	ld	de, #___str_1
                            118 ;	genSend
                            119 ;	genMove_o size 2 result type 2 source type 7 a_dead 1 hl_dead 1 de_dead 0 iy_dead 1 f_dead 1
   0026 21r04s02      [10]  120 	ld	hl, #___str_0
                            121 ;	genCall
   0029 CDr00s00      [17]  122 	call	___fail
                            123 ;	genLabel
   002C                     124 00104$:
                            125 ;cases/bitintrot/bitintrot_width_4_dist_6_storage_static.c:42: ASSERT (ROL (t2) == ROL (TESTVECT2));
                            126 ;	genPlus
                            127 ;	genMove_o size 2 result type 2 source type 10 a_dead 1 hl_dead 1 de_dead 1 iy_dead 1 f_dead 1
   002C 2Ar00s00      [16]  128 	ld	hl, (___numTests)
   002F 23            [ 6]  129 	inc	hl
                            130 ;	genMove_o size 2 result type 10 source type 2 a_dead 1 hl_dead 1 de_dead 1 iy_dead 1 f_dead 1
   0030 22r00s00      [16]  131 	ld	(___numTests), hl
                            132 ;	genLeftShift
   0033 3Ar01s00      [13]  133 	ld	a, (_testRot_t2_10000_13+0)
   0036 87            [ 4]  134 	add	a, a
   0037 87            [ 4]  135 	add	a, a
                            136 ; common peephole 9 loaded a from a directly instead of going through c.
                            137 ; common peephole 0a removed redundant load from a into a.
   0038 E6 0F         [ 7]  138 	and	a, #0x0f
   003A 4F            [ 4]  139 	ld	c, a
                            140 ;	genRightShift
   003B 3Ar01s00      [13]  141 	ld	a, (_testRot_t2_10000_13+0)
   003E 0F            [ 4]  142 	rrca
   003F 0F            [ 4]  143 	rrca
   0040 E6 3F         [ 7]  144 	and	a, #0x3f
                            145 ;	genOr
   0042 B1            [ 4]  146 	or	a, c
                            147 ;	genMove_o size 1 result type 2 source type 2 a_dead 1 hl_dead 1 de_dead 1 iy_dead 1 f_dead 1
                            148 ;	genCmpEq
   0043 FE 05         [ 7]  149 	cp	a, #0x05
                            150 ; common peephole 163 changed absolute to relative conditional jump.
   0045 28 11         [12]  151 	jr	z, 00106$
                            152 ; common peephole 81 removed jp by using inverse jump logic
                            153 ; common peephole 159 removed unused label 00224$.
                            154 ;	skipping generated iCode
                            155 ;	skipping iCode since result will be rematerialized
                            156 ;	skipping iCode since result will be rematerialized
                            157 ;	skipping iCode since result will be rematerialized
                            158 ;	skipping iCode since result will be rematerialized
                            159 ;	skipping iCode since result will be rematerialized
                            160 ;	skipping iCode since result will be rematerialized
                            161 ;	genIpush
                            162 ;	genMove_o size 2 result type 2 source type 1 a_dead 1 hl_dead 1 de_dead 1 iy_dead 1 f_dead 1
   0047 21 2A 00      [10]  163 	ld	hl, #0x002a
   004A E5            [11]  164 	push	hl
                            165 ;	genIpush
                            166 ;	genMove_o size 2 result type 2 source type 7 a_dead 1 hl_dead 1 de_dead 1 iy_dead 1 f_dead 1
   004B 21r31s02      [10]  167 	ld	hl, #___str_2
   004E E5            [11]  168 	push	hl
                            169 ;	genSend
                            170 ;	genMove_o size 2 result type 2 source type 7 a_dead 1 hl_dead 1 de_dead 1 iy_dead 1 f_dead 1
   004F 11r6Bs02      [10]  171 	ld	de, #___str_3
                            172 ;	genSend
                            173 ;	genMove_o size 2 result type 2 source type 7 a_dead 1 hl_dead 1 de_dead 0 iy_dead 1 f_dead 1
   0052 21r04s02      [10]  174 	ld	hl, #___str_0
                            175 ;	genCall
   0055 CDr00s00      [17]  176 	call	___fail
                            177 ;	genLabel
   0058                     178 00106$:
                            179 ;cases/bitintrot/bitintrot_width_4_dist_6_storage_static.c:43: ASSERT (ROR (t1) == ROR (TESTVECT1));
                            180 ;	genPlus
                            181 ;	genMove_o size 2 result type 2 source type 10 a_dead 1 hl_dead 1 de_dead 1 iy_dead 1 f_dead 1
   0058 2Ar00s00      [16]  182 	ld	hl, (___numTests)
   005B 23            [ 6]  183 	inc	hl
                            184 ;	genMove_o size 2 result type 10 source type 2 a_dead 1 hl_dead 1 de_dead 1 iy_dead 1 f_dead 1
   005C 22r00s00      [16]  185 	ld	(___numTests), hl
                            186 ;	genRightShift
                            187 ; common peephole 53 used direct memory load instead of indirect.
   005F 3Ar00s00      [13]  188 	ld	a, (#_testRot_t1_10000_13 + 0)
   0062 4F            [ 4]  189 	ld	c, a
   0063 CB 39         [ 8]  190 	srl	c
   0065 CB 39         [ 8]  191 	srl	c
                            192 ;	genLeftShift
   0067 3Ar00s00      [13]  193 	ld	a, (_testRot_t1_10000_13+0)
   006A 87            [ 4]  194 	add	a, a
   006B 87            [ 4]  195 	add	a, a
   006C E6 0F         [ 7]  196 	and	a, #0x0f
                            197 ;	genOr
   006E B1            [ 4]  198 	or	a, c
                            199 ;	genMove_o size 1 result type 2 source type 2 a_dead 1 hl_dead 1 de_dead 1 iy_dead 1 f_dead 1
                            200 ;	genCmpEq
   006F FE 05         [ 7]  201 	cp	a, #0x05
                            202 ; common peephole 163 changed absolute to relative conditional jump.
   0071 28 11         [12]  203 	jr	z, 00108$
                            204 ; common peephole 81 removed jp by using inverse jump logic
                            205 ; common peephole 159 removed unused label 00225$.
                            206 ;	skipping generated iCode
                            207 ;	skipping iCode since result will be rematerialized
                            208 ;	skipping iCode since result will be rematerialized
                            209 ;	skipping iCode since result will be rematerialized
                            210 ;	skipping iCode since result will be rematerialized
                            211 ;	skipping iCode since result will be rematerialized
                            212 ;	skipping iCode since result will be rematerialized
                            213 ;	genIpush
                            214 ;	genMove_o size 2 result type 2 source type 1 a_dead 1 hl_dead 1 de_dead 1 iy_dead 1 f_dead 1
   0073 21 2B 00      [10]  215 	ld	hl, #0x002b
   0076 E5            [11]  216 	push	hl
                            217 ;	genIpush
                            218 ;	genMove_o size 2 result type 2 source type 7 a_dead 1 hl_dead 1 de_dead 1 iy_dead 1 f_dead 1
   0077 21r31s02      [10]  219 	ld	hl, #___str_2
   007A E5            [11]  220 	push	hl
                            221 ;	genSend
                            222 ;	genMove_o size 2 result type 2 source type 7 a_dead 1 hl_dead 1 de_dead 1 iy_dead 1 f_dead 1
   007B 11r87s02      [10]  223 	ld	de, #___str_4
                            224 ;	genSend
                            225 ;	genMove_o size 2 result type 2 source type 7 a_dead 1 hl_dead 1 de_dead 0 iy_dead 1 f_dead 1
   007E 21r04s02      [10]  226 	ld	hl, #___str_0
                            227 ;	genCall
   0081 CDr00s00      [17]  228 	call	___fail
                            229 ;	genLabel
   0084                     230 00108$:
                            231 ;cases/bitintrot/bitintrot_width_4_dist_6_storage_static.c:44: ASSERT (ROR (t2) == ROR (TESTVECT2));
                            232 ;	genPlus
                            233 ;	genMove_o size 2 result type 2 source type 10 a_dead 1 hl_dead 1 de_dead 1 iy_dead 1 f_dead 1
   0084 2Ar00s00      [16]  234 	ld	hl, (___numTests)
   0087 23            [ 6]  235 	inc	hl
                            236 ;	genMove_o size 2 result type 10 source type 2 a_dead 1 hl_dead 1 de_dead 1 iy_dead 1 f_dead 1
   0088 22r00s00      [16]  237 	ld	(___numTests), hl
                            238 ;	genRightShift
                            239 ; common peephole 53 used direct memory load instead of indirect.
   008B 3Ar01s00      [13]  240 	ld	a, (#_testRot_t2_10000_13 + 0)
   008E 4F            [ 4]  241 	ld	c, a
   008F CB 39         [ 8]  242 	srl	c
   0091 CB 39         [ 8]  243 	srl	c
                            244 ;	genLeftShift
   0093 3Ar01s00      [13]  245 	ld	a, (_testRot_t2_10000_13+0)
   0096 87            [ 4]  246 	add	a, a
   0097 87            [ 4]  247 	add	a, a
   0098 E6 0F         [ 7]  248 	and	a, #0x0f
                            249 ;	genOr
   009A B1            [ 4]  250 	or	a, c
                            251 ;	genMove_o size 1 result type 2 source type 2 a_dead 1 hl_dead 1 de_dead 1 iy_dead 1 f_dead 1
                            252 ;	genCmpEq
   009B FE 05         [ 7]  253 	cp	a, #0x05
                            254 ; common peephole 163 changed absolute to relative conditional jump.
   009D 28 11         [12]  255 	jr	z, 00110$
                            256 ; common peephole 81 removed jp by using inverse jump logic
                            257 ; common peephole 159 removed unused label 00226$.
                            258 ;	skipping generated iCode
                            259 ;	skipping iCode since result will be rematerialized
                            260 ;	skipping iCode since result will be rematerialized
                            261 ;	skipping iCode since result will be rematerialized
                            262 ;	skipping iCode since result will be rematerialized
                            263 ;	skipping iCode since result will be rematerialized
                            264 ;	skipping iCode since result will be rematerialized
                            265 ;	genIpush
                            266 ;	genMove_o size 2 result type 2 source type 1 a_dead 1 hl_dead 1 de_dead 1 iy_dead 1 f_dead 1
   009F 21 2C 00      [10]  267 	ld	hl, #0x002c
   00A2 E5            [11]  268 	push	hl
                            269 ;	genIpush
                            270 ;	genMove_o size 2 result type 2 source type 7 a_dead 1 hl_dead 1 de_dead 1 iy_dead 1 f_dead 1
   00A3 21r31s02      [10]  271 	ld	hl, #___str_2
   00A6 E5            [11]  272 	push	hl
                            273 ;	genSend
                            274 ;	genMove_o size 2 result type 2 source type 7 a_dead 1 hl_dead 1 de_dead 1 iy_dead 1 f_dead 1
   00A7 11rA3s02      [10]  275 	ld	de, #___str_5
                            276 ;	genSend
                            277 ;	genMove_o size 2 result type 2 source type 7 a_dead 1 hl_dead 1 de_dead 0 iy_dead 1 f_dead 1
   00AA 21r04s02      [10]  278 	ld	hl, #___str_0
                            279 ;	genCall
   00AD CDr00s00      [17]  280 	call	___fail
                            281 ;	genLabel
   00B0                     282 00110$:
                            283 ;cases/bitintrot/bitintrot_width_4_dist_6_storage_static.c:45: ASSERT (NROL (t1) == NROL (TESTVECT1));
                            284 ;	genPlus
                            285 ;	genMove_o size 2 result type 2 source type 10 a_dead 1 hl_dead 1 de_dead 1 iy_dead 1 f_dead 1
   00B0 2Ar00s00      [16]  286 	ld	hl, (___numTests)
   00B3 23            [ 6]  287 	inc	hl
                            288 ;	genMove_o size 2 result type 10 source type 2 a_dead 1 hl_dead 1 de_dead 1 iy_dead 1 f_dead 1
   00B4 22r00s00      [16]  289 	ld	(___numTests), hl
                            290 ;	genRightShift
   00B7 3Ar00s00      [13]  291 	ld	a, (_testRot_t1_10000_13+0)
   00BA 0F            [ 4]  292 	rrca
   00BB 0F            [ 4]  293 	rrca
   00BC E6 3F         [ 7]  294 	and	a, #0x3f
                            295 ;	genCmpEq
   00BE FE 01         [ 7]  296 	cp	a, #0x01
                            297 ; common peephole 163 changed absolute to relative conditional jump.
   00C0 28 11         [12]  298 	jr	z, 00112$
                            299 ; common peephole 81 removed jp by using inverse jump logic
                            300 ; common peephole 159 removed unused label 00227$.
                            301 ;	skipping generated iCode
                            302 ;	skipping iCode since result will be rematerialized
                            303 ;	skipping iCode since result will be rematerialized
                            304 ;	skipping iCode since result will be rematerialized
                            305 ;	skipping iCode since result will be rematerialized
                            306 ;	skipping iCode since result will be rematerialized
                            307 ;	skipping iCode since result will be rematerialized
                            308 ;	genIpush
                            309 ;	genMove_o size 2 result type 2 source type 1 a_dead 1 hl_dead 1 de_dead 1 iy_dead 1 f_dead 1
   00C2 21 2D 00      [10]  310 	ld	hl, #0x002d
   00C5 E5            [11]  311 	push	hl
                            312 ;	genIpush
                            313 ;	genMove_o size 2 result type 2 source type 7 a_dead 1 hl_dead 1 de_dead 1 iy_dead 1 f_dead 1
   00C6 21r31s02      [10]  314 	ld	hl, #___str_2
   00C9 E5            [11]  315 	push	hl
                            316 ;	genSend
                            317 ;	genMove_o size 2 result type 2 source type 7 a_dead 1 hl_dead 1 de_dead 1 iy_dead 1 f_dead 1
   00CA 11rBFs02      [10]  318 	ld	de, #___str_6
                            319 ;	genSend
                            320 ;	genMove_o size 2 result type 2 source type 7 a_dead 1 hl_dead 1 de_dead 0 iy_dead 1 f_dead 1
   00CD 21r04s02      [10]  321 	ld	hl, #___str_0
                            322 ;	genCall
   00D0 CDr00s00      [17]  323 	call	___fail
                            324 ;	genLabel
   00D3                     325 00112$:
                            326 ;cases/bitintrot/bitintrot_width_4_dist_6_storage_static.c:46: ASSERT (NROL (t2) == NROL (TESTVECT2));
                            327 ;	genPlus
                            328 ;	genMove_o size 2 result type 2 source type 10 a_dead 1 hl_dead 1 de_dead 1 iy_dead 1 f_dead 1
   00D3 2Ar00s00      [16]  329 	ld	hl, (___numTests)
   00D6 23            [ 6]  330 	inc	hl
                            331 ;	genMove_o size 2 result type 10 source type 2 a_dead 1 hl_dead 1 de_dead 1 iy_dead 1 f_dead 1
   00D7 22r00s00      [16]  332 	ld	(___numTests), hl
                            333 ;	genRightShift
   00DA 3Ar01s00      [13]  334 	ld	a, (_testRot_t2_10000_13+0)
   00DD 0F            [ 4]  335 	rrca
   00DE 0F            [ 4]  336 	rrca
   00DF E6 3F         [ 7]  337 	and	a, #0x3f
                            338 ;	genCmpEq
   00E1 FE 01         [ 7]  339 	cp	a, #0x01
                            340 ; common peephole 163 changed absolute to relative conditional jump.
   00E3 28 11         [12]  341 	jr	z, 00114$
                            342 ; common peephole 81 removed jp by using inverse jump logic
                            343 ; common peephole 159 removed unused label 00228$.
                            344 ;	skipping generated iCode
                            345 ;	skipping iCode since result will be rematerialized
                            346 ;	skipping iCode since result will be rematerialized
                            347 ;	skipping iCode since result will be rematerialized
                            348 ;	skipping iCode since result will be rematerialized
                            349 ;	skipping iCode since result will be rematerialized
                            350 ;	skipping iCode since result will be rematerialized
                            351 ;	genIpush
                            352 ;	genMove_o size 2 result type 2 source type 1 a_dead 1 hl_dead 1 de_dead 1 iy_dead 1 f_dead 1
   00E5 21 2E 00      [10]  353 	ld	hl, #0x002e
   00E8 E5            [11]  354 	push	hl
                            355 ;	genIpush
                            356 ;	genMove_o size 2 result type 2 source type 7 a_dead 1 hl_dead 1 de_dead 1 iy_dead 1 f_dead 1
   00E9 21r31s02      [10]  357 	ld	hl, #___str_2
   00EC E5            [11]  358 	push	hl
                            359 ;	genSend
                            360 ;	genMove_o size 2 result type 2 source type 7 a_dead 1 hl_dead 1 de_dead 1 iy_dead 1 f_dead 1
   00ED 11rDDs02      [10]  361 	ld	de, #___str_7
                            362 ;	genSend
                            363 ;	genMove_o size 2 result type 2 source type 7 a_dead 1 hl_dead 1 de_dead 0 iy_dead 1 f_dead 1
   00F0 21r04s02      [10]  364 	ld	hl, #___str_0
                            365 ;	genCall
   00F3 CDr00s00      [17]  366 	call	___fail
                            367 ;	genLabel
   00F6                     368 00114$:
                            369 ;cases/bitintrot/bitintrot_width_4_dist_6_storage_static.c:47: ASSERT (NROL2 (t1) == NROL2 (TESTVECT1));
                            370 ;	genPlus
                            371 ;	genMove_o size 2 result type 2 source type 10 a_dead 1 hl_dead 1 de_dead 1 iy_dead 1 f_dead 1
   00F6 2Ar00s00      [16]  372 	ld	hl, (___numTests)
   00F9 23            [ 6]  373 	inc	hl
                            374 ;	genMove_o size 2 result type 10 source type 2 a_dead 1 hl_dead 1 de_dead 1 iy_dead 1 f_dead 1
   00FA 22r00s00      [16]  375 	ld	(___numTests), hl
                            376 ;	genLeftShift
   00FD 3Ar00s00      [13]  377 	ld	a, (_testRot_t1_10000_13+0)
   0100 87            [ 4]  378 	add	a, a
   0101 87            [ 4]  379 	add	a, a
   0102 E6 0F         [ 7]  380 	and	a, #0x0f
                            381 ;	genCmpEq
   0104 FE 04         [ 7]  382 	cp	a, #0x04
                            383 ; common peephole 163 changed absolute to relative conditional jump.
   0106 28 11         [12]  384 	jr	z, 00116$
                            385 ; common peephole 81 removed jp by using inverse jump logic
                            386 ; common peephole 159 removed unused label 00229$.
                            387 ;	skipping generated iCode
                            388 ;	skipping iCode since result will be rematerialized
                            389 ;	skipping iCode since result will be rematerialized
                            390 ;	skipping iCode since result will be rematerialized
                            391 ;	skipping iCode since result will be rematerialized
                            392 ;	skipping iCode since result will be rematerialized
                            393 ;	skipping iCode since result will be rematerialized
                            394 ;	genIpush
                            395 ;	genMove_o size 2 result type 2 source type 1 a_dead 1 hl_dead 1 de_dead 1 iy_dead 1 f_dead 1
   0108 21 2F 00      [10]  396 	ld	hl, #0x002f
   010B E5            [11]  397 	push	hl
                            398 ;	genIpush
                            399 ;	genMove_o size 2 result type 2 source type 7 a_dead 1 hl_dead 1 de_dead 1 iy_dead 1 f_dead 1
   010C 21r31s02      [10]  400 	ld	hl, #___str_2
   010F E5            [11]  401 	push	hl
                            402 ;	genSend
                            403 ;	genMove_o size 2 result type 2 source type 7 a_dead 1 hl_dead 1 de_dead 1 iy_dead 1 f_dead 1
   0110 11rFBs02      [10]  404 	ld	de, #___str_8
                            405 ;	genSend
                            406 ;	genMove_o size 2 result type 2 source type 7 a_dead 1 hl_dead 1 de_dead 0 iy_dead 1 f_dead 1
   0113 21r04s02      [10]  407 	ld	hl, #___str_0
                            408 ;	genCall
   0116 CDr00s00      [17]  409 	call	___fail
                            410 ;	genLabel
   0119                     411 00116$:
                            412 ;cases/bitintrot/bitintrot_width_4_dist_6_storage_static.c:48: ASSERT (NROL2 (t2) == NROL2 (TESTVECT2));
                            413 ;	genPlus
                            414 ;	genMove_o size 2 result type 2 source type 10 a_dead 1 hl_dead 1 de_dead 1 iy_dead 1 f_dead 1
   0119 2Ar00s00      [16]  415 	ld	hl, (___numTests)
   011C 23            [ 6]  416 	inc	hl
                            417 ;	genMove_o size 2 result type 10 source type 2 a_dead 1 hl_dead 1 de_dead 1 iy_dead 1 f_dead 1
   011D 22r00s00      [16]  418 	ld	(___numTests), hl
                            419 ;	genLeftShift
   0120 3Ar01s00      [13]  420 	ld	a, (_testRot_t2_10000_13+0)
   0123 87            [ 4]  421 	add	a, a
   0124 87            [ 4]  422 	add	a, a
   0125 E6 0F         [ 7]  423 	and	a, #0x0f
                            424 ;	genCmpEq
   0127 FE 04         [ 7]  425 	cp	a, #0x04
                            426 ; common peephole 163 changed absolute to relative conditional jump.
   0129 28 11         [12]  427 	jr	z, 00118$
                            428 ; common peephole 81 removed jp by using inverse jump logic
                            429 ; common peephole 159 removed unused label 00230$.
                            430 ;	skipping generated iCode
                            431 ;	skipping iCode since result will be rematerialized
                            432 ;	skipping iCode since result will be rematerialized
                            433 ;	skipping iCode since result will be rematerialized
                            434 ;	skipping iCode since result will be rematerialized
                            435 ;	skipping iCode since result will be rematerialized
                            436 ;	skipping iCode since result will be rematerialized
                            437 ;	genIpush
                            438 ;	genMove_o size 2 result type 2 source type 1 a_dead 1 hl_dead 1 de_dead 1 iy_dead 1 f_dead 1
   012B 21 30 00      [10]  439 	ld	hl, #0x0030
   012E E5            [11]  440 	push	hl
                            441 ;	genIpush
                            442 ;	genMove_o size 2 result type 2 source type 7 a_dead 1 hl_dead 1 de_dead 1 iy_dead 1 f_dead 1
   012F 21r31s02      [10]  443 	ld	hl, #___str_2
   0132 E5            [11]  444 	push	hl
                            445 ;	genSend
                            446 ;	genMove_o size 2 result type 2 source type 7 a_dead 1 hl_dead 1 de_dead 1 iy_dead 1 f_dead 1
   0133 11r1Bs03      [10]  447 	ld	de, #___str_9
                            448 ;	genSend
                            449 ;	genMove_o size 2 result type 2 source type 7 a_dead 1 hl_dead 1 de_dead 0 iy_dead 1 f_dead 1
   0136 21r04s02      [10]  450 	ld	hl, #___str_0
                            451 ;	genCall
   0139 CDr00s00      [17]  452 	call	___fail
                            453 ;	genLabel
   013C                     454 00118$:
                            455 ;cases/bitintrot/bitintrot_width_4_dist_6_storage_static.c:50: t1 = ROL(t1);
                            456 ;	genLeftShift
   013C 3Ar00s00      [13]  457 	ld	a, (_testRot_t1_10000_13+0)
   013F 87            [ 4]  458 	add	a, a
   0140 87            [ 4]  459 	add	a, a
                            460 ; common peephole 9 loaded a from a directly instead of going through c.
                            461 ; common peephole 0a removed redundant load from a into a.
   0141 E6 0F         [ 7]  462 	and	a, #0x0f
   0143 4F            [ 4]  463 	ld	c, a
                            464 ;	genRightShift
   0144 3Ar00s00      [13]  465 	ld	a, (_testRot_t1_10000_13+0)
   0147 0F            [ 4]  466 	rrca
   0148 0F            [ 4]  467 	rrca
   0149 E6 3F         [ 7]  468 	and	a, #0x3f
                            469 ;	genOr
   014B B1            [ 4]  470 	or	a, c
                            471 ;	genMove_o size 1 result type 11 source type 2 a_dead 1 hl_dead 1 de_dead 1 iy_dead 1 f_dead 1
   014C 32r00s00      [13]  472 	ld	(#_testRot_t1_10000_13), a
                            473 ; common peephole 19 loaded (#_testRot_t1_10000_13) from a directly instead of using hl.
                            474 ;cases/bitintrot/bitintrot_width_4_dist_6_storage_static.c:51: t2 = ROL(t2);
                            475 ;	genLeftShift
   014F 3Ar01s00      [13]  476 	ld	a, (_testRot_t2_10000_13+0)
   0152 87            [ 4]  477 	add	a, a
   0153 87            [ 4]  478 	add	a, a
                            479 ; common peephole 9 loaded a from a directly instead of going through c.
                            480 ; common peephole 0a removed redundant load from a into a.
   0154 E6 0F         [ 7]  481 	and	a, #0x0f
   0156 4F            [ 4]  482 	ld	c, a
                            483 ;	genRightShift
   0157 3Ar01s00      [13]  484 	ld	a, (_testRot_t2_10000_13+0)
   015A 0F            [ 4]  485 	rrca
   015B 0F            [ 4]  486 	rrca
   015C E6 3F         [ 7]  487 	and	a, #0x3f
                            488 ;	genOr
   015E B1            [ 4]  489 	or	a, c
                            490 ;	genMove_o size 1 result type 11 source type 2 a_dead 1 hl_dead 1 de_dead 1 iy_dead 1 f_dead 1
   015F 32r01s00      [13]  491 	ld	(#_testRot_t2_10000_13), a
                            492 ; common peephole 19 loaded (#_testRot_t2_10000_13) from a directly instead of using hl.
                            493 ;cases/bitintrot/bitintrot_width_4_dist_6_storage_static.c:52: ASSERT (t1 == ROL (TESTVECT1));
                            494 ;	genPlus
                            495 ;	genMove_o size 2 result type 2 source type 10 a_dead 1 hl_dead 1 de_dead 1 iy_dead 1 f_dead 1
   0162 2Ar00s00      [16]  496 	ld	hl, (___numTests)
   0165 23            [ 6]  497 	inc	hl
                            498 ;	genMove_o size 2 result type 10 source type 2 a_dead 1 hl_dead 1 de_dead 1 iy_dead 1 f_dead 1
   0166 22r00s00      [16]  499 	ld	(___numTests), hl
                            500 ;	genCmpEq
                            501 ;	genMove_o size 1 result type 2 source type 10 a_dead 1 hl_dead 1 de_dead 0 iy_dead 0 f_dead 1
   0169 3Ar00s00      [13]  502 	ld	a, (_testRot_t1_10000_13)
   016C D6 05         [ 7]  503 	sub	a, #0x05
                            504 ; common peephole 163 changed absolute to relative conditional jump.
   016E 28 11         [12]  505 	jr	z, 00120$
                            506 ; common peephole 81 removed jp by using inverse jump logic
                            507 ; common peephole 159 removed unused label 00231$.
                            508 ;	skipping generated iCode
                            509 ;	skipping iCode since result will be rematerialized
                            510 ;	skipping iCode since result will be rematerialized
                            511 ;	skipping iCode since result will be rematerialized
                            512 ;	skipping iCode since result will be rematerialized
                            513 ;	skipping iCode since result will be rematerialized
                            514 ;	skipping iCode since result will be rematerialized
                            515 ;	genIpush
                            516 ;	genMove_o size 2 result type 2 source type 1 a_dead 1 hl_dead 1 de_dead 1 iy_dead 1 f_dead 1
   0170 21 34 00      [10]  517 	ld	hl, #0x0034
   0173 E5            [11]  518 	push	hl
                            519 ;	genIpush
                            520 ;	genMove_o size 2 result type 2 source type 7 a_dead 1 hl_dead 1 de_dead 1 iy_dead 1 f_dead 1
   0174 21r31s02      [10]  521 	ld	hl, #___str_2
   0177 E5            [11]  522 	push	hl
                            523 ;	genSend
                            524 ;	genMove_o size 2 result type 2 source type 7 a_dead 1 hl_dead 1 de_dead 1 iy_dead 1 f_dead 1
   0178 11r3Bs03      [10]  525 	ld	de, #___str_10
                            526 ;	genSend
                            527 ;	genMove_o size 2 result type 2 source type 7 a_dead 1 hl_dead 1 de_dead 0 iy_dead 1 f_dead 1
   017B 21r04s02      [10]  528 	ld	hl, #___str_0
                            529 ;	genCall
   017E CDr00s00      [17]  530 	call	___fail
                            531 ;	genLabel
   0181                     532 00120$:
                            533 ;cases/bitintrot/bitintrot_width_4_dist_6_storage_static.c:53: ASSERT (t2 == ROL (TESTVECT2));
                            534 ;	genPlus
                            535 ;	genMove_o size 2 result type 2 source type 10 a_dead 1 hl_dead 1 de_dead 1 iy_dead 1 f_dead 1
   0181 2Ar00s00      [16]  536 	ld	hl, (___numTests)
   0184 23            [ 6]  537 	inc	hl
                            538 ;	genMove_o size 2 result type 10 source type 2 a_dead 1 hl_dead 1 de_dead 1 iy_dead 1 f_dead 1
   0185 22r00s00      [16]  539 	ld	(___numTests), hl
                            540 ;	genCmpEq
                            541 ;	genMove_o size 1 result type 2 source type 10 a_dead 1 hl_dead 1 de_dead 0 iy_dead 0 f_dead 1
   0188 3Ar01s00      [13]  542 	ld	a, (_testRot_t2_10000_13)
   018B D6 05         [ 7]  543 	sub	a, #0x05
                            544 ; common peephole 163 changed absolute to relative conditional jump.
   018D 28 11         [12]  545 	jr	z, 00122$
                            546 ; common peephole 81 removed jp by using inverse jump logic
                            547 ; common peephole 159 removed unused label 00232$.
                            548 ;	skipping generated iCode
                            549 ;	skipping iCode since result will be rematerialized
                            550 ;	skipping iCode since result will be rematerialized
                            551 ;	skipping iCode since result will be rematerialized
                            552 ;	skipping iCode since result will be rematerialized
                            553 ;	skipping iCode since result will be rematerialized
                            554 ;	skipping iCode since result will be rematerialized
                            555 ;	genIpush
                            556 ;	genMove_o size 2 result type 2 source type 1 a_dead 1 hl_dead 1 de_dead 1 iy_dead 1 f_dead 1
   018F 21 35 00      [10]  557 	ld	hl, #0x0035
   0192 E5            [11]  558 	push	hl
                            559 ;	genIpush
                            560 ;	genMove_o size 2 result type 2 source type 7 a_dead 1 hl_dead 1 de_dead 1 iy_dead 1 f_dead 1
   0193 21r31s02      [10]  561 	ld	hl, #___str_2
   0196 E5            [11]  562 	push	hl
                            563 ;	genSend
                            564 ;	genMove_o size 2 result type 2 source type 7 a_dead 1 hl_dead 1 de_dead 1 iy_dead 1 f_dead 1
   0197 11r51s03      [10]  565 	ld	de, #___str_11
                            566 ;	genSend
                            567 ;	genMove_o size 2 result type 2 source type 7 a_dead 1 hl_dead 1 de_dead 0 iy_dead 1 f_dead 1
   019A 21r04s02      [10]  568 	ld	hl, #___str_0
                            569 ;	genCall
   019D CDr00s00      [17]  570 	call	___fail
                            571 ;	genLabel
   01A0                     572 00122$:
                            573 ;cases/bitintrot/bitintrot_width_4_dist_6_storage_static.c:55: t1 = ROR(t1);
                            574 ;	genRightShift
                            575 ; common peephole 53 used direct memory load instead of indirect.
   01A0 3Ar00s00      [13]  576 	ld	a, (#_testRot_t1_10000_13 + 0)
   01A3 4F            [ 4]  577 	ld	c, a
   01A4 CB 39         [ 8]  578 	srl	c
   01A6 CB 39         [ 8]  579 	srl	c
                            580 ;	genLeftShift
   01A8 3Ar00s00      [13]  581 	ld	a, (_testRot_t1_10000_13+0)
   01AB 87            [ 4]  582 	add	a, a
   01AC 87            [ 4]  583 	add	a, a
   01AD E6 0F         [ 7]  584 	and	a, #0x0f
                            585 ;	genOr
   01AF B1            [ 4]  586 	or	a, c
                            587 ;	genMove_o size 1 result type 11 source type 2 a_dead 1 hl_dead 1 de_dead 1 iy_dead 1 f_dead 1
   01B0 32r00s00      [13]  588 	ld	(#_testRot_t1_10000_13), a
                            589 ; common peephole 19 loaded (#_testRot_t1_10000_13) from a directly instead of using hl.
                            590 ;cases/bitintrot/bitintrot_width_4_dist_6_storage_static.c:56: t2 = ROR(t2);
                            591 ;	genRightShift
                            592 ; common peephole 53 used direct memory load instead of indirect.
   01B3 3Ar01s00      [13]  593 	ld	a, (#_testRot_t2_10000_13 + 0)
   01B6 4F            [ 4]  594 	ld	c, a
   01B7 CB 39         [ 8]  595 	srl	c
   01B9 CB 39         [ 8]  596 	srl	c
                            597 ;	genLeftShift
   01BB 3Ar01s00      [13]  598 	ld	a, (_testRot_t2_10000_13+0)
   01BE 87            [ 4]  599 	add	a, a
   01BF 87            [ 4]  600 	add	a, a
   01C0 E6 0F         [ 7]  601 	and	a, #0x0f
                            602 ;	genOr
   01C2 B1            [ 4]  603 	or	a, c
                            604 ;	genMove_o size 1 result type 11 source type 2 a_dead 1 hl_dead 1 de_dead 1 iy_dead 1 f_dead 1
   01C3 32r01s00      [13]  605 	ld	(#_testRot_t2_10000_13), a
                            606 ; common peephole 19 loaded (#_testRot_t2_10000_13) from a directly instead of using hl.
                            607 ;cases/bitintrot/bitintrot_width_4_dist_6_storage_static.c:57: ASSERT (t1 == TESTVECT1);
                            608 ;	genPlus
                            609 ;	genMove_o size 2 result type 2 source type 10 a_dead 1 hl_dead 1 de_dead 1 iy_dead 1 f_dead 1
   01C6 2Ar00s00      [16]  610 	ld	hl, (___numTests)
   01C9 23            [ 6]  611 	inc	hl
                            612 ;	genMove_o size 2 result type 10 source type 2 a_dead 1 hl_dead 1 de_dead 1 iy_dead 1 f_dead 1
   01CA 22r00s00      [16]  613 	ld	(___numTests), hl
                            614 ;	genCmpEq
                            615 ;	genMove_o size 1 result type 2 source type 10 a_dead 1 hl_dead 1 de_dead 0 iy_dead 0 f_dead 1
   01CD 3Ar00s00      [13]  616 	ld	a, (_testRot_t1_10000_13)
   01D0 D6 05         [ 7]  617 	sub	a, #0x05
                            618 ; common peephole 163 changed absolute to relative conditional jump.
   01D2 28 11         [12]  619 	jr	z, 00124$
                            620 ; common peephole 81 removed jp by using inverse jump logic
                            621 ; common peephole 159 removed unused label 00233$.
                            622 ;	skipping generated iCode
                            623 ;	skipping iCode since result will be rematerialized
                            624 ;	skipping iCode since result will be rematerialized
                            625 ;	skipping iCode since result will be rematerialized
                            626 ;	skipping iCode since result will be rematerialized
                            627 ;	skipping iCode since result will be rematerialized
                            628 ;	skipping iCode since result will be rematerialized
                            629 ;	genIpush
                            630 ;	genMove_o size 2 result type 2 source type 1 a_dead 1 hl_dead 1 de_dead 1 iy_dead 1 f_dead 1
   01D4 21 39 00      [10]  631 	ld	hl, #0x0039
   01D7 E5            [11]  632 	push	hl
                            633 ;	genIpush
                            634 ;	genMove_o size 2 result type 2 source type 7 a_dead 1 hl_dead 1 de_dead 1 iy_dead 1 f_dead 1
   01D8 21r31s02      [10]  635 	ld	hl, #___str_2
   01DB E5            [11]  636 	push	hl
                            637 ;	genSend
                            638 ;	genMove_o size 2 result type 2 source type 7 a_dead 1 hl_dead 1 de_dead 1 iy_dead 1 f_dead 1
   01DC 11r67s03      [10]  639 	ld	de, #___str_12
                            640 ;	genSend
                            641 ;	genMove_o size 2 result type 2 source type 7 a_dead 1 hl_dead 1 de_dead 0 iy_dead 1 f_dead 1
   01DF 21r04s02      [10]  642 	ld	hl, #___str_0
                            643 ;	genCall
   01E2 CDr00s00      [17]  644 	call	___fail
                            645 ;	genLabel
   01E5                     646 00124$:
                            647 ;cases/bitintrot/bitintrot_width_4_dist_6_storage_static.c:58: ASSERT (t2 == TESTVECT2);
                            648 ;	genPlus
                            649 ;	genMove_o size 2 result type 2 source type 10 a_dead 1 hl_dead 1 de_dead 1 iy_dead 1 f_dead 1
   01E5 2Ar00s00      [16]  650 	ld	hl, (___numTests)
   01E8 23            [ 6]  651 	inc	hl
                            652 ;	genMove_o size 2 result type 10 source type 2 a_dead 1 hl_dead 1 de_dead 1 iy_dead 1 f_dead 1
   01E9 22r00s00      [16]  653 	ld	(___numTests), hl
                            654 ;	genCmpEq
                            655 ;	genMove_o size 1 result type 2 source type 10 a_dead 1 hl_dead 1 de_dead 0 iy_dead 0 f_dead 1
   01EC 3Ar01s00      [13]  656 	ld	a, (_testRot_t2_10000_13)
   01EF D6 05         [ 7]  657 	sub	a, #0x05
   01F1 C8            [11]  658 	ret	z
                            659 ; common peephole 161 replaced jump by return.
                            660 ; common peephole 81 removed jp by using inverse jump logic
                            661 ; common peephole 159 removed unused label 00234$.
                            662 ;	skipping generated iCode
                            663 ;	skipping iCode since result will be rematerialized
                            664 ;	skipping iCode since result will be rematerialized
                            665 ;	skipping iCode since result will be rematerialized
                            666 ;	skipping iCode since result will be rematerialized
                            667 ;	skipping iCode since result will be rematerialized
                            668 ;	skipping iCode since result will be rematerialized
                            669 ;	genIpush
                            670 ;	genMove_o size 2 result type 2 source type 1 a_dead 1 hl_dead 1 de_dead 1 iy_dead 1 f_dead 1
   01F2 21 3A 00      [10]  671 	ld	hl, #0x003a
   01F5 E5            [11]  672 	push	hl
                            673 ;	genIpush
                            674 ;	genMove_o size 2 result type 2 source type 7 a_dead 1 hl_dead 1 de_dead 1 iy_dead 1 f_dead 1
   01F6 21r31s02      [10]  675 	ld	hl, #___str_2
   01F9 E5            [11]  676 	push	hl
                            677 ;	genSend
                            678 ;	genMove_o size 2 result type 2 source type 7 a_dead 1 hl_dead 1 de_dead 1 iy_dead 1 f_dead 1
   01FA 11r77s03      [10]  679 	ld	de, #___str_13
                            680 ;	genSend
                            681 ;	genMove_o size 2 result type 2 source type 7 a_dead 1 hl_dead 1 de_dead 0 iy_dead 1 f_dead 1
   01FD 21r04s02      [10]  682 	ld	hl, #___str_0
                            683 ;	genCall
   0200 CDr00s00      [17]  684 	call	___fail
                            685 ;	genLabel
                            686 ; common peephole 159 removed unused label 00101$.
                            687 ;cases/bitintrot/bitintrot_width_4_dist_6_storage_static.c:60: }
                            688 ;	genEndFunction
   0203 C9            [10]  689 	ret
                            690 ;	Total testRot function size at codegen: 1 bytes.
   0204                     691 ___str_0:
   0204 41 73 73 65 72 74   692 	.ascii "Assertion failed"
        69 6F 6E 20 66 61
        69 6C 65 64
   0214 00                  693 	.db 0x00
   0215                     694 ___str_1:
   0215 52 4F 4C 20 28 74   695 	.ascii "ROL (t1) == ROL (TESTVECT1)"
        31 29 20 3D 3D 20
        52 4F 4C 20 28 54
        45 53 54 56 45 43
        54 31 29
   0230 00                  696 	.db 0x00
   0231                     697 ___str_2:
   0231 63 61 73 65 73 2F   698 	.ascii "cases/bitintrot/bitintrot_width_4_dist_6_storage_static.c"
        62 69 74 69 6E 74
        72 6F 74 2F 62 69
        74 69 6E 74 72 6F
        74 5F 77 69 64 74
        68 5F 34 5F 64 69
        73 74 5F 36 5F 73
        74 6F 72 61 67 65
        5F 73 74 61 74 69
        63 2E 63
   026A 00                  699 	.db 0x00
   026B                     700 ___str_3:
   026B 52 4F 4C 20 28 74   701 	.ascii "ROL (t2) == ROL (TESTVECT2)"
        32 29 20 3D 3D 20
        52 4F 4C 20 28 54
        45 53 54 56 45 43
        54 32 29
   0286 00                  702 	.db 0x00
   0287                     703 ___str_4:
   0287 52 4F 52 20 28 74   704 	.ascii "ROR (t1) == ROR (TESTVECT1)"
        31 29 20 3D 3D 20
        52 4F 52 20 28 54
        45 53 54 56 45 43
        54 31 29
   02A2 00                  705 	.db 0x00
   02A3                     706 ___str_5:
   02A3 52 4F 52 20 28 74   707 	.ascii "ROR (t2) == ROR (TESTVECT2)"
        32 29 20 3D 3D 20
        52 4F 52 20 28 54
        45 53 54 56 45 43
        54 32 29
   02BE 00                  708 	.db 0x00
   02BF                     709 ___str_6:
   02BF 4E 52 4F 4C 20 28   710 	.ascii "NROL (t1) == NROL (TESTVECT1)"
        74 31 29 20 3D 3D
        20 4E 52 4F 4C 20
        28 54 45 53 54 56
        45 43 54 31 29
   02DC 00                  711 	.db 0x00
   02DD                     712 ___str_7:
   02DD 4E 52 4F 4C 20 28   713 	.ascii "NROL (t2) == NROL (TESTVECT2)"
        74 32 29 20 3D 3D
        20 4E 52 4F 4C 20
        28 54 45 53 54 56
        45 43 54 32 29
   02FA 00                  714 	.db 0x00
   02FB                     715 ___str_8:
   02FB 4E 52 4F 4C 32 20   716 	.ascii "NROL2 (t1) == NROL2 (TESTVECT1)"
        28 74 31 29 20 3D
        3D 20 4E 52 4F 4C
        32 20 28 54 45 53
        54 56 45 43 54 31
        29
   031A 00                  717 	.db 0x00
   031B                     718 ___str_9:
   031B 4E 52 4F 4C 32 20   719 	.ascii "NROL2 (t2) == NROL2 (TESTVECT2)"
        28 74 32 29 20 3D
        3D 20 4E 52 4F 4C
        32 20 28 54 45 53
        54 56 45 43 54 32
        29
   033A 00                  720 	.db 0x00
   033B                     721 ___str_10:
   033B 74 31 20 3D 3D 20   722 	.ascii "t1 == ROL (TESTVECT1)"
        52 4F 4C 20 28 54
        45 53 54 56 45 43
        54 31 29
   0350 00                  723 	.db 0x00
   0351                     724 ___str_11:
   0351 74 32 20 3D 3D 20   725 	.ascii "t2 == ROL (TESTVECT2)"
        52 4F 4C 20 28 54
        45 53 54 56 45 43
        54 32 29
   0366 00                  726 	.db 0x00
   0367                     727 ___str_12:
   0367 74 31 20 3D 3D 20   728 	.ascii "t1 == TESTVECT1"
        54 45 53 54 56 45
        43 54 31
   0376 00                  729 	.db 0x00
   0377                     730 ___str_13:
   0377 74 32 20 3D 3D 20   731 	.ascii "t2 == TESTVECT2"
        54 45 53 54 56 45
        43 54 32
   0386 00                  732 	.db 0x00
                            733 ;cases/bitintrot/bitintrot_width_4_dist_6_storage_static.c:64: __runSuite(void)
                            734 ;	genLabel
                            735 ;	genFunction
                            736 ;	---------------------------------
                            737 ; Function __runSuite
                            738 ; ---------------------------------
                            739 ;	Register assignment is optimal.
                            740 ; Stack space usage: 0 bytes.
   0387                     741 ___runSuite::
                            742 ;cases/bitintrot/bitintrot_width_4_dist_6_storage_static.c:66: __prints("Running testRot\n");
                            743 ;	skipping iCode since result will be rematerialized
                            744 ;	skipping iCode since result will be rematerialized
                            745 ;	genSend
                            746 ;	genMove_o size 2 result type 2 source type 7 a_dead 1 hl_dead 1 de_dead 1 iy_dead 1 f_dead 1
   0387 21r90s03      [10]  747 	ld	hl, #___str_14
                            748 ;	genCall
   038A CDr00s00      [17]  749 	call	___prints
                            750 ;cases/bitintrot/bitintrot_width_4_dist_6_storage_static.c:67: testRot();
                            751 ;	genCall
                            752 ;	genLabel
                            753 ; common peephole 159 removed unused label 00101$.
                            754 ;cases/bitintrot/bitintrot_width_4_dist_6_storage_static.c:68: }
                            755 ;	genEndFunction
   038D C3r00s00      [10]  756 	jp	_testRot
                            757 ; common peephole 152 removed unused ret.
                            758 ;	Total __runSuite function size at codegen: 1 bytes.
   0390                     759 ___str_14:
   0390 52 75 6E 6E 69 6E   760 	.ascii "Running testRot"
        67 20 74 65 73 74
        52 6F 74
   039F 0A                  761 	.db 0x0a
   03A0 00                  762 	.db 0x00
                            763 ;cases/bitintrot/bitintrot_width_4_dist_6_storage_static.c:73: __getSuiteName(void)
                            764 ;	genLabel
                            765 ;	genFunction
                            766 ;	---------------------------------
                            767 ; Function __getSuiteName
                            768 ; ---------------------------------
                            769 ;	Register assignment is optimal.
                            770 ; Stack space usage: 0 bytes.
   03A1                     771 ___getSuiteName::
                            772 ;cases/bitintrot/bitintrot_width_4_dist_6_storage_static.c:75: return "bitintrot_width_4_dist_6_storage_static";
                            773 ;	skipping iCode since result will be rematerialized
                            774 ;	skipping iCode since result will be rematerialized
                            775 ;	genRet
                            776 ;	genMove_o size 2 result type 2 source type 7 a_dead 1 hl_dead 1 de_dead 1 iy_dead 1 f_dead 1
   03A1 11rA7s03      [10]  777 	ld	de, #___str_15
                            778 ;	genLabel
                            779 ; common peephole 159 removed unused label 00101$.
                            780 ;cases/bitintrot/bitintrot_width_4_dist_6_storage_static.c:76: }
                            781 ;	genEndFunction
   03A4 C9            [10]  782 	ret
                            783 ;	Total __getSuiteName function size at codegen: 1 bytes.
   03A5                     784 ___numCases:
   03A5 01 00               785 	.dw #0x0001
   03A7                     786 ___str_15:
   03A7 62 69 74 69 6E 74   787 	.ascii "bitintrot_width_4_dist_6_storage_static"
        72 6F 74 5F 77 69
        64 74 68 5F 34 5F
        64 69 73 74 5F 36
        5F 73 74 6F 72 61
        67 65 5F 73 74 61
        74 69 63
   03CE 00                  788 	.db 0x00
                            789 	.area _CODE (BANK=_CSEG)
                            790 	.area _INITIALIZER
                            791 	.area _CABS (ABS)
