                              1 ;--------------------------------------------------------
                              2 ; File Created by SDCC : free open source ISO C Compiler
                              3 ; Version 4.6.2 #16710 (Linux)
                              4 ;--------------------------------------------------------
                              5 	.module bitintrot_width_7_dist_3_storage_auto
                              6 	
                              7 ;--------------------------------------------------------
                              8 ; Public variables in this module
                              9 ;--------------------------------------------------------
                             10 	.globl _testRot
                             11 	.globl ___prints
                             12 	.globl ___fail
                             13 	.globl ___numCases
                             14 	.globl ___runSuite
                             15 	.globl ___getSuiteName
                             16 ;--------------------------------------------------------
                             17 ; special function registers
                             18 ;--------------------------------------------------------
                             19 ;--------------------------------------------------------
                             20 ; ram data
                             21 ;--------------------------------------------------------
                             22 	.area _DATA (BANK=_DSEG)
                             23 ;--------------------------------------------------------
                             24 ; ram data
                             25 ;--------------------------------------------------------
                             26 	.area _INITIALIZED
                             27 ;--------------------------------------------------------
                             28 ; absolute ram data
                             29 ;--------------------------------------------------------
                             30 	.area _DABS (ABS)
                             31 	.area _DABS (ABS)
                             32 ;--------------------------------------------------------
                             33 ; global & static initialisations
                             34 ;--------------------------------------------------------
                             35 	.area _HOME
                             36 	.area _GSINIT
                             37 	.area _GSFINAL
                             38 	.area _GSINIT
                             39 ;--------------------------------------------------------
                             40 ; Home
                             41 ;--------------------------------------------------------
                             42 	.area _HOME (BANK=_CSEG)
                             43 	.area _HOME (BANK=_CSEG)
                             44 ;--------------------------------------------------------
                             45 ; code
                             46 ;--------------------------------------------------------
                             47 	.area _CODE (BANK=_CSEG)
                             48 ;cases/bitintrot/bitintrot_width_7_dist_3_storage_auto.c:36: testRot (void)
                             49 ;	genLabel
                             50 ;	genFunction
                             51 ;	---------------------------------
                             52 ; Function testRot
                             53 ; ---------------------------------
                             54 ;	Register assignment might be sub-optimal.
                             55 ; Stack space usage: 2 bytes.
   0000                      56 _testRot::
   0000 DD E5         [15]   57 	push	ix
   0002 DD 21 00 00   [14]   58 	ld	ix,	#0
   0006 DD 39         [15]   59 	add	ix, sp
                             60 ;	adjustStack by -2
   0008 F5            [11]   61 	push	af
                             62 ;cases/bitintrot/bitintrot_width_7_dist_3_storage_auto.c:38: volatile auto bitinttype t1 = TESTVECT1;
                             63 ;	genAssign
                             64 ;	genMove_o size 1 result type 6 source type 1 a_dead 1 hl_dead 1 de_dead 1 iy_dead 1 f_dead 1
   0009 DD 36 FE 25   [19]   65 	ld	-2 (ix), #0x25
                             66 ;cases/bitintrot/bitintrot_width_7_dist_3_storage_auto.c:39: volatile auto bitinttype t2 = TESTVECT2;
                             67 ;	genAssign
                             68 ;	genMove_o size 1 result type 6 source type 1 a_dead 1 hl_dead 1 de_dead 1 iy_dead 1 f_dead 1
   000D DD 36 FF 55   [19]   69 	ld	-1 (ix), #0x55
                             70 ;cases/bitintrot/bitintrot_width_7_dist_3_storage_auto.c:41: ASSERT (ROL (t1) == ROL (TESTVECT1));
                             71 ;	genPlus
                             72 ;	genMove_o size 2 result type 2 source type 10 a_dead 1 hl_dead 1 de_dead 1 iy_dead 1 f_dead 1
   0011 2Ar00s00      [16]   73 	ld	hl, (___numTests)
   0014 23            [ 6]   74 	inc	hl
                             75 ;	genMove_o size 2 result type 10 source type 2 a_dead 1 hl_dead 1 de_dead 1 iy_dead 1 f_dead 1
   0015 22r00s00      [16]   76 	ld	(___numTests), hl
                             77 ;	genLeftShift
   0018 DD 7E FE      [19]   78 	ld	a, -2 (ix)
   001B 87            [ 4]   79 	add	a, a
   001C 87            [ 4]   80 	add	a, a
   001D 87            [ 4]   81 	add	a, a
                             82 ; common peephole 9 loaded a from a directly instead of going through c.
                             83 ; common peephole 0a removed redundant load from a into a.
   001E E6 7F         [ 7]   84 	and	a, #0x7f
   0020 4F            [ 4]   85 	ld	c, a
                             86 ;	genRightShift
   0021 DD 7E FE      [19]   87 	ld	a, -2 (ix)
   0024 07            [ 4]   88 	rlca
   0025 07            [ 4]   89 	rlca
   0026 07            [ 4]   90 	rlca
   0027 07            [ 4]   91 	rlca
   0028 E6 0F         [ 7]   92 	and	a, #0x0f
                             93 ;	genOr
   002A B1            [ 4]   94 	or	a, c
                             95 ;	genMove_o size 1 result type 2 source type 2 a_dead 1 hl_dead 1 de_dead 1 iy_dead 1 f_dead 1
                             96 ;	genCmpEq
   002B FE 2A         [ 7]   97 	cp	a, #0x2a
                             98 ; common peephole 163 changed absolute to relative conditional jump.
   002D 28 11         [12]   99 	jr	z, 00104$
                            100 ; common peephole 81 removed jp by using inverse jump logic
                            101 ; common peephole 159 removed unused label 00223$.
                            102 ;	skipping generated iCode
                            103 ;	skipping iCode since result will be rematerialized
                            104 ;	skipping iCode since result will be rematerialized
                            105 ;	skipping iCode since result will be rematerialized
                            106 ;	skipping iCode since result will be rematerialized
                            107 ;	skipping iCode since result will be rematerialized
                            108 ;	skipping iCode since result will be rematerialized
                            109 ;	genIpush
                            110 ;	genMove_o size 2 result type 2 source type 1 a_dead 1 hl_dead 1 de_dead 1 iy_dead 1 f_dead 1
   002F 21 29 00      [10]  111 	ld	hl, #0x0029
   0032 E5            [11]  112 	push	hl
                            113 ;	genIpush
                            114 ;	genMove_o size 2 result type 2 source type 7 a_dead 1 hl_dead 1 de_dead 1 iy_dead 1 f_dead 1
   0033 21r67s02      [10]  115 	ld	hl, #___str_2
   0036 E5            [11]  116 	push	hl
                            117 ;	genSend
                            118 ;	genMove_o size 2 result type 2 source type 7 a_dead 1 hl_dead 1 de_dead 1 iy_dead 1 f_dead 1
   0037 11r4Bs02      [10]  119 	ld	de, #___str_1
                            120 ;	genSend
                            121 ;	genMove_o size 2 result type 2 source type 7 a_dead 1 hl_dead 1 de_dead 0 iy_dead 1 f_dead 1
   003A 21r3As02      [10]  122 	ld	hl, #___str_0
                            123 ;	genCall
   003D CDr00s00      [17]  124 	call	___fail
                            125 ;	genLabel
   0040                     126 00104$:
                            127 ;cases/bitintrot/bitintrot_width_7_dist_3_storage_auto.c:42: ASSERT (ROL (t2) == ROL (TESTVECT2));
                            128 ;	genPlus
                            129 ;	genMove_o size 2 result type 2 source type 10 a_dead 1 hl_dead 1 de_dead 1 iy_dead 1 f_dead 1
   0040 2Ar00s00      [16]  130 	ld	hl, (___numTests)
   0043 23            [ 6]  131 	inc	hl
                            132 ;	genMove_o size 2 result type 10 source type 2 a_dead 1 hl_dead 1 de_dead 1 iy_dead 1 f_dead 1
   0044 22r00s00      [16]  133 	ld	(___numTests), hl
                            134 ;	genLeftShift
   0047 DD 7E FF      [19]  135 	ld	a, -1 (ix)
   004A 87            [ 4]  136 	add	a, a
   004B 87            [ 4]  137 	add	a, a
   004C 87            [ 4]  138 	add	a, a
                            139 ; common peephole 9 loaded a from a directly instead of going through c.
                            140 ; common peephole 0a removed redundant load from a into a.
   004D E6 7F         [ 7]  141 	and	a, #0x7f
   004F 4F            [ 4]  142 	ld	c, a
                            143 ;	genRightShift
   0050 DD 7E FF      [19]  144 	ld	a, -1 (ix)
   0053 07            [ 4]  145 	rlca
   0054 07            [ 4]  146 	rlca
   0055 07            [ 4]  147 	rlca
   0056 07            [ 4]  148 	rlca
   0057 E6 0F         [ 7]  149 	and	a, #0x0f
                            150 ;	genOr
   0059 B1            [ 4]  151 	or	a, c
                            152 ;	genMove_o size 1 result type 2 source type 2 a_dead 1 hl_dead 1 de_dead 1 iy_dead 1 f_dead 1
                            153 ;	genCmpEq
   005A FE 2D         [ 7]  154 	cp	a, #0x2d
                            155 ; common peephole 163 changed absolute to relative conditional jump.
   005C 28 11         [12]  156 	jr	z, 00106$
                            157 ; common peephole 81 removed jp by using inverse jump logic
                            158 ; common peephole 159 removed unused label 00224$.
                            159 ;	skipping generated iCode
                            160 ;	skipping iCode since result will be rematerialized
                            161 ;	skipping iCode since result will be rematerialized
                            162 ;	skipping iCode since result will be rematerialized
                            163 ;	skipping iCode since result will be rematerialized
                            164 ;	skipping iCode since result will be rematerialized
                            165 ;	skipping iCode since result will be rematerialized
                            166 ;	genIpush
                            167 ;	genMove_o size 2 result type 2 source type 1 a_dead 1 hl_dead 1 de_dead 1 iy_dead 1 f_dead 1
   005E 21 2A 00      [10]  168 	ld	hl, #0x002a
   0061 E5            [11]  169 	push	hl
                            170 ;	genIpush
                            171 ;	genMove_o size 2 result type 2 source type 7 a_dead 1 hl_dead 1 de_dead 1 iy_dead 1 f_dead 1
   0062 21r67s02      [10]  172 	ld	hl, #___str_2
   0065 E5            [11]  173 	push	hl
                            174 ;	genSend
                            175 ;	genMove_o size 2 result type 2 source type 7 a_dead 1 hl_dead 1 de_dead 1 iy_dead 1 f_dead 1
   0066 11r9Fs02      [10]  176 	ld	de, #___str_3
                            177 ;	genSend
                            178 ;	genMove_o size 2 result type 2 source type 7 a_dead 1 hl_dead 1 de_dead 0 iy_dead 1 f_dead 1
   0069 21r3As02      [10]  179 	ld	hl, #___str_0
                            180 ;	genCall
   006C CDr00s00      [17]  181 	call	___fail
                            182 ;	genLabel
   006F                     183 00106$:
                            184 ;cases/bitintrot/bitintrot_width_7_dist_3_storage_auto.c:43: ASSERT (ROR (t1) == ROR (TESTVECT1));
                            185 ;	genPlus
                            186 ;	genMove_o size 2 result type 2 source type 10 a_dead 1 hl_dead 1 de_dead 1 iy_dead 1 f_dead 1
   006F 2Ar00s00      [16]  187 	ld	hl, (___numTests)
   0072 23            [ 6]  188 	inc	hl
                            189 ;	genMove_o size 2 result type 10 source type 2 a_dead 1 hl_dead 1 de_dead 1 iy_dead 1 f_dead 1
   0073 22r00s00      [16]  190 	ld	(___numTests), hl
                            191 ;	genRightShift
   0076 DD 4E FE      [19]  192 	ld	c, -2 (ix)
   0079 CB 39         [ 8]  193 	srl	c
   007B CB 39         [ 8]  194 	srl	c
   007D CB 39         [ 8]  195 	srl	c
                            196 ;	genLeftShift
   007F DD 7E FE      [19]  197 	ld	a, -2 (ix)
   0082 87            [ 4]  198 	add	a, a
   0083 87            [ 4]  199 	add	a, a
   0084 87            [ 4]  200 	add	a, a
   0085 87            [ 4]  201 	add	a, a
   0086 E6 7F         [ 7]  202 	and	a, #0x7f
                            203 ;	genOr
   0088 B1            [ 4]  204 	or	a, c
                            205 ;	genMove_o size 1 result type 2 source type 2 a_dead 1 hl_dead 1 de_dead 1 iy_dead 1 f_dead 1
                            206 ;	genCmpEq
   0089 FE 54         [ 7]  207 	cp	a, #0x54
                            208 ; common peephole 163 changed absolute to relative conditional jump.
   008B 28 11         [12]  209 	jr	z, 00108$
                            210 ; common peephole 81 removed jp by using inverse jump logic
                            211 ; common peephole 159 removed unused label 00225$.
                            212 ;	skipping generated iCode
                            213 ;	skipping iCode since result will be rematerialized
                            214 ;	skipping iCode since result will be rematerialized
                            215 ;	skipping iCode since result will be rematerialized
                            216 ;	skipping iCode since result will be rematerialized
                            217 ;	skipping iCode since result will be rematerialized
                            218 ;	skipping iCode since result will be rematerialized
                            219 ;	genIpush
                            220 ;	genMove_o size 2 result type 2 source type 1 a_dead 1 hl_dead 1 de_dead 1 iy_dead 1 f_dead 1
   008D 21 2B 00      [10]  221 	ld	hl, #0x002b
   0090 E5            [11]  222 	push	hl
                            223 ;	genIpush
                            224 ;	genMove_o size 2 result type 2 source type 7 a_dead 1 hl_dead 1 de_dead 1 iy_dead 1 f_dead 1
   0091 21r67s02      [10]  225 	ld	hl, #___str_2
   0094 E5            [11]  226 	push	hl
                            227 ;	genSend
                            228 ;	genMove_o size 2 result type 2 source type 7 a_dead 1 hl_dead 1 de_dead 1 iy_dead 1 f_dead 1
   0095 11rBBs02      [10]  229 	ld	de, #___str_4
                            230 ;	genSend
                            231 ;	genMove_o size 2 result type 2 source type 7 a_dead 1 hl_dead 1 de_dead 0 iy_dead 1 f_dead 1
   0098 21r3As02      [10]  232 	ld	hl, #___str_0
                            233 ;	genCall
   009B CDr00s00      [17]  234 	call	___fail
                            235 ;	genLabel
   009E                     236 00108$:
                            237 ;cases/bitintrot/bitintrot_width_7_dist_3_storage_auto.c:44: ASSERT (ROR (t2) == ROR (TESTVECT2));
                            238 ;	genPlus
                            239 ;	genMove_o size 2 result type 2 source type 10 a_dead 1 hl_dead 1 de_dead 1 iy_dead 1 f_dead 1
   009E 2Ar00s00      [16]  240 	ld	hl, (___numTests)
   00A1 23            [ 6]  241 	inc	hl
                            242 ;	genMove_o size 2 result type 10 source type 2 a_dead 1 hl_dead 1 de_dead 1 iy_dead 1 f_dead 1
   00A2 22r00s00      [16]  243 	ld	(___numTests), hl
                            244 ;	genRightShift
   00A5 DD 4E FF      [19]  245 	ld	c, -1 (ix)
   00A8 CB 39         [ 8]  246 	srl	c
   00AA CB 39         [ 8]  247 	srl	c
   00AC CB 39         [ 8]  248 	srl	c
                            249 ;	genLeftShift
   00AE DD 7E FF      [19]  250 	ld	a, -1 (ix)
   00B1 87            [ 4]  251 	add	a, a
   00B2 87            [ 4]  252 	add	a, a
   00B3 87            [ 4]  253 	add	a, a
   00B4 87            [ 4]  254 	add	a, a
   00B5 E6 7F         [ 7]  255 	and	a, #0x7f
                            256 ;	genOr
   00B7 B1            [ 4]  257 	or	a, c
                            258 ;	genMove_o size 1 result type 2 source type 2 a_dead 1 hl_dead 1 de_dead 1 iy_dead 1 f_dead 1
                            259 ;	genCmpEq
   00B8 FE 5A         [ 7]  260 	cp	a, #0x5a
                            261 ; common peephole 163 changed absolute to relative conditional jump.
   00BA 28 11         [12]  262 	jr	z, 00110$
                            263 ; common peephole 81 removed jp by using inverse jump logic
                            264 ; common peephole 159 removed unused label 00226$.
                            265 ;	skipping generated iCode
                            266 ;	skipping iCode since result will be rematerialized
                            267 ;	skipping iCode since result will be rematerialized
                            268 ;	skipping iCode since result will be rematerialized
                            269 ;	skipping iCode since result will be rematerialized
                            270 ;	skipping iCode since result will be rematerialized
                            271 ;	skipping iCode since result will be rematerialized
                            272 ;	genIpush
                            273 ;	genMove_o size 2 result type 2 source type 1 a_dead 1 hl_dead 1 de_dead 1 iy_dead 1 f_dead 1
   00BC 21 2C 00      [10]  274 	ld	hl, #0x002c
   00BF E5            [11]  275 	push	hl
                            276 ;	genIpush
                            277 ;	genMove_o size 2 result type 2 source type 7 a_dead 1 hl_dead 1 de_dead 1 iy_dead 1 f_dead 1
   00C0 21r67s02      [10]  278 	ld	hl, #___str_2
   00C3 E5            [11]  279 	push	hl
                            280 ;	genSend
                            281 ;	genMove_o size 2 result type 2 source type 7 a_dead 1 hl_dead 1 de_dead 1 iy_dead 1 f_dead 1
   00C4 11rD7s02      [10]  282 	ld	de, #___str_5
                            283 ;	genSend
                            284 ;	genMove_o size 2 result type 2 source type 7 a_dead 1 hl_dead 1 de_dead 0 iy_dead 1 f_dead 1
   00C7 21r3As02      [10]  285 	ld	hl, #___str_0
                            286 ;	genCall
   00CA CDr00s00      [17]  287 	call	___fail
                            288 ;	genLabel
   00CD                     289 00110$:
                            290 ;cases/bitintrot/bitintrot_width_7_dist_3_storage_auto.c:45: ASSERT (NROL (t1) == NROL (TESTVECT1));
                            291 ;	genPlus
                            292 ;	genMove_o size 2 result type 2 source type 10 a_dead 1 hl_dead 1 de_dead 1 iy_dead 1 f_dead 1
   00CD 2Ar00s00      [16]  293 	ld	hl, (___numTests)
   00D0 23            [ 6]  294 	inc	hl
                            295 ;	genMove_o size 2 result type 10 source type 2 a_dead 1 hl_dead 1 de_dead 1 iy_dead 1 f_dead 1
   00D1 22r00s00      [16]  296 	ld	(___numTests), hl
                            297 ;	genRightShift
   00D4 DD 7E FE      [19]  298 	ld	a, -2 (ix)
   00D7 07            [ 4]  299 	rlca
   00D8 07            [ 4]  300 	rlca
   00D9 07            [ 4]  301 	rlca
   00DA 07            [ 4]  302 	rlca
   00DB E6 0F         [ 7]  303 	and	a, #0x0f
                            304 ;	genCmpEq
   00DD FE 02         [ 7]  305 	cp	a, #0x02
                            306 ; common peephole 163 changed absolute to relative conditional jump.
   00DF 28 11         [12]  307 	jr	z, 00112$
                            308 ; common peephole 81 removed jp by using inverse jump logic
                            309 ; common peephole 159 removed unused label 00227$.
                            310 ;	skipping generated iCode
                            311 ;	skipping iCode since result will be rematerialized
                            312 ;	skipping iCode since result will be rematerialized
                            313 ;	skipping iCode since result will be rematerialized
                            314 ;	skipping iCode since result will be rematerialized
                            315 ;	skipping iCode since result will be rematerialized
                            316 ;	skipping iCode since result will be rematerialized
                            317 ;	genIpush
                            318 ;	genMove_o size 2 result type 2 source type 1 a_dead 1 hl_dead 1 de_dead 1 iy_dead 1 f_dead 1
   00E1 21 2D 00      [10]  319 	ld	hl, #0x002d
   00E4 E5            [11]  320 	push	hl
                            321 ;	genIpush
                            322 ;	genMove_o size 2 result type 2 source type 7 a_dead 1 hl_dead 1 de_dead 1 iy_dead 1 f_dead 1
   00E5 21r67s02      [10]  323 	ld	hl, #___str_2
   00E8 E5            [11]  324 	push	hl
                            325 ;	genSend
                            326 ;	genMove_o size 2 result type 2 source type 7 a_dead 1 hl_dead 1 de_dead 1 iy_dead 1 f_dead 1
   00E9 11rF3s02      [10]  327 	ld	de, #___str_6
                            328 ;	genSend
                            329 ;	genMove_o size 2 result type 2 source type 7 a_dead 1 hl_dead 1 de_dead 0 iy_dead 1 f_dead 1
   00EC 21r3As02      [10]  330 	ld	hl, #___str_0
                            331 ;	genCall
   00EF CDr00s00      [17]  332 	call	___fail
                            333 ;	genLabel
   00F2                     334 00112$:
                            335 ;cases/bitintrot/bitintrot_width_7_dist_3_storage_auto.c:46: ASSERT (NROL (t2) == NROL (TESTVECT2));
                            336 ;	genPlus
                            337 ;	genMove_o size 2 result type 2 source type 10 a_dead 1 hl_dead 1 de_dead 1 iy_dead 1 f_dead 1
   00F2 2Ar00s00      [16]  338 	ld	hl, (___numTests)
   00F5 23            [ 6]  339 	inc	hl
                            340 ;	genMove_o size 2 result type 10 source type 2 a_dead 1 hl_dead 1 de_dead 1 iy_dead 1 f_dead 1
   00F6 22r00s00      [16]  341 	ld	(___numTests), hl
                            342 ;	genRightShift
   00F9 DD 7E FF      [19]  343 	ld	a, -1 (ix)
   00FC 07            [ 4]  344 	rlca
   00FD 07            [ 4]  345 	rlca
   00FE 07            [ 4]  346 	rlca
   00FF 07            [ 4]  347 	rlca
   0100 E6 0F         [ 7]  348 	and	a, #0x0f
                            349 ;	genCmpEq
   0102 FE 05         [ 7]  350 	cp	a, #0x05
                            351 ; common peephole 163 changed absolute to relative conditional jump.
   0104 28 11         [12]  352 	jr	z, 00114$
                            353 ; common peephole 81 removed jp by using inverse jump logic
                            354 ; common peephole 159 removed unused label 00228$.
                            355 ;	skipping generated iCode
                            356 ;	skipping iCode since result will be rematerialized
                            357 ;	skipping iCode since result will be rematerialized
                            358 ;	skipping iCode since result will be rematerialized
                            359 ;	skipping iCode since result will be rematerialized
                            360 ;	skipping iCode since result will be rematerialized
                            361 ;	skipping iCode since result will be rematerialized
                            362 ;	genIpush
                            363 ;	genMove_o size 2 result type 2 source type 1 a_dead 1 hl_dead 1 de_dead 1 iy_dead 1 f_dead 1
   0106 21 2E 00      [10]  364 	ld	hl, #0x002e
   0109 E5            [11]  365 	push	hl
                            366 ;	genIpush
                            367 ;	genMove_o size 2 result type 2 source type 7 a_dead 1 hl_dead 1 de_dead 1 iy_dead 1 f_dead 1
   010A 21r67s02      [10]  368 	ld	hl, #___str_2
   010D E5            [11]  369 	push	hl
                            370 ;	genSend
                            371 ;	genMove_o size 2 result type 2 source type 7 a_dead 1 hl_dead 1 de_dead 1 iy_dead 1 f_dead 1
   010E 11r11s03      [10]  372 	ld	de, #___str_7
                            373 ;	genSend
                            374 ;	genMove_o size 2 result type 2 source type 7 a_dead 1 hl_dead 1 de_dead 0 iy_dead 1 f_dead 1
   0111 21r3As02      [10]  375 	ld	hl, #___str_0
                            376 ;	genCall
   0114 CDr00s00      [17]  377 	call	___fail
                            378 ;	genLabel
   0117                     379 00114$:
                            380 ;cases/bitintrot/bitintrot_width_7_dist_3_storage_auto.c:47: ASSERT (NROL2 (t1) == NROL2 (TESTVECT1));
                            381 ;	genPlus
                            382 ;	genMove_o size 2 result type 2 source type 10 a_dead 1 hl_dead 1 de_dead 1 iy_dead 1 f_dead 1
   0117 2Ar00s00      [16]  383 	ld	hl, (___numTests)
   011A 23            [ 6]  384 	inc	hl
                            385 ;	genMove_o size 2 result type 10 source type 2 a_dead 1 hl_dead 1 de_dead 1 iy_dead 1 f_dead 1
   011B 22r00s00      [16]  386 	ld	(___numTests), hl
                            387 ;	genLeftShift
   011E DD 7E FE      [19]  388 	ld	a, -2 (ix)
   0121 87            [ 4]  389 	add	a, a
   0122 87            [ 4]  390 	add	a, a
   0123 87            [ 4]  391 	add	a, a
   0124 87            [ 4]  392 	add	a, a
   0125 E6 7F         [ 7]  393 	and	a, #0x7f
                            394 ;	genCmpEq
   0127 FE 50         [ 7]  395 	cp	a, #0x50
                            396 ; common peephole 163 changed absolute to relative conditional jump.
   0129 28 11         [12]  397 	jr	z, 00116$
                            398 ; common peephole 81 removed jp by using inverse jump logic
                            399 ; common peephole 159 removed unused label 00229$.
                            400 ;	skipping generated iCode
                            401 ;	skipping iCode since result will be rematerialized
                            402 ;	skipping iCode since result will be rematerialized
                            403 ;	skipping iCode since result will be rematerialized
                            404 ;	skipping iCode since result will be rematerialized
                            405 ;	skipping iCode since result will be rematerialized
                            406 ;	skipping iCode since result will be rematerialized
                            407 ;	genIpush
                            408 ;	genMove_o size 2 result type 2 source type 1 a_dead 1 hl_dead 1 de_dead 1 iy_dead 1 f_dead 1
   012B 21 2F 00      [10]  409 	ld	hl, #0x002f
   012E E5            [11]  410 	push	hl
                            411 ;	genIpush
                            412 ;	genMove_o size 2 result type 2 source type 7 a_dead 1 hl_dead 1 de_dead 1 iy_dead 1 f_dead 1
   012F 21r67s02      [10]  413 	ld	hl, #___str_2
   0132 E5            [11]  414 	push	hl
                            415 ;	genSend
                            416 ;	genMove_o size 2 result type 2 source type 7 a_dead 1 hl_dead 1 de_dead 1 iy_dead 1 f_dead 1
   0133 11r2Fs03      [10]  417 	ld	de, #___str_8
                            418 ;	genSend
                            419 ;	genMove_o size 2 result type 2 source type 7 a_dead 1 hl_dead 1 de_dead 0 iy_dead 1 f_dead 1
   0136 21r3As02      [10]  420 	ld	hl, #___str_0
                            421 ;	genCall
   0139 CDr00s00      [17]  422 	call	___fail
                            423 ;	genLabel
   013C                     424 00116$:
                            425 ;cases/bitintrot/bitintrot_width_7_dist_3_storage_auto.c:48: ASSERT (NROL2 (t2) == NROL2 (TESTVECT2));
                            426 ;	genPlus
                            427 ;	genMove_o size 2 result type 2 source type 10 a_dead 1 hl_dead 1 de_dead 1 iy_dead 1 f_dead 1
   013C 2Ar00s00      [16]  428 	ld	hl, (___numTests)
   013F 23            [ 6]  429 	inc	hl
                            430 ;	genMove_o size 2 result type 10 source type 2 a_dead 1 hl_dead 1 de_dead 1 iy_dead 1 f_dead 1
   0140 22r00s00      [16]  431 	ld	(___numTests), hl
                            432 ;	genLeftShift
   0143 DD 7E FF      [19]  433 	ld	a, -1 (ix)
   0146 87            [ 4]  434 	add	a, a
   0147 87            [ 4]  435 	add	a, a
   0148 87            [ 4]  436 	add	a, a
   0149 87            [ 4]  437 	add	a, a
   014A E6 7F         [ 7]  438 	and	a, #0x7f
                            439 ;	genCmpEq
   014C FE 50         [ 7]  440 	cp	a, #0x50
                            441 ; common peephole 163 changed absolute to relative conditional jump.
   014E 28 11         [12]  442 	jr	z, 00118$
                            443 ; common peephole 81 removed jp by using inverse jump logic
                            444 ; common peephole 159 removed unused label 00230$.
                            445 ;	skipping generated iCode
                            446 ;	skipping iCode since result will be rematerialized
                            447 ;	skipping iCode since result will be rematerialized
                            448 ;	skipping iCode since result will be rematerialized
                            449 ;	skipping iCode since result will be rematerialized
                            450 ;	skipping iCode since result will be rematerialized
                            451 ;	skipping iCode since result will be rematerialized
                            452 ;	genIpush
                            453 ;	genMove_o size 2 result type 2 source type 1 a_dead 1 hl_dead 1 de_dead 1 iy_dead 1 f_dead 1
   0150 21 30 00      [10]  454 	ld	hl, #0x0030
   0153 E5            [11]  455 	push	hl
                            456 ;	genIpush
                            457 ;	genMove_o size 2 result type 2 source type 7 a_dead 1 hl_dead 1 de_dead 1 iy_dead 1 f_dead 1
   0154 21r67s02      [10]  458 	ld	hl, #___str_2
   0157 E5            [11]  459 	push	hl
                            460 ;	genSend
                            461 ;	genMove_o size 2 result type 2 source type 7 a_dead 1 hl_dead 1 de_dead 1 iy_dead 1 f_dead 1
   0158 11r4Fs03      [10]  462 	ld	de, #___str_9
                            463 ;	genSend
                            464 ;	genMove_o size 2 result type 2 source type 7 a_dead 1 hl_dead 1 de_dead 0 iy_dead 1 f_dead 1
   015B 21r3As02      [10]  465 	ld	hl, #___str_0
                            466 ;	genCall
   015E CDr00s00      [17]  467 	call	___fail
                            468 ;	genLabel
   0161                     469 00118$:
                            470 ;cases/bitintrot/bitintrot_width_7_dist_3_storage_auto.c:50: t1 = ROL(t1);
                            471 ;	genLeftShift
   0161 DD 7E FE      [19]  472 	ld	a, -2 (ix)
   0164 87            [ 4]  473 	add	a, a
   0165 87            [ 4]  474 	add	a, a
   0166 87            [ 4]  475 	add	a, a
                            476 ; common peephole 9 loaded a from a directly instead of going through c.
                            477 ; common peephole 0a removed redundant load from a into a.
   0167 E6 7F         [ 7]  478 	and	a, #0x7f
   0169 4F            [ 4]  479 	ld	c, a
                            480 ;	genRightShift
   016A DD 7E FE      [19]  481 	ld	a, -2 (ix)
   016D 07            [ 4]  482 	rlca
   016E 07            [ 4]  483 	rlca
   016F 07            [ 4]  484 	rlca
   0170 07            [ 4]  485 	rlca
   0171 E6 0F         [ 7]  486 	and	a, #0x0f
                            487 ;	genOr
   0173 B1            [ 4]  488 	or	a, c
                            489 ;	genMove_o size 1 result type 6 source type 2 a_dead 1 hl_dead 1 de_dead 1 iy_dead 1 f_dead 1
   0174 DD 77 FE      [19]  490 	ld	-2 (ix), a
                            491 ;	genMove_o size 0 result type 6 source type 1 a_dead 1 hl_dead 1 de_dead 1 iy_dead 1 f_dead 1
                            492 ;cases/bitintrot/bitintrot_width_7_dist_3_storage_auto.c:51: t2 = ROL(t2);
                            493 ;	genLeftShift
   0177 DD 7E FF      [19]  494 	ld	a, -1 (ix)
   017A 87            [ 4]  495 	add	a, a
   017B 87            [ 4]  496 	add	a, a
   017C 87            [ 4]  497 	add	a, a
                            498 ; common peephole 9 loaded a from a directly instead of going through c.
                            499 ; common peephole 0a removed redundant load from a into a.
   017D E6 7F         [ 7]  500 	and	a, #0x7f
   017F 4F            [ 4]  501 	ld	c, a
                            502 ;	genRightShift
   0180 DD 7E FF      [19]  503 	ld	a, -1 (ix)
   0183 07            [ 4]  504 	rlca
   0184 07            [ 4]  505 	rlca
   0185 07            [ 4]  506 	rlca
   0186 07            [ 4]  507 	rlca
   0187 E6 0F         [ 7]  508 	and	a, #0x0f
                            509 ;	genOr
   0189 B1            [ 4]  510 	or	a, c
                            511 ;	genMove_o size 1 result type 6 source type 2 a_dead 1 hl_dead 1 de_dead 1 iy_dead 1 f_dead 1
   018A DD 77 FF      [19]  512 	ld	-1 (ix), a
                            513 ;	genMove_o size 0 result type 6 source type 1 a_dead 1 hl_dead 1 de_dead 1 iy_dead 1 f_dead 1
                            514 ;cases/bitintrot/bitintrot_width_7_dist_3_storage_auto.c:52: ASSERT (t1 == ROL (TESTVECT1));
                            515 ;	genPlus
                            516 ;	genMove_o size 2 result type 2 source type 10 a_dead 1 hl_dead 1 de_dead 1 iy_dead 1 f_dead 1
   018D 2Ar00s00      [16]  517 	ld	hl, (___numTests)
   0190 23            [ 6]  518 	inc	hl
                            519 ;	genMove_o size 2 result type 10 source type 2 a_dead 1 hl_dead 1 de_dead 1 iy_dead 1 f_dead 1
   0191 22r00s00      [16]  520 	ld	(___numTests), hl
                            521 ;	genCmpEq
                            522 ;	genMove_o size 1 result type 2 source type 6 a_dead 1 hl_dead 1 de_dead 0 iy_dead 0 f_dead 1
   0194 DD 7E FE      [19]  523 	ld	a, -2 (ix)
                            524 ;	genMove_o size 0 result type 2 source type 1 a_dead 1 hl_dead 1 de_dead 0 iy_dead 0 f_dead 1
   0197 D6 2A         [ 7]  525 	sub	a, #0x2a
                            526 ; common peephole 163 changed absolute to relative conditional jump.
   0199 28 11         [12]  527 	jr	z, 00120$
                            528 ; common peephole 81 removed jp by using inverse jump logic
                            529 ; common peephole 159 removed unused label 00231$.
                            530 ;	skipping generated iCode
                            531 ;	skipping iCode since result will be rematerialized
                            532 ;	skipping iCode since result will be rematerialized
                            533 ;	skipping iCode since result will be rematerialized
                            534 ;	skipping iCode since result will be rematerialized
                            535 ;	skipping iCode since result will be rematerialized
                            536 ;	skipping iCode since result will be rematerialized
                            537 ;	genIpush
                            538 ;	genMove_o size 2 result type 2 source type 1 a_dead 1 hl_dead 1 de_dead 1 iy_dead 1 f_dead 1
   019B 21 34 00      [10]  539 	ld	hl, #0x0034
   019E E5            [11]  540 	push	hl
                            541 ;	genIpush
                            542 ;	genMove_o size 2 result type 2 source type 7 a_dead 1 hl_dead 1 de_dead 1 iy_dead 1 f_dead 1
   019F 21r67s02      [10]  543 	ld	hl, #___str_2
   01A2 E5            [11]  544 	push	hl
                            545 ;	genSend
                            546 ;	genMove_o size 2 result type 2 source type 7 a_dead 1 hl_dead 1 de_dead 1 iy_dead 1 f_dead 1
   01A3 11r6Fs03      [10]  547 	ld	de, #___str_10
                            548 ;	genSend
                            549 ;	genMove_o size 2 result type 2 source type 7 a_dead 1 hl_dead 1 de_dead 0 iy_dead 1 f_dead 1
   01A6 21r3As02      [10]  550 	ld	hl, #___str_0
                            551 ;	genCall
   01A9 CDr00s00      [17]  552 	call	___fail
                            553 ;	genLabel
   01AC                     554 00120$:
                            555 ;cases/bitintrot/bitintrot_width_7_dist_3_storage_auto.c:53: ASSERT (t2 == ROL (TESTVECT2));
                            556 ;	genPlus
                            557 ;	genMove_o size 2 result type 2 source type 10 a_dead 1 hl_dead 1 de_dead 1 iy_dead 1 f_dead 1
   01AC 2Ar00s00      [16]  558 	ld	hl, (___numTests)
   01AF 23            [ 6]  559 	inc	hl
                            560 ;	genMove_o size 2 result type 10 source type 2 a_dead 1 hl_dead 1 de_dead 1 iy_dead 1 f_dead 1
   01B0 22r00s00      [16]  561 	ld	(___numTests), hl
                            562 ;	genCmpEq
                            563 ;	genMove_o size 1 result type 2 source type 6 a_dead 1 hl_dead 1 de_dead 0 iy_dead 0 f_dead 1
   01B3 DD 7E FF      [19]  564 	ld	a, -1 (ix)
                            565 ;	genMove_o size 0 result type 2 source type 1 a_dead 1 hl_dead 1 de_dead 0 iy_dead 0 f_dead 1
   01B6 D6 2D         [ 7]  566 	sub	a, #0x2d
                            567 ; common peephole 163 changed absolute to relative conditional jump.
   01B8 28 11         [12]  568 	jr	z, 00122$
                            569 ; common peephole 81 removed jp by using inverse jump logic
                            570 ; common peephole 159 removed unused label 00232$.
                            571 ;	skipping generated iCode
                            572 ;	skipping iCode since result will be rematerialized
                            573 ;	skipping iCode since result will be rematerialized
                            574 ;	skipping iCode since result will be rematerialized
                            575 ;	skipping iCode since result will be rematerialized
                            576 ;	skipping iCode since result will be rematerialized
                            577 ;	skipping iCode since result will be rematerialized
                            578 ;	genIpush
                            579 ;	genMove_o size 2 result type 2 source type 1 a_dead 1 hl_dead 1 de_dead 1 iy_dead 1 f_dead 1
   01BA 21 35 00      [10]  580 	ld	hl, #0x0035
   01BD E5            [11]  581 	push	hl
                            582 ;	genIpush
                            583 ;	genMove_o size 2 result type 2 source type 7 a_dead 1 hl_dead 1 de_dead 1 iy_dead 1 f_dead 1
   01BE 21r67s02      [10]  584 	ld	hl, #___str_2
   01C1 E5            [11]  585 	push	hl
                            586 ;	genSend
                            587 ;	genMove_o size 2 result type 2 source type 7 a_dead 1 hl_dead 1 de_dead 1 iy_dead 1 f_dead 1
   01C2 11r85s03      [10]  588 	ld	de, #___str_11
                            589 ;	genSend
                            590 ;	genMove_o size 2 result type 2 source type 7 a_dead 1 hl_dead 1 de_dead 0 iy_dead 1 f_dead 1
   01C5 21r3As02      [10]  591 	ld	hl, #___str_0
                            592 ;	genCall
   01C8 CDr00s00      [17]  593 	call	___fail
                            594 ;	genLabel
   01CB                     595 00122$:
                            596 ;cases/bitintrot/bitintrot_width_7_dist_3_storage_auto.c:55: t1 = ROR(t1);
                            597 ;	genRightShift
   01CB DD 4E FE      [19]  598 	ld	c, -2 (ix)
   01CE CB 39         [ 8]  599 	srl	c
   01D0 CB 39         [ 8]  600 	srl	c
   01D2 CB 39         [ 8]  601 	srl	c
                            602 ;	genLeftShift
   01D4 DD 7E FE      [19]  603 	ld	a, -2 (ix)
   01D7 87            [ 4]  604 	add	a, a
   01D8 87            [ 4]  605 	add	a, a
   01D9 87            [ 4]  606 	add	a, a
   01DA 87            [ 4]  607 	add	a, a
   01DB E6 7F         [ 7]  608 	and	a, #0x7f
                            609 ;	genOr
   01DD B1            [ 4]  610 	or	a, c
                            611 ;	genMove_o size 1 result type 6 source type 2 a_dead 1 hl_dead 1 de_dead 1 iy_dead 1 f_dead 1
   01DE DD 77 FE      [19]  612 	ld	-2 (ix), a
                            613 ;	genMove_o size 0 result type 6 source type 1 a_dead 1 hl_dead 1 de_dead 1 iy_dead 1 f_dead 1
                            614 ;cases/bitintrot/bitintrot_width_7_dist_3_storage_auto.c:56: t2 = ROR(t2);
                            615 ;	genRightShift
   01E1 DD 4E FF      [19]  616 	ld	c, -1 (ix)
   01E4 CB 39         [ 8]  617 	srl	c
   01E6 CB 39         [ 8]  618 	srl	c
   01E8 CB 39         [ 8]  619 	srl	c
                            620 ;	genLeftShift
   01EA DD 7E FF      [19]  621 	ld	a, -1 (ix)
   01ED 87            [ 4]  622 	add	a, a
   01EE 87            [ 4]  623 	add	a, a
   01EF 87            [ 4]  624 	add	a, a
   01F0 87            [ 4]  625 	add	a, a
   01F1 E6 7F         [ 7]  626 	and	a, #0x7f
                            627 ;	genOr
   01F3 B1            [ 4]  628 	or	a, c
                            629 ;	genMove_o size 1 result type 6 source type 2 a_dead 1 hl_dead 1 de_dead 1 iy_dead 1 f_dead 1
   01F4 DD 77 FF      [19]  630 	ld	-1 (ix), a
                            631 ;	genMove_o size 0 result type 6 source type 1 a_dead 1 hl_dead 1 de_dead 1 iy_dead 1 f_dead 1
                            632 ;cases/bitintrot/bitintrot_width_7_dist_3_storage_auto.c:57: ASSERT (t1 == TESTVECT1);
                            633 ;	genPlus
                            634 ;	genMove_o size 2 result type 2 source type 10 a_dead 1 hl_dead 1 de_dead 1 iy_dead 1 f_dead 1
   01F7 2Ar00s00      [16]  635 	ld	hl, (___numTests)
   01FA 23            [ 6]  636 	inc	hl
                            637 ;	genMove_o size 2 result type 10 source type 2 a_dead 1 hl_dead 1 de_dead 1 iy_dead 1 f_dead 1
   01FB 22r00s00      [16]  638 	ld	(___numTests), hl
                            639 ;	genCmpEq
                            640 ;	genMove_o size 1 result type 2 source type 6 a_dead 1 hl_dead 1 de_dead 0 iy_dead 0 f_dead 1
   01FE DD 7E FE      [19]  641 	ld	a, -2 (ix)
                            642 ;	genMove_o size 0 result type 2 source type 1 a_dead 1 hl_dead 1 de_dead 0 iy_dead 0 f_dead 1
   0201 D6 25         [ 7]  643 	sub	a, #0x25
                            644 ; common peephole 163 changed absolute to relative conditional jump.
   0203 28 11         [12]  645 	jr	z, 00124$
                            646 ; common peephole 81 removed jp by using inverse jump logic
                            647 ; common peephole 159 removed unused label 00233$.
                            648 ;	skipping generated iCode
                            649 ;	skipping iCode since result will be rematerialized
                            650 ;	skipping iCode since result will be rematerialized
                            651 ;	skipping iCode since result will be rematerialized
                            652 ;	skipping iCode since result will be rematerialized
                            653 ;	skipping iCode since result will be rematerialized
                            654 ;	skipping iCode since result will be rematerialized
                            655 ;	genIpush
                            656 ;	genMove_o size 2 result type 2 source type 1 a_dead 1 hl_dead 1 de_dead 1 iy_dead 1 f_dead 1
   0205 21 39 00      [10]  657 	ld	hl, #0x0039
   0208 E5            [11]  658 	push	hl
                            659 ;	genIpush
                            660 ;	genMove_o size 2 result type 2 source type 7 a_dead 1 hl_dead 1 de_dead 1 iy_dead 1 f_dead 1
   0209 21r67s02      [10]  661 	ld	hl, #___str_2
   020C E5            [11]  662 	push	hl
                            663 ;	genSend
                            664 ;	genMove_o size 2 result type 2 source type 7 a_dead 1 hl_dead 1 de_dead 1 iy_dead 1 f_dead 1
   020D 11r9Bs03      [10]  665 	ld	de, #___str_12
                            666 ;	genSend
                            667 ;	genMove_o size 2 result type 2 source type 7 a_dead 1 hl_dead 1 de_dead 0 iy_dead 1 f_dead 1
   0210 21r3As02      [10]  668 	ld	hl, #___str_0
                            669 ;	genCall
   0213 CDr00s00      [17]  670 	call	___fail
                            671 ;	genLabel
   0216                     672 00124$:
                            673 ;cases/bitintrot/bitintrot_width_7_dist_3_storage_auto.c:58: ASSERT (t2 == TESTVECT2);
                            674 ;	genPlus
                            675 ;	genMove_o size 2 result type 2 source type 10 a_dead 1 hl_dead 1 de_dead 1 iy_dead 1 f_dead 1
   0216 2Ar00s00      [16]  676 	ld	hl, (___numTests)
   0219 23            [ 6]  677 	inc	hl
                            678 ;	genMove_o size 2 result type 10 source type 2 a_dead 1 hl_dead 1 de_dead 1 iy_dead 1 f_dead 1
   021A 22r00s00      [16]  679 	ld	(___numTests), hl
                            680 ;	genCmpEq
                            681 ;	genMove_o size 1 result type 2 source type 6 a_dead 1 hl_dead 1 de_dead 0 iy_dead 0 f_dead 1
   021D DD 7E FF      [19]  682 	ld	a, -1 (ix)
                            683 ;	genMove_o size 0 result type 2 source type 1 a_dead 1 hl_dead 1 de_dead 0 iy_dead 0 f_dead 1
   0220 D6 55         [ 7]  684 	sub	a, #0x55
                            685 ; common peephole 163 changed absolute to relative conditional jump.
   0222 28 11         [12]  686 	jr	z, 00101$
                            687 ; common peephole 81 removed jp by using inverse jump logic
                            688 ; common peephole 159 removed unused label 00234$.
                            689 ;	skipping generated iCode
                            690 ;	skipping iCode since result will be rematerialized
                            691 ;	skipping iCode since result will be rematerialized
                            692 ;	skipping iCode since result will be rematerialized
                            693 ;	skipping iCode since result will be rematerialized
                            694 ;	skipping iCode since result will be rematerialized
                            695 ;	skipping iCode since result will be rematerialized
                            696 ;	genIpush
                            697 ;	genMove_o size 2 result type 2 source type 1 a_dead 1 hl_dead 1 de_dead 1 iy_dead 1 f_dead 1
   0224 21 3A 00      [10]  698 	ld	hl, #0x003a
   0227 E5            [11]  699 	push	hl
                            700 ;	genIpush
                            701 ;	genMove_o size 2 result type 2 source type 7 a_dead 1 hl_dead 1 de_dead 1 iy_dead 1 f_dead 1
   0228 21r67s02      [10]  702 	ld	hl, #___str_2
   022B E5            [11]  703 	push	hl
                            704 ;	genSend
                            705 ;	genMove_o size 2 result type 2 source type 7 a_dead 1 hl_dead 1 de_dead 1 iy_dead 1 f_dead 1
   022C 11rABs03      [10]  706 	ld	de, #___str_13
                            707 ;	genSend
                            708 ;	genMove_o size 2 result type 2 source type 7 a_dead 1 hl_dead 1 de_dead 0 iy_dead 1 f_dead 1
   022F 21r3As02      [10]  709 	ld	hl, #___str_0
                            710 ;	genCall
   0232 CDr00s00      [17]  711 	call	___fail
                            712 ;	genLabel
   0235                     713 00101$:
                            714 ;cases/bitintrot/bitintrot_width_7_dist_3_storage_auto.c:60: }
                            715 ;	genEndFunction
   0235 DD F9         [10]  716 	ld	sp, ix
   0237 DD E1         [14]  717 	pop	ix
   0239 C9            [10]  718 	ret
                            719 ;	Total testRot function size at codegen: 5 bytes.
   023A                     720 ___str_0:
   023A 41 73 73 65 72 74   721 	.ascii "Assertion failed"
        69 6F 6E 20 66 61
        69 6C 65 64
   024A 00                  722 	.db 0x00
   024B                     723 ___str_1:
   024B 52 4F 4C 20 28 74   724 	.ascii "ROL (t1) == ROL (TESTVECT1)"
        31 29 20 3D 3D 20
        52 4F 4C 20 28 54
        45 53 54 56 45 43
        54 31 29
   0266 00                  725 	.db 0x00
   0267                     726 ___str_2:
   0267 63 61 73 65 73 2F   727 	.ascii "cases/bitintrot/bitintrot_width_7_dist_3_storage_auto.c"
        62 69 74 69 6E 74
        72 6F 74 2F 62 69
        74 69 6E 74 72 6F
        74 5F 77 69 64 74
        68 5F 37 5F 64 69
        73 74 5F 33 5F 73
        74 6F 72 61 67 65
        5F 61 75 74 6F 2E
        63
   029E 00                  728 	.db 0x00
   029F                     729 ___str_3:
   029F 52 4F 4C 20 28 74   730 	.ascii "ROL (t2) == ROL (TESTVECT2)"
        32 29 20 3D 3D 20
        52 4F 4C 20 28 54
        45 53 54 56 45 43
        54 32 29
   02BA 00                  731 	.db 0x00
   02BB                     732 ___str_4:
   02BB 52 4F 52 20 28 74   733 	.ascii "ROR (t1) == ROR (TESTVECT1)"
        31 29 20 3D 3D 20
        52 4F 52 20 28 54
        45 53 54 56 45 43
        54 31 29
   02D6 00                  734 	.db 0x00
   02D7                     735 ___str_5:
   02D7 52 4F 52 20 28 74   736 	.ascii "ROR (t2) == ROR (TESTVECT2)"
        32 29 20 3D 3D 20
        52 4F 52 20 28 54
        45 53 54 56 45 43
        54 32 29
   02F2 00                  737 	.db 0x00
   02F3                     738 ___str_6:
   02F3 4E 52 4F 4C 20 28   739 	.ascii "NROL (t1) == NROL (TESTVECT1)"
        74 31 29 20 3D 3D
        20 4E 52 4F 4C 20
        28 54 45 53 54 56
        45 43 54 31 29
   0310 00                  740 	.db 0x00
   0311                     741 ___str_7:
   0311 4E 52 4F 4C 20 28   742 	.ascii "NROL (t2) == NROL (TESTVECT2)"
        74 32 29 20 3D 3D
        20 4E 52 4F 4C 20
        28 54 45 53 54 56
        45 43 54 32 29
   032E 00                  743 	.db 0x00
   032F                     744 ___str_8:
   032F 4E 52 4F 4C 32 20   745 	.ascii "NROL2 (t1) == NROL2 (TESTVECT1)"
        28 74 31 29 20 3D
        3D 20 4E 52 4F 4C
        32 20 28 54 45 53
        54 56 45 43 54 31
        29
   034E 00                  746 	.db 0x00
   034F                     747 ___str_9:
   034F 4E 52 4F 4C 32 20   748 	.ascii "NROL2 (t2) == NROL2 (TESTVECT2)"
        28 74 32 29 20 3D
        3D 20 4E 52 4F 4C
        32 20 28 54 45 53
        54 56 45 43 54 32
        29
   036E 00                  749 	.db 0x00
   036F                     750 ___str_10:
   036F 74 31 20 3D 3D 20   751 	.ascii "t1 == ROL (TESTVECT1)"
        52 4F 4C 20 28 54
        45 53 54 56 45 43
        54 31 29
   0384 00                  752 	.db 0x00
   0385                     753 ___str_11:
   0385 74 32 20 3D 3D 20   754 	.ascii "t2 == ROL (TESTVECT2)"
        52 4F 4C 20 28 54
        45 53 54 56 45 43
        54 32 29
   039A 00                  755 	.db 0x00
   039B                     756 ___str_12:
   039B 74 31 20 3D 3D 20   757 	.ascii "t1 == TESTVECT1"
        54 45 53 54 56 45
        43 54 31
   03AA 00                  758 	.db 0x00
   03AB                     759 ___str_13:
   03AB 74 32 20 3D 3D 20   760 	.ascii "t2 == TESTVECT2"
        54 45 53 54 56 45
        43 54 32
   03BA 00                  761 	.db 0x00
                            762 ;cases/bitintrot/bitintrot_width_7_dist_3_storage_auto.c:64: __runSuite(void)
                            763 ;	genLabel
                            764 ;	genFunction
                            765 ;	---------------------------------
                            766 ; Function __runSuite
                            767 ; ---------------------------------
                            768 ;	Register assignment is optimal.
                            769 ; Stack space usage: 0 bytes.
   03BB                     770 ___runSuite::
                            771 ;cases/bitintrot/bitintrot_width_7_dist_3_storage_auto.c:66: __prints("Running testRot\n");
                            772 ;	skipping iCode since result will be rematerialized
                            773 ;	skipping iCode since result will be rematerialized
                            774 ;	genSend
                            775 ;	genMove_o size 2 result type 2 source type 7 a_dead 1 hl_dead 1 de_dead 1 iy_dead 1 f_dead 1
   03BB 21rC4s03      [10]  776 	ld	hl, #___str_14
                            777 ;	genCall
   03BE CDr00s00      [17]  778 	call	___prints
                            779 ;cases/bitintrot/bitintrot_width_7_dist_3_storage_auto.c:67: testRot();
                            780 ;	genCall
                            781 ;	genLabel
                            782 ; common peephole 159 removed unused label 00101$.
                            783 ;cases/bitintrot/bitintrot_width_7_dist_3_storage_auto.c:68: }
                            784 ;	genEndFunction
   03C1 C3r00s00      [10]  785 	jp	_testRot
                            786 ; common peephole 152 removed unused ret.
                            787 ;	Total __runSuite function size at codegen: 1 bytes.
   03C4                     788 ___str_14:
   03C4 52 75 6E 6E 69 6E   789 	.ascii "Running testRot"
        67 20 74 65 73 74
        52 6F 74
   03D3 0A                  790 	.db 0x0a
   03D4 00                  791 	.db 0x00
                            792 ;cases/bitintrot/bitintrot_width_7_dist_3_storage_auto.c:73: __getSuiteName(void)
                            793 ;	genLabel
                            794 ;	genFunction
                            795 ;	---------------------------------
                            796 ; Function __getSuiteName
                            797 ; ---------------------------------
                            798 ;	Register assignment is optimal.
                            799 ; Stack space usage: 0 bytes.
   03D5                     800 ___getSuiteName::
                            801 ;cases/bitintrot/bitintrot_width_7_dist_3_storage_auto.c:75: return "bitintrot_width_7_dist_3_storage_auto";
                            802 ;	skipping iCode since result will be rematerialized
                            803 ;	skipping iCode since result will be rematerialized
                            804 ;	genRet
                            805 ;	genMove_o size 2 result type 2 source type 7 a_dead 1 hl_dead 1 de_dead 1 iy_dead 1 f_dead 1
   03D5 11rDBs03      [10]  806 	ld	de, #___str_15
                            807 ;	genLabel
                            808 ; common peephole 159 removed unused label 00101$.
                            809 ;cases/bitintrot/bitintrot_width_7_dist_3_storage_auto.c:76: }
                            810 ;	genEndFunction
   03D8 C9            [10]  811 	ret
                            812 ;	Total __getSuiteName function size at codegen: 1 bytes.
   03D9                     813 ___numCases:
   03D9 01 00               814 	.dw #0x0001
   03DB                     815 ___str_15:
   03DB 62 69 74 69 6E 74   816 	.ascii "bitintrot_width_7_dist_3_storage_auto"
        72 6F 74 5F 77 69
        64 74 68 5F 37 5F
        64 69 73 74 5F 33
        5F 73 74 6F 72 61
        67 65 5F 61 75 74
        6F
   0400 00                  817 	.db 0x00
                            818 	.area _CODE (BANK=_CSEG)
                            819 	.area _INITIALIZER
                            820 	.area _CABS (ABS)
