uCsim 0.9.9, Copyright (C) 1997 Daniel Drotos.
uCsim comes with ABSOLUTELY NO WARRANTY; for details type `show w'.
This is free software, and you are welcome to redistribute it
under certain conditions; type `show c' for details.
set error non-classified off
set error unknown_code off
set error memory off
set error stack off
set hw simif outputs 0xff
step 500000000 vclk
state
quit
1078 words read from gen/ucz80/storage/storage_source_storage_static_dest_storage_none_type_char.ihx
--- Running: storage_source_storage_static_dest_storage_none_type_char
Running testStorageTypes
--- Summary: 0/8/1: 0 failed of 8 tests in 1 cases.

Stop at 0x000369: (110) Program stopped itself
F 0x000369
Simulated 28581 ticks (2.584e-03 sec)
Host usage: 0.001708 sec, rate=1.513278
CPU state= OK PC= 0x000369 frequency= 11059200 HZ
Operation since last reset= 6756 vclks
Inst= 3633 Fetch= 5181 Read= 867 Write= 708
Total time since last reset= 0.002585268373843 sec (28591 clks)
Time in isr = 0.000000000000000 sec (0 clks) 0.00%
Time in idle= 0.000000000000000 sec (0 clks) 0.00%
Most value of stack pointer= 0x000000
Simulation: stopped
Runtime: 0.011466 sec

--- Simulator: 1078/28591: 1078 bytes, 28591 ticks
