uCsim 0.9.9, Copyright (C) 1997 Daniel Drotos.
uCsim comes with ABSOLUTELY NO WARRANTY; for details type `show w'.
This is free software, and you are welcome to redistribute it
under certain conditions; type `show c' for details.
set error non-classified off
set error unknown_code off
set error memory off
set error stack off
set hw simif outputs 0xff
step 500000000 vclk
state
quit
1304 words read from gen/ucz80/storage/storage_source_storage_none_dest_storage_static_type_long.ihx
--- Running: storage_source_storage_none_dest_storage_static_type_long
Running testStorageTypes
--- Summary: 0/8/1: 0 failed of 8 tests in 1 cases.

Stop at 0x000369: (110) Program stopped itself
F 0x000369
Simulated 29832 ticks (2.697e-03 sec)
Host usage: 0.001601 sec, rate=1.684894
CPU state= OK PC= 0x000369 frequency= 11059200 HZ
Operation since last reset= 7054 vclks
Inst= 3723 Fetch= 5400 Read= 919 Write= 735
Total time since last reset= 0.002698386863426 sec (29842 clks)
Time in isr = 0.000000000000000 sec (0 clks) 0.00%
Time in idle= 0.000000000000000 sec (0 clks) 0.00%
Most value of stack pointer= 0x000000
Simulation: stopped
Runtime: 0.011616 sec

--- Simulator: 1304/29842: 1304 bytes, 29842 ticks
