uCsim 0.9.9, Copyright (C) 1997 Daniel Drotos.
uCsim comes with ABSOLUTELY NO WARRANTY; for details type `show w'.
This is free software, and you are welcome to redistribute it
under certain conditions; type `show c' for details.
set error non-classified off
set error unknown_code off
set error memory off
set error stack off
set hw simif outputs 0xff
step 500000000 vclk
state
quit
1058 words read from gen/ucz80/storage/storage_source_storage_register_dest_storage_register_type_char.ihx
--- Running: storage_source_storage_register_dest_storage_register_type_char
Running testStorageTypes
--- Summary: 0/8/1: 0 failed of 8 tests in 1 cases.

Stop at 0x000369: (110) Program stopped itself
F 0x000369
Simulated 29256 ticks (2.645e-03 sec)
Host usage: 0.001157 sec, rate=2.286340
CPU state= OK PC= 0x000369 frequency= 11059200 HZ
Operation since last reset= 6918 vclks
Inst= 3726 Fetch= 5294 Read= 892 Write= 732
Total time since last reset= 0.002646303530093 sec (29266 clks)
Time in isr = 0.000000000000000 sec (0 clks) 0.00%
Time in idle= 0.000000000000000 sec (0 clks) 0.00%
Most value of stack pointer= 0x000000
Simulation: stopped
Runtime: 0.011006 sec

--- Simulator: 1058/29266: 1058 bytes, 29266 ticks
