                              1 ;--------------------------------------------------------
                              2 ; File Created by SDCC : free open source ISO C Compiler
                              3 ; Version 4.6.2 #16710 (Linux)
                              4 ;--------------------------------------------------------
                              5 	.module sdcccall_typearg_unsigned_char_typeret_unsigned_int_version_0
                              6 	
                              7 ;--------------------------------------------------------
                              8 ; Public variables in this module
                              9 ;--------------------------------------------------------
                             10 	.globl _testCallingConvention
                             11 	.globl _f_wrap_explicit
                             12 	.globl _f_wrap_default
                             13 	.globl _h
                             14 	.globl _g
                             15 	.globl _f
                             16 	.globl ___prints
                             17 	.globl ___fail
                             18 	.globl ___numCases
                             19 	.globl ___runSuite
                             20 	.globl ___getSuiteName
                             21 ;--------------------------------------------------------
                             22 ; special function registers
                             23 ;--------------------------------------------------------
                             24 ;--------------------------------------------------------
                             25 ; ram data
                             26 ;--------------------------------------------------------
                             27 	.area _DATA (BANK=_DSEG)
                             28 ;--------------------------------------------------------
                             29 ; ram data
                             30 ;--------------------------------------------------------
                             31 	.area _INITIALIZED
                             32 ;--------------------------------------------------------
                             33 ; absolute ram data
                             34 ;--------------------------------------------------------
                             35 	.area _DABS (ABS)
                             36 	.area _DABS (ABS)
                             37 ;--------------------------------------------------------
                             38 ; global & static initialisations
                             39 ;--------------------------------------------------------
                             40 	.area _HOME
                             41 	.area _GSINIT
                             42 	.area _GSFINAL
                             43 	.area _GSINIT
                             44 ;--------------------------------------------------------
                             45 ; Home
                             46 ;--------------------------------------------------------
                             47 	.area _HOME (BANK=_CSEG)
                             48 	.area _HOME (BANK=_CSEG)
                             49 ;--------------------------------------------------------
                             50 ; code
                             51 ;--------------------------------------------------------
                             52 	.area _CODE (BANK=_CSEG)
                             53 ;cases/sdcccall/sdcccall_typearg_unsigned_char_typeret_unsigned_int_version_0.c:16: unsigned int f(unsigned char i) SDCCCALL
                             54 ;	genLabel
                             55 ;	genFunction
                             56 ;	---------------------------------
                             57 ; Function f
                             58 ; ---------------------------------
                             59 ;	Register assignment is optimal.
                             60 ; Stack space usage: 0 bytes.
   0000                      61 _f::
                             62 ;cases/sdcccall/sdcccall_typearg_unsigned_char_typeret_unsigned_int_version_0.c:18: return ++i;
                             63 ;	genPlus
   0000 FD 21 02 00   [14]   64 	ld	iy, #2
   0004 FD 39         [15]   65 	add	iy, sp
   0006 FD 34 00      [23]   66 	inc	0 (iy)
                             67 ;	genCast
                             68 ;	genMove_o size 1 result type 2 source type 12 a_dead 1 hl_dead 1 de_dead 1 iy_dead 1 f_dead 1
   0009 FD 6E 00      [19]   69 	ld	l, 0 (iy)
                             70 ;	genMove_o size 0 result type 2 source type 1 a_dead 1 hl_dead 0 de_dead 1 iy_dead 1 f_dead 1
                             71 ;	genMove_o size 1 result type 2 source type 1 a_dead 1 hl_dead 0 de_dead 1 iy_dead 1 f_dead 1
   000C 26 00         [ 7]   72 	ld	h, #0x00
                             73 ;	genRet
                             74 ;	genMove_o size 2 result type 2 source type 2 a_dead 1 hl_dead 1 de_dead 1 iy_dead 1 f_dead 1
                             75 ;	genLabel
                             76 ; common peephole 159 removed unused label 00101$.
                             77 ;cases/sdcccall/sdcccall_typearg_unsigned_char_typeret_unsigned_int_version_0.c:19: }
                             78 ;	genEndFunction
   000E C9            [10]   79 	ret
                             80 ;	Total f function size at codegen: 1 bytes.
                             81 ;cases/sdcccall/sdcccall_typearg_unsigned_char_typeret_unsigned_int_version_0.c:21: unsigned int g(unsigned char i, unsigned int j) SDCCCALL
                             82 ;	genLabel
                             83 ;	genFunction
                             84 ;	---------------------------------
                             85 ; Function g
                             86 ; ---------------------------------
                             87 ;	Register assignment might be sub-optimal.
                             88 ; Stack space usage: 0 bytes.
   000F                      89 _g::
                             90 ;cases/sdcccall/sdcccall_typearg_unsigned_char_typeret_unsigned_int_version_0.c:23: return i + j;
                             91 ;	genAssign
                             92 ;	genMove_o size 1 result type 2 source type 12 a_dead 1 hl_dead 1 de_dead 1 iy_dead 1 f_dead 1
                             93 ; common peephole 63 used hl instead of iy.
                             94 ; common peephole 130a removed unnecessary +0 from constant
   000F 21 02 00      [10]   95 	ld	hl, #2
   0012 39            [11]   96 	add	hl, sp
   0013 7E            [ 7]   97 	ld	a, (hl)
                             98 ;	genMove_o size 0 result type 2 source type 1 a_dead 1 hl_dead 1 de_dead 1 iy_dead 1 f_dead 1
                             99 ;	genCast
                            100 ;	genMove_o size 1 result type 2 source type 2 a_dead 1 hl_dead 1 de_dead 1 iy_dead 1 f_dead 1
                            101 ;	genMove_o size 1 result type 2 source type 1 a_dead 0 hl_dead 1 de_dead 1 iy_dead 1 f_dead 1
   0014 06 00         [ 7]  102 	ld	b, #0x00
                            103 ;	genPlus
                            104 ;	Shift into pair
   0016 21 03 00      [10]  105 	ld	hl, #3
   0019 39            [11]  106 	add	hl, sp
   001A 86            [ 7]  107 	add	a, (hl)
                            108 ; common peephole 96b move inc hl before ld a, b
                            109 ; common peephole 96b move inc hl before ld c, a
   001B 23            [ 6]  110 	inc	hl
   001C 4F            [ 4]  111 	ld	c, a
   001D 78            [ 4]  112 	ld	a, b
   001E 8E            [ 7]  113 	adc	a, (hl)
   001F 67            [ 4]  114 	ld	h, a
                            115 ;	genRet
                            116 ;	genMove_o size 2 result type 2 source type 2 a_dead 1 hl_dead 1 de_dead 1 iy_dead 1 f_dead 1
   0020 69            [ 4]  117 	ld	l, c
                            118 ;	genMove_o size 0 result type 2 source type 1 a_dead 1 hl_dead 1 de_dead 1 iy_dead 1 f_dead 1
                            119 ;	genLabel
                            120 ; common peephole 159 removed unused label 00101$.
                            121 ;cases/sdcccall/sdcccall_typearg_unsigned_char_typeret_unsigned_int_version_0.c:24: }
                            122 ;	genEndFunction
   0021 C9            [10]  123 	ret
                            124 ;	Total g function size at codegen: 1 bytes.
                            125 ;cases/sdcccall/sdcccall_typearg_unsigned_char_typeret_unsigned_int_version_0.c:27: unsigned int h(unsigned char i, unsigned int j, unsigned long long k) SDCCCALL
                            126 ;	genLabel
                            127 ;	genFunction
                            128 ;	---------------------------------
                            129 ; Function h
                            130 ; ---------------------------------
                            131 ;	Register assignment might be sub-optimal.
                            132 ; Stack space usage: 0 bytes.
   0022                     133 _h::
   0022 DD E5         [15]  134 	push	ix
   0024 DD 21 00 00   [14]  135 	ld	ix,	#0
   0028 DD 39         [15]  136 	add	ix, sp
                            137 ;cases/sdcccall/sdcccall_typearg_unsigned_char_typeret_unsigned_int_version_0.c:29: return i + j + k;
                            138 ;	genAssign
                            139 ;	genMove_o size 1 result type 2 source type 6 a_dead 1 hl_dead 1 de_dead 1 iy_dead 1 f_dead 1
   002A DD 4E 04      [19]  140 	ld	c, 4 (ix)
                            141 ;	genMove_o size 0 result type 2 source type 1 a_dead 1 hl_dead 1 de_dead 1 iy_dead 1 f_dead 1
                            142 ;	genCast
                            143 ;	genMove_o size 1 result type 2 source type 2 a_dead 1 hl_dead 1 de_dead 1 iy_dead 1 f_dead 1
                            144 ;	genMove_o size 1 result type 2 source type 1 a_dead 1 hl_dead 1 de_dead 1 iy_dead 1 f_dead 1
   002D 06 00         [ 7]  145 	ld	b, #0x00
                            146 ;	genPlus
                            147 ;	genMove_o size 2 result type 2 source type 6 a_dead 1 hl_dead 1 de_dead 1 iy_dead 1 f_dead 1
   002F DD 6E 05      [19]  148 	ld	l, 5 (ix)
   0032 DD 66 06      [19]  149 	ld	h, 6 (ix)
                            150 ;	genMove_o size 0 result type 2 source type 1 a_dead 1 hl_dead 1 de_dead 1 iy_dead 1 f_dead 1
   0035 09            [11]  151 	add	hl, bc
                            152 ;	genCast
                            153 ;	genMove_o size 2 result type 2 source type 6 a_dead 1 hl_dead 0 de_dead 1 iy_dead 1 f_dead 1
   0036 DD 4E 07      [19]  154 	ld	c, 7 (ix)
   0039 DD 46 08      [19]  155 	ld	b, 8 (ix)
                            156 ;	genMove_o size 0 result type 2 source type 1 a_dead 1 hl_dead 0 de_dead 1 iy_dead 1 f_dead 1
                            157 ;	genPlus
   003C 09            [11]  158 	add	hl, bc
                            159 ;	genRet
                            160 ;	genMove_o size 2 result type 2 source type 2 a_dead 1 hl_dead 1 de_dead 1 iy_dead 1 f_dead 1
                            161 ;	genLabel
                            162 ; common peephole 159 removed unused label 00101$.
                            163 ;cases/sdcccall/sdcccall_typearg_unsigned_char_typeret_unsigned_int_version_0.c:30: }
                            164 ;	genEndFunction
   003D DD E1         [14]  165 	pop	ix
   003F C9            [10]  166 	ret
                            167 ;	Total h function size at codegen: 3 bytes.
                            168 ;cases/sdcccall/sdcccall_typearg_unsigned_char_typeret_unsigned_int_version_0.c:33: unsigned int f_wrap_default(unsigned char i)
                            169 ;	genLabel
                            170 ;	genFunction
                            171 ;	---------------------------------
                            172 ; Function f_wrap_default
                            173 ; ---------------------------------
                            174 ;	Register assignment is optimal.
                            175 ; Stack space usage: 0 bytes.
   0040                     176 _f_wrap_default::
                            177 ;	genReceive
                            178 ;	genMove_o size 1 result type 2 source type 2 a_dead 1 hl_dead 1 de_dead 1 iy_dead 1 f_dead 1
                            179 ;cases/sdcccall/sdcccall_typearg_unsigned_char_typeret_unsigned_int_version_0.c:35: return f(i);
                            180 ;	genIpush
   0040 F5            [11]  181 	push	af
   0041 33            [ 6]  182 	inc	sp
                            183 ;	genCall
   0042 CDr00s00      [17]  184 	call	_f
                            185 ;	adjustStack by 1
   0045 33            [ 6]  186 	inc	sp
                            187 ;	genMove_o size 2 result type 2 source type 2 a_dead 1 hl_dead 1 de_dead 1 iy_dead 1 f_dead 1
   0046 EB            [ 4]  188 	ex	de, hl
                            189 ;	genMove_o size 0 result type 2 source type 1 a_dead 1 hl_dead 1 de_dead 1 iy_dead 1 f_dead 1
                            190 ;	genRet
                            191 ;	genMove_o size 2 result type 2 source type 2 a_dead 1 hl_dead 1 de_dead 1 iy_dead 1 f_dead 1
                            192 ;	genLabel
                            193 ; common peephole 159 removed unused label 00101$.
                            194 ;cases/sdcccall/sdcccall_typearg_unsigned_char_typeret_unsigned_int_version_0.c:36: }
                            195 ;	genEndFunction
   0047 C9            [10]  196 	ret
                            197 ;	Total f_wrap_default function size at codegen: 1 bytes.
                            198 ;cases/sdcccall/sdcccall_typearg_unsigned_char_typeret_unsigned_int_version_0.c:38: unsigned int f_wrap_explicit(unsigned char i) SDCCCALL
                            199 ;	genLabel
                            200 ;	genFunction
                            201 ;	---------------------------------
                            202 ; Function f_wrap_explicit
                            203 ; ---------------------------------
                            204 ;	Register assignment is optimal.
                            205 ; Stack space usage: 0 bytes.
   0048                     206 _f_wrap_explicit::
                            207 ;cases/sdcccall/sdcccall_typearg_unsigned_char_typeret_unsigned_int_version_0.c:40: return f(i);
                            208 ;	genIpush
                            209 ;	genMove_o size 1 result type 2 source type 12 a_dead 1 hl_dead 1 de_dead 1 iy_dead 1 f_dead 1
                            210 ; common peephole 63 used hl instead of iy.
                            211 ; common peephole 130a removed unnecessary +0 from constant
   0048 21 02 00      [10]  212 	ld	hl, #2
   004B 39            [11]  213 	add	hl, sp
   004C 7E            [ 7]  214 	ld	a, (hl)
                            215 ;	genMove_o size 0 result type 2 source type 1 a_dead 1 hl_dead 1 de_dead 1 iy_dead 1 f_dead 1
   004D F5            [11]  216 	push	af
   004E 33            [ 6]  217 	inc	sp
                            218 ;	genCall
   004F CDr00s00      [17]  219 	call	_f
                            220 ;	adjustStack by 1
   0052 33            [ 6]  221 	inc	sp
                            222 ;	genMove_o size 2 result type 2 source type 2 a_dead 1 hl_dead 1 de_dead 1 iy_dead 1 f_dead 1
                            223 ;	genRet
                            224 ;	genMove_o size 2 result type 2 source type 2 a_dead 1 hl_dead 1 de_dead 1 iy_dead 1 f_dead 1
                            225 ;	genLabel
                            226 ; common peephole 159 removed unused label 00101$.
                            227 ;cases/sdcccall/sdcccall_typearg_unsigned_char_typeret_unsigned_int_version_0.c:41: }
                            228 ;	genEndFunction
   0053 C9            [10]  229 	ret
                            230 ;	Total f_wrap_explicit function size at codegen: 1 bytes.
                            231 ;cases/sdcccall/sdcccall_typearg_unsigned_char_typeret_unsigned_int_version_0.c:44: testCallingConvention(void)
                            232 ;	genLabel
                            233 ;	genFunction
                            234 ;	---------------------------------
                            235 ; Function testCallingConvention
                            236 ; ---------------------------------
                            237 ;	Register assignment might be sub-optimal.
                            238 ; Stack space usage: 0 bytes.
   0054                     239 _testCallingConvention::
                            240 ;cases/sdcccall/sdcccall_typearg_unsigned_char_typeret_unsigned_int_version_0.c:46: ASSERT(f(23) == (unsigned int)24);
                            241 ;	genPlus
                            242 ;	genMove_o size 2 result type 2 source type 10 a_dead 1 hl_dead 1 de_dead 1 iy_dead 1 f_dead 1
   0054 2Ar00s00      [16]  243 	ld	hl, (___numTests)
   0057 23            [ 6]  244 	inc	hl
                            245 ;	genMove_o size 2 result type 10 source type 2 a_dead 1 hl_dead 1 de_dead 1 iy_dead 1 f_dead 1
   0058 22r00s00      [16]  246 	ld	(___numTests), hl
                            247 ;	genIpush
                            248 ;	genMove_o size 1 result type 2 source type 1 a_dead 1 hl_dead 1 de_dead 1 iy_dead 1 f_dead 1
   005B 3E 17         [ 7]  249 	ld	a, #0x17
   005D F5            [11]  250 	push	af
   005E 33            [ 6]  251 	inc	sp
                            252 ;	genCall
   005F CDr00s00      [17]  253 	call	_f
                            254 ;	adjustStack by 1
   0062 33            [ 6]  255 	inc	sp
                            256 ;	genMove_o size 2 result type 2 source type 2 a_dead 1 hl_dead 1 de_dead 1 iy_dead 1 f_dead 1
                            257 ;	genCmpEq
                            258 ;	genMove_o size 1 result type 2 source type 2 a_dead 1 hl_dead 0 de_dead 0 iy_dead 0 f_dead 1
   0063 7D            [ 4]  259 	ld	a, l
                            260 ;	genMove_o size 0 result type 2 source type 1 a_dead 1 hl_dead 0 de_dead 0 iy_dead 0 f_dead 1
   0064 D6 18         [ 7]  261 	sub	a, #0x18
   0066 B4            [ 4]  262 	or	a, h
                            263 ; common peephole 163 changed absolute to relative conditional jump.
   0067 28 11         [12]  264 	jr	z, 00104$
                            265 ; common peephole 81 removed jp by using inverse jump logic
                            266 ; common peephole 159 removed unused label 00153$.
                            267 ;	skipping generated iCode
                            268 ;	skipping iCode since result will be rematerialized
                            269 ;	skipping iCode since result will be rematerialized
                            270 ;	skipping iCode since result will be rematerialized
                            271 ;	skipping iCode since result will be rematerialized
                            272 ;	skipping iCode since result will be rematerialized
                            273 ;	skipping iCode since result will be rematerialized
                            274 ;	genIpush
                            275 ;	genMove_o size 2 result type 2 source type 1 a_dead 1 hl_dead 1 de_dead 1 iy_dead 1 f_dead 1
   0069 21 2E 00      [10]  276 	ld	hl, #0x002e
   006C E5            [11]  277 	push	hl
                            278 ;	genIpush
                            279 ;	genMove_o size 2 result type 2 source type 7 a_dead 1 hl_dead 1 de_dead 1 iy_dead 1 f_dead 1
   006D 21r5Ds01      [10]  280 	ld	hl, #___str_2
   0070 E5            [11]  281 	push	hl
                            282 ;	genSend
                            283 ;	genMove_o size 2 result type 2 source type 7 a_dead 1 hl_dead 1 de_dead 1 iy_dead 1 f_dead 1
   0071 11r43s01      [10]  284 	ld	de, #___str_1
                            285 ;	genSend
                            286 ;	genMove_o size 2 result type 2 source type 7 a_dead 1 hl_dead 1 de_dead 0 iy_dead 1 f_dead 1
   0074 21r32s01      [10]  287 	ld	hl, #___str_0
                            288 ;	genCall
   0077 CDr00s00      [17]  289 	call	___fail
                            290 ;	genLabel
   007A                     291 00104$:
                            292 ;cases/sdcccall/sdcccall_typearg_unsigned_char_typeret_unsigned_int_version_0.c:47: ASSERT(g(23, 1001u) == (unsigned int)1024ul);
                            293 ;	genPlus
                            294 ;	genMove_o size 2 result type 2 source type 10 a_dead 1 hl_dead 1 de_dead 1 iy_dead 1 f_dead 1
   007A 2Ar00s00      [16]  295 	ld	hl, (___numTests)
   007D 23            [ 6]  296 	inc	hl
                            297 ;	genMove_o size 2 result type 10 source type 2 a_dead 1 hl_dead 1 de_dead 1 iy_dead 1 f_dead 1
   007E 22r00s00      [16]  298 	ld	(___numTests), hl
                            299 ;	genIpush
                            300 ;	genMove_o size 2 result type 2 source type 1 a_dead 1 hl_dead 1 de_dead 1 iy_dead 1 f_dead 1
   0081 21 E9 03      [10]  301 	ld	hl, #0x03e9
   0084 E5            [11]  302 	push	hl
                            303 ;	genIpush
                            304 ;	genMove_o size 1 result type 2 source type 1 a_dead 1 hl_dead 1 de_dead 1 iy_dead 1 f_dead 1
   0085 3E 17         [ 7]  305 	ld	a, #0x17
   0087 F5            [11]  306 	push	af
   0088 33            [ 6]  307 	inc	sp
                            308 ;	genCall
   0089 CDr0Fs00      [17]  309 	call	_g
                            310 ;	adjustStack by 3
   008C F1            [10]  311 	pop	af
   008D 33            [ 6]  312 	inc	sp
                            313 ;	genMove_o size 2 result type 2 source type 2 a_dead 1 hl_dead 1 de_dead 1 iy_dead 1 f_dead 1
                            314 ;	genCmpEq
   008E 7D            [ 4]  315 	ld	a, l
   008F B7            [ 4]  316 	or	a, a
                            317 ; common peephole 163 changed absolute to relative conditional jump.
   0090 20 05         [12]  318 	jr	nz, 00154$
                            319 ;	genMove_o size 1 result type 2 source type 2 a_dead 1 hl_dead 0 de_dead 0 iy_dead 0 f_dead 1
   0092 7C            [ 4]  320 	ld	a, h
                            321 ;	genMove_o size 0 result type 2 source type 1 a_dead 1 hl_dead 0 de_dead 0 iy_dead 0 f_dead 1
   0093 D6 04         [ 7]  322 	sub	a, #0x04
                            323 ; common peephole 163 changed absolute to relative conditional jump.
   0095 28 11         [12]  324 	jr	z, 00106$
                            325 ; common peephole 81 removed jp by using inverse jump logic
   0097                     326 00154$:
                            327 ;	skipping generated iCode
                            328 ;	skipping iCode since result will be rematerialized
                            329 ;	skipping iCode since result will be rematerialized
                            330 ;	skipping iCode since result will be rematerialized
                            331 ;	skipping iCode since result will be rematerialized
                            332 ;	skipping iCode since result will be rematerialized
                            333 ;	skipping iCode since result will be rematerialized
                            334 ;	genIpush
                            335 ;	genMove_o size 2 result type 2 source type 1 a_dead 1 hl_dead 1 de_dead 1 iy_dead 1 f_dead 1
   0097 21 2F 00      [10]  336 	ld	hl, #0x002f
   009A E5            [11]  337 	push	hl
                            338 ;	genIpush
                            339 ;	genMove_o size 2 result type 2 source type 7 a_dead 1 hl_dead 1 de_dead 1 iy_dead 1 f_dead 1
   009B 21r5Ds01      [10]  340 	ld	hl, #___str_2
   009E E5            [11]  341 	push	hl
                            342 ;	genSend
                            343 ;	genMove_o size 2 result type 2 source type 7 a_dead 1 hl_dead 1 de_dead 1 iy_dead 1 f_dead 1
   009F 11rACs01      [10]  344 	ld	de, #___str_3
                            345 ;	genSend
                            346 ;	genMove_o size 2 result type 2 source type 7 a_dead 1 hl_dead 1 de_dead 0 iy_dead 1 f_dead 1
   00A2 21r32s01      [10]  347 	ld	hl, #___str_0
                            348 ;	genCall
   00A5 CDr00s00      [17]  349 	call	___fail
                            350 ;	genLabel
   00A8                     351 00106$:
                            352 ;cases/sdcccall/sdcccall_typearg_unsigned_char_typeret_unsigned_int_version_0.c:49: ASSERT(h(23, 1001u, 10000000000ul) == (unsigned int)10000001024ull);
                            353 ;	genPlus
                            354 ;	genMove_o size 2 result type 2 source type 10 a_dead 1 hl_dead 1 de_dead 1 iy_dead 1 f_dead 1
   00A8 2Ar00s00      [16]  355 	ld	hl, (___numTests)
   00AB 23            [ 6]  356 	inc	hl
                            357 ;	genMove_o size 2 result type 10 source type 2 a_dead 1 hl_dead 1 de_dead 1 iy_dead 1 f_dead 1
   00AC 22r00s00      [16]  358 	ld	(___numTests), hl
                            359 ;	genIpush
                            360 ;	genMove_o size 2 result type 2 source type 1 a_dead 1 hl_dead 1 de_dead 1 iy_dead 1 f_dead 1
   00AF 21 00 00      [10]  361 	ld	hl, #0x0000
   00B2 E5            [11]  362 	push	hl
                            363 ;	genMove_o size 2 result type 2 source type 1 a_dead 1 hl_dead 1 de_dead 1 iy_dead 1 f_dead 1
   00B3 2E 02         [ 7]  364 	ld	l, #0x02
   00B5 E5            [11]  365 	push	hl
                            366 ;	genMove_o size 2 result type 2 source type 1 a_dead 1 hl_dead 1 de_dead 1 iy_dead 1 f_dead 1
   00B6 21 0B 54      [10]  367 	ld	hl, #0x540b
   00B9 E5            [11]  368 	push	hl
                            369 ;	genMove_o size 2 result type 2 source type 1 a_dead 1 hl_dead 1 de_dead 1 iy_dead 1 f_dead 1
   00BA 21 00 E4      [10]  370 	ld	hl, #0xe400
   00BD E5            [11]  371 	push	hl
                            372 ;	genIpush
                            373 ;	genMove_o size 2 result type 2 source type 1 a_dead 1 hl_dead 1 de_dead 1 iy_dead 1 f_dead 1
   00BE 21 E9 03      [10]  374 	ld	hl, #0x03e9
   00C1 E5            [11]  375 	push	hl
                            376 ;	genIpush
                            377 ;	genMove_o size 1 result type 2 source type 1 a_dead 1 hl_dead 1 de_dead 1 iy_dead 1 f_dead 1
   00C2 3E 17         [ 7]  378 	ld	a, #0x17
   00C4 F5            [11]  379 	push	af
   00C5 33            [ 6]  380 	inc	sp
                            381 ;	genCall
   00C6 CDr22s00      [17]  382 	call	_h
                            383 ;	adjustStack by 11
   00C9 F1            [10]  384 	pop	af
   00CA F1            [10]  385 	pop	af
   00CB F1            [10]  386 	pop	af
   00CC F1            [10]  387 	pop	af
   00CD F1            [10]  388 	pop	af
   00CE 33            [ 6]  389 	inc	sp
                            390 ;	genMove_o size 2 result type 2 source type 2 a_dead 1 hl_dead 1 de_dead 1 iy_dead 1 f_dead 1
                            391 ;	genCmpEq
   00CF 7D            [ 4]  392 	ld	a, l
   00D0 B7            [ 4]  393 	or	a, a
                            394 ; common peephole 163 changed absolute to relative conditional jump.
   00D1 20 05         [12]  395 	jr	nz, 00155$
                            396 ;	genMove_o size 1 result type 2 source type 2 a_dead 1 hl_dead 0 de_dead 0 iy_dead 0 f_dead 1
   00D3 7C            [ 4]  397 	ld	a, h
                            398 ;	genMove_o size 0 result type 2 source type 1 a_dead 1 hl_dead 0 de_dead 0 iy_dead 0 f_dead 1
   00D4 D6 E8         [ 7]  399 	sub	a, #0xe8
                            400 ; common peephole 163 changed absolute to relative conditional jump.
   00D6 28 11         [12]  401 	jr	z, 00108$
                            402 ; common peephole 81 removed jp by using inverse jump logic
   00D8                     403 00155$:
                            404 ;	skipping generated iCode
                            405 ;	skipping iCode since result will be rematerialized
                            406 ;	skipping iCode since result will be rematerialized
                            407 ;	skipping iCode since result will be rematerialized
                            408 ;	skipping iCode since result will be rematerialized
                            409 ;	skipping iCode since result will be rematerialized
                            410 ;	skipping iCode since result will be rematerialized
                            411 ;	genIpush
                            412 ;	genMove_o size 2 result type 2 source type 1 a_dead 1 hl_dead 1 de_dead 1 iy_dead 1 f_dead 1
   00D8 21 31 00      [10]  413 	ld	hl, #0x0031
   00DB E5            [11]  414 	push	hl
                            415 ;	genIpush
                            416 ;	genMove_o size 2 result type 2 source type 7 a_dead 1 hl_dead 1 de_dead 1 iy_dead 1 f_dead 1
   00DC 21r5Ds01      [10]  417 	ld	hl, #___str_2
   00DF E5            [11]  418 	push	hl
                            419 ;	genSend
                            420 ;	genMove_o size 2 result type 2 source type 7 a_dead 1 hl_dead 1 de_dead 1 iy_dead 1 f_dead 1
   00E0 11rD1s01      [10]  421 	ld	de, #___str_4
                            422 ;	genSend
                            423 ;	genMove_o size 2 result type 2 source type 7 a_dead 1 hl_dead 1 de_dead 0 iy_dead 1 f_dead 1
   00E3 21r32s01      [10]  424 	ld	hl, #___str_0
                            425 ;	genCall
   00E6 CDr00s00      [17]  426 	call	___fail
                            427 ;	genLabel
   00E9                     428 00108$:
                            429 ;cases/sdcccall/sdcccall_typearg_unsigned_char_typeret_unsigned_int_version_0.c:51: ASSERT(f_wrap_default(23) == (unsigned int)24);
                            430 ;	genPlus
                            431 ;	genMove_o size 2 result type 2 source type 10 a_dead 1 hl_dead 1 de_dead 1 iy_dead 1 f_dead 1
   00E9 2Ar00s00      [16]  432 	ld	hl, (___numTests)
   00EC 23            [ 6]  433 	inc	hl
                            434 ;	genMove_o size 2 result type 10 source type 2 a_dead 1 hl_dead 1 de_dead 1 iy_dead 1 f_dead 1
   00ED 22r00s00      [16]  435 	ld	(___numTests), hl
                            436 ;	genSend
                            437 ;	genMove_o size 1 result type 2 source type 1 a_dead 1 hl_dead 1 de_dead 1 iy_dead 1 f_dead 1
   00F0 3E 17         [ 7]  438 	ld	a, #0x17
                            439 ;	genCall
   00F2 CDr40s00      [17]  440 	call	_f_wrap_default
                            441 ;	genMove_o size 2 result type 2 source type 2 a_dead 1 hl_dead 1 de_dead 1 iy_dead 1 f_dead 1
                            442 ;	genCmpEq
                            443 ;	genMove_o size 1 result type 2 source type 2 a_dead 1 hl_dead 1 de_dead 0 iy_dead 0 f_dead 1
   00F5 7B            [ 4]  444 	ld	a, e
                            445 ;	genMove_o size 0 result type 2 source type 1 a_dead 1 hl_dead 1 de_dead 0 iy_dead 0 f_dead 1
   00F6 D6 18         [ 7]  446 	sub	a, #0x18
   00F8 B2            [ 4]  447 	or	a, d
                            448 ; common peephole 163 changed absolute to relative conditional jump.
   00F9 28 11         [12]  449 	jr	z, 00110$
                            450 ; common peephole 81 removed jp by using inverse jump logic
                            451 ; common peephole 159 removed unused label 00156$.
                            452 ;	skipping generated iCode
                            453 ;	skipping iCode since result will be rematerialized
                            454 ;	skipping iCode since result will be rematerialized
                            455 ;	skipping iCode since result will be rematerialized
                            456 ;	skipping iCode since result will be rematerialized
                            457 ;	skipping iCode since result will be rematerialized
                            458 ;	skipping iCode since result will be rematerialized
                            459 ;	genIpush
                            460 ;	genMove_o size 2 result type 2 source type 1 a_dead 1 hl_dead 1 de_dead 1 iy_dead 1 f_dead 1
   00FB 21 33 00      [10]  461 	ld	hl, #0x0033
   00FE E5            [11]  462 	push	hl
                            463 ;	genIpush
                            464 ;	genMove_o size 2 result type 2 source type 7 a_dead 1 hl_dead 1 de_dead 1 iy_dead 1 f_dead 1
   00FF 21r5Ds01      [10]  465 	ld	hl, #___str_2
   0102 E5            [11]  466 	push	hl
                            467 ;	genSend
                            468 ;	genMove_o size 2 result type 2 source type 7 a_dead 1 hl_dead 1 de_dead 1 iy_dead 1 f_dead 1
   0103 11r0Ds02      [10]  469 	ld	de, #___str_5
                            470 ;	genSend
                            471 ;	genMove_o size 2 result type 2 source type 7 a_dead 1 hl_dead 1 de_dead 0 iy_dead 1 f_dead 1
   0106 21r32s01      [10]  472 	ld	hl, #___str_0
                            473 ;	genCall
   0109 CDr00s00      [17]  474 	call	___fail
                            475 ;	genLabel
   010C                     476 00110$:
                            477 ;cases/sdcccall/sdcccall_typearg_unsigned_char_typeret_unsigned_int_version_0.c:52: ASSERT(f_wrap_explicit(23) == (unsigned int)24);
                            478 ;	genPlus
                            479 ;	genMove_o size 2 result type 2 source type 10 a_dead 1 hl_dead 1 de_dead 1 iy_dead 1 f_dead 1
   010C 2Ar00s00      [16]  480 	ld	hl, (___numTests)
   010F 23            [ 6]  481 	inc	hl
                            482 ;	genMove_o size 2 result type 10 source type 2 a_dead 1 hl_dead 1 de_dead 1 iy_dead 1 f_dead 1
   0110 22r00s00      [16]  483 	ld	(___numTests), hl
                            484 ;	genIpush
                            485 ;	genMove_o size 1 result type 2 source type 1 a_dead 1 hl_dead 1 de_dead 1 iy_dead 1 f_dead 1
   0113 3E 17         [ 7]  486 	ld	a, #0x17
   0115 F5            [11]  487 	push	af
   0116 33            [ 6]  488 	inc	sp
                            489 ;	genCall
   0117 CDr48s00      [17]  490 	call	_f_wrap_explicit
                            491 ;	adjustStack by 1
   011A 33            [ 6]  492 	inc	sp
                            493 ;	genMove_o size 2 result type 2 source type 2 a_dead 1 hl_dead 1 de_dead 1 iy_dead 1 f_dead 1
                            494 ;	genCmpEq
                            495 ;	genMove_o size 1 result type 2 source type 2 a_dead 1 hl_dead 0 de_dead 0 iy_dead 0 f_dead 1
   011B 7D            [ 4]  496 	ld	a, l
                            497 ;	genMove_o size 0 result type 2 source type 1 a_dead 1 hl_dead 0 de_dead 0 iy_dead 0 f_dead 1
   011C D6 18         [ 7]  498 	sub	a, #0x18
   011E B4            [ 4]  499 	or	a, h
   011F C8            [11]  500 	ret	z
                            501 ; common peephole 161 replaced jump by return.
                            502 ; common peephole 81 removed jp by using inverse jump logic
                            503 ; common peephole 159 removed unused label 00157$.
                            504 ;	skipping generated iCode
                            505 ;	skipping iCode since result will be rematerialized
                            506 ;	skipping iCode since result will be rematerialized
                            507 ;	skipping iCode since result will be rematerialized
                            508 ;	skipping iCode since result will be rematerialized
                            509 ;	skipping iCode since result will be rematerialized
                            510 ;	skipping iCode since result will be rematerialized
                            511 ;	genIpush
                            512 ;	genMove_o size 2 result type 2 source type 1 a_dead 1 hl_dead 1 de_dead 1 iy_dead 1 f_dead 1
   0120 21 34 00      [10]  513 	ld	hl, #0x0034
   0123 E5            [11]  514 	push	hl
                            515 ;	genIpush
                            516 ;	genMove_o size 2 result type 2 source type 7 a_dead 1 hl_dead 1 de_dead 1 iy_dead 1 f_dead 1
   0124 21r5Ds01      [10]  517 	ld	hl, #___str_2
   0127 E5            [11]  518 	push	hl
                            519 ;	genSend
                            520 ;	genMove_o size 2 result type 2 source type 7 a_dead 1 hl_dead 1 de_dead 1 iy_dead 1 f_dead 1
   0128 11r34s02      [10]  521 	ld	de, #___str_6
                            522 ;	genSend
                            523 ;	genMove_o size 2 result type 2 source type 7 a_dead 1 hl_dead 1 de_dead 0 iy_dead 1 f_dead 1
   012B 21r32s01      [10]  524 	ld	hl, #___str_0
                            525 ;	genCall
   012E CDr00s00      [17]  526 	call	___fail
                            527 ;	genLabel
                            528 ; common peephole 159 removed unused label 00101$.
                            529 ;cases/sdcccall/sdcccall_typearg_unsigned_char_typeret_unsigned_int_version_0.c:53: }
                            530 ;	genEndFunction
   0131 C9            [10]  531 	ret
                            532 ;	Total testCallingConvention function size at codegen: 1 bytes.
   0132                     533 ___str_0:
   0132 41 73 73 65 72 74   534 	.ascii "Assertion failed"
        69 6F 6E 20 66 61
        69 6C 65 64
   0142 00                  535 	.db 0x00
   0143                     536 ___str_1:
   0143 66 28 32 33 29 20   537 	.ascii "f(23) == (unsigned int)24"
        3D 3D 20 28 75 6E
        73 69 67 6E 65 64
        20 69 6E 74 29 32
        34
   015C 00                  538 	.db 0x00
   015D                     539 ___str_2:
   015D 63 61 73 65 73 2F   540 	.ascii "cases/sdcccall/sdcccall_typearg_unsigned_char_typeret_unsign"
        73 64 63 63 63 61
        6C 6C 2F 73 64 63
        63 63 61 6C 6C 5F
        74 79 70 65 61 72
        67 5F 75 6E 73 69
        67 6E 65 64 5F 63
        68 61 72 5F 74 79
        70 65 72 65 74 5F
        75 6E 73 69 67 6E
   0199 65 64 5F 69 6E 74   541 	.ascii "ed_int_version_0.c"
        5F 76 65 72 73 69
        6F 6E 5F 30 2E 63
   01AB 00                  542 	.db 0x00
   01AC                     543 ___str_3:
   01AC 67 28 32 33 2C 20   544 	.ascii "g(23, 1001u) == (unsigned int)1024ul"
        31 30 30 31 75 29
        20 3D 3D 20 28 75
        6E 73 69 67 6E 65
        64 20 69 6E 74 29
        31 30 32 34 75 6C
   01D0 00                  545 	.db 0x00
   01D1                     546 ___str_4:
   01D1 68 28 32 33 2C 20   547 	.ascii "h(23, 1001u, 10000000000ul) == (unsigned int)10000001024ull"
        31 30 30 31 75 2C
        20 31 30 30 30 30
        30 30 30 30 30 30
        75 6C 29 20 3D 3D
        20 28 75 6E 73 69
        67 6E 65 64 20 69
        6E 74 29 31 30 30
        30 30 30 30 31 30
        32 34 75 6C 6C
   020C 00                  548 	.db 0x00
   020D                     549 ___str_5:
   020D 66 5F 77 72 61 70   550 	.ascii "f_wrap_default(23) == (unsigned int)24"
        5F 64 65 66 61 75
        6C 74 28 32 33 29
        20 3D 3D 20 28 75
        6E 73 69 67 6E 65
        64 20 69 6E 74 29
        32 34
   0233 00                  551 	.db 0x00
   0234                     552 ___str_6:
   0234 66 5F 77 72 61 70   553 	.ascii "f_wrap_explicit(23) == (unsigned int)24"
        5F 65 78 70 6C 69
        63 69 74 28 32 33
        29 20 3D 3D 20 28
        75 6E 73 69 67 6E
        65 64 20 69 6E 74
        29 32 34
   025B 00                  554 	.db 0x00
                            555 ;cases/sdcccall/sdcccall_typearg_unsigned_char_typeret_unsigned_int_version_0.c:57: __runSuite(void)
                            556 ;	genLabel
                            557 ;	genFunction
                            558 ;	---------------------------------
                            559 ; Function __runSuite
                            560 ; ---------------------------------
                            561 ;	Register assignment is optimal.
                            562 ; Stack space usage: 0 bytes.
   025C                     563 ___runSuite::
                            564 ;cases/sdcccall/sdcccall_typearg_unsigned_char_typeret_unsigned_int_version_0.c:59: __prints("Running testCallingConvention\n");
                            565 ;	skipping iCode since result will be rematerialized
                            566 ;	skipping iCode since result will be rematerialized
                            567 ;	genSend
                            568 ;	genMove_o size 2 result type 2 source type 7 a_dead 1 hl_dead 1 de_dead 1 iy_dead 1 f_dead 1
   025C 21r65s02      [10]  569 	ld	hl, #___str_7
                            570 ;	genCall
   025F CDr00s00      [17]  571 	call	___prints
                            572 ;cases/sdcccall/sdcccall_typearg_unsigned_char_typeret_unsigned_int_version_0.c:60: testCallingConvention();
                            573 ;	genCall
                            574 ;	genLabel
                            575 ; common peephole 159 removed unused label 00101$.
                            576 ;cases/sdcccall/sdcccall_typearg_unsigned_char_typeret_unsigned_int_version_0.c:61: }
                            577 ;	genEndFunction
   0262 C3r54s00      [10]  578 	jp	_testCallingConvention
                            579 ; common peephole 152 removed unused ret.
                            580 ;	Total __runSuite function size at codegen: 1 bytes.
   0265                     581 ___str_7:
   0265 52 75 6E 6E 69 6E   582 	.ascii "Running testCallingConvention"
        67 20 74 65 73 74
        43 61 6C 6C 69 6E
        67 43 6F 6E 76 65
        6E 74 69 6F 6E
   0282 0A                  583 	.db 0x0a
   0283 00                  584 	.db 0x00
                            585 ;cases/sdcccall/sdcccall_typearg_unsigned_char_typeret_unsigned_int_version_0.c:66: __getSuiteName(void)
                            586 ;	genLabel
                            587 ;	genFunction
                            588 ;	---------------------------------
                            589 ; Function __getSuiteName
                            590 ; ---------------------------------
                            591 ;	Register assignment is optimal.
                            592 ; Stack space usage: 0 bytes.
   0284                     593 ___getSuiteName::
                            594 ;cases/sdcccall/sdcccall_typearg_unsigned_char_typeret_unsigned_int_version_0.c:68: return "sdcccall_typearg_unsigned_char_typeret_unsigned_int_version_0";
                            595 ;	skipping iCode since result will be rematerialized
                            596 ;	skipping iCode since result will be rematerialized
                            597 ;	genRet
                            598 ;	genMove_o size 2 result type 2 source type 7 a_dead 1 hl_dead 1 de_dead 1 iy_dead 1 f_dead 1
   0284 11r8As02      [10]  599 	ld	de, #___str_8
                            600 ;	genLabel
                            601 ; common peephole 159 removed unused label 00101$.
                            602 ;cases/sdcccall/sdcccall_typearg_unsigned_char_typeret_unsigned_int_version_0.c:69: }
                            603 ;	genEndFunction
   0287 C9            [10]  604 	ret
                            605 ;	Total __getSuiteName function size at codegen: 1 bytes.
   0288                     606 ___numCases:
   0288 01 00               607 	.dw #0x0001
   028A                     608 ___str_8:
   028A 73 64 63 63 63 61   609 	.ascii "sdcccall_typearg_unsigned_char_typeret_unsigned_int_version_"
        6C 6C 5F 74 79 70
        65 61 72 67 5F 75
        6E 73 69 67 6E 65
        64 5F 63 68 61 72
        5F 74 79 70 65 72
        65 74 5F 75 6E 73
        69 67 6E 65 64 5F
        69 6E 74 5F 76 65
        72 73 69 6F 6E 5F
   02C6 30                  610 	.ascii "0"
   02C7 00                  611 	.db 0x00
                            612 	.area _CODE (BANK=_CSEG)
                            613 	.area _INITIALIZER
                            614 	.area _CABS (ABS)
