                              1 ;--------------------------------------------------------
                              2 ; File Created by SDCC : free open source ISO C Compiler
                              3 ; Version 4.6.2 #16710 (Linux)
                              4 ;--------------------------------------------------------
                              5 	.module widebitintbitfield_width_64_sign_signed
                              6 	
                              7 ;--------------------------------------------------------
                              8 ; Public variables in this module
                              9 ;--------------------------------------------------------
                             10 	.globl _testWideBitIntBitField
                             11 	.globl ___prints
                             12 	.globl ___fail
                             13 	.globl _bf2
                             14 	.globl _bf
                             15 	.globl ___numCases
                             16 	.globl ___runSuite
                             17 	.globl ___getSuiteName
                             18 ;--------------------------------------------------------
                             19 ; special function registers
                             20 ;--------------------------------------------------------
                             21 ;--------------------------------------------------------
                             22 ; ram data
                             23 ;--------------------------------------------------------
                             24 	.area _DATA (BANK=_DSEG)
                             25 ;--------------------------------------------------------
                             26 ; ram data
                             27 ;--------------------------------------------------------
                             28 	.area _INITIALIZED
   0000                      29 _bf::
   0000                      30 	.ds 9
   0009                      31 _bf2::
   0009                      32 	.ds 17
                             33 ;--------------------------------------------------------
                             34 ; absolute ram data
                             35 ;--------------------------------------------------------
                             36 	.area _DABS (ABS)
                             37 	.area _DABS (ABS)
                             38 ;--------------------------------------------------------
                             39 ; global & static initialisations
                             40 ;--------------------------------------------------------
                             41 	.area _HOME
                             42 	.area _GSINIT
                             43 	.area _GSFINAL
                             44 	.area _GSINIT
                             45 ;--------------------------------------------------------
                             46 ; Home
                             47 ;--------------------------------------------------------
                             48 	.area _HOME (BANK=_CSEG)
                             49 	.area _HOME (BANK=_CSEG)
                             50 ;--------------------------------------------------------
                             51 ; code
                             52 ;--------------------------------------------------------
                             53 	.area _CODE (BANK=_CSEG)
                             54 ;cases/widebitintbitfield/widebitintbitfield_width_64_sign_signed.c:33: void testWideBitIntBitField(void)
                             55 ;	genLabel
                             56 ;	genFunction
                             57 ;	---------------------------------
                             58 ; Function testWideBitIntBitField
                             59 ; ---------------------------------
                             60 ;	Register assignment might be sub-optimal.
                             61 ; Stack space usage: 8 bytes.
   0000                      62 _testWideBitIntBitField::
   0000 DD E5         [15]   63 	push	ix
   0002 DD 21 00 00   [14]   64 	ld	ix,	#0
   0006 DD 39         [15]   65 	add	ix, sp
                             66 ;	adjustStack by -8
   0008 21 F8 FF      [10]   67 	ld	hl, #-8
   000B 39            [11]   68 	add	hl, sp
   000C F9            [ 6]   69 	ld	sp, hl
                             70 ;cases/widebitintbitfield/widebitintbitfield_width_64_sign_signed.c:37: ASSERT (_Generic(+bf2.bw, bitinttype: 1, default: 0) == 1);
                             71 ;	genPlus
                             72 ;	genMove_o size 2 result type 2 source type 10 a_dead 1 hl_dead 1 de_dead 1 iy_dead 1 f_dead 1
   000D 2Ar00s00      [16]   73 	ld	hl, (___numTests)
   0010 23            [ 6]   74 	inc	hl
                             75 ;	genMove_o size 2 result type 10 source type 2 a_dead 1 hl_dead 1 de_dead 1 iy_dead 1 f_dead 1
                             76 ;cases/widebitintbitfield/widebitintbitfield_width_64_sign_signed.c:38: ASSERT (_Generic(+bf2.bw_1, bitinttype: 1, default: 0) == 1);
                             77 ;	genPlus
                             78 ;	genMove_o size 2 result type 2 source type 10 a_dead 1 hl_dead 1 de_dead 1 iy_dead 1 f_dead 1
                             79 ; common peephole 9b reused value still in hl.
   0011 22r00s00      [16]   80 	ld	(___numTests), hl
   0014 23            [ 6]   81 	inc	hl
                             82 ;	genMove_o size 2 result type 10 source type 2 a_dead 1 hl_dead 1 de_dead 1 iy_dead 1 f_dead 1
                             83 ;cases/widebitintbitfield/widebitintbitfield_width_64_sign_signed.c:40: ASSERT (bf.bw == 5);
                             84 ;	genPlus
                             85 ;	genMove_o size 2 result type 2 source type 10 a_dead 1 hl_dead 1 de_dead 1 iy_dead 1 f_dead 1
                             86 ; common peephole 9b reused value still in hl.
   0015 22r00s00      [16]   87 	ld	(___numTests), hl
   0018 23            [ 6]   88 	inc	hl
                             89 ;	genMove_o size 2 result type 10 source type 2 a_dead 1 hl_dead 1 de_dead 1 iy_dead 1 f_dead 1
   0019 22r00s00      [16]   90 	ld	(___numTests), hl
                             91 ;	skipping iCode since result will be rematerialized
                             92 ;	skipping iCode since result will be rematerialized
                             93 ;	genPointerGet
                             94 ; common peephole 130a removed unnecessary +0 from constant
   001C 21r00s00      [10]   95 	ld	hl, #_bf
   001F 7E            [ 7]   96 	ld	a, (hl)
   0020 DD 77 F8      [19]   97 	ld	-8 (ix), a
   0023 23            [ 6]   98 	inc	hl
   0024 7E            [ 7]   99 	ld	a, (hl)
   0025 DD 77 F9      [19]  100 	ld	-7 (ix), a
   0028 23            [ 6]  101 	inc	hl
   0029 7E            [ 7]  102 	ld	a, (hl)
   002A DD 77 FA      [19]  103 	ld	-6 (ix), a
   002D 23            [ 6]  104 	inc	hl
   002E 7E            [ 7]  105 	ld	a, (hl)
   002F DD 77 FB      [19]  106 	ld	-5 (ix), a
   0032 23            [ 6]  107 	inc	hl
   0033 7E            [ 7]  108 	ld	a, (hl)
   0034 DD 77 FC      [19]  109 	ld	-4 (ix), a
   0037 23            [ 6]  110 	inc	hl
   0038 7E            [ 7]  111 	ld	a, (hl)
   0039 DD 77 FD      [19]  112 	ld	-3 (ix), a
   003C 23            [ 6]  113 	inc	hl
   003D 7E            [ 7]  114 	ld	a, (hl)
   003E DD 77 FE      [19]  115 	ld	-2 (ix), a
   0041 23            [ 6]  116 	inc	hl
   0042 7E            [ 7]  117 	ld	a, (hl)
   0043 DD 77 FF      [19]  118 	ld	-1 (ix), a
                            119 ;	genCmpEq
                            120 ;	genMove_o size 1 result type 2 source type 6 a_dead 1 hl_dead 1 de_dead 0 iy_dead 0 f_dead 1
   0046 DD 7E F8      [19]  121 	ld	a, -8 (ix)
                            122 ;	genMove_o size 0 result type 2 source type 1 a_dead 1 hl_dead 1 de_dead 0 iy_dead 0 f_dead 1
   0049 D6 05         [ 7]  123 	sub	a, #0x05
   004B DD B6 F9      [19]  124 	or	a, -7 (ix)
   004E DD B6 FA      [19]  125 	or	a, -6 (ix)
   0051 DD B6 FB      [19]  126 	or	a, -5 (ix)
   0054 DD B6 FC      [19]  127 	or	a, -4 (ix)
   0057 DD B6 FD      [19]  128 	or	a, -3 (ix)
   005A DD B6 FE      [19]  129 	or	a, -2 (ix)
   005D DD B6 FF      [19]  130 	or	a, -1 (ix)
                            131 ; common peephole 163 changed absolute to relative conditional jump.
   0060 28 11         [12]  132 	jr	z, 00104$
                            133 ; common peephole 81 removed jp by using inverse jump logic
                            134 ; common peephole 159 removed unused label 00183$.
                            135 ;	skipping generated iCode
                            136 ;	skipping iCode since result will be rematerialized
                            137 ;	skipping iCode since result will be rematerialized
                            138 ;	skipping iCode since result will be rematerialized
                            139 ;	skipping iCode since result will be rematerialized
                            140 ;	skipping iCode since result will be rematerialized
                            141 ;	skipping iCode since result will be rematerialized
                            142 ;	genIpush
                            143 ;	genMove_o size 2 result type 2 source type 1 a_dead 1 hl_dead 1 de_dead 1 iy_dead 1 f_dead 1
   0062 21 28 00      [10]  144 	ld	hl, #0x0028
   0065 E5            [11]  145 	push	hl
                            146 ;	genIpush
                            147 ;	genMove_o size 2 result type 2 source type 7 a_dead 1 hl_dead 1 de_dead 1 iy_dead 1 f_dead 1
   0066 21rCAs02      [10]  148 	ld	hl, #__str_2
   0069 E5            [11]  149 	push	hl
                            150 ;	genSend
                            151 ;	genMove_o size 2 result type 2 source type 7 a_dead 1 hl_dead 1 de_dead 1 iy_dead 1 f_dead 1
   006A 11r41s03      [10]  152 	ld	de, #___str_4
                            153 ;	genSend
                            154 ;	genMove_o size 2 result type 2 source type 7 a_dead 1 hl_dead 1 de_dead 0 iy_dead 1 f_dead 1
   006D 21r87s02      [10]  155 	ld	hl, #__str_0
                            156 ;	genCall
   0070 CDr00s00      [17]  157 	call	___fail
                            158 ;	genLabel
   0073                     159 00104$:
                            160 ;cases/widebitintbitfield/widebitintbitfield_width_64_sign_signed.c:41: ASSERT (bf.b4 == 6);
                            161 ;	genPlus
                            162 ;	genMove_o size 2 result type 2 source type 10 a_dead 1 hl_dead 1 de_dead 1 iy_dead 1 f_dead 1
   0073 2Ar00s00      [16]  163 	ld	hl, (___numTests)
   0076 23            [ 6]  164 	inc	hl
                            165 ;	genMove_o size 2 result type 10 source type 2 a_dead 1 hl_dead 1 de_dead 1 iy_dead 1 f_dead 1
   0077 22r00s00      [16]  166 	ld	(___numTests), hl
                            167 ;	skipping iCode since result will be rematerialized
                            168 ;	genPointerGet
   007A 3Ar08s00      [13]  169 	ld	a, (#_bf + 8)
   007D E6 0F         [ 7]  170 	and	a, #0x0f
                            171 ;	genCmpEq
   007F FE 06         [ 7]  172 	cp	a, #0x06
                            173 ; common peephole 163 changed absolute to relative conditional jump.
   0081 28 11         [12]  174 	jr	z, 00106$
                            175 ; common peephole 81 removed jp by using inverse jump logic
                            176 ; common peephole 159 removed unused label 00184$.
                            177 ;	skipping generated iCode
                            178 ;	skipping iCode since result will be rematerialized
                            179 ;	skipping iCode since result will be rematerialized
                            180 ;	skipping iCode since result will be rematerialized
                            181 ;	skipping iCode since result will be rematerialized
                            182 ;	skipping iCode since result will be rematerialized
                            183 ;	skipping iCode since result will be rematerialized
                            184 ;	genIpush
                            185 ;	genMove_o size 2 result type 2 source type 1 a_dead 1 hl_dead 1 de_dead 1 iy_dead 1 f_dead 1
   0083 21 29 00      [10]  186 	ld	hl, #0x0029
   0086 E5            [11]  187 	push	hl
                            188 ;	genIpush
                            189 ;	genMove_o size 2 result type 2 source type 7 a_dead 1 hl_dead 1 de_dead 1 iy_dead 1 f_dead 1
   0087 21rCAs02      [10]  190 	ld	hl, #__str_2
   008A E5            [11]  191 	push	hl
                            192 ;	genSend
                            193 ;	genMove_o size 2 result type 2 source type 7 a_dead 1 hl_dead 1 de_dead 1 iy_dead 1 f_dead 1
   008B 11r4Cs03      [10]  194 	ld	de, #___str_5
                            195 ;	genSend
                            196 ;	genMove_o size 2 result type 2 source type 7 a_dead 1 hl_dead 1 de_dead 0 iy_dead 1 f_dead 1
   008E 21r87s02      [10]  197 	ld	hl, #__str_0
                            198 ;	genCall
   0091 CDr00s00      [17]  199 	call	___fail
                            200 ;	genLabel
   0094                     201 00106$:
                            202 ;cases/widebitintbitfield/widebitintbitfield_width_64_sign_signed.c:42: ASSERT (bf.b == false);
                            203 ;	genPlus
                            204 ;	genMove_o size 2 result type 2 source type 10 a_dead 1 hl_dead 1 de_dead 1 iy_dead 1 f_dead 1
   0094 2Ar00s00      [16]  205 	ld	hl, (___numTests)
   0097 23            [ 6]  206 	inc	hl
                            207 ;	genMove_o size 2 result type 10 source type 2 a_dead 1 hl_dead 1 de_dead 1 iy_dead 1 f_dead 1
   0098 22r00s00      [16]  208 	ld	(___numTests), hl
                            209 ;	skipping iCode since result will be rematerialized
                            210 ;	genPointerGet
   009B 3Ar08s00      [13]  211 	ld	a, (#_bf + 8)
   009E 07            [ 4]  212 	rlca
   009F 07            [ 4]  213 	rlca
   00A0 07            [ 4]  214 	rlca
   00A1 07            [ 4]  215 	rlca
   00A2 1F            [ 4]  216 	rra
   00A3 9F            [ 4]  217 	sbc	a, a
                            218 ;	genIfx
   00A4 B7            [ 4]  219 	or	a, a
                            220 ; common peephole 163 changed absolute to relative conditional jump.
   00A5 28 11         [12]  221 	jr	z, 00108$
                            222 ;	skipping iCode since result will be rematerialized
                            223 ;	skipping iCode since result will be rematerialized
                            224 ;	skipping iCode since result will be rematerialized
                            225 ;	skipping iCode since result will be rematerialized
                            226 ;	skipping iCode since result will be rematerialized
                            227 ;	skipping iCode since result will be rematerialized
                            228 ;	genIpush
                            229 ;	genMove_o size 2 result type 2 source type 1 a_dead 1 hl_dead 1 de_dead 1 iy_dead 1 f_dead 1
   00A7 21 2A 00      [10]  230 	ld	hl, #0x002a
   00AA E5            [11]  231 	push	hl
                            232 ;	genIpush
                            233 ;	genMove_o size 2 result type 2 source type 7 a_dead 1 hl_dead 1 de_dead 1 iy_dead 1 f_dead 1
   00AB 21rCAs02      [10]  234 	ld	hl, #__str_2
   00AE E5            [11]  235 	push	hl
                            236 ;	genSend
                            237 ;	genMove_o size 2 result type 2 source type 7 a_dead 1 hl_dead 1 de_dead 1 iy_dead 1 f_dead 1
   00AF 11r57s03      [10]  238 	ld	de, #___str_6
                            239 ;	genSend
                            240 ;	genMove_o size 2 result type 2 source type 7 a_dead 1 hl_dead 1 de_dead 0 iy_dead 1 f_dead 1
   00B2 21r87s02      [10]  241 	ld	hl, #__str_0
                            242 ;	genCall
   00B5 CDr00s00      [17]  243 	call	___fail
                            244 ;	genLabel
   00B8                     245 00108$:
                            246 ;cases/widebitintbitfield/widebitintbitfield_width_64_sign_signed.c:44: ASSERT (bf2.bw == 2);
                            247 ;	genPlus
                            248 ;	genMove_o size 2 result type 2 source type 10 a_dead 1 hl_dead 1 de_dead 1 iy_dead 1 f_dead 1
   00B8 2Ar00s00      [16]  249 	ld	hl, (___numTests)
   00BB 23            [ 6]  250 	inc	hl
                            251 ;	genMove_o size 2 result type 10 source type 2 a_dead 1 hl_dead 1 de_dead 1 iy_dead 1 f_dead 1
   00BC 22r00s00      [16]  252 	ld	(___numTests), hl
                            253 ;	skipping iCode since result will be rematerialized
                            254 ;	genCast
                            255 ;	genMove_o size 2 result type 2 source type 7 a_dead 1 hl_dead 1 de_dead 1 iy_dead 1 f_dead 1
   00BF 01r09s00      [10]  256 	ld	bc, #_bf2
                            257 ;	genPointerGet
   00C2 0A            [ 7]  258 	ld	a, (bc)
   00C3 DD 77 F8      [19]  259 	ld	-8 (ix), a
   00C6 03            [ 6]  260 	inc	bc
   00C7 0A            [ 7]  261 	ld	a, (bc)
   00C8 DD 77 F9      [19]  262 	ld	-7 (ix), a
   00CB 03            [ 6]  263 	inc	bc
   00CC 0A            [ 7]  264 	ld	a, (bc)
   00CD DD 77 FA      [19]  265 	ld	-6 (ix), a
   00D0 03            [ 6]  266 	inc	bc
   00D1 0A            [ 7]  267 	ld	a, (bc)
   00D2 DD 77 FB      [19]  268 	ld	-5 (ix), a
   00D5 03            [ 6]  269 	inc	bc
   00D6 0A            [ 7]  270 	ld	a, (bc)
   00D7 DD 77 FC      [19]  271 	ld	-4 (ix), a
   00DA 03            [ 6]  272 	inc	bc
   00DB 0A            [ 7]  273 	ld	a, (bc)
   00DC DD 77 FD      [19]  274 	ld	-3 (ix), a
   00DF 03            [ 6]  275 	inc	bc
   00E0 0A            [ 7]  276 	ld	a, (bc)
   00E1 DD 77 FE      [19]  277 	ld	-2 (ix), a
   00E4 03            [ 6]  278 	inc	bc
   00E5 0A            [ 7]  279 	ld	a, (bc)
   00E6 DD 77 FF      [19]  280 	ld	-1 (ix), a
                            281 ;	genCmpEq
                            282 ;	genMove_o size 1 result type 2 source type 6 a_dead 1 hl_dead 1 de_dead 0 iy_dead 0 f_dead 1
   00E9 DD 7E F8      [19]  283 	ld	a, -8 (ix)
                            284 ;	genMove_o size 0 result type 2 source type 1 a_dead 1 hl_dead 1 de_dead 0 iy_dead 0 f_dead 1
   00EC D6 02         [ 7]  285 	sub	a, #0x02
   00EE DD B6 F9      [19]  286 	or	a, -7 (ix)
   00F1 DD B6 FA      [19]  287 	or	a, -6 (ix)
   00F4 DD B6 FB      [19]  288 	or	a, -5 (ix)
   00F7 DD B6 FC      [19]  289 	or	a, -4 (ix)
   00FA DD B6 FD      [19]  290 	or	a, -3 (ix)
   00FD DD B6 FE      [19]  291 	or	a, -2 (ix)
   0100 DD B6 FF      [19]  292 	or	a, -1 (ix)
                            293 ; common peephole 163 changed absolute to relative conditional jump.
   0103 28 11         [12]  294 	jr	z, 00110$
                            295 ; common peephole 81 removed jp by using inverse jump logic
                            296 ; common peephole 159 removed unused label 00185$.
                            297 ;	skipping generated iCode
                            298 ;	skipping iCode since result will be rematerialized
                            299 ;	skipping iCode since result will be rematerialized
                            300 ;	skipping iCode since result will be rematerialized
                            301 ;	skipping iCode since result will be rematerialized
                            302 ;	skipping iCode since result will be rematerialized
                            303 ;	skipping iCode since result will be rematerialized
                            304 ;	genIpush
                            305 ;	genMove_o size 2 result type 2 source type 1 a_dead 1 hl_dead 1 de_dead 1 iy_dead 1 f_dead 1
   0105 21 2C 00      [10]  306 	ld	hl, #0x002c
   0108 E5            [11]  307 	push	hl
                            308 ;	genIpush
                            309 ;	genMove_o size 2 result type 2 source type 7 a_dead 1 hl_dead 1 de_dead 1 iy_dead 1 f_dead 1
   0109 21rCAs02      [10]  310 	ld	hl, #__str_2
   010C E5            [11]  311 	push	hl
                            312 ;	genSend
                            313 ;	genMove_o size 2 result type 2 source type 7 a_dead 1 hl_dead 1 de_dead 1 iy_dead 1 f_dead 1
   010D 11r65s03      [10]  314 	ld	de, #___str_7
                            315 ;	genSend
                            316 ;	genMove_o size 2 result type 2 source type 7 a_dead 1 hl_dead 1 de_dead 0 iy_dead 1 f_dead 1
   0110 21r87s02      [10]  317 	ld	hl, #__str_0
                            318 ;	genCall
   0113 CDr00s00      [17]  319 	call	___fail
                            320 ;	genLabel
   0116                     321 00110$:
                            322 ;cases/widebitintbitfield/widebitintbitfield_width_64_sign_signed.c:45: ASSERT (bf2.b4 == 2);
                            323 ;	genPlus
                            324 ;	genMove_o size 2 result type 2 source type 10 a_dead 1 hl_dead 1 de_dead 1 iy_dead 1 f_dead 1
   0116 2Ar00s00      [16]  325 	ld	hl, (___numTests)
   0119 23            [ 6]  326 	inc	hl
                            327 ;	genMove_o size 2 result type 10 source type 2 a_dead 1 hl_dead 1 de_dead 1 iy_dead 1 f_dead 1
   011A 22r00s00      [16]  328 	ld	(___numTests), hl
                            329 ;	skipping iCode since result will be rematerialized
                            330 ;	genPointerGet
   011D 3Ar11s00      [13]  331 	ld	a, (#_bf2 + 8)
   0120 E6 0F         [ 7]  332 	and	a, #0x0f
                            333 ;	genCmpEq
   0122 FE 02         [ 7]  334 	cp	a, #0x02
                            335 ; common peephole 163 changed absolute to relative conditional jump.
   0124 28 11         [12]  336 	jr	z, 00112$
                            337 ; common peephole 81 removed jp by using inverse jump logic
                            338 ; common peephole 159 removed unused label 00186$.
                            339 ;	skipping generated iCode
                            340 ;	skipping iCode since result will be rematerialized
                            341 ;	skipping iCode since result will be rematerialized
                            342 ;	skipping iCode since result will be rematerialized
                            343 ;	skipping iCode since result will be rematerialized
                            344 ;	skipping iCode since result will be rematerialized
                            345 ;	skipping iCode since result will be rematerialized
                            346 ;	genIpush
                            347 ;	genMove_o size 2 result type 2 source type 1 a_dead 1 hl_dead 1 de_dead 1 iy_dead 1 f_dead 1
   0126 21 2D 00      [10]  348 	ld	hl, #0x002d
   0129 E5            [11]  349 	push	hl
                            350 ;	genIpush
                            351 ;	genMove_o size 2 result type 2 source type 7 a_dead 1 hl_dead 1 de_dead 1 iy_dead 1 f_dead 1
   012A 21rCAs02      [10]  352 	ld	hl, #__str_2
   012D E5            [11]  353 	push	hl
                            354 ;	genSend
                            355 ;	genMove_o size 2 result type 2 source type 7 a_dead 1 hl_dead 1 de_dead 1 iy_dead 1 f_dead 1
   012E 11r71s03      [10]  356 	ld	de, #___str_8
                            357 ;	genSend
                            358 ;	genMove_o size 2 result type 2 source type 7 a_dead 1 hl_dead 1 de_dead 0 iy_dead 1 f_dead 1
   0131 21r87s02      [10]  359 	ld	hl, #__str_0
                            360 ;	genCall
   0134 CDr00s00      [17]  361 	call	___fail
                            362 ;	genLabel
   0137                     363 00112$:
                            364 ;cases/widebitintbitfield/widebitintbitfield_width_64_sign_signed.c:46: ASSERT (bf2.bw_1 == 5);
                            365 ;	genPlus
                            366 ;	genMove_o size 2 result type 2 source type 10 a_dead 1 hl_dead 1 de_dead 1 iy_dead 1 f_dead 1
   0137 2Ar00s00      [16]  367 	ld	hl, (___numTests)
   013A 23            [ 6]  368 	inc	hl
                            369 ;	genMove_o size 2 result type 10 source type 2 a_dead 1 hl_dead 1 de_dead 1 iy_dead 1 f_dead 1
   013B 22r00s00      [16]  370 	ld	(___numTests), hl
                            371 ;	skipping iCode since result will be rematerialized
                            372 ;	genPointerGet
                            373 ; common peephole 130a removed unnecessary +0 from constant
   013E 21r12s00      [10]  374 	ld	hl, #(_bf2 + 9)
   0141 7E            [ 7]  375 	ld	a, (hl)
   0142 DD 77 F8      [19]  376 	ld	-8 (ix), a
   0145 23            [ 6]  377 	inc	hl
   0146 7E            [ 7]  378 	ld	a, (hl)
   0147 DD 77 F9      [19]  379 	ld	-7 (ix), a
   014A 23            [ 6]  380 	inc	hl
   014B 7E            [ 7]  381 	ld	a, (hl)
   014C DD 77 FA      [19]  382 	ld	-6 (ix), a
   014F 23            [ 6]  383 	inc	hl
   0150 7E            [ 7]  384 	ld	a, (hl)
   0151 DD 77 FB      [19]  385 	ld	-5 (ix), a
   0154 23            [ 6]  386 	inc	hl
   0155 7E            [ 7]  387 	ld	a, (hl)
   0156 DD 77 FC      [19]  388 	ld	-4 (ix), a
   0159 23            [ 6]  389 	inc	hl
   015A 7E            [ 7]  390 	ld	a, (hl)
   015B DD 77 FD      [19]  391 	ld	-3 (ix), a
   015E 23            [ 6]  392 	inc	hl
   015F 7E            [ 7]  393 	ld	a, (hl)
   0160 DD 77 FE      [19]  394 	ld	-2 (ix), a
   0163 23            [ 6]  395 	inc	hl
   0164 7E            [ 7]  396 	ld	a, (hl)
   0165 17            [ 4]  397 	rla
   0166 CB 2F         [ 8]  398 	sra	a
   0168 DD 77 FF      [19]  399 	ld	-1 (ix), a
                            400 ;	genCmpEq
                            401 ;	genMove_o size 1 result type 2 source type 6 a_dead 1 hl_dead 1 de_dead 0 iy_dead 0 f_dead 1
   016B DD 7E F8      [19]  402 	ld	a, -8 (ix)
                            403 ;	genMove_o size 0 result type 2 source type 1 a_dead 1 hl_dead 1 de_dead 0 iy_dead 0 f_dead 1
   016E D6 05         [ 7]  404 	sub	a, #0x05
   0170 DD B6 F9      [19]  405 	or	a, -7 (ix)
   0173 DD B6 FA      [19]  406 	or	a, -6 (ix)
   0176 DD B6 FB      [19]  407 	or	a, -5 (ix)
   0179 DD B6 FC      [19]  408 	or	a, -4 (ix)
   017C DD B6 FD      [19]  409 	or	a, -3 (ix)
   017F DD B6 FE      [19]  410 	or	a, -2 (ix)
   0182 DD B6 FF      [19]  411 	or	a, -1 (ix)
                            412 ; common peephole 163 changed absolute to relative conditional jump.
   0185 28 11         [12]  413 	jr	z, 00114$
                            414 ; common peephole 81 removed jp by using inverse jump logic
                            415 ; common peephole 159 removed unused label 00187$.
                            416 ;	skipping generated iCode
                            417 ;	skipping iCode since result will be rematerialized
                            418 ;	skipping iCode since result will be rematerialized
                            419 ;	skipping iCode since result will be rematerialized
                            420 ;	skipping iCode since result will be rematerialized
                            421 ;	skipping iCode since result will be rematerialized
                            422 ;	skipping iCode since result will be rematerialized
                            423 ;	genIpush
                            424 ;	genMove_o size 2 result type 2 source type 1 a_dead 1 hl_dead 1 de_dead 1 iy_dead 1 f_dead 1
   0187 21 2E 00      [10]  425 	ld	hl, #0x002e
   018A E5            [11]  426 	push	hl
                            427 ;	genIpush
                            428 ;	genMove_o size 2 result type 2 source type 7 a_dead 1 hl_dead 1 de_dead 1 iy_dead 1 f_dead 1
   018B 21rCAs02      [10]  429 	ld	hl, #__str_2
   018E E5            [11]  430 	push	hl
                            431 ;	genSend
                            432 ;	genMove_o size 2 result type 2 source type 7 a_dead 1 hl_dead 1 de_dead 1 iy_dead 1 f_dead 1
   018F 11r7Ds03      [10]  433 	ld	de, #___str_9
                            434 ;	genSend
                            435 ;	genMove_o size 2 result type 2 source type 7 a_dead 1 hl_dead 1 de_dead 0 iy_dead 1 f_dead 1
   0192 21r87s02      [10]  436 	ld	hl, #__str_0
                            437 ;	genCall
   0195 CDr00s00      [17]  438 	call	___fail
                            439 ;	genLabel
   0198                     440 00114$:
                            441 ;cases/widebitintbitfield/widebitintbitfield_width_64_sign_signed.c:48: bf.bw = 0x2a;
                            442 ;	skipping iCode since result will be rematerialized
                            443 ;	genPointerSet
                            444 ;	genMove_o size 2 result type 2 source type 7 a_dead 1 hl_dead 1 de_dead 1 iy_dead 1 f_dead 1
   0198 21r00s00      [10]  445 	ld	hl, #_bf
   019B 36 2A         [10]  446 	ld	(hl), #0x2a
   019D 23            [ 6]  447 	inc	hl
   019E AF            [ 4]  448 	xor	a, a
   019F 77            [ 7]  449 	ld	(hl), a
   01A0 23            [ 6]  450 	inc	hl
   01A1 77            [ 7]  451 	ld	(hl), a
   01A2 23            [ 6]  452 	inc	hl
   01A3 77            [ 7]  453 	ld	(hl), a
   01A4 23            [ 6]  454 	inc	hl
   01A5 77            [ 7]  455 	ld	(hl), a
   01A6 23            [ 6]  456 	inc	hl
   01A7 77            [ 7]  457 	ld	(hl), a
   01A8 23            [ 6]  458 	inc	hl
   01A9 77            [ 7]  459 	ld	(hl), a
   01AA 23            [ 6]  460 	inc	hl
   01AB 77            [ 7]  461 	ld	(hl), a
                            462 ;cases/widebitintbitfield/widebitintbitfield_width_64_sign_signed.c:49: bf2.bw_1 = 0x15;
                            463 ;	skipping iCode since result will be rematerialized
                            464 ;	genPointerSet
                            465 ;	genMove_o size 2 result type 2 source type 7 a_dead 1 hl_dead 1 de_dead 1 iy_dead 1 f_dead 1
   01AC 21r12s00      [10]  466 	ld	hl, #(_bf2 + 9)
   01AF 36 15         [10]  467 	ld	(hl), #0x15
   01B1 23            [ 6]  468 	inc	hl
   01B2 AF            [ 4]  469 	xor	a, a
   01B3 77            [ 7]  470 	ld	(hl), a
   01B4 23            [ 6]  471 	inc	hl
   01B5 77            [ 7]  472 	ld	(hl), a
   01B6 23            [ 6]  473 	inc	hl
   01B7 77            [ 7]  474 	ld	(hl), a
   01B8 23            [ 6]  475 	inc	hl
   01B9 77            [ 7]  476 	ld	(hl), a
   01BA 23            [ 6]  477 	inc	hl
   01BB 77            [ 7]  478 	ld	(hl), a
   01BC 23            [ 6]  479 	inc	hl
   01BD 77            [ 7]  480 	ld	(hl), a
   01BE 23            [ 6]  481 	inc	hl
   01BF 7E            [ 7]  482 	ld	a, (hl)
   01C0 E6 80         [ 7]  483 	and	a, #0x80
   01C2 77            [ 7]  484 	ld	(hl), a
                            485 ;cases/widebitintbitfield/widebitintbitfield_width_64_sign_signed.c:50: ASSERT (bf.bw == 0x2a);
                            486 ;	genPlus
                            487 ;	genMove_o size 2 result type 2 source type 10 a_dead 1 hl_dead 1 de_dead 1 iy_dead 1 f_dead 1
   01C3 2Ar00s00      [16]  488 	ld	hl, (___numTests)
   01C6 23            [ 6]  489 	inc	hl
                            490 ;	genMove_o size 2 result type 10 source type 2 a_dead 1 hl_dead 1 de_dead 1 iy_dead 1 f_dead 1
   01C7 22r00s00      [16]  491 	ld	(___numTests), hl
                            492 ;	genAssign
                            493 ;	genMove_o size 2 result type 2 source type 7 a_dead 1 hl_dead 1 de_dead 1 iy_dead 1 f_dead 1
   01CA 01r00s00      [10]  494 	ld	bc, #_bf
                            495 ;	genPointerGet
   01CD 0A            [ 7]  496 	ld	a, (bc)
   01CE DD 77 F8      [19]  497 	ld	-8 (ix), a
   01D1 03            [ 6]  498 	inc	bc
   01D2 0A            [ 7]  499 	ld	a, (bc)
   01D3 DD 77 F9      [19]  500 	ld	-7 (ix), a
   01D6 03            [ 6]  501 	inc	bc
   01D7 0A            [ 7]  502 	ld	a, (bc)
   01D8 DD 77 FA      [19]  503 	ld	-6 (ix), a
   01DB 03            [ 6]  504 	inc	bc
   01DC 0A            [ 7]  505 	ld	a, (bc)
   01DD DD 77 FB      [19]  506 	ld	-5 (ix), a
   01E0 03            [ 6]  507 	inc	bc
   01E1 0A            [ 7]  508 	ld	a, (bc)
   01E2 DD 77 FC      [19]  509 	ld	-4 (ix), a
   01E5 03            [ 6]  510 	inc	bc
   01E6 0A            [ 7]  511 	ld	a, (bc)
   01E7 DD 77 FD      [19]  512 	ld	-3 (ix), a
   01EA 03            [ 6]  513 	inc	bc
   01EB 0A            [ 7]  514 	ld	a, (bc)
   01EC DD 77 FE      [19]  515 	ld	-2 (ix), a
   01EF 03            [ 6]  516 	inc	bc
   01F0 0A            [ 7]  517 	ld	a, (bc)
   01F1 DD 77 FF      [19]  518 	ld	-1 (ix), a
                            519 ;	genCmpEq
                            520 ;	genMove_o size 1 result type 2 source type 6 a_dead 1 hl_dead 1 de_dead 0 iy_dead 0 f_dead 1
   01F4 DD 7E F8      [19]  521 	ld	a, -8 (ix)
                            522 ;	genMove_o size 0 result type 2 source type 1 a_dead 1 hl_dead 1 de_dead 0 iy_dead 0 f_dead 1
   01F7 D6 2A         [ 7]  523 	sub	a, #0x2a
   01F9 DD B6 F9      [19]  524 	or	a, -7 (ix)
   01FC DD B6 FA      [19]  525 	or	a, -6 (ix)
   01FF DD B6 FB      [19]  526 	or	a, -5 (ix)
   0202 DD B6 FC      [19]  527 	or	a, -4 (ix)
   0205 DD B6 FD      [19]  528 	or	a, -3 (ix)
   0208 DD B6 FE      [19]  529 	or	a, -2 (ix)
   020B DD B6 FF      [19]  530 	or	a, -1 (ix)
                            531 ; common peephole 163 changed absolute to relative conditional jump.
   020E 28 11         [12]  532 	jr	z, 00116$
                            533 ; common peephole 81 removed jp by using inverse jump logic
                            534 ; common peephole 159 removed unused label 00188$.
                            535 ;	skipping generated iCode
                            536 ;	skipping iCode since result will be rematerialized
                            537 ;	skipping iCode since result will be rematerialized
                            538 ;	skipping iCode since result will be rematerialized
                            539 ;	skipping iCode since result will be rematerialized
                            540 ;	skipping iCode since result will be rematerialized
                            541 ;	skipping iCode since result will be rematerialized
                            542 ;	genIpush
                            543 ;	genMove_o size 2 result type 2 source type 1 a_dead 1 hl_dead 1 de_dead 1 iy_dead 1 f_dead 1
   0210 21 32 00      [10]  544 	ld	hl, #0x0032
   0213 E5            [11]  545 	push	hl
                            546 ;	genIpush
                            547 ;	genMove_o size 2 result type 2 source type 7 a_dead 1 hl_dead 1 de_dead 1 iy_dead 1 f_dead 1
   0214 21rCAs02      [10]  548 	ld	hl, #__str_2
   0217 E5            [11]  549 	push	hl
                            550 ;	genSend
                            551 ;	genMove_o size 2 result type 2 source type 7 a_dead 1 hl_dead 1 de_dead 1 iy_dead 1 f_dead 1
   0218 11r8Bs03      [10]  552 	ld	de, #___str_10
                            553 ;	genSend
                            554 ;	genMove_o size 2 result type 2 source type 7 a_dead 1 hl_dead 1 de_dead 0 iy_dead 1 f_dead 1
   021B 21r87s02      [10]  555 	ld	hl, #__str_0
                            556 ;	genCall
   021E CDr00s00      [17]  557 	call	___fail
                            558 ;	genLabel
   0221                     559 00116$:
                            560 ;cases/widebitintbitfield/widebitintbitfield_width_64_sign_signed.c:51: ASSERT (bf2.bw_1 == 0x15);
                            561 ;	genPlus
                            562 ;	genMove_o size 2 result type 2 source type 10 a_dead 1 hl_dead 1 de_dead 1 iy_dead 1 f_dead 1
   0221 2Ar00s00      [16]  563 	ld	hl, (___numTests)
   0224 23            [ 6]  564 	inc	hl
                            565 ;	genMove_o size 2 result type 10 source type 2 a_dead 1 hl_dead 1 de_dead 1 iy_dead 1 f_dead 1
   0225 22r00s00      [16]  566 	ld	(___numTests), hl
                            567 ;	genAssign
                            568 ;	genMove_o size 2 result type 2 source type 7 a_dead 1 hl_dead 1 de_dead 1 iy_dead 1 f_dead 1
   0228 01r12s00      [10]  569 	ld	bc, #(_bf2 + 9)
                            570 ;	genPointerGet
   022B 0A            [ 7]  571 	ld	a, (bc)
   022C DD 77 F8      [19]  572 	ld	-8 (ix), a
   022F 03            [ 6]  573 	inc	bc
   0230 0A            [ 7]  574 	ld	a, (bc)
   0231 DD 77 F9      [19]  575 	ld	-7 (ix), a
   0234 03            [ 6]  576 	inc	bc
   0235 0A            [ 7]  577 	ld	a, (bc)
   0236 DD 77 FA      [19]  578 	ld	-6 (ix), a
   0239 03            [ 6]  579 	inc	bc
   023A 0A            [ 7]  580 	ld	a, (bc)
   023B DD 77 FB      [19]  581 	ld	-5 (ix), a
   023E 03            [ 6]  582 	inc	bc
   023F 0A            [ 7]  583 	ld	a, (bc)
   0240 DD 77 FC      [19]  584 	ld	-4 (ix), a
   0243 03            [ 6]  585 	inc	bc
   0244 0A            [ 7]  586 	ld	a, (bc)
   0245 DD 77 FD      [19]  587 	ld	-3 (ix), a
   0248 03            [ 6]  588 	inc	bc
   0249 0A            [ 7]  589 	ld	a, (bc)
   024A DD 77 FE      [19]  590 	ld	-2 (ix), a
   024D 03            [ 6]  591 	inc	bc
   024E 0A            [ 7]  592 	ld	a, (bc)
   024F 17            [ 4]  593 	rla
   0250 CB 2F         [ 8]  594 	sra	a
   0252 DD 77 FF      [19]  595 	ld	-1 (ix), a
                            596 ;	genCmpEq
                            597 ;	genMove_o size 1 result type 2 source type 6 a_dead 1 hl_dead 1 de_dead 0 iy_dead 0 f_dead 1
   0255 DD 7E F8      [19]  598 	ld	a, -8 (ix)
                            599 ;	genMove_o size 0 result type 2 source type 1 a_dead 1 hl_dead 1 de_dead 0 iy_dead 0 f_dead 1
   0258 D6 15         [ 7]  600 	sub	a, #0x15
   025A DD B6 F9      [19]  601 	or	a, -7 (ix)
   025D DD B6 FA      [19]  602 	or	a, -6 (ix)
   0260 DD B6 FB      [19]  603 	or	a, -5 (ix)
   0263 DD B6 FC      [19]  604 	or	a, -4 (ix)
   0266 DD B6 FD      [19]  605 	or	a, -3 (ix)
   0269 DD B6 FE      [19]  606 	or	a, -2 (ix)
   026C DD B6 FF      [19]  607 	or	a, -1 (ix)
                            608 ; common peephole 163 changed absolute to relative conditional jump.
   026F 28 11         [12]  609 	jr	z, 00101$
                            610 ; common peephole 81 removed jp by using inverse jump logic
                            611 ; common peephole 159 removed unused label 00189$.
                            612 ;	skipping generated iCode
                            613 ;	skipping iCode since result will be rematerialized
                            614 ;	skipping iCode since result will be rematerialized
                            615 ;	skipping iCode since result will be rematerialized
                            616 ;	skipping iCode since result will be rematerialized
                            617 ;	skipping iCode since result will be rematerialized
                            618 ;	skipping iCode since result will be rematerialized
                            619 ;	genIpush
                            620 ;	genMove_o size 2 result type 2 source type 1 a_dead 1 hl_dead 1 de_dead 1 iy_dead 1 f_dead 1
   0271 21 33 00      [10]  621 	ld	hl, #0x0033
   0274 E5            [11]  622 	push	hl
                            623 ;	genIpush
                            624 ;	genMove_o size 2 result type 2 source type 7 a_dead 1 hl_dead 1 de_dead 1 iy_dead 1 f_dead 1
   0275 21rCAs02      [10]  625 	ld	hl, #__str_2
   0278 E5            [11]  626 	push	hl
                            627 ;	genSend
                            628 ;	genMove_o size 2 result type 2 source type 7 a_dead 1 hl_dead 1 de_dead 1 iy_dead 1 f_dead 1
   0279 11r99s03      [10]  629 	ld	de, #___str_11
                            630 ;	genSend
                            631 ;	genMove_o size 2 result type 2 source type 7 a_dead 1 hl_dead 1 de_dead 0 iy_dead 1 f_dead 1
   027C 21r87s02      [10]  632 	ld	hl, #__str_0
                            633 ;	genCall
   027F CDr00s00      [17]  634 	call	___fail
                            635 ;	genLabel
   0282                     636 00101$:
                            637 ;cases/widebitintbitfield/widebitintbitfield_width_64_sign_signed.c:54: }
                            638 ;	genEndFunction
   0282 DD F9         [10]  639 	ld	sp, ix
   0284 DD E1         [14]  640 	pop	ix
   0286 C9            [10]  641 	ret
                            642 ;	Total testWideBitIntBitField function size at codegen: 13 bytes.
   0287                     643 __str_0:
   0287 41 73 73 65 72 74   644 	.ascii "Assertion failed"
        69 6F 6E 20 66 61
        69 6C 65 64
   0297 00                  645 	.db 0x00
   0298                     646 __str_1:
   0298 5F 47 65 6E 65 72   647 	.ascii "_Generic(+bf2.bw, bitinttype: 1, default: 0) == 1"
        69 63 28 2B 62 66
        32 2E 62 77 2C 20
        62 69 74 69 6E 74
        74 79 70 65 3A 20
        31 2C 20 64 65 66
        61 75 6C 74 3A 20
        30 29 20 3D 3D 20
        31
   02C9 00                  648 	.db 0x00
   02CA                     649 __str_2:
   02CA 63 61 73 65 73 2F   650 	.ascii "cases/widebitintbitfield/widebitintbitfield_width_64_sign_si"
        77 69 64 65 62 69
        74 69 6E 74 62 69
        74 66 69 65 6C 64
        2F 77 69 64 65 62
        69 74 69 6E 74 62
        69 74 66 69 65 6C
        64 5F 77 69 64 74
        68 5F 36 34 5F 73
        69 67 6E 5F 73 69
   0306 67 6E 65 64 2E 63   651 	.ascii "gned.c"
   030C 00                  652 	.db 0x00
   030D                     653 __str_3:
   030D 5F 47 65 6E 65 72   654 	.ascii "_Generic(+bf2.bw_1, bitinttype: 1, default: 0) == 1"
        69 63 28 2B 62 66
        32 2E 62 77 5F 31
        2C 20 62 69 74 69
        6E 74 74 79 70 65
        3A 20 31 2C 20 64
        65 66 61 75 6C 74
        3A 20 30 29 20 3D
        3D 20 31
   0340 00                  655 	.db 0x00
   0341                     656 ___str_4:
   0341 62 66 2E 62 77 20   657 	.ascii "bf.bw == 5"
        3D 3D 20 35
   034B 00                  658 	.db 0x00
   034C                     659 ___str_5:
   034C 62 66 2E 62 34 20   660 	.ascii "bf.b4 == 6"
        3D 3D 20 36
   0356 00                  661 	.db 0x00
   0357                     662 ___str_6:
   0357 62 66 2E 62 20 3D   663 	.ascii "bf.b == false"
        3D 20 66 61 6C 73
        65
   0364 00                  664 	.db 0x00
   0365                     665 ___str_7:
   0365 62 66 32 2E 62 77   666 	.ascii "bf2.bw == 2"
        20 3D 3D 20 32
   0370 00                  667 	.db 0x00
   0371                     668 ___str_8:
   0371 62 66 32 2E 62 34   669 	.ascii "bf2.b4 == 2"
        20 3D 3D 20 32
   037C 00                  670 	.db 0x00
   037D                     671 ___str_9:
   037D 62 66 32 2E 62 77   672 	.ascii "bf2.bw_1 == 5"
        5F 31 20 3D 3D 20
        35
   038A 00                  673 	.db 0x00
   038B                     674 ___str_10:
   038B 62 66 2E 62 77 20   675 	.ascii "bf.bw == 0x2a"
        3D 3D 20 30 78 32
        61
   0398 00                  676 	.db 0x00
   0399                     677 ___str_11:
   0399 62 66 32 2E 62 77   678 	.ascii "bf2.bw_1 == 0x15"
        5F 31 20 3D 3D 20
        30 78 31 35
   03A9 00                  679 	.db 0x00
                            680 ;cases/widebitintbitfield/widebitintbitfield_width_64_sign_signed.c:58: __runSuite(void)
                            681 ;	genLabel
                            682 ;	genFunction
                            683 ;	---------------------------------
                            684 ; Function __runSuite
                            685 ; ---------------------------------
                            686 ;	Register assignment is optimal.
                            687 ; Stack space usage: 0 bytes.
   03AA                     688 ___runSuite::
                            689 ;cases/widebitintbitfield/widebitintbitfield_width_64_sign_signed.c:60: __prints("Running testWideBitIntBitField\n");
                            690 ;	skipping iCode since result will be rematerialized
                            691 ;	skipping iCode since result will be rematerialized
                            692 ;	genSend
                            693 ;	genMove_o size 2 result type 2 source type 7 a_dead 1 hl_dead 1 de_dead 1 iy_dead 1 f_dead 1
   03AA 21rB3s03      [10]  694 	ld	hl, #___str_12
                            695 ;	genCall
   03AD CDr00s00      [17]  696 	call	___prints
                            697 ;cases/widebitintbitfield/widebitintbitfield_width_64_sign_signed.c:61: testWideBitIntBitField();
                            698 ;	genCall
                            699 ;	genLabel
                            700 ; common peephole 159 removed unused label 00101$.
                            701 ;cases/widebitintbitfield/widebitintbitfield_width_64_sign_signed.c:62: }
                            702 ;	genEndFunction
   03B0 C3r00s00      [10]  703 	jp	_testWideBitIntBitField
                            704 ; common peephole 152 removed unused ret.
                            705 ;	Total __runSuite function size at codegen: 1 bytes.
   03B3                     706 ___str_12:
   03B3 52 75 6E 6E 69 6E   707 	.ascii "Running testWideBitIntBitField"
        67 20 74 65 73 74
        57 69 64 65 42 69
        74 49 6E 74 42 69
        74 46 69 65 6C 64
   03D1 0A                  708 	.db 0x0a
   03D2 00                  709 	.db 0x00
                            710 ;cases/widebitintbitfield/widebitintbitfield_width_64_sign_signed.c:67: __getSuiteName(void)
                            711 ;	genLabel
                            712 ;	genFunction
                            713 ;	---------------------------------
                            714 ; Function __getSuiteName
                            715 ; ---------------------------------
                            716 ;	Register assignment is optimal.
                            717 ; Stack space usage: 0 bytes.
   03D3                     718 ___getSuiteName::
                            719 ;cases/widebitintbitfield/widebitintbitfield_width_64_sign_signed.c:69: return "widebitintbitfield_width_64_sign_signed";
                            720 ;	skipping iCode since result will be rematerialized
                            721 ;	skipping iCode since result will be rematerialized
                            722 ;	genRet
                            723 ;	genMove_o size 2 result type 2 source type 7 a_dead 1 hl_dead 1 de_dead 1 iy_dead 1 f_dead 1
   03D3 11rD9s03      [10]  724 	ld	de, #___str_13
                            725 ;	genLabel
                            726 ; common peephole 159 removed unused label 00101$.
                            727 ;cases/widebitintbitfield/widebitintbitfield_width_64_sign_signed.c:70: }
                            728 ;	genEndFunction
   03D6 C9            [10]  729 	ret
                            730 ;	Total __getSuiteName function size at codegen: 1 bytes.
   03D7                     731 ___numCases:
   03D7 01 00               732 	.dw #0x0001
   03D9                     733 ___str_13:
   03D9 77 69 64 65 62 69   734 	.ascii "widebitintbitfield_width_64_sign_signed"
        74 69 6E 74 62 69
        74 66 69 65 6C 64
        5F 77 69 64 74 68
        5F 36 34 5F 73 69
        67 6E 5F 73 69 67
        6E 65 64
   0400 00                  735 	.db 0x00
                            736 	.area _CODE (BANK=_CSEG)
                            737 	.area _INITIALIZER
   0000                     738 __xinit__bf:
   0000 05                  739 	.db 0x05
   0001 00                  740 	.db 0x00
   0002 00                  741 	.db 0x00
   0003 00                  742 	.db 0x00
   0004 00                  743 	.db 0x00
   0005 00                  744 	.db 0x00
   0006 00                  745 	.db 0x00
   0007 00                  746 	.db 0x00
   0008 06                  747 	.db 0x06
   0009                     748 __xinit__bf2:
   0009 02                  749 	.db 0x02
   000A 00                  750 	.db 0x00
   000B 00                  751 	.db 0x00
   000C 00                  752 	.db 0x00
   000D 00                  753 	.db 0x00
   000E 00                  754 	.db 0x00
   000F 00                  755 	.db 0x00
   0010 00                  756 	.db 0x00
   0011 02                  757 	.db 0x02
   0012 05                  758 	.db 0x05
   0013 00                  759 	.db 0x00
   0014 00                  760 	.db 0x00
   0015 00                  761 	.db 0x00
   0016 00                  762 	.db 0x00
   0017 00                  763 	.db 0x00
   0018 00                  764 	.db 0x00
   0019 00                  765 	.db 0x00
                            766 	.area _CABS (ABS)
