uCsim 0.9.9, Copyright (C) 1997 Daniel Drotos.
uCsim comes with ABSOLUTELY NO WARRANTY; for details type `show w'.
This is free software, and you are welcome to redistribute it
under certain conditions; type `show c' for details.
set error non-classified off
set error unknown_code off
set error memory off
set error stack off
set hw simif outputs 0xff
step 500000000 vclk
state
quit
685 words read from gen/ucz80/bitintshift/bitintshift_width_16_count_7_varstorage_static_countstorage_static_direction_0.ihx
--- Running: bitintshift_width_16_count_7_varstorage_static_countstorage_static_direction_0
Running testleftshift
Running testrightshift
--- Summary: 0/0/2: 0 failed of 0 tests in 2 cases.

Stop at 0x000369: (110) Program stopped itself
F 0x000369
Simulated 28938 ticks (2.617e-03 sec)
Host usage: 0.001660 sec, rate=1.576189
CPU state= OK PC= 0x000369 frequency= 11059200 HZ
Operation since last reset= 6967 vclks
Inst= 3656 Fetch= 5143 Read= 1010 Write= 814
Total time since last reset= 0.002617549189815 sec (28948 clks)
Time in isr = 0.000000000000000 sec (0 clks) 0.00%
Time in idle= 0.000000000000000 sec (0 clks) 0.00%
Most value of stack pointer= 0x000000
Simulation: stopped
Runtime: 0.011219 sec

--- Simulator: 685/28948: 685 bytes, 28948 ticks
