uCsim 0.9.9, Copyright (C) 1997 Daniel Drotos.
uCsim comes with ABSOLUTELY NO WARRANTY; for details type `show w'.
This is free software, and you are welcome to redistribute it
under certain conditions; type `show c' for details.
set error non-classified off
set error unknown_code off
set error memory off
set error stack off
set hw simif outputs 0xff
step 500000000 vclk
state
quit
3549 words read from gen/ucz80/tinyaes/tinyaes_mode_CTR_keylen_192.ihx
--- Running: tinyaes_mode_CTR_keylen_192
Running testAES
--- Summary: 0/2/1: 0 failed of 2 tests in 1 cases.

Stop at 0x000369: (110) Program stopped itself
F 0x000369
Simulated 2274303 ticks (2.056e-01 sec)
Host usage: 0.097526 sec, rate=2.108652
CPU state= OK PC= 0x000369 frequency= 11059200 HZ
Operation since last reset= 530139 vclks
Inst= 238003 Fetch= 394554 Read= 81737 Write= 53848
Total time since last reset= 0.205648961949007 sec (2274313 clks)
Time in isr = 0.000000000000000 sec (0 clks) 0.00%
Time in idle= 0.000000000000000 sec (0 clks) 0.00%
Most value of stack pointer= 0x000000
Simulation: stopped
Runtime: 0.108795 sec

--- Simulator: 3549/2274313: 3549 bytes, 2274313 ticks
