                              1 ;--------------------------------------------------------
                              2 ; File Created by SDCC : free open source ISO C Compiler
                              3 ; Version 4.6.2 #16710 (Linux)
                              4 ;--------------------------------------------------------
                              5 	.module rotate_left_type_unsigned_char
                              6 	
                              7 ;--------------------------------------------------------
                              8 ; Public variables in this module
                              9 ;--------------------------------------------------------
                             10 	.globl _testRotateLeft
                             11 	.globl _rol
                             12 	.globl ___prints
                             13 	.globl ___fail
                             14 	.globl _i
                             15 	.globl ___numCases
                             16 	.globl ___runSuite
                             17 	.globl ___getSuiteName
                             18 ;--------------------------------------------------------
                             19 ; special function registers
                             20 ;--------------------------------------------------------
                             21 ;--------------------------------------------------------
                             22 ; ram data
                             23 ;--------------------------------------------------------
                             24 	.area _DATA (BANK=_DSEG)
   0000                      25 _i::
   0000                      26 	.ds 1
                             27 ;--------------------------------------------------------
                             28 ; ram data
                             29 ;--------------------------------------------------------
                             30 	.area _INITIALIZED
                             31 ;--------------------------------------------------------
                             32 ; absolute ram data
                             33 ;--------------------------------------------------------
                             34 	.area _DABS (ABS)
                             35 	.area _DABS (ABS)
                             36 ;--------------------------------------------------------
                             37 ; global & static initialisations
                             38 ;--------------------------------------------------------
                             39 	.area _HOME
                             40 	.area _GSINIT
                             41 	.area _GSFINAL
                             42 	.area _GSINIT
                             43 ;--------------------------------------------------------
                             44 ; Home
                             45 ;--------------------------------------------------------
                             46 	.area _HOME (BANK=_CSEG)
                             47 	.area _HOME (BANK=_CSEG)
                             48 ;--------------------------------------------------------
                             49 ; code
                             50 ;--------------------------------------------------------
                             51 	.area _CODE (BANK=_CSEG)
                             52 ;cases/rotate_left/rotate_left_type_unsigned_char.c:16: unsigned char rol(unsigned char v, unsigned int c)
                             53 ;	genLabel
                             54 ;	genFunction
                             55 ;	---------------------------------
                             56 ; Function rol
                             57 ; ---------------------------------
                             58 ;	Register assignment might be sub-optimal.
                             59 ; Stack space usage: 0 bytes.
   0000                      60 _rol::
                             61 ;	genReceive
                             62 ;	genMove_o size 1 result type 2 source type 2 a_dead 1 hl_dead 1 de_dead 0 iy_dead 1 f_dead 1
   0000 6F            [ 4]   63 	ld	l, a
                             64 ;	genMove_o size 0 result type 2 source type 1 a_dead 1 hl_dead 1 de_dead 0 iy_dead 1 f_dead 1
                             65 ;	genReceive
                             66 ;	genMove_o size 2 result type 2 source type 2 a_dead 1 hl_dead 0 de_dead 1 iy_dead 1 f_dead 1
                             67 ;cases/rotate_left/rotate_left_type_unsigned_char.c:18: c %= sizeof(unsigned char) * 8;
                             68 ;	genAnd
   0001 7B            [ 4]   69 	ld	a, e
   0002 E6 07         [ 7]   70 	and	a, #0x07
                             71 ;	genMove_o size 1 result type 2 source type 2 a_dead 1 hl_dead 0 de_dead 0 iy_dead 1 f_dead 1
   0004 5F            [ 4]   72 	ld	e, a
                             73 ;	genMove_o size 0 result type 2 source type 1 a_dead 0 hl_dead 0 de_dead 0 iy_dead 1 f_dead 1
                             74 ;	genMove_o size 1 result type 2 source type 1 a_dead 1 hl_dead 0 de_dead 0 iy_dead 1 f_dead 1
                             75 ; common peephole 6b removed dead xor a, a
                             76 ;cases/rotate_left/rotate_left_type_unsigned_char.c:19: return(v << c) | (v >> (sizeof(unsigned char) * 8 - c));
                             77 ;	genLeftShift
   0005 43            [ 4]   78 	ld	b, e
                             79 ;	genMove_o size 1 result type 2 source type 2 a_dead 0 hl_dead 0 de_dead 0 iy_dead 1 f_dead 1
   0006 4D            [ 4]   80 	ld	c, l
                             81 ;	genMove_o size 0 result type 2 source type 1 a_dead 0 hl_dead 0 de_dead 0 iy_dead 1 f_dead 1
                             82 ;	genMove_o size 0 result type 2 source type 1 a_dead 0 hl_dead 0 de_dead 0 iy_dead 1 f_dead 1
   0007 04            [ 4]   83 	inc	b
                             84 ; common peephole 162 changed absolute to relative unconditional jump.
   0008 18 02         [12]   85 	jr	00104$
   000A                      86 00103$:
   000A CB 21         [ 8]   87 	sla	c
   000C                      88 00104$:
   000C 10 FC         [13]   89 	djnz	00103$
                             90 ;	genMove_o size 1 result type 2 source type 2 a_dead 0 hl_dead 0 de_dead 0 iy_dead 1 f_dead 1
                             91 ;	genCast
                             92 ;	genMove_o size 1 result type 2 source type 2 a_dead 1 hl_dead 0 de_dead 1 iy_dead 1 f_dead 1
                             93 ;	genMinus
   000E 3E 08         [ 7]   94 	ld	a, #0x08
   0010 93            [ 4]   95 	sub	a, e
                             96 ;	genRightShift
   0011 47            [ 4]   97 	ld	b, a
                             98 ;	genMove_o size 1 result type 2 source type 2 a_dead 1 hl_dead 1 de_dead 1 iy_dead 1 f_dead 1
   0012 7D            [ 4]   99 	ld	a, l
                            100 ;	genMove_o size 0 result type 2 source type 1 a_dead 1 hl_dead 1 de_dead 1 iy_dead 1 f_dead 1
   0013                     101 00105$:
   0013 CB 3F         [ 8]  102 	srl	a
                            103 ; common peephole 159 removed unused label 00106$.
   0015 10 FC         [13]  104 	djnz	00105$
                            105 ;	genMove_o size 1 result type 2 source type 2 a_dead 1 hl_dead 1 de_dead 1 iy_dead 1 f_dead 1
                            106 ;	genOr
   0017 B1            [ 4]  107 	or	a, c
                            108 ;	genMove_o size 1 result type 2 source type 2 a_dead 1 hl_dead 1 de_dead 1 iy_dead 1 f_dead 1
                            109 ;	genRet
                            110 ;	genMove_o size 1 result type 2 source type 2 a_dead 1 hl_dead 1 de_dead 1 iy_dead 1 f_dead 1
                            111 ;	genLabel
                            112 ; common peephole 159 removed unused label 00101$.
                            113 ;cases/rotate_left/rotate_left_type_unsigned_char.c:20: }
                            114 ;	genEndFunction
   0018 C9            [10]  115 	ret
                            116 ;	Total rol function size at codegen: 1 bytes.
                            117 ;cases/rotate_left/rotate_left_type_unsigned_char.c:23: testRotateLeft(void)
                            118 ;	genLabel
                            119 ;	genFunction
                            120 ;	---------------------------------
                            121 ; Function testRotateLeft
                            122 ; ---------------------------------
                            123 ;	Register assignment might be sub-optimal.
                            124 ; Stack space usage: 0 bytes.
   0019                     125 _testRotateLeft::
                            126 ;cases/rotate_left/rotate_left_type_unsigned_char.c:26: i = 0xa5;
                            127 ;	genAssign
                            128 ;	genMove_o size 1 result type 11 source type 1 a_dead 1 hl_dead 1 de_dead 1 iy_dead 1 f_dead 1
   0019 21r00s00      [10]  129 	ld	hl, #_i
   001C 36 A5         [10]  130 	ld	(hl), #0xa5
                            131 ;cases/rotate_left/rotate_left_type_unsigned_char.c:27: ASSERT(stdc_rotate_left(i, 1) == rol(i, 1));
                            132 ;	genPlus
                            133 ;	genMove_o size 2 result type 2 source type 10 a_dead 1 hl_dead 1 de_dead 1 iy_dead 1 f_dead 1
   001E 2Ar00s00      [16]  134 	ld	hl, (___numTests)
   0021 23            [ 6]  135 	inc	hl
                            136 ;	genMove_o size 2 result type 10 source type 2 a_dead 1 hl_dead 1 de_dead 1 iy_dead 1 f_dead 1
   0022 22r00s00      [16]  137 	ld	(___numTests), hl
                            138 ;	genAssign
                            139 ;	genMove_o size 1 result type 2 source type 10 a_dead 1 hl_dead 1 de_dead 1 iy_dead 1 f_dead 1
   0025 3Ar00s00      [13]  140 	ld	a, (_i)
                            141 ;../../device/include/stdbit.h:342: inline unsigned char stdc_rotate_left_uc (unsigned char value, unsigned int count) __STDC_ROTATE_LEFT
                            142 ;	genRot
   0028 07            [ 4]  143 	rlca
   0029 4F            [ 4]  144 	ld	c, a
                            145 ;cases/rotate_left/rotate_left_type_unsigned_char.c:27: ASSERT(stdc_rotate_left(i, 1) == rol(i, 1));
                            146 ;	genSend
   002A C5            [11]  147 	push	bc
                            148 ;	genMove_o size 2 result type 2 source type 1 a_dead 1 hl_dead 1 de_dead 1 iy_dead 1 f_dead 1
   002B 11 01 00      [10]  149 	ld	de, #0x0001
                            150 ;	genSend
                            151 ;	genMove_o size 1 result type 2 source type 10 a_dead 1 hl_dead 1 de_dead 0 iy_dead 1 f_dead 1
   002E 3Ar00s00      [13]  152 	ld	a, (_i)
                            153 ;	genCall
   0031 CDr00s00      [17]  154 	call	_rol
                            155 ;	genMove_o size 1 result type 2 source type 2 a_dead 1 hl_dead 1 de_dead 1 iy_dead 1 f_dead 1
   0034 C1            [10]  156 	pop	bc
                            157 ;	genCmpEq
                            158 ;	genMove_o size 1 result type 2 source type 2 a_dead 1 hl_dead 1 de_dead 1 iy_dead 1 f_dead 1
   0035 91            [ 4]  159 	sub	a, c
                            160 ; common peephole 163 changed absolute to relative conditional jump.
   0036 28 11         [12]  161 	jr	z, 00169$
                            162 ; common peephole 81 removed jp by using inverse jump logic
                            163 ; common peephole 159 removed unused label 00244$.
                            164 ;	skipping generated iCode
                            165 ;	skipping iCode since result will be rematerialized
                            166 ;	skipping iCode since result will be rematerialized
                            167 ;	skipping iCode since result will be rematerialized
                            168 ;	skipping iCode since result will be rematerialized
                            169 ;	skipping iCode since result will be rematerialized
                            170 ;	skipping iCode since result will be rematerialized
                            171 ;	genIpush
                            172 ;	genMove_o size 2 result type 2 source type 1 a_dead 1 hl_dead 1 de_dead 1 iy_dead 1 f_dead 1
   0038 21 1B 00      [10]  173 	ld	hl, #0x001b
   003B E5            [11]  174 	push	hl
                            175 ;	genIpush
                            176 ;	genMove_o size 2 result type 2 source type 7 a_dead 1 hl_dead 1 de_dead 1 iy_dead 1 f_dead 1
   003C 21r94s01      [10]  177 	ld	hl, #___str_2
   003F E5            [11]  178 	push	hl
                            179 ;	genSend
                            180 ;	genMove_o size 2 result type 2 source type 7 a_dead 1 hl_dead 1 de_dead 1 iy_dead 1 f_dead 1
   0040 11r70s01      [10]  181 	ld	de, #___str_1
                            182 ;	genSend
                            183 ;	genMove_o size 2 result type 2 source type 7 a_dead 1 hl_dead 1 de_dead 0 iy_dead 1 f_dead 1
   0043 21r5Fs01      [10]  184 	ld	hl, #___str_0
                            185 ;	genCall
   0046 CDr00s00      [17]  186 	call	___fail
                            187 ;	genLabel
   0049                     188 00169$:
                            189 ;cases/rotate_left/rotate_left_type_unsigned_char.c:29: ASSERT(stdc_rotate_left(i, 4) == rol(i, 4));
                            190 ;	genPlus
                            191 ;	genMove_o size 2 result type 2 source type 10 a_dead 1 hl_dead 1 de_dead 1 iy_dead 1 f_dead 1
   0049 2Ar00s00      [16]  192 	ld	hl, (___numTests)
   004C 23            [ 6]  193 	inc	hl
                            194 ;	genMove_o size 2 result type 10 source type 2 a_dead 1 hl_dead 1 de_dead 1 iy_dead 1 f_dead 1
   004D 22r00s00      [16]  195 	ld	(___numTests), hl
                            196 ;	genAssign
                            197 ;	genMove_o size 1 result type 2 source type 10 a_dead 1 hl_dead 1 de_dead 1 iy_dead 1 f_dead 1
   0050 3Ar00s00      [13]  198 	ld	a, (_i)
                            199 ;../../device/include/stdbit.h:342: inline unsigned char stdc_rotate_left_uc (unsigned char value, unsigned int count) __STDC_ROTATE_LEFT
                            200 ;	genRot
   0053 07            [ 4]  201 	rlca
   0054 07            [ 4]  202 	rlca
   0055 07            [ 4]  203 	rlca
   0056 07            [ 4]  204 	rlca
   0057 4F            [ 4]  205 	ld	c, a
                            206 ;cases/rotate_left/rotate_left_type_unsigned_char.c:29: ASSERT(stdc_rotate_left(i, 4) == rol(i, 4));
                            207 ;	genSend
   0058 C5            [11]  208 	push	bc
                            209 ;	genMove_o size 2 result type 2 source type 1 a_dead 1 hl_dead 1 de_dead 1 iy_dead 1 f_dead 1
   0059 11 04 00      [10]  210 	ld	de, #0x0004
                            211 ;	genSend
                            212 ;	genMove_o size 1 result type 2 source type 10 a_dead 1 hl_dead 1 de_dead 0 iy_dead 1 f_dead 1
   005C 3Ar00s00      [13]  213 	ld	a, (_i)
                            214 ;	genCall
   005F CDr00s00      [17]  215 	call	_rol
                            216 ;	genMove_o size 1 result type 2 source type 2 a_dead 1 hl_dead 1 de_dead 1 iy_dead 1 f_dead 1
   0062 C1            [10]  217 	pop	bc
                            218 ;	genCmpEq
                            219 ;	genMove_o size 1 result type 2 source type 2 a_dead 1 hl_dead 1 de_dead 1 iy_dead 1 f_dead 1
   0063 91            [ 4]  220 	sub	a, c
                            221 ; common peephole 163 changed absolute to relative conditional jump.
   0064 28 11         [12]  222 	jr	z, 00171$
                            223 ; common peephole 81 removed jp by using inverse jump logic
                            224 ; common peephole 159 removed unused label 00245$.
                            225 ;	skipping generated iCode
                            226 ;	skipping iCode since result will be rematerialized
                            227 ;	skipping iCode since result will be rematerialized
                            228 ;	skipping iCode since result will be rematerialized
                            229 ;	skipping iCode since result will be rematerialized
                            230 ;	skipping iCode since result will be rematerialized
                            231 ;	skipping iCode since result will be rematerialized
                            232 ;	genIpush
                            233 ;	genMove_o size 2 result type 2 source type 1 a_dead 1 hl_dead 1 de_dead 1 iy_dead 1 f_dead 1
   0066 21 1D 00      [10]  234 	ld	hl, #0x001d
   0069 E5            [11]  235 	push	hl
                            236 ;	genIpush
                            237 ;	genMove_o size 2 result type 2 source type 7 a_dead 1 hl_dead 1 de_dead 1 iy_dead 1 f_dead 1
   006A 21r94s01      [10]  238 	ld	hl, #___str_2
   006D E5            [11]  239 	push	hl
                            240 ;	genSend
                            241 ;	genMove_o size 2 result type 2 source type 7 a_dead 1 hl_dead 1 de_dead 1 iy_dead 1 f_dead 1
   006E 11rC7s01      [10]  242 	ld	de, #___str_3
                            243 ;	genSend
                            244 ;	genMove_o size 2 result type 2 source type 7 a_dead 1 hl_dead 1 de_dead 0 iy_dead 1 f_dead 1
   0071 21r5Fs01      [10]  245 	ld	hl, #___str_0
                            246 ;	genCall
   0074 CDr00s00      [17]  247 	call	___fail
                            248 ;	genLabel
   0077                     249 00171$:
                            250 ;cases/rotate_left/rotate_left_type_unsigned_char.c:30: ASSERT(stdc_rotate_left(i, 7) == rol(i, 7));
                            251 ;	genPlus
                            252 ;	genMove_o size 2 result type 2 source type 10 a_dead 1 hl_dead 1 de_dead 1 iy_dead 1 f_dead 1
   0077 2Ar00s00      [16]  253 	ld	hl, (___numTests)
   007A 23            [ 6]  254 	inc	hl
                            255 ;	genMove_o size 2 result type 10 source type 2 a_dead 1 hl_dead 1 de_dead 1 iy_dead 1 f_dead 1
   007B 22r00s00      [16]  256 	ld	(___numTests), hl
                            257 ;	genAssign
                            258 ;	genMove_o size 1 result type 2 source type 10 a_dead 1 hl_dead 1 de_dead 1 iy_dead 1 f_dead 1
   007E 3Ar00s00      [13]  259 	ld	a, (_i)
                            260 ;../../device/include/stdbit.h:342: inline unsigned char stdc_rotate_left_uc (unsigned char value, unsigned int count) __STDC_ROTATE_LEFT
                            261 ;	genRot
   0081 0F            [ 4]  262 	rrca
   0082 4F            [ 4]  263 	ld	c, a
                            264 ;cases/rotate_left/rotate_left_type_unsigned_char.c:30: ASSERT(stdc_rotate_left(i, 7) == rol(i, 7));
                            265 ;	genSend
   0083 C5            [11]  266 	push	bc
                            267 ;	genMove_o size 2 result type 2 source type 1 a_dead 1 hl_dead 1 de_dead 1 iy_dead 1 f_dead 1
   0084 11 07 00      [10]  268 	ld	de, #0x0007
                            269 ;	genSend
                            270 ;	genMove_o size 1 result type 2 source type 10 a_dead 1 hl_dead 1 de_dead 0 iy_dead 1 f_dead 1
   0087 3Ar00s00      [13]  271 	ld	a, (_i)
                            272 ;	genCall
   008A CDr00s00      [17]  273 	call	_rol
                            274 ;	genMove_o size 1 result type 2 source type 2 a_dead 1 hl_dead 1 de_dead 1 iy_dead 1 f_dead 1
   008D C1            [10]  275 	pop	bc
                            276 ;	genCmpEq
                            277 ;	genMove_o size 1 result type 2 source type 2 a_dead 1 hl_dead 1 de_dead 1 iy_dead 1 f_dead 1
   008E 91            [ 4]  278 	sub	a, c
                            279 ; common peephole 163 changed absolute to relative conditional jump.
   008F 28 11         [12]  280 	jr	z, 00173$
                            281 ; common peephole 81 removed jp by using inverse jump logic
                            282 ; common peephole 159 removed unused label 00246$.
                            283 ;	skipping generated iCode
                            284 ;	skipping iCode since result will be rematerialized
                            285 ;	skipping iCode since result will be rematerialized
                            286 ;	skipping iCode since result will be rematerialized
                            287 ;	skipping iCode since result will be rematerialized
                            288 ;	skipping iCode since result will be rematerialized
                            289 ;	skipping iCode since result will be rematerialized
                            290 ;	genIpush
                            291 ;	genMove_o size 2 result type 2 source type 1 a_dead 1 hl_dead 1 de_dead 1 iy_dead 1 f_dead 1
   0091 21 1E 00      [10]  292 	ld	hl, #0x001e
   0094 E5            [11]  293 	push	hl
                            294 ;	genIpush
                            295 ;	genMove_o size 2 result type 2 source type 7 a_dead 1 hl_dead 1 de_dead 1 iy_dead 1 f_dead 1
   0095 21r94s01      [10]  296 	ld	hl, #___str_2
   0098 E5            [11]  297 	push	hl
                            298 ;	genSend
                            299 ;	genMove_o size 2 result type 2 source type 7 a_dead 1 hl_dead 1 de_dead 1 iy_dead 1 f_dead 1
   0099 11rEBs01      [10]  300 	ld	de, #___str_4
                            301 ;	genSend
                            302 ;	genMove_o size 2 result type 2 source type 7 a_dead 1 hl_dead 1 de_dead 0 iy_dead 1 f_dead 1
   009C 21r5Fs01      [10]  303 	ld	hl, #___str_0
                            304 ;	genCall
   009F CDr00s00      [17]  305 	call	___fail
                            306 ;	genLabel
   00A2                     307 00173$:
                            308 ;cases/rotate_left/rotate_left_type_unsigned_char.c:31: ASSERT(stdc_rotate_left(i, 8) == rol(i, 8));
                            309 ;	genPlus
                            310 ;	genMove_o size 2 result type 2 source type 10 a_dead 1 hl_dead 1 de_dead 1 iy_dead 1 f_dead 1
   00A2 2Ar00s00      [16]  311 	ld	hl, (___numTests)
   00A5 23            [ 6]  312 	inc	hl
                            313 ;	genMove_o size 2 result type 10 source type 2 a_dead 1 hl_dead 1 de_dead 1 iy_dead 1 f_dead 1
   00A6 22r00s00      [16]  314 	ld	(___numTests), hl
                            315 ;	genAssign
                            316 ;	genMove_o size 1 result type 2 source type 10 a_dead 1 hl_dead 1 de_dead 1 iy_dead 1 f_dead 1
   00A9 3Ar00s00      [13]  317 	ld	a, (_i)
                            318 ;../../device/include/stdbit.h:342: inline unsigned char stdc_rotate_left_uc (unsigned char value, unsigned int count) __STDC_ROTATE_LEFT
                            319 ;	genRot
   00AC 4F            [ 4]  320 	ld	c, a
                            321 ;cases/rotate_left/rotate_left_type_unsigned_char.c:31: ASSERT(stdc_rotate_left(i, 8) == rol(i, 8));
                            322 ;	genSend
   00AD C5            [11]  323 	push	bc
                            324 ;	genMove_o size 2 result type 2 source type 1 a_dead 1 hl_dead 1 de_dead 1 iy_dead 1 f_dead 1
   00AE 11 08 00      [10]  325 	ld	de, #0x0008
                            326 ;	genSend
                            327 ;	genMove_o size 1 result type 2 source type 10 a_dead 1 hl_dead 1 de_dead 0 iy_dead 1 f_dead 1
   00B1 3Ar00s00      [13]  328 	ld	a, (_i)
                            329 ;	genCall
   00B4 CDr00s00      [17]  330 	call	_rol
                            331 ;	genMove_o size 1 result type 2 source type 2 a_dead 1 hl_dead 1 de_dead 1 iy_dead 1 f_dead 1
   00B7 C1            [10]  332 	pop	bc
                            333 ;	genCmpEq
                            334 ;	genMove_o size 1 result type 2 source type 2 a_dead 1 hl_dead 1 de_dead 1 iy_dead 1 f_dead 1
   00B8 91            [ 4]  335 	sub	a, c
                            336 ; common peephole 163 changed absolute to relative conditional jump.
   00B9 28 11         [12]  337 	jr	z, 00175$
                            338 ; common peephole 81 removed jp by using inverse jump logic
                            339 ; common peephole 159 removed unused label 00247$.
                            340 ;	skipping generated iCode
                            341 ;	skipping iCode since result will be rematerialized
                            342 ;	skipping iCode since result will be rematerialized
                            343 ;	skipping iCode since result will be rematerialized
                            344 ;	skipping iCode since result will be rematerialized
                            345 ;	skipping iCode since result will be rematerialized
                            346 ;	skipping iCode since result will be rematerialized
                            347 ;	genIpush
                            348 ;	genMove_o size 2 result type 2 source type 1 a_dead 1 hl_dead 1 de_dead 1 iy_dead 1 f_dead 1
   00BB 21 1F 00      [10]  349 	ld	hl, #0x001f
   00BE E5            [11]  350 	push	hl
                            351 ;	genIpush
                            352 ;	genMove_o size 2 result type 2 source type 7 a_dead 1 hl_dead 1 de_dead 1 iy_dead 1 f_dead 1
   00BF 21r94s01      [10]  353 	ld	hl, #___str_2
   00C2 E5            [11]  354 	push	hl
                            355 ;	genSend
                            356 ;	genMove_o size 2 result type 2 source type 7 a_dead 1 hl_dead 1 de_dead 1 iy_dead 1 f_dead 1
   00C3 11r0Fs02      [10]  357 	ld	de, #___str_5
                            358 ;	genSend
                            359 ;	genMove_o size 2 result type 2 source type 7 a_dead 1 hl_dead 1 de_dead 0 iy_dead 1 f_dead 1
   00C6 21r5Fs01      [10]  360 	ld	hl, #___str_0
                            361 ;	genCall
   00C9 CDr00s00      [17]  362 	call	___fail
                            363 ;	genLabel
   00CC                     364 00175$:
                            365 ;cases/rotate_left/rotate_left_type_unsigned_char.c:32: ASSERT(stdc_rotate_left(i, 9) == rol(i, 9));
                            366 ;	genPlus
                            367 ;	genMove_o size 2 result type 2 source type 10 a_dead 1 hl_dead 1 de_dead 1 iy_dead 1 f_dead 1
   00CC 2Ar00s00      [16]  368 	ld	hl, (___numTests)
   00CF 23            [ 6]  369 	inc	hl
                            370 ;	genMove_o size 2 result type 10 source type 2 a_dead 1 hl_dead 1 de_dead 1 iy_dead 1 f_dead 1
   00D0 22r00s00      [16]  371 	ld	(___numTests), hl
                            372 ;	genAssign
                            373 ;	genMove_o size 1 result type 2 source type 10 a_dead 1 hl_dead 1 de_dead 1 iy_dead 1 f_dead 1
   00D3 3Ar00s00      [13]  374 	ld	a, (_i)
                            375 ;../../device/include/stdbit.h:342: inline unsigned char stdc_rotate_left_uc (unsigned char value, unsigned int count) __STDC_ROTATE_LEFT
                            376 ;	genRot
   00D6 07            [ 4]  377 	rlca
   00D7 4F            [ 4]  378 	ld	c, a
                            379 ;cases/rotate_left/rotate_left_type_unsigned_char.c:32: ASSERT(stdc_rotate_left(i, 9) == rol(i, 9));
                            380 ;	genSend
   00D8 C5            [11]  381 	push	bc
                            382 ;	genMove_o size 2 result type 2 source type 1 a_dead 1 hl_dead 1 de_dead 1 iy_dead 1 f_dead 1
   00D9 11 09 00      [10]  383 	ld	de, #0x0009
                            384 ;	genSend
                            385 ;	genMove_o size 1 result type 2 source type 10 a_dead 1 hl_dead 1 de_dead 0 iy_dead 1 f_dead 1
   00DC 3Ar00s00      [13]  386 	ld	a, (_i)
                            387 ;	genCall
   00DF CDr00s00      [17]  388 	call	_rol
                            389 ;	genMove_o size 1 result type 2 source type 2 a_dead 1 hl_dead 1 de_dead 1 iy_dead 1 f_dead 1
   00E2 C1            [10]  390 	pop	bc
                            391 ;	genCmpEq
                            392 ;	genMove_o size 1 result type 2 source type 2 a_dead 1 hl_dead 1 de_dead 1 iy_dead 1 f_dead 1
   00E3 91            [ 4]  393 	sub	a, c
                            394 ; common peephole 163 changed absolute to relative conditional jump.
   00E4 28 11         [12]  395 	jr	z, 00177$
                            396 ; common peephole 81 removed jp by using inverse jump logic
                            397 ; common peephole 159 removed unused label 00248$.
                            398 ;	skipping generated iCode
                            399 ;	skipping iCode since result will be rematerialized
                            400 ;	skipping iCode since result will be rematerialized
                            401 ;	skipping iCode since result will be rematerialized
                            402 ;	skipping iCode since result will be rematerialized
                            403 ;	skipping iCode since result will be rematerialized
                            404 ;	skipping iCode since result will be rematerialized
                            405 ;	genIpush
                            406 ;	genMove_o size 2 result type 2 source type 1 a_dead 1 hl_dead 1 de_dead 1 iy_dead 1 f_dead 1
   00E6 21 20 00      [10]  407 	ld	hl, #0x0020
   00E9 E5            [11]  408 	push	hl
                            409 ;	genIpush
                            410 ;	genMove_o size 2 result type 2 source type 7 a_dead 1 hl_dead 1 de_dead 1 iy_dead 1 f_dead 1
   00EA 21r94s01      [10]  411 	ld	hl, #___str_2
   00ED E5            [11]  412 	push	hl
                            413 ;	genSend
                            414 ;	genMove_o size 2 result type 2 source type 7 a_dead 1 hl_dead 1 de_dead 1 iy_dead 1 f_dead 1
   00EE 11r33s02      [10]  415 	ld	de, #___str_6
                            416 ;	genSend
                            417 ;	genMove_o size 2 result type 2 source type 7 a_dead 1 hl_dead 1 de_dead 0 iy_dead 1 f_dead 1
   00F1 21r5Fs01      [10]  418 	ld	hl, #___str_0
                            419 ;	genCall
   00F4 CDr00s00      [17]  420 	call	___fail
                            421 ;	genLabel
   00F7                     422 00177$:
                            423 ;cases/rotate_left/rotate_left_type_unsigned_char.c:33: ASSERT(stdc_rotate_left(i, 12) == rol(i, 12));
                            424 ;	genPlus
                            425 ;	genMove_o size 2 result type 2 source type 10 a_dead 1 hl_dead 1 de_dead 1 iy_dead 1 f_dead 1
   00F7 2Ar00s00      [16]  426 	ld	hl, (___numTests)
   00FA 23            [ 6]  427 	inc	hl
                            428 ;	genMove_o size 2 result type 10 source type 2 a_dead 1 hl_dead 1 de_dead 1 iy_dead 1 f_dead 1
   00FB 22r00s00      [16]  429 	ld	(___numTests), hl
                            430 ;	genAssign
                            431 ;	genMove_o size 1 result type 2 source type 10 a_dead 1 hl_dead 1 de_dead 1 iy_dead 1 f_dead 1
   00FE 3Ar00s00      [13]  432 	ld	a, (_i)
                            433 ;../../device/include/stdbit.h:342: inline unsigned char stdc_rotate_left_uc (unsigned char value, unsigned int count) __STDC_ROTATE_LEFT
                            434 ;	genRot
   0101 07            [ 4]  435 	rlca
   0102 07            [ 4]  436 	rlca
   0103 07            [ 4]  437 	rlca
   0104 07            [ 4]  438 	rlca
   0105 4F            [ 4]  439 	ld	c, a
                            440 ;cases/rotate_left/rotate_left_type_unsigned_char.c:33: ASSERT(stdc_rotate_left(i, 12) == rol(i, 12));
                            441 ;	genSend
   0106 C5            [11]  442 	push	bc
                            443 ;	genMove_o size 2 result type 2 source type 1 a_dead 1 hl_dead 1 de_dead 1 iy_dead 1 f_dead 1
   0107 11 0C 00      [10]  444 	ld	de, #0x000c
                            445 ;	genSend
                            446 ;	genMove_o size 1 result type 2 source type 10 a_dead 1 hl_dead 1 de_dead 0 iy_dead 1 f_dead 1
   010A 3Ar00s00      [13]  447 	ld	a, (_i)
                            448 ;	genCall
   010D CDr00s00      [17]  449 	call	_rol
                            450 ;	genMove_o size 1 result type 2 source type 2 a_dead 1 hl_dead 1 de_dead 1 iy_dead 1 f_dead 1
   0110 C1            [10]  451 	pop	bc
                            452 ;	genCmpEq
                            453 ;	genMove_o size 1 result type 2 source type 2 a_dead 1 hl_dead 1 de_dead 1 iy_dead 1 f_dead 1
   0111 91            [ 4]  454 	sub	a, c
                            455 ; common peephole 163 changed absolute to relative conditional jump.
   0112 28 11         [12]  456 	jr	z, 00179$
                            457 ; common peephole 81 removed jp by using inverse jump logic
                            458 ; common peephole 159 removed unused label 00249$.
                            459 ;	skipping generated iCode
                            460 ;	skipping iCode since result will be rematerialized
                            461 ;	skipping iCode since result will be rematerialized
                            462 ;	skipping iCode since result will be rematerialized
                            463 ;	skipping iCode since result will be rematerialized
                            464 ;	skipping iCode since result will be rematerialized
                            465 ;	skipping iCode since result will be rematerialized
                            466 ;	genIpush
                            467 ;	genMove_o size 2 result type 2 source type 1 a_dead 1 hl_dead 1 de_dead 1 iy_dead 1 f_dead 1
   0114 21 21 00      [10]  468 	ld	hl, #0x0021
   0117 E5            [11]  469 	push	hl
                            470 ;	genIpush
                            471 ;	genMove_o size 2 result type 2 source type 7 a_dead 1 hl_dead 1 de_dead 1 iy_dead 1 f_dead 1
   0118 21r94s01      [10]  472 	ld	hl, #___str_2
   011B E5            [11]  473 	push	hl
                            474 ;	genSend
                            475 ;	genMove_o size 2 result type 2 source type 7 a_dead 1 hl_dead 1 de_dead 1 iy_dead 1 f_dead 1
   011C 11r57s02      [10]  476 	ld	de, #___str_7
                            477 ;	genSend
                            478 ;	genMove_o size 2 result type 2 source type 7 a_dead 1 hl_dead 1 de_dead 0 iy_dead 1 f_dead 1
   011F 21r5Fs01      [10]  479 	ld	hl, #___str_0
                            480 ;	genCall
   0122 CDr00s00      [17]  481 	call	___fail
                            482 ;	genLabel
   0125                     483 00179$:
                            484 ;cases/rotate_left/rotate_left_type_unsigned_char.c:34: ASSERT(stdc_rotate_left(i, 15) == rol(i, 15));
                            485 ;	genPlus
                            486 ;	genMove_o size 2 result type 2 source type 10 a_dead 1 hl_dead 1 de_dead 1 iy_dead 1 f_dead 1
   0125 2Ar00s00      [16]  487 	ld	hl, (___numTests)
   0128 23            [ 6]  488 	inc	hl
                            489 ;	genMove_o size 2 result type 10 source type 2 a_dead 1 hl_dead 1 de_dead 1 iy_dead 1 f_dead 1
   0129 22r00s00      [16]  490 	ld	(___numTests), hl
                            491 ;	genAssign
                            492 ;	genMove_o size 1 result type 2 source type 10 a_dead 1 hl_dead 1 de_dead 1 iy_dead 1 f_dead 1
   012C 3Ar00s00      [13]  493 	ld	a, (_i)
                            494 ;../../device/include/stdbit.h:342: inline unsigned char stdc_rotate_left_uc (unsigned char value, unsigned int count) __STDC_ROTATE_LEFT
                            495 ;	genRot
   012F 0F            [ 4]  496 	rrca
   0130 4F            [ 4]  497 	ld	c, a
                            498 ;cases/rotate_left/rotate_left_type_unsigned_char.c:34: ASSERT(stdc_rotate_left(i, 15) == rol(i, 15));
                            499 ;	genSend
   0131 C5            [11]  500 	push	bc
                            501 ;	genMove_o size 2 result type 2 source type 1 a_dead 1 hl_dead 1 de_dead 1 iy_dead 1 f_dead 1
   0132 11 0F 00      [10]  502 	ld	de, #0x000f
                            503 ;	genSend
                            504 ;	genMove_o size 1 result type 2 source type 10 a_dead 1 hl_dead 1 de_dead 0 iy_dead 1 f_dead 1
   0135 3Ar00s00      [13]  505 	ld	a, (_i)
                            506 ;	genCall
   0138 CDr00s00      [17]  507 	call	_rol
                            508 ;	genMove_o size 1 result type 2 source type 2 a_dead 1 hl_dead 1 de_dead 1 iy_dead 1 f_dead 1
   013B C1            [10]  509 	pop	bc
                            510 ;	genCmpEq
                            511 ;	genMove_o size 1 result type 2 source type 2 a_dead 1 hl_dead 1 de_dead 1 iy_dead 1 f_dead 1
   013C 91            [ 4]  512 	sub	a, c
                            513 ; common peephole 163 changed absolute to relative conditional jump.
   013D 28 11         [12]  514 	jr	z, 00181$
                            515 ; common peephole 81 removed jp by using inverse jump logic
                            516 ; common peephole 159 removed unused label 00250$.
                            517 ;	skipping generated iCode
                            518 ;	skipping iCode since result will be rematerialized
                            519 ;	skipping iCode since result will be rematerialized
                            520 ;	skipping iCode since result will be rematerialized
                            521 ;	skipping iCode since result will be rematerialized
                            522 ;	skipping iCode since result will be rematerialized
                            523 ;	skipping iCode since result will be rematerialized
                            524 ;	genIpush
                            525 ;	genMove_o size 2 result type 2 source type 1 a_dead 1 hl_dead 1 de_dead 1 iy_dead 1 f_dead 1
   013F 21 22 00      [10]  526 	ld	hl, #0x0022
   0142 E5            [11]  527 	push	hl
                            528 ;	genIpush
                            529 ;	genMove_o size 2 result type 2 source type 7 a_dead 1 hl_dead 1 de_dead 1 iy_dead 1 f_dead 1
   0143 21r94s01      [10]  530 	ld	hl, #___str_2
   0146 E5            [11]  531 	push	hl
                            532 ;	genSend
                            533 ;	genMove_o size 2 result type 2 source type 7 a_dead 1 hl_dead 1 de_dead 1 iy_dead 1 f_dead 1
   0147 11r7Ds02      [10]  534 	ld	de, #___str_8
                            535 ;	genSend
                            536 ;	genMove_o size 2 result type 2 source type 7 a_dead 1 hl_dead 1 de_dead 0 iy_dead 1 f_dead 1
   014A 21r5Fs01      [10]  537 	ld	hl, #___str_0
                            538 ;	genCall
   014D CDr00s00      [17]  539 	call	___fail
                            540 ;	genLabel
   0150                     541 00181$:
                            542 ;cases/rotate_left/rotate_left_type_unsigned_char.c:36: ASSERT(stdc_rotate_left_uc(0xa5, 4) == 0x5a);
                            543 ;	genPlus
                            544 ;	genMove_o size 2 result type 2 source type 10 a_dead 1 hl_dead 1 de_dead 1 iy_dead 1 f_dead 1
   0150 2Ar00s00      [16]  545 	ld	hl, (___numTests)
   0153 23            [ 6]  546 	inc	hl
                            547 ;	genMove_o size 2 result type 10 source type 2 a_dead 1 hl_dead 1 de_dead 1 iy_dead 1 f_dead 1
   0154 22r00s00      [16]  548 	ld	(___numTests), hl
                            549 ;cases/rotate_left/rotate_left_type_unsigned_char.c:37: ASSERT(stdc_rotate_left_us(0xa5b6, 4) == 0x5b6a);
                            550 ;	genPlus
                            551 ;	genMove_o size 2 result type 2 source type 10 a_dead 1 hl_dead 1 de_dead 1 iy_dead 1 f_dead 1
   0157 2Ar00s00      [16]  552 	ld	hl, (___numTests)
   015A 23            [ 6]  553 	inc	hl
                            554 ;	genMove_o size 2 result type 10 source type 2 a_dead 1 hl_dead 1 de_dead 1 iy_dead 1 f_dead 1
   015B 22r00s00      [16]  555 	ld	(___numTests), hl
                            556 ;	genLabel
                            557 ; common peephole 159 removed unused label 00166$.
                            558 ;cases/rotate_left/rotate_left_type_unsigned_char.c:40: }
                            559 ;	genEndFunction
   015E C9            [10]  560 	ret
                            561 ;	Total testRotateLeft function size at codegen: 1 bytes.
   015F                     562 ___str_0:
   015F 41 73 73 65 72 74   563 	.ascii "Assertion failed"
        69 6F 6E 20 66 61
        69 6C 65 64
   016F 00                  564 	.db 0x00
   0170                     565 ___str_1:
   0170 73 74 64 63 5F 72   566 	.ascii "stdc_rotate_left(i, 1) == rol(i, 1)"
        6F 74 61 74 65 5F
        6C 65 66 74 28 69
        2C 20 31 29 20 3D
        3D 20 72 6F 6C 28
        69 2C 20 31 29
   0193 00                  567 	.db 0x00
   0194                     568 ___str_2:
   0194 63 61 73 65 73 2F   569 	.ascii "cases/rotate_left/rotate_left_type_unsigned_char.c"
        72 6F 74 61 74 65
        5F 6C 65 66 74 2F
        72 6F 74 61 74 65
        5F 6C 65 66 74 5F
        74 79 70 65 5F 75
        6E 73 69 67 6E 65
        64 5F 63 68 61 72
        2E 63
   01C6 00                  570 	.db 0x00
   01C7                     571 ___str_3:
   01C7 73 74 64 63 5F 72   572 	.ascii "stdc_rotate_left(i, 4) == rol(i, 4)"
        6F 74 61 74 65 5F
        6C 65 66 74 28 69
        2C 20 34 29 20 3D
        3D 20 72 6F 6C 28
        69 2C 20 34 29
   01EA 00                  573 	.db 0x00
   01EB                     574 ___str_4:
   01EB 73 74 64 63 5F 72   575 	.ascii "stdc_rotate_left(i, 7) == rol(i, 7)"
        6F 74 61 74 65 5F
        6C 65 66 74 28 69
        2C 20 37 29 20 3D
        3D 20 72 6F 6C 28
        69 2C 20 37 29
   020E 00                  576 	.db 0x00
   020F                     577 ___str_5:
   020F 73 74 64 63 5F 72   578 	.ascii "stdc_rotate_left(i, 8) == rol(i, 8)"
        6F 74 61 74 65 5F
        6C 65 66 74 28 69
        2C 20 38 29 20 3D
        3D 20 72 6F 6C 28
        69 2C 20 38 29
   0232 00                  579 	.db 0x00
   0233                     580 ___str_6:
   0233 73 74 64 63 5F 72   581 	.ascii "stdc_rotate_left(i, 9) == rol(i, 9)"
        6F 74 61 74 65 5F
        6C 65 66 74 28 69
        2C 20 39 29 20 3D
        3D 20 72 6F 6C 28
        69 2C 20 39 29
   0256 00                  582 	.db 0x00
   0257                     583 ___str_7:
   0257 73 74 64 63 5F 72   584 	.ascii "stdc_rotate_left(i, 12) == rol(i, 12)"
        6F 74 61 74 65 5F
        6C 65 66 74 28 69
        2C 20 31 32 29 20
        3D 3D 20 72 6F 6C
        28 69 2C 20 31 32
        29
   027C 00                  585 	.db 0x00
   027D                     586 ___str_8:
   027D 73 74 64 63 5F 72   587 	.ascii "stdc_rotate_left(i, 15) == rol(i, 15)"
        6F 74 61 74 65 5F
        6C 65 66 74 28 69
        2C 20 31 35 29 20
        3D 3D 20 72 6F 6C
        28 69 2C 20 31 35
        29
   02A2 00                  588 	.db 0x00
   02A3                     589 ___str_9:
   02A3 73 74 64 63 5F 72   590 	.ascii "stdc_rotate_left_uc(0xa5, 4) == 0x5a"
        6F 74 61 74 65 5F
        6C 65 66 74 5F 75
        63 28 30 78 61 35
        2C 20 34 29 20 3D
        3D 20 30 78 35 61
   02C7 00                  591 	.db 0x00
   02C8                     592 ___str_10:
   02C8 73 74 64 63 5F 72   593 	.ascii "stdc_rotate_left_us(0xa5b6, 4) == 0x5b6a"
        6F 74 61 74 65 5F
        6C 65 66 74 5F 75
        73 28 30 78 61 35
        62 36 2C 20 34 29
        20 3D 3D 20 30 78
        35 62 36 61
   02F0 00                  594 	.db 0x00
                            595 ;cases/rotate_left/rotate_left_type_unsigned_char.c:44: __runSuite(void)
                            596 ;	genLabel
                            597 ;	genFunction
                            598 ;	---------------------------------
                            599 ; Function __runSuite
                            600 ; ---------------------------------
                            601 ;	Register assignment is optimal.
                            602 ; Stack space usage: 0 bytes.
   02F1                     603 ___runSuite::
                            604 ;cases/rotate_left/rotate_left_type_unsigned_char.c:46: __prints("Running testRotateLeft\n");
                            605 ;	skipping iCode since result will be rematerialized
                            606 ;	skipping iCode since result will be rematerialized
                            607 ;	genSend
                            608 ;	genMove_o size 2 result type 2 source type 7 a_dead 1 hl_dead 1 de_dead 1 iy_dead 1 f_dead 1
   02F1 21rFAs02      [10]  609 	ld	hl, #___str_11
                            610 ;	genCall
   02F4 CDr00s00      [17]  611 	call	___prints
                            612 ;cases/rotate_left/rotate_left_type_unsigned_char.c:47: testRotateLeft();
                            613 ;	genCall
                            614 ;	genLabel
                            615 ; common peephole 159 removed unused label 00101$.
                            616 ;cases/rotate_left/rotate_left_type_unsigned_char.c:48: }
                            617 ;	genEndFunction
   02F7 C3r19s00      [10]  618 	jp	_testRotateLeft
                            619 ; common peephole 152 removed unused ret.
                            620 ;	Total __runSuite function size at codegen: 1 bytes.
   02FA                     621 ___str_11:
   02FA 52 75 6E 6E 69 6E   622 	.ascii "Running testRotateLeft"
        67 20 74 65 73 74
        52 6F 74 61 74 65
        4C 65 66 74
   0310 0A                  623 	.db 0x0a
   0311 00                  624 	.db 0x00
                            625 ;cases/rotate_left/rotate_left_type_unsigned_char.c:53: __getSuiteName(void)
                            626 ;	genLabel
                            627 ;	genFunction
                            628 ;	---------------------------------
                            629 ; Function __getSuiteName
                            630 ; ---------------------------------
                            631 ;	Register assignment is optimal.
                            632 ; Stack space usage: 0 bytes.
   0312                     633 ___getSuiteName::
                            634 ;cases/rotate_left/rotate_left_type_unsigned_char.c:55: return "rotate_left_type_unsigned_char";
                            635 ;	skipping iCode since result will be rematerialized
                            636 ;	skipping iCode since result will be rematerialized
                            637 ;	genRet
                            638 ;	genMove_o size 2 result type 2 source type 7 a_dead 1 hl_dead 1 de_dead 1 iy_dead 1 f_dead 1
   0312 11r18s03      [10]  639 	ld	de, #___str_12
                            640 ;	genLabel
                            641 ; common peephole 159 removed unused label 00101$.
                            642 ;cases/rotate_left/rotate_left_type_unsigned_char.c:56: }
                            643 ;	genEndFunction
   0315 C9            [10]  644 	ret
                            645 ;	Total __getSuiteName function size at codegen: 1 bytes.
   0316                     646 ___numCases:
   0316 01 00               647 	.dw #0x0001
   0318                     648 ___str_12:
   0318 72 6F 74 61 74 65   649 	.ascii "rotate_left_type_unsigned_char"
        5F 6C 65 66 74 5F
        74 79 70 65 5F 75
        6E 73 69 67 6E 65
        64 5F 63 68 61 72
   0336 00                  650 	.db 0x00
                            651 	.area _CODE (BANK=_CSEG)
                            652 	.area _INITIALIZER
                            653 	.area _CABS (ABS)
