                              1 ;--------------------------------------------------------
                              2 ; File Created by SDCC : free open source ISO C Compiler
                              3 ; Version 4.6.2 #16710 (Linux)
                              4 ;--------------------------------------------------------
                              5 	.module bug_2580_type_char
                              6 	
                              7 ;--------------------------------------------------------
                              8 ; Public variables in this module
                              9 ;--------------------------------------------------------
                             10 	.globl _testBug
                             11 	.globl _game_menu_back
                             12 	.globl ___prints
                             13 	.globl ___fail
                             14 	.globl _s_lin1
                             15 	.globl _game_menu_sel
                             16 	.globl ___numCases
                             17 	.globl ___runSuite
                             18 	.globl ___getSuiteName
                             19 ;--------------------------------------------------------
                             20 ; special function registers
                             21 ;--------------------------------------------------------
                             22 ;--------------------------------------------------------
                             23 ; ram data
                             24 ;--------------------------------------------------------
                             25 	.area _DATA (BANK=_DSEG)
   0000                      26 _game_menu_sel::
   0000                      27 	.ds 1
   0001                      28 _s_lin1::
   0001                      29 	.ds 1
                             30 ;--------------------------------------------------------
                             31 ; ram data
                             32 ;--------------------------------------------------------
                             33 	.area _INITIALIZED
                             34 ;--------------------------------------------------------
                             35 ; absolute ram data
                             36 ;--------------------------------------------------------
                             37 	.area _DABS (ABS)
                             38 	.area _DABS (ABS)
                             39 ;--------------------------------------------------------
                             40 ; global & static initialisations
                             41 ;--------------------------------------------------------
                             42 	.area _HOME
                             43 	.area _GSINIT
                             44 	.area _GSFINAL
                             45 	.area _GSINIT
                             46 ;--------------------------------------------------------
                             47 ; Home
                             48 ;--------------------------------------------------------
                             49 	.area _HOME (BANK=_CSEG)
                             50 	.area _HOME (BANK=_CSEG)
                             51 ;--------------------------------------------------------
                             52 ; code
                             53 ;--------------------------------------------------------
                             54 	.area _CODE (BANK=_CSEG)
                             55 ;cases/bug-2580/bug-2580_type_char.c:13: void game_menu_back(unsigned char f_start) __z88dk_fastcall
                             56 ;	genLabel
                             57 ;	genFunction
                             58 ;	---------------------------------
                             59 ; Function game_menu_back
                             60 ; ---------------------------------
                             61 ;	Register assignment is optimal.
                             62 ; Stack space usage: 0 bytes.
   0000                      63 _game_menu_back::
                             64 ;	genReceive
                             65 ;	genMove_o size 1 result type 11 source type 2 a_dead 1 hl_dead 1 de_dead 1 iy_dead 1 f_dead 1
   0000 7D            [ 4]   66 	ld	a, l
   0001 32r01s00      [13]   67 	ld	(_s_lin1), a
                             68 ;cases/bug-2580/bug-2580_type_char.c:15: game_menu_sel = 0;
                             69 ;	genAssign
                             70 ;	genMove_o size 1 result type 11 source type 1 a_dead 1 hl_dead 1 de_dead 1 iy_dead 1 f_dead 1
   0004 AF            [ 4]   71 	xor	a, a
   0005 32r00s00      [13]   72 	ld	(#_game_menu_sel), a
                             73 ; common peephole 19 loaded (#_game_menu_sel) from a directly instead of using hl.
                             74 ;cases/bug-2580/bug-2580_type_char.c:16: s_lin1 = f_start;
                             75 ;	genLabel
                             76 ; common peephole 159 removed unused label 00101$.
                             77 ;cases/bug-2580/bug-2580_type_char.c:17: }
                             78 ;	genEndFunction
   0008 C9            [10]   79 	ret
                             80 ;	Total game_menu_back function size at codegen: 1 bytes.
                             81 ;cases/bug-2580/bug-2580_type_char.c:19: void testBug(void)
                             82 ;	genLabel
                             83 ;	genFunction
                             84 ;	---------------------------------
                             85 ; Function testBug
                             86 ; ---------------------------------
                             87 ;	Register assignment might be sub-optimal.
                             88 ; Stack space usage: 0 bytes.
   0009                      89 _testBug::
                             90 ;cases/bug-2580/bug-2580_type_char.c:21: game_menu_back(0x55aaa5a5ul);
                             91 ;	genSend
                             92 ;	genMove_o size 1 result type 2 source type 1 a_dead 1 hl_dead 1 de_dead 1 iy_dead 1 f_dead 1
   0009 2E A5         [ 7]   93 	ld	l, #0xa5
                             94 ;	genCall
   000B CDr00s00      [17]   95 	call	_game_menu_back
                             96 ;cases/bug-2580/bug-2580_type_char.c:22: ASSERT(game_menu_sel == 0);
                             97 ;	genPlus
                             98 ;	genMove_o size 2 result type 2 source type 10 a_dead 1 hl_dead 1 de_dead 1 iy_dead 1 f_dead 1
   000E 2Ar00s00      [16]   99 	ld	hl, (___numTests)
   0011 23            [ 6]  100 	inc	hl
                            101 ;	genMove_o size 2 result type 10 source type 2 a_dead 1 hl_dead 1 de_dead 1 iy_dead 1 f_dead 1
   0012 22r00s00      [16]  102 	ld	(___numTests), hl
                            103 ;	genIfx
   0015 3Ar00s00      [13]  104 	ld	a, (_game_menu_sel+0)
   0018 B7            [ 4]  105 	or	a, a
                            106 ; common peephole 163 changed absolute to relative conditional jump.
   0019 28 11         [12]  107 	jr	z, 00104$
                            108 ;	skipping iCode since result will be rematerialized
                            109 ;	skipping iCode since result will be rematerialized
                            110 ;	skipping iCode since result will be rematerialized
                            111 ;	skipping iCode since result will be rematerialized
                            112 ;	skipping iCode since result will be rematerialized
                            113 ;	skipping iCode since result will be rematerialized
                            114 ;	genIpush
                            115 ;	genMove_o size 2 result type 2 source type 1 a_dead 1 hl_dead 1 de_dead 1 iy_dead 1 f_dead 1
   001B 21 16 00      [10]  116 	ld	hl, #0x0016
   001E E5            [11]  117 	push	hl
                            118 ;	genIpush
                            119 ;	genMove_o size 2 result type 2 source type 7 a_dead 1 hl_dead 1 de_dead 1 iy_dead 1 f_dead 1
   001F 21r6Fs00      [10]  120 	ld	hl, #___str_2
   0022 E5            [11]  121 	push	hl
                            122 ;	genSend
                            123 ;	genMove_o size 2 result type 2 source type 7 a_dead 1 hl_dead 1 de_dead 1 iy_dead 1 f_dead 1
   0023 11r5Cs00      [10]  124 	ld	de, #___str_1
                            125 ;	genSend
                            126 ;	genMove_o size 2 result type 2 source type 7 a_dead 1 hl_dead 1 de_dead 0 iy_dead 1 f_dead 1
   0026 21r4Bs00      [10]  127 	ld	hl, #___str_0
                            128 ;	genCall
   0029 CDr00s00      [17]  129 	call	___fail
                            130 ;	genLabel
   002C                     131 00104$:
                            132 ;cases/bug-2580/bug-2580_type_char.c:23: ASSERT(s_lin1 == (unsigned char)0x55aaa5a5ul);
                            133 ;	genPlus
                            134 ;	genMove_o size 2 result type 2 source type 10 a_dead 1 hl_dead 1 de_dead 1 iy_dead 1 f_dead 1
   002C 2Ar00s00      [16]  135 	ld	hl, (___numTests)
   002F 23            [ 6]  136 	inc	hl
                            137 ;	genMove_o size 2 result type 10 source type 2 a_dead 1 hl_dead 1 de_dead 1 iy_dead 1 f_dead 1
   0030 22r00s00      [16]  138 	ld	(___numTests), hl
                            139 ;	genCmpEq
                            140 ;	genMove_o size 1 result type 2 source type 10 a_dead 1 hl_dead 1 de_dead 0 iy_dead 0 f_dead 1
   0033 3Ar01s00      [13]  141 	ld	a, (_s_lin1)
   0036 D6 A5         [ 7]  142 	sub	a, #0xa5
   0038 C8            [11]  143 	ret	z
                            144 ; common peephole 161 replaced jump by return.
                            145 ; common peephole 81 removed jp by using inverse jump logic
                            146 ; common peephole 159 removed unused label 00123$.
                            147 ;	skipping generated iCode
                            148 ;	skipping iCode since result will be rematerialized
                            149 ;	skipping iCode since result will be rematerialized
                            150 ;	skipping iCode since result will be rematerialized
                            151 ;	skipping iCode since result will be rematerialized
                            152 ;	skipping iCode since result will be rematerialized
                            153 ;	skipping iCode since result will be rematerialized
                            154 ;	genIpush
                            155 ;	genMove_o size 2 result type 2 source type 1 a_dead 1 hl_dead 1 de_dead 1 iy_dead 1 f_dead 1
   0039 21 17 00      [10]  156 	ld	hl, #0x0017
   003C E5            [11]  157 	push	hl
                            158 ;	genIpush
                            159 ;	genMove_o size 2 result type 2 source type 7 a_dead 1 hl_dead 1 de_dead 1 iy_dead 1 f_dead 1
   003D 21r6Fs00      [10]  160 	ld	hl, #___str_2
   0040 E5            [11]  161 	push	hl
                            162 ;	genSend
                            163 ;	genMove_o size 2 result type 2 source type 7 a_dead 1 hl_dead 1 de_dead 1 iy_dead 1 f_dead 1
   0041 11r93s00      [10]  164 	ld	de, #___str_3
                            165 ;	genSend
                            166 ;	genMove_o size 2 result type 2 source type 7 a_dead 1 hl_dead 1 de_dead 0 iy_dead 1 f_dead 1
   0044 21r4Bs00      [10]  167 	ld	hl, #___str_0
                            168 ;	genCall
   0047 CDr00s00      [17]  169 	call	___fail
                            170 ;	genLabel
                            171 ; common peephole 159 removed unused label 00101$.
                            172 ;cases/bug-2580/bug-2580_type_char.c:24: }
                            173 ;	genEndFunction
   004A C9            [10]  174 	ret
                            175 ;	Total testBug function size at codegen: 1 bytes.
   004B                     176 ___str_0:
   004B 41 73 73 65 72 74   177 	.ascii "Assertion failed"
        69 6F 6E 20 66 61
        69 6C 65 64
   005B 00                  178 	.db 0x00
   005C                     179 ___str_1:
   005C 67 61 6D 65 5F 6D   180 	.ascii "game_menu_sel == 0"
        65 6E 75 5F 73 65
        6C 20 3D 3D 20 30
   006E 00                  181 	.db 0x00
   006F                     182 ___str_2:
   006F 63 61 73 65 73 2F   183 	.ascii "cases/bug-2580/bug-2580_type_char.c"
        62 75 67 2D 32 35
        38 30 2F 62 75 67
        2D 32 35 38 30 5F
        74 79 70 65 5F 63
        68 61 72 2E 63
   0092 00                  184 	.db 0x00
   0093                     185 ___str_3:
   0093 73 5F 6C 69 6E 31   186 	.ascii "s_lin1 == (unsigned char)0x55aaa5a5ul"
        20 3D 3D 20 28 75
        6E 73 69 67 6E 65
        64 20 63 68 61 72
        29 30 78 35 35 61
        61 61 35 61 35 75
        6C
   00B8 00                  187 	.db 0x00
                            188 ;cases/bug-2580/bug-2580_type_char.c:28: __runSuite(void)
                            189 ;	genLabel
                            190 ;	genFunction
                            191 ;	---------------------------------
                            192 ; Function __runSuite
                            193 ; ---------------------------------
                            194 ;	Register assignment is optimal.
                            195 ; Stack space usage: 0 bytes.
   00B9                     196 ___runSuite::
                            197 ;cases/bug-2580/bug-2580_type_char.c:30: __prints("Running testBug\n");
                            198 ;	skipping iCode since result will be rematerialized
                            199 ;	skipping iCode since result will be rematerialized
                            200 ;	genSend
                            201 ;	genMove_o size 2 result type 2 source type 7 a_dead 1 hl_dead 1 de_dead 1 iy_dead 1 f_dead 1
   00B9 21rC2s00      [10]  202 	ld	hl, #___str_4
                            203 ;	genCall
   00BC CDr00s00      [17]  204 	call	___prints
                            205 ;cases/bug-2580/bug-2580_type_char.c:31: testBug();
                            206 ;	genCall
                            207 ;	genLabel
                            208 ; common peephole 159 removed unused label 00101$.
                            209 ;cases/bug-2580/bug-2580_type_char.c:32: }
                            210 ;	genEndFunction
   00BF C3r09s00      [10]  211 	jp	_testBug
                            212 ; common peephole 152 removed unused ret.
                            213 ;	Total __runSuite function size at codegen: 1 bytes.
   00C2                     214 ___str_4:
   00C2 52 75 6E 6E 69 6E   215 	.ascii "Running testBug"
        67 20 74 65 73 74
        42 75 67
   00D1 0A                  216 	.db 0x0a
   00D2 00                  217 	.db 0x00
                            218 ;cases/bug-2580/bug-2580_type_char.c:37: __getSuiteName(void)
                            219 ;	genLabel
                            220 ;	genFunction
                            221 ;	---------------------------------
                            222 ; Function __getSuiteName
                            223 ; ---------------------------------
                            224 ;	Register assignment is optimal.
                            225 ; Stack space usage: 0 bytes.
   00D3                     226 ___getSuiteName::
                            227 ;cases/bug-2580/bug-2580_type_char.c:39: return "bug-2580_type_char";
                            228 ;	skipping iCode since result will be rematerialized
                            229 ;	skipping iCode since result will be rematerialized
                            230 ;	genRet
                            231 ;	genMove_o size 2 result type 2 source type 7 a_dead 1 hl_dead 1 de_dead 1 iy_dead 1 f_dead 1
   00D3 11rD9s00      [10]  232 	ld	de, #___str_5
                            233 ;	genLabel
                            234 ; common peephole 159 removed unused label 00101$.
                            235 ;cases/bug-2580/bug-2580_type_char.c:40: }
                            236 ;	genEndFunction
   00D6 C9            [10]  237 	ret
                            238 ;	Total __getSuiteName function size at codegen: 1 bytes.
   00D7                     239 ___numCases:
   00D7 01 00               240 	.dw #0x0001
   00D9                     241 ___str_5:
   00D9 62 75 67 2D 32 35   242 	.ascii "bug-2580_type_char"
        38 30 5F 74 79 70
        65 5F 63 68 61 72
   00EB 00                  243 	.db 0x00
                            244 	.area _CODE (BANK=_CSEG)
                            245 	.area _INITIALIZER
                            246 	.area _CABS (ABS)
