                              1 ;--------------------------------------------------------
                              2 ; File Created by SDCC : free open source ISO C Compiler
                              3 ; Version 4.6.2 #16710 (Linux)
                              4 ;--------------------------------------------------------
                              5 	.module pow2shifts_sign_unsigned
                              6 	
                              7 ;--------------------------------------------------------
                              8 ; Public variables in this module
                              9 ;--------------------------------------------------------
                             10 	.globl _testIntShift
                             11 	.globl ___prints
                             12 	.globl ___fail
                             13 	.globl ___numCases
                             14 	.globl ___runSuite
                             15 	.globl ___getSuiteName
                             16 ;--------------------------------------------------------
                             17 ; special function registers
                             18 ;--------------------------------------------------------
                             19 ;--------------------------------------------------------
                             20 ; ram data
                             21 ;--------------------------------------------------------
                             22 	.area _DATA (BANK=_DSEG)
                             23 ;--------------------------------------------------------
                             24 ; ram data
                             25 ;--------------------------------------------------------
                             26 	.area _INITIALIZED
                             27 ;--------------------------------------------------------
                             28 ; absolute ram data
                             29 ;--------------------------------------------------------
                             30 	.area _DABS (ABS)
                             31 	.area _DABS (ABS)
                             32 ;--------------------------------------------------------
                             33 ; global & static initialisations
                             34 ;--------------------------------------------------------
                             35 	.area _HOME
                             36 	.area _GSINIT
                             37 	.area _GSFINAL
                             38 	.area _GSINIT
                             39 ;--------------------------------------------------------
                             40 ; Home
                             41 ;--------------------------------------------------------
                             42 	.area _HOME (BANK=_CSEG)
                             43 	.area _HOME (BANK=_CSEG)
                             44 ;--------------------------------------------------------
                             45 ; code
                             46 ;--------------------------------------------------------
                             47 	.area _CODE (BANK=_CSEG)
                             48 ;cases/pow2shifts/pow2shifts_sign_unsigned.c:7: testIntShift(void)
                             49 ;	genLabel
                             50 ;	genFunction
                             51 ;	---------------------------------
                             52 ; Function testIntShift
                             53 ; ---------------------------------
                             54 ;	Register assignment might be sub-optimal.
                             55 ; Stack space usage: 2 bytes.
   0000                      56 _testIntShift::
   0000 DD E5         [15]   57 	push	ix
   0002 DD 21 00 00   [14]   58 	ld	ix,	#0
   0006 DD 39         [15]   59 	add	ix, sp
                             60 ;	adjustStack by -2
   0008 F5            [11]   61 	push	af
                             62 ;cases/pow2shifts/pow2shifts_sign_unsigned.c:11: left = 4;
                             63 ;	genAssign
                             64 ;fetchPairLong
   0009 21 04 00      [10]   65 	ld	hl, #0x0004
                             66 ;	genMove_o size 2 result type 6 source type 2 a_dead 1 hl_dead 1 de_dead 1 iy_dead 1 f_dead 1
   000C E3            [19]   67 	ex	(sp), hl
                             68 ;	genMove_o size 0 result type 6 source type 1 a_dead 1 hl_dead 1 de_dead 1 iy_dead 1 f_dead 1
                             69 ;cases/pow2shifts/pow2shifts_sign_unsigned.c:12: ASSERT(left * 1024 == 4096);
                             70 ;	genPlus
                             71 ;	genMove_o size 2 result type 2 source type 10 a_dead 1 hl_dead 1 de_dead 1 iy_dead 1 f_dead 1
   000D 2Ar00s00      [16]   72 	ld	hl, (___numTests)
   0010 23            [ 6]   73 	inc	hl
                             74 ;	genMove_o size 2 result type 10 source type 2 a_dead 1 hl_dead 1 de_dead 1 iy_dead 1 f_dead 1
   0011 22r00s00      [16]   75 	ld	(___numTests), hl
                             76 ;	genLeftShift
   0014 DD 7E FE      [19]   77 	ld	a, -2 (ix)
   0017 87            [ 4]   78 	add	a, a
   0018 87            [ 4]   79 	add	a, a
   0019 0E 00         [ 7]   80 	ld	c, #0x00
                             81 ;	genCmpEq
   001B FE 10         [ 7]   82 	cp	a, #0x10
                             83 ; common peephole 163 changed absolute to relative conditional jump.
   001D 20 04         [12]   84 	jr	nz, 00183$
   001F 79            [ 4]   85 	ld	a, c
   0020 B7            [ 4]   86 	or	a, a
                             87 ; common peephole 163 changed absolute to relative conditional jump.
   0021 28 11         [12]   88 	jr	z, 00104$
                             89 ; common peephole 81 removed jp by using inverse jump logic
   0023                      90 00183$:
                             91 ;	skipping generated iCode
                             92 ;	skipping iCode since result will be rematerialized
                             93 ;	skipping iCode since result will be rematerialized
                             94 ;	skipping iCode since result will be rematerialized
                             95 ;	skipping iCode since result will be rematerialized
                             96 ;	skipping iCode since result will be rematerialized
                             97 ;	skipping iCode since result will be rematerialized
                             98 ;	genIpush
                             99 ;	genMove_o size 2 result type 2 source type 1 a_dead 1 hl_dead 1 de_dead 1 iy_dead 1 f_dead 1
   0023 21 0C 00      [10]  100 	ld	hl, #0x000c
   0026 E5            [11]  101 	push	hl
                            102 ;	genIpush
                            103 ;	genMove_o size 2 result type 2 source type 7 a_dead 1 hl_dead 1 de_dead 1 iy_dead 1 f_dead 1
   0027 21r75s01      [10]  104 	ld	hl, #___str_2
   002A E5            [11]  105 	push	hl
                            106 ;	genSend
                            107 ;	genMove_o size 2 result type 2 source type 7 a_dead 1 hl_dead 1 de_dead 1 iy_dead 1 f_dead 1
   002B 11r61s01      [10]  108 	ld	de, #___str_1
                            109 ;	genSend
                            110 ;	genMove_o size 2 result type 2 source type 7 a_dead 1 hl_dead 1 de_dead 0 iy_dead 1 f_dead 1
   002E 21r50s01      [10]  111 	ld	hl, #___str_0
                            112 ;	genCall
   0031 CDr00s00      [17]  113 	call	___fail
                            114 ;	genLabel
   0034                     115 00104$:
                            116 ;cases/pow2shifts/pow2shifts_sign_unsigned.c:13: ASSERT(left * 2048 == 8192);
                            117 ;	genPlus
                            118 ;	genMove_o size 2 result type 2 source type 10 a_dead 1 hl_dead 1 de_dead 1 iy_dead 1 f_dead 1
   0034 2Ar00s00      [16]  119 	ld	hl, (___numTests)
   0037 23            [ 6]  120 	inc	hl
                            121 ;	genMove_o size 2 result type 10 source type 2 a_dead 1 hl_dead 1 de_dead 1 iy_dead 1 f_dead 1
   0038 22r00s00      [16]  122 	ld	(___numTests), hl
                            123 ;	genLeftShift
   003B DD 7E FE      [19]  124 	ld	a, -2 (ix)
   003E 87            [ 4]  125 	add	a, a
   003F 87            [ 4]  126 	add	a, a
   0040 87            [ 4]  127 	add	a, a
   0041 0E 00         [ 7]  128 	ld	c, #0x00
                            129 ;	genCmpEq
   0043 FE 20         [ 7]  130 	cp	a, #0x20
                            131 ; common peephole 163 changed absolute to relative conditional jump.
   0045 20 04         [12]  132 	jr	nz, 00184$
   0047 79            [ 4]  133 	ld	a, c
   0048 B7            [ 4]  134 	or	a, a
                            135 ; common peephole 163 changed absolute to relative conditional jump.
   0049 28 11         [12]  136 	jr	z, 00106$
                            137 ; common peephole 81 removed jp by using inverse jump logic
   004B                     138 00184$:
                            139 ;	skipping generated iCode
                            140 ;	skipping iCode since result will be rematerialized
                            141 ;	skipping iCode since result will be rematerialized
                            142 ;	skipping iCode since result will be rematerialized
                            143 ;	skipping iCode since result will be rematerialized
                            144 ;	skipping iCode since result will be rematerialized
                            145 ;	skipping iCode since result will be rematerialized
                            146 ;	genIpush
                            147 ;	genMove_o size 2 result type 2 source type 1 a_dead 1 hl_dead 1 de_dead 1 iy_dead 1 f_dead 1
   004B 21 0D 00      [10]  148 	ld	hl, #0x000d
   004E E5            [11]  149 	push	hl
                            150 ;	genIpush
                            151 ;	genMove_o size 2 result type 2 source type 7 a_dead 1 hl_dead 1 de_dead 1 iy_dead 1 f_dead 1
   004F 21r75s01      [10]  152 	ld	hl, #___str_2
   0052 E5            [11]  153 	push	hl
                            154 ;	genSend
                            155 ;	genMove_o size 2 result type 2 source type 7 a_dead 1 hl_dead 1 de_dead 1 iy_dead 1 f_dead 1
   0053 11rA1s01      [10]  156 	ld	de, #___str_3
                            157 ;	genSend
                            158 ;	genMove_o size 2 result type 2 source type 7 a_dead 1 hl_dead 1 de_dead 0 iy_dead 1 f_dead 1
   0056 21r50s01      [10]  159 	ld	hl, #___str_0
                            160 ;	genCall
   0059 CDr00s00      [17]  161 	call	___fail
                            162 ;	genLabel
   005C                     163 00106$:
                            164 ;cases/pow2shifts/pow2shifts_sign_unsigned.c:14: ASSERT(left * 256 == 1024);
                            165 ;	genPlus
                            166 ;	genMove_o size 2 result type 2 source type 10 a_dead 1 hl_dead 1 de_dead 1 iy_dead 1 f_dead 1
   005C 2Ar00s00      [16]  167 	ld	hl, (___numTests)
   005F 23            [ 6]  168 	inc	hl
                            169 ;	genMove_o size 2 result type 10 source type 2 a_dead 1 hl_dead 1 de_dead 1 iy_dead 1 f_dead 1
   0060 22r00s00      [16]  170 	ld	(___numTests), hl
                            171 ;	genLeftShift
   0063 DD 4E FE      [19]  172 	ld	c, -2 (ix)
                            173 ; common peephole 123 optimize ld a, 0x00
                            174 ;	genCmpEq
   0066 AF            [ 4]  175 	xor	a,a
                            176 ; common peephole 101 removed redundant or after xor.
                            177 ; common peephole 163 changed absolute to relative conditional jump.
   0067 20 05         [12]  178 	jr	nz, 00185$
                            179 ;	genMove_o size 1 result type 2 source type 2 a_dead 1 hl_dead 1 de_dead 0 iy_dead 0 f_dead 1
   0069 79            [ 4]  180 	ld	a, c
                            181 ;	genMove_o size 0 result type 2 source type 1 a_dead 1 hl_dead 1 de_dead 0 iy_dead 0 f_dead 1
   006A D6 04         [ 7]  182 	sub	a, #0x04
                            183 ; common peephole 163 changed absolute to relative conditional jump.
   006C 28 11         [12]  184 	jr	z, 00108$
                            185 ; common peephole 81 removed jp by using inverse jump logic
   006E                     186 00185$:
                            187 ;	skipping generated iCode
                            188 ;	skipping iCode since result will be rematerialized
                            189 ;	skipping iCode since result will be rematerialized
                            190 ;	skipping iCode since result will be rematerialized
                            191 ;	skipping iCode since result will be rematerialized
                            192 ;	skipping iCode since result will be rematerialized
                            193 ;	skipping iCode since result will be rematerialized
                            194 ;	genIpush
                            195 ;	genMove_o size 2 result type 2 source type 1 a_dead 1 hl_dead 1 de_dead 1 iy_dead 1 f_dead 1
   006E 21 0E 00      [10]  196 	ld	hl, #0x000e
   0071 E5            [11]  197 	push	hl
                            198 ;	genIpush
                            199 ;	genMove_o size 2 result type 2 source type 7 a_dead 1 hl_dead 1 de_dead 1 iy_dead 1 f_dead 1
   0072 21r75s01      [10]  200 	ld	hl, #___str_2
   0075 E5            [11]  201 	push	hl
                            202 ;	genSend
                            203 ;	genMove_o size 2 result type 2 source type 7 a_dead 1 hl_dead 1 de_dead 1 iy_dead 1 f_dead 1
   0076 11rB5s01      [10]  204 	ld	de, #___str_4
                            205 ;	genSend
                            206 ;	genMove_o size 2 result type 2 source type 7 a_dead 1 hl_dead 1 de_dead 0 iy_dead 1 f_dead 1
   0079 21r50s01      [10]  207 	ld	hl, #___str_0
                            208 ;	genCall
   007C CDr00s00      [17]  209 	call	___fail
                            210 ;	genLabel
   007F                     211 00108$:
                            212 ;cases/pow2shifts/pow2shifts_sign_unsigned.c:15: ASSERT(left * 64 == 256);
                            213 ;	genPlus
                            214 ;	genMove_o size 2 result type 2 source type 10 a_dead 1 hl_dead 1 de_dead 1 iy_dead 1 f_dead 1
   007F 2Ar00s00      [16]  215 	ld	hl, (___numTests)
   0082 23            [ 6]  216 	inc	hl
                            217 ;	genMove_o size 2 result type 10 source type 2 a_dead 1 hl_dead 1 de_dead 1 iy_dead 1 f_dead 1
   0083 22r00s00      [16]  218 	ld	(___numTests), hl
                            219 ;	genLeftShift
                            220 ;	genMove_o size 2 result type 2 source type 6 a_dead 1 hl_dead 1 de_dead 1 iy_dead 1 f_dead 1
   0086 E1            [10]  221 	pop	hl
   0087 E5            [11]  222 	push	hl
                            223 ;	genMove_o size 0 result type 2 source type 1 a_dead 1 hl_dead 1 de_dead 1 iy_dead 1 f_dead 1
   0088 29            [11]  224 	add	hl, hl
   0089 29            [11]  225 	add	hl, hl
   008A 29            [11]  226 	add	hl, hl
   008B 29            [11]  227 	add	hl, hl
   008C 29            [11]  228 	add	hl, hl
   008D 29            [11]  229 	add	hl, hl
                            230 ;	genCmpEq
   008E 7D            [ 4]  231 	ld	a, l
   008F B7            [ 4]  232 	or	a, a
                            233 ; common peephole 163 changed absolute to relative conditional jump.
   0090 20 03         [12]  234 	jr	nz, 00186$
   0092 25            [ 4]  235 	dec	h
                            236 ; common peephole 163 changed absolute to relative conditional jump.
   0093 28 11         [12]  237 	jr	z, 00110$
                            238 ; common peephole 81 removed jp by using inverse jump logic
   0095                     239 00186$:
                            240 ;	skipping generated iCode
                            241 ;	skipping iCode since result will be rematerialized
                            242 ;	skipping iCode since result will be rematerialized
                            243 ;	skipping iCode since result will be rematerialized
                            244 ;	skipping iCode since result will be rematerialized
                            245 ;	skipping iCode since result will be rematerialized
                            246 ;	skipping iCode since result will be rematerialized
                            247 ;	genIpush
                            248 ;	genMove_o size 2 result type 2 source type 1 a_dead 1 hl_dead 1 de_dead 1 iy_dead 1 f_dead 1
   0095 21 0F 00      [10]  249 	ld	hl, #0x000f
   0098 E5            [11]  250 	push	hl
                            251 ;	genIpush
                            252 ;	genMove_o size 2 result type 2 source type 7 a_dead 1 hl_dead 1 de_dead 1 iy_dead 1 f_dead 1
   0099 21r75s01      [10]  253 	ld	hl, #___str_2
   009C E5            [11]  254 	push	hl
                            255 ;	genSend
                            256 ;	genMove_o size 2 result type 2 source type 7 a_dead 1 hl_dead 1 de_dead 1 iy_dead 1 f_dead 1
   009D 11rC8s01      [10]  257 	ld	de, #___str_5
                            258 ;	genSend
                            259 ;	genMove_o size 2 result type 2 source type 7 a_dead 1 hl_dead 1 de_dead 0 iy_dead 1 f_dead 1
   00A0 21r50s01      [10]  260 	ld	hl, #___str_0
                            261 ;	genCall
   00A3 CDr00s00      [17]  262 	call	___fail
                            263 ;	genLabel
   00A6                     264 00110$:
                            265 ;cases/pow2shifts/pow2shifts_sign_unsigned.c:17: left = 4096;
                            266 ;	genAssign
                            267 ;fetchPairLong
   00A6 21 00 10      [10]  268 	ld	hl, #0x1000
                            269 ;	genMove_o size 2 result type 6 source type 2 a_dead 1 hl_dead 1 de_dead 1 iy_dead 1 f_dead 1
   00A9 E3            [19]  270 	ex	(sp), hl
                            271 ;	genMove_o size 0 result type 6 source type 1 a_dead 1 hl_dead 1 de_dead 1 iy_dead 1 f_dead 1
                            272 ;cases/pow2shifts/pow2shifts_sign_unsigned.c:18: ASSERT(left / 1024 == 4);
                            273 ;	genPlus
                            274 ;	genMove_o size 2 result type 2 source type 10 a_dead 1 hl_dead 1 de_dead 1 iy_dead 1 f_dead 1
   00AA 2Ar00s00      [16]  275 	ld	hl, (___numTests)
   00AD 23            [ 6]  276 	inc	hl
                            277 ;	genMove_o size 2 result type 10 source type 2 a_dead 1 hl_dead 1 de_dead 1 iy_dead 1 f_dead 1
   00AE 22r00s00      [16]  278 	ld	(___numTests), hl
                            279 ;	genRightShift
   00B1 DD 7E FF      [19]  280 	ld	a, -1 (ix)
   00B4 0F            [ 4]  281 	rrca
   00B5 0F            [ 4]  282 	rrca
   00B6 E6 3F         [ 7]  283 	and	a, #0x3f
   00B8 4F            [ 4]  284 	ld	c, a
   00B9 06 00         [ 7]  285 	ld	b, #0x00
                            286 ;	genCmpEq
                            287 ;	genMove_o size 1 result type 2 source type 2 a_dead 1 hl_dead 1 de_dead 0 iy_dead 0 f_dead 1
   00BB 79            [ 4]  288 	ld	a, c
                            289 ;	genMove_o size 0 result type 2 source type 1 a_dead 1 hl_dead 1 de_dead 0 iy_dead 0 f_dead 1
   00BC D6 04         [ 7]  290 	sub	a, #0x04
   00BE B0            [ 4]  291 	or	a, b
                            292 ; common peephole 163 changed absolute to relative conditional jump.
   00BF 28 11         [12]  293 	jr	z, 00112$
                            294 ; common peephole 81 removed jp by using inverse jump logic
                            295 ; common peephole 159 removed unused label 00187$.
                            296 ;	skipping generated iCode
                            297 ;	skipping iCode since result will be rematerialized
                            298 ;	skipping iCode since result will be rematerialized
                            299 ;	skipping iCode since result will be rematerialized
                            300 ;	skipping iCode since result will be rematerialized
                            301 ;	skipping iCode since result will be rematerialized
                            302 ;	skipping iCode since result will be rematerialized
                            303 ;	genIpush
                            304 ;	genMove_o size 2 result type 2 source type 1 a_dead 1 hl_dead 1 de_dead 1 iy_dead 1 f_dead 1
   00C1 21 12 00      [10]  305 	ld	hl, #0x0012
   00C4 E5            [11]  306 	push	hl
                            307 ;	genIpush
                            308 ;	genMove_o size 2 result type 2 source type 7 a_dead 1 hl_dead 1 de_dead 1 iy_dead 1 f_dead 1
   00C5 21r75s01      [10]  309 	ld	hl, #___str_2
   00C8 E5            [11]  310 	push	hl
                            311 ;	genSend
                            312 ;	genMove_o size 2 result type 2 source type 7 a_dead 1 hl_dead 1 de_dead 1 iy_dead 1 f_dead 1
   00C9 11rD9s01      [10]  313 	ld	de, #___str_6
                            314 ;	genSend
                            315 ;	genMove_o size 2 result type 2 source type 7 a_dead 1 hl_dead 1 de_dead 0 iy_dead 1 f_dead 1
   00CC 21r50s01      [10]  316 	ld	hl, #___str_0
                            317 ;	genCall
   00CF CDr00s00      [17]  318 	call	___fail
                            319 ;	genLabel
   00D2                     320 00112$:
                            321 ;cases/pow2shifts/pow2shifts_sign_unsigned.c:19: ASSERT(left / 2048 == 2);
                            322 ;	genPlus
                            323 ;	genMove_o size 2 result type 2 source type 10 a_dead 1 hl_dead 1 de_dead 1 iy_dead 1 f_dead 1
   00D2 2Ar00s00      [16]  324 	ld	hl, (___numTests)
   00D5 23            [ 6]  325 	inc	hl
                            326 ;	genMove_o size 2 result type 10 source type 2 a_dead 1 hl_dead 1 de_dead 1 iy_dead 1 f_dead 1
   00D6 22r00s00      [16]  327 	ld	(___numTests), hl
                            328 ;	genRightShift
   00D9 DD 7E FF      [19]  329 	ld	a, -1 (ix)
   00DC 0F            [ 4]  330 	rrca
   00DD 0F            [ 4]  331 	rrca
   00DE 0F            [ 4]  332 	rrca
   00DF E6 1F         [ 7]  333 	and	a, #0x1f
   00E1 4F            [ 4]  334 	ld	c, a
   00E2 06 00         [ 7]  335 	ld	b, #0x00
                            336 ;	genCmpEq
                            337 ;	genMove_o size 1 result type 2 source type 2 a_dead 1 hl_dead 1 de_dead 0 iy_dead 0 f_dead 1
   00E4 79            [ 4]  338 	ld	a, c
                            339 ;	genMove_o size 0 result type 2 source type 1 a_dead 1 hl_dead 1 de_dead 0 iy_dead 0 f_dead 1
   00E5 D6 02         [ 7]  340 	sub	a, #0x02
   00E7 B0            [ 4]  341 	or	a, b
                            342 ; common peephole 163 changed absolute to relative conditional jump.
   00E8 28 11         [12]  343 	jr	z, 00114$
                            344 ; common peephole 81 removed jp by using inverse jump logic
                            345 ; common peephole 159 removed unused label 00188$.
                            346 ;	skipping generated iCode
                            347 ;	skipping iCode since result will be rematerialized
                            348 ;	skipping iCode since result will be rematerialized
                            349 ;	skipping iCode since result will be rematerialized
                            350 ;	skipping iCode since result will be rematerialized
                            351 ;	skipping iCode since result will be rematerialized
                            352 ;	skipping iCode since result will be rematerialized
                            353 ;	genIpush
                            354 ;	genMove_o size 2 result type 2 source type 1 a_dead 1 hl_dead 1 de_dead 1 iy_dead 1 f_dead 1
   00EA 21 13 00      [10]  355 	ld	hl, #0x0013
   00ED E5            [11]  356 	push	hl
                            357 ;	genIpush
                            358 ;	genMove_o size 2 result type 2 source type 7 a_dead 1 hl_dead 1 de_dead 1 iy_dead 1 f_dead 1
   00EE 21r75s01      [10]  359 	ld	hl, #___str_2
   00F1 E5            [11]  360 	push	hl
                            361 ;	genSend
                            362 ;	genMove_o size 2 result type 2 source type 7 a_dead 1 hl_dead 1 de_dead 1 iy_dead 1 f_dead 1
   00F2 11rEAs01      [10]  363 	ld	de, #___str_7
                            364 ;	genSend
                            365 ;	genMove_o size 2 result type 2 source type 7 a_dead 1 hl_dead 1 de_dead 0 iy_dead 1 f_dead 1
   00F5 21r50s01      [10]  366 	ld	hl, #___str_0
                            367 ;	genCall
   00F8 CDr00s00      [17]  368 	call	___fail
                            369 ;	genLabel
   00FB                     370 00114$:
                            371 ;cases/pow2shifts/pow2shifts_sign_unsigned.c:20: ASSERT(left / 256 == 16);
                            372 ;	genPlus
                            373 ;	genMove_o size 2 result type 2 source type 10 a_dead 1 hl_dead 1 de_dead 1 iy_dead 1 f_dead 1
   00FB 2Ar00s00      [16]  374 	ld	hl, (___numTests)
   00FE 23            [ 6]  375 	inc	hl
                            376 ;	genMove_o size 2 result type 10 source type 2 a_dead 1 hl_dead 1 de_dead 1 iy_dead 1 f_dead 1
   00FF 22r00s00      [16]  377 	ld	(___numTests), hl
                            378 ;	genRightShift
                            379 ;	genCmpEq
                            380 ;	genMove_o size 1 result type 2 source type 2 a_dead 1 hl_dead 1 de_dead 0 iy_dead 0 f_dead 1
   0102 DD 7E FF      [19]  381 	ld	a, -1 (ix)
                            382 ; common peephole 15 loaded -1 (ix) into a directly instead of going through c.
   0105 06 00         [ 7]  383 	ld	b, #0x00
                            384 ;	genMove_o size 0 result type 2 source type 1 a_dead 1 hl_dead 1 de_dead 0 iy_dead 0 f_dead 1
   0107 D6 10         [ 7]  385 	sub	a, #0x10
   0109 B0            [ 4]  386 	or	a, b
                            387 ; common peephole 163 changed absolute to relative conditional jump.
   010A 28 11         [12]  388 	jr	z, 00116$
                            389 ; common peephole 81 removed jp by using inverse jump logic
                            390 ; common peephole 159 removed unused label 00189$.
                            391 ;	skipping generated iCode
                            392 ;	skipping iCode since result will be rematerialized
                            393 ;	skipping iCode since result will be rematerialized
                            394 ;	skipping iCode since result will be rematerialized
                            395 ;	skipping iCode since result will be rematerialized
                            396 ;	skipping iCode since result will be rematerialized
                            397 ;	skipping iCode since result will be rematerialized
                            398 ;	genIpush
                            399 ;	genMove_o size 2 result type 2 source type 1 a_dead 1 hl_dead 1 de_dead 1 iy_dead 1 f_dead 1
   010C 21 14 00      [10]  400 	ld	hl, #0x0014
   010F E5            [11]  401 	push	hl
                            402 ;	genIpush
                            403 ;	genMove_o size 2 result type 2 source type 7 a_dead 1 hl_dead 1 de_dead 1 iy_dead 1 f_dead 1
   0110 21r75s01      [10]  404 	ld	hl, #___str_2
   0113 E5            [11]  405 	push	hl
                            406 ;	genSend
                            407 ;	genMove_o size 2 result type 2 source type 7 a_dead 1 hl_dead 1 de_dead 1 iy_dead 1 f_dead 1
   0114 11rFBs01      [10]  408 	ld	de, #___str_8
                            409 ;	genSend
                            410 ;	genMove_o size 2 result type 2 source type 7 a_dead 1 hl_dead 1 de_dead 0 iy_dead 1 f_dead 1
   0117 21r50s01      [10]  411 	ld	hl, #___str_0
                            412 ;	genCall
   011A CDr00s00      [17]  413 	call	___fail
                            414 ;	genLabel
   011D                     415 00116$:
                            416 ;cases/pow2shifts/pow2shifts_sign_unsigned.c:21: ASSERT(left / 4 == 1024);
                            417 ;	genPlus
                            418 ;	genMove_o size 2 result type 2 source type 10 a_dead 1 hl_dead 1 de_dead 1 iy_dead 1 f_dead 1
   011D 2Ar00s00      [16]  419 	ld	hl, (___numTests)
   0120 23            [ 6]  420 	inc	hl
                            421 ;	genMove_o size 2 result type 10 source type 2 a_dead 1 hl_dead 1 de_dead 1 iy_dead 1 f_dead 1
   0121 22r00s00      [16]  422 	ld	(___numTests), hl
                            423 ;	genRightShift
                            424 ;	genMove_o size 2 result type 2 source type 6 a_dead 1 hl_dead 1 de_dead 1 iy_dead 1 f_dead 1
   0124 DD 7E FE      [19]  425 	ld	a, -2 (ix)
   0127 DD 4E FF      [19]  426 	ld	c, -1 (ix)
                            427 ;	genMove_o size 0 result type 2 source type 1 a_dead 1 hl_dead 1 de_dead 1 iy_dead 1 f_dead 1
   012A CB 39         [ 8]  428 	srl	c
   012C CB 1F         [ 8]  429 	rr	a
   012E CB 39         [ 8]  430 	srl	c
   0130 CB 1F         [ 8]  431 	rr	a
                            432 ;	genCmpEq
   0132 B7            [ 4]  433 	or	a, a
                            434 ; common peephole 163 changed absolute to relative conditional jump.
   0133 20 05         [12]  435 	jr	nz, 00190$
                            436 ;	genMove_o size 1 result type 2 source type 2 a_dead 1 hl_dead 1 de_dead 0 iy_dead 0 f_dead 1
   0135 79            [ 4]  437 	ld	a, c
                            438 ;	genMove_o size 0 result type 2 source type 1 a_dead 1 hl_dead 1 de_dead 0 iy_dead 0 f_dead 1
   0136 D6 04         [ 7]  439 	sub	a, #0x04
                            440 ; common peephole 163 changed absolute to relative conditional jump.
   0138 28 11         [12]  441 	jr	z, 00101$
                            442 ; common peephole 81 removed jp by using inverse jump logic
   013A                     443 00190$:
                            444 ;	skipping generated iCode
                            445 ;	skipping iCode since result will be rematerialized
                            446 ;	skipping iCode since result will be rematerialized
                            447 ;	skipping iCode since result will be rematerialized
                            448 ;	skipping iCode since result will be rematerialized
                            449 ;	skipping iCode since result will be rematerialized
                            450 ;	skipping iCode since result will be rematerialized
                            451 ;	genIpush
                            452 ;	genMove_o size 2 result type 2 source type 1 a_dead 1 hl_dead 1 de_dead 1 iy_dead 1 f_dead 1
   013A 21 15 00      [10]  453 	ld	hl, #0x0015
   013D E5            [11]  454 	push	hl
                            455 ;	genIpush
                            456 ;	genMove_o size 2 result type 2 source type 7 a_dead 1 hl_dead 1 de_dead 1 iy_dead 1 f_dead 1
   013E 21r75s01      [10]  457 	ld	hl, #___str_2
   0141 E5            [11]  458 	push	hl
                            459 ;	genSend
                            460 ;	genMove_o size 2 result type 2 source type 7 a_dead 1 hl_dead 1 de_dead 1 iy_dead 1 f_dead 1
   0142 11r0Cs02      [10]  461 	ld	de, #___str_9
                            462 ;	genSend
                            463 ;	genMove_o size 2 result type 2 source type 7 a_dead 1 hl_dead 1 de_dead 0 iy_dead 1 f_dead 1
   0145 21r50s01      [10]  464 	ld	hl, #___str_0
                            465 ;	genCall
   0148 CDr00s00      [17]  466 	call	___fail
                            467 ;	genLabel
   014B                     468 00101$:
                            469 ;cases/pow2shifts/pow2shifts_sign_unsigned.c:22: }
                            470 ;	genEndFunction
   014B DD F9         [10]  471 	ld	sp, ix
   014D DD E1         [14]  472 	pop	ix
   014F C9            [10]  473 	ret
                            474 ;	Total testIntShift function size at codegen: 5 bytes.
   0150                     475 ___str_0:
   0150 41 73 73 65 72 74   476 	.ascii "Assertion failed"
        69 6F 6E 20 66 61
        69 6C 65 64
   0160 00                  477 	.db 0x00
   0161                     478 ___str_1:
   0161 6C 65 66 74 20 2A   479 	.ascii "left * 1024 == 4096"
        20 31 30 32 34 20
        3D 3D 20 34 30 39
        36
   0174 00                  480 	.db 0x00
   0175                     481 ___str_2:
   0175 63 61 73 65 73 2F   482 	.ascii "cases/pow2shifts/pow2shifts_sign_unsigned.c"
        70 6F 77 32 73 68
        69 66 74 73 2F 70
        6F 77 32 73 68 69
        66 74 73 5F 73 69
        67 6E 5F 75 6E 73
        69 67 6E 65 64 2E
        63
   01A0 00                  483 	.db 0x00
   01A1                     484 ___str_3:
   01A1 6C 65 66 74 20 2A   485 	.ascii "left * 2048 == 8192"
        20 32 30 34 38 20
        3D 3D 20 38 31 39
        32
   01B4 00                  486 	.db 0x00
   01B5                     487 ___str_4:
   01B5 6C 65 66 74 20 2A   488 	.ascii "left * 256 == 1024"
        20 32 35 36 20 3D
        3D 20 31 30 32 34
   01C7 00                  489 	.db 0x00
   01C8                     490 ___str_5:
   01C8 6C 65 66 74 20 2A   491 	.ascii "left * 64 == 256"
        20 36 34 20 3D 3D
        20 32 35 36
   01D8 00                  492 	.db 0x00
   01D9                     493 ___str_6:
   01D9 6C 65 66 74 20 2F   494 	.ascii "left / 1024 == 4"
        20 31 30 32 34 20
        3D 3D 20 34
   01E9 00                  495 	.db 0x00
   01EA                     496 ___str_7:
   01EA 6C 65 66 74 20 2F   497 	.ascii "left / 2048 == 2"
        20 32 30 34 38 20
        3D 3D 20 32
   01FA 00                  498 	.db 0x00
   01FB                     499 ___str_8:
   01FB 6C 65 66 74 20 2F   500 	.ascii "left / 256 == 16"
        20 32 35 36 20 3D
        3D 20 31 36
   020B 00                  501 	.db 0x00
   020C                     502 ___str_9:
   020C 6C 65 66 74 20 2F   503 	.ascii "left / 4 == 1024"
        20 34 20 3D 3D 20
        31 30 32 34
   021C 00                  504 	.db 0x00
                            505 ;cases/pow2shifts/pow2shifts_sign_unsigned.c:25: __runSuite(void)
                            506 ;	genLabel
                            507 ;	genFunction
                            508 ;	---------------------------------
                            509 ; Function __runSuite
                            510 ; ---------------------------------
                            511 ;	Register assignment is optimal.
                            512 ; Stack space usage: 0 bytes.
   021D                     513 ___runSuite::
                            514 ;cases/pow2shifts/pow2shifts_sign_unsigned.c:27: __prints("Running testIntShift\n");
                            515 ;	skipping iCode since result will be rematerialized
                            516 ;	skipping iCode since result will be rematerialized
                            517 ;	genSend
                            518 ;	genMove_o size 2 result type 2 source type 7 a_dead 1 hl_dead 1 de_dead 1 iy_dead 1 f_dead 1
   021D 21r26s02      [10]  519 	ld	hl, #___str_10
                            520 ;	genCall
   0220 CDr00s00      [17]  521 	call	___prints
                            522 ;cases/pow2shifts/pow2shifts_sign_unsigned.c:28: testIntShift();
                            523 ;	genCall
                            524 ;	genLabel
                            525 ; common peephole 159 removed unused label 00101$.
                            526 ;cases/pow2shifts/pow2shifts_sign_unsigned.c:29: }
                            527 ;	genEndFunction
   0223 C3r00s00      [10]  528 	jp	_testIntShift
                            529 ; common peephole 152 removed unused ret.
                            530 ;	Total __runSuite function size at codegen: 1 bytes.
   0226                     531 ___str_10:
   0226 52 75 6E 6E 69 6E   532 	.ascii "Running testIntShift"
        67 20 74 65 73 74
        49 6E 74 53 68 69
        66 74
   023A 0A                  533 	.db 0x0a
   023B 00                  534 	.db 0x00
                            535 ;cases/pow2shifts/pow2shifts_sign_unsigned.c:34: __getSuiteName(void)
                            536 ;	genLabel
                            537 ;	genFunction
                            538 ;	---------------------------------
                            539 ; Function __getSuiteName
                            540 ; ---------------------------------
                            541 ;	Register assignment is optimal.
                            542 ; Stack space usage: 0 bytes.
   023C                     543 ___getSuiteName::
                            544 ;cases/pow2shifts/pow2shifts_sign_unsigned.c:36: return "pow2shifts_sign_unsigned";
                            545 ;	skipping iCode since result will be rematerialized
                            546 ;	skipping iCode since result will be rematerialized
                            547 ;	genRet
                            548 ;	genMove_o size 2 result type 2 source type 7 a_dead 1 hl_dead 1 de_dead 1 iy_dead 1 f_dead 1
   023C 11r42s02      [10]  549 	ld	de, #___str_11
                            550 ;	genLabel
                            551 ; common peephole 159 removed unused label 00101$.
                            552 ;cases/pow2shifts/pow2shifts_sign_unsigned.c:37: }
                            553 ;	genEndFunction
   023F C9            [10]  554 	ret
                            555 ;	Total __getSuiteName function size at codegen: 1 bytes.
   0240                     556 ___numCases:
   0240 01 00               557 	.dw #0x0001
   0242                     558 ___str_11:
   0242 70 6F 77 32 73 68   559 	.ascii "pow2shifts_sign_unsigned"
        69 66 74 73 5F 73
        69 67 6E 5F 75 6E
        73 69 67 6E 65 64
   025A 00                  560 	.db 0x00
                            561 	.area _CODE (BANK=_CSEG)
                            562 	.area _INITIALIZER
                            563 	.area _CABS (ABS)
