uCsim 0.9.9, Copyright (C) 1997 Daniel Drotos.
uCsim comes with ABSOLUTELY NO WARRANTY; for details type `show w'.
This is free software, and you are welcome to redistribute it
under certain conditions; type `show c' for details.
set error non-classified off
set error unknown_code off
set error memory off
set error stack off
set hw simif outputs 0xff
step 500000000 vclk
state
quit
4091 words read from gen/ucz80/snprintf/snprintf_type_LONG.ihx
--- Running: snprintf_type_LONG
Running test_snprintf
--- Summary: 0/10/1: 0 failed of 10 tests in 1 cases.

Stop at 0x000369: (110) Program stopped itself
F 0x000369
Simulated 752808 ticks (6.807e-02 sec)
Host usage: 0.025040 sec, rate=2.718490
CPU state= OK PC= 0x000369 frequency= 11059200 HZ
Operation since last reset= 178749 vclks
Inst= 63828 Fetch= 133050 Read= 26244 Write= 19455
Total time since last reset= 0.068071650752354 sec (752818 clks)
Time in isr = 0.000000000000000 sec (0 clks) 0.00%
Time in idle= 0.000000000000000 sec (0 clks) 0.00%
Most value of stack pointer= 0x000000
Simulation: stopped
Runtime: 0.035326 sec

--- Simulator: 4091/752818: 4091 bytes, 752818 ticks
