                              1 ;--------------------------------------------------------
                              2 ; File Created by SDCC : free open source ISO C Compiler
                              3 ; Version 4.6.2 #16710 (Linux)
                              4 ;--------------------------------------------------------
                              5 	.module asconhash256_impl_opt8
                              6 	
                              7 ;--------------------------------------------------------
                              8 ; Public variables in this module
                              9 ;--------------------------------------------------------
                             10 	.globl _testAscon
                             11 	.globl ___prints
                             12 	.globl _buf
                             13 	.globl ___numCases
                             14 	.globl _md
                             15 	.globl _msglen
                             16 	.globl _msg
                             17 	.globl ___runSuite
                             18 	.globl ___getSuiteName
                             19 ;--------------------------------------------------------
                             20 ; special function registers
                             21 ;--------------------------------------------------------
                             22 ;--------------------------------------------------------
                             23 ; ram data
                             24 ;--------------------------------------------------------
                             25 	.area _DATA (BANK=_DSEG)
   0000                      26 _buf::
   0000                      27 	.ds 32
                             28 ;--------------------------------------------------------
                             29 ; ram data
                             30 ;--------------------------------------------------------
                             31 	.area _INITIALIZED
                             32 ;--------------------------------------------------------
                             33 ; absolute ram data
                             34 ;--------------------------------------------------------
                             35 	.area _DABS (ABS)
                             36 	.area _DABS (ABS)
                             37 ;--------------------------------------------------------
                             38 ; global & static initialisations
                             39 ;--------------------------------------------------------
                             40 	.area _HOME
                             41 	.area _GSINIT
                             42 	.area _GSFINAL
                             43 	.area _GSINIT
                             44 ;--------------------------------------------------------
                             45 ; Home
                             46 ;--------------------------------------------------------
                             47 	.area _HOME (BANK=_CSEG)
                             48 	.area _HOME (BANK=_CSEG)
                             49 ;--------------------------------------------------------
                             50 ; code
                             51 ;--------------------------------------------------------
                             52 	.area _CODE (BANK=_CSEG)
                             53 ;cases/asconhash256/asconhash256_impl_opt8.c:3881: void testAscon(void)
                             54 ;	genLabel
                             55 ;	genFunction
                             56 ;	---------------------------------
                             57 ; Function testAscon
                             58 ; ---------------------------------
                             59 ;	Register assignment is optimal.
                             60 ; Stack space usage: 0 bytes.
   0000                      61 _testAscon::
                             62 ;cases/asconhash256/asconhash256_impl_opt8.c:3887: }
                             63 ;	genLabel
                             64 ; common peephole 159 removed unused label 00101$.
                             65 ;	genEndFunction
   0000 C9            [10]   66 	ret
                             67 ;	Total testAscon function size at codegen: 1 bytes.
   0001                      68 _msg:
   0001 00                   69 	.db #0x00	; 0
   0002 01                   70 	.db #0x01	; 1
   0003 02                   71 	.db #0x02	; 2
   0004 03                   72 	.db #0x03	; 3
   0005 04                   73 	.db #0x04	; 4
   0006 05                   74 	.db #0x05	; 5
   0007 06                   75 	.db #0x06	; 6
   0008 07                   76 	.db #0x07	; 7
   0009 08                   77 	.db #0x08	; 8
   000A 09                   78 	.db #0x09	; 9
   000B 0A                   79 	.db #0x0a	; 10
   000C 0B                   80 	.db #0x0b	; 11
   000D 0C                   81 	.db #0x0c	; 12
   000E 0D                   82 	.db #0x0d	; 13
   000F 0E                   83 	.db #0x0e	; 14
   0010 0F                   84 	.db #0x0f	; 15
   0011 10                   85 	.db #0x10	; 16
   0012 11                   86 	.db #0x11	; 17
   0013 12                   87 	.db #0x12	; 18
   0014 13                   88 	.db #0x13	; 19
   0015 14                   89 	.db #0x14	; 20
   0016 15                   90 	.db #0x15	; 21
   0017 16                   91 	.db #0x16	; 22
   0018 17                   92 	.db #0x17	; 23
   0019 18                   93 	.db #0x18	; 24
   001A 19                   94 	.db #0x19	; 25
   001B 1A                   95 	.db #0x1a	; 26
   001C 1B                   96 	.db #0x1b	; 27
   001D 1C                   97 	.db #0x1c	; 28
   001E 1D                   98 	.db #0x1d	; 29
   001F 1E                   99 	.db #0x1e	; 30
   0020 1F                  100 	.db #0x1f	; 31
   0021 20                  101 	.db #0x20	; 32
   0022 21                  102 	.db #0x21	; 33
   0023 22                  103 	.db #0x22	; 34
   0024 23                  104 	.db #0x23	; 35
   0025 24                  105 	.db #0x24	; 36
   0026 25                  106 	.db #0x25	; 37
   0027 26                  107 	.db #0x26	; 38
   0028 27                  108 	.db #0x27	; 39
   0029 28                  109 	.db #0x28	; 40
   002A                     110 _msglen:
   002A 29 00 00 00 00 00   111 	.byte #0x29, #0x00, #0x00, #0x00, #0x00, #0x00, #0x00, #0x00
        00 00
   0032                     112 _md:
   0032 D3                  113 	.db #0xd3	; 211
   0033 C0                  114 	.db #0xc0	; 192
   0034 61                  115 	.db #0x61	; 97	'a'
   0035 33                  116 	.db #0x33	; 51	'3'
   0036 3D                  117 	.db #0x3d	; 61
   0037 56                  118 	.db #0x56	; 86	'V'
   0038 3A                  119 	.db #0x3a	; 58
   0039 FE                  120 	.db #0xfe	; 254
   003A DA                  121 	.db #0xda	; 218
   003B E0                  122 	.db #0xe0	; 224
   003C 90                  123 	.db #0x90	; 144
   003D 7A                  124 	.db #0x7a	; 122	'z'
   003E ED                  125 	.db #0xed	; 237
   003F 1B                  126 	.db #0x1b	; 27
   0040 39                  127 	.db #0x39	; 57	'9'
   0041 8A                  128 	.db #0x8a	; 138
   0042 0D                  129 	.db #0x0d	; 13
   0043 9B                  130 	.db #0x9b	; 155
   0044 BA                  131 	.db #0xba	; 186
   0045 6A                  132 	.db #0x6a	; 106	'j'
   0046 7B                  133 	.db #0x7b	; 123
   0047 F3                  134 	.db #0xf3	; 243
   0048 81                  135 	.db #0x81	; 129
   0049 11                  136 	.db #0x11	; 17
   004A C1                  137 	.db #0xc1	; 193
   004B 98                  138 	.db #0x98	; 152
   004C D3                  139 	.db #0xd3	; 211
   004D 73                  140 	.db #0x73	; 115	's'
   004E 49                  141 	.db #0x49	; 73	'I'
   004F 85                  142 	.db #0x85	; 133
   0050 AA                  143 	.db #0xaa	; 170
   0051 30                  144 	.db #0x30	; 48	'0'
                            145 ;cases/asconhash256/asconhash256_impl_opt8.c:3891: __runSuite(void)
                            146 ;	genLabel
                            147 ;	genFunction
                            148 ;	---------------------------------
                            149 ; Function __runSuite
                            150 ; ---------------------------------
                            151 ;	Register assignment is optimal.
                            152 ; Stack space usage: 0 bytes.
   0052                     153 ___runSuite::
                            154 ;cases/asconhash256/asconhash256_impl_opt8.c:3893: __prints("Running testAscon\n");
                            155 ;	skipping iCode since result will be rematerialized
                            156 ;	skipping iCode since result will be rematerialized
                            157 ;	genSend
                            158 ;	genMove_o size 2 result type 2 source type 7 a_dead 1 hl_dead 1 de_dead 1 iy_dead 1 f_dead 1
   0052 21r58s00      [10]  159 	ld	hl, #___str_0
                            160 ;	genCall
                            161 ;cases/asconhash256/asconhash256_impl_opt8.c:3894: testAscon();
                            162 ;	genLabel
                            163 ; common peephole 159 removed unused label 00101$.
                            164 ;cases/asconhash256/asconhash256_impl_opt8.c:3895: }
                            165 ;	genEndFunction
   0055 C3r00s00      [10]  166 	jp	___prints
                            167 ; common peephole 152 removed unused ret.
                            168 ;	Total __runSuite function size at codegen: 1 bytes.
   0058                     169 ___str_0:
   0058 52 75 6E 6E 69 6E   170 	.ascii "Running testAscon"
        67 20 74 65 73 74
        41 73 63 6F 6E
   0069 0A                  171 	.db 0x0a
   006A 00                  172 	.db 0x00
                            173 ;cases/asconhash256/asconhash256_impl_opt8.c:3900: __getSuiteName(void)
                            174 ;	genLabel
                            175 ;	genFunction
                            176 ;	---------------------------------
                            177 ; Function __getSuiteName
                            178 ; ---------------------------------
                            179 ;	Register assignment is optimal.
                            180 ; Stack space usage: 0 bytes.
   006B                     181 ___getSuiteName::
                            182 ;cases/asconhash256/asconhash256_impl_opt8.c:3902: return "asconhash256_impl_opt8";
                            183 ;	skipping iCode since result will be rematerialized
                            184 ;	skipping iCode since result will be rematerialized
                            185 ;	genRet
                            186 ;	genMove_o size 2 result type 2 source type 7 a_dead 1 hl_dead 1 de_dead 1 iy_dead 1 f_dead 1
   006B 11r71s00      [10]  187 	ld	de, #___str_1
                            188 ;	genLabel
                            189 ; common peephole 159 removed unused label 00101$.
                            190 ;cases/asconhash256/asconhash256_impl_opt8.c:3903: }
                            191 ;	genEndFunction
   006E C9            [10]  192 	ret
                            193 ;	Total __getSuiteName function size at codegen: 1 bytes.
   006F                     194 ___numCases:
   006F 01 00               195 	.dw #0x0001
   0071                     196 ___str_1:
   0071 61 73 63 6F 6E 68   197 	.ascii "asconhash256_impl_opt8"
        61 73 68 32 35 36
        5F 69 6D 70 6C 5F
        6F 70 74 38
   0087 00                  198 	.db 0x00
                            199 	.area _CODE (BANK=_CSEG)
                            200 	.area _INITIALIZER
                            201 	.area _CABS (ABS)
