uCsim 0.9.9, Copyright (C) 1997 Daniel Drotos.
uCsim comes with ABSOLUTELY NO WARRANTY; for details type `show w'.
This is free software, and you are welcome to redistribute it
under certain conditions; type `show c' for details.
set error non-classified off
set error unknown_code off
set error memory off
set error stack off
set hw simif outputs 0xff
step 500000000 vclk
state
quit
1019 words read from gen/ucz80/bug-3410/bug-3410_type_unsigned_char.ihx
--- Running: bug-3410_type_unsigned_char
Running testBug
--- Summary: 0/6/1: 0 failed of 6 tests in 1 cases.

Stop at 0x000369: (110) Program stopped itself
F 0x000369
Simulated 24112 ticks (2.180e-03 sec)
Host usage: 0.001348 sec, rate=1.617386
CPU state= OK PC= 0x000369 frequency= 11059200 HZ
Operation since last reset= 5657 vclks
Inst= 3081 Fetch= 4421 Read= 678 Write= 558
Total time since last reset= 0.002181170428241 sec (24122 clks)
Time in isr = 0.000000000000000 sec (0 clks) 0.00%
Time in idle= 0.000000000000000 sec (0 clks) 0.00%
Most value of stack pointer= 0x000000
Simulation: stopped
Runtime: 0.010951 sec

--- Simulator: 1019/24122: 1019 bytes, 24122 ticks
