uCsim 0.9.9, Copyright (C) 1997 Daniel Drotos.
uCsim comes with ABSOLUTELY NO WARRANTY; for details type `show w'.
This is free software, and you are welcome to redistribute it
under certain conditions; type `show c' for details.
set error non-classified off
set error unknown_code off
set error memory off
set error stack off
set hw simif outputs 0xff
step 500000000 vclk
state
quit
1136 words read from gen/ucz80/stack-restore/stack-restore_optSize_1.ihx
--- Running: stack-restore_optSize_1
Running testStackRestore
--- Summary: 0/259/1: 0 failed of 259 tests in 1 cases.

Stop at 0x000369: (110) Program stopped itself
F 0x000369
Simulated 259124 ticks (2.343e-02 sec)
Host usage: 0.009018 sec, rate=2.598223
CPU state= OK PC= 0x000369 frequency= 11059200 HZ
Operation since last reset= 56056 vclks
Inst= 22106 Fetch= 44674 Read= 6133 Write= 5249
Total time since last reset= 0.023431532118062 sec (259134 clks)
Time in isr = 0.000000000000000 sec (0 clks) 0.00%
Time in idle= 0.000000000000000 sec (0 clks) 0.00%
Most value of stack pointer= 0x000000
Simulation: stopped
Runtime: 0.017714 sec

--- Simulator: 1136/259134: 1136 bytes, 259134 ticks
