uCsim 0.9.9, Copyright (C) 1997 Daniel Drotos.
uCsim comes with ABSOLUTELY NO WARRANTY; for details type `show w'.
This is free software, and you are welcome to redistribute it
under certain conditions; type `show c' for details.
set error non-classified off
set error unknown_code off
set error memory off
set error stack off
set hw simif outputs 0xff
step 500000000 vclk
state
quit
1131 words read from gen/ucz80/stack-restore/stack-restore_optSize_0.ihx
--- Running: stack-restore_optSize_0
Running testStackRestore
--- Summary: 0/259/1: 0 failed of 259 tests in 1 cases.

Stop at 0x000369: (110) Program stopped itself
F 0x000369
Simulated 259093 ticks (2.343e-02 sec)
Host usage: 0.010751 sec, rate=2.179128
CPU state= OK PC= 0x000369 frequency= 11059200 HZ
Operation since last reset= 56047 vclks
Inst= 22103 Fetch= 44669 Read= 6131 Write= 5247
Total time since last reset= 0.023428729021997 sec (259103 clks)
Time in isr = 0.000000000000000 sec (0 clks) 0.00%
Time in idle= 0.000000000000000 sec (0 clks) 0.00%
Most value of stack pointer= 0x000000
Simulation: stopped
Runtime: 0.021713 sec

--- Simulator: 1131/259103: 1131 bytes, 259103 ticks
