uCsim 0.9.9, Copyright (C) 1997 Daniel Drotos.
uCsim comes with ABSOLUTELY NO WARRANTY; for details type `show w'.
This is free software, and you are welcome to redistribute it
under certain conditions; type `show c' for details.
set error non-classified off
set error unknown_code off
set error memory off
set error stack off
set hw simif outputs 0xff
step 500000000 vclk
state
quit
793 words read from gen/ucz80/align/align_sign_unsigned_type_int.ihx
--- Running: align_sign_unsigned_type_int
Running testAlignof
--- Summary: 0/4/1: 0 failed of 4 tests in 1 cases.

Stop at 0x000369: (110) Program stopped itself
F 0x000369
Simulated 23774 ticks (2.150e-03 sec)
Host usage: 0.001245 sec, rate=1.726639
CPU state= OK PC= 0x000369 frequency= 11059200 HZ
Operation since last reset= 5566 vclks
Inst= 3038 Fetch= 4330 Read= 675 Write= 561
Total time since last reset= 0.002150607638889 sec (23784 clks)
Time in isr = 0.000000000000000 sec (0 clks) 0.00%
Time in idle= 0.000000000000000 sec (0 clks) 0.00%
Most value of stack pointer= 0x000000
Simulation: stopped
Runtime: 0.010614 sec

--- Simulator: 793/23784: 793 bytes, 23784 ticks
