                              1 ;--------------------------------------------------------
                              2 ; File Created by SDCC : free open source ISO C Compiler
                              3 ; Version 4.6.2 #16710 (Linux)
                              4 ;--------------------------------------------------------
                              5 	.module bit_width_type_unsigned_int
                              6 	
                              7 ;--------------------------------------------------------
                              8 ; Public variables in this module
                              9 ;--------------------------------------------------------
                             10 	.globl _testBitWidth
                             11 	.globl ___stdc_bit_width
                             12 	.globl ___prints
                             13 	.globl ___fail
                             14 	.globl ___numCases
                             15 	.globl ___runSuite
                             16 	.globl ___getSuiteName
                             17 ;--------------------------------------------------------
                             18 ; special function registers
                             19 ;--------------------------------------------------------
                             20 ;--------------------------------------------------------
                             21 ; ram data
                             22 ;--------------------------------------------------------
                             23 	.area _DATA (BANK=_DSEG)
                             24 ;--------------------------------------------------------
                             25 ; ram data
                             26 ;--------------------------------------------------------
                             27 	.area _INITIALIZED
                             28 ;--------------------------------------------------------
                             29 ; absolute ram data
                             30 ;--------------------------------------------------------
                             31 	.area _DABS (ABS)
                             32 	.area _DABS (ABS)
                             33 ;--------------------------------------------------------
                             34 ; global & static initialisations
                             35 ;--------------------------------------------------------
                             36 	.area _HOME
                             37 	.area _GSINIT
                             38 	.area _GSFINAL
                             39 	.area _GSINIT
                             40 ;--------------------------------------------------------
                             41 ; Home
                             42 ;--------------------------------------------------------
                             43 	.area _HOME (BANK=_CSEG)
                             44 	.area _HOME (BANK=_CSEG)
                             45 ;--------------------------------------------------------
                             46 ; code
                             47 ;--------------------------------------------------------
                             48 	.area _CODE (BANK=_CSEG)
                             49 ;cases/bit_width/bit_width_type_unsigned_int.c:12: void testBitWidth(void)
                             50 ;	genLabel
                             51 ;	genFunction
                             52 ;	---------------------------------
                             53 ; Function testBitWidth
                             54 ; ---------------------------------
                             55 ;	Register assignment might be sub-optimal.
                             56 ; Stack space usage: 0 bytes.
   0000                      57 _testBitWidth::
                             58 ;cases/bit_width/bit_width_type_unsigned_int.c:17: ASSERT (stdc_bit_width(v) == 0);
                             59 ;	genPlus
                             60 ;	genMove_o size 2 result type 2 source type 10 a_dead 1 hl_dead 1 de_dead 1 iy_dead 1 f_dead 1
   0000 2Ar00s00      [16]   61 	ld	hl, (___numTests)
   0003 23            [ 6]   62 	inc	hl
                             63 ;	genMove_o size 2 result type 10 source type 2 a_dead 1 hl_dead 1 de_dead 1 iy_dead 1 f_dead 1
   0004 22r00s00      [16]   64 	ld	(___numTests), hl
                             65 ;	genIpush
                             66 ;	genMove_o size 2 result type 2 source type 1 a_dead 1 hl_dead 1 de_dead 1 iy_dead 1 f_dead 1
   0007 21 00 00      [10]   67 	ld	hl, #0x0000
   000A E5            [11]   68 	push	hl
                             69 ;	genMove_o size 2 result type 2 source type 1 a_dead 1 hl_dead 1 de_dead 1 iy_dead 1 f_dead 1
   000B E5            [11]   70 	push	hl
                             71 ;	genMove_o size 2 result type 2 source type 1 a_dead 1 hl_dead 1 de_dead 1 iy_dead 1 f_dead 1
   000C E5            [11]   72 	push	hl
                             73 ;	genMove_o size 2 result type 2 source type 1 a_dead 1 hl_dead 1 de_dead 1 iy_dead 1 f_dead 1
   000D E5            [11]   74 	push	hl
                             75 ;	genCall
   000E CDr00s00      [17]   76 	call	___stdc_bit_width
                             77 ;	genMove_o size 1 result type 2 source type 2 a_dead 1 hl_dead 1 de_dead 1 iy_dead 1 f_dead 1
                             78 ;	genIfx
   0011 B7            [ 4]   79 	or	a, a
                             80 ; common peephole 163 changed absolute to relative conditional jump.
   0012 28 11         [12]   81 	jr	z, 00104$
                             82 ;	skipping iCode since result will be rematerialized
                             83 ;	skipping iCode since result will be rematerialized
                             84 ;	skipping iCode since result will be rematerialized
                             85 ;	skipping iCode since result will be rematerialized
                             86 ;	skipping iCode since result will be rematerialized
                             87 ;	skipping iCode since result will be rematerialized
                             88 ;	genIpush
                             89 ;	genMove_o size 2 result type 2 source type 1 a_dead 1 hl_dead 1 de_dead 1 iy_dead 1 f_dead 1
   0014 21 11 00      [10]   90 	ld	hl, #0x0011
   0017 E5            [11]   91 	push	hl
                             92 ;	genIpush
                             93 ;	genMove_o size 2 result type 2 source type 7 a_dead 1 hl_dead 1 de_dead 1 iy_dead 1 f_dead 1
   0018 21rC5s00      [10]   94 	ld	hl, #___str_2
   001B E5            [11]   95 	push	hl
                             96 ;	genSend
                             97 ;	genMove_o size 2 result type 2 source type 7 a_dead 1 hl_dead 1 de_dead 1 iy_dead 1 f_dead 1
   001C 11rAEs00      [10]   98 	ld	de, #___str_1
                             99 ;	genSend
                            100 ;	genMove_o size 2 result type 2 source type 7 a_dead 1 hl_dead 1 de_dead 0 iy_dead 1 f_dead 1
   001F 21r9Ds00      [10]  101 	ld	hl, #___str_0
                            102 ;	genCall
   0022 CDr00s00      [17]  103 	call	___fail
                            104 ;	genLabel
   0025                     105 00104$:
                            106 ;cases/bit_width/bit_width_type_unsigned_int.c:19: ASSERT (stdc_bit_width(v) == 1);
                            107 ;	genPlus
                            108 ;	genMove_o size 2 result type 2 source type 10 a_dead 1 hl_dead 1 de_dead 1 iy_dead 1 f_dead 1
   0025 2Ar00s00      [16]  109 	ld	hl, (___numTests)
   0028 23            [ 6]  110 	inc	hl
                            111 ;	genMove_o size 2 result type 10 source type 2 a_dead 1 hl_dead 1 de_dead 1 iy_dead 1 f_dead 1
   0029 22r00s00      [16]  112 	ld	(___numTests), hl
                            113 ;	genIpush
                            114 ;	genMove_o size 2 result type 2 source type 1 a_dead 1 hl_dead 1 de_dead 1 iy_dead 1 f_dead 1
   002C 21 00 00      [10]  115 	ld	hl, #0x0000
   002F E5            [11]  116 	push	hl
                            117 ;	genMove_o size 2 result type 2 source type 1 a_dead 1 hl_dead 1 de_dead 1 iy_dead 1 f_dead 1
   0030 E5            [11]  118 	push	hl
                            119 ;	genMove_o size 2 result type 2 source type 1 a_dead 1 hl_dead 1 de_dead 1 iy_dead 1 f_dead 1
   0031 E5            [11]  120 	push	hl
                            121 ;	genMove_o size 2 result type 2 source type 1 a_dead 1 hl_dead 1 de_dead 1 iy_dead 1 f_dead 1
   0032 2E 01         [ 7]  122 	ld	l, #0x01
   0034 E5            [11]  123 	push	hl
                            124 ;	genCall
   0035 CDr00s00      [17]  125 	call	___stdc_bit_width
                            126 ;	genMove_o size 1 result type 2 source type 2 a_dead 1 hl_dead 1 de_dead 1 iy_dead 1 f_dead 1
                            127 ;	genCmpEq
   0038 FE 01         [ 7]  128 	cp	a, #0x01
                            129 ; common peephole 163 changed absolute to relative conditional jump.
   003A 28 11         [12]  130 	jr	z, 00106$
                            131 ; common peephole 81 removed jp by using inverse jump logic
                            132 ; common peephole 159 removed unused label 00143$.
                            133 ;	skipping generated iCode
                            134 ;	skipping iCode since result will be rematerialized
                            135 ;	skipping iCode since result will be rematerialized
                            136 ;	skipping iCode since result will be rematerialized
                            137 ;	skipping iCode since result will be rematerialized
                            138 ;	skipping iCode since result will be rematerialized
                            139 ;	skipping iCode since result will be rematerialized
                            140 ;	genIpush
                            141 ;	genMove_o size 2 result type 2 source type 1 a_dead 1 hl_dead 1 de_dead 1 iy_dead 1 f_dead 1
   003C 21 13 00      [10]  142 	ld	hl, #0x0013
   003F E5            [11]  143 	push	hl
                            144 ;	genIpush
                            145 ;	genMove_o size 2 result type 2 source type 7 a_dead 1 hl_dead 1 de_dead 1 iy_dead 1 f_dead 1
   0040 21rC5s00      [10]  146 	ld	hl, #___str_2
   0043 E5            [11]  147 	push	hl
                            148 ;	genSend
                            149 ;	genMove_o size 2 result type 2 source type 7 a_dead 1 hl_dead 1 de_dead 1 iy_dead 1 f_dead 1
   0044 11rF3s00      [10]  150 	ld	de, #___str_3
                            151 ;	genSend
                            152 ;	genMove_o size 2 result type 2 source type 7 a_dead 1 hl_dead 1 de_dead 0 iy_dead 1 f_dead 1
   0047 21r9Ds00      [10]  153 	ld	hl, #___str_0
                            154 ;	genCall
   004A CDr00s00      [17]  155 	call	___fail
                            156 ;	genLabel
   004D                     157 00106$:
                            158 ;cases/bit_width/bit_width_type_unsigned_int.c:21: ASSERT (stdc_bit_width(v) == 8);
                            159 ;	genPlus
                            160 ;	genMove_o size 2 result type 2 source type 10 a_dead 1 hl_dead 1 de_dead 1 iy_dead 1 f_dead 1
   004D 2Ar00s00      [16]  161 	ld	hl, (___numTests)
   0050 23            [ 6]  162 	inc	hl
                            163 ;	genMove_o size 2 result type 10 source type 2 a_dead 1 hl_dead 1 de_dead 1 iy_dead 1 f_dead 1
   0051 22r00s00      [16]  164 	ld	(___numTests), hl
                            165 ;	genIpush
                            166 ;	genMove_o size 2 result type 2 source type 1 a_dead 1 hl_dead 1 de_dead 1 iy_dead 1 f_dead 1
   0054 21 00 00      [10]  167 	ld	hl, #0x0000
   0057 E5            [11]  168 	push	hl
                            169 ;	genMove_o size 2 result type 2 source type 1 a_dead 1 hl_dead 1 de_dead 1 iy_dead 1 f_dead 1
   0058 E5            [11]  170 	push	hl
                            171 ;	genMove_o size 2 result type 2 source type 1 a_dead 1 hl_dead 1 de_dead 1 iy_dead 1 f_dead 1
   0059 E5            [11]  172 	push	hl
                            173 ;	genMove_o size 2 result type 2 source type 1 a_dead 1 hl_dead 1 de_dead 1 iy_dead 1 f_dead 1
   005A 2E 81         [ 7]  174 	ld	l, #0x81
   005C E5            [11]  175 	push	hl
                            176 ;	genCall
   005D CDr00s00      [17]  177 	call	___stdc_bit_width
                            178 ;	genMove_o size 1 result type 2 source type 2 a_dead 1 hl_dead 1 de_dead 1 iy_dead 1 f_dead 1
                            179 ;	genCmpEq
   0060 FE 08         [ 7]  180 	cp	a, #0x08
                            181 ; common peephole 163 changed absolute to relative conditional jump.
   0062 28 11         [12]  182 	jr	z, 00108$
                            183 ; common peephole 81 removed jp by using inverse jump logic
                            184 ; common peephole 159 removed unused label 00144$.
                            185 ;	skipping generated iCode
                            186 ;	skipping iCode since result will be rematerialized
                            187 ;	skipping iCode since result will be rematerialized
                            188 ;	skipping iCode since result will be rematerialized
                            189 ;	skipping iCode since result will be rematerialized
                            190 ;	skipping iCode since result will be rematerialized
                            191 ;	skipping iCode since result will be rematerialized
                            192 ;	genIpush
                            193 ;	genMove_o size 2 result type 2 source type 1 a_dead 1 hl_dead 1 de_dead 1 iy_dead 1 f_dead 1
   0064 21 15 00      [10]  194 	ld	hl, #0x0015
   0067 E5            [11]  195 	push	hl
                            196 ;	genIpush
                            197 ;	genMove_o size 2 result type 2 source type 7 a_dead 1 hl_dead 1 de_dead 1 iy_dead 1 f_dead 1
   0068 21rC5s00      [10]  198 	ld	hl, #___str_2
   006B E5            [11]  199 	push	hl
                            200 ;	genSend
                            201 ;	genMove_o size 2 result type 2 source type 7 a_dead 1 hl_dead 1 de_dead 1 iy_dead 1 f_dead 1
   006C 11r0As01      [10]  202 	ld	de, #___str_4
                            203 ;	genSend
                            204 ;	genMove_o size 2 result type 2 source type 7 a_dead 1 hl_dead 1 de_dead 0 iy_dead 1 f_dead 1
   006F 21r9Ds00      [10]  205 	ld	hl, #___str_0
                            206 ;	genCall
   0072 CDr00s00      [17]  207 	call	___fail
                            208 ;	genLabel
   0075                     209 00108$:
                            210 ;cases/bit_width/bit_width_type_unsigned_int.c:23: ASSERT (stdc_bit_width(v) == 8);
                            211 ;	genPlus
                            212 ;	genMove_o size 2 result type 2 source type 10 a_dead 1 hl_dead 1 de_dead 1 iy_dead 1 f_dead 1
   0075 2Ar00s00      [16]  213 	ld	hl, (___numTests)
   0078 23            [ 6]  214 	inc	hl
                            215 ;	genMove_o size 2 result type 10 source type 2 a_dead 1 hl_dead 1 de_dead 1 iy_dead 1 f_dead 1
   0079 22r00s00      [16]  216 	ld	(___numTests), hl
                            217 ;	genIpush
                            218 ;	genMove_o size 2 result type 2 source type 1 a_dead 1 hl_dead 1 de_dead 1 iy_dead 1 f_dead 1
   007C 21 00 00      [10]  219 	ld	hl, #0x0000
   007F E5            [11]  220 	push	hl
                            221 ;	genMove_o size 2 result type 2 source type 1 a_dead 1 hl_dead 1 de_dead 1 iy_dead 1 f_dead 1
   0080 E5            [11]  222 	push	hl
                            223 ;	genMove_o size 2 result type 2 source type 1 a_dead 1 hl_dead 1 de_dead 1 iy_dead 1 f_dead 1
   0081 E5            [11]  224 	push	hl
                            225 ;	genMove_o size 2 result type 2 source type 1 a_dead 1 hl_dead 1 de_dead 1 iy_dead 1 f_dead 1
   0082 2E 80         [ 7]  226 	ld	l, #0x80
   0084 E5            [11]  227 	push	hl
                            228 ;	genCall
   0085 CDr00s00      [17]  229 	call	___stdc_bit_width
                            230 ;	genMove_o size 1 result type 2 source type 2 a_dead 1 hl_dead 1 de_dead 1 iy_dead 1 f_dead 1
                            231 ;	genCmpEq
   0088 FE 08         [ 7]  232 	cp	a, #0x08
   008A C8            [11]  233 	ret	z
                            234 ; common peephole 161 replaced jump by return.
                            235 ; common peephole 81 removed jp by using inverse jump logic
                            236 ; common peephole 159 removed unused label 00145$.
                            237 ;	skipping generated iCode
                            238 ;	skipping iCode since result will be rematerialized
                            239 ;	skipping iCode since result will be rematerialized
                            240 ;	skipping iCode since result will be rematerialized
                            241 ;	skipping iCode since result will be rematerialized
                            242 ;	skipping iCode since result will be rematerialized
                            243 ;	skipping iCode since result will be rematerialized
                            244 ;	genIpush
                            245 ;	genMove_o size 2 result type 2 source type 1 a_dead 1 hl_dead 1 de_dead 1 iy_dead 1 f_dead 1
   008B 21 17 00      [10]  246 	ld	hl, #0x0017
   008E E5            [11]  247 	push	hl
                            248 ;	genIpush
                            249 ;	genMove_o size 2 result type 2 source type 7 a_dead 1 hl_dead 1 de_dead 1 iy_dead 1 f_dead 1
   008F 21rC5s00      [10]  250 	ld	hl, #___str_2
   0092 E5            [11]  251 	push	hl
                            252 ;	genSend
                            253 ;	genMove_o size 2 result type 2 source type 7 a_dead 1 hl_dead 1 de_dead 1 iy_dead 1 f_dead 1
   0093 11r0As01      [10]  254 	ld	de, #___str_4
                            255 ;	genSend
                            256 ;	genMove_o size 2 result type 2 source type 7 a_dead 1 hl_dead 1 de_dead 0 iy_dead 1 f_dead 1
   0096 21r9Ds00      [10]  257 	ld	hl, #___str_0
                            258 ;	genCall
   0099 CDr00s00      [17]  259 	call	___fail
                            260 ;	genLabel
                            261 ; common peephole 159 removed unused label 00101$.
                            262 ;cases/bit_width/bit_width_type_unsigned_int.c:25: }
                            263 ;	genEndFunction
   009C C9            [10]  264 	ret
                            265 ;	Total testBitWidth function size at codegen: 1 bytes.
   009D                     266 ___str_0:
   009D 41 73 73 65 72 74   267 	.ascii "Assertion failed"
        69 6F 6E 20 66 61
        69 6C 65 64
   00AD 00                  268 	.db 0x00
   00AE                     269 ___str_1:
   00AE 73 74 64 63 5F 62   270 	.ascii "stdc_bit_width(v) == 0"
        69 74 5F 77 69 64
        74 68 28 76 29 20
        3D 3D 20 30
   00C4 00                  271 	.db 0x00
   00C5                     272 ___str_2:
   00C5 63 61 73 65 73 2F   273 	.ascii "cases/bit_width/bit_width_type_unsigned_int.c"
        62 69 74 5F 77 69
        64 74 68 2F 62 69
        74 5F 77 69 64 74
        68 5F 74 79 70 65
        5F 75 6E 73 69 67
        6E 65 64 5F 69 6E
        74 2E 63
   00F2 00                  274 	.db 0x00
   00F3                     275 ___str_3:
   00F3 73 74 64 63 5F 62   276 	.ascii "stdc_bit_width(v) == 1"
        69 74 5F 77 69 64
        74 68 28 76 29 20
        3D 3D 20 31
   0109 00                  277 	.db 0x00
   010A                     278 ___str_4:
   010A 73 74 64 63 5F 62   279 	.ascii "stdc_bit_width(v) == 8"
        69 74 5F 77 69 64
        74 68 28 76 29 20
        3D 3D 20 38
   0120 00                  280 	.db 0x00
                            281 ;cases/bit_width/bit_width_type_unsigned_int.c:29: __runSuite(void)
                            282 ;	genLabel
                            283 ;	genFunction
                            284 ;	---------------------------------
                            285 ; Function __runSuite
                            286 ; ---------------------------------
                            287 ;	Register assignment is optimal.
                            288 ; Stack space usage: 0 bytes.
   0121                     289 ___runSuite::
                            290 ;cases/bit_width/bit_width_type_unsigned_int.c:31: __prints("Running testBitWidth\n");
                            291 ;	skipping iCode since result will be rematerialized
                            292 ;	skipping iCode since result will be rematerialized
                            293 ;	genSend
                            294 ;	genMove_o size 2 result type 2 source type 7 a_dead 1 hl_dead 1 de_dead 1 iy_dead 1 f_dead 1
   0121 21r2As01      [10]  295 	ld	hl, #___str_5
                            296 ;	genCall
   0124 CDr00s00      [17]  297 	call	___prints
                            298 ;cases/bit_width/bit_width_type_unsigned_int.c:32: testBitWidth();
                            299 ;	genCall
                            300 ;	genLabel
                            301 ; common peephole 159 removed unused label 00101$.
                            302 ;cases/bit_width/bit_width_type_unsigned_int.c:33: }
                            303 ;	genEndFunction
   0127 C3r00s00      [10]  304 	jp	_testBitWidth
                            305 ; common peephole 152 removed unused ret.
                            306 ;	Total __runSuite function size at codegen: 1 bytes.
   012A                     307 ___str_5:
   012A 52 75 6E 6E 69 6E   308 	.ascii "Running testBitWidth"
        67 20 74 65 73 74
        42 69 74 57 69 64
        74 68
   013E 0A                  309 	.db 0x0a
   013F 00                  310 	.db 0x00
                            311 ;cases/bit_width/bit_width_type_unsigned_int.c:38: __getSuiteName(void)
                            312 ;	genLabel
                            313 ;	genFunction
                            314 ;	---------------------------------
                            315 ; Function __getSuiteName
                            316 ; ---------------------------------
                            317 ;	Register assignment is optimal.
                            318 ; Stack space usage: 0 bytes.
   0140                     319 ___getSuiteName::
                            320 ;cases/bit_width/bit_width_type_unsigned_int.c:40: return "bit_width_type_unsigned_int";
                            321 ;	skipping iCode since result will be rematerialized
                            322 ;	skipping iCode since result will be rematerialized
                            323 ;	genRet
                            324 ;	genMove_o size 2 result type 2 source type 7 a_dead 1 hl_dead 1 de_dead 1 iy_dead 1 f_dead 1
   0140 11r46s01      [10]  325 	ld	de, #___str_6
                            326 ;	genLabel
                            327 ; common peephole 159 removed unused label 00101$.
                            328 ;cases/bit_width/bit_width_type_unsigned_int.c:41: }
                            329 ;	genEndFunction
   0143 C9            [10]  330 	ret
                            331 ;	Total __getSuiteName function size at codegen: 1 bytes.
   0144                     332 ___numCases:
   0144 01 00               333 	.dw #0x0001
   0146                     334 ___str_6:
   0146 62 69 74 5F 77 69   335 	.ascii "bit_width_type_unsigned_int"
        64 74 68 5F 74 79
        70 65 5F 75 6E 73
        69 67 6E 65 64 5F
        69 6E 74
   0161 00                  336 	.db 0x00
                            337 	.area _CODE (BANK=_CSEG)
                            338 	.area _INITIALIZER
                            339 	.area _CABS (ABS)
