uCsim 0.9.9, Copyright (C) 1997 Daniel Drotos.
uCsim comes with ABSOLUTELY NO WARRANTY; for details type `show w'.
This is free software, and you are welcome to redistribute it
under certain conditions; type `show c' for details.
set error non-classified off
set error unknown_code off
set error memory off
set error stack off
set hw simif outputs 0xff
step 500000000 vclk
state
quit
1986 words read from gen/ucz80/zeropad/zeropad_storage_none.ihx
--- Running: zeropad_storage_none
Running testZeropad
--- Summary: 0/26/1: 0 failed of 26 tests in 1 cases.

Stop at 0x000369: (110) Program stopped itself
F 0x000369
Simulated 30220 ticks (2.733e-03 sec)
Host usage: 0.000971 sec, rate=2.814640
CPU state= OK PC= 0x000369 frequency= 11059200 HZ
Operation since last reset= 6933 vclks
Inst= 3684 Fetch= 5415 Read= 822 Write= 696
Total time since last reset= 0.002733470775463 sec (30230 clks)
Time in isr = 0.000000000000000 sec (0 clks) 0.00%
Time in idle= 0.000000000000000 sec (0 clks) 0.00%
Most value of stack pointer= 0x000000
Simulation: stopped
Runtime: 0.008472 sec

--- Simulator: 1986/30230: 1986 bytes, 30230 ticks
