ASxxxx Linker V06.10                                                                Page 1
Hexadecimal [16-Bits]                                 Fri Sep  4 12:34:36 2026

Area                       Addr        Size        Decimal Bytes (Attributes)
--------------------       ----        ----        ------- ----- ------------
.  .ABS.                   0000        0000 =           0. bytes (ABS,OVR,CSEG)

         Value  Global                             Global Defined In Module
         -----  --------------------------------   ------------------------
          0000  .__.ABS.                           modunsigned

ASxxxx Linker V06.10                                                                Page 2
Hexadecimal [16-Bits]                                 Fri Sep  4 12:34:36 2026

Area                       Addr        Size        Decimal Bytes (Attributes)
--------------------       ----        ----        ------- ----- ------------
_HEADER                    0000        0110 =         272. bytes (ABS,OVR,CSEG)

         Value  Global                             Global Defined In Module
         -----  --------------------------------   ------------------------
ASxxxx Linker V06.10                                                                Page 3
Hexadecimal [16-Bits]                                 Fri Sep  4 12:34:36 2026
[ Bank == _CSEG ]

Area                       Addr        Size        Decimal Bytes (Attributes)
--------------------       ----        ----        ------- ----- ------------
_CODE                      0200        0DB4 =        3508. bytes (REL,CON,CSEG)

         Value  Global                             Global Defined In Module
         -----  --------------------------------   ------------------------
          0200  __clock                            crt0
          0204  _exit                              crt0
          020A  ___prints                          testfwk
          0217  ___printu                          testfwk
          024A  ___fail                            testfwk
          02B1  _main                              testfwk
          035B  __putchar                          support
          0364  __initEmu                          support
          0365  __exitEmu                          support
          036A  _testTwoOpBitwise                  bitwise_type_char_attr_volat
          0763  _testAnd                           bitwise_type_char_attr_volat
          0A9F  _testOr                            bitwise_type_char_attr_volat
          0C6A  _testXor                           bitwise_type_char_attr_volat
          0EAF  ___runSuite                        bitwise_type_char_attr_volat
          0F41  ___getSuiteName                    bitwise_type_char_attr_volat
          0F45  ___numCases                        bitwise_type_char_attr_volat
          0F74  __divuchar                         divunsigned
          0F76  __divu8                            divunsigned
          0F79  __divuint                          divunsigned
          0F79  __divu16                           divunsigned
          0FA8  __moduchar                         modunsigned
          0FAF  __moduint                          modunsigned

ASxxxx Linker V06.10                                                                Page 4
Hexadecimal [16-Bits]                                 Fri Sep  4 12:34:36 2026
[ Bank == _CSEG ]

Area                       Addr        Size        Decimal Bytes (Attributes)
--------------------       ----        ----        ------- ----- ------------
_HOME                      0FB4        0002 =           2. bytes (REL,CON,CSEG)

         Value  Global                             Global Defined In Module
         -----  --------------------------------   ------------------------
          0FB4  ___sdcc_external_startup           _startup

ASxxxx Linker V06.10                                                                Page 5
Hexadecimal [16-Bits]                                 Fri Sep  4 12:34:36 2026
[ Bank == _CSEG ]

Area                       Addr        Size        Decimal Bytes (Attributes)
--------------------       ----        ----        ------- ----- ------------
_INITIALIZER               0FB6        0004 =           4. bytes (REL,CON,CSEG)

         Value  Global                             Global Defined In Module
         -----  --------------------------------   ------------------------
ASxxxx Linker V06.10                                                                Page 6
Hexadecimal [16-Bits]                                 Fri Sep  4 12:34:36 2026
[ Bank == _CSEG ]

Area                       Addr        Size        Decimal Bytes (Attributes)
--------------------       ----        ----        ------- ----- ------------
_GSINIT                    0FBA        0025 =          37. bytes (REL,CON,CSEG)

         Value  Global                             Global Defined In Module
         -----  --------------------------------   ------------------------
          0FBA  gsinit                             crt0

ASxxxx Linker V06.10                                                                Page 7
Hexadecimal [16-Bits]                                 Fri Sep  4 12:34:36 2026
[ Bank == _CSEG ]

Area                       Addr        Size        Decimal Bytes (Attributes)
--------------------       ----        ----        ------- ----- ------------
_GSFINAL                   0FDF        0001 =           1. bytes (REL,CON,CSEG)

         Value  Global                             Global Defined In Module
         -----  --------------------------------   ------------------------
ASxxxx Linker V06.10                                                                Page 8
Hexadecimal [16-Bits]                                 Fri Sep  4 12:34:36 2026
[ Bank == _DSEG ]

Area                       Addr        Size        Decimal Bytes (Attributes)
--------------------       ----        ----        ------- ----- ------------
_DATA                      8000        0006 =           6. bytes (REL,CON,DSEG)

         Value  Global                             Global Defined In Module
         -----  --------------------------------   ------------------------
ASxxxx Linker V06.10                                                                Page 9
Hexadecimal [16-Bits]                                 Fri Sep  4 12:34:36 2026
[ Bank == _DSEG ]

Area                       Addr        Size        Decimal Bytes (Attributes)
--------------------       ----        ----        ------- ----- ------------
_INITIALIZED               8006        0004 =           4. bytes (REL,CON,CSEG)

         Value  Global                             Global Defined In Module
         -----  --------------------------------   ------------------------
          8006  ___numTests                        testfwk

ASxxxx Linker V06.10                                                                 Page 10
Hexadecimal [16-Bits]                                 Fri Sep  4 12:34:36 2026

Files Linked                              [ module(s) ]

../../device/lib/build/z80/crt0.rel       [ crt0 ]
gen/ucz80/testfwk.rel                     [ testfwk ]
gen/ucz80/support.rel                     [ support ]
gen/ucz80/bitwise/bitwise_type_char_attr  [ bitwise_type_char_attr_volatile_ ]


Libraries Linked                          [ object file ]

../../device/lib/build/z80/z80.lib        [ divunsigned ]
../../device/lib/build/z80/z80.lib        [ _startup ]
../../device/lib/build/z80/z80.lib        [ modunsigned ]

ASxxxx Linker V06.10                                                                 Page 11
Hexadecimal [16-Bits]                                 Fri Sep  4 12:34:36 2026

User Area Base Address Definitions

_CODE = 0x0200
_DATA = 0x8000


