                              1 ;--------------------------------------------------------
                              2 ; File Created by SDCC : free open source ISO C Compiler
                              3 ; Version 4.6.2 #16710 (Linux)
                              4 ;--------------------------------------------------------
                              5 	.module gte_20001111_1
                              6 	
                              7 ;--------------------------------------------------------
                              8 ; Public variables in this module
                              9 ;--------------------------------------------------------
                             10 	.globl _main_
                             11 	.globl _foo
                             12 	.globl _abort
                             13 	.globl _exit__substitute
                             14 	.globl _longjmp
                             15 	.globl ___setjmp
                             16 	.globl ___prints
                             17 	.globl ___fail
                             18 	.globl _after_main
                             19 	.globl ___numCases
                             20 	.globl _bar
                             21 	.globl ___runSuite
                             22 	.globl ___getSuiteName
                             23 ;--------------------------------------------------------
                             24 ; special function registers
                             25 ;--------------------------------------------------------
                             26 ;--------------------------------------------------------
                             27 ; ram data
                             28 ;--------------------------------------------------------
                             29 	.area _DATA (BANK=_DSEG)
   0000                      30 _after_main::
   0000                      31 	.ds 6
                             32 ;--------------------------------------------------------
                             33 ; ram data
                             34 ;--------------------------------------------------------
                             35 	.area _INITIALIZED
   0000                      36 _next_buffer:
   0000                      37 	.ds 2
   0002                      38 _t:
   0002                      39 	.ds 2
   0004                      40 _u:
   0004                      41 	.ds 2
                             42 ;--------------------------------------------------------
                             43 ; absolute ram data
                             44 ;--------------------------------------------------------
                             45 	.area _DABS (ABS)
                             46 	.area _DABS (ABS)
                             47 ;--------------------------------------------------------
                             48 ; global & static initialisations
                             49 ;--------------------------------------------------------
                             50 	.area _HOME
                             51 	.area _GSINIT
                             52 	.area _GSFINAL
                             53 	.area _GSINIT
                             54 ;--------------------------------------------------------
                             55 ; Home
                             56 ;--------------------------------------------------------
                             57 	.area _HOME (BANK=_CSEG)
                             58 	.area _HOME (BANK=_CSEG)
                             59 ;--------------------------------------------------------
                             60 ; code
                             61 ;--------------------------------------------------------
                             62 	.area _CODE (BANK=_CSEG)
                             63 ;cases/gte_20001111-1.c:7: void exit__substitute(int i){ASSERT(!i); longjmp(after_main, 1);}
                             64 ;	genLabel
                             65 ;	genFunction
                             66 ;	---------------------------------
                             67 ; Function exit__substitute
                             68 ; ---------------------------------
                             69 ;	Register assignment might be sub-optimal.
                             70 ; Stack space usage: 0 bytes.
   0000                      71 _exit__substitute::
                             72 ;	genReceive
                             73 ;	genMove_o size 2 result type 2 source type 2 a_dead 1 hl_dead 1 de_dead 1 iy_dead 1 f_dead 1
   0000 EB            [ 4]   74 	ex	de, hl
                             75 ;	genMove_o size 0 result type 2 source type 1 a_dead 1 hl_dead 1 de_dead 1 iy_dead 1 f_dead 1
                             76 ;	genPlus
                             77 ;	genMove_o size 2 result type 2 source type 10 a_dead 1 hl_dead 1 de_dead 0 iy_dead 1 f_dead 1
   0001 2Ar00s00      [16]   78 	ld	hl, (___numTests)
   0004 23            [ 6]   79 	inc	hl
                             80 ;	genMove_o size 2 result type 10 source type 2 a_dead 1 hl_dead 1 de_dead 0 iy_dead 1 f_dead 1
   0005 22r00s00      [16]   81 	ld	(___numTests), hl
                             82 ;	genIfx
   0008 7A            [ 4]   83 	ld	a, d
   0009 B3            [ 4]   84 	or	a, e
                             85 ; common peephole 163 changed absolute to relative conditional jump.
   000A 28 11         [12]   86 	jr	z, 00104$
                             87 ;	skipping iCode since result will be rematerialized
                             88 ;	skipping iCode since result will be rematerialized
                             89 ;	skipping iCode since result will be rematerialized
                             90 ;	skipping iCode since result will be rematerialized
                             91 ;	skipping iCode since result will be rematerialized
                             92 ;	skipping iCode since result will be rematerialized
                             93 ;	genIpush
                             94 ;	genMove_o size 2 result type 2 source type 1 a_dead 1 hl_dead 1 de_dead 1 iy_dead 1 f_dead 1
   000C 21 07 00      [10]   95 	ld	hl, #0x0007
   000F E5            [11]   96 	push	hl
                             97 ;	genIpush
                             98 ;	genMove_o size 2 result type 2 source type 7 a_dead 1 hl_dead 1 de_dead 1 iy_dead 1 f_dead 1
   0010 21r3As00      [10]   99 	ld	hl, #___str_2
   0013 E5            [11]  100 	push	hl
                            101 ;	genSend
                            102 ;	genMove_o size 2 result type 2 source type 7 a_dead 1 hl_dead 1 de_dead 1 iy_dead 1 f_dead 1
   0014 11r37s00      [10]  103 	ld	de, #___str_1
                            104 ;	genSend
                            105 ;	genMove_o size 2 result type 2 source type 7 a_dead 1 hl_dead 1 de_dead 0 iy_dead 1 f_dead 1
   0017 21r26s00      [10]  106 	ld	hl, #___str_0
                            107 ;	genCall
   001A CDr00s00      [17]  108 	call	___fail
                            109 ;	genLabel
   001D                     110 00104$:
                            111 ;	skipping iCode since result will be rematerialized
                            112 ;	skipping iCode since result will be rematerialized
                            113 ;	genSend
                            114 ;	genMove_o size 2 result type 2 source type 1 a_dead 1 hl_dead 1 de_dead 1 iy_dead 1 f_dead 1
   001D 11 01 00      [10]  115 	ld	de, #0x0001
                            116 ;	genSend
                            117 ;	genMove_o size 2 result type 2 source type 7 a_dead 1 hl_dead 1 de_dead 0 iy_dead 1 f_dead 1
   0020 21r00s00      [10]  118 	ld	hl, #_after_main
                            119 ;	genCall
                            120 ;	genLabel
                            121 ; common peephole 159 removed unused label 00101$.
                            122 ;	genEndFunction
   0023 C3r00s00      [10]  123 	jp	_longjmp
                            124 ; common peephole 152 removed unused ret.
                            125 ;	Total exit__substitute function size at codegen: 1 bytes.
   0026                     126 ___str_0:
   0026 41 73 73 65 72 74   127 	.ascii "Assertion failed"
        69 6F 6E 20 66 61
        69 6C 65 64
   0036 00                  128 	.db 0x00
   0037                     129 ___str_1:
   0037 21 69               130 	.ascii "!i"
   0039 00                  131 	.db 0x00
   003A                     132 ___str_2:
   003A 63 61 73 65 73 2F   133 	.ascii "cases/gte_20001111-1.c"
        67 74 65 5F 32 30
        30 30 31 31 31 31
        2D 31 2E 63
   0050 00                  134 	.db 0x00
                            135 ;cases/gte_20001111-1.c:11: void abort(void) {ASSERT(0);}
                            136 ;	genLabel
                            137 ;	genFunction
                            138 ;	---------------------------------
                            139 ; Function abort
                            140 ; ---------------------------------
                            141 ;	Register assignment might be sub-optimal.
                            142 ; Stack space usage: 0 bytes.
   0051                     143 _abort::
                            144 ;	genPlus
                            145 ;	genMove_o size 2 result type 2 source type 10 a_dead 1 hl_dead 1 de_dead 1 iy_dead 1 f_dead 1
   0051 2Ar00s00      [16]  146 	ld	hl, (___numTests)
   0054 23            [ 6]  147 	inc	hl
                            148 ;	genMove_o size 2 result type 10 source type 2 a_dead 1 hl_dead 1 de_dead 1 iy_dead 1 f_dead 1
   0055 22r00s00      [16]  149 	ld	(___numTests), hl
                            150 ;	skipping iCode since result will be rematerialized
                            151 ;	skipping iCode since result will be rematerialized
                            152 ;	skipping iCode since result will be rematerialized
                            153 ;	skipping iCode since result will be rematerialized
                            154 ;	skipping iCode since result will be rematerialized
                            155 ;	skipping iCode since result will be rematerialized
                            156 ;	genIpush
                            157 ;	genMove_o size 2 result type 2 source type 1 a_dead 1 hl_dead 1 de_dead 1 iy_dead 1 f_dead 1
   0058 21 0B 00      [10]  158 	ld	hl, #0x000b
   005B E5            [11]  159 	push	hl
                            160 ;	genIpush
                            161 ;	genMove_o size 2 result type 2 source type 7 a_dead 1 hl_dead 1 de_dead 1 iy_dead 1 f_dead 1
   005C 21r7Ds00      [10]  162 	ld	hl, #__str_5
   005F E5            [11]  163 	push	hl
                            164 ;	genSend
                            165 ;	genMove_o size 2 result type 2 source type 7 a_dead 1 hl_dead 1 de_dead 1 iy_dead 1 f_dead 1
   0060 11r7Bs00      [10]  166 	ld	de, #__str_4
                            167 ;	genSend
                            168 ;	genMove_o size 2 result type 2 source type 7 a_dead 1 hl_dead 1 de_dead 0 iy_dead 1 f_dead 1
   0063 21r6As00      [10]  169 	ld	hl, #__str_3
                            170 ;	genCall
   0066 CDr00s00      [17]  171 	call	___fail
                            172 ;	genLabel
                            173 ; common peephole 159 removed unused label 00101$.
                            174 ;	genEndFunction
   0069 C9            [10]  175 	ret
                            176 ;	Total abort function size at codegen: 1 bytes.
   006A                     177 __str_3:
   006A 41 73 73 65 72 74   178 	.ascii "Assertion failed"
        69 6F 6E 20 66 61
        69 6C 65 64
   007A 00                  179 	.db 0x00
   007B                     180 __str_4:
   007B 30                  181 	.ascii "0"
   007C 00                  182 	.db 0x00
   007D                     183 __str_5:
   007D 63 61 73 65 73 2F   184 	.ascii "cases/gte_20001111-1.c"
        67 74 65 5F 32 30
        30 30 31 31 31 31
        2D 31 2E 63
   0093 00                  185 	.db 0x00
                            186 ;cases/../gte/20001111-1.c:8: foo (unsigned int offset)
                            187 ;	genLabel
                            188 ;	genFunction
                            189 ;	---------------------------------
                            190 ; Function foo
                            191 ; ---------------------------------
                            192 ;	Register assignment might be sub-optimal.
                            193 ; Stack space usage: 2 bytes.
   0094                     194 _foo::
   0094 DD E5         [15]  195 	push	ix
   0096 DD 21 00 00   [14]  196 	ld	ix,	#0
   009A DD 39         [15]  197 	add	ix, sp
                            198 ;	adjustStack by -2
                            199 ;	genReceive
                            200 ;	genMove_o size 2 result type 6 source type 2 a_dead 1 hl_dead 1 de_dead 1 iy_dead 1 f_dead 1
                            201 ; common peephole 26a merged push and ex (sp), since hl isn't used.
   009C E5            [11]  202 	push	hl
                            203 ;	genMove_o size 0 result type 6 source type 1 a_dead 1 hl_dead 1 de_dead 1 iy_dead 1 f_dead 1
                            204 ;cases/../gte/20001111-1.c:14: i = u;
                            205 ;	genAssign
                            206 ;	genMove_o size 2 result type 2 source type 10 a_dead 1 hl_dead 1 de_dead 1 iy_dead 1 f_dead 1
   009D ED 4Br04s00   [20]  207 	ld	bc, (_u)
                            208 ;cases/../gte/20001111-1.c:15: if (i)
                            209 ;	genIfx
   00A1 78            [ 4]  210 	ld	a, b
   00A2 B1            [ 4]  211 	or	a, c
                            212 ; common peephole 163 changed absolute to relative conditional jump.
   00A3 28 20         [12]  213 	jr	z, 00113$
                            214 ;cases/../gte/20001111-1.c:16: return i * 0xce2f;
                            215 ;	genMult
                            216 ;fetchPairLong
   00A5 69            [ 4]  217 	ld	l, c
   00A6 60            [ 4]  218 	ld	h, b
   00A7 29            [11]  219 	add	hl, hl
   00A8 09            [11]  220 	add	hl, bc
   00A9 29            [11]  221 	add	hl, hl
   00AA 29            [11]  222 	add	hl, hl
   00AB 29            [11]  223 	add	hl, hl
   00AC 09            [11]  224 	add	hl, bc
   00AD 29            [11]  225 	add	hl, hl
   00AE 09            [11]  226 	add	hl, bc
   00AF 29            [11]  227 	add	hl, hl
   00B0 09            [11]  228 	add	hl, bc
   00B1 29            [11]  229 	add	hl, hl
   00B2 29            [11]  230 	add	hl, hl
   00B3 29            [11]  231 	add	hl, hl
   00B4 29            [11]  232 	add	hl, hl
   00B5 09            [11]  233 	add	hl, bc
   00B6 29            [11]  234 	add	hl, hl
   00B7 29            [11]  235 	add	hl, hl
   00B8 09            [11]  236 	add	hl, bc
   00B9 29            [11]  237 	add	hl, hl
   00BA 09            [11]  238 	add	hl, bc
   00BB 29            [11]  239 	add	hl, hl
   00BC 09            [11]  240 	add	hl, bc
   00BD 29            [11]  241 	add	hl, hl
   00BE 09            [11]  242 	add	hl, bc
                            243 ;	genMove_o size 2 result type 2 source type 2 a_dead 1 hl_dead 1 de_dead 1 iy_dead 1 f_dead 1
   00BF EB            [ 4]  244 	ex	de, hl
                            245 ;	genMove_o size 0 result type 2 source type 1 a_dead 1 hl_dead 1 de_dead 1 iy_dead 1 f_dead 1
                            246 ;	genCast
                            247 ;	genMove_o size 2 result type 2 source type 2 a_dead 1 hl_dead 1 de_dead 1 iy_dead 1 f_dead 1
                            248 ;	genMove_o size 2 result type 2 source type 1 a_dead 1 hl_dead 1 de_dead 0 iy_dead 1 f_dead 1
   00C0 21 00 00      [10]  249 	ld	hl, #0x0000
                            250 ;	genRet
                            251 ;	genMove_o size 4 result type 2 source type 2 a_dead 1 hl_dead 1 de_dead 1 iy_dead 1 f_dead 1
                            252 ; common peephole 162 changed absolute to relative unconditional jump.
   00C3 18 2D         [12]  253 	jr	00107$
                            254 ;cases/../gte/20001111-1.c:20: for (i = 0; i < 2; i++)
                            255 ;	genLabel
   00C5                     256 00113$:
                            257 ;	genAssign
                            258 ;	genMove_o size 1 result type 2 source type 1 a_dead 1 hl_dead 1 de_dead 1 iy_dead 1 f_dead 1
   00C5 06 02         [ 7]  259 	ld	b, #0x02
                            260 ;	genLabel
   00C7                     261 00106$:
                            262 ;cases/../gte/20001111-1.c:21: bar ();
                            263 ;	genCall
   00C7 C5            [11]  264 	push	bc
   00C8 CDrF7s00      [17]  265 	call	_bar
   00CB C1            [10]  266 	pop	bc
                            267 ;	genMinus
                            268 ; common peephole 163 changed absolute to relative conditional jump.
                            269 ; common peephole 167 used djnz
   00CC 10 F9         [13]  270 	djnz	00106$
                            271 ;cases/../gte/20001111-1.c:20: for (i = 0; i < 2; i++)
                            272 ;	skipping generated iCode
                            273 ;cases/../gte/20001111-1.c:22: buffer = next_buffer;
                            274 ;	genAssign
                            275 ;	genMove_o size 2 result type 2 source type 10 a_dead 1 hl_dead 1 de_dead 1 iy_dead 1 f_dead 1
   00CE 2Ar00s00      [16]  276 	ld	hl, (_next_buffer)
                            277 ;cases/../gte/20001111-1.c:23: return buffer * 0xce2f + offset;
                            278 ;	genMult
                            279 ;fetchPairLong
   00D1 4D            [ 4]  280 	ld	c, l
   00D2 44            [ 4]  281 	ld	b, h
   00D3 29            [11]  282 	add	hl, hl
   00D4 09            [11]  283 	add	hl, bc
   00D5 29            [11]  284 	add	hl, hl
   00D6 29            [11]  285 	add	hl, hl
   00D7 29            [11]  286 	add	hl, hl
   00D8 09            [11]  287 	add	hl, bc
   00D9 29            [11]  288 	add	hl, hl
   00DA 09            [11]  289 	add	hl, bc
   00DB 29            [11]  290 	add	hl, hl
   00DC 09            [11]  291 	add	hl, bc
   00DD 29            [11]  292 	add	hl, hl
   00DE 29            [11]  293 	add	hl, hl
   00DF 29            [11]  294 	add	hl, hl
   00E0 29            [11]  295 	add	hl, hl
   00E1 09            [11]  296 	add	hl, bc
   00E2 29            [11]  297 	add	hl, hl
   00E3 29            [11]  298 	add	hl, hl
   00E4 09            [11]  299 	add	hl, bc
   00E5 29            [11]  300 	add	hl, hl
   00E6 09            [11]  301 	add	hl, bc
   00E7 29            [11]  302 	add	hl, hl
   00E8 09            [11]  303 	add	hl, bc
   00E9 29            [11]  304 	add	hl, hl
   00EA 09            [11]  305 	add	hl, bc
                            306 ;	genMove_o size 2 result type 2 source type 2 a_dead 1 hl_dead 1 de_dead 1 iy_dead 1 f_dead 1
                            307 ;	genPlus
                            308 ;	genMove_o size 2 result type 2 source type 6 a_dead 0 hl_dead 0 de_dead 0 iy_dead 0 f_dead 1
   00EB D1            [10]  309 	pop	de
   00EC D5            [11]  310 	push	de
                            311 ;	genMove_o size 0 result type 2 source type 1 a_dead 0 hl_dead 0 de_dead 1 iy_dead 0 f_dead 1
   00ED 19            [11]  312 	add	hl, de
                            313 ;	genCast
                            314 ;	genMove_o size 2 result type 2 source type 2 a_dead 1 hl_dead 1 de_dead 1 iy_dead 1 f_dead 1
   00EE EB            [ 4]  315 	ex	de, hl
                            316 ;	genMove_o size 0 result type 2 source type 1 a_dead 1 hl_dead 0 de_dead 1 iy_dead 1 f_dead 1
                            317 ;	genMove_o size 2 result type 2 source type 1 a_dead 1 hl_dead 1 de_dead 0 iy_dead 1 f_dead 1
   00EF 21 00 00      [10]  318 	ld	hl, #0x0000
                            319 ;	genRet
                            320 ;	genMove_o size 4 result type 2 source type 2 a_dead 1 hl_dead 1 de_dead 1 iy_dead 1 f_dead 1
                            321 ;	genLabel
   00F2                     322 00107$:
                            323 ;cases/../gte/20001111-1.c:25: }
                            324 ;	genEndFunction
   00F2 DD F9         [10]  325 	ld	sp, ix
   00F4 DD E1         [14]  326 	pop	ix
   00F6 C9            [10]  327 	ret
                            328 ;	Total foo function size at codegen: 5 bytes.
                            329 ;cases/../gte/20001111-1.c:28: bar (void)
                            330 ;	genLabel
                            331 ;	genFunction
                            332 ;	---------------------------------
                            333 ; Function bar
                            334 ; ---------------------------------
                            335 ;	Register assignment is optimal.
                            336 ; Stack space usage: 0 bytes.
   00F7                     337 _bar::
                            338 ;cases/../gte/20001111-1.c:30: }
                            339 ;	genLabel
                            340 ; common peephole 159 removed unused label 00101$.
                            341 ;	genEndFunction
   00F7 C9            [10]  342 	ret
                            343 ;	Total bar function size at codegen: 1 bytes.
                            344 ;cases/../gte/20001111-1.c:33: main ()
                            345 ;	genLabel
                            346 ;	genFunction
                            347 ;	---------------------------------
                            348 ; Function main_
                            349 ; ---------------------------------
                            350 ;	Register assignment is optimal.
                            351 ; Stack space usage: 0 bytes.
   00F8                     352 _main_::
                            353 ;cases/../gte/20001111-1.c:35: if (foo (3) != 3)
                            354 ;	genSend
                            355 ;	genMove_o size 2 result type 2 source type 1 a_dead 1 hl_dead 1 de_dead 1 iy_dead 1 f_dead 1
   00F8 21 03 00      [10]  356 	ld	hl, #0x0003
                            357 ;	genCall
   00FB CDr94s00      [17]  358 	call	_foo
                            359 ;	genMove_o size 4 result type 2 source type 2 a_dead 1 hl_dead 1 de_dead 1 iy_dead 1 f_dead 1
                            360 ;	genCmpEq
                            361 ;	genMove_o size 1 result type 2 source type 2 a_dead 1 hl_dead 0 de_dead 0 iy_dead 0 f_dead 1
   00FE 7B            [ 4]  362 	ld	a, e
                            363 ;	genMove_o size 0 result type 2 source type 1 a_dead 1 hl_dead 0 de_dead 0 iy_dead 0 f_dead 1
   00FF D6 03         [ 7]  364 	sub	a, #0x03
   0101 B2            [ 4]  365 	or	a, d
   0102 B5            [ 4]  366 	or	a, l
   0103 B4            [ 4]  367 	or	a, h
                            368 ; common peephole 163 changed absolute to relative conditional jump.
   0104 28 03         [12]  369 	jr	z, 00102$
                            370 ; common peephole 81 removed jp by using inverse jump logic
                            371 ; common peephole 159 removed unused label 00123$.
                            372 ;	skipping generated iCode
                            373 ;cases/../gte/20001111-1.c:36: abort ();
                            374 ;	genCall
   0106 CDr51s00      [17]  375 	call	_abort
                            376 ;	genLabel
   0109                     377 00102$:
                            378 ;cases/../gte/20001111-1.c:37: next_buffer = 1;
                            379 ;	genAssign
                            380 ;fetchPairLong
   0109 21 01 00      [10]  381 	ld	hl, #0x0001
                            382 ;	genMove_o size 2 result type 10 source type 2 a_dead 1 hl_dead 1 de_dead 1 iy_dead 1 f_dead 1
   010C 22r00s00      [16]  383 	ld	(_next_buffer), hl
                            384 ;cases/../gte/20001111-1.c:38: if (foo (2) != 0xce2f + 2)
                            385 ;	genSend
                            386 ;	genMove_o size 2 result type 2 source type 1 a_dead 1 hl_dead 1 de_dead 1 iy_dead 1 f_dead 1
   010F 2E 02         [ 7]  387 	ld	l, #0x02
                            388 ;	genCall
   0111 CDr94s00      [17]  389 	call	_foo
                            390 ;	genMove_o size 4 result type 2 source type 2 a_dead 1 hl_dead 1 de_dead 1 iy_dead 1 f_dead 1
                            391 ;	genCmpEq
                            392 ;	genMove_o size 1 result type 2 source type 2 a_dead 1 hl_dead 0 de_dead 0 iy_dead 0 f_dead 1
   0114 7B            [ 4]  393 	ld	a, e
                            394 ;	genMove_o size 0 result type 2 source type 1 a_dead 1 hl_dead 0 de_dead 0 iy_dead 0 f_dead 1
   0115 D6 31         [ 7]  395 	sub	a, #0x31
                            396 ; common peephole 163 changed absolute to relative conditional jump.
   0117 20 07         [12]  397 	jr	nz, 00124$
                            398 ;	genMove_o size 1 result type 2 source type 2 a_dead 1 hl_dead 0 de_dead 0 iy_dead 0 f_dead 1
   0119 7A            [ 4]  399 	ld	a, d
                            400 ;	genMove_o size 0 result type 2 source type 1 a_dead 1 hl_dead 0 de_dead 0 iy_dead 0 f_dead 1
   011A D6 CE         [ 7]  401 	sub	a, #0xce
   011C B5            [ 4]  402 	or	a, l
   011D B4            [ 4]  403 	or	a, h
                            404 ; common peephole 163 changed absolute to relative conditional jump.
   011E 28 03         [12]  405 	jr	z, 00104$
                            406 ; common peephole 81 removed jp by using inverse jump logic
   0120                     407 00124$:
                            408 ;	skipping generated iCode
                            409 ;cases/../gte/20001111-1.c:39: abort ();
                            410 ;	genCall
   0120 CDr51s00      [17]  411 	call	_abort
                            412 ;	genLabel
   0123                     413 00104$:
                            414 ;cases/../gte/20001111-1.c:40: exit (0);
                            415 ;	genSend
                            416 ;	genMove_o size 2 result type 2 source type 1 a_dead 1 hl_dead 1 de_dead 1 iy_dead 1 f_dead 1
   0123 21 00 00      [10]  417 	ld	hl, #0x0000
                            418 ;	genCall
                            419 ;	genLabel
                            420 ; common peephole 159 removed unused label 00105$.
                            421 ;cases/../gte/20001111-1.c:41: }
                            422 ;	genEndFunction
   0126 C3r00s00      [10]  423 	jp	_exit__substitute
                            424 ; common peephole 152 removed unused ret.
                            425 ;	Total main_ function size at codegen: 1 bytes.
                            426 ;cases/gte_20001111-1.c:14: void __runSuite(void) { __prints("Running main\n");if(!setjmp(after_main))
                            427 ;	genLabel
                            428 ;	genFunction
                            429 ;	---------------------------------
                            430 ; Function __runSuite
                            431 ; ---------------------------------
                            432 ;	Register assignment might be sub-optimal.
                            433 ; Stack space usage: 0 bytes.
   0129                     434 ___runSuite::
                            435 ;	skipping iCode since result will be rematerialized
                            436 ;	skipping iCode since result will be rematerialized
                            437 ;	genSend
                            438 ;	genMove_o size 2 result type 2 source type 7 a_dead 1 hl_dead 1 de_dead 1 iy_dead 1 f_dead 1
   0129 21r3Bs01      [10]  439 	ld	hl, #___str_6
                            440 ;	genCall
   012C CDr00s00      [17]  441 	call	___prints
                            442 ;	skipping iCode since result will be rematerialized
                            443 ;	skipping iCode since result will be rematerialized
                            444 ;	genSend
                            445 ;	genMove_o size 2 result type 2 source type 7 a_dead 1 hl_dead 1 de_dead 1 iy_dead 1 f_dead 1
   012F 21r00s00      [10]  446 	ld	hl, #_after_main
                            447 ;	genCall
   0132 CDr00s00      [17]  448 	call	___setjmp
                            449 ;	genMove_o size 2 result type 2 source type 2 a_dead 1 hl_dead 1 de_dead 1 iy_dead 1 f_dead 1
                            450 ;	genIfx
   0135 7A            [ 4]  451 	ld	a, d
   0136 B3            [ 4]  452 	or	a, e
                            453 ;cases/gte_20001111-1.c:15: main_(MAINARGS); }
                            454 ;	genCall
                            455 ;	genLabel
   0137 CArF8s00      [10]  456 	jp	z, _main_
                            457 ; common peephole 81 removed jp by using inverse jump logic
                            458 ; common peephole 159 removed unused label 00103$.
                            459 ;	genEndFunction
   013A C9            [10]  460 	ret
                            461 ;	Total __runSuite function size at codegen: 1 bytes.
   013B                     462 ___str_6:
   013B 52 75 6E 6E 69 6E   463 	.ascii "Running main"
        67 20 6D 61 69 6E
   0147 0A                  464 	.db 0x0a
   0148 00                  465 	.db 0x00
                            466 ;cases/gte_20001111-1.c:17: __code const char * __getSuiteName(void) { return "gte/20001111-1"; }
                            467 ;	genLabel
                            468 ;	genFunction
                            469 ;	---------------------------------
                            470 ; Function __getSuiteName
                            471 ; ---------------------------------
                            472 ;	Register assignment is optimal.
                            473 ; Stack space usage: 0 bytes.
   0149                     474 ___getSuiteName::
                            475 ;	skipping iCode since result will be rematerialized
                            476 ;	skipping iCode since result will be rematerialized
                            477 ;	genRet
                            478 ;	genMove_o size 2 result type 2 source type 7 a_dead 1 hl_dead 1 de_dead 1 iy_dead 1 f_dead 1
   0149 11r4Fs01      [10]  479 	ld	de, #___str_7
                            480 ;	genLabel
                            481 ; common peephole 159 removed unused label 00101$.
                            482 ;	genEndFunction
   014C C9            [10]  483 	ret
                            484 ;	Total __getSuiteName function size at codegen: 1 bytes.
   014D                     485 ___numCases:
   014D 01 00               486 	.dw #0x0001
   014F                     487 ___str_7:
   014F 67 74 65 2F 32 30   488 	.ascii "gte/20001111-1"
        30 30 31 31 31 31
        2D 31
   015D 00                  489 	.db 0x00
                            490 	.area _CODE (BANK=_CSEG)
                            491 	.area _INITIALIZER
   0000                     492 __xinit__next_buffer:
   0000 00 00               493 	.dw #0x0000
   0002                     494 __xinit__t:
   0002 01 00               495 	.dw #0x0001
   0004                     496 __xinit__u:
   0004 00 00               497 	.dw #0x0000
                            498 	.area _CABS (ABS)
