                              1 ;--------------------------------------------------------
                              2 ; File Created by SDCC : free open source ISO C Compiler
                              3 ; Version 4.6.2 #16710 (Linux)
                              4 ;--------------------------------------------------------
                              5 	.module gte_pr29797_2
                              6 	
                              7 ;--------------------------------------------------------
                              8 ; Public variables in this module
                              9 ;--------------------------------------------------------
                             10 	.globl _main_
                             11 	.globl _bar
                             12 	.globl _abort
                             13 	.globl ___prints
                             14 	.globl ___fail
                             15 	.globl ___numCases
                             16 	.globl ___runSuite
                             17 	.globl ___getSuiteName
                             18 ;--------------------------------------------------------
                             19 ; special function registers
                             20 ;--------------------------------------------------------
                             21 ;--------------------------------------------------------
                             22 ; ram data
                             23 ;--------------------------------------------------------
                             24 	.area _DATA (BANK=_DSEG)
                             25 ;--------------------------------------------------------
                             26 ; ram data
                             27 ;--------------------------------------------------------
                             28 	.area _INITIALIZED
                             29 ;--------------------------------------------------------
                             30 ; absolute ram data
                             31 ;--------------------------------------------------------
                             32 	.area _DABS (ABS)
                             33 	.area _DABS (ABS)
                             34 ;--------------------------------------------------------
                             35 ; global & static initialisations
                             36 ;--------------------------------------------------------
                             37 	.area _HOME
                             38 	.area _GSINIT
                             39 	.area _GSFINAL
                             40 	.area _GSINIT
                             41 ;--------------------------------------------------------
                             42 ; Home
                             43 ;--------------------------------------------------------
                             44 	.area _HOME (BANK=_CSEG)
                             45 	.area _HOME (BANK=_CSEG)
                             46 ;--------------------------------------------------------
                             47 ; code
                             48 ;--------------------------------------------------------
                             49 	.area _CODE (BANK=_CSEG)
                             50 ;cases/gte_pr29797-2.c:7: void abort(void) {ASSERT(0);}
                             51 ;	genLabel
                             52 ;	genFunction
                             53 ;	---------------------------------
                             54 ; Function abort
                             55 ; ---------------------------------
                             56 ;	Register assignment might be sub-optimal.
                             57 ; Stack space usage: 0 bytes.
   0000                      58 _abort::
                             59 ;	genPlus
                             60 ;	genMove_o size 2 result type 2 source type 10 a_dead 1 hl_dead 1 de_dead 1 iy_dead 1 f_dead 1
   0000 2Ar00s00      [16]   61 	ld	hl, (___numTests)
   0003 23            [ 6]   62 	inc	hl
                             63 ;	genMove_o size 2 result type 10 source type 2 a_dead 1 hl_dead 1 de_dead 1 iy_dead 1 f_dead 1
   0004 22r00s00      [16]   64 	ld	(___numTests), hl
                             65 ;	skipping iCode since result will be rematerialized
                             66 ;	skipping iCode since result will be rematerialized
                             67 ;	skipping iCode since result will be rematerialized
                             68 ;	skipping iCode since result will be rematerialized
                             69 ;	skipping iCode since result will be rematerialized
                             70 ;	skipping iCode since result will be rematerialized
                             71 ;	genIpush
                             72 ;	genMove_o size 2 result type 2 source type 1 a_dead 1 hl_dead 1 de_dead 1 iy_dead 1 f_dead 1
   0007 21 07 00      [10]   73 	ld	hl, #0x0007
   000A E5            [11]   74 	push	hl
                             75 ;	genIpush
                             76 ;	genMove_o size 2 result type 2 source type 7 a_dead 1 hl_dead 1 de_dead 1 iy_dead 1 f_dead 1
   000B 21r2Cs00      [10]   77 	ld	hl, #__str_2
   000E E5            [11]   78 	push	hl
                             79 ;	genSend
                             80 ;	genMove_o size 2 result type 2 source type 7 a_dead 1 hl_dead 1 de_dead 1 iy_dead 1 f_dead 1
   000F 11r2As00      [10]   81 	ld	de, #__str_1
                             82 ;	genSend
                             83 ;	genMove_o size 2 result type 2 source type 7 a_dead 1 hl_dead 1 de_dead 0 iy_dead 1 f_dead 1
   0012 21r19s00      [10]   84 	ld	hl, #__str_0
                             85 ;	genCall
   0015 CDr00s00      [17]   86 	call	___fail
                             87 ;	genLabel
                             88 ; common peephole 159 removed unused label 00101$.
                             89 ;	genEndFunction
   0018 C9            [10]   90 	ret
                             91 ;	Total abort function size at codegen: 1 bytes.
   0019                      92 __str_0:
   0019 41 73 73 65 72 74    93 	.ascii "Assertion failed"
        69 6F 6E 20 66 61
        69 6C 65 64
   0029 00                   94 	.db 0x00
   002A                      95 __str_1:
   002A 30                   96 	.ascii "0"
   002B 00                   97 	.db 0x00
   002C                      98 __str_2:
   002C 63 61 73 65 73 2F    99 	.ascii "cases/gte_pr29797-2.c"
        67 74 65 5F 70 72
        32 39 37 39 37 2D
        32 2E 63
   0041 00                  100 	.db 0x00
                            101 ;cases/../gte/pr29797-2.c:3: unsigned long bar(void) { return 32768; }
                            102 ;	genLabel
                            103 ;	genFunction
                            104 ;	---------------------------------
                            105 ; Function bar
                            106 ; ---------------------------------
                            107 ;	Register assignment is optimal.
                            108 ; Stack space usage: 0 bytes.
   0042                     109 _bar::
                            110 ;	genRet
                            111 ;fetchPairLong
   0042 11 00 80      [10]  112 	ld	de, #0x8000
   0045 6B            [ 4]  113 	ld	l, e
   0046 63            [ 4]  114 	ld	h, e
                            115 ;	genLabel
                            116 ; common peephole 159 removed unused label 00101$.
                            117 ;	genEndFunction
   0047 C9            [10]  118 	ret
                            119 ;	Total bar function size at codegen: 1 bytes.
                            120 ;cases/../gte/pr29797-2.c:5: int main()
                            121 ;	genLabel
                            122 ;	genFunction
                            123 ;	---------------------------------
                            124 ; Function main_
                            125 ; ---------------------------------
                            126 ;	Register assignment is optimal.
                            127 ; Stack space usage: 0 bytes.
   0048                     128 _main_::
                            129 ;cases/../gte/pr29797-2.c:7: unsigned long nStyle = bar ();
                            130 ;	genCall
   0048 CDr42s00      [17]  131 	call	_bar
                            132 ;	genMove_o size 4 result type 2 source type 2 a_dead 1 hl_dead 1 de_dead 1 iy_dead 1 f_dead 1
                            133 ;cases/../gte/pr29797-2.c:8: if (nStyle & 32768)
                            134 ;	genAnd
   004B CB 7A         [ 8]  135 	bit	7, d
                            136 ; common peephole 163 changed absolute to relative conditional jump.
   004D 28 02         [12]  137 	jr	z, 00102$
                            138 ; common peephole 81 removed jp by using inverse jump logic
                            139 ; common peephole 159 removed unused label 00123$.
                            140 ;	skipping generated iCode
                            141 ;cases/../gte/pr29797-2.c:9: nStyle |= 65536;
                            142 ;	genOr
                            143 ;	genMove_o size 2 result type 2 source type 2 a_dead 1 hl_dead 0 de_dead 0 iy_dead 1 f_dead 1
   004F CB C5         [ 8]  144 	set	0, l
                            145 ;	genMove_o size 1 result type 2 source type 2 a_dead 1 hl_dead 0 de_dead 0 iy_dead 1 f_dead 1
                            146 ;	genLabel
   0051                     147 00102$:
                            148 ;cases/../gte/pr29797-2.c:10: if (nStyle != (32768 | 65536))
                            149 ;	genCmpEq
   0051 7B            [ 4]  150 	ld	a, e
   0052 B7            [ 4]  151 	or	a, a
                            152 ; common peephole 163 changed absolute to relative conditional jump.
   0053 20 0A         [12]  153 	jr	nz, 00124$
                            154 ;	genMove_o size 1 result type 2 source type 2 a_dead 1 hl_dead 0 de_dead 0 iy_dead 0 f_dead 1
   0055 7A            [ 4]  155 	ld	a, d
                            156 ;	genMove_o size 0 result type 2 source type 1 a_dead 1 hl_dead 0 de_dead 0 iy_dead 0 f_dead 1
   0056 D6 80         [ 7]  157 	sub	a, #0x80
                            158 ; common peephole 163 changed absolute to relative conditional jump.
   0058 20 05         [12]  159 	jr	nz, 00124$
                            160 ;	genMove_o size 1 result type 2 source type 2 a_dead 1 hl_dead 0 de_dead 0 iy_dead 0 f_dead 1
   005A 7D            [ 4]  161 	ld	a, l
                            162 ;	genMove_o size 0 result type 2 source type 1 a_dead 1 hl_dead 0 de_dead 0 iy_dead 0 f_dead 1
   005B 3D            [ 4]  163 	dec	a
   005C B4            [ 4]  164 	or	a, h
                            165 ; common peephole 163 changed absolute to relative conditional jump.
   005D 28 03         [12]  166 	jr	z, 00104$
                            167 ; common peephole 81 removed jp by using inverse jump logic
   005F                     168 00124$:
                            169 ;	skipping generated iCode
                            170 ;cases/../gte/pr29797-2.c:11: abort ();
                            171 ;	genCall
   005F CDr00s00      [17]  172 	call	_abort
                            173 ;	genLabel
   0062                     174 00104$:
                            175 ;cases/../gte/pr29797-2.c:12: return 0;
                            176 ;	genRet
                            177 ;	genMove_o size 2 result type 2 source type 1 a_dead 1 hl_dead 1 de_dead 1 iy_dead 1 f_dead 1
   0062 11 00 00      [10]  178 	ld	de, #0x0000
                            179 ;	genLabel
                            180 ; common peephole 159 removed unused label 00105$.
                            181 ;cases/../gte/pr29797-2.c:13: }
                            182 ;	genEndFunction
   0065 C9            [10]  183 	ret
                            184 ;	Total main_ function size at codegen: 4 bytes.
                            185 ;cases/gte_pr29797-2.c:10: void __runSuite(void) { __prints("Running main\n");main_(MAINARGS); }
                            186 ;	genLabel
                            187 ;	genFunction
                            188 ;	---------------------------------
                            189 ; Function __runSuite
                            190 ; ---------------------------------
                            191 ;	Register assignment is optimal.
                            192 ; Stack space usage: 0 bytes.
   0066                     193 ___runSuite::
                            194 ;	skipping iCode since result will be rematerialized
                            195 ;	skipping iCode since result will be rematerialized
                            196 ;	genSend
                            197 ;	genMove_o size 2 result type 2 source type 7 a_dead 1 hl_dead 1 de_dead 1 iy_dead 1 f_dead 1
   0066 21r6Fs00      [10]  198 	ld	hl, #___str_3
                            199 ;	genCall
   0069 CDr00s00      [17]  200 	call	___prints
                            201 ;	genCall
                            202 ;	genLabel
                            203 ; common peephole 159 removed unused label 00101$.
                            204 ;	genEndFunction
   006C C3r48s00      [10]  205 	jp	_main_
                            206 ; common peephole 152 removed unused ret.
                            207 ;	Total __runSuite function size at codegen: 1 bytes.
   006F                     208 ___str_3:
   006F 52 75 6E 6E 69 6E   209 	.ascii "Running main"
        67 20 6D 61 69 6E
   007B 0A                  210 	.db 0x0a
   007C 00                  211 	.db 0x00
                            212 ;cases/gte_pr29797-2.c:12: __code const char * __getSuiteName(void) { return "gte/pr29797-2"; }
                            213 ;	genLabel
                            214 ;	genFunction
                            215 ;	---------------------------------
                            216 ; Function __getSuiteName
                            217 ; ---------------------------------
                            218 ;	Register assignment is optimal.
                            219 ; Stack space usage: 0 bytes.
   007D                     220 ___getSuiteName::
                            221 ;	skipping iCode since result will be rematerialized
                            222 ;	skipping iCode since result will be rematerialized
                            223 ;	genRet
                            224 ;	genMove_o size 2 result type 2 source type 7 a_dead 1 hl_dead 1 de_dead 1 iy_dead 1 f_dead 1
   007D 11r83s00      [10]  225 	ld	de, #___str_4
                            226 ;	genLabel
                            227 ; common peephole 159 removed unused label 00101$.
                            228 ;	genEndFunction
   0080 C9            [10]  229 	ret
                            230 ;	Total __getSuiteName function size at codegen: 1 bytes.
   0081                     231 ___numCases:
   0081 01 00               232 	.dw #0x0001
   0083                     233 ___str_4:
   0083 67 74 65 2F 70 72   234 	.ascii "gte/pr29797-2"
        32 39 37 39 37 2D
        32
   0090 00                  235 	.db 0x00
                            236 	.area _CODE (BANK=_CSEG)
                            237 	.area _INITIALIZER
                            238 	.area _CABS (ABS)
