                              1 ;--------------------------------------------------------
                              2 ; File Created by SDCC : free open source ISO C Compiler
                              3 ; Version 4.6.2 #16710 (Linux)
                              4 ;--------------------------------------------------------
                              5 	.module gte_pr50865
                              6 	
                              7 ;--------------------------------------------------------
                              8 ; Public variables in this module
                              9 ;--------------------------------------------------------
                             10 	.globl _main_
                             11 	.globl _abort
                             12 	.globl ___builtin_abort
                             13 	.globl ___prints
                             14 	.globl ___fail
                             15 	.globl ___numCases
                             16 	.globl ___runSuite
                             17 	.globl ___getSuiteName
                             18 ;--------------------------------------------------------
                             19 ; special function registers
                             20 ;--------------------------------------------------------
                             21 ;--------------------------------------------------------
                             22 ; ram data
                             23 ;--------------------------------------------------------
                             24 	.area _DATA (BANK=_DSEG)
                             25 ;--------------------------------------------------------
                             26 ; ram data
                             27 ;--------------------------------------------------------
                             28 	.area _INITIALIZED
                             29 ;--------------------------------------------------------
                             30 ; absolute ram data
                             31 ;--------------------------------------------------------
                             32 	.area _DABS (ABS)
                             33 	.area _DABS (ABS)
                             34 ;--------------------------------------------------------
                             35 ; global & static initialisations
                             36 ;--------------------------------------------------------
                             37 	.area _HOME
                             38 	.area _GSINIT
                             39 	.area _GSFINAL
                             40 	.area _GSINIT
                             41 ;--------------------------------------------------------
                             42 ; Home
                             43 ;--------------------------------------------------------
                             44 	.area _HOME (BANK=_CSEG)
                             45 	.area _HOME (BANK=_CSEG)
                             46 ;--------------------------------------------------------
                             47 ; code
                             48 ;--------------------------------------------------------
                             49 	.area _CODE (BANK=_CSEG)
                             50 ;cases/gte_pr50865.c:6: void __builtin_abort(void){ASSERT(0);}
                             51 ;	genLabel
                             52 ;	genFunction
                             53 ;	---------------------------------
                             54 ; Function __builtin_abort
                             55 ; ---------------------------------
                             56 ;	Register assignment might be sub-optimal.
                             57 ; Stack space usage: 0 bytes.
   0000                      58 ___builtin_abort::
                             59 ;	genPlus
                             60 ;	genMove_o size 2 result type 2 source type 10 a_dead 1 hl_dead 1 de_dead 1 iy_dead 1 f_dead 1
   0000 2Ar00s00      [16]   61 	ld	hl, (___numTests)
   0003 23            [ 6]   62 	inc	hl
                             63 ;	genMove_o size 2 result type 10 source type 2 a_dead 1 hl_dead 1 de_dead 1 iy_dead 1 f_dead 1
   0004 22r00s00      [16]   64 	ld	(___numTests), hl
                             65 ;	skipping iCode since result will be rematerialized
                             66 ;	skipping iCode since result will be rematerialized
                             67 ;	skipping iCode since result will be rematerialized
                             68 ;	skipping iCode since result will be rematerialized
                             69 ;	skipping iCode since result will be rematerialized
                             70 ;	skipping iCode since result will be rematerialized
                             71 ;	genIpush
                             72 ;	genMove_o size 2 result type 2 source type 1 a_dead 1 hl_dead 1 de_dead 1 iy_dead 1 f_dead 1
   0007 21 06 00      [10]   73 	ld	hl, #0x0006
   000A E5            [11]   74 	push	hl
                             75 ;	genIpush
                             76 ;	genMove_o size 2 result type 2 source type 7 a_dead 1 hl_dead 1 de_dead 1 iy_dead 1 f_dead 1
   000B 21r2Cs00      [10]   77 	ld	hl, #__str_2
   000E E5            [11]   78 	push	hl
                             79 ;	genSend
                             80 ;	genMove_o size 2 result type 2 source type 7 a_dead 1 hl_dead 1 de_dead 1 iy_dead 1 f_dead 1
   000F 11r2As00      [10]   81 	ld	de, #__str_1
                             82 ;	genSend
                             83 ;	genMove_o size 2 result type 2 source type 7 a_dead 1 hl_dead 1 de_dead 0 iy_dead 1 f_dead 1
   0012 21r19s00      [10]   84 	ld	hl, #__str_0
                             85 ;	genCall
   0015 CDr00s00      [17]   86 	call	___fail
                             87 ;	genLabel
                             88 ; common peephole 159 removed unused label 00101$.
                             89 ;	genEndFunction
   0018 C9            [10]   90 	ret
                             91 ;	Total __builtin_abort function size at codegen: 1 bytes.
   0019                      92 __str_0:
   0019 41 73 73 65 72 74    93 	.ascii "Assertion failed"
        69 6F 6E 20 66 61
        69 6C 65 64
   0029 00                   94 	.db 0x00
   002A                      95 __str_1:
   002A 30                   96 	.ascii "0"
   002B 00                   97 	.db 0x00
   002C                      98 __str_2:
   002C 63 61 73 65 73 2F    99 	.ascii "cases/gte_pr50865.c"
        67 74 65 5F 70 72
        35 30 38 36 35 2E
        63
   003F 00                  100 	.db 0x00
                            101 ;cases/gte_pr50865.c:10: void abort(void) {ASSERT(0);}
                            102 ;	genLabel
                            103 ;	genFunction
                            104 ;	---------------------------------
                            105 ; Function abort
                            106 ; ---------------------------------
                            107 ;	Register assignment might be sub-optimal.
                            108 ; Stack space usage: 0 bytes.
   0040                     109 _abort::
                            110 ;	genPlus
                            111 ;	genMove_o size 2 result type 2 source type 10 a_dead 1 hl_dead 1 de_dead 1 iy_dead 1 f_dead 1
   0040 2Ar00s00      [16]  112 	ld	hl, (___numTests)
   0043 23            [ 6]  113 	inc	hl
                            114 ;	genMove_o size 2 result type 10 source type 2 a_dead 1 hl_dead 1 de_dead 1 iy_dead 1 f_dead 1
   0044 22r00s00      [16]  115 	ld	(___numTests), hl
                            116 ;	skipping iCode since result will be rematerialized
                            117 ;	skipping iCode since result will be rematerialized
                            118 ;	skipping iCode since result will be rematerialized
                            119 ;	skipping iCode since result will be rematerialized
                            120 ;	skipping iCode since result will be rematerialized
                            121 ;	skipping iCode since result will be rematerialized
                            122 ;	genIpush
                            123 ;	genMove_o size 2 result type 2 source type 1 a_dead 1 hl_dead 1 de_dead 1 iy_dead 1 f_dead 1
   0047 21 0A 00      [10]  124 	ld	hl, #0x000a
   004A E5            [11]  125 	push	hl
                            126 ;	genIpush
                            127 ;	genMove_o size 2 result type 2 source type 7 a_dead 1 hl_dead 1 de_dead 1 iy_dead 1 f_dead 1
   004B 21r6Cs00      [10]  128 	ld	hl, #__str_5
   004E E5            [11]  129 	push	hl
                            130 ;	genSend
                            131 ;	genMove_o size 2 result type 2 source type 7 a_dead 1 hl_dead 1 de_dead 1 iy_dead 1 f_dead 1
   004F 11r6As00      [10]  132 	ld	de, #__str_4
                            133 ;	genSend
                            134 ;	genMove_o size 2 result type 2 source type 7 a_dead 1 hl_dead 1 de_dead 0 iy_dead 1 f_dead 1
   0052 21r59s00      [10]  135 	ld	hl, #__str_3
                            136 ;	genCall
   0055 CDr00s00      [17]  137 	call	___fail
                            138 ;	genLabel
                            139 ; common peephole 159 removed unused label 00101$.
                            140 ;	genEndFunction
   0058 C9            [10]  141 	ret
                            142 ;	Total abort function size at codegen: 1 bytes.
   0059                     143 __str_3:
   0059 41 73 73 65 72 74   144 	.ascii "Assertion failed"
        69 6F 6E 20 66 61
        69 6C 65 64
   0069 00                  145 	.db 0x00
   006A                     146 __str_4:
   006A 30                  147 	.ascii "0"
   006B 00                  148 	.db 0x00
   006C                     149 __str_5:
   006C 63 61 73 65 73 2F   150 	.ascii "cases/gte_pr50865.c"
        67 74 65 5F 70 72
        35 30 38 36 35 2E
        63
   007F 00                  151 	.db 0x00
                            152 ;cases/../gte/pr50865.c:6: main ()
                            153 ;	genLabel
                            154 ;	genFunction
                            155 ;	---------------------------------
                            156 ; Function main_
                            157 ; ---------------------------------
                            158 ;	Register assignment is optimal.
                            159 ; Stack space usage: 32 bytes.
   0080                     160 _main_::
                            161 ;	adjustStack by -32
   0080 21 E0 FF      [10]  162 	ld	hl, #-32
   0083 39            [11]  163 	add	hl, sp
   0084 F9            [ 6]  164 	ld	sp, hl
                            165 ;cases/../gte/pr50865.c:8: volatile long long l1 = 1;
                            166 ;	genAssign
                            167 ;	genMove_o size 8 result type 12 source type 1 a_dead 1 hl_dead 1 de_dead 1 iy_dead 1 f_dead 1
   0085 FD 21 00 00   [14]  168 	ld	iy, #0
   0089 FD 39         [15]  169 	add	iy, sp
   008B FD 36 00 01   [19]  170 	ld	0 (iy), #0x01
   008F AF            [ 4]  171 	xor	a, a
   0090 FD 77 01      [19]  172 	ld	1 (iy), a
   0093 FD 77 02      [19]  173 	ld	2 (iy), a
   0096 FD 77 03      [19]  174 	ld	3 (iy), a
   0099 FD 77 04      [19]  175 	ld	4 (iy), a
   009C FD 77 05      [19]  176 	ld	5 (iy), a
   009F FD 77 06      [19]  177 	ld	6 (iy), a
   00A2 FD 77 07      [19]  178 	ld	7 (iy), a
                            179 ;cases/../gte/pr50865.c:9: volatile long long l2 = -1;
                            180 ;	genAssign
                            181 ;	genMove_o size 8 result type 12 source type 1 a_dead 1 hl_dead 1 de_dead 1 iy_dead 1 f_dead 1
   00A5 FD 21 08 00   [14]  182 	ld	iy, #8
   00A9 FD 39         [15]  183 	add	iy, sp
   00AB FD 36 00 FF   [19]  184 	ld	0 (iy), #0xff
   00AF FD 36 01 FF   [19]  185 	ld	1 (iy), #0xff
   00B3 FD 36 02 FF   [19]  186 	ld	2 (iy), #0xff
   00B7 FD 36 03 FF   [19]  187 	ld	3 (iy), #0xff
   00BB FD 36 04 FF   [19]  188 	ld	4 (iy), #0xff
   00BF FD 36 05 FF   [19]  189 	ld	5 (iy), #0xff
   00C3 FD 36 06 FF   [19]  190 	ld	6 (iy), #0xff
   00C7 FD 36 07 FF   [19]  191 	ld	7 (iy), #0xff
                            192 ;cases/../gte/pr50865.c:10: volatile long long l3 = -1;
                            193 ;	genAssign
                            194 ;	genMove_o size 8 result type 12 source type 1 a_dead 1 hl_dead 1 de_dead 1 iy_dead 1 f_dead 1
   00CB FD 21 10 00   [14]  195 	ld	iy, #16
   00CF FD 39         [15]  196 	add	iy, sp
   00D1 FD 36 00 FF   [19]  197 	ld	0 (iy), #0xff
   00D5 FD 36 01 FF   [19]  198 	ld	1 (iy), #0xff
   00D9 FD 36 02 FF   [19]  199 	ld	2 (iy), #0xff
   00DD FD 36 03 FF   [19]  200 	ld	3 (iy), #0xff
   00E1 FD 36 04 FF   [19]  201 	ld	4 (iy), #0xff
   00E5 FD 36 05 FF   [19]  202 	ld	5 (iy), #0xff
   00E9 FD 36 06 FF   [19]  203 	ld	6 (iy), #0xff
   00ED FD 36 07 FF   [19]  204 	ld	7 (iy), #0xff
                            205 ;cases/../gte/pr50865.c:14: if ((INT64_MIN % l1) != 0)
                            206 ;	genIpush
                            207 ;	genMove_o size 2 result type 2 source type 12 a_dead 1 hl_dead 1 de_dead 1 iy_dead 1 f_dead 1
   00F1 FD 21 00 00   [14]  208 	ld	iy, #0
   00F5 FD 39         [15]  209 	add	iy, sp
   00F7 FD 6E 06      [19]  210 	ld	l, 6 (iy)
                            211 ; common peephole 14 loaded 6 (iy) into l directly instead of going through a.
   00FA FD 66 07      [19]  212 	ld	h, 7 (iy)
                            213 ;	genMove_o size 0 result type 2 source type 1 a_dead 1 hl_dead 1 de_dead 1 iy_dead 1 f_dead 1
   00FD E5            [11]  214 	push	hl
                            215 ;	genMove_o size 2 result type 2 source type 12 a_dead 1 hl_dead 1 de_dead 1 iy_dead 1 f_dead 1
   00FE FD 6E 04      [19]  216 	ld	l, 4 (iy)
                            217 ; common peephole 14 loaded 4 (iy) into l directly instead of going through a.
   0101 FD 66 05      [19]  218 	ld	h, 5 (iy)
                            219 ;	genMove_o size 0 result type 2 source type 1 a_dead 1 hl_dead 1 de_dead 1 iy_dead 1 f_dead 1
   0104 E5            [11]  220 	push	hl
                            221 ;	genMove_o size 2 result type 2 source type 12 a_dead 1 hl_dead 1 de_dead 1 iy_dead 1 f_dead 1
   0105 FD 6E 02      [19]  222 	ld	l, 2 (iy)
                            223 ; common peephole 14 loaded 2 (iy) into l directly instead of going through a.
   0108 FD 66 03      [19]  224 	ld	h, 3 (iy)
                            225 ;	genMove_o size 0 result type 2 source type 1 a_dead 1 hl_dead 1 de_dead 1 iy_dead 1 f_dead 1
   010B E5            [11]  226 	push	hl
                            227 ;	genMove_o size 2 result type 2 source type 12 a_dead 1 hl_dead 1 de_dead 1 iy_dead 1 f_dead 1
   010C FD 6E 00      [19]  228 	ld	l, 0 (iy)
                            229 ; common peephole 14 loaded 0 (iy) into l directly instead of going through a.
   010F FD 66 01      [19]  230 	ld	h, 1 (iy)
                            231 ;	genMove_o size 0 result type 2 source type 1 a_dead 1 hl_dead 1 de_dead 1 iy_dead 1 f_dead 1
   0112 E5            [11]  232 	push	hl
                            233 ;	genIpush
                            234 ;	genMove_o size 2 result type 2 source type 1 a_dead 1 hl_dead 1 de_dead 1 iy_dead 1 f_dead 1
   0113 21 00 80      [10]  235 	ld	hl, #0x8000
   0116 E5            [11]  236 	push	hl
                            237 ;	genMove_o size 2 result type 2 source type 1 a_dead 1 hl_dead 1 de_dead 1 iy_dead 1 f_dead 1
   0117 65            [ 4]  238 	ld	h, l
   0118 E5            [11]  239 	push	hl
                            240 ;	genMove_o size 2 result type 2 source type 1 a_dead 1 hl_dead 1 de_dead 1 iy_dead 1 f_dead 1
   0119 E5            [11]  241 	push	hl
                            242 ;	genMove_o size 2 result type 2 source type 1 a_dead 1 hl_dead 1 de_dead 1 iy_dead 1 f_dead 1
   011A E5            [11]  243 	push	hl
                            244 ;	genCall
   011B 21 28 00      [10]  245 	ld	hl, #0x0028
   011E 39            [11]  246 	add	hl, sp
   011F E5            [11]  247 	push	hl
   0120 CDr00s00      [17]  248 	call	__modslonglong
                            249 ;	adjustStack by 18
   0123 21 12 00      [10]  250 	ld	hl, #18
   0126 39            [11]  251 	add	hl, sp
   0127 F9            [ 6]  252 	ld	sp, hl
                            253 ;	genIfx
   0128 FD 21 18 00   [14]  254 	ld	iy, #24
   012C FD 39         [15]  255 	add	iy, sp
   012E FD 7E 07      [19]  256 	ld	a, 7 (iy)
   0131 FD B6 06      [19]  257 	or	a, 6 (iy)
   0134 FD B6 05      [19]  258 	or	a, 5 (iy)
   0137 FD B6 04      [19]  259 	or	a, 4 (iy)
   013A FD B6 03      [19]  260 	or	a, 3 (iy)
   013D FD B6 02      [19]  261 	or	a, 2 (iy)
   0140 FD B6 01      [19]  262 	or	a, 1 (iy)
   0143 FD B6 00      [19]  263 	or	a, 0 (iy)
                            264 ; common peephole 163 changed absolute to relative conditional jump.
   0146 28 03         [12]  265 	jr	z, 00104$
                            266 ;cases/../gte/pr50865.c:15: __builtin_abort ();
                            267 ;	genCall
   0148 CDr00s00      [17]  268 	call	___builtin_abort
                            269 ;	genLabel
   014B                     270 00104$:
                            271 ;cases/../gte/pr50865.c:16: if (l2 == -1)
                            272 ;	genCmpEq
                            273 ;	genMove_o size 1 result type 2 source type 12 a_dead 1 hl_dead 1 de_dead 0 iy_dead 0 f_dead 1
   014B FD E5         [15]  274 	push	iy
                            275 ; common peephole 63 used hl instead of iy.
                            276 ; common peephole 130a removed unnecessary +0 from constant
   014D 21 0A 00      [10]  277 	ld	hl, #10
   0150 39            [11]  278 	add	hl, sp
   0151 7E            [ 7]  279 	ld	a, (hl)
   0152 FD E1         [14]  280 	pop	iy
                            281 ;	genMove_o size 0 result type 2 source type 1 a_dead 1 hl_dead 1 de_dead 0 iy_dead 0 f_dead 1
   0154 3C            [ 4]  282 	inc	a
                            283 ; common peephole 163 changed absolute to relative conditional jump.
   0155 20 55         [12]  284 	jr	nz, 00148$
                            285 ;	genMove_o size 1 result type 2 source type 12 a_dead 1 hl_dead 1 de_dead 0 iy_dead 0 f_dead 1
   0157 FD E5         [15]  286 	push	iy
                            287 ; common peephole 63 used hl instead of iy.
                            288 ; common peephole 130b added +1 to immediate 10
   0159 21 0B 00      [10]  289 	ld	hl, #0xb
   015C 39            [11]  290 	add	hl, sp
   015D 7E            [ 7]  291 	ld	a, (hl)
   015E FD E1         [14]  292 	pop	iy
                            293 ;	genMove_o size 0 result type 2 source type 1 a_dead 1 hl_dead 1 de_dead 0 iy_dead 0 f_dead 1
   0160 3C            [ 4]  294 	inc	a
                            295 ; common peephole 163 changed absolute to relative conditional jump.
   0161 20 49         [12]  296 	jr	nz, 00148$
                            297 ;	genMove_o size 1 result type 2 source type 12 a_dead 1 hl_dead 1 de_dead 0 iy_dead 0 f_dead 1
   0163 FD E5         [15]  298 	push	iy
                            299 ; common peephole 63 used hl instead of iy.
                            300 ; common peephole 130b added +2 to immediate 10
   0165 21 0C 00      [10]  301 	ld	hl, #0xc
   0168 39            [11]  302 	add	hl, sp
   0169 7E            [ 7]  303 	ld	a, (hl)
   016A FD E1         [14]  304 	pop	iy
                            305 ;	genMove_o size 0 result type 2 source type 1 a_dead 1 hl_dead 1 de_dead 0 iy_dead 0 f_dead 1
   016C 3C            [ 4]  306 	inc	a
                            307 ; common peephole 163 changed absolute to relative conditional jump.
   016D 20 3D         [12]  308 	jr	nz, 00148$
                            309 ;	genMove_o size 1 result type 2 source type 12 a_dead 1 hl_dead 1 de_dead 0 iy_dead 0 f_dead 1
   016F FD E5         [15]  310 	push	iy
                            311 ; common peephole 63 used hl instead of iy.
                            312 ; common peephole 130b added +3 to immediate 10
   0171 21 0D 00      [10]  313 	ld	hl, #0xd
   0174 39            [11]  314 	add	hl, sp
   0175 7E            [ 7]  315 	ld	a, (hl)
   0176 FD E1         [14]  316 	pop	iy
                            317 ;	genMove_o size 0 result type 2 source type 1 a_dead 1 hl_dead 1 de_dead 0 iy_dead 0 f_dead 1
   0178 3C            [ 4]  318 	inc	a
                            319 ; common peephole 163 changed absolute to relative conditional jump.
   0179 20 31         [12]  320 	jr	nz, 00148$
                            321 ;	genMove_o size 1 result type 2 source type 12 a_dead 1 hl_dead 1 de_dead 0 iy_dead 0 f_dead 1
   017B FD E5         [15]  322 	push	iy
                            323 ; common peephole 63 used hl instead of iy.
                            324 ; common peephole 130b added +4 to immediate 10
   017D 21 0E 00      [10]  325 	ld	hl, #0xe
   0180 39            [11]  326 	add	hl, sp
   0181 7E            [ 7]  327 	ld	a, (hl)
   0182 FD E1         [14]  328 	pop	iy
                            329 ;	genMove_o size 0 result type 2 source type 1 a_dead 1 hl_dead 1 de_dead 0 iy_dead 0 f_dead 1
   0184 3C            [ 4]  330 	inc	a
                            331 ; common peephole 163 changed absolute to relative conditional jump.
   0185 20 25         [12]  332 	jr	nz, 00148$
                            333 ;	genMove_o size 1 result type 2 source type 12 a_dead 1 hl_dead 1 de_dead 0 iy_dead 0 f_dead 1
   0187 FD E5         [15]  334 	push	iy
                            335 ; common peephole 63 used hl instead of iy.
                            336 ; common peephole 130b added +5 to immediate 10
   0189 21 0F 00      [10]  337 	ld	hl, #0xf
   018C 39            [11]  338 	add	hl, sp
   018D 7E            [ 7]  339 	ld	a, (hl)
   018E FD E1         [14]  340 	pop	iy
                            341 ;	genMove_o size 0 result type 2 source type 1 a_dead 1 hl_dead 1 de_dead 0 iy_dead 0 f_dead 1
   0190 3C            [ 4]  342 	inc	a
                            343 ; common peephole 163 changed absolute to relative conditional jump.
   0191 20 19         [12]  344 	jr	nz, 00148$
                            345 ;	genMove_o size 1 result type 2 source type 12 a_dead 1 hl_dead 1 de_dead 0 iy_dead 0 f_dead 1
   0193 FD E5         [15]  346 	push	iy
                            347 ; common peephole 63 used hl instead of iy.
                            348 ; common peephole 130b added +6 to immediate 10
   0195 21 10 00      [10]  349 	ld	hl, #0x10
   0198 39            [11]  350 	add	hl, sp
   0199 7E            [ 7]  351 	ld	a, (hl)
   019A FD E1         [14]  352 	pop	iy
                            353 ;	genMove_o size 0 result type 2 source type 1 a_dead 1 hl_dead 1 de_dead 0 iy_dead 0 f_dead 1
   019C 3C            [ 4]  354 	inc	a
                            355 ; common peephole 163 changed absolute to relative conditional jump.
   019D 20 0D         [12]  356 	jr	nz, 00148$
                            357 ;	genMove_o size 1 result type 2 source type 12 a_dead 1 hl_dead 1 de_dead 0 iy_dead 0 f_dead 1
   019F FD E5         [15]  358 	push	iy
                            359 ; common peephole 63 used hl instead of iy.
                            360 ; common peephole 130b added +7 to immediate 10
   01A1 21 11 00      [10]  361 	ld	hl, #0x11
   01A4 39            [11]  362 	add	hl, sp
   01A5 7E            [ 7]  363 	ld	a, (hl)
   01A6 FD E1         [14]  364 	pop	iy
                            365 ;	genMove_o size 0 result type 2 source type 1 a_dead 1 hl_dead 1 de_dead 0 iy_dead 0 f_dead 1
   01A8 3C            [ 4]  366 	inc	a
   01A9 CAr51s02      [10]  367 	jp	z, 00111$
                            368 ; common peephole 81 removed jp by using inverse jump logic
   01AC                     369 00148$:
                            370 ;	skipping generated iCode
                            371 ;cases/../gte/pr50865.c:21: else if ((INT64_MIN % -l2) != 0)
                            372 ;	genUminus
                            373 ;	Shift into pair
   01AC 21 08 00      [10]  374 	ld	hl, #8
   01AF 39            [11]  375 	add	hl, sp
                            376 ;	Shift into pair
   01B0 FD 21 18 00   [14]  377 	ld	iy, #24
   01B4 FD 39         [15]  378 	add	iy, sp
   01B6 AF            [ 4]  379 	xor	a, a
   01B7 96            [ 7]  380 	sub	a, (hl)
   01B8 FD 77 00      [19]  381 	ld	0 (iy), a
                            382 ; common peephole 96b move inc hl before ld a, #0x00
   01BB 23            [ 6]  383 	inc	hl
   01BC 3E 00         [ 7]  384 	ld	a, #0x00
   01BE 9E            [ 7]  385 	sbc	a, (hl)
   01BF FD 23         [10]  386 	inc	iy
   01C1 FD 77 00      [19]  387 	ld	0 (iy), a
                            388 ; common peephole 96b move inc hl before ld a, #0x00
   01C4 23            [ 6]  389 	inc	hl
   01C5 3E 00         [ 7]  390 	ld	a, #0x00
   01C7 9E            [ 7]  391 	sbc	a, (hl)
   01C8 FD 23         [10]  392 	inc	iy
   01CA FD 77 00      [19]  393 	ld	0 (iy), a
                            394 ; common peephole 96b move inc hl before ld a, #0x00
   01CD 23            [ 6]  395 	inc	hl
   01CE 3E 00         [ 7]  396 	ld	a, #0x00
   01D0 9E            [ 7]  397 	sbc	a, (hl)
   01D1 FD 23         [10]  398 	inc	iy
   01D3 FD 77 00      [19]  399 	ld	0 (iy), a
                            400 ; common peephole 96b move inc hl before ld a, #0x00
   01D6 23            [ 6]  401 	inc	hl
   01D7 3E 00         [ 7]  402 	ld	a, #0x00
   01D9 9E            [ 7]  403 	sbc	a, (hl)
   01DA FD 23         [10]  404 	inc	iy
   01DC FD 77 00      [19]  405 	ld	0 (iy), a
                            406 ; common peephole 96b move inc hl before ld a, #0x00
   01DF 23            [ 6]  407 	inc	hl
   01E0 3E 00         [ 7]  408 	ld	a, #0x00
   01E2 9E            [ 7]  409 	sbc	a, (hl)
   01E3 FD 23         [10]  410 	inc	iy
   01E5 FD 77 00      [19]  411 	ld	0 (iy), a
                            412 ; common peephole 96b move inc hl before ld a, #0x00
   01E8 23            [ 6]  413 	inc	hl
   01E9 3E 00         [ 7]  414 	ld	a, #0x00
   01EB 9E            [ 7]  415 	sbc	a, (hl)
   01EC FD 23         [10]  416 	inc	iy
   01EE FD 77 00      [19]  417 	ld	0 (iy), a
                            418 ; common peephole 96b move inc hl before sbc a, a
   01F1 23            [ 6]  419 	inc	hl
   01F2 9F            [ 4]  420 	sbc	a, a
   01F3 96            [ 7]  421 	sub	a, (hl)
                            422 ; common peephole 157b merged offset into storage instruction.
   01F4 FD 77 01      [19]  423 	ld	1 (iy), a
                            424 ;	genIpush
                            425 ;	genMove_o size 2 result type 2 source type 12 a_dead 1 hl_dead 1 de_dead 1 iy_dead 1 f_dead 1
   01F7 FD 21 18 00   [14]  426 	ld	iy, #24
   01FB FD 39         [15]  427 	add	iy, sp
   01FD FD 6E 06      [19]  428 	ld	l, 6 (iy)
                            429 ; common peephole 14 loaded 6 (iy) into l directly instead of going through a.
   0200 FD 66 07      [19]  430 	ld	h, 7 (iy)
                            431 ;	genMove_o size 0 result type 2 source type 1 a_dead 1 hl_dead 1 de_dead 1 iy_dead 1 f_dead 1
   0203 E5            [11]  432 	push	hl
                            433 ;	genMove_o size 2 result type 2 source type 12 a_dead 1 hl_dead 1 de_dead 1 iy_dead 1 f_dead 1
   0204 FD 6E 04      [19]  434 	ld	l, 4 (iy)
                            435 ; common peephole 14 loaded 4 (iy) into l directly instead of going through a.
   0207 FD 66 05      [19]  436 	ld	h, 5 (iy)
                            437 ;	genMove_o size 0 result type 2 source type 1 a_dead 1 hl_dead 1 de_dead 1 iy_dead 1 f_dead 1
   020A E5            [11]  438 	push	hl
                            439 ;	genMove_o size 2 result type 2 source type 12 a_dead 1 hl_dead 1 de_dead 1 iy_dead 1 f_dead 1
   020B FD 6E 02      [19]  440 	ld	l, 2 (iy)
                            441 ; common peephole 14 loaded 2 (iy) into l directly instead of going through a.
   020E FD 66 03      [19]  442 	ld	h, 3 (iy)
                            443 ;	genMove_o size 0 result type 2 source type 1 a_dead 1 hl_dead 1 de_dead 1 iy_dead 1 f_dead 1
   0211 E5            [11]  444 	push	hl
                            445 ;	genMove_o size 2 result type 2 source type 12 a_dead 1 hl_dead 1 de_dead 1 iy_dead 1 f_dead 1
   0212 FD 6E 00      [19]  446 	ld	l, 0 (iy)
                            447 ; common peephole 14 loaded 0 (iy) into l directly instead of going through a.
   0215 FD 66 01      [19]  448 	ld	h, 1 (iy)
                            449 ;	genMove_o size 0 result type 2 source type 1 a_dead 1 hl_dead 1 de_dead 1 iy_dead 1 f_dead 1
   0218 E5            [11]  450 	push	hl
                            451 ;	genIpush
                            452 ;	genMove_o size 2 result type 2 source type 1 a_dead 1 hl_dead 1 de_dead 1 iy_dead 1 f_dead 1
   0219 21 00 80      [10]  453 	ld	hl, #0x8000
   021C E5            [11]  454 	push	hl
                            455 ;	genMove_o size 2 result type 2 source type 1 a_dead 1 hl_dead 1 de_dead 1 iy_dead 1 f_dead 1
   021D 65            [ 4]  456 	ld	h, l
   021E E5            [11]  457 	push	hl
                            458 ;	genMove_o size 2 result type 2 source type 1 a_dead 1 hl_dead 1 de_dead 1 iy_dead 1 f_dead 1
   021F E5            [11]  459 	push	hl
                            460 ;	genMove_o size 2 result type 2 source type 1 a_dead 1 hl_dead 1 de_dead 1 iy_dead 1 f_dead 1
   0220 E5            [11]  461 	push	hl
                            462 ;	genCall
   0221 21 28 00      [10]  463 	ld	hl, #0x0028
   0224 39            [11]  464 	add	hl, sp
   0225 E5            [11]  465 	push	hl
   0226 CDr00s00      [17]  466 	call	__modslonglong
                            467 ;	adjustStack by 18
   0229 21 12 00      [10]  468 	ld	hl, #18
   022C 39            [11]  469 	add	hl, sp
   022D F9            [ 6]  470 	ld	sp, hl
                            471 ;	genIfx
   022E FD 21 18 00   [14]  472 	ld	iy, #24
   0232 FD 39         [15]  473 	add	iy, sp
   0234 FD 7E 07      [19]  474 	ld	a, 7 (iy)
   0237 FD B6 06      [19]  475 	or	a, 6 (iy)
   023A FD B6 05      [19]  476 	or	a, 5 (iy)
   023D FD B6 04      [19]  477 	or	a, 4 (iy)
   0240 FD B6 03      [19]  478 	or	a, 3 (iy)
   0243 FD B6 02      [19]  479 	or	a, 2 (iy)
   0246 FD B6 01      [19]  480 	or	a, 1 (iy)
   0249 FD B6 00      [19]  481 	or	a, 0 (iy)
                            482 ; common peephole 163 changed absolute to relative conditional jump.
   024C 28 03         [12]  483 	jr	z, 00111$
                            484 ;cases/../gte/pr50865.c:22: __builtin_abort ();
                            485 ;	genCall
   024E CDr00s00      [17]  486 	call	___builtin_abort
                            487 ;	genLabel
   0251                     488 00111$:
                            489 ;cases/../gte/pr50865.c:23: if ((INT64_MIN % -l3) != 0)
                            490 ;	genUminus
                            491 ;	Shift into pair
   0251 21 10 00      [10]  492 	ld	hl, #16
   0254 39            [11]  493 	add	hl, sp
                            494 ;	Shift into pair
   0255 FD 21 18 00   [14]  495 	ld	iy, #24
   0259 FD 39         [15]  496 	add	iy, sp
   025B AF            [ 4]  497 	xor	a, a
   025C 96            [ 7]  498 	sub	a, (hl)
   025D FD 77 00      [19]  499 	ld	0 (iy), a
                            500 ; common peephole 96b move inc hl before ld a, #0x00
   0260 23            [ 6]  501 	inc	hl
   0261 3E 00         [ 7]  502 	ld	a, #0x00
   0263 9E            [ 7]  503 	sbc	a, (hl)
   0264 FD 23         [10]  504 	inc	iy
   0266 FD 77 00      [19]  505 	ld	0 (iy), a
                            506 ; common peephole 96b move inc hl before ld a, #0x00
   0269 23            [ 6]  507 	inc	hl
   026A 3E 00         [ 7]  508 	ld	a, #0x00
   026C 9E            [ 7]  509 	sbc	a, (hl)
   026D FD 23         [10]  510 	inc	iy
   026F FD 77 00      [19]  511 	ld	0 (iy), a
                            512 ; common peephole 96b move inc hl before ld a, #0x00
   0272 23            [ 6]  513 	inc	hl
   0273 3E 00         [ 7]  514 	ld	a, #0x00
   0275 9E            [ 7]  515 	sbc	a, (hl)
   0276 FD 23         [10]  516 	inc	iy
   0278 FD 77 00      [19]  517 	ld	0 (iy), a
                            518 ; common peephole 96b move inc hl before ld a, #0x00
   027B 23            [ 6]  519 	inc	hl
   027C 3E 00         [ 7]  520 	ld	a, #0x00
   027E 9E            [ 7]  521 	sbc	a, (hl)
   027F FD 23         [10]  522 	inc	iy
   0281 FD 77 00      [19]  523 	ld	0 (iy), a
                            524 ; common peephole 96b move inc hl before ld a, #0x00
   0284 23            [ 6]  525 	inc	hl
   0285 3E 00         [ 7]  526 	ld	a, #0x00
   0287 9E            [ 7]  527 	sbc	a, (hl)
   0288 FD 23         [10]  528 	inc	iy
   028A FD 77 00      [19]  529 	ld	0 (iy), a
                            530 ; common peephole 96b move inc hl before ld a, #0x00
   028D 23            [ 6]  531 	inc	hl
   028E 3E 00         [ 7]  532 	ld	a, #0x00
   0290 9E            [ 7]  533 	sbc	a, (hl)
   0291 FD 23         [10]  534 	inc	iy
   0293 FD 77 00      [19]  535 	ld	0 (iy), a
                            536 ; common peephole 96b move inc hl before sbc a, a
   0296 23            [ 6]  537 	inc	hl
   0297 9F            [ 4]  538 	sbc	a, a
   0298 96            [ 7]  539 	sub	a, (hl)
                            540 ; common peephole 157b merged offset into storage instruction.
   0299 FD 77 01      [19]  541 	ld	1 (iy), a
                            542 ;	genIpush
                            543 ;	genMove_o size 2 result type 2 source type 12 a_dead 1 hl_dead 1 de_dead 1 iy_dead 1 f_dead 1
   029C FD 21 18 00   [14]  544 	ld	iy, #24
   02A0 FD 39         [15]  545 	add	iy, sp
   02A2 FD 6E 06      [19]  546 	ld	l, 6 (iy)
                            547 ; common peephole 14 loaded 6 (iy) into l directly instead of going through a.
   02A5 FD 66 07      [19]  548 	ld	h, 7 (iy)
                            549 ;	genMove_o size 0 result type 2 source type 1 a_dead 1 hl_dead 1 de_dead 1 iy_dead 1 f_dead 1
   02A8 E5            [11]  550 	push	hl
                            551 ;	genMove_o size 2 result type 2 source type 12 a_dead 1 hl_dead 1 de_dead 1 iy_dead 1 f_dead 1
   02A9 FD 6E 04      [19]  552 	ld	l, 4 (iy)
                            553 ; common peephole 14 loaded 4 (iy) into l directly instead of going through a.
   02AC FD 66 05      [19]  554 	ld	h, 5 (iy)
                            555 ;	genMove_o size 0 result type 2 source type 1 a_dead 1 hl_dead 1 de_dead 1 iy_dead 1 f_dead 1
   02AF E5            [11]  556 	push	hl
                            557 ;	genMove_o size 2 result type 2 source type 12 a_dead 1 hl_dead 1 de_dead 1 iy_dead 1 f_dead 1
   02B0 FD 6E 02      [19]  558 	ld	l, 2 (iy)
                            559 ; common peephole 14 loaded 2 (iy) into l directly instead of going through a.
   02B3 FD 66 03      [19]  560 	ld	h, 3 (iy)
                            561 ;	genMove_o size 0 result type 2 source type 1 a_dead 1 hl_dead 1 de_dead 1 iy_dead 1 f_dead 1
   02B6 E5            [11]  562 	push	hl
                            563 ;	genMove_o size 2 result type 2 source type 12 a_dead 1 hl_dead 1 de_dead 1 iy_dead 1 f_dead 1
   02B7 FD 6E 00      [19]  564 	ld	l, 0 (iy)
                            565 ; common peephole 14 loaded 0 (iy) into l directly instead of going through a.
   02BA FD 66 01      [19]  566 	ld	h, 1 (iy)
                            567 ;	genMove_o size 0 result type 2 source type 1 a_dead 1 hl_dead 1 de_dead 1 iy_dead 1 f_dead 1
   02BD E5            [11]  568 	push	hl
                            569 ;	genIpush
                            570 ;	genMove_o size 2 result type 2 source type 1 a_dead 1 hl_dead 1 de_dead 1 iy_dead 1 f_dead 1
   02BE 21 00 80      [10]  571 	ld	hl, #0x8000
   02C1 E5            [11]  572 	push	hl
                            573 ;	genMove_o size 2 result type 2 source type 1 a_dead 1 hl_dead 1 de_dead 1 iy_dead 1 f_dead 1
   02C2 65            [ 4]  574 	ld	h, l
   02C3 E5            [11]  575 	push	hl
                            576 ;	genMove_o size 2 result type 2 source type 1 a_dead 1 hl_dead 1 de_dead 1 iy_dead 1 f_dead 1
   02C4 E5            [11]  577 	push	hl
                            578 ;	genMove_o size 2 result type 2 source type 1 a_dead 1 hl_dead 1 de_dead 1 iy_dead 1 f_dead 1
   02C5 E5            [11]  579 	push	hl
                            580 ;	genCall
   02C6 21 28 00      [10]  581 	ld	hl, #0x0028
   02C9 39            [11]  582 	add	hl, sp
   02CA E5            [11]  583 	push	hl
   02CB CDr00s00      [17]  584 	call	__modslonglong
                            585 ;	adjustStack by 18
   02CE 21 12 00      [10]  586 	ld	hl, #18
   02D1 39            [11]  587 	add	hl, sp
   02D2 F9            [ 6]  588 	ld	sp, hl
                            589 ;	genIfx
   02D3 FD 21 18 00   [14]  590 	ld	iy, #24
   02D7 FD 39         [15]  591 	add	iy, sp
   02D9 FD 7E 07      [19]  592 	ld	a, 7 (iy)
   02DC FD B6 06      [19]  593 	or	a, 6 (iy)
   02DF FD B6 05      [19]  594 	or	a, 5 (iy)
   02E2 FD B6 04      [19]  595 	or	a, 4 (iy)
   02E5 FD B6 03      [19]  596 	or	a, 3 (iy)
   02E8 FD B6 02      [19]  597 	or	a, 2 (iy)
   02EB FD B6 01      [19]  598 	or	a, 1 (iy)
   02EE FD B6 00      [19]  599 	or	a, 0 (iy)
                            600 ; common peephole 163 changed absolute to relative conditional jump.
   02F1 28 03         [12]  601 	jr	z, 00113$
                            602 ;cases/../gte/pr50865.c:24: __builtin_abort ();
                            603 ;	genCall
   02F3 CDr00s00      [17]  604 	call	___builtin_abort
                            605 ;	genLabel
   02F6                     606 00113$:
                            607 ;cases/../gte/pr50865.c:26: return 0;
                            608 ;	genRet
                            609 ;	genMove_o size 2 result type 2 source type 1 a_dead 1 hl_dead 1 de_dead 1 iy_dead 1 f_dead 1
   02F6 11 00 00      [10]  610 	ld	de, #0x0000
                            611 ;	genLabel
                            612 ; common peephole 159 removed unused label 00114$.
                            613 ;cases/../gte/pr50865.c:27: }
                            614 ;	genEndFunction
                            615 ;	adjustStack by 32
   02F9 21 20 00      [10]  616 	ld	hl, #32
   02FC 39            [11]  617 	add	hl, sp
   02FD F9            [ 6]  618 	ld	sp, hl
   02FE C9            [10]  619 	ret
                            620 ;	Total main_ function size at codegen: 6 bytes.
                            621 ;cases/gte_pr50865.c:13: void __runSuite(void) { __prints("Running main\n");main_(MAINARGS); }
                            622 ;	genLabel
                            623 ;	genFunction
                            624 ;	---------------------------------
                            625 ; Function __runSuite
                            626 ; ---------------------------------
                            627 ;	Register assignment is optimal.
                            628 ; Stack space usage: 0 bytes.
   02FF                     629 ___runSuite::
                            630 ;	skipping iCode since result will be rematerialized
                            631 ;	skipping iCode since result will be rematerialized
                            632 ;	genSend
                            633 ;	genMove_o size 2 result type 2 source type 7 a_dead 1 hl_dead 1 de_dead 1 iy_dead 1 f_dead 1
   02FF 21r08s03      [10]  634 	ld	hl, #___str_6
                            635 ;	genCall
   0302 CDr00s00      [17]  636 	call	___prints
                            637 ;	genCall
                            638 ;	genLabel
                            639 ; common peephole 159 removed unused label 00101$.
                            640 ;	genEndFunction
   0305 C3r80s00      [10]  641 	jp	_main_
                            642 ; common peephole 152 removed unused ret.
                            643 ;	Total __runSuite function size at codegen: 1 bytes.
   0308                     644 ___str_6:
   0308 52 75 6E 6E 69 6E   645 	.ascii "Running main"
        67 20 6D 61 69 6E
   0314 0A                  646 	.db 0x0a
   0315 00                  647 	.db 0x00
                            648 ;cases/gte_pr50865.c:15: __code const char * __getSuiteName(void) { return "gte/pr50865"; }
                            649 ;	genLabel
                            650 ;	genFunction
                            651 ;	---------------------------------
                            652 ; Function __getSuiteName
                            653 ; ---------------------------------
                            654 ;	Register assignment is optimal.
                            655 ; Stack space usage: 0 bytes.
   0316                     656 ___getSuiteName::
                            657 ;	skipping iCode since result will be rematerialized
                            658 ;	skipping iCode since result will be rematerialized
                            659 ;	genRet
                            660 ;	genMove_o size 2 result type 2 source type 7 a_dead 1 hl_dead 1 de_dead 1 iy_dead 1 f_dead 1
   0316 11r1Cs03      [10]  661 	ld	de, #___str_7
                            662 ;	genLabel
                            663 ; common peephole 159 removed unused label 00101$.
                            664 ;	genEndFunction
   0319 C9            [10]  665 	ret
                            666 ;	Total __getSuiteName function size at codegen: 1 bytes.
   031A                     667 ___numCases:
   031A 01 00               668 	.dw #0x0001
   031C                     669 ___str_7:
   031C 67 74 65 2F 70 72   670 	.ascii "gte/pr50865"
        35 30 38 36 35
   0327 00                  671 	.db 0x00
                            672 	.area _CODE (BANK=_CSEG)
                            673 	.area _INITIALIZER
                            674 	.area _CABS (ABS)
