                              1 ;--------------------------------------------------------
                              2 ; File Created by SDCC : free open source ISO C Compiler
                              3 ; Version 4.6.2 #16710 (Linux)
                              4 ;--------------------------------------------------------
                              5 	.module gte_pr93434
                              6 	
                              7 ;--------------------------------------------------------
                              8 ; Public variables in this module
                              9 ;--------------------------------------------------------
                             10 	.globl _main_
                             11 	.globl _abort
                             12 	.globl ___builtin_abort
                             13 	.globl ___prints
                             14 	.globl ___fail
                             15 	.globl ___numCases
                             16 	.globl ___runSuite
                             17 	.globl ___getSuiteName
                             18 ;--------------------------------------------------------
                             19 ; special function registers
                             20 ;--------------------------------------------------------
                             21 ;--------------------------------------------------------
                             22 ; ram data
                             23 ;--------------------------------------------------------
                             24 	.area _DATA (BANK=_DSEG)
                             25 ;--------------------------------------------------------
                             26 ; ram data
                             27 ;--------------------------------------------------------
                             28 	.area _INITIALIZED
                             29 ;--------------------------------------------------------
                             30 ; absolute ram data
                             31 ;--------------------------------------------------------
                             32 	.area _DABS (ABS)
                             33 	.area _DABS (ABS)
                             34 ;--------------------------------------------------------
                             35 ; global & static initialisations
                             36 ;--------------------------------------------------------
                             37 	.area _HOME
                             38 	.area _GSINIT
                             39 	.area _GSFINAL
                             40 	.area _GSINIT
                             41 ;--------------------------------------------------------
                             42 ; Home
                             43 ;--------------------------------------------------------
                             44 	.area _HOME (BANK=_CSEG)
                             45 	.area _HOME (BANK=_CSEG)
                             46 ;--------------------------------------------------------
                             47 ; code
                             48 ;--------------------------------------------------------
                             49 	.area _CODE (BANK=_CSEG)
                             50 ;cases/gte_pr93434.c:4: void __builtin_abort(void){ASSERT(0);}
                             51 ;	genLabel
                             52 ;	genFunction
                             53 ;	---------------------------------
                             54 ; Function __builtin_abort
                             55 ; ---------------------------------
                             56 ;	Register assignment might be sub-optimal.
                             57 ; Stack space usage: 0 bytes.
   0000                      58 ___builtin_abort::
                             59 ;	genPlus
                             60 ;	genMove_o size 2 result type 2 source type 10 a_dead 1 hl_dead 1 de_dead 1 iy_dead 1 f_dead 1
   0000 2Ar00s00      [16]   61 	ld	hl, (___numTests)
   0003 23            [ 6]   62 	inc	hl
                             63 ;	genMove_o size 2 result type 10 source type 2 a_dead 1 hl_dead 1 de_dead 1 iy_dead 1 f_dead 1
   0004 22r00s00      [16]   64 	ld	(___numTests), hl
                             65 ;	skipping iCode since result will be rematerialized
                             66 ;	skipping iCode since result will be rematerialized
                             67 ;	skipping iCode since result will be rematerialized
                             68 ;	skipping iCode since result will be rematerialized
                             69 ;	skipping iCode since result will be rematerialized
                             70 ;	skipping iCode since result will be rematerialized
                             71 ;	genIpush
                             72 ;	genMove_o size 2 result type 2 source type 1 a_dead 1 hl_dead 1 de_dead 1 iy_dead 1 f_dead 1
   0007 21 04 00      [10]   73 	ld	hl, #0x0004
   000A E5            [11]   74 	push	hl
                             75 ;	genIpush
                             76 ;	genMove_o size 2 result type 2 source type 7 a_dead 1 hl_dead 1 de_dead 1 iy_dead 1 f_dead 1
   000B 21r2Cs00      [10]   77 	ld	hl, #__str_2
   000E E5            [11]   78 	push	hl
                             79 ;	genSend
                             80 ;	genMove_o size 2 result type 2 source type 7 a_dead 1 hl_dead 1 de_dead 1 iy_dead 1 f_dead 1
   000F 11r2As00      [10]   81 	ld	de, #__str_1
                             82 ;	genSend
                             83 ;	genMove_o size 2 result type 2 source type 7 a_dead 1 hl_dead 1 de_dead 0 iy_dead 1 f_dead 1
   0012 21r19s00      [10]   84 	ld	hl, #__str_0
                             85 ;	genCall
   0015 CDr00s00      [17]   86 	call	___fail
                             87 ;	genLabel
                             88 ; common peephole 159 removed unused label 00101$.
                             89 ;	genEndFunction
   0018 C9            [10]   90 	ret
                             91 ;	Total __builtin_abort function size at codegen: 1 bytes.
   0019                      92 __str_0:
   0019 41 73 73 65 72 74    93 	.ascii "Assertion failed"
        69 6F 6E 20 66 61
        69 6C 65 64
   0029 00                   94 	.db 0x00
   002A                      95 __str_1:
   002A 30                   96 	.ascii "0"
   002B 00                   97 	.db 0x00
   002C                      98 __str_2:
   002C 63 61 73 65 73 2F    99 	.ascii "cases/gte_pr93434.c"
        67 74 65 5F 70 72
        39 33 34 33 34 2E
        63
   003F 00                  100 	.db 0x00
                            101 ;cases/gte_pr93434.c:8: void abort(void) {ASSERT(0);}
                            102 ;	genLabel
                            103 ;	genFunction
                            104 ;	---------------------------------
                            105 ; Function abort
                            106 ; ---------------------------------
                            107 ;	Register assignment might be sub-optimal.
                            108 ; Stack space usage: 0 bytes.
   0040                     109 _abort::
                            110 ;	genPlus
                            111 ;	genMove_o size 2 result type 2 source type 10 a_dead 1 hl_dead 1 de_dead 1 iy_dead 1 f_dead 1
   0040 2Ar00s00      [16]  112 	ld	hl, (___numTests)
   0043 23            [ 6]  113 	inc	hl
                            114 ;	genMove_o size 2 result type 10 source type 2 a_dead 1 hl_dead 1 de_dead 1 iy_dead 1 f_dead 1
   0044 22r00s00      [16]  115 	ld	(___numTests), hl
                            116 ;	skipping iCode since result will be rematerialized
                            117 ;	skipping iCode since result will be rematerialized
                            118 ;	skipping iCode since result will be rematerialized
                            119 ;	skipping iCode since result will be rematerialized
                            120 ;	skipping iCode since result will be rematerialized
                            121 ;	skipping iCode since result will be rematerialized
                            122 ;	genIpush
                            123 ;	genMove_o size 2 result type 2 source type 1 a_dead 1 hl_dead 1 de_dead 1 iy_dead 1 f_dead 1
   0047 21 08 00      [10]  124 	ld	hl, #0x0008
   004A E5            [11]  125 	push	hl
                            126 ;	genIpush
                            127 ;	genMove_o size 2 result type 2 source type 7 a_dead 1 hl_dead 1 de_dead 1 iy_dead 1 f_dead 1
   004B 21r6Cs00      [10]  128 	ld	hl, #__str_5
   004E E5            [11]  129 	push	hl
                            130 ;	genSend
                            131 ;	genMove_o size 2 result type 2 source type 7 a_dead 1 hl_dead 1 de_dead 1 iy_dead 1 f_dead 1
   004F 11r6As00      [10]  132 	ld	de, #__str_4
                            133 ;	genSend
                            134 ;	genMove_o size 2 result type 2 source type 7 a_dead 1 hl_dead 1 de_dead 0 iy_dead 1 f_dead 1
   0052 21r59s00      [10]  135 	ld	hl, #__str_3
                            136 ;	genCall
   0055 CDr00s00      [17]  137 	call	___fail
                            138 ;	genLabel
                            139 ; common peephole 159 removed unused label 00101$.
                            140 ;	genEndFunction
   0058 C9            [10]  141 	ret
                            142 ;	Total abort function size at codegen: 1 bytes.
   0059                     143 __str_3:
   0059 41 73 73 65 72 74   144 	.ascii "Assertion failed"
        69 6F 6E 20 66 61
        69 6C 65 64
   0069 00                  145 	.db 0x00
   006A                     146 __str_4:
   006A 30                  147 	.ascii "0"
   006B 00                  148 	.db 0x00
   006C                     149 __str_5:
   006C 63 61 73 65 73 2F   150 	.ascii "cases/gte_pr93434.c"
        67 74 65 5F 70 72
        39 33 34 33 34 2E
        63
   007F 00                  151 	.db 0x00
                            152 ;cases/../gte/pr93434.c:7: int main() {
                            153 ;	genLabel
                            154 ;	genFunction
                            155 ;	---------------------------------
                            156 ; Function main_
                            157 ; ---------------------------------
                            158 ;	Register assignment might be sub-optimal.
                            159 ; Stack space usage: 134 bytes.
   0080                     160 _main_::
   0080 DD E5         [15]  161 	push	ix
   0082 DD 21 00 00   [14]  162 	ld	ix,	#0
   0086 DD 39         [15]  163 	add	ix, sp
                            164 ;	adjustStack by -134
   0088 21 7A FF      [10]  165 	ld	hl, #-134
   008B 39            [11]  166 	add	hl, sp
   008C F9            [ 6]  167 	ld	sp, hl
                            168 ;cases/../gte/pr93434.c:15: for (j = 0; j < N; ++j) {
                            169 ;	skipping iCode since result will be rematerialized
                            170 ;	genAssign
                            171 ;	genMove_o size 2 result type 2 source type 1 a_dead 1 hl_dead 1 de_dead 1 iy_dead 1 f_dead 1
   008D 01 00 00      [10]  172 	ld	bc, #0x0000
                            173 ;	genLabel
   0090                     174 00107$:
                            175 ;cases/../gte/pr93434.c:16: t2[j].re = 0;
                            176 ;	genLeftShift
                            177 ;	genMove_o size 2 result type 2 source type 2 a_dead 1 hl_dead 1 de_dead 1 iy_dead 1 f_dead 1
   0090 69            [ 4]  178 	ld	l, c
   0091 60            [ 4]  179 	ld	h, b
                            180 ;	genMove_o size 0 result type 2 source type 1 a_dead 1 hl_dead 1 de_dead 1 iy_dead 1 f_dead 1
   0092 29            [11]  181 	add	hl, hl
   0093 29            [11]  182 	add	hl, hl
   0094 29            [11]  183 	add	hl, hl
                            184 ;fetchPairLong
                            185 ; common peephole 156 used ex to load hl into de.
   0095 EB            [ 4]  186 	ex	de, hl
                            187 ;	genPlus
                            188 ;	genMove_o size 2 result type 2 source type 8 a_dead 1 hl_dead 1 de_dead 0 iy_dead 1 f_dead 1
   0096 21 00 00      [10]  189 	ld	hl, #0
   0099 39            [11]  190 	add	hl, sp
                            191 ;	genMove_o size 2 result type 2 source type 2 a_dead 1 hl_dead 1 de_dead 0 iy_dead 1 f_dead 1
   009A 19            [11]  192 	add	hl, de
                            193 ;	genPointerSet
   009B 36 00         [10]  194 	ld	(hl), #0x00
   009D 23            [ 6]  195 	inc	hl
   009E 36 00         [10]  196 	ld	(hl), #0x00
   00A0 23            [ 6]  197 	inc	hl
   00A1 36 00         [10]  198 	ld	(hl), #0x00
   00A3 23            [ 6]  199 	inc	hl
   00A4 36 00         [10]  200 	ld	(hl), #0x00
   00A6 2B            [ 6]  201 	dec	hl
   00A7 2B            [ 6]  202 	dec	hl
   00A8 2B            [ 6]  203 	dec	hl
                            204 ;cases/../gte/pr93434.c:17: t2[j].im = 0;
                            205 ;	genPlus
                            206 ;fetchPairLong
   00A9 11 04 00      [10]  207 	ld	de, #0x0004
   00AC 19            [11]  208 	add	hl, de
                            209 ;	genPointerSet
                            210 ;	genMove_o size 2 result type 2 source type 2 a_dead 1 hl_dead 1 de_dead 1 iy_dead 1 f_dead 1
   00AD AF            [ 4]  211 	xor	a, a
   00AE 77            [ 7]  212 	ld	(hl), a
   00AF 23            [ 6]  213 	inc	hl
   00B0 77            [ 7]  214 	ld	(hl), a
   00B1 23            [ 6]  215 	inc	hl
   00B2 77            [ 7]  216 	ld	(hl), a
   00B3 23            [ 6]  217 	inc	hl
   00B4 77            [ 7]  218 	ld	(hl), a
                            219 ;cases/../gte/pr93434.c:15: for (j = 0; j < N; ++j) {
                            220 ;	genPlus
   00B5 03            [ 6]  221 	inc	bc
                            222 ;	genCmpLt
   00B6 79            [ 4]  223 	ld	a, c
   00B7 D6 10         [ 7]  224 	sub	a, #0x10
                            225 ; common peephole 163 changed absolute to relative conditional jump.
   00B9 38 D5         [12]  226 	jr	c, 00107$
                            227 ;	skipping generated iCode
                            228 ;cases/../gte/pr93434.c:20: for (j = 0; j < N/4; j++) {
                            229 ;	genAssign
                            230 ;	genMove_o size 2 result type 6 source type 1 a_dead 1 hl_dead 1 de_dead 1 iy_dead 1 f_dead 1
   00BB AF            [ 4]  231 	xor	a, a
   00BC DD 77 FE      [19]  232 	ld	-2 (ix), a
   00BF DD 77 FF      [19]  233 	ld	-1 (ix), a
                            234 ;	genLabel
   00C2                     235 00109$:
                            236 ;cases/../gte/pr93434.c:21: i = j * 4;
                            237 ;	genLeftShift
                            238 ;	genMove_o size 2 result type 2 source type 6 a_dead 1 hl_dead 1 de_dead 1 iy_dead 1 f_dead 1
   00C2 DD 4E FE      [19]  239 	ld	c, -2 (ix)
   00C5 06 00         [ 7]  240 	ld	b, #0x00
                            241 ;	genMove_o size 0 result type 2 source type 1 a_dead 1 hl_dead 1 de_dead 1 iy_dead 1 f_dead 1
   00C7 CB 21         [ 8]  242 	sla	c
   00C9 CB 10         [ 8]  243 	rl	b
   00CB CB 21         [ 8]  244 	sla	c
   00CD CB 10         [ 8]  245 	rl	b
                            246 ;cases/../gte/pr93434.c:22: t2[i].re = inval;
                            247 ;	genLeftShift
                            248 ;	genMove_o size 2 result type 2 source type 2 a_dead 1 hl_dead 1 de_dead 1 iy_dead 1 f_dead 1
   00CF 69            [ 4]  249 	ld	l, c
   00D0 60            [ 4]  250 	ld	h, b
                            251 ;	genMove_o size 0 result type 2 source type 1 a_dead 1 hl_dead 1 de_dead 1 iy_dead 1 f_dead 1
   00D1 29            [11]  252 	add	hl, hl
   00D2 29            [11]  253 	add	hl, hl
   00D3 29            [11]  254 	add	hl, hl
                            255 ;fetchPairLong
                            256 ; common peephole 156 used ex to load hl into de.
   00D4 EB            [ 4]  257 	ex	de, hl
                            258 ;	genPlus
   00D5 D5            [11]  259 	push	de
                            260 ;	genMove_o size 2 result type 2 source type 2 a_dead 1 hl_dead 1 de_dead 0 iy_dead 0 f_dead 1
                            261 ;	genMove_o size 2 result type 2 source type 8 a_dead 1 hl_dead 1 de_dead 0 iy_dead 0 f_dead 1
   00D6 21 02 00      [10]  262 	ld	hl, #2
   00D9 39            [11]  263 	add	hl, sp
                            264 ;	genMove_o size 2 result type 2 source type 2 a_dead 1 hl_dead 1 de_dead 0 iy_dead 0 f_dead 1
   00DA 19            [11]  265 	add	hl, de
   00DB D1            [10]  266 	pop	de
                            267 ;	genMove_o size 2 result type 2 source type 2 a_dead 1 hl_dead 1 de_dead 0 iy_dead 0 f_dead 1
                            268 ;	genMove_o size 0 result type 2 source type 1 a_dead 1 hl_dead 1 de_dead 1 iy_dead 0 f_dead 1
                            269 ;	genPointerSet
                            270 ;	genMove_o size 2 result type 2 source type 2 a_dead 1 hl_dead 1 de_dead 0 iy_dead 1 f_dead 1
                            271 ; common peephole 32b removed de/hl swap.
   00DC 5D            [ 4]  272 	ld	e, l
   00DD 54            [ 4]  273 	ld	d, h
                            274 ;	genMove_o size 0 result type 2 source type 1 a_dead 1 hl_dead 1 de_dead 0 iy_dead 1 f_dead 1
   00DE AF            [ 4]  275 	xor	a, a
   00DF 77            [ 7]  276 	ld	(hl), a
   00E0 23            [ 6]  277 	inc	hl
   00E1 77            [ 7]  278 	ld	(hl), a
   00E2 23            [ 6]  279 	inc	hl
   00E3 36 80         [10]  280 	ld	(hl), #0x80
   00E5 23            [ 6]  281 	inc	hl
   00E6 36 3F         [10]  282 	ld	(hl), #0x3f
                            283 ;cases/../gte/pr93434.c:23: t2[i].im = inval;
                            284 ;	genPlus
                            285 ;fetchPairLong
   00E8 21 04 00      [10]  286 	ld	hl, #0x0004
   00EB 19            [11]  287 	add	hl, de
                            288 ;	genPointerSet
                            289 ;	genMove_o size 2 result type 2 source type 2 a_dead 1 hl_dead 1 de_dead 0 iy_dead 1 f_dead 1
   00EC AF            [ 4]  290 	xor	a, a
   00ED 77            [ 7]  291 	ld	(hl), a
   00EE 23            [ 6]  292 	inc	hl
   00EF 77            [ 7]  293 	ld	(hl), a
   00F0 23            [ 6]  294 	inc	hl
   00F1 36 80         [10]  295 	ld	(hl), #0x80
   00F3 23            [ 6]  296 	inc	hl
   00F4 36 3F         [10]  297 	ld	(hl), #0x3f
                            298 ;cases/../gte/pr93434.c:24: k = i + 3;
                            299 ;	genPlus
                            300 ;	genMove_o size 2 result type 2 source type 2 a_dead 1 hl_dead 1 de_dead 0 iy_dead 1 f_dead 1
   00F6 69            [ 4]  301 	ld	l, c
   00F7 60            [ 4]  302 	ld	h, b
                            303 ;	genMove_o size 0 result type 2 source type 1 a_dead 1 hl_dead 1 de_dead 0 iy_dead 1 f_dead 1
   00F8 23            [ 6]  304 	inc	hl
   00F9 23            [ 6]  305 	inc	hl
   00FA 23            [ 6]  306 	inc	hl
                            307 ;cases/../gte/pr93434.c:25: t2[k].re = inval;
                            308 ;	genLeftShift
   00FB 29            [11]  309 	add	hl, hl
   00FC 29            [11]  310 	add	hl, hl
   00FD 29            [11]  311 	add	hl, hl
                            312 ;fetchPairLong
   00FE 4D            [ 4]  313 	ld	c, l
   00FF 44            [ 4]  314 	ld	b, h
                            315 ;	genPlus
                            316 ;	genMove_o size 2 result type 2 source type 2 a_dead 1 hl_dead 1 de_dead 0 iy_dead 0 f_dead 1
                            317 ;	genMove_o size 2 result type 2 source type 8 a_dead 1 hl_dead 1 de_dead 0 iy_dead 0 f_dead 1
   0100 21 00 00      [10]  318 	ld	hl, #0
   0103 39            [11]  319 	add	hl, sp
                            320 ;	genMove_o size 2 result type 2 source type 2 a_dead 1 hl_dead 1 de_dead 0 iy_dead 0 f_dead 1
   0104 09            [11]  321 	add	hl, bc
                            322 ;	genMove_o size 2 result type 2 source type 2 a_dead 1 hl_dead 1 de_dead 0 iy_dead 0 f_dead 1
   0105 4D            [ 4]  323 	ld	c, l
   0106 44            [ 4]  324 	ld	b, h
                            325 ;	genMove_o size 0 result type 2 source type 1 a_dead 1 hl_dead 1 de_dead 0 iy_dead 0 f_dead 1
                            326 ;	genCast
                            327 ;	genMove_o size 2 result type 6 source type 2 a_dead 1 hl_dead 1 de_dead 0 iy_dead 1 f_dead 1
                            328 ;	genMove_o size 0 result type 6 source type 1 a_dead 1 hl_dead 1 de_dead 0 iy_dead 1 f_dead 1
                            329 ;	genPointerSet
                            330 ;	genMove_o size 2 result type 2 source type 6 a_dead 1 hl_dead 1 de_dead 0 iy_dead 1 f_dead 1
   0107 DD 71 FC      [19]  331 	ld	-4 (ix), c
   010A DD 70 FD      [19]  332 	ld	-3 (ix), b
                            333 ; common peephole 11 loaded lh from cb directly instead of going through -4 (ix) -3 (ix).
   010D 69            [ 4]  334 	ld	l, c
   010E 60            [ 4]  335 	ld	h, b
                            336 ;	genMove_o size 0 result type 2 source type 1 a_dead 1 hl_dead 1 de_dead 0 iy_dead 1 f_dead 1
   010F AF            [ 4]  337 	xor	a, a
   0110 77            [ 7]  338 	ld	(hl), a
   0111 23            [ 6]  339 	inc	hl
   0112 77            [ 7]  340 	ld	(hl), a
   0113 23            [ 6]  341 	inc	hl
   0114 36 80         [10]  342 	ld	(hl), #0x80
   0116 23            [ 6]  343 	inc	hl
   0117 36 3F         [10]  344 	ld	(hl), #0x3f
                            345 ;cases/../gte/pr93434.c:26: t2[k].im = inval;
                            346 ;	genPlus
                            347 ;fetchPairLong
   0119 21 04 00      [10]  348 	ld	hl, #0x0004
   011C 09            [11]  349 	add	hl, bc
                            350 ;	genPointerSet
                            351 ;	genMove_o size 2 result type 2 source type 2 a_dead 1 hl_dead 1 de_dead 0 iy_dead 1 f_dead 1
   011D AF            [ 4]  352 	xor	a, a
   011E 77            [ 7]  353 	ld	(hl), a
   011F 23            [ 6]  354 	inc	hl
   0120 77            [ 7]  355 	ld	(hl), a
   0121 23            [ 6]  356 	inc	hl
   0122 36 80         [10]  357 	ld	(hl), #0x80
   0124 23            [ 6]  358 	inc	hl
   0125 36 3F         [10]  359 	ld	(hl), #0x3f
                            360 ;cases/../gte/pr93434.c:27: t2[i] = t2[k];
                            361 ;	genCast
                            362 ;	(locations are the same)
                            363 ;	genCast
                            364 ;	(locations are the same)
                            365 ;	genBuiltIn
   0127 69            [ 4]  366 	ld	l, c
   0128 60            [ 4]  367 	ld	h, b
                            368 ;fetchPairLong
   0129 01 08 00      [10]  369 	ld	bc, #0x0008
   012C ED B0         [21]  370 	ldir
                            371 ;	skipping generated iCode
                            372 ;	skipping generated iCode
                            373 ;	skipping generated iCode
                            374 ;cases/../gte/pr93434.c:28: t2[k].re = inval;
                            375 ;	genPointerSet
                            376 ;	genMove_o size 2 result type 2 source type 6 a_dead 1 hl_dead 1 de_dead 1 iy_dead 1 f_dead 1
   012E DD 6E FC      [19]  377 	ld	l, -4 (ix)
   0131 DD 66 FD      [19]  378 	ld	h, -3 (ix)
                            379 ;	genMove_o size 0 result type 2 source type 1 a_dead 1 hl_dead 1 de_dead 1 iy_dead 1 f_dead 1
   0134 AF            [ 4]  380 	xor	a, a
   0135 77            [ 7]  381 	ld	(hl), a
   0136 23            [ 6]  382 	inc	hl
   0137 77            [ 7]  383 	ld	(hl), a
   0138 23            [ 6]  384 	inc	hl
   0139 36 80         [10]  385 	ld	(hl), #0x80
   013B 23            [ 6]  386 	inc	hl
   013C 36 3F         [10]  387 	ld	(hl), #0x3f
                            388 ;cases/../gte/pr93434.c:20: for (j = 0; j < N/4; j++) {
                            389 ;	genPlus
   013E DD 34 FE      [23]  390 	inc	-2 (ix)
                            391 ; common peephole 163 changed absolute to relative conditional jump.
                            392 ; common peephole 159 removed unused label 00175$.
                            393 ; common peephole 164 eliminated relative conditional jump.
                            394 ;	genCmpLt
   0141 DD 7E FE      [19]  395 	ld	a, -2 (ix)
   0144 D6 04         [ 7]  396 	sub	a, #0x04
   0146 DArC2s00      [10]  397 	jp	c, 00109$
                            398 ;	skipping generated iCode
                            399 ;cases/../gte/pr93434.c:31: for (i = 0; i < 2; ++i)
                            400 ;	genAssign
                            401 ;	genMove_o size 2 result type 2 source type 1 a_dead 1 hl_dead 1 de_dead 1 iy_dead 1 f_dead 1
   0149 01 00 00      [10]  402 	ld	bc, #0x0000
                            403 ;	genLabel
   014C                     404 00111$:
                            405 ;cases/../gte/pr93434.c:32: if (t2[i].re != !i || t2[i].im != !i)
                            406 ;	genLeftShift
                            407 ;	genMove_o size 2 result type 2 source type 2 a_dead 1 hl_dead 1 de_dead 1 iy_dead 1 f_dead 1
   014C 69            [ 4]  408 	ld	l, c
   014D 60            [ 4]  409 	ld	h, b
                            410 ;	genMove_o size 0 result type 2 source type 1 a_dead 1 hl_dead 1 de_dead 1 iy_dead 1 f_dead 1
   014E 29            [11]  411 	add	hl, hl
   014F 29            [11]  412 	add	hl, hl
   0150 29            [11]  413 	add	hl, hl
                            414 ;fetchPairLong
                            415 ; common peephole 156 used ex to load hl into de.
   0151 EB            [ 4]  416 	ex	de, hl
                            417 ;	genPlus
   0152 D5            [11]  418 	push	de
                            419 ;	genMove_o size 2 result type 2 source type 2 a_dead 1 hl_dead 1 de_dead 0 iy_dead 0 f_dead 1
                            420 ;	genMove_o size 2 result type 2 source type 8 a_dead 1 hl_dead 1 de_dead 0 iy_dead 0 f_dead 1
   0153 21 02 00      [10]  421 	ld	hl, #2
   0156 39            [11]  422 	add	hl, sp
                            423 ;	genMove_o size 2 result type 2 source type 2 a_dead 1 hl_dead 1 de_dead 0 iy_dead 0 f_dead 1
   0157 19            [11]  424 	add	hl, de
   0158 D1            [10]  425 	pop	de
                            426 ;	genMove_o size 2 result type 6 source type 2 a_dead 1 hl_dead 1 de_dead 0 iy_dead 0 f_dead 1
                            427 ;	genMove_o size 0 result type 6 source type 1 a_dead 1 hl_dead 1 de_dead 0 iy_dead 0 f_dead 1
                            428 ;	genPointerGet
                            429 ;fetchPairLong
   0159 DD 75 FA      [19]  430 	ld	-6 (ix), l
   015C DD 74 FB      [19]  431 	ld	-5 (ix), h
                            432 ; common peephole 11 loaded lh from lh directly instead of going through -6 (ix) -5 (ix).
                            433 ; common peephole 0a removed redundant load from l into l.
                            434 ; common peephole 0a removed redundant load from h into h.
                            435 ;	_moveFrom_tpair_()
   015F 5E            [ 7]  436 	ld	e, (hl)
   0160 23            [ 6]  437 	inc	hl
                            438 ;	_moveFrom_tpair_()
   0161 56            [ 7]  439 	ld	d, (hl)
   0162 23            [ 6]  440 	inc	hl
   0163 23            [ 6]  441 	inc	hl
                            442 ;	_moveFrom_tpair_()
   0164 7E            [ 7]  443 	ld	a, (hl)
   0165 2B            [ 6]  444 	dec	hl
                            445 ;	_moveFrom_tpair_()
   0166 6E            [ 7]  446 	ld	l, (hl)
   0167 67            [ 4]  447 	ld	h, a
                            448 ;	genNot
   0168 78            [ 4]  449 	ld	a, b
   0169 B1            [ 4]  450 	or	a, c
   016A D6 01         [ 7]  451 	sub	a, #0x01
   016C 3E 00         [ 7]  452 	ld	a, #0x00
   016E 17            [ 4]  453 	rla
                            454 ;	genMove_o size 0 result type 2 source type 1 a_dead 1 hl_dead 0 de_dead 0 iy_dead 1 f_dead 1
                            455 ;	genSend
   016F E5            [11]  456 	push	hl
   0170 C5            [11]  457 	push	bc
   0171 D5            [11]  458 	push	de
                            459 ;	genMove_o size 1 result type 2 source type 2 a_dead 1 hl_dead 0 de_dead 0 iy_dead 1 f_dead 1
                            460 ;	genCall
   0172 CDr00s00      [17]  461 	call	___uchar2fs
                            462 ;	genMove_o size 4 result type 6 source type 2 a_dead 1 hl_dead 1 de_dead 1 iy_dead 1 f_dead 1
   0175 DD 73 FC      [19]  463 	ld	-4 (ix), e
   0178 DD 72 FD      [19]  464 	ld	-3 (ix), d
   017B DD 75 FE      [19]  465 	ld	-2 (ix), l
   017E DD 74 FF      [19]  466 	ld	-1 (ix), h
                            467 ;	genMove_o size 0 result type 6 source type 1 a_dead 1 hl_dead 1 de_dead 1 iy_dead 1 f_dead 1
   0181 D1            [10]  468 	pop	de
   0182 C1            [10]  469 	pop	bc
   0183 E1            [10]  470 	pop	hl
                            471 ;	genIpush
   0184 C5            [11]  472 	push	bc
   0185 E5            [11]  473 	push	hl
                            474 ;	genMove_o size 2 result type 2 source type 6 a_dead 1 hl_dead 0 de_dead 0 iy_dead 1 f_dead 1
   0186 DD 6E FE      [19]  475 	ld	l, -2 (ix)
   0189 DD 66 FF      [19]  476 	ld	h, -1 (ix)
                            477 ;	genMove_o size 0 result type 2 source type 1 a_dead 1 hl_dead 1 de_dead 0 iy_dead 1 f_dead 1
   018C E3            [19]  478 	ex	(sp), hl
   018D E5            [11]  479 	push	hl
                            480 ;	genMove_o size 2 result type 2 source type 6 a_dead 1 hl_dead 0 de_dead 0 iy_dead 1 f_dead 1
   018E DD 6E FC      [19]  481 	ld	l, -4 (ix)
   0191 DD 66 FD      [19]  482 	ld	h, -3 (ix)
                            483 ;	genMove_o size 0 result type 2 source type 1 a_dead 1 hl_dead 1 de_dead 0 iy_dead 1 f_dead 1
   0194 E3            [19]  484 	ex	(sp), hl
                            485 ;	genSend
                            486 ;	genMove_o size 4 result type 2 source type 2 a_dead 1 hl_dead 1 de_dead 1 iy_dead 1 f_dead 1
                            487 ;	genCall
   0195 CDr00s00      [17]  488 	call	___fseq
                            489 ;	genMove_o size 1 result type 2 source type 2 a_dead 1 hl_dead 1 de_dead 1 iy_dead 1 f_dead 1
   0198 5F            [ 4]  490 	ld	e, a
                            491 ;	genMove_o size 0 result type 2 source type 1 a_dead 1 hl_dead 1 de_dead 1 iy_dead 1 f_dead 1
   0199 C1            [10]  492 	pop	bc
                            493 ;	genIfx
   019A CB 43         [ 8]  494 	bit	0, e
                            495 ; common peephole 163 changed absolute to relative conditional jump.
   019C 28 2C         [12]  496 	jr	z, 00103$
                            497 ;	genAssign
                            498 ;	genMove_o size 2 result type 2 source type 6 a_dead 1 hl_dead 1 de_dead 1 iy_dead 1 f_dead 1
   019E DD 5E FA      [19]  499 	ld	e, -6 (ix)
   01A1 DD 56 FB      [19]  500 	ld	d, -5 (ix)
                            501 ;	genMove_o size 0 result type 2 source type 1 a_dead 1 hl_dead 1 de_dead 1 iy_dead 1 f_dead 1
                            502 ;	genPointerGet
   01A4 21 04 00      [10]  503 	ld	hl, #4
   01A7 19            [11]  504 	add	hl, de
                            505 ;	_moveFrom_tpair_()
   01A8 5E            [ 7]  506 	ld	e, (hl)
   01A9 23            [ 6]  507 	inc	hl
                            508 ;	_moveFrom_tpair_()
   01AA 56            [ 7]  509 	ld	d, (hl)
   01AB 23            [ 6]  510 	inc	hl
                            511 ;	_moveFrom_tpair_()
   01AC 7E            [ 7]  512 	ld	a, (hl)
   01AD 23            [ 6]  513 	inc	hl
                            514 ;	_moveFrom_tpair_()
   01AE 66            [ 7]  515 	ld	h, (hl)
                            516 ;	genIpush
   01AF C5            [11]  517 	push	bc
   01B0 E5            [11]  518 	push	hl
                            519 ;	genMove_o size 2 result type 2 source type 6 a_dead 0 hl_dead 0 de_dead 0 iy_dead 1 f_dead 1
   01B1 DD 6E FE      [19]  520 	ld	l, -2 (ix)
   01B4 DD 66 FF      [19]  521 	ld	h, -1 (ix)
                            522 ;	genMove_o size 0 result type 2 source type 1 a_dead 0 hl_dead 1 de_dead 0 iy_dead 1 f_dead 1
   01B7 E3            [19]  523 	ex	(sp), hl
   01B8 E5            [11]  524 	push	hl
                            525 ;	genMove_o size 2 result type 2 source type 6 a_dead 0 hl_dead 0 de_dead 0 iy_dead 1 f_dead 1
   01B9 DD 6E FC      [19]  526 	ld	l, -4 (ix)
   01BC DD 66 FD      [19]  527 	ld	h, -3 (ix)
                            528 ;	genMove_o size 0 result type 2 source type 1 a_dead 0 hl_dead 1 de_dead 0 iy_dead 1 f_dead 1
   01BF E3            [19]  529 	ex	(sp), hl
                            530 ;	genSend
                            531 ;	genMove_o size 4 result type 2 source type 2 a_dead 1 hl_dead 1 de_dead 1 iy_dead 1 f_dead 1
   01C0 6F            [ 4]  532 	ld	l, a
                            533 ;	genMove_o size 0 result type 2 source type 1 a_dead 1 hl_dead 1 de_dead 1 iy_dead 1 f_dead 1
                            534 ;	genCall
   01C1 CDr00s00      [17]  535 	call	___fseq
                            536 ;	genMove_o size 1 result type 2 source type 2 a_dead 1 hl_dead 1 de_dead 1 iy_dead 1 f_dead 1
   01C4 5F            [ 4]  537 	ld	e, a
                            538 ;	genMove_o size 0 result type 2 source type 1 a_dead 1 hl_dead 1 de_dead 1 iy_dead 1 f_dead 1
   01C5 C1            [10]  539 	pop	bc
                            540 ;	genIfx
   01C6 CB 43         [ 8]  541 	bit	0, e
                            542 ; common peephole 163 changed absolute to relative conditional jump.
   01C8 20 05         [12]  543 	jr	nz, 00112$
                            544 ;	genLabel
   01CA                     545 00103$:
                            546 ;cases/../gte/pr93434.c:33: __builtin_abort ();
                            547 ;	genCall
   01CA C5            [11]  548 	push	bc
   01CB CDr00s00      [17]  549 	call	___builtin_abort
   01CE C1            [10]  550 	pop	bc
                            551 ;	genLabel
   01CF                     552 00112$:
                            553 ;cases/../gte/pr93434.c:31: for (i = 0; i < 2; ++i)
                            554 ;	genPlus
   01CF 03            [ 6]  555 	inc	bc
                            556 ;	genCmpLt
   01D0 79            [ 4]  557 	ld	a, c
   01D1 D6 02         [ 7]  558 	sub	a, #0x02
   01D3 DAr4Cs01      [10]  559 	jp	c, 00111$
                            560 ;	skipping generated iCode
                            561 ;cases/../gte/pr93434.c:35: return 0;
                            562 ;	genRet
                            563 ;	genMove_o size 2 result type 2 source type 1 a_dead 1 hl_dead 1 de_dead 1 iy_dead 1 f_dead 1
   01D6 11 00 00      [10]  564 	ld	de, #0x0000
                            565 ;	genLabel
                            566 ; common peephole 159 removed unused label 00113$.
                            567 ;cases/../gte/pr93434.c:36: }
                            568 ;	genEndFunction
   01D9 DD F9         [10]  569 	ld	sp, ix
   01DB DD E1         [14]  570 	pop	ix
   01DD C9            [10]  571 	ret
                            572 ;	Total main_ function size at codegen: 7 bytes.
                            573 ;cases/gte_pr93434.c:11: void __runSuite(void) { __prints("Running main\n");main_(MAINARGS); }
                            574 ;	genLabel
                            575 ;	genFunction
                            576 ;	---------------------------------
                            577 ; Function __runSuite
                            578 ; ---------------------------------
                            579 ;	Register assignment is optimal.
                            580 ; Stack space usage: 0 bytes.
   01DE                     581 ___runSuite::
                            582 ;	skipping iCode since result will be rematerialized
                            583 ;	skipping iCode since result will be rematerialized
                            584 ;	genSend
                            585 ;	genMove_o size 2 result type 2 source type 7 a_dead 1 hl_dead 1 de_dead 1 iy_dead 1 f_dead 1
   01DE 21rE7s01      [10]  586 	ld	hl, #___str_6
                            587 ;	genCall
   01E1 CDr00s00      [17]  588 	call	___prints
                            589 ;	genCall
                            590 ;	genLabel
                            591 ; common peephole 159 removed unused label 00101$.
                            592 ;	genEndFunction
   01E4 C3r80s00      [10]  593 	jp	_main_
                            594 ; common peephole 152 removed unused ret.
                            595 ;	Total __runSuite function size at codegen: 1 bytes.
   01E7                     596 ___str_6:
   01E7 52 75 6E 6E 69 6E   597 	.ascii "Running main"
        67 20 6D 61 69 6E
   01F3 0A                  598 	.db 0x0a
   01F4 00                  599 	.db 0x00
                            600 ;cases/gte_pr93434.c:13: __code const char * __getSuiteName(void) { return "gte/pr93434"; }
                            601 ;	genLabel
                            602 ;	genFunction
                            603 ;	---------------------------------
                            604 ; Function __getSuiteName
                            605 ; ---------------------------------
                            606 ;	Register assignment is optimal.
                            607 ; Stack space usage: 0 bytes.
   01F5                     608 ___getSuiteName::
                            609 ;	skipping iCode since result will be rematerialized
                            610 ;	skipping iCode since result will be rematerialized
                            611 ;	genRet
                            612 ;	genMove_o size 2 result type 2 source type 7 a_dead 1 hl_dead 1 de_dead 1 iy_dead 1 f_dead 1
   01F5 11rFBs01      [10]  613 	ld	de, #___str_7
                            614 ;	genLabel
                            615 ; common peephole 159 removed unused label 00101$.
                            616 ;	genEndFunction
   01F8 C9            [10]  617 	ret
                            618 ;	Total __getSuiteName function size at codegen: 1 bytes.
   01F9                     619 ___numCases:
   01F9 01 00               620 	.dw #0x0001
   01FB                     621 ___str_7:
   01FB 67 74 65 2F 70 72   622 	.ascii "gte/pr93434"
        39 33 34 33 34
   0206 00                  623 	.db 0x00
                            624 	.area _CODE (BANK=_CSEG)
                            625 	.area _INITIALIZER
                            626 	.area _CABS (ABS)
