                              1 ;--------------------------------------------------------
                              2 ; File Created by SDCC : free open source ISO C Compiler
                              3 ; Version 4.6.2 #16710 (Linux)
                              4 ;--------------------------------------------------------
                              5 	.module gte_pr19515
                              6 	
                              7 ;--------------------------------------------------------
                              8 ; Public variables in this module
                              9 ;--------------------------------------------------------
                             10 	.globl _main_
                             11 	.globl _abort
                             12 	.globl ___prints
                             13 	.globl ___fail
                             14 	.globl ___numCases
                             15 	.globl ___runSuite
                             16 	.globl ___getSuiteName
                             17 ;--------------------------------------------------------
                             18 ; special function registers
                             19 ;--------------------------------------------------------
                             20 ;--------------------------------------------------------
                             21 ; ram data
                             22 ;--------------------------------------------------------
                             23 	.area _DATA (BANK=_DSEG)
                             24 ;--------------------------------------------------------
                             25 ; ram data
                             26 ;--------------------------------------------------------
                             27 	.area _INITIALIZED
                             28 ;--------------------------------------------------------
                             29 ; absolute ram data
                             30 ;--------------------------------------------------------
                             31 	.area _DABS (ABS)
                             32 	.area _DABS (ABS)
                             33 ;--------------------------------------------------------
                             34 ; global & static initialisations
                             35 ;--------------------------------------------------------
                             36 	.area _HOME
                             37 	.area _GSINIT
                             38 	.area _GSFINAL
                             39 	.area _GSINIT
                             40 ;--------------------------------------------------------
                             41 ; Home
                             42 ;--------------------------------------------------------
                             43 	.area _HOME (BANK=_CSEG)
                             44 	.area _HOME (BANK=_CSEG)
                             45 ;--------------------------------------------------------
                             46 ; code
                             47 ;--------------------------------------------------------
                             48 	.area _CODE (BANK=_CSEG)
                             49 ;cases/gte_pr19515.c:7: void abort(void) {ASSERT(0);}
                             50 ;	genLabel
                             51 ;	genFunction
                             52 ;	---------------------------------
                             53 ; Function abort
                             54 ; ---------------------------------
                             55 ;	Register assignment might be sub-optimal.
                             56 ; Stack space usage: 0 bytes.
   0000                      57 _abort::
                             58 ;	genPlus
                             59 ;	genMove_o size 2 result type 2 source type 10 a_dead 1 hl_dead 1 de_dead 1 iy_dead 1 f_dead 1
   0000 2Ar00s00      [16]   60 	ld	hl, (___numTests)
   0003 23            [ 6]   61 	inc	hl
                             62 ;	genMove_o size 2 result type 10 source type 2 a_dead 1 hl_dead 1 de_dead 1 iy_dead 1 f_dead 1
   0004 22r00s00      [16]   63 	ld	(___numTests), hl
                             64 ;	skipping iCode since result will be rematerialized
                             65 ;	skipping iCode since result will be rematerialized
                             66 ;	skipping iCode since result will be rematerialized
                             67 ;	skipping iCode since result will be rematerialized
                             68 ;	skipping iCode since result will be rematerialized
                             69 ;	skipping iCode since result will be rematerialized
                             70 ;	genIpush
                             71 ;	genMove_o size 2 result type 2 source type 1 a_dead 1 hl_dead 1 de_dead 1 iy_dead 1 f_dead 1
   0007 21 07 00      [10]   72 	ld	hl, #0x0007
   000A E5            [11]   73 	push	hl
                             74 ;	genIpush
                             75 ;	genMove_o size 2 result type 2 source type 7 a_dead 1 hl_dead 1 de_dead 1 iy_dead 1 f_dead 1
   000B 21r2Cs00      [10]   76 	ld	hl, #__str_2
   000E E5            [11]   77 	push	hl
                             78 ;	genSend
                             79 ;	genMove_o size 2 result type 2 source type 7 a_dead 1 hl_dead 1 de_dead 1 iy_dead 1 f_dead 1
   000F 11r2As00      [10]   80 	ld	de, #__str_1
                             81 ;	genSend
                             82 ;	genMove_o size 2 result type 2 source type 7 a_dead 1 hl_dead 1 de_dead 0 iy_dead 1 f_dead 1
   0012 21r19s00      [10]   83 	ld	hl, #__str_0
                             84 ;	genCall
   0015 CDr00s00      [17]   85 	call	___fail
                             86 ;	genLabel
                             87 ; common peephole 159 removed unused label 00101$.
                             88 ;	genEndFunction
   0018 C9            [10]   89 	ret
                             90 ;	Total abort function size at codegen: 1 bytes.
   0019                      91 __str_0:
   0019 41 73 73 65 72 74    92 	.ascii "Assertion failed"
        69 6F 6E 20 66 61
        69 6C 65 64
   0029 00                   93 	.db 0x00
   002A                      94 __str_1:
   002A 30                   95 	.ascii "0"
   002B 00                   96 	.db 0x00
   002C                      97 __str_2:
   002C 63 61 73 65 73 2F    98 	.ascii "cases/gte_pr19515.c"
        67 74 65 5F 70 72
        31 39 35 31 35 2E
        63
   003F 00                   99 	.db 0x00
                            100 ;cases/../gte/pr19515.c:9: int main(void)
                            101 ;	genLabel
                            102 ;	genFunction
                            103 ;	---------------------------------
                            104 ; Function main_
                            105 ; ---------------------------------
                            106 ;	Register assignment might be sub-optimal.
                            107 ; Stack space usage: 8 bytes.
   0040                     108 _main_::
   0040 DD E5         [15]  109 	push	ix
   0042 DD 21 00 00   [14]  110 	ld	ix,	#0
   0046 DD 39         [15]  111 	add	ix, sp
                            112 ;	adjustStack by -8
   0048 21 F8 FF      [10]  113 	ld	hl, #-8
   004B 39            [11]  114 	add	hl, sp
   004C F9            [ 6]  115 	ld	sp, hl
                            116 ;cases/../gte/pr19515.c:11: aun a = {{0}};
                            117 ;	skipping iCode since result will be rematerialized
                            118 ;	genPointerSet
                            119 ;	genMove_o size 1 result type 6 source type 1 a_dead 1 hl_dead 1 de_dead 1 iy_dead 1 f_dead 1
   004D DD 36 F8 00   [19]  120 	ld	-8 (ix), #0x00
                            121 ;	skipping iCode since result will be rematerialized
                            122 ;	skipping iCode since result will be rematerialized
                            123 ;	genPointerSet
                            124 ;	genMove_o size 1 result type 6 source type 1 a_dead 1 hl_dead 1 de_dead 1 iy_dead 1 f_dead 1
   0051 DD 36 F9 00   [19]  125 	ld	-7 (ix), #0x00
                            126 ;	skipping iCode since result will be rematerialized
                            127 ;	genPointerSet
                            128 ;	genMove_o size 1 result type 6 source type 1 a_dead 1 hl_dead 1 de_dead 1 iy_dead 1 f_dead 1
   0055 DD 36 FA 00   [19]  129 	ld	-6 (ix), #0x00
                            130 ;	skipping iCode since result will be rematerialized
                            131 ;	genPointerSet
                            132 ;	genMove_o size 1 result type 6 source type 1 a_dead 1 hl_dead 1 de_dead 1 iy_dead 1 f_dead 1
   0059 DD 36 FB 00   [19]  133 	ld	-5 (ix), #0x00
                            134 ;	skipping iCode since result will be rematerialized
                            135 ;	genPointerSet
                            136 ;	genMove_o size 1 result type 6 source type 1 a_dead 1 hl_dead 1 de_dead 1 iy_dead 1 f_dead 1
   005D DD 36 FC 00   [19]  137 	ld	-4 (ix), #0x00
                            138 ;	skipping iCode since result will be rematerialized
                            139 ;	genPointerSet
                            140 ;	genMove_o size 1 result type 6 source type 1 a_dead 1 hl_dead 1 de_dead 1 iy_dead 1 f_dead 1
   0061 DD 36 FD 00   [19]  141 	ld	-3 (ix), #0x00
                            142 ;	skipping iCode since result will be rematerialized
                            143 ;	genPointerSet
                            144 ;	genMove_o size 1 result type 6 source type 1 a_dead 1 hl_dead 1 de_dead 1 iy_dead 1 f_dead 1
   0065 DD 36 FE 00   [19]  145 	ld	-2 (ix), #0x00
                            146 ;	skipping iCode since result will be rematerialized
                            147 ;	genPointerSet
                            148 ;	genMove_o size 1 result type 6 source type 1 a_dead 1 hl_dead 1 de_dead 1 iy_dead 1 f_dead 1
   0069 DD 36 FF 00   [19]  149 	ld	-1 (ix), #0x00
                            150 ;cases/../gte/pr19515.c:13: if (a.a2[2] != 0)
                            151 ;	genPointerGet
                            152 ;	genMove_o size 1 result type 2 source type 6 a_dead 1 hl_dead 1 de_dead 1 iy_dead 1 f_dead 1
   006D DD 7E FA      [19]  153 	ld	a, -6 (ix)
                            154 ;	genMove_o size 0 result type 2 source type 1 a_dead 1 hl_dead 1 de_dead 1 iy_dead 1 f_dead 1
                            155 ;	genIfx
   0070 B7            [ 4]  156 	or	a, a
                            157 ; common peephole 163 changed absolute to relative conditional jump.
   0071 28 03         [12]  158 	jr	z, 00102$
                            159 ;cases/../gte/pr19515.c:14: abort ();
                            160 ;	genCall
   0073 CDr00s00      [17]  161 	call	_abort
                            162 ;	genLabel
   0076                     163 00102$:
                            164 ;cases/../gte/pr19515.c:15: return 0;
                            165 ;	genRet
                            166 ;	genMove_o size 2 result type 2 source type 1 a_dead 1 hl_dead 1 de_dead 1 iy_dead 1 f_dead 1
   0076 11 00 00      [10]  167 	ld	de, #0x0000
                            168 ;	genLabel
                            169 ; common peephole 159 removed unused label 00103$.
                            170 ;cases/../gte/pr19515.c:16: }
                            171 ;	genEndFunction
   0079 DD F9         [10]  172 	ld	sp, ix
   007B DD E1         [14]  173 	pop	ix
   007D C9            [10]  174 	ret
                            175 ;	Total main_ function size at codegen: 5 bytes.
                            176 ;cases/gte_pr19515.c:10: void __runSuite(void) { __prints("Running main\n");main_(MAINARGS); }
                            177 ;	genLabel
                            178 ;	genFunction
                            179 ;	---------------------------------
                            180 ; Function __runSuite
                            181 ; ---------------------------------
                            182 ;	Register assignment is optimal.
                            183 ; Stack space usage: 0 bytes.
   007E                     184 ___runSuite::
                            185 ;	skipping iCode since result will be rematerialized
                            186 ;	skipping iCode since result will be rematerialized
                            187 ;	genSend
                            188 ;	genMove_o size 2 result type 2 source type 7 a_dead 1 hl_dead 1 de_dead 1 iy_dead 1 f_dead 1
   007E 21r87s00      [10]  189 	ld	hl, #___str_3
                            190 ;	genCall
   0081 CDr00s00      [17]  191 	call	___prints
                            192 ;	genCall
                            193 ;	genLabel
                            194 ; common peephole 159 removed unused label 00101$.
                            195 ;	genEndFunction
   0084 C3r40s00      [10]  196 	jp	_main_
                            197 ; common peephole 152 removed unused ret.
                            198 ;	Total __runSuite function size at codegen: 1 bytes.
   0087                     199 ___str_3:
   0087 52 75 6E 6E 69 6E   200 	.ascii "Running main"
        67 20 6D 61 69 6E
   0093 0A                  201 	.db 0x0a
   0094 00                  202 	.db 0x00
                            203 ;cases/gte_pr19515.c:12: __code const char * __getSuiteName(void) { return "gte/pr19515"; }
                            204 ;	genLabel
                            205 ;	genFunction
                            206 ;	---------------------------------
                            207 ; Function __getSuiteName
                            208 ; ---------------------------------
                            209 ;	Register assignment is optimal.
                            210 ; Stack space usage: 0 bytes.
   0095                     211 ___getSuiteName::
                            212 ;	skipping iCode since result will be rematerialized
                            213 ;	skipping iCode since result will be rematerialized
                            214 ;	genRet
                            215 ;	genMove_o size 2 result type 2 source type 7 a_dead 1 hl_dead 1 de_dead 1 iy_dead 1 f_dead 1
   0095 11r9Bs00      [10]  216 	ld	de, #___str_4
                            217 ;	genLabel
                            218 ; common peephole 159 removed unused label 00101$.
                            219 ;	genEndFunction
   0098 C9            [10]  220 	ret
                            221 ;	Total __getSuiteName function size at codegen: 1 bytes.
   0099                     222 ___numCases:
   0099 01 00               223 	.dw #0x0001
   009B                     224 ___str_4:
   009B 67 74 65 2F 70 72   225 	.ascii "gte/pr19515"
        31 39 35 31 35
   00A6 00                  226 	.db 0x00
                            227 	.area _CODE (BANK=_CSEG)
                            228 	.area _INITIALIZER
                            229 	.area _CABS (ABS)
