                              1 ;--------------------------------------------------------
                              2 ; File Created by SDCC : free open source ISO C Compiler
                              3 ; Version 4.6.2 #16710 (Linux)
                              4 ;--------------------------------------------------------
                              5 	.module gte_pr40493
                              6 	
                              7 ;--------------------------------------------------------
                              8 ; Public variables in this module
                              9 ;--------------------------------------------------------
                             10 	.globl _main_
                             11 	.globl _abort
                             12 	.globl ___prints
                             13 	.globl ___fail
                             14 	.globl _y01
                             15 	.globl _y00
                             16 	.globl _x01
                             17 	.globl _x00
                             18 	.globl ___numCases
                             19 	.globl ___runSuite
                             20 	.globl ___getSuiteName
                             21 ;--------------------------------------------------------
                             22 ; special function registers
                             23 ;--------------------------------------------------------
                             24 ;--------------------------------------------------------
                             25 ; ram data
                             26 ;--------------------------------------------------------
                             27 	.area _DATA (BANK=_DSEG)
   0000                      28 _x00::
   0000                      29 	.ds 2
   0002                      30 _x01::
   0002                      31 	.ds 2
   0004                      32 _y00::
   0004                      33 	.ds 2
   0006                      34 _y01::
   0006                      35 	.ds 2
                             36 ;--------------------------------------------------------
                             37 ; ram data
                             38 ;--------------------------------------------------------
                             39 	.area _INITIALIZED
                             40 ;--------------------------------------------------------
                             41 ; absolute ram data
                             42 ;--------------------------------------------------------
                             43 	.area _DABS (ABS)
                             44 	.area _DABS (ABS)
                             45 ;--------------------------------------------------------
                             46 ; global & static initialisations
                             47 ;--------------------------------------------------------
                             48 	.area _HOME
                             49 	.area _GSINIT
                             50 	.area _GSFINAL
                             51 	.area _GSINIT
                             52 ;--------------------------------------------------------
                             53 ; Home
                             54 ;--------------------------------------------------------
                             55 	.area _HOME (BANK=_CSEG)
                             56 	.area _HOME (BANK=_CSEG)
                             57 ;--------------------------------------------------------
                             58 ; code
                             59 ;--------------------------------------------------------
                             60 	.area _CODE (BANK=_CSEG)
                             61 ;cases/gte_pr40493.c:7: void abort(void) {ASSERT(0);}
                             62 ;	genLabel
                             63 ;	genFunction
                             64 ;	---------------------------------
                             65 ; Function abort
                             66 ; ---------------------------------
                             67 ;	Register assignment might be sub-optimal.
                             68 ; Stack space usage: 0 bytes.
   0000                      69 _abort::
                             70 ;	genPlus
                             71 ;	genMove_o size 2 result type 2 source type 10 a_dead 1 hl_dead 1 de_dead 1 iy_dead 1 f_dead 1
   0000 2Ar00s00      [16]   72 	ld	hl, (___numTests)
   0003 23            [ 6]   73 	inc	hl
                             74 ;	genMove_o size 2 result type 10 source type 2 a_dead 1 hl_dead 1 de_dead 1 iy_dead 1 f_dead 1
   0004 22r00s00      [16]   75 	ld	(___numTests), hl
                             76 ;	skipping iCode since result will be rematerialized
                             77 ;	skipping iCode since result will be rematerialized
                             78 ;	skipping iCode since result will be rematerialized
                             79 ;	skipping iCode since result will be rematerialized
                             80 ;	skipping iCode since result will be rematerialized
                             81 ;	skipping iCode since result will be rematerialized
                             82 ;	genIpush
                             83 ;	genMove_o size 2 result type 2 source type 1 a_dead 1 hl_dead 1 de_dead 1 iy_dead 1 f_dead 1
   0007 21 07 00      [10]   84 	ld	hl, #0x0007
   000A E5            [11]   85 	push	hl
                             86 ;	genIpush
                             87 ;	genMove_o size 2 result type 2 source type 7 a_dead 1 hl_dead 1 de_dead 1 iy_dead 1 f_dead 1
   000B 21r2Cs00      [10]   88 	ld	hl, #__str_2
   000E E5            [11]   89 	push	hl
                             90 ;	genSend
                             91 ;	genMove_o size 2 result type 2 source type 7 a_dead 1 hl_dead 1 de_dead 1 iy_dead 1 f_dead 1
   000F 11r2As00      [10]   92 	ld	de, #__str_1
                             93 ;	genSend
                             94 ;	genMove_o size 2 result type 2 source type 7 a_dead 1 hl_dead 1 de_dead 0 iy_dead 1 f_dead 1
   0012 21r19s00      [10]   95 	ld	hl, #__str_0
                             96 ;	genCall
   0015 CDr00s00      [17]   97 	call	___fail
                             98 ;	genLabel
                             99 ; common peephole 159 removed unused label 00101$.
                            100 ;	genEndFunction
   0018 C9            [10]  101 	ret
                            102 ;	Total abort function size at codegen: 1 bytes.
   0019                     103 __str_0:
   0019 41 73 73 65 72 74   104 	.ascii "Assertion failed"
        69 6F 6E 20 66 61
        69 6C 65 64
   0029 00                  105 	.db 0x00
   002A                     106 __str_1:
   002A 30                  107 	.ascii "0"
   002B 00                  108 	.db 0x00
   002C                     109 __str_2:
   002C 63 61 73 65 73 2F   110 	.ascii "cases/gte_pr40493.c"
        67 74 65 5F 70 72
        34 30 34 39 33 2E
        63
   003F 00                  111 	.db 0x00
                            112 ;cases/../gte/pr40493.c:57: int main (void)
                            113 ;	genLabel
                            114 ;	genFunction
                            115 ;	---------------------------------
                            116 ; Function main_
                            117 ; ---------------------------------
                            118 ;	Register assignment might be sub-optimal.
                            119 ; Stack space usage: 24 bytes.
   0040                     120 _main_::
   0040 DD E5         [15]  121 	push	ix
   0042 DD 21 00 00   [14]  122 	ld	ix,	#0
   0046 DD 39         [15]  123 	add	ix, sp
                            124 ;	adjustStack by -24
   0048 21 E8 FF      [10]  125 	ld	hl, #-24
   004B 39            [11]  126 	add	hl, sp
                            127 ;cases/../gte/pr40493.c:61: a.bitfield.reg16 = 1;
                            128 ;	skipping iCode since result will be rematerialized
                            129 ;	skipping iCode since result will be rematerialized
                            130 ;	genPointerSet
                            131 ;	genMove_o size 2 result type 2 source type 8 a_dead 1 hl_dead 1 de_dead 1 iy_dead 1 f_dead 1
   004C F9            [ 6]  132 	ld	sp, hl
                            133 ; common peephole 9c reused value still in hl.
                            134 ;	genMove_o size 2 result type 2 source type 2 a_dead 1 hl_dead 1 de_dead 1 iy_dead 1 f_dead 1
   004D CB CE         [15]  135 	set	1, (hl)
                            136 ;cases/../gte/pr40493.c:62: a.bitfield.imm16 = 0;
                            137 ;	skipping iCode since result will be rematerialized
                            138 ;	genPointerSet
                            139 ;	genMove_o size 2 result type 2 source type 8 a_dead 1 hl_dead 1 de_dead 1 iy_dead 1 f_dead 1
   004F 23            [ 6]  140 	inc	hl
   0050 23            [ 6]  141 	inc	hl
                            142 ;	genMove_o size 2 result type 2 source type 2 a_dead 1 hl_dead 1 de_dead 1 iy_dead 1 f_dead 1
   0051 CB 86         [15]  143 	res	0, (hl)
                            144 ;cases/../gte/pr40493.c:63: a.array[1] = 22;
                            145 ;	skipping iCode since result will be rematerialized
                            146 ;	genPointerSet
                            147 ;	genMove_o size 2 result type 6 source type 1 a_dead 1 hl_dead 1 de_dead 1 iy_dead 1 f_dead 1
   0053 DD 36 EA 16   [19]  148 	ld	-22 (ix), #0x16
   0057 DD 36 EB 00   [19]  149 	ld	-21 (ix), #0
                            150 ; peephole 178 direct load zero constant to memory addressed by index register
                            151 ;cases/../gte/pr40493.c:65: b = a;
                            152 ;	skipping iCode since result will be rematerialized
                            153 ;	skipping iCode since result will be rematerialized
                            154 ;	skipping iCode since result will be rematerialized
                            155 ;	genBuiltIn
                            156 ;	genMove_o size 2 result type 2 source type 8 a_dead 1 hl_dead 1 de_dead 1 iy_dead 1 f_dead 1
   005B 21 06 00      [10]  157 	ld	hl, #6
   005E 39            [11]  158 	add	hl, sp
   005F EB            [ 4]  159 	ex	de, hl
                            160 ;	genMove_o size 2 result type 2 source type 8 a_dead 1 hl_dead 1 de_dead 0 iy_dead 1 f_dead 1
   0060 21 00 00      [10]  161 	ld	hl, #0
   0063 39            [11]  162 	add	hl, sp
                            163 ;	genMove_o size 2 result type 2 source type 2 a_dead 1 hl_dead 1 de_dead 0 iy_dead 1 f_dead 1
                            164 ;fetchPairLong
   0064 01 06 00      [10]  165 	ld	bc, #0x0006
   0067 ED B0         [21]  166 	ldir
                            167 ;	skipping generated iCode
                            168 ;	skipping generated iCode
                            169 ;	skipping generated iCode
                            170 ;cases/../gte/pr40493.c:66: x00 = b.array[0];
                            171 ;	genPointerGet
                            172 ;	genMove_o size 2 result type 10 source type 6 a_dead 1 hl_dead 1 de_dead 1 iy_dead 1 f_dead 1
   0069 DD 7E EE      [19]  173 	ld	a, -18 (ix)
   006C 32r00s00      [13]  174 	ld	(_x00+0), a
   006F DD 7E EF      [19]  175 	ld	a, -17 (ix)
   0072 32r01s00      [13]  176 	ld	(_x00+1), a
                            177 ;cases/../gte/pr40493.c:67: x01 = b.array[1];
                            178 ;	skipping iCode since result will be rematerialized
                            179 ;	genPointerGet
                            180 ;	genMove_o size 2 result type 10 source type 6 a_dead 1 hl_dead 1 de_dead 1 iy_dead 1 f_dead 1
   0075 DD 7E F0      [19]  181 	ld	a, -16 (ix)
   0078 32r02s00      [13]  182 	ld	(_x01+0), a
   007B DD 7E F1      [19]  183 	ld	a, -15 (ix)
   007E 32r03s00      [13]  184 	ld	(_x01+1), a
                            185 ;cases/../gte/pr40493.c:69: c = b;
                            186 ;	skipping iCode since result will be rematerialized
                            187 ;	genCast
                            188 ;	genMove_o size 2 result type 2 source type 8 a_dead 1 hl_dead 1 de_dead 1 iy_dead 1 f_dead 1
   0081 21 0C 00      [10]  189 	ld	hl, #12
   0084 39            [11]  190 	add	hl, sp
   0085 EB            [ 4]  191 	ex	de, hl
                            192 ;	genBuiltIn
   0086 D5            [11]  193 	push	de
                            194 ;	genMove_o size 2 result type 2 source type 2 a_dead 1 hl_dead 1 de_dead 1 iy_dead 1 f_dead 1
                            195 ;	genMove_o size 2 result type 2 source type 8 a_dead 1 hl_dead 1 de_dead 0 iy_dead 1 f_dead 1
   0087 21 08 00      [10]  196 	ld	hl, #8
   008A 39            [11]  197 	add	hl, sp
                            198 ;	genMove_o size 2 result type 2 source type 2 a_dead 1 hl_dead 1 de_dead 0 iy_dead 1 f_dead 1
                            199 ;fetchPairLong
   008B 01 06 00      [10]  200 	ld	bc, #0x0006
   008E ED B0         [21]  201 	ldir
   0090 D1            [10]  202 	pop	de
                            203 ;	skipping generated iCode
                            204 ;	skipping generated iCode
                            205 ;	skipping generated iCode
                            206 ;cases/../gte/pr40493.c:70: y00 = c.array[0];
                            207 ;	genPointerGet
                            208 ;	genMove_o size 2 result type 10 source type 6 a_dead 1 hl_dead 1 de_dead 0 iy_dead 1 f_dead 1
   0091 DD 7E F4      [19]  209 	ld	a, -12 (ix)
   0094 32r04s00      [13]  210 	ld	(_y00+0), a
   0097 DD 7E F5      [19]  211 	ld	a, -11 (ix)
   009A 32r05s00      [13]  212 	ld	(_y00+1), a
                            213 ;cases/../gte/pr40493.c:71: y01 = c.array[1];
                            214 ;	skipping iCode since result will be rematerialized
                            215 ;	genPointerGet
                            216 ;	genMove_o size 2 result type 10 source type 6 a_dead 1 hl_dead 1 de_dead 0 iy_dead 1 f_dead 1
   009D DD 7E F6      [19]  217 	ld	a, -10 (ix)
   00A0 32r06s00      [13]  218 	ld	(_y01+0), a
   00A3 DD 7E F7      [19]  219 	ld	a, -9 (ix)
   00A6 32r07s00      [13]  220 	ld	(_y01+1), a
                            221 ;cases/../gte/pr40493.c:73: d = c;
                            222 ;	skipping iCode since result will be rematerialized
                            223 ;	genCast
                            224 ;	genMove_o size 2 result type 2 source type 8 a_dead 1 hl_dead 1 de_dead 0 iy_dead 1 f_dead 1
   00A9 21 12 00      [10]  225 	ld	hl, #18
   00AC 39            [11]  226 	add	hl, sp
                            227 ;	genMove_o size 2 result type 2 source type 2 a_dead 1 hl_dead 1 de_dead 0 iy_dead 1 f_dead 1
                            228 ;	genBuiltIn
   00AD EB            [ 4]  229 	ex	de, hl
                            230 ;fetchPairLong
   00AE 01 06 00      [10]  231 	ld	bc, #0x0006
   00B1 ED B0         [21]  232 	ldir
                            233 ;	skipping generated iCode
                            234 ;	skipping generated iCode
                            235 ;	skipping generated iCode
                            236 ;cases/../gte/pr40493.c:74: if (d.bitfield.reg16 != 1)
                            237 ;	genCast
                            238 ;	genMove_o size 2 result type 2 source type 8 a_dead 1 hl_dead 1 de_dead 1 iy_dead 1 f_dead 1
   00B3 21 12 00      [10]  239 	ld	hl, #18
   00B6 39            [11]  240 	add	hl, sp
                            241 ;	genMove_o size 2 result type 2 source type 2 a_dead 1 hl_dead 1 de_dead 1 iy_dead 1 f_dead 1
                            242 ;	genPointerGet
                            243 ;fetchPairLong
   00B7 7E            [ 7]  244 	ld	a, (hl)
   00B8 0F            [ 4]  245 	rrca
   00B9 E6 01         [ 7]  246 	and	a, #0x01
                            247 ;	genCmpEq
   00BB FE 01         [ 7]  248 	cp	a, #0x01
                            249 ; common peephole 163 changed absolute to relative conditional jump.
   00BD 28 03         [12]  250 	jr	z, 00102$
                            251 ; common peephole 81 removed jp by using inverse jump logic
                            252 ; common peephole 159 removed unused label 00133$.
                            253 ;	skipping generated iCode
                            254 ;cases/../gte/pr40493.c:75: abort();
                            255 ;	genCall
   00BF CDr00s00      [17]  256 	call	_abort
                            257 ;	genLabel
   00C2                     258 00102$:
                            259 ;cases/../gte/pr40493.c:76: if (d.bitfield.imm16 != 0)
                            260 ;	skipping iCode since result will be rematerialized
                            261 ;	genPointerGet
   00C2 21 14 00      [10]  262 	ld	hl, #20
   00C5 39            [11]  263 	add	hl, sp
   00C6 7E            [ 7]  264 	ld	a, (hl)
                            265 ;	genIfx
   00C7 E6 01         [ 7]  266 	and	a, #0x01
                            267 ; common peephole 100 removed redundant or after and.
                            268 ; common peephole 163 changed absolute to relative conditional jump.
   00C9 28 03         [12]  269 	jr	z, 00104$
                            270 ;cases/../gte/pr40493.c:77: abort();
                            271 ;	genCall
   00CB CDr00s00      [17]  272 	call	_abort
                            273 ;	genLabel
   00CE                     274 00104$:
                            275 ;cases/../gte/pr40493.c:78: if (d.array[1] != 22)
                            276 ;	skipping iCode since result will be rematerialized
                            277 ;	genPointerGet
                            278 ;	genMove_o size 2 result type 2 source type 6 a_dead 1 hl_dead 1 de_dead 1 iy_dead 1 f_dead 1
                            279 ;	genMove_o size 0 result type 2 source type 1 a_dead 1 hl_dead 1 de_dead 1 iy_dead 1 f_dead 1
                            280 ;	genCmpEq
                            281 ;	genMove_o size 1 result type 2 source type 2 a_dead 1 hl_dead 1 de_dead 0 iy_dead 0 f_dead 1
   00CE DD 7E FC      [19]  282 	ld	a, -4 (ix)
                            283 ; common peephole 14 loaded -4 (ix) into a directly instead of going through c.
   00D1 DD 46 FD      [19]  284 	ld	b, -3 (ix)
                            285 ;	genMove_o size 0 result type 2 source type 1 a_dead 1 hl_dead 1 de_dead 0 iy_dead 0 f_dead 1
   00D4 D6 16         [ 7]  286 	sub	a, #0x16
   00D6 B0            [ 4]  287 	or	a, b
                            288 ; common peephole 163 changed absolute to relative conditional jump.
   00D7 28 03         [12]  289 	jr	z, 00106$
                            290 ; common peephole 81 removed jp by using inverse jump logic
                            291 ; common peephole 159 removed unused label 00134$.
                            292 ;	skipping generated iCode
                            293 ;cases/../gte/pr40493.c:79: abort();
                            294 ;	genCall
   00D9 CDr00s00      [17]  295 	call	_abort
                            296 ;	genLabel
   00DC                     297 00106$:
                            298 ;cases/../gte/pr40493.c:81: return 0;
                            299 ;	genRet
                            300 ;	genMove_o size 2 result type 2 source type 1 a_dead 1 hl_dead 1 de_dead 1 iy_dead 1 f_dead 1
   00DC 11 00 00      [10]  301 	ld	de, #0x0000
                            302 ;	genLabel
                            303 ; common peephole 159 removed unused label 00107$.
                            304 ;cases/../gte/pr40493.c:82: }
                            305 ;	genEndFunction
   00DF DD F9         [10]  306 	ld	sp, ix
   00E1 DD E1         [14]  307 	pop	ix
   00E3 C9            [10]  308 	ret
                            309 ;	Total main_ function size at codegen: 15 bytes.
                            310 ;cases/gte_pr40493.c:10: void __runSuite(void) { __prints("Running main\n");main_(MAINARGS); }
                            311 ;	genLabel
                            312 ;	genFunction
                            313 ;	---------------------------------
                            314 ; Function __runSuite
                            315 ; ---------------------------------
                            316 ;	Register assignment is optimal.
                            317 ; Stack space usage: 0 bytes.
   00E4                     318 ___runSuite::
                            319 ;	skipping iCode since result will be rematerialized
                            320 ;	skipping iCode since result will be rematerialized
                            321 ;	genSend
                            322 ;	genMove_o size 2 result type 2 source type 7 a_dead 1 hl_dead 1 de_dead 1 iy_dead 1 f_dead 1
   00E4 21rEDs00      [10]  323 	ld	hl, #___str_3
                            324 ;	genCall
   00E7 CDr00s00      [17]  325 	call	___prints
                            326 ;	genCall
                            327 ;	genLabel
                            328 ; common peephole 159 removed unused label 00101$.
                            329 ;	genEndFunction
   00EA C3r40s00      [10]  330 	jp	_main_
                            331 ; common peephole 152 removed unused ret.
                            332 ;	Total __runSuite function size at codegen: 1 bytes.
   00ED                     333 ___str_3:
   00ED 52 75 6E 6E 69 6E   334 	.ascii "Running main"
        67 20 6D 61 69 6E
   00F9 0A                  335 	.db 0x0a
   00FA 00                  336 	.db 0x00
                            337 ;cases/gte_pr40493.c:12: __code const char * __getSuiteName(void) { return "gte/pr40493"; }
                            338 ;	genLabel
                            339 ;	genFunction
                            340 ;	---------------------------------
                            341 ; Function __getSuiteName
                            342 ; ---------------------------------
                            343 ;	Register assignment is optimal.
                            344 ; Stack space usage: 0 bytes.
   00FB                     345 ___getSuiteName::
                            346 ;	skipping iCode since result will be rematerialized
                            347 ;	skipping iCode since result will be rematerialized
                            348 ;	genRet
                            349 ;	genMove_o size 2 result type 2 source type 7 a_dead 1 hl_dead 1 de_dead 1 iy_dead 1 f_dead 1
   00FB 11r01s01      [10]  350 	ld	de, #___str_4
                            351 ;	genLabel
                            352 ; common peephole 159 removed unused label 00101$.
                            353 ;	genEndFunction
   00FE C9            [10]  354 	ret
                            355 ;	Total __getSuiteName function size at codegen: 1 bytes.
   00FF                     356 ___numCases:
   00FF 01 00               357 	.dw #0x0001
   0101                     358 ___str_4:
   0101 67 74 65 2F 70 72   359 	.ascii "gte/pr40493"
        34 30 34 39 33
   010C 00                  360 	.db 0x00
                            361 	.area _CODE (BANK=_CSEG)
                            362 	.area _INITIALIZER
                            363 	.area _CABS (ABS)
