                              1 ;--------------------------------------------------------
                              2 ; File Created by SDCC : free open source ISO C Compiler
                              3 ; Version 4.6.2 #16710 (Linux)
                              4 ;--------------------------------------------------------
                              5 	.module gte_pr22493_1
                              6 	
                              7 ;--------------------------------------------------------
                              8 ; Public variables in this module
                              9 ;--------------------------------------------------------
                             10 	.globl _main_
                             11 	.globl _f
                             12 	.globl _exit__substitute
                             13 	.globl _abort
                             14 	.globl _longjmp
                             15 	.globl ___setjmp
                             16 	.globl ___prints
                             17 	.globl ___fail
                             18 	.globl _after_main
                             19 	.globl ___numCases
                             20 	.globl ___runSuite
                             21 	.globl ___getSuiteName
                             22 ;--------------------------------------------------------
                             23 ; special function registers
                             24 ;--------------------------------------------------------
                             25 ;--------------------------------------------------------
                             26 ; ram data
                             27 ;--------------------------------------------------------
                             28 	.area _DATA (BANK=_DSEG)
   0000                      29 _after_main::
   0000                      30 	.ds 6
                             31 ;--------------------------------------------------------
                             32 ; ram data
                             33 ;--------------------------------------------------------
                             34 	.area _INITIALIZED
                             35 ;--------------------------------------------------------
                             36 ; absolute ram data
                             37 ;--------------------------------------------------------
                             38 	.area _DABS (ABS)
                             39 	.area _DABS (ABS)
                             40 ;--------------------------------------------------------
                             41 ; global & static initialisations
                             42 ;--------------------------------------------------------
                             43 	.area _HOME
                             44 	.area _GSINIT
                             45 	.area _GSFINAL
                             46 	.area _GSINIT
                             47 ;--------------------------------------------------------
                             48 ; Home
                             49 ;--------------------------------------------------------
                             50 	.area _HOME (BANK=_CSEG)
                             51 	.area _HOME (BANK=_CSEG)
                             52 ;--------------------------------------------------------
                             53 ; code
                             54 ;--------------------------------------------------------
                             55 	.area _CODE (BANK=_CSEG)
                             56 ;cases/gte_pr22493-1.c:7: void exit__substitute(int i){ASSERT(!i); longjmp(after_main, 1);}
                             57 ;	genLabel
                             58 ;	genFunction
                             59 ;	---------------------------------
                             60 ; Function exit__substitute
                             61 ; ---------------------------------
                             62 ;	Register assignment might be sub-optimal.
                             63 ; Stack space usage: 0 bytes.
   0000                      64 _exit__substitute::
                             65 ;	genReceive
                             66 ;	genMove_o size 2 result type 2 source type 2 a_dead 1 hl_dead 1 de_dead 1 iy_dead 1 f_dead 1
   0000 EB            [ 4]   67 	ex	de, hl
                             68 ;	genMove_o size 0 result type 2 source type 1 a_dead 1 hl_dead 1 de_dead 1 iy_dead 1 f_dead 1
                             69 ;	genPlus
                             70 ;	genMove_o size 2 result type 2 source type 10 a_dead 1 hl_dead 1 de_dead 0 iy_dead 1 f_dead 1
   0001 2Ar00s00      [16]   71 	ld	hl, (___numTests)
   0004 23            [ 6]   72 	inc	hl
                             73 ;	genMove_o size 2 result type 10 source type 2 a_dead 1 hl_dead 1 de_dead 0 iy_dead 1 f_dead 1
   0005 22r00s00      [16]   74 	ld	(___numTests), hl
                             75 ;	genIfx
   0008 7A            [ 4]   76 	ld	a, d
   0009 B3            [ 4]   77 	or	a, e
                             78 ; common peephole 163 changed absolute to relative conditional jump.
   000A 28 11         [12]   79 	jr	z, 00104$
                             80 ;	skipping iCode since result will be rematerialized
                             81 ;	skipping iCode since result will be rematerialized
                             82 ;	skipping iCode since result will be rematerialized
                             83 ;	skipping iCode since result will be rematerialized
                             84 ;	skipping iCode since result will be rematerialized
                             85 ;	skipping iCode since result will be rematerialized
                             86 ;	genIpush
                             87 ;	genMove_o size 2 result type 2 source type 1 a_dead 1 hl_dead 1 de_dead 1 iy_dead 1 f_dead 1
   000C 21 07 00      [10]   88 	ld	hl, #0x0007
   000F E5            [11]   89 	push	hl
                             90 ;	genIpush
                             91 ;	genMove_o size 2 result type 2 source type 7 a_dead 1 hl_dead 1 de_dead 1 iy_dead 1 f_dead 1
   0010 21r3As00      [10]   92 	ld	hl, #___str_2
   0013 E5            [11]   93 	push	hl
                             94 ;	genSend
                             95 ;	genMove_o size 2 result type 2 source type 7 a_dead 1 hl_dead 1 de_dead 1 iy_dead 1 f_dead 1
   0014 11r37s00      [10]   96 	ld	de, #___str_1
                             97 ;	genSend
                             98 ;	genMove_o size 2 result type 2 source type 7 a_dead 1 hl_dead 1 de_dead 0 iy_dead 1 f_dead 1
   0017 21r26s00      [10]   99 	ld	hl, #___str_0
                            100 ;	genCall
   001A CDr00s00      [17]  101 	call	___fail
                            102 ;	genLabel
   001D                     103 00104$:
                            104 ;	skipping iCode since result will be rematerialized
                            105 ;	skipping iCode since result will be rematerialized
                            106 ;	genSend
                            107 ;	genMove_o size 2 result type 2 source type 1 a_dead 1 hl_dead 1 de_dead 1 iy_dead 1 f_dead 1
   001D 11 01 00      [10]  108 	ld	de, #0x0001
                            109 ;	genSend
                            110 ;	genMove_o size 2 result type 2 source type 7 a_dead 1 hl_dead 1 de_dead 0 iy_dead 1 f_dead 1
   0020 21r00s00      [10]  111 	ld	hl, #_after_main
                            112 ;	genCall
                            113 ;	genLabel
                            114 ; common peephole 159 removed unused label 00101$.
                            115 ;	genEndFunction
   0023 C3r00s00      [10]  116 	jp	_longjmp
                            117 ; common peephole 152 removed unused ret.
                            118 ;	Total exit__substitute function size at codegen: 1 bytes.
   0026                     119 ___str_0:
   0026 41 73 73 65 72 74   120 	.ascii "Assertion failed"
        69 6F 6E 20 66 61
        69 6C 65 64
   0036 00                  121 	.db 0x00
   0037                     122 ___str_1:
   0037 21 69               123 	.ascii "!i"
   0039 00                  124 	.db 0x00
   003A                     125 ___str_2:
   003A 63 61 73 65 73 2F   126 	.ascii "cases/gte_pr22493-1.c"
        67 74 65 5F 70 72
        32 32 34 39 33 2D
        31 2E 63
   004F 00                  127 	.db 0x00
                            128 ;cases/gte_pr22493-1.c:11: void abort(void) {ASSERT(0);}
                            129 ;	genLabel
                            130 ;	genFunction
                            131 ;	---------------------------------
                            132 ; Function abort
                            133 ; ---------------------------------
                            134 ;	Register assignment might be sub-optimal.
                            135 ; Stack space usage: 0 bytes.
   0050                     136 _abort::
                            137 ;	genPlus
                            138 ;	genMove_o size 2 result type 2 source type 10 a_dead 1 hl_dead 1 de_dead 1 iy_dead 1 f_dead 1
   0050 2Ar00s00      [16]  139 	ld	hl, (___numTests)
   0053 23            [ 6]  140 	inc	hl
                            141 ;	genMove_o size 2 result type 10 source type 2 a_dead 1 hl_dead 1 de_dead 1 iy_dead 1 f_dead 1
   0054 22r00s00      [16]  142 	ld	(___numTests), hl
                            143 ;	skipping iCode since result will be rematerialized
                            144 ;	skipping iCode since result will be rematerialized
                            145 ;	skipping iCode since result will be rematerialized
                            146 ;	skipping iCode since result will be rematerialized
                            147 ;	skipping iCode since result will be rematerialized
                            148 ;	skipping iCode since result will be rematerialized
                            149 ;	genIpush
                            150 ;	genMove_o size 2 result type 2 source type 1 a_dead 1 hl_dead 1 de_dead 1 iy_dead 1 f_dead 1
   0057 21 0B 00      [10]  151 	ld	hl, #0x000b
   005A E5            [11]  152 	push	hl
                            153 ;	genIpush
                            154 ;	genMove_o size 2 result type 2 source type 7 a_dead 1 hl_dead 1 de_dead 1 iy_dead 1 f_dead 1
   005B 21r7Cs00      [10]  155 	ld	hl, #__str_5
   005E E5            [11]  156 	push	hl
                            157 ;	genSend
                            158 ;	genMove_o size 2 result type 2 source type 7 a_dead 1 hl_dead 1 de_dead 1 iy_dead 1 f_dead 1
   005F 11r7As00      [10]  159 	ld	de, #__str_4
                            160 ;	genSend
                            161 ;	genMove_o size 2 result type 2 source type 7 a_dead 1 hl_dead 1 de_dead 0 iy_dead 1 f_dead 1
   0062 21r69s00      [10]  162 	ld	hl, #__str_3
                            163 ;	genCall
   0065 CDr00s00      [17]  164 	call	___fail
                            165 ;	genLabel
                            166 ; common peephole 159 removed unused label 00101$.
                            167 ;	genEndFunction
   0068 C9            [10]  168 	ret
                            169 ;	Total abort function size at codegen: 1 bytes.
   0069                     170 __str_3:
   0069 41 73 73 65 72 74   171 	.ascii "Assertion failed"
        69 6F 6E 20 66 61
        69 6C 65 64
   0079 00                  172 	.db 0x00
   007A                     173 __str_4:
   007A 30                  174 	.ascii "0"
   007B 00                  175 	.db 0x00
   007C                     176 __str_5:
   007C 63 61 73 65 73 2F   177 	.ascii "cases/gte_pr22493-1.c"
        67 74 65 5F 70 72
        32 32 34 39 33 2D
        31 2E 63
   0091 00                  178 	.db 0x00
                            179 ;cases/../gte/pr22493-1.c:6: void f(int i)
                            180 ;	genLabel
                            181 ;	genFunction
                            182 ;	---------------------------------
                            183 ; Function f
                            184 ; ---------------------------------
                            185 ;	Register assignment is optimal.
                            186 ; Stack space usage: 0 bytes.
   0092                     187 _f::
                            188 ;	genReceive
                            189 ;	genMove_o size 2 result type 2 source type 2 a_dead 1 hl_dead 1 de_dead 1 iy_dead 1 f_dead 1
                            190 ;cases/../gte/pr22493-1.c:8: if (i>0)
                            191 ;	genCmpGt
   0092 AF            [ 4]  192 	xor	a, a
   0093 BD            [ 4]  193 	cp	a, l
   0094 9C            [ 4]  194 	sbc	a, h
   0095 E2r9As00      [10]  195 	jp	po, 00123$
   0098 EE 80         [ 7]  196 	xor	a, #0x80
   009A                     197 00123$:
   009A F2rA2s00      [10]  198 	jp	p, 00102$
                            199 ;	skipping generated iCode
                            200 ;cases/../gte/pr22493-1.c:9: abort();
                            201 ;	genCall
   009D E5            [11]  202 	push	hl
   009E CDr50s00      [17]  203 	call	_abort
   00A1 E1            [10]  204 	pop	hl
                            205 ;	genLabel
   00A2                     206 00102$:
                            207 ;cases/../gte/pr22493-1.c:10: i = -i;
                            208 ;	genUminus
   00A2 AF            [ 4]  209 	xor	a, a
   00A3 95            [ 4]  210 	sub	a, l
                            211 ; common peephole 1 removed dead load from a into c.
   00A4 9F            [ 4]  212 	sbc	a, a
   00A5 94            [ 4]  213 	sub	a, h
                            214 ;cases/../gte/pr22493-1.c:11: if (i<0)
                            215 ;	genCmpLt
   00A6 CB 7F         [ 8]  216 	bit	7,a
                            217 ; common peephole 149 tested bit 7 of a directly instead of going through b.
                            218 ;	skipping generated iCode
                            219 ;cases/../gte/pr22493-1.c:12: return;
                            220 ;	genRet
                            221 ;	genLabel
                            222 ; common peephole 82 removed jp by using inverse jump logic
                            223 ; common peephole 159 removed unused label 00104$.
                            224 ;cases/../gte/pr22493-1.c:13: abort ();
                            225 ;	genCall
                            226 ;	genLabel
   00A8 CAr50s00      [10]  227 	jp	z, _abort
                            228 ; common peephole 81 removed jp by using inverse jump logic
                            229 ; common peephole 159 removed unused label 00105$.
                            230 ;cases/../gte/pr22493-1.c:14: }
                            231 ;	genEndFunction
   00AB C9            [10]  232 	ret
                            233 ;	Total f function size at codegen: 1 bytes.
                            234 ;cases/../gte/pr22493-1.c:16: int main(void)
                            235 ;	genLabel
                            236 ;	genFunction
                            237 ;	---------------------------------
                            238 ; Function main_
                            239 ; ---------------------------------
                            240 ;	Register assignment is optimal.
                            241 ; Stack space usage: 0 bytes.
   00AC                     242 _main_::
                            243 ;cases/../gte/pr22493-1.c:18: f(INT_MIN);
                            244 ;	genSend
                            245 ;	genMove_o size 2 result type 2 source type 1 a_dead 1 hl_dead 1 de_dead 1 iy_dead 1 f_dead 1
   00AC 21 00 80      [10]  246 	ld	hl, #0x8000
                            247 ;	genCall
   00AF CDr92s00      [17]  248 	call	_f
                            249 ;cases/../gte/pr22493-1.c:19: exit (0);
                            250 ;	genSend
                            251 ;	genMove_o size 2 result type 2 source type 1 a_dead 1 hl_dead 1 de_dead 1 iy_dead 1 f_dead 1
   00B2 21 00 00      [10]  252 	ld	hl, #0x0000
                            253 ;	genCall
                            254 ;	genLabel
                            255 ; common peephole 159 removed unused label 00101$.
                            256 ;cases/../gte/pr22493-1.c:20: }
                            257 ;	genEndFunction
   00B5 C3r00s00      [10]  258 	jp	_exit__substitute
                            259 ; common peephole 152 removed unused ret.
                            260 ;	Total main_ function size at codegen: 1 bytes.
                            261 ;cases/gte_pr22493-1.c:14: void __runSuite(void) { __prints("Running main\n");if(!setjmp(after_main))
                            262 ;	genLabel
                            263 ;	genFunction
                            264 ;	---------------------------------
                            265 ; Function __runSuite
                            266 ; ---------------------------------
                            267 ;	Register assignment might be sub-optimal.
                            268 ; Stack space usage: 0 bytes.
   00B8                     269 ___runSuite::
                            270 ;	skipping iCode since result will be rematerialized
                            271 ;	skipping iCode since result will be rematerialized
                            272 ;	genSend
                            273 ;	genMove_o size 2 result type 2 source type 7 a_dead 1 hl_dead 1 de_dead 1 iy_dead 1 f_dead 1
   00B8 21rCAs00      [10]  274 	ld	hl, #___str_6
                            275 ;	genCall
   00BB CDr00s00      [17]  276 	call	___prints
                            277 ;	skipping iCode since result will be rematerialized
                            278 ;	skipping iCode since result will be rematerialized
                            279 ;	genSend
                            280 ;	genMove_o size 2 result type 2 source type 7 a_dead 1 hl_dead 1 de_dead 1 iy_dead 1 f_dead 1
   00BE 21r00s00      [10]  281 	ld	hl, #_after_main
                            282 ;	genCall
   00C1 CDr00s00      [17]  283 	call	___setjmp
                            284 ;	genMove_o size 2 result type 2 source type 2 a_dead 1 hl_dead 1 de_dead 1 iy_dead 1 f_dead 1
                            285 ;	genIfx
   00C4 7A            [ 4]  286 	ld	a, d
   00C5 B3            [ 4]  287 	or	a, e
                            288 ;cases/gte_pr22493-1.c:15: main_(MAINARGS); }
                            289 ;	genCall
                            290 ;	genLabel
   00C6 CArACs00      [10]  291 	jp	z, _main_
                            292 ; common peephole 81 removed jp by using inverse jump logic
                            293 ; common peephole 159 removed unused label 00103$.
                            294 ;	genEndFunction
   00C9 C9            [10]  295 	ret
                            296 ;	Total __runSuite function size at codegen: 1 bytes.
   00CA                     297 ___str_6:
   00CA 52 75 6E 6E 69 6E   298 	.ascii "Running main"
        67 20 6D 61 69 6E
   00D6 0A                  299 	.db 0x0a
   00D7 00                  300 	.db 0x00
                            301 ;cases/gte_pr22493-1.c:17: __code const char * __getSuiteName(void) { return "gte/pr22493-1"; }
                            302 ;	genLabel
                            303 ;	genFunction
                            304 ;	---------------------------------
                            305 ; Function __getSuiteName
                            306 ; ---------------------------------
                            307 ;	Register assignment is optimal.
                            308 ; Stack space usage: 0 bytes.
   00D8                     309 ___getSuiteName::
                            310 ;	skipping iCode since result will be rematerialized
                            311 ;	skipping iCode since result will be rematerialized
                            312 ;	genRet
                            313 ;	genMove_o size 2 result type 2 source type 7 a_dead 1 hl_dead 1 de_dead 1 iy_dead 1 f_dead 1
   00D8 11rDEs00      [10]  314 	ld	de, #___str_7
                            315 ;	genLabel
                            316 ; common peephole 159 removed unused label 00101$.
                            317 ;	genEndFunction
   00DB C9            [10]  318 	ret
                            319 ;	Total __getSuiteName function size at codegen: 1 bytes.
   00DC                     320 ___numCases:
   00DC 01 00               321 	.dw #0x0001
   00DE                     322 ___str_7:
   00DE 67 74 65 2F 70 72   323 	.ascii "gte/pr22493-1"
        32 32 34 39 33 2D
        31
   00EB 00                  324 	.db 0x00
                            325 	.area _CODE (BANK=_CSEG)
                            326 	.area _INITIALIZER
                            327 	.area _CABS (ABS)
