                              1 ;--------------------------------------------------------
                              2 ; File Created by SDCC : free open source ISO C Compiler
                              3 ; Version 4.6.2 #16710 (Linux)
                              4 ;--------------------------------------------------------
                              5 	.module qct_0089_fptr
                              6 	
                              7 ;--------------------------------------------------------
                              8 ; Public variables in this module
                              9 ;--------------------------------------------------------
                             10 	.globl _main_
                             11 	.globl _foo
                             12 	.globl ___prints
                             13 	.globl ___fail
                             14 	.globl ___numCases
                             15 	.globl ___getSuiteName
                             16 	.globl ___runSuite
                             17 ;--------------------------------------------------------
                             18 ; special function registers
                             19 ;--------------------------------------------------------
                             20 ;--------------------------------------------------------
                             21 ; ram data
                             22 ;--------------------------------------------------------
                             23 	.area _DATA (BANK=_DSEG)
                             24 ;--------------------------------------------------------
                             25 ; ram data
                             26 ;--------------------------------------------------------
                             27 	.area _INITIALIZED
                             28 ;--------------------------------------------------------
                             29 ; absolute ram data
                             30 ;--------------------------------------------------------
                             31 	.area _DABS (ABS)
                             32 	.area _DABS (ABS)
                             33 ;--------------------------------------------------------
                             34 ; global & static initialisations
                             35 ;--------------------------------------------------------
                             36 	.area _HOME
                             37 	.area _GSINIT
                             38 	.area _GSFINAL
                             39 	.area _GSINIT
                             40 ;--------------------------------------------------------
                             41 ; Home
                             42 ;--------------------------------------------------------
                             43 	.area _HOME (BANK=_CSEG)
                             44 	.area _HOME (BANK=_CSEG)
                             45 ;--------------------------------------------------------
                             46 ; code
                             47 ;--------------------------------------------------------
                             48 	.area _CODE (BANK=_CSEG)
                             49 ;cases/qct_0089-fptr.c:6: __code const char * __getSuiteName(void) { return "qct/0089-fptr"; }
                             50 ;	genLabel
                             51 ;	genFunction
                             52 ;	---------------------------------
                             53 ; Function __getSuiteName
                             54 ; ---------------------------------
                             55 ;	Register assignment is optimal.
                             56 ; Stack space usage: 0 bytes.
   0000                      57 ___getSuiteName::
                             58 ;	skipping iCode since result will be rematerialized
                             59 ;	skipping iCode since result will be rematerialized
                             60 ;	genRet
                             61 ;	genMove_o size 2 result type 2 source type 7 a_dead 1 hl_dead 1 de_dead 1 iy_dead 1 f_dead 1
   0000 11r06s00      [10]   62 	ld	de, #___str_0
                             63 ;	genLabel
                             64 ; common peephole 159 removed unused label 00101$.
                             65 ;	genEndFunction
   0003 C9            [10]   66 	ret
                             67 ;	Total __getSuiteName function size at codegen: 1 bytes.
   0004                      68 ___numCases:
   0004 01 00                69 	.dw #0x0001
   0006                      70 ___str_0:
   0006 71 63 74 2F 30 30    71 	.ascii "qct/0089-fptr"
        38 39 2D 66 70 74
        72
   0013 00                   72 	.db 0x00
                             73 ;cases/../qct/0089-fptr.c:8: foo()
                             74 ;	genLabel
                             75 ;	genFunction
                             76 ;	---------------------------------
                             77 ; Function foo
                             78 ; ---------------------------------
                             79 ;	Register assignment is optimal.
                             80 ; Stack space usage: 0 bytes.
   0014                      81 _foo::
                             82 ;cases/../qct/0089-fptr.c:10: return 0;
                             83 ;	genRet
                             84 ;	genMove_o size 2 result type 2 source type 1 a_dead 1 hl_dead 1 de_dead 1 iy_dead 1 f_dead 1
   0014 11 00 00      [10]   85 	ld	de, #0x0000
                             86 ;	genLabel
                             87 ; common peephole 159 removed unused label 00101$.
                             88 ;cases/../qct/0089-fptr.c:11: }
                             89 ;	genEndFunction
   0017 C9            [10]   90 	ret
                             91 ;	Total foo function size at codegen: 1 bytes.
                             92 ;cases/../qct/0089-fptr.c:14: main()
                             93 ;	genLabel
                             94 ;	genFunction
                             95 ;	---------------------------------
                             96 ; Function main_
                             97 ; ---------------------------------
                             98 ;	Register assignment might be sub-optimal.
                             99 ; Stack space usage: 2 bytes.
   0018                     100 _main_::
                            101 ;	adjustStack by -2
   0018 F5            [11]  102 	push	af
                            103 ;cases/../qct/0089-fptr.c:18: v.fptr = foo;
                            104 ;	skipping iCode since result will be rematerialized
                            105 ;	skipping iCode since result will be rematerialized
                            106 ;	genPointerSet
                            107 ;	genMove_o size 2 result type 12 source type 7 a_dead 1 hl_dead 1 de_dead 1 iy_dead 1 f_dead 1
                            108 ; common peephole 65 used hl instead of iy.
                            109 ; common peephole 130a removed unnecessary +0 from constant
   0019 21 00 00      [10]  110 	ld	hl, #0
   001C 39            [11]  111 	add	hl, sp
   001D 36r14         [10]  112 	ld	(hl), #<(_foo)
   001F 23            [ 6]  113 	inc	hl
   0020 36s00         [10]  114 	ld	(hl), #>(_foo)
                            115 ;cases/../qct/0089-fptr.c:19: return v.fptr();
                            116 ;	genPointerGet
                            117 ;	genMove_o size 2 result type 2 source type 12 a_dead 1 hl_dead 1 de_dead 1 iy_dead 1 f_dead 1
   0022 E1            [10]  118 	pop	hl
   0023 E5            [11]  119 	push	hl
                            120 ;	genMove_o size 0 result type 2 source type 1 a_dead 1 hl_dead 1 de_dead 1 iy_dead 1 f_dead 1
                            121 ;	genCall
                            122 ;	genMove_o size 2 result type 2 source type 2 a_dead 1 hl_dead 0 de_dead 1 iy_dead 1 f_dead 1
   0024 CDr00s00      [17]  123 	call	___sdcc_call_hl
                            124 ;	genMove_o size 2 result type 2 source type 2 a_dead 1 hl_dead 1 de_dead 1 iy_dead 1 f_dead 1
                            125 ;	genRet
                            126 ;	genMove_o size 2 result type 2 source type 2 a_dead 1 hl_dead 1 de_dead 1 iy_dead 1 f_dead 1
                            127 ;	genLabel
                            128 ; common peephole 159 removed unused label 00101$.
                            129 ;cases/../qct/0089-fptr.c:20: }
                            130 ;	genEndFunction
                            131 ;	adjustStack by 2
   0027 F1            [10]  132 	pop	af
   0028 C9            [10]  133 	ret
                            134 ;	Total main_ function size at codegen: 2 bytes.
                            135 ;cases/qct_0089-fptr.c:10: void __runSuite(void) { __prints("Running main\n"); ASSERT(!main_(MAINARGS)); }
                            136 ;	genLabel
                            137 ;	genFunction
                            138 ;	---------------------------------
                            139 ; Function __runSuite
                            140 ; ---------------------------------
                            141 ;	Register assignment might be sub-optimal.
                            142 ; Stack space usage: 0 bytes.
   0029                     143 ___runSuite::
                            144 ;	skipping iCode since result will be rematerialized
                            145 ;	skipping iCode since result will be rematerialized
                            146 ;	genSend
                            147 ;	genMove_o size 2 result type 2 source type 7 a_dead 1 hl_dead 1 de_dead 1 iy_dead 1 f_dead 1
   0029 21r4Es00      [10]  148 	ld	hl, #___str_1
                            149 ;	genCall
   002C CDr00s00      [17]  150 	call	___prints
                            151 ;	genPlus
                            152 ;	genMove_o size 2 result type 2 source type 10 a_dead 1 hl_dead 1 de_dead 1 iy_dead 1 f_dead 1
   002F 2Ar00s00      [16]  153 	ld	hl, (___numTests)
   0032 23            [ 6]  154 	inc	hl
                            155 ;	genMove_o size 2 result type 10 source type 2 a_dead 1 hl_dead 1 de_dead 1 iy_dead 1 f_dead 1
   0033 22r00s00      [16]  156 	ld	(___numTests), hl
                            157 ;	genCall
   0036 CDr18s00      [17]  158 	call	_main_
                            159 ;	genMove_o size 2 result type 2 source type 2 a_dead 1 hl_dead 1 de_dead 1 iy_dead 1 f_dead 1
                            160 ;	genIfx
   0039 7A            [ 4]  161 	ld	a, d
   003A B3            [ 4]  162 	or	a, e
   003B C8            [11]  163 	ret	z
                            164 ; common peephole 161 replaced jump by return.
                            165 ;	skipping iCode since result will be rematerialized
                            166 ;	skipping iCode since result will be rematerialized
                            167 ;	skipping iCode since result will be rematerialized
                            168 ;	skipping iCode since result will be rematerialized
                            169 ;	skipping iCode since result will be rematerialized
                            170 ;	skipping iCode since result will be rematerialized
                            171 ;	genIpush
                            172 ;	genMove_o size 2 result type 2 source type 1 a_dead 1 hl_dead 1 de_dead 1 iy_dead 1 f_dead 1
   003C 21 0A 00      [10]  173 	ld	hl, #0x000a
   003F E5            [11]  174 	push	hl
                            175 ;	genIpush
                            176 ;	genMove_o size 2 result type 2 source type 7 a_dead 1 hl_dead 1 de_dead 1 iy_dead 1 f_dead 1
   0040 21r7Es00      [10]  177 	ld	hl, #___str_4
   0043 E5            [11]  178 	push	hl
                            179 ;	genSend
                            180 ;	genMove_o size 2 result type 2 source type 7 a_dead 1 hl_dead 1 de_dead 1 iy_dead 1 f_dead 1
   0044 11r6Ds00      [10]  181 	ld	de, #___str_3
                            182 ;	genSend
                            183 ;	genMove_o size 2 result type 2 source type 7 a_dead 1 hl_dead 1 de_dead 0 iy_dead 1 f_dead 1
   0047 21r5Cs00      [10]  184 	ld	hl, #___str_2
                            185 ;	genCall
   004A CDr00s00      [17]  186 	call	___fail
                            187 ;	genLabel
                            188 ; common peephole 159 removed unused label 00101$.
                            189 ;	genEndFunction
   004D C9            [10]  190 	ret
                            191 ;	Total __runSuite function size at codegen: 1 bytes.
   004E                     192 ___str_1:
   004E 52 75 6E 6E 69 6E   193 	.ascii "Running main"
        67 20 6D 61 69 6E
   005A 0A                  194 	.db 0x0a
   005B 00                  195 	.db 0x00
   005C                     196 ___str_2:
   005C 41 73 73 65 72 74   197 	.ascii "Assertion failed"
        69 6F 6E 20 66 61
        69 6C 65 64
   006C 00                  198 	.db 0x00
   006D                     199 ___str_3:
   006D 21 6D 61 69 6E 5F   200 	.ascii "!main_(MAINARGS)"
        28 4D 41 49 4E 41
        52 47 53 29
   007D 00                  201 	.db 0x00
   007E                     202 ___str_4:
   007E 63 61 73 65 73 2F   203 	.ascii "cases/qct_0089-fptr.c"
        71 63 74 5F 30 30
        38 39 2D 66 70 74
        72 2E 63
   0093 00                  204 	.db 0x00
                            205 	.area _CODE (BANK=_CSEG)
                            206 	.area _INITIALIZER
                            207 	.area _CABS (ABS)
