                              1 ;--------------------------------------------------------
                              2 ; File Created by SDCC : free open source ISO C Compiler
                              3 ; Version 4.6.2 #16710 (Linux)
                              4 ;--------------------------------------------------------
                              5 	.module qct_0043_union
                              6 	
                              7 ;--------------------------------------------------------
                              8 ; Public variables in this module
                              9 ;--------------------------------------------------------
                             10 	.globl _main_
                             11 	.globl ___prints
                             12 	.globl ___fail
                             13 	.globl ___numCases
                             14 	.globl ___getSuiteName
                             15 	.globl ___runSuite
                             16 ;--------------------------------------------------------
                             17 ; special function registers
                             18 ;--------------------------------------------------------
                             19 ;--------------------------------------------------------
                             20 ; ram data
                             21 ;--------------------------------------------------------
                             22 	.area _DATA (BANK=_DSEG)
                             23 ;--------------------------------------------------------
                             24 ; ram data
                             25 ;--------------------------------------------------------
                             26 	.area _INITIALIZED
                             27 ;--------------------------------------------------------
                             28 ; absolute ram data
                             29 ;--------------------------------------------------------
                             30 	.area _DABS (ABS)
                             31 	.area _DABS (ABS)
                             32 ;--------------------------------------------------------
                             33 ; global & static initialisations
                             34 ;--------------------------------------------------------
                             35 	.area _HOME
                             36 	.area _GSINIT
                             37 	.area _GSFINAL
                             38 	.area _GSINIT
                             39 ;--------------------------------------------------------
                             40 ; Home
                             41 ;--------------------------------------------------------
                             42 	.area _HOME (BANK=_CSEG)
                             43 	.area _HOME (BANK=_CSEG)
                             44 ;--------------------------------------------------------
                             45 ; code
                             46 ;--------------------------------------------------------
                             47 	.area _CODE (BANK=_CSEG)
                             48 ;cases/qct_0043-union.c:6: __code const char * __getSuiteName(void) { return "qct/0043-union"; }
                             49 ;	genLabel
                             50 ;	genFunction
                             51 ;	---------------------------------
                             52 ; Function __getSuiteName
                             53 ; ---------------------------------
                             54 ;	Register assignment is optimal.
                             55 ; Stack space usage: 0 bytes.
   0000                      56 ___getSuiteName::
                             57 ;	skipping iCode since result will be rematerialized
                             58 ;	skipping iCode since result will be rematerialized
                             59 ;	genRet
                             60 ;	genMove_o size 2 result type 2 source type 7 a_dead 1 hl_dead 1 de_dead 1 iy_dead 1 f_dead 1
   0000 11r06s00      [10]   61 	ld	de, #___str_0
                             62 ;	genLabel
                             63 ; common peephole 159 removed unused label 00101$.
                             64 ;	genEndFunction
   0003 C9            [10]   65 	ret
                             66 ;	Total __getSuiteName function size at codegen: 1 bytes.
   0004                      67 ___numCases:
   0004 01 00                68 	.dw #0x0001
   0006                      69 ___str_0:
   0006 71 63 74 2F 30 30    70 	.ascii "qct/0043-union"
        34 33 2D 75 6E 69
        6F 6E
   0014 00                   71 	.db 0x00
                             72 ;cases/../qct/0043-union.c:5: main()
                             73 ;	genLabel
                             74 ;	genFunction
                             75 ;	---------------------------------
                             76 ; Function main_
                             77 ; ---------------------------------
                             78 ;	Register assignment is optimal.
                             79 ; Stack space usage: 2 bytes.
   0015                      80 _main_::
                             81 ;	adjustStack by -2
   0015 F5            [11]   82 	push	af
                             83 ;cases/../qct/0043-union.c:8: u.a = 1;
                             84 ;	skipping iCode since result will be rematerialized
                             85 ;	genPointerSet
                             86 ;	genMove_o size 2 result type 12 source type 1 a_dead 1 hl_dead 1 de_dead 1 iy_dead 1 f_dead 1
   0016 FD 21 00 00   [14]   87 	ld	iy, #0
   001A FD 39         [15]   88 	add	iy, sp
   001C FD 36 00 01   [19]   89 	ld	0 (iy), #0x01
   0020 FD 36 01 00   [19]   90 	ld	1 (iy), #0
                             91 ; peephole 178 direct load zero constant to memory addressed by index register
                             92 ;cases/../qct/0043-union.c:9: u.b = 3;
                             93 ;	genPointerSet
                             94 ;	genMove_o size 2 result type 12 source type 1 a_dead 1 hl_dead 1 de_dead 1 iy_dead 1 f_dead 1
   0024 FD 36 00 03   [19]   95 	ld	0 (iy), #0x03
   0028 FD 36 01 00   [19]   96 	ld	1 (iy), #0
                             97 ; peephole 178 direct load zero constant to memory addressed by index register
                             98 ;cases/../qct/0043-union.c:13: return 0;
                             99 ;	genRet
                            100 ;	genMove_o size 2 result type 2 source type 1 a_dead 1 hl_dead 1 de_dead 1 iy_dead 1 f_dead 1
   002C 11 00 00      [10]  101 	ld	de, #0x0000
                            102 ;	genLabel
                            103 ; common peephole 159 removed unused label 00104$.
                            104 ;cases/../qct/0043-union.c:14: }
                            105 ;	genEndFunction
                            106 ;	adjustStack by 2
   002F F1            [10]  107 	pop	af
   0030 C9            [10]  108 	ret
                            109 ;	Total main_ function size at codegen: 2 bytes.
                            110 ;cases/qct_0043-union.c:10: void __runSuite(void) { __prints("Running main\n"); ASSERT(!main_(MAINARGS)); }
                            111 ;	genLabel
                            112 ;	genFunction
                            113 ;	---------------------------------
                            114 ; Function __runSuite
                            115 ; ---------------------------------
                            116 ;	Register assignment might be sub-optimal.
                            117 ; Stack space usage: 0 bytes.
   0031                     118 ___runSuite::
                            119 ;	skipping iCode since result will be rematerialized
                            120 ;	skipping iCode since result will be rematerialized
                            121 ;	genSend
                            122 ;	genMove_o size 2 result type 2 source type 7 a_dead 1 hl_dead 1 de_dead 1 iy_dead 1 f_dead 1
   0031 21r56s00      [10]  123 	ld	hl, #___str_1
                            124 ;	genCall
   0034 CDr00s00      [17]  125 	call	___prints
                            126 ;	genPlus
                            127 ;	genMove_o size 2 result type 2 source type 10 a_dead 1 hl_dead 1 de_dead 1 iy_dead 1 f_dead 1
   0037 2Ar00s00      [16]  128 	ld	hl, (___numTests)
   003A 23            [ 6]  129 	inc	hl
                            130 ;	genMove_o size 2 result type 10 source type 2 a_dead 1 hl_dead 1 de_dead 1 iy_dead 1 f_dead 1
   003B 22r00s00      [16]  131 	ld	(___numTests), hl
                            132 ;	genCall
   003E CDr15s00      [17]  133 	call	_main_
                            134 ;	genMove_o size 2 result type 2 source type 2 a_dead 1 hl_dead 1 de_dead 1 iy_dead 1 f_dead 1
                            135 ;	genIfx
   0041 7A            [ 4]  136 	ld	a, d
   0042 B3            [ 4]  137 	or	a, e
   0043 C8            [11]  138 	ret	z
                            139 ; common peephole 161 replaced jump by return.
                            140 ;	skipping iCode since result will be rematerialized
                            141 ;	skipping iCode since result will be rematerialized
                            142 ;	skipping iCode since result will be rematerialized
                            143 ;	skipping iCode since result will be rematerialized
                            144 ;	skipping iCode since result will be rematerialized
                            145 ;	skipping iCode since result will be rematerialized
                            146 ;	genIpush
                            147 ;	genMove_o size 2 result type 2 source type 1 a_dead 1 hl_dead 1 de_dead 1 iy_dead 1 f_dead 1
   0044 21 0A 00      [10]  148 	ld	hl, #0x000a
   0047 E5            [11]  149 	push	hl
                            150 ;	genIpush
                            151 ;	genMove_o size 2 result type 2 source type 7 a_dead 1 hl_dead 1 de_dead 1 iy_dead 1 f_dead 1
   0048 21r86s00      [10]  152 	ld	hl, #___str_4
   004B E5            [11]  153 	push	hl
                            154 ;	genSend
                            155 ;	genMove_o size 2 result type 2 source type 7 a_dead 1 hl_dead 1 de_dead 1 iy_dead 1 f_dead 1
   004C 11r75s00      [10]  156 	ld	de, #___str_3
                            157 ;	genSend
                            158 ;	genMove_o size 2 result type 2 source type 7 a_dead 1 hl_dead 1 de_dead 0 iy_dead 1 f_dead 1
   004F 21r64s00      [10]  159 	ld	hl, #___str_2
                            160 ;	genCall
   0052 CDr00s00      [17]  161 	call	___fail
                            162 ;	genLabel
                            163 ; common peephole 159 removed unused label 00101$.
                            164 ;	genEndFunction
   0055 C9            [10]  165 	ret
                            166 ;	Total __runSuite function size at codegen: 1 bytes.
   0056                     167 ___str_1:
   0056 52 75 6E 6E 69 6E   168 	.ascii "Running main"
        67 20 6D 61 69 6E
   0062 0A                  169 	.db 0x0a
   0063 00                  170 	.db 0x00
   0064                     171 ___str_2:
   0064 41 73 73 65 72 74   172 	.ascii "Assertion failed"
        69 6F 6E 20 66 61
        69 6C 65 64
   0074 00                  173 	.db 0x00
   0075                     174 ___str_3:
   0075 21 6D 61 69 6E 5F   175 	.ascii "!main_(MAINARGS)"
        28 4D 41 49 4E 41
        52 47 53 29
   0085 00                  176 	.db 0x00
   0086                     177 ___str_4:
   0086 63 61 73 65 73 2F   178 	.ascii "cases/qct_0043-union.c"
        71 63 74 5F 30 30
        34 33 2D 75 6E 69
        6F 6E 2E 63
   009C 00                  179 	.db 0x00
                            180 	.area _CODE (BANK=_CSEG)
                            181 	.area _INITIALIZER
                            182 	.area _CABS (ABS)
