                              1 ;--------------------------------------------------------
                              2 ; File Created by SDCC : free open source ISO C Compiler
                              3 ; Version 4.6.2 #16710 (Linux)
                              4 ;--------------------------------------------------------
                              5 	.module qct_0034_logandor
                              6 	
                              7 ;--------------------------------------------------------
                              8 ; Public variables in this module
                              9 ;--------------------------------------------------------
                             10 	.globl _main_
                             11 	.globl _effect
                             12 	.globl ___prints
                             13 	.globl ___fail
                             14 	.globl _g
                             15 	.globl ___numCases
                             16 	.globl ___getSuiteName
                             17 	.globl ___runSuite
                             18 ;--------------------------------------------------------
                             19 ; special function registers
                             20 ;--------------------------------------------------------
                             21 ;--------------------------------------------------------
                             22 ; ram data
                             23 ;--------------------------------------------------------
                             24 	.area _DATA (BANK=_DSEG)
   0000                      25 _g::
   0000                      26 	.ds 2
                             27 ;--------------------------------------------------------
                             28 ; ram data
                             29 ;--------------------------------------------------------
                             30 	.area _INITIALIZED
                             31 ;--------------------------------------------------------
                             32 ; absolute ram data
                             33 ;--------------------------------------------------------
                             34 	.area _DABS (ABS)
                             35 	.area _DABS (ABS)
                             36 ;--------------------------------------------------------
                             37 ; global & static initialisations
                             38 ;--------------------------------------------------------
                             39 	.area _HOME
                             40 	.area _GSINIT
                             41 	.area _GSFINAL
                             42 	.area _GSINIT
                             43 ;--------------------------------------------------------
                             44 ; Home
                             45 ;--------------------------------------------------------
                             46 	.area _HOME (BANK=_CSEG)
                             47 	.area _HOME (BANK=_CSEG)
                             48 ;--------------------------------------------------------
                             49 ; code
                             50 ;--------------------------------------------------------
                             51 	.area _CODE (BANK=_CSEG)
                             52 ;cases/qct_0034-logandor.c:6: __code const char * __getSuiteName(void) { return "qct/0034-logandor"; }
                             53 ;	genLabel
                             54 ;	genFunction
                             55 ;	---------------------------------
                             56 ; Function __getSuiteName
                             57 ; ---------------------------------
                             58 ;	Register assignment is optimal.
                             59 ; Stack space usage: 0 bytes.
   0000                      60 ___getSuiteName::
                             61 ;	skipping iCode since result will be rematerialized
                             62 ;	skipping iCode since result will be rematerialized
                             63 ;	genRet
                             64 ;	genMove_o size 2 result type 2 source type 7 a_dead 1 hl_dead 1 de_dead 1 iy_dead 1 f_dead 1
   0000 11r06s00      [10]   65 	ld	de, #___str_0
                             66 ;	genLabel
                             67 ; common peephole 159 removed unused label 00101$.
                             68 ;	genEndFunction
   0003 C9            [10]   69 	ret
                             70 ;	Total __getSuiteName function size at codegen: 1 bytes.
   0004                      71 ___numCases:
   0004 01 00                72 	.dw #0x0001
   0006                      73 ___str_0:
   0006 71 63 74 2F 30 30    74 	.ascii "qct/0034-logandor"
        33 34 2D 6C 6F 67
        61 6E 64 6F 72
   0017 00                   75 	.db 0x00
                             76 ;cases/../qct/0034-logandor.c:5: effect()
                             77 ;	genLabel
                             78 ;	genFunction
                             79 ;	---------------------------------
                             80 ; Function effect
                             81 ; ---------------------------------
                             82 ;	Register assignment is optimal.
                             83 ; Stack space usage: 0 bytes.
   0018                      84 _effect::
                             85 ;cases/../qct/0034-logandor.c:7: g = 1;
                             86 ;	genAssign
                             87 ;fetchPairLong
   0018 21 01 00      [10]   88 	ld	hl, #0x0001
                             89 ;	genMove_o size 2 result type 10 source type 2 a_dead 1 hl_dead 1 de_dead 1 iy_dead 1 f_dead 1
   001B 22r00s00      [16]   90 	ld	(_g), hl
                             91 ;cases/../qct/0034-logandor.c:8: return 1;
                             92 ;	genRet
                             93 ;	genMove_o size 2 result type 2 source type 1 a_dead 1 hl_dead 1 de_dead 1 iy_dead 1 f_dead 1
   001E 11 01 00      [10]   94 	ld	de, #0x0001
                             95 ;	genLabel
                             96 ; common peephole 159 removed unused label 00101$.
                             97 ;cases/../qct/0034-logandor.c:9: }
                             98 ;	genEndFunction
   0021 C9            [10]   99 	ret
                            100 ;	Total effect function size at codegen: 1 bytes.
                            101 ;cases/../qct/0034-logandor.c:12: main()
                            102 ;	genLabel
                            103 ;	genFunction
                            104 ;	---------------------------------
                            105 ; Function main_
                            106 ; ---------------------------------
                            107 ;	Register assignment is optimal.
                            108 ; Stack space usage: 0 bytes.
   0022                     109 _main_::
                            110 ;cases/../qct/0034-logandor.c:16: g = 0;
                            111 ;	genAssign
                            112 ;fetchPairLong
   0022 21 00 00      [10]  113 	ld	hl, #0x0000
                            114 ;	genMove_o size 2 result type 10 source type 2 a_dead 1 hl_dead 1 de_dead 1 iy_dead 1 f_dead 1
   0025 22r00s00      [16]  115 	ld	(_g), hl
                            116 ;cases/../qct/0034-logandor.c:23: if(x && effect()) {
                            117 ;	genCall
   0028 CDr18s00      [17]  118 	call	_effect
                            119 ;	genMove_o size 2 result type 2 source type 2 a_dead 1 hl_dead 1 de_dead 1 iy_dead 1 f_dead 1
                            120 ;	genIfx
   002B 7A            [ 4]  121 	ld	a, d
   002C B3            [ 4]  122 	or	a, e
                            123 ; common peephole 163 changed absolute to relative conditional jump.
   002D 28 0E         [12]  124 	jr	z, 00109$
                            125 ;cases/../qct/0034-logandor.c:24: if(g != 1)
                            126 ;	genCmpEq
                            127 ;	genMove_o size 1 result type 2 source type 10 a_dead 1 hl_dead 1 de_dead 0 iy_dead 0 f_dead 1
   002F 3Ar00s00      [13]  128 	ld	a, (_g)
   0032 3D            [ 4]  129 	dec	a
                            130 ; common peephole 54 used hl instead of iy.
   0033 21r01s00      [10]  131 	ld	hl, #_g + 1
   0036 B6            [ 7]  132 	or	a, (hl)
                            133 ; common peephole 163 changed absolute to relative conditional jump.
   0037 28 08         [12]  134 	jr	z, 00110$
                            135 ; common peephole 81 removed jp by using inverse jump logic
                            136 ; common peephole 159 removed unused label 00164$.
                            137 ;	skipping generated iCode
                            138 ;cases/../qct/0034-logandor.c:25: return 3;
                            139 ;	genRet
                            140 ;	genMove_o size 2 result type 2 source type 1 a_dead 1 hl_dead 1 de_dead 1 iy_dead 1 f_dead 1
   0039 11 03 00      [10]  141 	ld	de, #0x0003
   003C C9            [10]  142 	ret
                            143 ; common peephole 160 replaced jump by return.
                            144 ;	genLabel
   003D                     145 00109$:
                            146 ;cases/../qct/0034-logandor.c:27: return 4;
                            147 ;	genRet
                            148 ;	genMove_o size 2 result type 2 source type 1 a_dead 1 hl_dead 1 de_dead 1 iy_dead 1 f_dead 1
   003D 11 04 00      [10]  149 	ld	de, #0x0004
   0040 C9            [10]  150 	ret
                            151 ; common peephole 160 replaced jump by return.
                            152 ;	genLabel
   0041                     153 00110$:
                            154 ;cases/../qct/0034-logandor.c:29: g = 0;
                            155 ;	genAssign
                            156 ;fetchPairLong
   0041 21 00 00      [10]  157 	ld	hl, #0x0000
                            158 ;	genMove_o size 2 result type 10 source type 2 a_dead 1 hl_dead 1 de_dead 1 iy_dead 1 f_dead 1
   0044 22r00s00      [16]  159 	ld	(_g), hl
                            160 ;cases/../qct/0034-logandor.c:38: if(x || effect()) {
                            161 ;	genCall
   0047 CDr18s00      [17]  162 	call	_effect
                            163 ;	genMove_o size 2 result type 2 source type 2 a_dead 1 hl_dead 1 de_dead 1 iy_dead 1 f_dead 1
                            164 ;	genIfx
   004A 7A            [ 4]  165 	ld	a, d
   004B B3            [ 4]  166 	or	a, e
                            167 ; common peephole 163 changed absolute to relative conditional jump.
   004C 28 0E         [12]  168 	jr	z, 00121$
                            169 ;cases/../qct/0034-logandor.c:39: if(g != 1)
                            170 ;	genCmpEq
                            171 ;	genMove_o size 1 result type 2 source type 10 a_dead 1 hl_dead 1 de_dead 0 iy_dead 0 f_dead 1
   004E 3Ar00s00      [13]  172 	ld	a, (_g)
   0051 3D            [ 4]  173 	dec	a
                            174 ; common peephole 54 used hl instead of iy.
   0052 21r01s00      [10]  175 	ld	hl, #_g + 1
   0055 B6            [ 7]  176 	or	a, (hl)
                            177 ; common peephole 163 changed absolute to relative conditional jump.
   0056 28 08         [12]  178 	jr	z, 00122$
                            179 ; common peephole 81 removed jp by using inverse jump logic
                            180 ; common peephole 159 removed unused label 00165$.
                            181 ;	skipping generated iCode
                            182 ;cases/../qct/0034-logandor.c:40: return 7;
                            183 ;	genRet
                            184 ;	genMove_o size 2 result type 2 source type 1 a_dead 1 hl_dead 1 de_dead 1 iy_dead 1 f_dead 1
   0058 11 07 00      [10]  185 	ld	de, #0x0007
   005B C9            [10]  186 	ret
                            187 ; common peephole 160 replaced jump by return.
                            188 ;	genLabel
   005C                     189 00121$:
                            190 ;cases/../qct/0034-logandor.c:42: return 8;
                            191 ;	genRet
                            192 ;	genMove_o size 2 result type 2 source type 1 a_dead 1 hl_dead 1 de_dead 1 iy_dead 1 f_dead 1
   005C 11 08 00      [10]  193 	ld	de, #0x0008
   005F C9            [10]  194 	ret
                            195 ; common peephole 160 replaced jump by return.
                            196 ;	genLabel
   0060                     197 00122$:
                            198 ;cases/../qct/0034-logandor.c:44: return 0;
                            199 ;	genRet
                            200 ;	genMove_o size 2 result type 2 source type 1 a_dead 1 hl_dead 1 de_dead 1 iy_dead 1 f_dead 1
   0060 11 00 00      [10]  201 	ld	de, #0x0000
                            202 ;	genLabel
                            203 ; common peephole 159 removed unused label 00124$.
                            204 ;cases/../qct/0034-logandor.c:45: }
                            205 ;	genEndFunction
   0063 C9            [10]  206 	ret
                            207 ;	Total main_ function size at codegen: 1 bytes.
                            208 ;cases/qct_0034-logandor.c:10: void __runSuite(void) { __prints("Running main\n"); ASSERT(!main_(MAINARGS)); }
                            209 ;	genLabel
                            210 ;	genFunction
                            211 ;	---------------------------------
                            212 ; Function __runSuite
                            213 ; ---------------------------------
                            214 ;	Register assignment might be sub-optimal.
                            215 ; Stack space usage: 0 bytes.
   0064                     216 ___runSuite::
                            217 ;	skipping iCode since result will be rematerialized
                            218 ;	skipping iCode since result will be rematerialized
                            219 ;	genSend
                            220 ;	genMove_o size 2 result type 2 source type 7 a_dead 1 hl_dead 1 de_dead 1 iy_dead 1 f_dead 1
   0064 21r89s00      [10]  221 	ld	hl, #___str_1
                            222 ;	genCall
   0067 CDr00s00      [17]  223 	call	___prints
                            224 ;	genPlus
                            225 ;	genMove_o size 2 result type 2 source type 10 a_dead 1 hl_dead 1 de_dead 1 iy_dead 1 f_dead 1
   006A 2Ar00s00      [16]  226 	ld	hl, (___numTests)
   006D 23            [ 6]  227 	inc	hl
                            228 ;	genMove_o size 2 result type 10 source type 2 a_dead 1 hl_dead 1 de_dead 1 iy_dead 1 f_dead 1
   006E 22r00s00      [16]  229 	ld	(___numTests), hl
                            230 ;	genCall
   0071 CDr22s00      [17]  231 	call	_main_
                            232 ;	genMove_o size 2 result type 2 source type 2 a_dead 1 hl_dead 1 de_dead 1 iy_dead 1 f_dead 1
                            233 ;	genIfx
   0074 7A            [ 4]  234 	ld	a, d
   0075 B3            [ 4]  235 	or	a, e
   0076 C8            [11]  236 	ret	z
                            237 ; common peephole 161 replaced jump by return.
                            238 ;	skipping iCode since result will be rematerialized
                            239 ;	skipping iCode since result will be rematerialized
                            240 ;	skipping iCode since result will be rematerialized
                            241 ;	skipping iCode since result will be rematerialized
                            242 ;	skipping iCode since result will be rematerialized
                            243 ;	skipping iCode since result will be rematerialized
                            244 ;	genIpush
                            245 ;	genMove_o size 2 result type 2 source type 1 a_dead 1 hl_dead 1 de_dead 1 iy_dead 1 f_dead 1
   0077 21 0A 00      [10]  246 	ld	hl, #0x000a
   007A E5            [11]  247 	push	hl
                            248 ;	genIpush
                            249 ;	genMove_o size 2 result type 2 source type 7 a_dead 1 hl_dead 1 de_dead 1 iy_dead 1 f_dead 1
   007B 21rB9s00      [10]  250 	ld	hl, #___str_4
   007E E5            [11]  251 	push	hl
                            252 ;	genSend
                            253 ;	genMove_o size 2 result type 2 source type 7 a_dead 1 hl_dead 1 de_dead 1 iy_dead 1 f_dead 1
   007F 11rA8s00      [10]  254 	ld	de, #___str_3
                            255 ;	genSend
                            256 ;	genMove_o size 2 result type 2 source type 7 a_dead 1 hl_dead 1 de_dead 0 iy_dead 1 f_dead 1
   0082 21r97s00      [10]  257 	ld	hl, #___str_2
                            258 ;	genCall
   0085 CDr00s00      [17]  259 	call	___fail
                            260 ;	genLabel
                            261 ; common peephole 159 removed unused label 00101$.
                            262 ;	genEndFunction
   0088 C9            [10]  263 	ret
                            264 ;	Total __runSuite function size at codegen: 1 bytes.
   0089                     265 ___str_1:
   0089 52 75 6E 6E 69 6E   266 	.ascii "Running main"
        67 20 6D 61 69 6E
   0095 0A                  267 	.db 0x0a
   0096 00                  268 	.db 0x00
   0097                     269 ___str_2:
   0097 41 73 73 65 72 74   270 	.ascii "Assertion failed"
        69 6F 6E 20 66 61
        69 6C 65 64
   00A7 00                  271 	.db 0x00
   00A8                     272 ___str_3:
   00A8 21 6D 61 69 6E 5F   273 	.ascii "!main_(MAINARGS)"
        28 4D 41 49 4E 41
        52 47 53 29
   00B8 00                  274 	.db 0x00
   00B9                     275 ___str_4:
   00B9 63 61 73 65 73 2F   276 	.ascii "cases/qct_0034-logandor.c"
        71 63 74 5F 30 30
        33 34 2D 6C 6F 67
        61 6E 64 6F 72 2E
        63
   00D2 00                  277 	.db 0x00
                            278 	.area _CODE (BANK=_CSEG)
                            279 	.area _INITIALIZER
                            280 	.area _CABS (ABS)
