                              1 ;--------------------------------------------------------
                              2 ; File Created by SDCC : free open source ISO C Compiler
                              3 ; Version 4.6.2 #16710 (Linux)
                              4 ;--------------------------------------------------------
                              5 	.module support
                              6 	
                              7 ;--------------------------------------------------------
                              8 ; Public variables in this module
                              9 ;--------------------------------------------------------
                             10 	.globl __exitEmu
                             11 	.globl __initEmu
                             12 	.globl __putchar
                             13 ;--------------------------------------------------------
                             14 ; special function registers
                             15 ;--------------------------------------------------------
                     00FF    16 _sif	=	0x00ff
                             17 ;--------------------------------------------------------
                             18 ; ram data
                             19 ;--------------------------------------------------------
                             20 	.area _DATA (BANK=_DSEG)
                             21 ;--------------------------------------------------------
                             22 ; ram data
                             23 ;--------------------------------------------------------
                             24 	.area _INITIALIZED
                             25 ;--------------------------------------------------------
                             26 ; absolute ram data
                             27 ;--------------------------------------------------------
                             28 	.area _DABS (ABS)
                             29 	.area _DABS (ABS)
                             30 ;--------------------------------------------------------
                             31 ; global & static initialisations
                             32 ;--------------------------------------------------------
                             33 	.area _HOME
                             34 	.area _GSINIT
                             35 	.area _GSFINAL
                             36 	.area _GSINIT
                             37 ;--------------------------------------------------------
                             38 ; Home
                             39 ;--------------------------------------------------------
                             40 	.area _HOME (BANK=_CSEG)
                             41 	.area _HOME (BANK=_CSEG)
                             42 ;--------------------------------------------------------
                             43 ; code
                             44 ;--------------------------------------------------------
                             45 	.area _CODE (BANK=_CSEG)
                             46 ;ports/ucz80/support.c:4: _putchar(unsigned char c)
                             47 ;	genLabel
                             48 ;	genFunction
                             49 ;	---------------------------------
                             50 ; Function _putchar
                             51 ; ---------------------------------
                             52 ;	Register assignment is optimal.
                             53 ; Stack space usage: 0 bytes.
   0000                      54 __putchar::
                             55 ;	genReceive
                             56 ;	genMove_o size 1 result type 2 source type 2 a_dead 1 hl_dead 1 de_dead 1 iy_dead 1 f_dead 1
   0000 4F            [ 4]   57 	ld	c, a
                             58 ;	genMove_o size 0 result type 2 source type 1 a_dead 1 hl_dead 1 de_dead 1 iy_dead 1 f_dead 1
                             59 ;ports/ucz80/support.c:6: sif= 'p';
                             60 ;	genAssign
   0001 3E 70         [ 7]   61 	ld	a, #0x70
   0003 D3 FF         [11]   62 	out	(_sif), a
                             63 ;ports/ucz80/support.c:7: sif= c;
                             64 ;	genAssign
   0005 79            [ 4]   65 	ld	a, c
   0006 D3 FF         [11]   66 	out	(_sif), a
                             67 ;	genLabel
                             68 ; common peephole 159 removed unused label 00101$.
                             69 ;ports/ucz80/support.c:8: }
                             70 ;	genEndFunction
   0008 C9            [10]   71 	ret
                             72 ;	Total _putchar function size at codegen: 1 bytes.
                             73 ;ports/ucz80/support.c:11: _initEmu(void)
                             74 ;	genLabel
                             75 ;	genFunction
                             76 ;	---------------------------------
                             77 ; Function _initEmu
                             78 ; ---------------------------------
                             79 ;	Register assignment is optimal.
                             80 ; Stack space usage: 0 bytes.
   0009                      81 __initEmu::
                             82 ;ports/ucz80/support.c:13: }
                             83 ;	genLabel
                             84 ; common peephole 159 removed unused label 00101$.
                             85 ;	genEndFunction
   0009 C9            [10]   86 	ret
                             87 ;	Total _initEmu function size at codegen: 1 bytes.
                             88 ;ports/ucz80/support.c:16: _exitEmu(void)
                             89 ;	genLabel
                             90 ;	genFunction
                             91 ;	---------------------------------
                             92 ; Function _exitEmu
                             93 ; ---------------------------------
                             94 ;	Register assignment is optimal.
                             95 ; Stack space usage: 0 bytes.
   000A                      96 __exitEmu::
                             97 ;ports/ucz80/support.c:18: sif= 's';
                             98 ;	genAssign
   000A 3E 73         [ 7]   99 	ld	a, #0x73
   000C D3 FF         [11]  100 	out	(_sif), a
                            101 ;	genLabel
                            102 ; common peephole 159 removed unused label 00101$.
                            103 ;ports/ucz80/support.c:19: }
                            104 ;	genEndFunction
   000E C9            [10]  105 	ret
                            106 ;	Total _exitEmu function size at codegen: 1 bytes.
                            107 	.area _CODE (BANK=_CSEG)
                            108 	.area _INITIALIZER
                            109 	.area _CABS (ABS)
