                              1 ;--------------------------------------------------------
                              2 ; File Created by SDCC : free open source ISO C Compiler
                              3 ; Version 4.6.2 #16710 (Linux)
                              4 ;--------------------------------------------------------
                              5 	.module tcc_37_sprintf
                              6 	
                              7 ;--------------------------------------------------------
                              8 ; Public variables in this module
                              9 ;--------------------------------------------------------
                             10 	.globl _abort
                             11 	.globl __putchar
                             12 	.globl _main_
                             13 	.globl _sprintf
                             14 	.globl _printf
                             15 	.globl ___prints
                             16 	.globl ___fail
                             17 	.globl ___numCases
                             18 	.globl ___getSuiteName
                             19 	.globl _putchar
                             20 	.globl ___runSuite
                             21 ;--------------------------------------------------------
                             22 ; special function registers
                             23 ;--------------------------------------------------------
                             24 ;--------------------------------------------------------
                             25 ; ram data
                             26 ;--------------------------------------------------------
                             27 	.area _DATA (BANK=_DSEG)
                             28 ;--------------------------------------------------------
                             29 ; ram data
                             30 ;--------------------------------------------------------
                             31 	.area _INITIALIZED
                             32 ;--------------------------------------------------------
                             33 ; absolute ram data
                             34 ;--------------------------------------------------------
                             35 	.area _DABS (ABS)
                             36 	.area _DABS (ABS)
                             37 ;--------------------------------------------------------
                             38 ; global & static initialisations
                             39 ;--------------------------------------------------------
                             40 	.area _HOME
                             41 	.area _GSINIT
                             42 	.area _GSFINAL
                             43 	.area _GSINIT
                             44 ;--------------------------------------------------------
                             45 ; Home
                             46 ;--------------------------------------------------------
                             47 	.area _HOME (BANK=_CSEG)
                             48 	.area _HOME (BANK=_CSEG)
                             49 ;--------------------------------------------------------
                             50 ; code
                             51 ;--------------------------------------------------------
                             52 	.area _CODE (BANK=_CSEG)
                             53 ;cases/tcc_37_sprintf.c:6: __code const char * __getSuiteName(void) { return "tcc/37_sprintf"; }
                             54 ;	genLabel
                             55 ;	genFunction
                             56 ;	---------------------------------
                             57 ; Function __getSuiteName
                             58 ; ---------------------------------
                             59 ;	Register assignment is optimal.
                             60 ; Stack space usage: 0 bytes.
   0000                      61 ___getSuiteName::
                             62 ;	skipping iCode since result will be rematerialized
                             63 ;	skipping iCode since result will be rematerialized
                             64 ;	genRet
                             65 ;	genMove_o size 2 result type 2 source type 7 a_dead 1 hl_dead 1 de_dead 1 iy_dead 1 f_dead 1
   0000 11r06s00      [10]   66 	ld	de, #___str_0
                             67 ;	genLabel
                             68 ; common peephole 159 removed unused label 00101$.
                             69 ;	genEndFunction
   0003 C9            [10]   70 	ret
                             71 ;	Total __getSuiteName function size at codegen: 1 bytes.
   0004                      72 ___numCases:
   0004 01 00                73 	.dw #0x0001
   0006                      74 ___str_0:
   0006 74 63 63 2F 33 37    75 	.ascii "tcc/37_sprintf"
        5F 73 70 72 69 6E
        74 66
   0014 00                   76 	.db 0x00
                             77 ;cases/../tcc/37_sprintf.c:3: int main()
                             78 ;	genLabel
                             79 ;	genFunction
                             80 ;	---------------------------------
                             81 ; Function main_
                             82 ; ---------------------------------
                             83 ;	Register assignment might be sub-optimal.
                             84 ; Stack space usage: 100 bytes.
   0015                      85 _main_::
   0015 DD E5         [15]   86 	push	ix
   0017 DD 21 00 00   [14]   87 	ld	ix,	#0
   001B DD 39         [15]   88 	add	ix, sp
                             89 ;	adjustStack by -100
   001D 21 9C FF      [10]   90 	ld	hl, #-100
   0020 39            [11]   91 	add	hl, sp
   0021 F9            [ 6]   92 	ld	sp, hl
                             93 ;cases/../tcc/37_sprintf.c:8: for (Count = 1; Count <= 20; Count++)
                             94 ;	skipping iCode since result will be rematerialized
                             95 ;	skipping iCode since result will be rematerialized
                             96 ;	skipping iCode since result will be rematerialized
                             97 ;	genAssign
                             98 ;	genMove_o size 2 result type 2 source type 1 a_dead 1 hl_dead 1 de_dead 1 iy_dead 1 f_dead 1
   0022 01 01 00      [10]   99 	ld	bc, #0x0001
                            100 ;	genLabel
   0025                     101 00102$:
                            102 ;cases/../tcc/37_sprintf.c:10: sprintf(Buf, "->%02d<-\n", Count);
                            103 ;	genCast
                            104 ;	genMove_o size 2 result type 2 source type 7 a_dead 1 hl_dead 1 de_dead 1 iy_dead 1 f_dead 1
   0025 11r53s00      [10]  105 	ld	de, #___str_1
                            106 ;	genCast
                            107 ;	genMove_o size 2 result type 2 source type 8 a_dead 1 hl_dead 1 de_dead 0 iy_dead 1 f_dead 1
   0028 21 00 00      [10]  108 	ld	hl, #0
   002B 39            [11]  109 	add	hl, sp
                            110 ;	genMove_o size 2 result type 2 source type 2 a_dead 1 hl_dead 1 de_dead 0 iy_dead 1 f_dead 1
                            111 ;	genIpush
   002C E5            [11]  112 	push	hl
   002D C5            [11]  113 	push	bc
   002E C5            [11]  114 	push	bc
                            115 ;	genIpush
   002F D5            [11]  116 	push	de
                            117 ;	genIpush
   0030 E5            [11]  118 	push	hl
                            119 ;	genCall
   0031 CDr00s00      [17]  120 	call	_sprintf
                            121 ;	adjustStack by 6
   0034 F1            [10]  122 	pop	af
   0035 F1            [10]  123 	pop	af
   0036 F1            [10]  124 	pop	af
   0037 C1            [10]  125 	pop	bc
   0038 E1            [10]  126 	pop	hl
                            127 ;cases/../tcc/37_sprintf.c:11: printf("%s", Buf);
                            128 ;	skipping iCode since result will be rematerialized
                            129 ;	genIpush
   0039 C5            [11]  130 	push	bc
   003A E5            [11]  131 	push	hl
                            132 ;	genIpush
                            133 ;	genMove_o size 2 result type 2 source type 7 a_dead 1 hl_dead 1 de_dead 1 iy_dead 1 f_dead 1
   003B 21r5Ds00      [10]  134 	ld	hl, #___str_2
   003E E5            [11]  135 	push	hl
                            136 ;	genCall
   003F CDr00s00      [17]  137 	call	_printf
                            138 ;	adjustStack by 4
   0042 F1            [10]  139 	pop	af
   0043 F1            [10]  140 	pop	af
   0044 C1            [10]  141 	pop	bc
                            142 ;cases/../tcc/37_sprintf.c:8: for (Count = 1; Count <= 20; Count++)
                            143 ;	genPlus
   0045 03            [ 6]  144 	inc	bc
                            145 ;	genCmpGt
   0046 3E 14         [ 7]  146 	ld	a, #0x14
   0048 B9            [ 4]  147 	cp	a, c
                            148 ; common peephole 163 changed absolute to relative conditional jump.
   0049 30 DA         [12]  149 	jr	nc, 00102$
                            150 ;	skipping generated iCode
                            151 ;cases/../tcc/37_sprintf.c:14: return 0;
                            152 ;	genRet
                            153 ;	genMove_o size 2 result type 2 source type 1 a_dead 1 hl_dead 1 de_dead 1 iy_dead 1 f_dead 1
   004B 11 00 00      [10]  154 	ld	de, #0x0000
                            155 ;	genLabel
                            156 ; common peephole 159 removed unused label 00104$.
                            157 ;cases/../tcc/37_sprintf.c:15: }
                            158 ;	genEndFunction
   004E DD F9         [10]  159 	ld	sp, ix
   0050 DD E1         [14]  160 	pop	ix
   0052 C9            [10]  161 	ret
                            162 ;	Total main_ function size at codegen: 5 bytes.
   0053                     163 ___str_1:
   0053 2D 3E 25 30 32 64   164 	.ascii "->%02d<-"
        3C 2D
   005B 0A                  165 	.db 0x0a
   005C 00                  166 	.db 0x00
   005D                     167 ___str_2:
   005D 25 73               168 	.ascii "%s"
   005F 00                  169 	.db 0x00
                            170 ;cases/tcc_37_sprintf.c:13: int putchar(int c){_putchar(c);return(c);}
                            171 ;	genLabel
                            172 ;	genFunction
                            173 ;	---------------------------------
                            174 ; Function putchar
                            175 ; ---------------------------------
                            176 ;	Register assignment is optimal.
                            177 ; Stack space usage: 0 bytes.
   0060                     178 _putchar::
                            179 ;	genReceive
                            180 ;	genMove_o size 2 result type 2 source type 2 a_dead 1 hl_dead 1 de_dead 1 iy_dead 1 f_dead 1
   0060 EB            [ 4]  181 	ex	de, hl
                            182 ;	genMove_o size 0 result type 2 source type 1 a_dead 1 hl_dead 1 de_dead 1 iy_dead 1 f_dead 1
                            183 ;	genCast
                            184 ;	genMove_o size 1 result type 2 source type 2 a_dead 1 hl_dead 1 de_dead 0 iy_dead 1 f_dead 1
   0061 7B            [ 4]  185 	ld	a, e
                            186 ;	genMove_o size 0 result type 2 source type 1 a_dead 1 hl_dead 1 de_dead 0 iy_dead 1 f_dead 1
                            187 ;	genSend
   0062 D5            [11]  188 	push	de
                            189 ;	genMove_o size 1 result type 2 source type 2 a_dead 1 hl_dead 1 de_dead 0 iy_dead 1 f_dead 1
                            190 ;	genCall
   0063 CDr00s00      [17]  191 	call	__putchar
   0066 D1            [10]  192 	pop	de
                            193 ;	genRet
                            194 ;	genMove_o size 2 result type 2 source type 2 a_dead 1 hl_dead 1 de_dead 1 iy_dead 1 f_dead 1
                            195 ;	genLabel
                            196 ; common peephole 159 removed unused label 00101$.
                            197 ;	genEndFunction
   0067 C9            [10]  198 	ret
                            199 ;	Total putchar function size at codegen: 1 bytes.
                            200 ;cases/tcc_37_sprintf.c:14: void abort(void) {ASSERT(0);}
                            201 ;	genLabel
                            202 ;	genFunction
                            203 ;	---------------------------------
                            204 ; Function abort
                            205 ; ---------------------------------
                            206 ;	Register assignment might be sub-optimal.
                            207 ; Stack space usage: 0 bytes.
   0068                     208 _abort::
                            209 ;	genPlus
                            210 ;	genMove_o size 2 result type 2 source type 10 a_dead 1 hl_dead 1 de_dead 1 iy_dead 1 f_dead 1
   0068 2Ar00s00      [16]  211 	ld	hl, (___numTests)
   006B 23            [ 6]  212 	inc	hl
                            213 ;	genMove_o size 2 result type 10 source type 2 a_dead 1 hl_dead 1 de_dead 1 iy_dead 1 f_dead 1
   006C 22r00s00      [16]  214 	ld	(___numTests), hl
                            215 ;	skipping iCode since result will be rematerialized
                            216 ;	skipping iCode since result will be rematerialized
                            217 ;	skipping iCode since result will be rematerialized
                            218 ;	skipping iCode since result will be rematerialized
                            219 ;	skipping iCode since result will be rematerialized
                            220 ;	skipping iCode since result will be rematerialized
                            221 ;	genIpush
                            222 ;	genMove_o size 2 result type 2 source type 1 a_dead 1 hl_dead 1 de_dead 1 iy_dead 1 f_dead 1
   006F 21 0E 00      [10]  223 	ld	hl, #0x000e
   0072 E5            [11]  224 	push	hl
                            225 ;	genIpush
                            226 ;	genMove_o size 2 result type 2 source type 7 a_dead 1 hl_dead 1 de_dead 1 iy_dead 1 f_dead 1
   0073 21r94s00      [10]  227 	ld	hl, #__str_5
   0076 E5            [11]  228 	push	hl
                            229 ;	genSend
                            230 ;	genMove_o size 2 result type 2 source type 7 a_dead 1 hl_dead 1 de_dead 1 iy_dead 1 f_dead 1
   0077 11r92s00      [10]  231 	ld	de, #__str_4
                            232 ;	genSend
                            233 ;	genMove_o size 2 result type 2 source type 7 a_dead 1 hl_dead 1 de_dead 0 iy_dead 1 f_dead 1
   007A 21r81s00      [10]  234 	ld	hl, #__str_3
                            235 ;	genCall
   007D CDr00s00      [17]  236 	call	___fail
                            237 ;	genLabel
                            238 ; common peephole 159 removed unused label 00101$.
                            239 ;	genEndFunction
   0080 C9            [10]  240 	ret
                            241 ;	Total abort function size at codegen: 1 bytes.
   0081                     242 __str_3:
   0081 41 73 73 65 72 74   243 	.ascii "Assertion failed"
        69 6F 6E 20 66 61
        69 6C 65 64
   0091 00                  244 	.db 0x00
   0092                     245 __str_4:
   0092 30                  246 	.ascii "0"
   0093 00                  247 	.db 0x00
   0094                     248 __str_5:
   0094 63 61 73 65 73 2F   249 	.ascii "cases/tcc_37_sprintf.c"
        74 63 63 5F 33 37
        5F 73 70 72 69 6E
        74 66 2E 63
   00AA 00                  250 	.db 0x00
                            251 ;cases/tcc_37_sprintf.c:16: void __runSuite(void) { __prints("Running main\n"); ASSERT(!main_(MAINARGS)); }
                            252 ;	genLabel
                            253 ;	genFunction
                            254 ;	---------------------------------
                            255 ; Function __runSuite
                            256 ; ---------------------------------
                            257 ;	Register assignment might be sub-optimal.
                            258 ; Stack space usage: 0 bytes.
   00AB                     259 ___runSuite::
                            260 ;	skipping iCode since result will be rematerialized
                            261 ;	skipping iCode since result will be rematerialized
                            262 ;	genSend
                            263 ;	genMove_o size 2 result type 2 source type 7 a_dead 1 hl_dead 1 de_dead 1 iy_dead 1 f_dead 1
   00AB 21rD0s00      [10]  264 	ld	hl, #___str_6
                            265 ;	genCall
   00AE CDr00s00      [17]  266 	call	___prints
                            267 ;	genPlus
                            268 ;	genMove_o size 2 result type 2 source type 10 a_dead 1 hl_dead 1 de_dead 1 iy_dead 1 f_dead 1
   00B1 2Ar00s00      [16]  269 	ld	hl, (___numTests)
   00B4 23            [ 6]  270 	inc	hl
                            271 ;	genMove_o size 2 result type 10 source type 2 a_dead 1 hl_dead 1 de_dead 1 iy_dead 1 f_dead 1
   00B5 22r00s00      [16]  272 	ld	(___numTests), hl
                            273 ;	genCall
   00B8 CDr15s00      [17]  274 	call	_main_
                            275 ;	genMove_o size 2 result type 2 source type 2 a_dead 1 hl_dead 1 de_dead 1 iy_dead 1 f_dead 1
                            276 ;	genIfx
   00BB 7A            [ 4]  277 	ld	a, d
   00BC B3            [ 4]  278 	or	a, e
   00BD C8            [11]  279 	ret	z
                            280 ; common peephole 161 replaced jump by return.
                            281 ;	skipping iCode since result will be rematerialized
                            282 ;	skipping iCode since result will be rematerialized
                            283 ;	skipping iCode since result will be rematerialized
                            284 ;	skipping iCode since result will be rematerialized
                            285 ;	skipping iCode since result will be rematerialized
                            286 ;	skipping iCode since result will be rematerialized
                            287 ;	genIpush
                            288 ;	genMove_o size 2 result type 2 source type 1 a_dead 1 hl_dead 1 de_dead 1 iy_dead 1 f_dead 1
   00BE 21 10 00      [10]  289 	ld	hl, #0x0010
   00C1 E5            [11]  290 	push	hl
                            291 ;	genIpush
                            292 ;	genMove_o size 2 result type 2 source type 7 a_dead 1 hl_dead 1 de_dead 1 iy_dead 1 f_dead 1
   00C2 21r00s01      [10]  293 	ld	hl, #___str_9
   00C5 E5            [11]  294 	push	hl
                            295 ;	genSend
                            296 ;	genMove_o size 2 result type 2 source type 7 a_dead 1 hl_dead 1 de_dead 1 iy_dead 1 f_dead 1
   00C6 11rEFs00      [10]  297 	ld	de, #___str_8
                            298 ;	genSend
                            299 ;	genMove_o size 2 result type 2 source type 7 a_dead 1 hl_dead 1 de_dead 0 iy_dead 1 f_dead 1
   00C9 21rDEs00      [10]  300 	ld	hl, #___str_7
                            301 ;	genCall
   00CC CDr00s00      [17]  302 	call	___fail
                            303 ;	genLabel
                            304 ; common peephole 159 removed unused label 00101$.
                            305 ;	genEndFunction
   00CF C9            [10]  306 	ret
                            307 ;	Total __runSuite function size at codegen: 1 bytes.
   00D0                     308 ___str_6:
   00D0 52 75 6E 6E 69 6E   309 	.ascii "Running main"
        67 20 6D 61 69 6E
   00DC 0A                  310 	.db 0x0a
   00DD 00                  311 	.db 0x00
   00DE                     312 ___str_7:
   00DE 41 73 73 65 72 74   313 	.ascii "Assertion failed"
        69 6F 6E 20 66 61
        69 6C 65 64
   00EE 00                  314 	.db 0x00
   00EF                     315 ___str_8:
   00EF 21 6D 61 69 6E 5F   316 	.ascii "!main_(MAINARGS)"
        28 4D 41 49 4E 41
        52 47 53 29
   00FF 00                  317 	.db 0x00
   0100                     318 ___str_9:
   0100 63 61 73 65 73 2F   319 	.ascii "cases/tcc_37_sprintf.c"
        74 63 63 5F 33 37
        5F 73 70 72 69 6E
        74 66 2E 63
   0116 00                  320 	.db 0x00
                            321 	.area _CODE (BANK=_CSEG)
                            322 	.area _INITIALIZER
                            323 	.area _CABS (ABS)
