                              1 ;--------------------------------------------------------
                              2 ; File Created by SDCC : free open source ISO C Compiler
                              3 ; Version 4.6.2 #16710 (Linux)
                              4 ;--------------------------------------------------------
                              5 	.module tcc_92_enum_bitfield
                              6 	
                              7 ;--------------------------------------------------------
                              8 ; Public variables in this module
                              9 ;--------------------------------------------------------
                             10 	.globl _abort
                             11 	.globl _putchar
                             12 	.globl __putchar
                             13 	.globl _main_
                             14 	.globl _convert_like_real
                             15 	.globl _blah
                             16 	.globl _printf
                             17 	.globl ___prints
                             18 	.globl ___fail
                             19 	.globl ___numCases
                             20 	.globl ___getSuiteName
                             21 	.globl ___runSuite
                             22 ;--------------------------------------------------------
                             23 ; special function registers
                             24 ;--------------------------------------------------------
                             25 ;--------------------------------------------------------
                             26 ; ram data
                             27 ;--------------------------------------------------------
                             28 	.area _DATA (BANK=_DSEG)
                             29 ;--------------------------------------------------------
                             30 ; ram data
                             31 ;--------------------------------------------------------
                             32 	.area _INITIALIZED
                             33 ;--------------------------------------------------------
                             34 ; absolute ram data
                             35 ;--------------------------------------------------------
                             36 	.area _DABS (ABS)
                             37 	.area _DABS (ABS)
                             38 ;--------------------------------------------------------
                             39 ; global & static initialisations
                             40 ;--------------------------------------------------------
                             41 	.area _HOME
                             42 	.area _GSINIT
                             43 	.area _GSFINAL
                             44 	.area _GSINIT
                             45 ;--------------------------------------------------------
                             46 ; Home
                             47 ;--------------------------------------------------------
                             48 	.area _HOME (BANK=_CSEG)
                             49 	.area _HOME (BANK=_CSEG)
                             50 ;--------------------------------------------------------
                             51 ; code
                             52 ;--------------------------------------------------------
                             53 	.area _CODE (BANK=_CSEG)
                             54 ;cases/tcc_92_enum_bitfield.c:6: __code const char * __getSuiteName(void) { return "tcc/92_enum_bitfield"; }
                             55 ;	genLabel
                             56 ;	genFunction
                             57 ;	---------------------------------
                             58 ; Function __getSuiteName
                             59 ; ---------------------------------
                             60 ;	Register assignment is optimal.
                             61 ; Stack space usage: 0 bytes.
   0000                      62 ___getSuiteName::
                             63 ;	skipping iCode since result will be rematerialized
                             64 ;	skipping iCode since result will be rematerialized
                             65 ;	genRet
                             66 ;	genMove_o size 2 result type 2 source type 7 a_dead 1 hl_dead 1 de_dead 1 iy_dead 1 f_dead 1
   0000 11r06s00      [10]   67 	ld	de, #___str_0
                             68 ;	genLabel
                             69 ; common peephole 159 removed unused label 00101$.
                             70 ;	genEndFunction
   0003 C9            [10]   71 	ret
                             72 ;	Total __getSuiteName function size at codegen: 1 bytes.
   0004                      73 ___numCases:
   0004 01 00                74 	.dw #0x0001
   0006                      75 ___str_0:
   0006 74 63 63 2F 39 32    76 	.ascii "tcc/92_enum_bitfield"
        5F 65 6E 75 6D 5F
        62 69 74 66 69 65
        6C 64
   001A 00                   77 	.db 0x00
                             78 ;cases/../tcc/92_enum_bitfield.c:34: int blah(){return 0;}
                             79 ;	genLabel
                             80 ;	genFunction
                             81 ;	---------------------------------
                             82 ; Function blah
                             83 ; ---------------------------------
                             84 ;	Register assignment is optimal.
                             85 ; Stack space usage: 0 bytes.
   001B                      86 _blah::
                             87 ;	genRet
                             88 ;	genMove_o size 2 result type 2 source type 1 a_dead 1 hl_dead 1 de_dead 1 iy_dead 1 f_dead 1
   001B 11 00 00      [10]   89 	ld	de, #0x0000
                             90 ;	genLabel
                             91 ; common peephole 159 removed unused label 00101$.
                             92 ;	genEndFunction
   001E C9            [10]   93 	ret
                             94 ;	Total blah function size at codegen: 1 bytes.
                             95 ;cases/../tcc/92_enum_bitfield.c:36: int convert_like_real (tree convs)
                             96 ;	genLabel
                             97 ;	genFunction
                             98 ;	---------------------------------
                             99 ; Function convert_like_real
                            100 ; ---------------------------------
                            101 ;	Register assignment is optimal.
                            102 ; Stack space usage: 0 bytes.
   001F                     103 _convert_like_real::
                            104 ;	genReceive
                            105 ;	genMove_o size 2 result type 2 source type 2 a_dead 1 hl_dead 1 de_dead 1 iy_dead 1 f_dead 1
                            106 ;cases/../tcc/92_enum_bitfield.c:38: switch (((enum tree_code) (convs)->common.code))
                            107 ;	genPointerGet
                            108 ;fetchPairLong
   001F 11 04 00      [10]  109 	ld	de, #0x0004
   0022 19            [11]  110 	add	hl, de
   0023 7E            [ 7]  111 	ld	a, (hl)
                            112 ;	genCmpEq
   0024 FE 98         [ 7]  113 	cp	a, #0x98
   0026 CAr1Bs00      [10]  114 	jp	z, _blah
                            115 ; common peephole 84 jumped to _blah directly instead of via 00115$.
                            116 ; common peephole 81 removed jp by using inverse jump logic
                            117 ; common peephole 159 removed unused label 00114$.
                            118 ;	skipping generated iCode
                            119 ;cases/../tcc/92_enum_bitfield.c:43: return blah();
                            120 ;	genCall
                            121 ; common peephole 87b removed unreachable jump to _blah
                            122 ;	genMove_o size 2 result type 2 source type 2 a_dead 1 hl_dead 1 de_dead 1 iy_dead 1 f_dead 1
                            123 ;	genRet
                            124 ;	genMove_o size 2 result type 2 source type 2 a_dead 1 hl_dead 1 de_dead 1 iy_dead 1 f_dead 1
                            125 ; common peephole 152 removed unused ret.
                            126 ; common peephole 160 replaced jump by return.
                            127 ;cases/../tcc/92_enum_bitfield.c:46: };
                            128 ;	genLabel
                            129 ; common peephole 85a eliminated jump.
                            130 ; common peephole 159 removed unused label 00103$.
                            131 ;cases/../tcc/92_enum_bitfield.c:47: printf("unsigned enum bit-fields broken\n");
                            132 ;	skipping iCode since result will be rematerialized
                            133 ;	skipping iCode since result will be rematerialized
                            134 ;	genIpush
                            135 ;	genMove_o size 2 result type 2 source type 7 a_dead 1 hl_dead 1 de_dead 1 iy_dead 1 f_dead 1
   0029 21r35s00      [10]  136 	ld	hl, #___str_1
   002C E5            [11]  137 	push	hl
                            138 ;	genCall
   002D CDr00s00      [17]  139 	call	_printf
                            140 ;	adjustStack by 2
   0030 F1            [10]  141 	pop	af
                            142 ;cases/../tcc/92_enum_bitfield.c:48: return 0;
                            143 ;	genRet
                            144 ;	genMove_o size 2 result type 2 source type 1 a_dead 1 hl_dead 1 de_dead 1 iy_dead 1 f_dead 1
   0031 11 00 00      [10]  145 	ld	de, #0x0000
                            146 ;	genLabel
                            147 ; common peephole 159 removed unused label 00104$.
                            148 ;cases/../tcc/92_enum_bitfield.c:49: }
                            149 ;	genEndFunction
   0034 C9            [10]  150 	ret
                            151 ;	Total convert_like_real function size at codegen: 1 bytes.
   0035                     152 ___str_1:
   0035 75 6E 73 69 67 6E   153 	.ascii "unsigned enum bit-fields broken"
        65 64 20 65 6E 75
        6D 20 62 69 74 2D
        66 69 65 6C 64 73
        20 62 72 6F 6B 65
        6E
   0054 0A                  154 	.db 0x0a
   0055 00                  155 	.db 0x00
                            156 ;cases/../tcc/92_enum_bitfield.c:51: int main()
                            157 ;	genLabel
                            158 ;	genFunction
                            159 ;	---------------------------------
                            160 ; Function main_
                            161 ; ---------------------------------
                            162 ;	Register assignment might be sub-optimal.
                            163 ; Stack space usage: 6 bytes.
   0056                     164 _main_::
                            165 ;	adjustStack by -6
   0056 21 FA FF      [10]  166 	ld	hl, #-6
   0059 39            [11]  167 	add	hl, sp
   005A F9            [ 6]  168 	ld	sp, hl
                            169 ;cases/../tcc/92_enum_bitfield.c:55: convs.common.code = AMBIG_CONV;
                            170 ;	skipping iCode since result will be rematerialized
                            171 ;	skipping iCode since result will be rematerialized
                            172 ;	genPointerSet
                            173 ;	genMove_o size 2 result type 2 source type 8 a_dead 1 hl_dead 1 de_dead 1 iy_dead 1 f_dead 1
   005B 21 04 00      [10]  174 	ld	hl, #4
   005E 39            [11]  175 	add	hl, sp
                            176 ;	genMove_o size 2 result type 2 source type 2 a_dead 1 hl_dead 1 de_dead 1 iy_dead 1 f_dead 1
   005F 36 98         [10]  177 	ld	(hl), #0x98
                            178 ;cases/../tcc/92_enum_bitfield.c:56: convert_like_real (&convs);
                            179 ;	skipping iCode since result will be rematerialized
                            180 ;	genSend
                            181 ;	genMove_o size 2 result type 2 source type 8 a_dead 1 hl_dead 1 de_dead 1 iy_dead 1 f_dead 1
   0061 21 00 00      [10]  182 	ld	hl, #0
   0064 39            [11]  183 	add	hl, sp
                            184 ;	genMove_o size 2 result type 2 source type 2 a_dead 1 hl_dead 1 de_dead 1 iy_dead 1 f_dead 1
                            185 ;	genCall
   0065 CDr1Fs00      [17]  186 	call	_convert_like_real
                            187 ;cases/../tcc/92_enum_bitfield.c:57: return 0;
                            188 ;	genRet
                            189 ;	genMove_o size 2 result type 2 source type 1 a_dead 1 hl_dead 1 de_dead 1 iy_dead 1 f_dead 1
   0068 11 00 00      [10]  190 	ld	de, #0x0000
                            191 ;	genLabel
                            192 ; common peephole 159 removed unused label 00101$.
                            193 ;cases/../tcc/92_enum_bitfield.c:58: }
                            194 ;	genEndFunction
                            195 ;	adjustStack by 6
   006B F1            [10]  196 	pop	af
   006C F1            [10]  197 	pop	af
   006D F1            [10]  198 	pop	af
   006E C9            [10]  199 	ret
                            200 ;	Total main_ function size at codegen: 4 bytes.
                            201 ;cases/tcc_92_enum_bitfield.c:13: int putchar(int c){_putchar(c);return(c);}
                            202 ;	genLabel
                            203 ;	genFunction
                            204 ;	---------------------------------
                            205 ; Function putchar
                            206 ; ---------------------------------
                            207 ;	Register assignment is optimal.
                            208 ; Stack space usage: 0 bytes.
   006F                     209 _putchar::
                            210 ;	genReceive
                            211 ;	genMove_o size 2 result type 2 source type 2 a_dead 1 hl_dead 1 de_dead 1 iy_dead 1 f_dead 1
   006F EB            [ 4]  212 	ex	de, hl
                            213 ;	genMove_o size 0 result type 2 source type 1 a_dead 1 hl_dead 1 de_dead 1 iy_dead 1 f_dead 1
                            214 ;	genCast
                            215 ;	genMove_o size 1 result type 2 source type 2 a_dead 1 hl_dead 1 de_dead 0 iy_dead 1 f_dead 1
   0070 7B            [ 4]  216 	ld	a, e
                            217 ;	genMove_o size 0 result type 2 source type 1 a_dead 1 hl_dead 1 de_dead 0 iy_dead 1 f_dead 1
                            218 ;	genSend
   0071 D5            [11]  219 	push	de
                            220 ;	genMove_o size 1 result type 2 source type 2 a_dead 1 hl_dead 1 de_dead 0 iy_dead 1 f_dead 1
                            221 ;	genCall
   0072 CDr00s00      [17]  222 	call	__putchar
   0075 D1            [10]  223 	pop	de
                            224 ;	genRet
                            225 ;	genMove_o size 2 result type 2 source type 2 a_dead 1 hl_dead 1 de_dead 1 iy_dead 1 f_dead 1
                            226 ;	genLabel
                            227 ; common peephole 159 removed unused label 00101$.
                            228 ;	genEndFunction
   0076 C9            [10]  229 	ret
                            230 ;	Total putchar function size at codegen: 1 bytes.
                            231 ;cases/tcc_92_enum_bitfield.c:14: void abort(void) {ASSERT(0);}
                            232 ;	genLabel
                            233 ;	genFunction
                            234 ;	---------------------------------
                            235 ; Function abort
                            236 ; ---------------------------------
                            237 ;	Register assignment might be sub-optimal.
                            238 ; Stack space usage: 0 bytes.
   0077                     239 _abort::
                            240 ;	genPlus
                            241 ;	genMove_o size 2 result type 2 source type 10 a_dead 1 hl_dead 1 de_dead 1 iy_dead 1 f_dead 1
   0077 2Ar00s00      [16]  242 	ld	hl, (___numTests)
   007A 23            [ 6]  243 	inc	hl
                            244 ;	genMove_o size 2 result type 10 source type 2 a_dead 1 hl_dead 1 de_dead 1 iy_dead 1 f_dead 1
   007B 22r00s00      [16]  245 	ld	(___numTests), hl
                            246 ;	skipping iCode since result will be rematerialized
                            247 ;	skipping iCode since result will be rematerialized
                            248 ;	skipping iCode since result will be rematerialized
                            249 ;	skipping iCode since result will be rematerialized
                            250 ;	skipping iCode since result will be rematerialized
                            251 ;	skipping iCode since result will be rematerialized
                            252 ;	genIpush
                            253 ;	genMove_o size 2 result type 2 source type 1 a_dead 1 hl_dead 1 de_dead 1 iy_dead 1 f_dead 1
   007E 21 0E 00      [10]  254 	ld	hl, #0x000e
   0081 E5            [11]  255 	push	hl
                            256 ;	genIpush
                            257 ;	genMove_o size 2 result type 2 source type 7 a_dead 1 hl_dead 1 de_dead 1 iy_dead 1 f_dead 1
   0082 21rA3s00      [10]  258 	ld	hl, #__str_4
   0085 E5            [11]  259 	push	hl
                            260 ;	genSend
                            261 ;	genMove_o size 2 result type 2 source type 7 a_dead 1 hl_dead 1 de_dead 1 iy_dead 1 f_dead 1
   0086 11rA1s00      [10]  262 	ld	de, #__str_3
                            263 ;	genSend
                            264 ;	genMove_o size 2 result type 2 source type 7 a_dead 1 hl_dead 1 de_dead 0 iy_dead 1 f_dead 1
   0089 21r90s00      [10]  265 	ld	hl, #__str_2
                            266 ;	genCall
   008C CDr00s00      [17]  267 	call	___fail
                            268 ;	genLabel
                            269 ; common peephole 159 removed unused label 00101$.
                            270 ;	genEndFunction
   008F C9            [10]  271 	ret
                            272 ;	Total abort function size at codegen: 1 bytes.
   0090                     273 __str_2:
   0090 41 73 73 65 72 74   274 	.ascii "Assertion failed"
        69 6F 6E 20 66 61
        69 6C 65 64
   00A0 00                  275 	.db 0x00
   00A1                     276 __str_3:
   00A1 30                  277 	.ascii "0"
   00A2 00                  278 	.db 0x00
   00A3                     279 __str_4:
   00A3 63 61 73 65 73 2F   280 	.ascii "cases/tcc_92_enum_bitfield.c"
        74 63 63 5F 39 32
        5F 65 6E 75 6D 5F
        62 69 74 66 69 65
        6C 64 2E 63
   00BF 00                  281 	.db 0x00
                            282 ;cases/tcc_92_enum_bitfield.c:16: void __runSuite(void) { __prints("Running main\n"); ASSERT(!main_(MAINARGS)); }
                            283 ;	genLabel
                            284 ;	genFunction
                            285 ;	---------------------------------
                            286 ; Function __runSuite
                            287 ; ---------------------------------
                            288 ;	Register assignment might be sub-optimal.
                            289 ; Stack space usage: 0 bytes.
   00C0                     290 ___runSuite::
                            291 ;	skipping iCode since result will be rematerialized
                            292 ;	skipping iCode since result will be rematerialized
                            293 ;	genSend
                            294 ;	genMove_o size 2 result type 2 source type 7 a_dead 1 hl_dead 1 de_dead 1 iy_dead 1 f_dead 1
   00C0 21rE5s00      [10]  295 	ld	hl, #___str_5
                            296 ;	genCall
   00C3 CDr00s00      [17]  297 	call	___prints
                            298 ;	genPlus
                            299 ;	genMove_o size 2 result type 2 source type 10 a_dead 1 hl_dead 1 de_dead 1 iy_dead 1 f_dead 1
   00C6 2Ar00s00      [16]  300 	ld	hl, (___numTests)
   00C9 23            [ 6]  301 	inc	hl
                            302 ;	genMove_o size 2 result type 10 source type 2 a_dead 1 hl_dead 1 de_dead 1 iy_dead 1 f_dead 1
   00CA 22r00s00      [16]  303 	ld	(___numTests), hl
                            304 ;	genCall
   00CD CDr56s00      [17]  305 	call	_main_
                            306 ;	genMove_o size 2 result type 2 source type 2 a_dead 1 hl_dead 1 de_dead 1 iy_dead 1 f_dead 1
                            307 ;	genIfx
   00D0 7A            [ 4]  308 	ld	a, d
   00D1 B3            [ 4]  309 	or	a, e
   00D2 C8            [11]  310 	ret	z
                            311 ; common peephole 161 replaced jump by return.
                            312 ;	skipping iCode since result will be rematerialized
                            313 ;	skipping iCode since result will be rematerialized
                            314 ;	skipping iCode since result will be rematerialized
                            315 ;	skipping iCode since result will be rematerialized
                            316 ;	skipping iCode since result will be rematerialized
                            317 ;	skipping iCode since result will be rematerialized
                            318 ;	genIpush
                            319 ;	genMove_o size 2 result type 2 source type 1 a_dead 1 hl_dead 1 de_dead 1 iy_dead 1 f_dead 1
   00D3 21 10 00      [10]  320 	ld	hl, #0x0010
   00D6 E5            [11]  321 	push	hl
                            322 ;	genIpush
                            323 ;	genMove_o size 2 result type 2 source type 7 a_dead 1 hl_dead 1 de_dead 1 iy_dead 1 f_dead 1
   00D7 21r15s01      [10]  324 	ld	hl, #___str_8
   00DA E5            [11]  325 	push	hl
                            326 ;	genSend
                            327 ;	genMove_o size 2 result type 2 source type 7 a_dead 1 hl_dead 1 de_dead 1 iy_dead 1 f_dead 1
   00DB 11r04s01      [10]  328 	ld	de, #___str_7
                            329 ;	genSend
                            330 ;	genMove_o size 2 result type 2 source type 7 a_dead 1 hl_dead 1 de_dead 0 iy_dead 1 f_dead 1
   00DE 21rF3s00      [10]  331 	ld	hl, #___str_6
                            332 ;	genCall
   00E1 CDr00s00      [17]  333 	call	___fail
                            334 ;	genLabel
                            335 ; common peephole 159 removed unused label 00101$.
                            336 ;	genEndFunction
   00E4 C9            [10]  337 	ret
                            338 ;	Total __runSuite function size at codegen: 1 bytes.
   00E5                     339 ___str_5:
   00E5 52 75 6E 6E 69 6E   340 	.ascii "Running main"
        67 20 6D 61 69 6E
   00F1 0A                  341 	.db 0x0a
   00F2 00                  342 	.db 0x00
   00F3                     343 ___str_6:
   00F3 41 73 73 65 72 74   344 	.ascii "Assertion failed"
        69 6F 6E 20 66 61
        69 6C 65 64
   0103 00                  345 	.db 0x00
   0104                     346 ___str_7:
   0104 21 6D 61 69 6E 5F   347 	.ascii "!main_(MAINARGS)"
        28 4D 41 49 4E 41
        52 47 53 29
   0114 00                  348 	.db 0x00
   0115                     349 ___str_8:
   0115 63 61 73 65 73 2F   350 	.ascii "cases/tcc_92_enum_bitfield.c"
        74 63 63 5F 39 32
        5F 65 6E 75 6D 5F
        62 69 74 66 69 65
        6C 64 2E 63
   0131 00                  351 	.db 0x00
                            352 	.area _CODE (BANK=_CSEG)
                            353 	.area _INITIALIZER
                            354 	.area _CABS (ABS)
