                              1 ;--------------------------------------------------------
                              2 ; File Created by SDCC : free open source ISO C Compiler
                              3 ; Version 4.6.2 #16710 (Linux)
                              4 ;--------------------------------------------------------
                              5 	.module tcc_06_case
                              6 	
                              7 ;--------------------------------------------------------
                              8 ; Public variables in this module
                              9 ;--------------------------------------------------------
                             10 	.globl _abort
                             11 	.globl __putchar
                             12 	.globl _main_
                             13 	.globl _printf
                             14 	.globl ___prints
                             15 	.globl ___fail
                             16 	.globl ___numCases
                             17 	.globl ___getSuiteName
                             18 	.globl _putchar
                             19 	.globl ___runSuite
                             20 ;--------------------------------------------------------
                             21 ; special function registers
                             22 ;--------------------------------------------------------
                             23 ;--------------------------------------------------------
                             24 ; ram data
                             25 ;--------------------------------------------------------
                             26 	.area _DATA (BANK=_DSEG)
                             27 ;--------------------------------------------------------
                             28 ; ram data
                             29 ;--------------------------------------------------------
                             30 	.area _INITIALIZED
                             31 ;--------------------------------------------------------
                             32 ; absolute ram data
                             33 ;--------------------------------------------------------
                             34 	.area _DABS (ABS)
                             35 	.area _DABS (ABS)
                             36 ;--------------------------------------------------------
                             37 ; global & static initialisations
                             38 ;--------------------------------------------------------
                             39 	.area _HOME
                             40 	.area _GSINIT
                             41 	.area _GSFINAL
                             42 	.area _GSINIT
                             43 ;--------------------------------------------------------
                             44 ; Home
                             45 ;--------------------------------------------------------
                             46 	.area _HOME (BANK=_CSEG)
                             47 	.area _HOME (BANK=_CSEG)
                             48 ;--------------------------------------------------------
                             49 ; code
                             50 ;--------------------------------------------------------
                             51 	.area _CODE (BANK=_CSEG)
                             52 ;cases/tcc_06_case.c:6: __code const char * __getSuiteName(void) { return "tcc/06_case"; }
                             53 ;	genLabel
                             54 ;	genFunction
                             55 ;	---------------------------------
                             56 ; Function __getSuiteName
                             57 ; ---------------------------------
                             58 ;	Register assignment is optimal.
                             59 ; Stack space usage: 0 bytes.
   0000                      60 ___getSuiteName::
                             61 ;	skipping iCode since result will be rematerialized
                             62 ;	skipping iCode since result will be rematerialized
                             63 ;	genRet
                             64 ;	genMove_o size 2 result type 2 source type 7 a_dead 1 hl_dead 1 de_dead 1 iy_dead 1 f_dead 1
   0000 11r06s00      [10]   65 	ld	de, #___str_0
                             66 ;	genLabel
                             67 ; common peephole 159 removed unused label 00101$.
                             68 ;	genEndFunction
   0003 C9            [10]   69 	ret
                             70 ;	Total __getSuiteName function size at codegen: 1 bytes.
   0004                      71 ___numCases:
   0004 01 00                72 	.dw #0x0001
   0006                      73 ___str_0:
   0006 74 63 63 2F 30 36    74 	.ascii "tcc/06_case"
        5F 63 61 73 65
   0011 00                   75 	.db 0x00
                             76 ;cases/../tcc/06_case.c:3: int main()
                             77 ;	genLabel
                             78 ;	genFunction
                             79 ;	---------------------------------
                             80 ; Function main_
                             81 ; ---------------------------------
                             82 ;	Register assignment might be sub-optimal.
                             83 ; Stack space usage: 0 bytes.
   0012                      84 _main_::
                             85 ;cases/../tcc/06_case.c:7: for (Count = 0; Count < 4; Count++)
                             86 ;	skipping iCode since result will be rematerialized
                             87 ;	genAssign
                             88 ;	genMove_o size 2 result type 2 source type 1 a_dead 1 hl_dead 1 de_dead 1 iy_dead 1 f_dead 1
   0012 01 00 00      [10]   89 	ld	bc, #0x0000
                             90 ;	genLabel
   0015                      91 00106$:
                             92 ;cases/../tcc/06_case.c:9: printf("%d\n", Count);
                             93 ;	genCast
                             94 ;	genMove_o size 2 result type 2 source type 7 a_dead 1 hl_dead 1 de_dead 1 iy_dead 1 f_dead 1
   0015 11r62s00      [10]   95 	ld	de, #___str_1
                             96 ;	genIpush
   0018 C5            [11]   97 	push	bc
   0019 D5            [11]   98 	push	de
   001A C5            [11]   99 	push	bc
                            100 ;	genIpush
   001B D5            [11]  101 	push	de
                            102 ;	genCall
   001C CDr00s00      [17]  103 	call	_printf
                            104 ;	adjustStack by 4
   001F F1            [10]  105 	pop	af
   0020 F1            [10]  106 	pop	af
   0021 D1            [10]  107 	pop	de
   0022 C1            [10]  108 	pop	bc
                            109 ;cases/../tcc/06_case.c:10: switch (Count)
                            110 ;	genCmpEq
                            111 ;	genMove_o size 1 result type 2 source type 2 a_dead 1 hl_dead 1 de_dead 0 iy_dead 0 f_dead 1
   0023 79            [ 4]  112 	ld	a, c
                            113 ;	genMove_o size 0 result type 2 source type 1 a_dead 1 hl_dead 1 de_dead 0 iy_dead 0 f_dead 1
   0024 3D            [ 4]  114 	dec	a
   0025 B0            [ 4]  115 	or	a, b
                            116 ; common peephole 163 changed absolute to relative conditional jump.
   0026 28 08         [12]  117 	jr	z, 00101$
                            118 ; common peephole 81 removed jp by using inverse jump logic
                            119 ; common peephole 159 removed unused label 00143$.
                            120 ;	skipping generated iCode
                            121 ;	genCmpEq
                            122 ;	genMove_o size 1 result type 2 source type 2 a_dead 1 hl_dead 1 de_dead 0 iy_dead 0 f_dead 1
   0028 79            [ 4]  123 	ld	a, c
                            124 ;	genMove_o size 0 result type 2 source type 1 a_dead 1 hl_dead 1 de_dead 0 iy_dead 0 f_dead 1
   0029 D6 02         [ 7]  125 	sub	a, #0x02
   002B B0            [ 4]  126 	or	a, b
                            127 ; common peephole 163 changed absolute to relative conditional jump.
   002C 28 10         [12]  128 	jr	z, 00102$
                            129 ; common peephole 81 removed jp by using inverse jump logic
                            130 ; common peephole 159 removed unused label 00144$.
                            131 ;	skipping generated iCode
                            132 ;	genGoto
                            133 ; common peephole 162 changed absolute to relative unconditional jump.
   002E 18 1C         [12]  134 	jr	00103$
                            135 ;cases/../tcc/06_case.c:12: case 1:
                            136 ;	genLabel
   0030                     137 00101$:
                            138 ;cases/../tcc/06_case.c:13: printf("%d\n", 1);
                            139 ;	genIpush
   0030 C5            [11]  140 	push	bc
                            141 ;	genMove_o size 2 result type 2 source type 1 a_dead 1 hl_dead 1 de_dead 0 iy_dead 1 f_dead 1
   0031 21 01 00      [10]  142 	ld	hl, #0x0001
   0034 E5            [11]  143 	push	hl
                            144 ;	genIpush
   0035 D5            [11]  145 	push	de
                            146 ;	genCall
   0036 CDr00s00      [17]  147 	call	_printf
                            148 ;	adjustStack by 4
   0039 F1            [10]  149 	pop	af
   003A F1            [10]  150 	pop	af
   003B C1            [10]  151 	pop	bc
                            152 ;cases/../tcc/06_case.c:14: break;
                            153 ;	genGoto
                            154 ; common peephole 162 changed absolute to relative unconditional jump.
   003C 18 1A         [12]  155 	jr	00107$
                            156 ;cases/../tcc/06_case.c:16: case 2:
                            157 ;	genLabel
   003E                     158 00102$:
                            159 ;cases/../tcc/06_case.c:17: printf("%d\n", 2);
                            160 ;	genIpush
   003E C5            [11]  161 	push	bc
                            162 ;	genMove_o size 2 result type 2 source type 1 a_dead 1 hl_dead 1 de_dead 0 iy_dead 1 f_dead 1
   003F 21 02 00      [10]  163 	ld	hl, #0x0002
   0042 E5            [11]  164 	push	hl
                            165 ;	genIpush
   0043 D5            [11]  166 	push	de
                            167 ;	genCall
   0044 CDr00s00      [17]  168 	call	_printf
                            169 ;	adjustStack by 4
   0047 F1            [10]  170 	pop	af
   0048 F1            [10]  171 	pop	af
   0049 C1            [10]  172 	pop	bc
                            173 ;cases/../tcc/06_case.c:18: break;
                            174 ;	genGoto
                            175 ; common peephole 162 changed absolute to relative unconditional jump.
   004A 18 0C         [12]  176 	jr	00107$
                            177 ;cases/../tcc/06_case.c:20: default:
                            178 ;	genLabel
   004C                     179 00103$:
                            180 ;cases/../tcc/06_case.c:21: printf("%d\n", 0);
                            181 ;	genIpush
   004C C5            [11]  182 	push	bc
                            183 ;	genMove_o size 2 result type 2 source type 1 a_dead 1 hl_dead 1 de_dead 0 iy_dead 1 f_dead 1
   004D 21 00 00      [10]  184 	ld	hl, #0x0000
   0050 E5            [11]  185 	push	hl
                            186 ;	genIpush
   0051 D5            [11]  187 	push	de
                            188 ;	genCall
   0052 CDr00s00      [17]  189 	call	_printf
                            190 ;	adjustStack by 4
   0055 F1            [10]  191 	pop	af
   0056 F1            [10]  192 	pop	af
   0057 C1            [10]  193 	pop	bc
                            194 ;cases/../tcc/06_case.c:23: }
                            195 ;	genLabel
   0058                     196 00107$:
                            197 ;cases/../tcc/06_case.c:7: for (Count = 0; Count < 4; Count++)
                            198 ;	genPlus
   0058 03            [ 6]  199 	inc	bc
                            200 ;	genCmpLt
   0059 79            [ 4]  201 	ld	a, c
   005A D6 04         [ 7]  202 	sub	a, #0x04
                            203 ; common peephole 163 changed absolute to relative conditional jump.
   005C 38 B7         [12]  204 	jr	c, 00106$
                            205 ;	skipping generated iCode
                            206 ;cases/../tcc/06_case.c:26: return 0;
                            207 ;	genRet
                            208 ;	genMove_o size 2 result type 2 source type 1 a_dead 1 hl_dead 1 de_dead 1 iy_dead 1 f_dead 1
   005E 11 00 00      [10]  209 	ld	de, #0x0000
                            210 ;	genLabel
                            211 ; common peephole 159 removed unused label 00108$.
                            212 ;cases/../tcc/06_case.c:27: }
                            213 ;	genEndFunction
   0061 C9            [10]  214 	ret
                            215 ;	Total main_ function size at codegen: 1 bytes.
   0062                     216 ___str_1:
   0062 25 64               217 	.ascii "%d"
   0064 0A                  218 	.db 0x0a
   0065 00                  219 	.db 0x00
                            220 ;cases/tcc_06_case.c:13: int putchar(int c){_putchar(c);return(c);}
                            221 ;	genLabel
                            222 ;	genFunction
                            223 ;	---------------------------------
                            224 ; Function putchar
                            225 ; ---------------------------------
                            226 ;	Register assignment is optimal.
                            227 ; Stack space usage: 0 bytes.
   0066                     228 _putchar::
                            229 ;	genReceive
                            230 ;	genMove_o size 2 result type 2 source type 2 a_dead 1 hl_dead 1 de_dead 1 iy_dead 1 f_dead 1
   0066 EB            [ 4]  231 	ex	de, hl
                            232 ;	genMove_o size 0 result type 2 source type 1 a_dead 1 hl_dead 1 de_dead 1 iy_dead 1 f_dead 1
                            233 ;	genCast
                            234 ;	genMove_o size 1 result type 2 source type 2 a_dead 1 hl_dead 1 de_dead 0 iy_dead 1 f_dead 1
   0067 7B            [ 4]  235 	ld	a, e
                            236 ;	genMove_o size 0 result type 2 source type 1 a_dead 1 hl_dead 1 de_dead 0 iy_dead 1 f_dead 1
                            237 ;	genSend
   0068 D5            [11]  238 	push	de
                            239 ;	genMove_o size 1 result type 2 source type 2 a_dead 1 hl_dead 1 de_dead 0 iy_dead 1 f_dead 1
                            240 ;	genCall
   0069 CDr00s00      [17]  241 	call	__putchar
   006C D1            [10]  242 	pop	de
                            243 ;	genRet
                            244 ;	genMove_o size 2 result type 2 source type 2 a_dead 1 hl_dead 1 de_dead 1 iy_dead 1 f_dead 1
                            245 ;	genLabel
                            246 ; common peephole 159 removed unused label 00101$.
                            247 ;	genEndFunction
   006D C9            [10]  248 	ret
                            249 ;	Total putchar function size at codegen: 1 bytes.
                            250 ;cases/tcc_06_case.c:14: void abort(void) {ASSERT(0);}
                            251 ;	genLabel
                            252 ;	genFunction
                            253 ;	---------------------------------
                            254 ; Function abort
                            255 ; ---------------------------------
                            256 ;	Register assignment might be sub-optimal.
                            257 ; Stack space usage: 0 bytes.
   006E                     258 _abort::
                            259 ;	genPlus
                            260 ;	genMove_o size 2 result type 2 source type 10 a_dead 1 hl_dead 1 de_dead 1 iy_dead 1 f_dead 1
   006E 2Ar00s00      [16]  261 	ld	hl, (___numTests)
   0071 23            [ 6]  262 	inc	hl
                            263 ;	genMove_o size 2 result type 10 source type 2 a_dead 1 hl_dead 1 de_dead 1 iy_dead 1 f_dead 1
   0072 22r00s00      [16]  264 	ld	(___numTests), hl
                            265 ;	skipping iCode since result will be rematerialized
                            266 ;	skipping iCode since result will be rematerialized
                            267 ;	skipping iCode since result will be rematerialized
                            268 ;	skipping iCode since result will be rematerialized
                            269 ;	skipping iCode since result will be rematerialized
                            270 ;	skipping iCode since result will be rematerialized
                            271 ;	genIpush
                            272 ;	genMove_o size 2 result type 2 source type 1 a_dead 1 hl_dead 1 de_dead 1 iy_dead 1 f_dead 1
   0075 21 0E 00      [10]  273 	ld	hl, #0x000e
   0078 E5            [11]  274 	push	hl
                            275 ;	genIpush
                            276 ;	genMove_o size 2 result type 2 source type 7 a_dead 1 hl_dead 1 de_dead 1 iy_dead 1 f_dead 1
   0079 21r9As00      [10]  277 	ld	hl, #__str_4
   007C E5            [11]  278 	push	hl
                            279 ;	genSend
                            280 ;	genMove_o size 2 result type 2 source type 7 a_dead 1 hl_dead 1 de_dead 1 iy_dead 1 f_dead 1
   007D 11r98s00      [10]  281 	ld	de, #__str_3
                            282 ;	genSend
                            283 ;	genMove_o size 2 result type 2 source type 7 a_dead 1 hl_dead 1 de_dead 0 iy_dead 1 f_dead 1
   0080 21r87s00      [10]  284 	ld	hl, #__str_2
                            285 ;	genCall
   0083 CDr00s00      [17]  286 	call	___fail
                            287 ;	genLabel
                            288 ; common peephole 159 removed unused label 00101$.
                            289 ;	genEndFunction
   0086 C9            [10]  290 	ret
                            291 ;	Total abort function size at codegen: 1 bytes.
   0087                     292 __str_2:
   0087 41 73 73 65 72 74   293 	.ascii "Assertion failed"
        69 6F 6E 20 66 61
        69 6C 65 64
   0097 00                  294 	.db 0x00
   0098                     295 __str_3:
   0098 30                  296 	.ascii "0"
   0099 00                  297 	.db 0x00
   009A                     298 __str_4:
   009A 63 61 73 65 73 2F   299 	.ascii "cases/tcc_06_case.c"
        74 63 63 5F 30 36
        5F 63 61 73 65 2E
        63
   00AD 00                  300 	.db 0x00
                            301 ;cases/tcc_06_case.c:16: void __runSuite(void) { __prints("Running main\n"); ASSERT(!main_(MAINARGS)); }
                            302 ;	genLabel
                            303 ;	genFunction
                            304 ;	---------------------------------
                            305 ; Function __runSuite
                            306 ; ---------------------------------
                            307 ;	Register assignment might be sub-optimal.
                            308 ; Stack space usage: 0 bytes.
   00AE                     309 ___runSuite::
                            310 ;	skipping iCode since result will be rematerialized
                            311 ;	skipping iCode since result will be rematerialized
                            312 ;	genSend
                            313 ;	genMove_o size 2 result type 2 source type 7 a_dead 1 hl_dead 1 de_dead 1 iy_dead 1 f_dead 1
   00AE 21rD3s00      [10]  314 	ld	hl, #___str_5
                            315 ;	genCall
   00B1 CDr00s00      [17]  316 	call	___prints
                            317 ;	genPlus
                            318 ;	genMove_o size 2 result type 2 source type 10 a_dead 1 hl_dead 1 de_dead 1 iy_dead 1 f_dead 1
   00B4 2Ar00s00      [16]  319 	ld	hl, (___numTests)
   00B7 23            [ 6]  320 	inc	hl
                            321 ;	genMove_o size 2 result type 10 source type 2 a_dead 1 hl_dead 1 de_dead 1 iy_dead 1 f_dead 1
   00B8 22r00s00      [16]  322 	ld	(___numTests), hl
                            323 ;	genCall
   00BB CDr12s00      [17]  324 	call	_main_
                            325 ;	genMove_o size 2 result type 2 source type 2 a_dead 1 hl_dead 1 de_dead 1 iy_dead 1 f_dead 1
                            326 ;	genIfx
   00BE 7A            [ 4]  327 	ld	a, d
   00BF B3            [ 4]  328 	or	a, e
   00C0 C8            [11]  329 	ret	z
                            330 ; common peephole 161 replaced jump by return.
                            331 ;	skipping iCode since result will be rematerialized
                            332 ;	skipping iCode since result will be rematerialized
                            333 ;	skipping iCode since result will be rematerialized
                            334 ;	skipping iCode since result will be rematerialized
                            335 ;	skipping iCode since result will be rematerialized
                            336 ;	skipping iCode since result will be rematerialized
                            337 ;	genIpush
                            338 ;	genMove_o size 2 result type 2 source type 1 a_dead 1 hl_dead 1 de_dead 1 iy_dead 1 f_dead 1
   00C1 21 10 00      [10]  339 	ld	hl, #0x0010
   00C4 E5            [11]  340 	push	hl
                            341 ;	genIpush
                            342 ;	genMove_o size 2 result type 2 source type 7 a_dead 1 hl_dead 1 de_dead 1 iy_dead 1 f_dead 1
   00C5 21r03s01      [10]  343 	ld	hl, #___str_8
   00C8 E5            [11]  344 	push	hl
                            345 ;	genSend
                            346 ;	genMove_o size 2 result type 2 source type 7 a_dead 1 hl_dead 1 de_dead 1 iy_dead 1 f_dead 1
   00C9 11rF2s00      [10]  347 	ld	de, #___str_7
                            348 ;	genSend
                            349 ;	genMove_o size 2 result type 2 source type 7 a_dead 1 hl_dead 1 de_dead 0 iy_dead 1 f_dead 1
   00CC 21rE1s00      [10]  350 	ld	hl, #___str_6
                            351 ;	genCall
   00CF CDr00s00      [17]  352 	call	___fail
                            353 ;	genLabel
                            354 ; common peephole 159 removed unused label 00101$.
                            355 ;	genEndFunction
   00D2 C9            [10]  356 	ret
                            357 ;	Total __runSuite function size at codegen: 1 bytes.
   00D3                     358 ___str_5:
   00D3 52 75 6E 6E 69 6E   359 	.ascii "Running main"
        67 20 6D 61 69 6E
   00DF 0A                  360 	.db 0x0a
   00E0 00                  361 	.db 0x00
   00E1                     362 ___str_6:
   00E1 41 73 73 65 72 74   363 	.ascii "Assertion failed"
        69 6F 6E 20 66 61
        69 6C 65 64
   00F1 00                  364 	.db 0x00
   00F2                     365 ___str_7:
   00F2 21 6D 61 69 6E 5F   366 	.ascii "!main_(MAINARGS)"
        28 4D 41 49 4E 41
        52 47 53 29
   0102 00                  367 	.db 0x00
   0103                     368 ___str_8:
   0103 63 61 73 65 73 2F   369 	.ascii "cases/tcc_06_case.c"
        74 63 63 5F 30 36
        5F 63 61 73 65 2E
        63
   0116 00                  370 	.db 0x00
                            371 	.area _CODE (BANK=_CSEG)
                            372 	.area _INITIALIZER
                            373 	.area _CABS (ABS)
