                              1 ;--------------------------------------------------------
                              2 ; File Created by SDCC : free open source ISO C Compiler
                              3 ; Version 4.6.2 #16710 (Linux)
                              4 ;--------------------------------------------------------
                              5 	.module tcc_30_hanoi
                              6 	
                              7 ;--------------------------------------------------------
                              8 ; Public variables in this module
                              9 ;--------------------------------------------------------
                             10 	.globl _abort
                             11 	.globl __putchar
                             12 	.globl _main_
                             13 	.globl _Move
                             14 	.globl _PrintAll
                             15 	.globl _puts
                             16 	.globl _printf
                             17 	.globl ___prints
                             18 	.globl ___fail
                             19 	.globl _C
                             20 	.globl _B
                             21 	.globl _A
                             22 	.globl ___numCases
                             23 	.globl ___getSuiteName
                             24 	.globl _Hanoi
                             25 	.globl _putchar
                             26 	.globl ___runSuite
                             27 ;--------------------------------------------------------
                             28 ; special function registers
                             29 ;--------------------------------------------------------
                             30 ;--------------------------------------------------------
                             31 ; ram data
                             32 ;--------------------------------------------------------
                             33 	.area _DATA (BANK=_DSEG)
   0000                      34 _A::
   0000                      35 	.ds 8
   0008                      36 _B::
   0008                      37 	.ds 8
   0010                      38 _C::
   0010                      39 	.ds 8
                             40 ;--------------------------------------------------------
                             41 ; ram data
                             42 ;--------------------------------------------------------
                             43 	.area _INITIALIZED
                             44 ;--------------------------------------------------------
                             45 ; absolute ram data
                             46 ;--------------------------------------------------------
                             47 	.area _DABS (ABS)
                             48 	.area _DABS (ABS)
                             49 ;--------------------------------------------------------
                             50 ; global & static initialisations
                             51 ;--------------------------------------------------------
                             52 	.area _HOME
                             53 	.area _GSINIT
                             54 	.area _GSFINAL
                             55 	.area _GSINIT
                             56 ;--------------------------------------------------------
                             57 ; Home
                             58 ;--------------------------------------------------------
                             59 	.area _HOME (BANK=_CSEG)
                             60 	.area _HOME (BANK=_CSEG)
                             61 ;--------------------------------------------------------
                             62 ; code
                             63 ;--------------------------------------------------------
                             64 	.area _CODE (BANK=_CSEG)
                             65 ;cases/tcc_30_hanoi.c:6: __code const char * __getSuiteName(void) { return "tcc/30_hanoi"; }
                             66 ;	genLabel
                             67 ;	genFunction
                             68 ;	---------------------------------
                             69 ; Function __getSuiteName
                             70 ; ---------------------------------
                             71 ;	Register assignment is optimal.
                             72 ; Stack space usage: 0 bytes.
   0000                      73 ___getSuiteName::
                             74 ;	skipping iCode since result will be rematerialized
                             75 ;	skipping iCode since result will be rematerialized
                             76 ;	genRet
                             77 ;	genMove_o size 2 result type 2 source type 7 a_dead 1 hl_dead 1 de_dead 1 iy_dead 1 f_dead 1
   0000 11r06s00      [10]   78 	ld	de, #___str_0
                             79 ;	genLabel
                             80 ; common peephole 159 removed unused label 00101$.
                             81 ;	genEndFunction
   0003 C9            [10]   82 	ret
                             83 ;	Total __getSuiteName function size at codegen: 1 bytes.
   0004                      84 ___numCases:
   0004 01 00                85 	.dw #0x0001
   0006                      86 ___str_0:
   0006 74 63 63 2F 33 30    87 	.ascii "tcc/30_hanoi"
        5F 68 61 6E 6F 69
   0012 00                   88 	.db 0x00
                             89 ;cases/../tcc/30_hanoi.c:48: void PrintAll(void)
                             90 ;	genLabel
                             91 ;	genFunction
                             92 ;	---------------------------------
                             93 ; Function PrintAll
                             94 ; ---------------------------------
                             95 ;	Register assignment might be sub-optimal.
                             96 ; Stack space usage: 0 bytes.
   0013                      97 _PrintAll::
                             98 ;cases/../tcc/30_hanoi.c:52: printf("A: ");
                             99 ;	skipping iCode since result will be rematerialized
                            100 ;	skipping iCode since result will be rematerialized
                            101 ;	genIpush
                            102 ;	genMove_o size 2 result type 2 source type 7 a_dead 1 hl_dead 1 de_dead 1 iy_dead 1 f_dead 1
   0013 21r9As00      [10]  103 	ld	hl, #___str_1
   0016 E5            [11]  104 	push	hl
                            105 ;	genCall
   0017 CDr00s00      [17]  106 	call	_printf
                            107 ;	adjustStack by 2
   001A F1            [10]  108 	pop	af
                            109 ;cases/../tcc/30_hanoi.c:53: for(i=0;i<N;i++)printf(" %d ",A[i]);
                            110 ;	skipping iCode since result will be rematerialized
                            111 ;	skipping iCode since result will be rematerialized
                            112 ;	genAssign
                            113 ;	genMove_o size 2 result type 2 source type 1 a_dead 1 hl_dead 1 de_dead 1 iy_dead 1 f_dead 1
   001B 01 00 00      [10]  114 	ld	bc, #0x0000
                            115 ;	genLabel
   001E                     116 00104$:
                            117 ;	genLeftShift
                            118 ;	genMove_o size 2 result type 2 source type 2 a_dead 1 hl_dead 1 de_dead 1 iy_dead 1 f_dead 1
   001E 69            [ 4]  119 	ld	l, c
   001F 60            [ 4]  120 	ld	h, b
                            121 ;	genMove_o size 0 result type 2 source type 1 a_dead 1 hl_dead 1 de_dead 1 iy_dead 1 f_dead 1
   0020 29            [11]  122 	add	hl, hl
                            123 ;	genPlus
                            124 ;	genMove_o size 2 result type 2 source type 7 a_dead 0 hl_dead 0 de_dead 0 iy_dead 0 f_dead 1
   0021 11r00s00      [10]  125 	ld	de, #_A
   0024 19            [11]  126 	add	hl, de
                            127 ;	genPointerGet
                            128 ;fetchPairLong
                            129 ;	_moveFrom_tpair_()
   0025 5E            [ 7]  130 	ld	e, (hl)
   0026 23            [ 6]  131 	inc	hl
                            132 ;	_moveFrom_tpair_()
   0027 56            [ 7]  133 	ld	d, (hl)
                            134 ;	skipping iCode since result will be rematerialized
                            135 ;	genIpush
   0028 C5            [11]  136 	push	bc
   0029 D5            [11]  137 	push	de
                            138 ;	genIpush
                            139 ;	genMove_o size 2 result type 2 source type 7 a_dead 1 hl_dead 1 de_dead 1 iy_dead 1 f_dead 1
   002A 21r9Es00      [10]  140 	ld	hl, #___str_2
   002D E5            [11]  141 	push	hl
                            142 ;	genCall
   002E CDr00s00      [17]  143 	call	_printf
                            144 ;	adjustStack by 4
   0031 F1            [10]  145 	pop	af
   0032 F1            [10]  146 	pop	af
   0033 C1            [10]  147 	pop	bc
                            148 ;	genPlus
   0034 03            [ 6]  149 	inc	bc
                            150 ;	genCmpLt
   0035 79            [ 4]  151 	ld	a, c
   0036 D6 04         [ 7]  152 	sub	a, #0x04
                            153 ; common peephole 163 changed absolute to relative conditional jump.
   0038 38 E4         [12]  154 	jr	c, 00104$
                            155 ;	skipping generated iCode
                            156 ;cases/../tcc/30_hanoi.c:54: printf("\n");
                            157 ;	skipping iCode since result will be rematerialized
                            158 ;	skipping iCode since result will be rematerialized
                            159 ;	genSend
                            160 ;	genMove_o size 2 result type 2 source type 7 a_dead 1 hl_dead 1 de_dead 1 iy_dead 1 f_dead 1
   003A 21rA3s00      [10]  161 	ld	hl, #___str_4
                            162 ;	genCall
   003D CDr00s00      [17]  163 	call	_puts
                            164 ;cases/../tcc/30_hanoi.c:56: printf("B: ");
                            165 ;	skipping iCode since result will be rematerialized
                            166 ;	skipping iCode since result will be rematerialized
                            167 ;	genIpush
                            168 ;	genMove_o size 2 result type 2 source type 7 a_dead 1 hl_dead 1 de_dead 1 iy_dead 1 f_dead 1
   0040 21rA4s00      [10]  169 	ld	hl, #___str_5
   0043 E5            [11]  170 	push	hl
                            171 ;	genCall
   0044 CDr00s00      [17]  172 	call	_printf
                            173 ;	adjustStack by 2
   0047 F1            [10]  174 	pop	af
                            175 ;cases/../tcc/30_hanoi.c:57: for(i=0;i<N;i++)printf(" %d ",B[i]);
                            176 ;	skipping iCode since result will be rematerialized
                            177 ;	genAssign
                            178 ;	genMove_o size 2 result type 2 source type 1 a_dead 1 hl_dead 1 de_dead 1 iy_dead 1 f_dead 1
   0048 01 00 00      [10]  179 	ld	bc, #0x0000
                            180 ;	genLabel
   004B                     181 00106$:
                            182 ;	genLeftShift
                            183 ;	genMove_o size 2 result type 2 source type 2 a_dead 1 hl_dead 1 de_dead 1 iy_dead 1 f_dead 1
   004B 69            [ 4]  184 	ld	l, c
   004C 60            [ 4]  185 	ld	h, b
                            186 ;	genMove_o size 0 result type 2 source type 1 a_dead 1 hl_dead 1 de_dead 1 iy_dead 1 f_dead 1
   004D 29            [11]  187 	add	hl, hl
                            188 ;	genPlus
                            189 ;	genMove_o size 2 result type 2 source type 7 a_dead 0 hl_dead 0 de_dead 0 iy_dead 0 f_dead 1
   004E 11r08s00      [10]  190 	ld	de, #_B
   0051 19            [11]  191 	add	hl, de
                            192 ;	genPointerGet
                            193 ;fetchPairLong
                            194 ;	_moveFrom_tpair_()
   0052 5E            [ 7]  195 	ld	e, (hl)
   0053 23            [ 6]  196 	inc	hl
                            197 ;	_moveFrom_tpair_()
   0054 56            [ 7]  198 	ld	d, (hl)
                            199 ;	genIpush
   0055 C5            [11]  200 	push	bc
   0056 D5            [11]  201 	push	de
                            202 ;	genIpush
                            203 ;	genMove_o size 2 result type 2 source type 7 a_dead 1 hl_dead 1 de_dead 1 iy_dead 1 f_dead 1
   0057 21r9Es00      [10]  204 	ld	hl, #___str_2
   005A E5            [11]  205 	push	hl
                            206 ;	genCall
   005B CDr00s00      [17]  207 	call	_printf
                            208 ;	adjustStack by 4
   005E F1            [10]  209 	pop	af
   005F F1            [10]  210 	pop	af
   0060 C1            [10]  211 	pop	bc
                            212 ;	genPlus
   0061 03            [ 6]  213 	inc	bc
                            214 ;	genCmpLt
   0062 79            [ 4]  215 	ld	a, c
   0063 D6 04         [ 7]  216 	sub	a, #0x04
                            217 ; common peephole 163 changed absolute to relative conditional jump.
   0065 38 E4         [12]  218 	jr	c, 00106$
                            219 ;	skipping generated iCode
                            220 ;cases/../tcc/30_hanoi.c:58: printf("\n");
                            221 ;	genSend
                            222 ;	genMove_o size 2 result type 2 source type 7 a_dead 1 hl_dead 1 de_dead 1 iy_dead 1 f_dead 1
   0067 21rA3s00      [10]  223 	ld	hl, #___str_4
                            224 ;	genCall
   006A CDr00s00      [17]  225 	call	_puts
                            226 ;cases/../tcc/30_hanoi.c:60: printf("C: ");
                            227 ;	skipping iCode since result will be rematerialized
                            228 ;	skipping iCode since result will be rematerialized
                            229 ;	genIpush
                            230 ;	genMove_o size 2 result type 2 source type 7 a_dead 1 hl_dead 1 de_dead 1 iy_dead 1 f_dead 1
   006D 21rA8s00      [10]  231 	ld	hl, #___str_7
   0070 E5            [11]  232 	push	hl
                            233 ;	genCall
   0071 CDr00s00      [17]  234 	call	_printf
                            235 ;	adjustStack by 2
   0074 F1            [10]  236 	pop	af
                            237 ;cases/../tcc/30_hanoi.c:61: for(i=0;i<N;i++)printf(" %d ",C[i]);
                            238 ;	skipping iCode since result will be rematerialized
                            239 ;	genAssign
                            240 ;	genMove_o size 2 result type 2 source type 1 a_dead 1 hl_dead 1 de_dead 1 iy_dead 1 f_dead 1
   0075 01 00 00      [10]  241 	ld	bc, #0x0000
                            242 ;	genLabel
   0078                     243 00108$:
                            244 ;	genLeftShift
                            245 ;	genMove_o size 2 result type 2 source type 2 a_dead 1 hl_dead 1 de_dead 1 iy_dead 1 f_dead 1
   0078 69            [ 4]  246 	ld	l, c
   0079 60            [ 4]  247 	ld	h, b
                            248 ;	genMove_o size 0 result type 2 source type 1 a_dead 1 hl_dead 1 de_dead 1 iy_dead 1 f_dead 1
   007A 29            [11]  249 	add	hl, hl
                            250 ;	genPlus
                            251 ;	genMove_o size 2 result type 2 source type 7 a_dead 0 hl_dead 0 de_dead 0 iy_dead 0 f_dead 1
   007B 11r10s00      [10]  252 	ld	de, #_C
   007E 19            [11]  253 	add	hl, de
                            254 ;	genPointerGet
                            255 ;fetchPairLong
                            256 ;	_moveFrom_tpair_()
   007F 5E            [ 7]  257 	ld	e, (hl)
   0080 23            [ 6]  258 	inc	hl
                            259 ;	_moveFrom_tpair_()
   0081 56            [ 7]  260 	ld	d, (hl)
                            261 ;	genIpush
   0082 C5            [11]  262 	push	bc
   0083 D5            [11]  263 	push	de
                            264 ;	genIpush
                            265 ;	genMove_o size 2 result type 2 source type 7 a_dead 1 hl_dead 1 de_dead 1 iy_dead 1 f_dead 1
   0084 21r9Es00      [10]  266 	ld	hl, #___str_2
   0087 E5            [11]  267 	push	hl
                            268 ;	genCall
   0088 CDr00s00      [17]  269 	call	_printf
                            270 ;	adjustStack by 4
   008B F1            [10]  271 	pop	af
   008C F1            [10]  272 	pop	af
   008D C1            [10]  273 	pop	bc
                            274 ;	genPlus
   008E 03            [ 6]  275 	inc	bc
                            276 ;	genCmpLt
   008F 79            [ 4]  277 	ld	a, c
   0090 D6 04         [ 7]  278 	sub	a, #0x04
                            279 ; common peephole 163 changed absolute to relative conditional jump.
   0092 38 E4         [12]  280 	jr	c, 00108$
                            281 ;	skipping generated iCode
                            282 ;cases/../tcc/30_hanoi.c:63: printf("------------------------------------------\n");
                            283 ;	skipping iCode since result will be rematerialized
                            284 ;	skipping iCode since result will be rematerialized
                            285 ;	genSend
                            286 ;	genMove_o size 2 result type 2 source type 7 a_dead 1 hl_dead 1 de_dead 1 iy_dead 1 f_dead 1
   0094 21rACs00      [10]  287 	ld	hl, #___str_11
                            288 ;	genCall
                            289 ;cases/../tcc/30_hanoi.c:64: return;
                            290 ;	genRet
                            291 ;	genLabel
                            292 ; common peephole 159 removed unused label 00110$.
                            293 ;cases/../tcc/30_hanoi.c:65: }
                            294 ;	genEndFunction
   0097 C3r00s00      [10]  295 	jp	_puts
                            296 ; common peephole 152 removed unused ret.
                            297 ;	Total PrintAll function size at codegen: 1 bytes.
   009A                     298 ___str_1:
   009A 41 3A 20            299 	.ascii "A: "
   009D 00                  300 	.db 0x00
   009E                     301 ___str_2:
   009E 20 25 64 20         302 	.ascii " %d "
   00A2 00                  303 	.db 0x00
   00A3                     304 ___str_4:
   00A3 00                  305 	.db 0x00
   00A4                     306 ___str_5:
   00A4 42 3A 20            307 	.ascii "B: "
   00A7 00                  308 	.db 0x00
   00A8                     309 ___str_7:
   00A8 43 3A 20            310 	.ascii "C: "
   00AB 00                  311 	.db 0x00
   00AC                     312 ___str_11:
   00AC 0A                  313 	.db 0x0a
   00AD 2D 2D 2D 2D 2D 2D   314 	.ascii "------------------------------------------"
        2D 2D 2D 2D 2D 2D
        2D 2D 2D 2D 2D 2D
        2D 2D 2D 2D 2D 2D
        2D 2D 2D 2D 2D 2D
        2D 2D 2D 2D 2D 2D
        2D 2D 2D 2D 2D 2D
   00D7 00                  315 	.db 0x00
                            316 ;cases/../tcc/30_hanoi.c:69: int Move(int *source, int *dest)
                            317 ;	genLabel
                            318 ;	genFunction
                            319 ;	---------------------------------
                            320 ; Function Move
                            321 ; ---------------------------------
                            322 ;	Register assignment might be sub-optimal.
                            323 ; Stack space usage: 4 bytes.
   00D8                     324 _Move::
   00D8 DD E5         [15]  325 	push	ix
   00DA DD 21 00 00   [14]  326 	ld	ix,	#0
   00DE DD 39         [15]  327 	add	ix, sp
                            328 ;	adjustStack by -4
   00E0 F5            [11]  329 	push	af
   00E1 F5            [11]  330 	push	af
                            331 ;	genReceive
                            332 ;	genMove_o size 2 result type 2 source type 2 a_dead 1 hl_dead 1 de_dead 0 iy_dead 1 f_dead 1
   00E2 4D            [ 4]  333 	ld	c, l
   00E3 44            [ 4]  334 	ld	b, h
                            335 ;	genMove_o size 0 result type 2 source type 1 a_dead 1 hl_dead 1 de_dead 0 iy_dead 1 f_dead 1
                            336 ;	genReceive
                            337 ;	genMove_o size 2 result type 6 source type 2 a_dead 1 hl_dead 1 de_dead 1 iy_dead 1 f_dead 1
   00E4 DD 73 FE      [19]  338 	ld	-2 (ix), e
   00E7 DD 72 FF      [19]  339 	ld	-1 (ix), d
                            340 ;	genMove_o size 0 result type 6 source type 1 a_dead 1 hl_dead 1 de_dead 1 iy_dead 1 f_dead 1
                            341 ;cases/../tcc/30_hanoi.c:73: while (i<N && (source[i])==0) i++;
                            342 ;	genAssign
                            343 ;	genMove_o size 2 result type 2 source type 1 a_dead 1 hl_dead 1 de_dead 1 iy_dead 1 f_dead 1
   00EA 11 00 00      [10]  344 	ld	de, #0x0000
                            345 ;	genLabel
   00ED                     346 00102$:
                            347 ;	genCmpLt
   00ED 7B            [ 4]  348 	ld	a, e
   00EE D6 04         [ 7]  349 	sub	a, #0x04
                            350 ; common peephole 163 changed absolute to relative conditional jump.
   00F0 30 0F         [12]  351 	jr	nc, 00123$
                            352 ;	skipping generated iCode
                            353 ;	genLeftShift
                            354 ;	genMove_o size 2 result type 2 source type 2 a_dead 1 hl_dead 1 de_dead 0 iy_dead 1 f_dead 1
   00F2 6B            [ 4]  355 	ld	l, e
   00F3 62            [ 4]  356 	ld	h, d
                            357 ;	genMove_o size 0 result type 2 source type 1 a_dead 1 hl_dead 1 de_dead 0 iy_dead 1 f_dead 1
   00F4 29            [11]  358 	add	hl, hl
                            359 ;	genPlus
   00F5 09            [11]  360 	add	hl, bc
                            361 ;	genMove_o size 2 result type 6 source type 2 a_dead 1 hl_dead 1 de_dead 0 iy_dead 1 f_dead 1
   00F6 E3            [19]  362 	ex	(sp), hl
                            363 ;	genMove_o size 0 result type 6 source type 1 a_dead 1 hl_dead 1 de_dead 0 iy_dead 1 f_dead 1
                            364 ;	genPointerGet
                            365 ;fetchPairLong
   00F7 E1            [10]  366 	pop	hl
   00F8 E5            [11]  367 	push	hl
                            368 ;	_moveFrom_tpair_()
   00F9 7E            [ 7]  369 	ld	a, (hl)
   00FA 23            [ 6]  370 	inc	hl
                            371 ;	_moveFrom_tpair_()
                            372 ;	genIfx
                            373 ; common peephole 22a used (hl) in or directly instead of going through l.
   00FB B6            [ 7]  374 	or	a, (hl)
                            375 ; common peephole 163 changed absolute to relative conditional jump.
   00FC 20 03         [12]  376 	jr	nz, 00123$
                            377 ;	genPlus
   00FE 13            [ 6]  378 	inc	de
                            379 ;	genGoto
                            380 ; common peephole 162 changed absolute to relative unconditional jump.
   00FF 18 EC         [12]  381 	jr	00102$
                            382 ;cases/../tcc/30_hanoi.c:74: while (j<N && (dest[j])==0) j++;
                            383 ;	genLabel
   0101                     384 00123$:
                            385 ;	genAssign
                            386 ;	genMove_o size 2 result type 6 source type 2 a_dead 1 hl_dead 1 de_dead 1 iy_dead 1 f_dead 1
   0101 E1            [10]  387 	pop	hl
   0102 D5            [11]  388 	push	de
                            389 ;	genMove_o size 0 result type 6 source type 1 a_dead 1 hl_dead 1 de_dead 1 iy_dead 1 f_dead 1
                            390 ;	genAssign
                            391 ;	genMove_o size 2 result type 2 source type 1 a_dead 1 hl_dead 1 de_dead 1 iy_dead 1 f_dead 1
   0103 11 00 00      [10]  392 	ld	de, #0x0000
                            393 ;	genLabel
   0106                     394 00106$:
                            395 ;	genCmpLt
   0106 7B            [ 4]  396 	ld	a, e
   0107 D6 04         [ 7]  397 	sub	a, #0x04
                            398 ; common peephole 163 changed absolute to relative conditional jump.
   0109 30 16         [12]  399 	jr	nc, 00108$
                            400 ;	skipping generated iCode
                            401 ;	genLeftShift
                            402 ;	genMove_o size 2 result type 2 source type 2 a_dead 1 hl_dead 1 de_dead 0 iy_dead 1 f_dead 1
   010B 6B            [ 4]  403 	ld	l, e
   010C 62            [ 4]  404 	ld	h, d
                            405 ;	genMove_o size 0 result type 2 source type 1 a_dead 1 hl_dead 1 de_dead 0 iy_dead 1 f_dead 1
   010D 29            [11]  406 	add	hl, hl
                            407 ;	genPlus
   010E 7D            [ 4]  408 	ld	a, l
   010F DD 86 FE      [19]  409 	add	a, -2 (ix)
   0112 6F            [ 4]  410 	ld	l, a
   0113 7C            [ 4]  411 	ld	a, h
   0114 DD 8E FF      [19]  412 	adc	a, -1 (ix)
                            413 ;	genPointerGet
                            414 ;fetchPairLong
   0117 67            [ 4]  415 	ld	h, a
                            416 ;	_moveFrom_tpair_()
   0118 7E            [ 7]  417 	ld	a, (hl)
   0119 23            [ 6]  418 	inc	hl
                            419 ;	_moveFrom_tpair_()
   011A 6E            [ 7]  420 	ld	l, (hl)
                            421 ;	genIfx
   011B B5            [ 4]  422 	or	a, l
                            423 ; common peephole 163 changed absolute to relative conditional jump.
   011C 20 03         [12]  424 	jr	nz, 00108$
                            425 ;	genPlus
   011E 13            [ 6]  426 	inc	de
                            427 ;	genGoto
                            428 ; common peephole 162 changed absolute to relative unconditional jump.
   011F 18 E5         [12]  429 	jr	00106$
                            430 ;	genLabel
   0121                     431 00108$:
                            432 ;cases/../tcc/30_hanoi.c:76: dest[j-1] = source[i];
                            433 ;	genMinus
   0121 1B            [ 6]  434 	dec	de
                            435 ;	genLeftShift
                            436 ;	genMove_o size 2 result type 2 source type 2 a_dead 1 hl_dead 1 de_dead 1 iy_dead 1 f_dead 1
   0122 EB            [ 4]  437 	ex	de, hl
                            438 ;	genMove_o size 0 result type 2 source type 1 a_dead 1 hl_dead 1 de_dead 1 iy_dead 1 f_dead 1
   0123 29            [11]  439 	add	hl, hl
                            440 ;	genPlus
   0124 7D            [ 4]  441 	ld	a, l
   0125 DD 86 FE      [19]  442 	add	a, -2 (ix)
   0128 5F            [ 4]  443 	ld	e, a
   0129 7C            [ 4]  444 	ld	a, h
   012A DD 8E FF      [19]  445 	adc	a, -1 (ix)
   012D 57            [ 4]  446 	ld	d, a
                            447 ;	genLeftShift
                            448 ;	genMove_o size 2 result type 2 source type 6 a_dead 1 hl_dead 1 de_dead 0 iy_dead 1 f_dead 1
   012E E1            [10]  449 	pop	hl
   012F E5            [11]  450 	push	hl
                            451 ;	genMove_o size 0 result type 2 source type 1 a_dead 1 hl_dead 1 de_dead 0 iy_dead 1 f_dead 1
   0130 29            [11]  452 	add	hl, hl
                            453 ;	genPlus
   0131 09            [11]  454 	add	hl, bc
                            455 ;	genPointerGet
                            456 ;fetchPairLong
                            457 ;	_moveFrom_tpair_()
   0132 4E            [ 7]  458 	ld	c, (hl)
   0133 23            [ 6]  459 	inc	hl
                            460 ;	_moveFrom_tpair_()
   0134 46            [ 7]  461 	ld	b, (hl)
   0135 2B            [ 6]  462 	dec	hl
                            463 ;	genPointerSet
   0136 E5            [11]  464 	push	hl
                            465 ;	genMove_o size 2 result type 2 source type 2 a_dead 1 hl_dead 0 de_dead 0 iy_dead 1 f_dead 1
   0137 6B            [ 4]  466 	ld	l, e
   0138 62            [ 4]  467 	ld	h, d
                            468 ;	genMove_o size 0 result type 2 source type 1 a_dead 1 hl_dead 1 de_dead 0 iy_dead 1 f_dead 1
   0139 71            [ 7]  469 	ld	(hl), c
   013A 23            [ 6]  470 	inc	hl
   013B 70            [ 7]  471 	ld	(hl), b
   013C E1            [10]  472 	pop	hl
                            473 ;cases/../tcc/30_hanoi.c:77: source[i] = 0;
                            474 ;	genPointerSet
                            475 ;	genMove_o size 2 result type 2 source type 2 a_dead 1 hl_dead 1 de_dead 0 iy_dead 1 f_dead 1
   013D AF            [ 4]  476 	xor	a, a
   013E 77            [ 7]  477 	ld	(hl), a
   013F 23            [ 6]  478 	inc	hl
   0140 77            [ 7]  479 	ld	(hl), a
                            480 ;cases/../tcc/30_hanoi.c:78: PrintAll();       /* Print configuration after each move. */
                            481 ;	genCall
   0141 D5            [11]  482 	push	de
   0142 CDr13s00      [17]  483 	call	_PrintAll
                            484 ;cases/../tcc/30_hanoi.c:79: return dest[j-1];
                            485 ;	genPointerGet
                            486 ;fetchPairLong
                            487 ; common peephole 31 popped hl directly instead of going through de.
   0145 E1            [10]  488 	pop	hl
                            489 ;	_moveFrom_tpair_()
   0146 5E            [ 7]  490 	ld	e, (hl)
   0147 23            [ 6]  491 	inc	hl
                            492 ;	_moveFrom_tpair_()
   0148 56            [ 7]  493 	ld	d, (hl)
                            494 ;	genRet
                            495 ;	genMove_o size 2 result type 2 source type 2 a_dead 1 hl_dead 1 de_dead 1 iy_dead 1 f_dead 1
                            496 ;	genLabel
                            497 ; common peephole 159 removed unused label 00109$.
                            498 ;cases/../tcc/30_hanoi.c:80: }
                            499 ;	genEndFunction
   0149 DD F9         [10]  500 	ld	sp, ix
   014B DD E1         [14]  501 	pop	ix
   014D C9            [10]  502 	ret
                            503 ;	Total Move function size at codegen: 5 bytes.
                            504 ;cases/../tcc/30_hanoi.c:86: void Hanoi(int n,int *source, int *dest, int *spare)
                            505 ;	genLabel
                            506 ;	genFunction
                            507 ;	---------------------------------
                            508 ; Function Hanoi
                            509 ; ---------------------------------
                            510 ;	Register assignment might be sub-optimal.
                            511 ; Stack space usage: 0 bytes.
   014E                     512 _Hanoi::
   014E DD E5         [15]  513 	push	ix
   0150 DD 21 00 00   [14]  514 	ld	ix,	#0
   0154 DD 39         [15]  515 	add	ix, sp
                            516 ;	genReceive
                            517 ;	genMove_o size 2 result type 2 source type 2 a_dead 1 hl_dead 1 de_dead 0 iy_dead 1 f_dead 1
                            518 ;	genReceive
                            519 ;	genMove_o size 2 result type 2 source type 2 a_dead 1 hl_dead 0 de_dead 1 iy_dead 1 f_dead 1
   0156 4B            [ 4]  520 	ld	c, e
   0157 42            [ 4]  521 	ld	b, d
                            522 ;	genMove_o size 0 result type 2 source type 1 a_dead 1 hl_dead 0 de_dead 1 iy_dead 1 f_dead 1
                            523 ;cases/../tcc/30_hanoi.c:88: if(n==1){
                            524 ;	genCmpEq
                            525 ;	genMove_o size 1 result type 2 source type 2 a_dead 1 hl_dead 0 de_dead 0 iy_dead 0 f_dead 1
   0158 7D            [ 4]  526 	ld	a, l
                            527 ;	genMove_o size 0 result type 2 source type 1 a_dead 1 hl_dead 0 de_dead 0 iy_dead 0 f_dead 1
   0159 3D            [ 4]  528 	dec	a
   015A B4            [ 4]  529 	or	a, h
                            530 ; common peephole 81 removed jp by using inverse jump logic
                            531 ; common peephole 159 removed unused label 00113$.
                            532 ; common peephole 163 changed absolute to relative conditional jump.
   015B 20 0D         [12]  533 	jr	nz, 00102$
                            534 ; common peephole 82 removed jp by using inverse jump logic
                            535 ; common peephole 159 removed unused label 00114$.
                            536 ;	skipping generated iCode
                            537 ;cases/../tcc/30_hanoi.c:89: Move(source,dest);
                            538 ;	genSend
                            539 ;	genMove_o size 2 result type 2 source type 6 a_dead 1 hl_dead 1 de_dead 1 iy_dead 1 f_dead 1
   015D DD 5E 04      [19]  540 	ld	e, 4 (ix)
   0160 DD 56 05      [19]  541 	ld	d, 5 (ix)
                            542 ;	genMove_o size 0 result type 2 source type 1 a_dead 1 hl_dead 1 de_dead 1 iy_dead 1 f_dead 1
                            543 ;	genSend
                            544 ;	genMove_o size 2 result type 2 source type 2 a_dead 1 hl_dead 1 de_dead 0 iy_dead 1 f_dead 1
   0163 69            [ 4]  545 	ld	l, c
   0164 60            [ 4]  546 	ld	h, b
                            547 ;	genMove_o size 0 result type 2 source type 1 a_dead 1 hl_dead 1 de_dead 0 iy_dead 1 f_dead 1
                            548 ;	genCall
   0165 CDrD8s00      [17]  549 	call	_Move
                            550 ;cases/../tcc/30_hanoi.c:90: return;
                            551 ;	genRet
                            552 ; common peephole 162 changed absolute to relative unconditional jump.
   0168 18 36         [12]  553 	jr	00103$
                            554 ;	genLabel
   016A                     555 00102$:
                            556 ;cases/../tcc/30_hanoi.c:93: Hanoi(n-1,source,spare,dest);
                            557 ;	genMinus
   016A 2B            [ 6]  558 	dec	hl
                            559 ;	genIpush
   016B E5            [11]  560 	push	hl
   016C C5            [11]  561 	push	bc
                            562 ;	genMove_o size 2 result type 2 source type 6 a_dead 1 hl_dead 0 de_dead 1 iy_dead 1 f_dead 1
   016D DD 5E 04      [19]  563 	ld	e, 4 (ix)
   0170 DD 56 05      [19]  564 	ld	d, 5 (ix)
                            565 ;	genMove_o size 0 result type 2 source type 1 a_dead 1 hl_dead 0 de_dead 1 iy_dead 1 f_dead 1
   0173 D5            [11]  566 	push	de
                            567 ;	genIpush
                            568 ;	genMove_o size 2 result type 2 source type 6 a_dead 1 hl_dead 0 de_dead 1 iy_dead 1 f_dead 1
   0174 DD 5E 06      [19]  569 	ld	e, 6 (ix)
   0177 DD 56 07      [19]  570 	ld	d, 7 (ix)
                            571 ;	genMove_o size 0 result type 2 source type 1 a_dead 1 hl_dead 0 de_dead 1 iy_dead 1 f_dead 1
   017A D5            [11]  572 	push	de
                            573 ;	genSend
                            574 ;	genMove_o size 2 result type 2 source type 2 a_dead 1 hl_dead 0 de_dead 1 iy_dead 1 f_dead 1
   017B 59            [ 4]  575 	ld	e, c
   017C 50            [ 4]  576 	ld	d, b
                            577 ;	genMove_o size 0 result type 2 source type 1 a_dead 1 hl_dead 0 de_dead 1 iy_dead 1 f_dead 1
                            578 ;	genSend
                            579 ;	genMove_o size 2 result type 2 source type 2 a_dead 1 hl_dead 0 de_dead 0 iy_dead 1 f_dead 1
                            580 ;	genCall
   017D CDr4Es01      [17]  581 	call	_Hanoi
   0180 C1            [10]  582 	pop	bc
                            583 ;cases/../tcc/30_hanoi.c:94: Move(source,dest);
                            584 ;	genSend
                            585 ; common peephole 50a eliminated dead pop/push hl pair.
   0181 C5            [11]  586 	push	bc
                            587 ;	genMove_o size 2 result type 2 source type 6 a_dead 1 hl_dead 0 de_dead 1 iy_dead 1 f_dead 1
   0182 DD 5E 04      [19]  588 	ld	e, 4 (ix)
   0185 DD 56 05      [19]  589 	ld	d, 5 (ix)
                            590 ;	genMove_o size 0 result type 2 source type 1 a_dead 1 hl_dead 0 de_dead 1 iy_dead 1 f_dead 1
                            591 ;	genSend
                            592 ;	genMove_o size 2 result type 2 source type 2 a_dead 1 hl_dead 0 de_dead 0 iy_dead 1 f_dead 1
   0188 69            [ 4]  593 	ld	l, c
   0189 60            [ 4]  594 	ld	h, b
                            595 ;	genMove_o size 0 result type 2 source type 1 a_dead 1 hl_dead 1 de_dead 0 iy_dead 1 f_dead 1
                            596 ;	genCall
   018A CDrD8s00      [17]  597 	call	_Move
   018D C1            [10]  598 	pop	bc
   018E E1            [10]  599 	pop	hl
                            600 ;cases/../tcc/30_hanoi.c:95: Hanoi(n-1,spare,dest,source);
                            601 ;	genIpush
   018F C5            [11]  602 	push	bc
                            603 ;	genIpush
                            604 ;	genMove_o size 2 result type 2 source type 6 a_dead 1 hl_dead 0 de_dead 1 iy_dead 1 f_dead 1
   0190 DD 5E 04      [19]  605 	ld	e, 4 (ix)
   0193 DD 56 05      [19]  606 	ld	d, 5 (ix)
                            607 ;	genMove_o size 0 result type 2 source type 1 a_dead 1 hl_dead 0 de_dead 1 iy_dead 1 f_dead 1
   0196 D5            [11]  608 	push	de
                            609 ;	genSend
                            610 ;	genMove_o size 2 result type 2 source type 6 a_dead 1 hl_dead 0 de_dead 1 iy_dead 1 f_dead 1
   0197 DD 5E 06      [19]  611 	ld	e, 6 (ix)
   019A DD 56 07      [19]  612 	ld	d, 7 (ix)
                            613 ;	genMove_o size 0 result type 2 source type 1 a_dead 1 hl_dead 0 de_dead 1 iy_dead 1 f_dead 1
                            614 ;	genSend
                            615 ;	genMove_o size 2 result type 2 source type 2 a_dead 1 hl_dead 1 de_dead 0 iy_dead 1 f_dead 1
                            616 ;	genCall
   019D CDr4Es01      [17]  617 	call	_Hanoi
                            618 ;cases/../tcc/30_hanoi.c:96: return;
                            619 ;	genRet
                            620 ;	genLabel
   01A0                     621 00103$:
                            622 ;cases/../tcc/30_hanoi.c:97: }
                            623 ;	genEndFunction
   01A0 DD E1         [14]  624 	pop	ix
   01A2 E1            [10]  625 	pop	hl
                            626 ;	adjustStack by 4
   01A3 F1            [10]  627 	pop	af
   01A4 F1            [10]  628 	pop	af
   01A5 E9            [ 4]  629 	jp	(hl)
                            630 ;	Total Hanoi function size at codegen: 6 bytes.
                            631 ;cases/../tcc/30_hanoi.c:99: int main(void)
                            632 ;	genLabel
                            633 ;	genFunction
                            634 ;	---------------------------------
                            635 ; Function main_
                            636 ; ---------------------------------
                            637 ;	Register assignment might be sub-optimal.
                            638 ; Stack space usage: 0 bytes.
   01A6                     639 _main_::
                            640 ;cases/../tcc/30_hanoi.c:104: for(i=0;i<N;i++)A[i]=i+1;
                            641 ;	genAssign
                            642 ;	genMove_o size 2 result type 2 source type 1 a_dead 1 hl_dead 1 de_dead 1 iy_dead 1 f_dead 1
   01A6 01 00 00      [10]  643 	ld	bc, #0x0000
                            644 ;	skipping iCode since result will be rematerialized
                            645 ;	genLabel
   01A9                     646 00104$:
                            647 ;	genLeftShift
                            648 ;	genMove_o size 2 result type 2 source type 2 a_dead 1 hl_dead 1 de_dead 1 iy_dead 1 f_dead 1
   01A9 69            [ 4]  649 	ld	l, c
   01AA 60            [ 4]  650 	ld	h, b
                            651 ;	genMove_o size 0 result type 2 source type 1 a_dead 1 hl_dead 1 de_dead 1 iy_dead 1 f_dead 1
   01AB 29            [11]  652 	add	hl, hl
                            653 ;	genPlus
                            654 ;	genMove_o size 2 result type 2 source type 7 a_dead 0 hl_dead 0 de_dead 0 iy_dead 0 f_dead 1
   01AC 11r00s00      [10]  655 	ld	de, #_A
   01AF 19            [11]  656 	add	hl, de
                            657 ;	genPlus
   01B0 03            [ 6]  658 	inc	bc
                            659 ;	genPointerSet
                            660 ;	genMove_o size 2 result type 2 source type 2 a_dead 1 hl_dead 1 de_dead 1 iy_dead 1 f_dead 1
   01B1 71            [ 7]  661 	ld	(hl), c
   01B2 23            [ 6]  662 	inc	hl
   01B3 70            [ 7]  663 	ld	(hl), b
                            664 ;	genAssign
                            665 ;	(locations are the same)
                            666 ;	genCmpLt
   01B4 79            [ 4]  667 	ld	a, c
   01B5 D6 04         [ 7]  668 	sub	a, #0x04
                            669 ; common peephole 163 changed absolute to relative conditional jump.
   01B7 38 F0         [12]  670 	jr	c, 00104$
                            671 ;	skipping generated iCode
                            672 ;cases/../tcc/30_hanoi.c:105: for(i=0;i<N;i++)B[i]=0;
                            673 ;	skipping iCode since result will be rematerialized
                            674 ;	genAssign
                            675 ;	genMove_o size 2 result type 2 source type 1 a_dead 1 hl_dead 1 de_dead 1 iy_dead 1 f_dead 1
   01B9 01 00 00      [10]  676 	ld	bc, #0x0000
                            677 ;	genLabel
   01BC                     678 00106$:
                            679 ;	genLeftShift
                            680 ;	genMove_o size 2 result type 2 source type 2 a_dead 1 hl_dead 1 de_dead 1 iy_dead 1 f_dead 1
   01BC 69            [ 4]  681 	ld	l, c
   01BD 60            [ 4]  682 	ld	h, b
                            683 ;	genMove_o size 0 result type 2 source type 1 a_dead 1 hl_dead 1 de_dead 1 iy_dead 1 f_dead 1
   01BE 29            [11]  684 	add	hl, hl
                            685 ;	genPlus
                            686 ;	genMove_o size 2 result type 2 source type 7 a_dead 0 hl_dead 0 de_dead 0 iy_dead 0 f_dead 1
   01BF 11r08s00      [10]  687 	ld	de, #_B
   01C2 19            [11]  688 	add	hl, de
                            689 ;	genPointerSet
                            690 ;	genMove_o size 2 result type 2 source type 2 a_dead 1 hl_dead 1 de_dead 1 iy_dead 1 f_dead 1
   01C3 AF            [ 4]  691 	xor	a, a
   01C4 77            [ 7]  692 	ld	(hl), a
   01C5 23            [ 6]  693 	inc	hl
   01C6 77            [ 7]  694 	ld	(hl), a
                            695 ;	genPlus
   01C7 03            [ 6]  696 	inc	bc
                            697 ;	genCmpLt
   01C8 79            [ 4]  698 	ld	a, c
   01C9 D6 04         [ 7]  699 	sub	a, #0x04
                            700 ; common peephole 163 changed absolute to relative conditional jump.
   01CB 38 EF         [12]  701 	jr	c, 00106$
                            702 ;	skipping generated iCode
                            703 ;cases/../tcc/30_hanoi.c:106: for(i=0;i<N;i++)C[i]=0;
                            704 ;	skipping iCode since result will be rematerialized
                            705 ;	genAssign
                            706 ;	genMove_o size 2 result type 2 source type 1 a_dead 1 hl_dead 1 de_dead 1 iy_dead 1 f_dead 1
   01CD 01 00 00      [10]  707 	ld	bc, #0x0000
                            708 ;	genLabel
   01D0                     709 00108$:
                            710 ;	genLeftShift
                            711 ;	genMove_o size 2 result type 2 source type 2 a_dead 1 hl_dead 1 de_dead 1 iy_dead 1 f_dead 1
   01D0 69            [ 4]  712 	ld	l, c
   01D1 60            [ 4]  713 	ld	h, b
                            714 ;	genMove_o size 0 result type 2 source type 1 a_dead 1 hl_dead 1 de_dead 1 iy_dead 1 f_dead 1
   01D2 29            [11]  715 	add	hl, hl
                            716 ;	genPlus
                            717 ;	genMove_o size 2 result type 2 source type 7 a_dead 0 hl_dead 0 de_dead 0 iy_dead 0 f_dead 1
   01D3 11r10s00      [10]  718 	ld	de, #_C
   01D6 19            [11]  719 	add	hl, de
                            720 ;	genPointerSet
                            721 ;	genMove_o size 2 result type 2 source type 2 a_dead 1 hl_dead 1 de_dead 1 iy_dead 1 f_dead 1
   01D7 AF            [ 4]  722 	xor	a, a
   01D8 77            [ 7]  723 	ld	(hl), a
   01D9 23            [ 6]  724 	inc	hl
   01DA 77            [ 7]  725 	ld	(hl), a
                            726 ;	genPlus
   01DB 03            [ 6]  727 	inc	bc
                            728 ;	genCmpLt
   01DC 79            [ 4]  729 	ld	a, c
   01DD D6 04         [ 7]  730 	sub	a, #0x04
                            731 ; common peephole 163 changed absolute to relative conditional jump.
   01DF 38 EF         [12]  732 	jr	c, 00108$
                            733 ;	skipping generated iCode
                            734 ;cases/../tcc/30_hanoi.c:108: printf("Solution of Tower of Hanoi Problem with %d Disks\n\n",N);
                            735 ;	skipping iCode since result will be rematerialized
                            736 ;	skipping iCode since result will be rematerialized
                            737 ;	genIpush
                            738 ;	genMove_o size 2 result type 2 source type 1 a_dead 1 hl_dead 1 de_dead 1 iy_dead 1 f_dead 1
   01E1 21 04 00      [10]  739 	ld	hl, #0x0004
   01E4 E5            [11]  740 	push	hl
                            741 ;	genIpush
                            742 ;	genMove_o size 2 result type 2 source type 7 a_dead 1 hl_dead 1 de_dead 1 iy_dead 1 f_dead 1
   01E5 21r12s02      [10]  743 	ld	hl, #___str_12
   01E8 E5            [11]  744 	push	hl
                            745 ;	genCall
   01E9 CDr00s00      [17]  746 	call	_printf
                            747 ;	adjustStack by 4
   01EC F1            [10]  748 	pop	af
   01ED F1            [10]  749 	pop	af
                            750 ;cases/../tcc/30_hanoi.c:111: printf("Starting state:\n");
                            751 ;	skipping iCode since result will be rematerialized
                            752 ;	skipping iCode since result will be rematerialized
                            753 ;	genSend
                            754 ;	genMove_o size 2 result type 2 source type 7 a_dead 1 hl_dead 1 de_dead 1 iy_dead 1 f_dead 1
   01EE 21r45s02      [10]  755 	ld	hl, #___str_14
                            756 ;	genCall
   01F1 CDr00s00      [17]  757 	call	_puts
                            758 ;cases/../tcc/30_hanoi.c:112: PrintAll();
                            759 ;	genCall
   01F4 CDr13s00      [17]  760 	call	_PrintAll
                            761 ;cases/../tcc/30_hanoi.c:113: printf("\n\nSubsequent states:\n\n");
                            762 ;	skipping iCode since result will be rematerialized
                            763 ;	skipping iCode since result will be rematerialized
                            764 ;	genSend
                            765 ;	genMove_o size 2 result type 2 source type 7 a_dead 1 hl_dead 1 de_dead 1 iy_dead 1 f_dead 1
   01F7 21r55s02      [10]  766 	ld	hl, #___str_16
                            767 ;	genCall
   01FA CDr00s00      [17]  768 	call	_puts
                            769 ;cases/../tcc/30_hanoi.c:116: Hanoi(N,A,B,C);
                            770 ;	skipping iCode since result will be rematerialized
                            771 ;	skipping iCode since result will be rematerialized
                            772 ;	skipping iCode since result will be rematerialized
                            773 ;	genIpush
                            774 ;	genMove_o size 2 result type 2 source type 7 a_dead 1 hl_dead 1 de_dead 1 iy_dead 1 f_dead 1
   01FD 21r10s00      [10]  775 	ld	hl, #_C
   0200 E5            [11]  776 	push	hl
                            777 ;	genIpush
                            778 ;	genMove_o size 2 result type 2 source type 7 a_dead 1 hl_dead 1 de_dead 1 iy_dead 1 f_dead 1
   0201 21r08s00      [10]  779 	ld	hl, #_B
   0204 E5            [11]  780 	push	hl
                            781 ;	genSend
                            782 ;	genMove_o size 2 result type 2 source type 7 a_dead 1 hl_dead 1 de_dead 1 iy_dead 1 f_dead 1
   0205 11r00s00      [10]  783 	ld	de, #_A
                            784 ;	genSend
                            785 ;	genMove_o size 2 result type 2 source type 1 a_dead 1 hl_dead 1 de_dead 0 iy_dead 1 f_dead 1
   0208 21 04 00      [10]  786 	ld	hl, #0x0004
                            787 ;	genCall
   020B CDr4Es01      [17]  788 	call	_Hanoi
                            789 ;cases/../tcc/30_hanoi.c:118: return 0;
                            790 ;	genRet
                            791 ;	genMove_o size 2 result type 2 source type 1 a_dead 1 hl_dead 1 de_dead 1 iy_dead 1 f_dead 1
   020E 11 00 00      [10]  792 	ld	de, #0x0000
                            793 ;	genLabel
                            794 ; common peephole 159 removed unused label 00110$.
                            795 ;cases/../tcc/30_hanoi.c:119: }
                            796 ;	genEndFunction
   0211 C9            [10]  797 	ret
                            798 ;	Total main_ function size at codegen: 1 bytes.
   0212                     799 ___str_12:
   0212 53 6F 6C 75 74 69   800 	.ascii "Solution of Tower of Hanoi Problem with %d Disks"
        6F 6E 20 6F 66 20
        54 6F 77 65 72 20
        6F 66 20 48 61 6E
        6F 69 20 50 72 6F
        62 6C 65 6D 20 77
        69 74 68 20 25 64
        20 44 69 73 6B 73
   0242 0A                  801 	.db 0x0a
   0243 0A                  802 	.db 0x0a
   0244 00                  803 	.db 0x00
   0245                     804 ___str_14:
   0245 53 74 61 72 74 69   805 	.ascii "Starting state:"
        6E 67 20 73 74 61
        74 65 3A
   0254 00                  806 	.db 0x00
   0255                     807 ___str_16:
   0255 0A                  808 	.db 0x0a
   0256 0A                  809 	.db 0x0a
   0257 53 75 62 73 65 71   810 	.ascii "Subsequent states:"
        75 65 6E 74 20 73
        74 61 74 65 73 3A
   0269 0A                  811 	.db 0x0a
   026A 00                  812 	.db 0x00
                            813 ;cases/tcc_30_hanoi.c:13: int putchar(int c){_putchar(c);return(c);}
                            814 ;	genLabel
                            815 ;	genFunction
                            816 ;	---------------------------------
                            817 ; Function putchar
                            818 ; ---------------------------------
                            819 ;	Register assignment is optimal.
                            820 ; Stack space usage: 0 bytes.
   026B                     821 _putchar::
                            822 ;	genReceive
                            823 ;	genMove_o size 2 result type 2 source type 2 a_dead 1 hl_dead 1 de_dead 1 iy_dead 1 f_dead 1
   026B EB            [ 4]  824 	ex	de, hl
                            825 ;	genMove_o size 0 result type 2 source type 1 a_dead 1 hl_dead 1 de_dead 1 iy_dead 1 f_dead 1
                            826 ;	genCast
                            827 ;	genMove_o size 1 result type 2 source type 2 a_dead 1 hl_dead 1 de_dead 0 iy_dead 1 f_dead 1
   026C 7B            [ 4]  828 	ld	a, e
                            829 ;	genMove_o size 0 result type 2 source type 1 a_dead 1 hl_dead 1 de_dead 0 iy_dead 1 f_dead 1
                            830 ;	genSend
   026D D5            [11]  831 	push	de
                            832 ;	genMove_o size 1 result type 2 source type 2 a_dead 1 hl_dead 1 de_dead 0 iy_dead 1 f_dead 1
                            833 ;	genCall
   026E CDr00s00      [17]  834 	call	__putchar
   0271 D1            [10]  835 	pop	de
                            836 ;	genRet
                            837 ;	genMove_o size 2 result type 2 source type 2 a_dead 1 hl_dead 1 de_dead 1 iy_dead 1 f_dead 1
                            838 ;	genLabel
                            839 ; common peephole 159 removed unused label 00101$.
                            840 ;	genEndFunction
   0272 C9            [10]  841 	ret
                            842 ;	Total putchar function size at codegen: 1 bytes.
                            843 ;cases/tcc_30_hanoi.c:14: void abort(void) {ASSERT(0);}
                            844 ;	genLabel
                            845 ;	genFunction
                            846 ;	---------------------------------
                            847 ; Function abort
                            848 ; ---------------------------------
                            849 ;	Register assignment might be sub-optimal.
                            850 ; Stack space usage: 0 bytes.
   0273                     851 _abort::
                            852 ;	genPlus
                            853 ;	genMove_o size 2 result type 2 source type 10 a_dead 1 hl_dead 1 de_dead 1 iy_dead 1 f_dead 1
   0273 2Ar00s00      [16]  854 	ld	hl, (___numTests)
   0276 23            [ 6]  855 	inc	hl
                            856 ;	genMove_o size 2 result type 10 source type 2 a_dead 1 hl_dead 1 de_dead 1 iy_dead 1 f_dead 1
   0277 22r00s00      [16]  857 	ld	(___numTests), hl
                            858 ;	skipping iCode since result will be rematerialized
                            859 ;	skipping iCode since result will be rematerialized
                            860 ;	skipping iCode since result will be rematerialized
                            861 ;	skipping iCode since result will be rematerialized
                            862 ;	skipping iCode since result will be rematerialized
                            863 ;	skipping iCode since result will be rematerialized
                            864 ;	genIpush
                            865 ;	genMove_o size 2 result type 2 source type 1 a_dead 1 hl_dead 1 de_dead 1 iy_dead 1 f_dead 1
   027A 21 0E 00      [10]  866 	ld	hl, #0x000e
   027D E5            [11]  867 	push	hl
                            868 ;	genIpush
                            869 ;	genMove_o size 2 result type 2 source type 7 a_dead 1 hl_dead 1 de_dead 1 iy_dead 1 f_dead 1
   027E 21r9Fs02      [10]  870 	ld	hl, #__str_19
   0281 E5            [11]  871 	push	hl
                            872 ;	genSend
                            873 ;	genMove_o size 2 result type 2 source type 7 a_dead 1 hl_dead 1 de_dead 1 iy_dead 1 f_dead 1
   0282 11r9Ds02      [10]  874 	ld	de, #__str_18
                            875 ;	genSend
                            876 ;	genMove_o size 2 result type 2 source type 7 a_dead 1 hl_dead 1 de_dead 0 iy_dead 1 f_dead 1
   0285 21r8Cs02      [10]  877 	ld	hl, #__str_17
                            878 ;	genCall
   0288 CDr00s00      [17]  879 	call	___fail
                            880 ;	genLabel
                            881 ; common peephole 159 removed unused label 00101$.
                            882 ;	genEndFunction
   028B C9            [10]  883 	ret
                            884 ;	Total abort function size at codegen: 1 bytes.
   028C                     885 __str_17:
   028C 41 73 73 65 72 74   886 	.ascii "Assertion failed"
        69 6F 6E 20 66 61
        69 6C 65 64
   029C 00                  887 	.db 0x00
   029D                     888 __str_18:
   029D 30                  889 	.ascii "0"
   029E 00                  890 	.db 0x00
   029F                     891 __str_19:
   029F 63 61 73 65 73 2F   892 	.ascii "cases/tcc_30_hanoi.c"
        74 63 63 5F 33 30
        5F 68 61 6E 6F 69
        2E 63
   02B3 00                  893 	.db 0x00
                            894 ;cases/tcc_30_hanoi.c:16: void __runSuite(void) { __prints("Running main\n"); ASSERT(!main_(MAINARGS)); }
                            895 ;	genLabel
                            896 ;	genFunction
                            897 ;	---------------------------------
                            898 ; Function __runSuite
                            899 ; ---------------------------------
                            900 ;	Register assignment might be sub-optimal.
                            901 ; Stack space usage: 0 bytes.
   02B4                     902 ___runSuite::
                            903 ;	skipping iCode since result will be rematerialized
                            904 ;	skipping iCode since result will be rematerialized
                            905 ;	genSend
                            906 ;	genMove_o size 2 result type 2 source type 7 a_dead 1 hl_dead 1 de_dead 1 iy_dead 1 f_dead 1
   02B4 21rD9s02      [10]  907 	ld	hl, #___str_20
                            908 ;	genCall
   02B7 CDr00s00      [17]  909 	call	___prints
                            910 ;	genPlus
                            911 ;	genMove_o size 2 result type 2 source type 10 a_dead 1 hl_dead 1 de_dead 1 iy_dead 1 f_dead 1
   02BA 2Ar00s00      [16]  912 	ld	hl, (___numTests)
   02BD 23            [ 6]  913 	inc	hl
                            914 ;	genMove_o size 2 result type 10 source type 2 a_dead 1 hl_dead 1 de_dead 1 iy_dead 1 f_dead 1
   02BE 22r00s00      [16]  915 	ld	(___numTests), hl
                            916 ;	genCall
   02C1 CDrA6s01      [17]  917 	call	_main_
                            918 ;	genMove_o size 2 result type 2 source type 2 a_dead 1 hl_dead 1 de_dead 1 iy_dead 1 f_dead 1
                            919 ;	genIfx
   02C4 7A            [ 4]  920 	ld	a, d
   02C5 B3            [ 4]  921 	or	a, e
   02C6 C8            [11]  922 	ret	z
                            923 ; common peephole 161 replaced jump by return.
                            924 ;	skipping iCode since result will be rematerialized
                            925 ;	skipping iCode since result will be rematerialized
                            926 ;	skipping iCode since result will be rematerialized
                            927 ;	skipping iCode since result will be rematerialized
                            928 ;	skipping iCode since result will be rematerialized
                            929 ;	skipping iCode since result will be rematerialized
                            930 ;	genIpush
                            931 ;	genMove_o size 2 result type 2 source type 1 a_dead 1 hl_dead 1 de_dead 1 iy_dead 1 f_dead 1
   02C7 21 10 00      [10]  932 	ld	hl, #0x0010
   02CA E5            [11]  933 	push	hl
                            934 ;	genIpush
                            935 ;	genMove_o size 2 result type 2 source type 7 a_dead 1 hl_dead 1 de_dead 1 iy_dead 1 f_dead 1
   02CB 21r09s03      [10]  936 	ld	hl, #___str_23
   02CE E5            [11]  937 	push	hl
                            938 ;	genSend
                            939 ;	genMove_o size 2 result type 2 source type 7 a_dead 1 hl_dead 1 de_dead 1 iy_dead 1 f_dead 1
   02CF 11rF8s02      [10]  940 	ld	de, #___str_22
                            941 ;	genSend
                            942 ;	genMove_o size 2 result type 2 source type 7 a_dead 1 hl_dead 1 de_dead 0 iy_dead 1 f_dead 1
   02D2 21rE7s02      [10]  943 	ld	hl, #___str_21
                            944 ;	genCall
   02D5 CDr00s00      [17]  945 	call	___fail
                            946 ;	genLabel
                            947 ; common peephole 159 removed unused label 00101$.
                            948 ;	genEndFunction
   02D8 C9            [10]  949 	ret
                            950 ;	Total __runSuite function size at codegen: 1 bytes.
   02D9                     951 ___str_20:
   02D9 52 75 6E 6E 69 6E   952 	.ascii "Running main"
        67 20 6D 61 69 6E
   02E5 0A                  953 	.db 0x0a
   02E6 00                  954 	.db 0x00
   02E7                     955 ___str_21:
   02E7 41 73 73 65 72 74   956 	.ascii "Assertion failed"
        69 6F 6E 20 66 61
        69 6C 65 64
   02F7 00                  957 	.db 0x00
   02F8                     958 ___str_22:
   02F8 21 6D 61 69 6E 5F   959 	.ascii "!main_(MAINARGS)"
        28 4D 41 49 4E 41
        52 47 53 29
   0308 00                  960 	.db 0x00
   0309                     961 ___str_23:
   0309 63 61 73 65 73 2F   962 	.ascii "cases/tcc_30_hanoi.c"
        74 63 63 5F 33 30
        5F 68 61 6E 6F 69
        2E 63
   031D 00                  963 	.db 0x00
                            964 	.area _CODE (BANK=_CSEG)
                            965 	.area _INITIALIZER
                            966 	.area _CABS (ABS)
