                              1 ;--------------------------------------------------------
                              2 ; File Created by SDCC : free open source ISO C Compiler
                              3 ; Version 4.6.2 #16710 (Linux)
                              4 ;--------------------------------------------------------
                              5 	.module tcc_91_ptr_longlong_arith32
                              6 	
                              7 ;--------------------------------------------------------
                              8 ; Public variables in this module
                              9 ;--------------------------------------------------------
                             10 	.globl _abort
                             11 	.globl _putchar
                             12 	.globl __putchar
                             13 	.globl _main_
                             14 	.globl _printf
                             15 	.globl ___prints
                             16 	.globl ___fail
                             17 	.globl _t
                             18 	.globl ___numCases
                             19 	.globl ___getSuiteName
                             20 	.globl ___runSuite
                             21 ;--------------------------------------------------------
                             22 ; special function registers
                             23 ;--------------------------------------------------------
                             24 ;--------------------------------------------------------
                             25 ; ram data
                             26 ;--------------------------------------------------------
                             27 	.area _DATA (BANK=_DSEG)
                             28 ;--------------------------------------------------------
                             29 ; ram data
                             30 ;--------------------------------------------------------
                             31 	.area _INITIALIZED
   0000                      32 _t::
   0000                      33 	.ds 10
                             34 ;--------------------------------------------------------
                             35 ; absolute ram data
                             36 ;--------------------------------------------------------
                             37 	.area _DABS (ABS)
                             38 	.area _DABS (ABS)
                             39 ;--------------------------------------------------------
                             40 ; global & static initialisations
                             41 ;--------------------------------------------------------
                             42 	.area _HOME
                             43 	.area _GSINIT
                             44 	.area _GSFINAL
                             45 	.area _GSINIT
                             46 ;--------------------------------------------------------
                             47 ; Home
                             48 ;--------------------------------------------------------
                             49 	.area _HOME (BANK=_CSEG)
                             50 	.area _HOME (BANK=_CSEG)
                             51 ;--------------------------------------------------------
                             52 ; code
                             53 ;--------------------------------------------------------
                             54 	.area _CODE (BANK=_CSEG)
                             55 ;cases/tcc_91_ptr_longlong_arith32.c:6: __code const char * __getSuiteName(void) { return "tcc/91_ptr_longlong_arith32"; }
                             56 ;	genLabel
                             57 ;	genFunction
                             58 ;	---------------------------------
                             59 ; Function __getSuiteName
                             60 ; ---------------------------------
                             61 ;	Register assignment is optimal.
                             62 ; Stack space usage: 0 bytes.
   0000                      63 ___getSuiteName::
                             64 ;	skipping iCode since result will be rematerialized
                             65 ;	skipping iCode since result will be rematerialized
                             66 ;	genRet
                             67 ;	genMove_o size 2 result type 2 source type 7 a_dead 1 hl_dead 1 de_dead 1 iy_dead 1 f_dead 1
   0000 11r06s00      [10]   68 	ld	de, #___str_0
                             69 ;	genLabel
                             70 ; common peephole 159 removed unused label 00101$.
                             71 ;	genEndFunction
   0003 C9            [10]   72 	ret
                             73 ;	Total __getSuiteName function size at codegen: 1 bytes.
   0004                      74 ___numCases:
   0004 01 00                75 	.dw #0x0001
   0006                      76 ___str_0:
   0006 74 63 63 2F 39 31    77 	.ascii "tcc/91_ptr_longlong_arith32"
        5F 70 74 72 5F 6C
        6F 6E 67 6C 6F 6E
        67 5F 61 72 69 74
        68 33 32
   0021 00                   78 	.db 0x00
                             79 ;cases/../tcc/91_ptr_longlong_arith32.c:4: int main(void)
                             80 ;	genLabel
                             81 ;	genFunction
                             82 ;	---------------------------------
                             83 ; Function main_
                             84 ; ---------------------------------
                             85 ;	Register assignment might be sub-optimal.
                             86 ; Stack space usage: 0 bytes.
   0022                      87 _main_::
                             88 ;cases/../tcc/91_ptr_longlong_arith32.c:6: char *data = t;
                             89 ;	skipping iCode since result will be rematerialized
                             90 ;	skipping iCode since result will be rematerialized
                             91 ;cases/../tcc/91_ptr_longlong_arith32.c:11: *(unsigned*)(data + r) += a - b;
                             92 ;	skipping iCode since result will be rematerialized
                             93 ;	genPointerGet
   0022 2Ar04s00      [16]   94 	ld	hl, (#(_t + 4) + 0)
                             95 ;	genPlus
                             96 ;fetchPairLong
   0025 01 F9 FF      [10]   97 	ld	bc, #0xfff9
   0028 09            [11]   98 	add	hl, bc
                             99 ;	genPointerSet
   0029 22r04s00      [16]  100 	ld	((_t + 4)), hl
                            101 ;cases/../tcc/91_ptr_longlong_arith32.c:13: printf("data = \"%s\"\n", data);
                            102 ;	skipping iCode since result will be rematerialized
                            103 ;	skipping iCode since result will be rematerialized
                            104 ;	genIpush
                            105 ;	genMove_o size 2 result type 2 source type 7 a_dead 1 hl_dead 1 de_dead 1 iy_dead 1 f_dead 1
   002C 21r00s00      [10]  106 	ld	hl, #_t
   002F E5            [11]  107 	push	hl
                            108 ;	genIpush
                            109 ;	genMove_o size 2 result type 2 source type 7 a_dead 1 hl_dead 1 de_dead 1 iy_dead 1 f_dead 1
   0030 21r3Ds00      [10]  110 	ld	hl, #___str_1
   0033 E5            [11]  111 	push	hl
                            112 ;	genCall
   0034 CDr00s00      [17]  113 	call	_printf
                            114 ;	adjustStack by 4
   0037 F1            [10]  115 	pop	af
   0038 F1            [10]  116 	pop	af
                            117 ;cases/../tcc/91_ptr_longlong_arith32.c:14: return 0;
                            118 ;	genRet
                            119 ;	genMove_o size 2 result type 2 source type 1 a_dead 1 hl_dead 1 de_dead 1 iy_dead 1 f_dead 1
   0039 11 00 00      [10]  120 	ld	de, #0x0000
                            121 ;	genLabel
                            122 ; common peephole 159 removed unused label 00101$.
                            123 ;cases/../tcc/91_ptr_longlong_arith32.c:15: }
                            124 ;	genEndFunction
   003C C9            [10]  125 	ret
                            126 ;	Total main_ function size at codegen: 1 bytes.
   003D                     127 ___str_1:
   003D 64 61 74 61 20 3D   128 	.ascii "data = "
        20
   0044 22                  129 	.db 0x22
   0045 25 73               130 	.ascii "%s"
   0047 22                  131 	.db 0x22
   0048 0A                  132 	.db 0x0a
   0049 00                  133 	.db 0x00
                            134 ;cases/tcc_91_ptr_longlong_arith32.c:13: int putchar(int c){_putchar(c);return(c);}
                            135 ;	genLabel
                            136 ;	genFunction
                            137 ;	---------------------------------
                            138 ; Function putchar
                            139 ; ---------------------------------
                            140 ;	Register assignment is optimal.
                            141 ; Stack space usage: 0 bytes.
   004A                     142 _putchar::
                            143 ;	genReceive
                            144 ;	genMove_o size 2 result type 2 source type 2 a_dead 1 hl_dead 1 de_dead 1 iy_dead 1 f_dead 1
   004A EB            [ 4]  145 	ex	de, hl
                            146 ;	genMove_o size 0 result type 2 source type 1 a_dead 1 hl_dead 1 de_dead 1 iy_dead 1 f_dead 1
                            147 ;	genCast
                            148 ;	genMove_o size 1 result type 2 source type 2 a_dead 1 hl_dead 1 de_dead 0 iy_dead 1 f_dead 1
   004B 7B            [ 4]  149 	ld	a, e
                            150 ;	genMove_o size 0 result type 2 source type 1 a_dead 1 hl_dead 1 de_dead 0 iy_dead 1 f_dead 1
                            151 ;	genSend
   004C D5            [11]  152 	push	de
                            153 ;	genMove_o size 1 result type 2 source type 2 a_dead 1 hl_dead 1 de_dead 0 iy_dead 1 f_dead 1
                            154 ;	genCall
   004D CDr00s00      [17]  155 	call	__putchar
   0050 D1            [10]  156 	pop	de
                            157 ;	genRet
                            158 ;	genMove_o size 2 result type 2 source type 2 a_dead 1 hl_dead 1 de_dead 1 iy_dead 1 f_dead 1
                            159 ;	genLabel
                            160 ; common peephole 159 removed unused label 00101$.
                            161 ;	genEndFunction
   0051 C9            [10]  162 	ret
                            163 ;	Total putchar function size at codegen: 1 bytes.
                            164 ;cases/tcc_91_ptr_longlong_arith32.c:14: void abort(void) {ASSERT(0);}
                            165 ;	genLabel
                            166 ;	genFunction
                            167 ;	---------------------------------
                            168 ; Function abort
                            169 ; ---------------------------------
                            170 ;	Register assignment might be sub-optimal.
                            171 ; Stack space usage: 0 bytes.
   0052                     172 _abort::
                            173 ;	genPlus
                            174 ;	genMove_o size 2 result type 2 source type 10 a_dead 1 hl_dead 1 de_dead 1 iy_dead 1 f_dead 1
   0052 2Ar00s00      [16]  175 	ld	hl, (___numTests)
   0055 23            [ 6]  176 	inc	hl
                            177 ;	genMove_o size 2 result type 10 source type 2 a_dead 1 hl_dead 1 de_dead 1 iy_dead 1 f_dead 1
   0056 22r00s00      [16]  178 	ld	(___numTests), hl
                            179 ;	skipping iCode since result will be rematerialized
                            180 ;	skipping iCode since result will be rematerialized
                            181 ;	skipping iCode since result will be rematerialized
                            182 ;	skipping iCode since result will be rematerialized
                            183 ;	skipping iCode since result will be rematerialized
                            184 ;	skipping iCode since result will be rematerialized
                            185 ;	genIpush
                            186 ;	genMove_o size 2 result type 2 source type 1 a_dead 1 hl_dead 1 de_dead 1 iy_dead 1 f_dead 1
   0059 21 0E 00      [10]  187 	ld	hl, #0x000e
   005C E5            [11]  188 	push	hl
                            189 ;	genIpush
                            190 ;	genMove_o size 2 result type 2 source type 7 a_dead 1 hl_dead 1 de_dead 1 iy_dead 1 f_dead 1
   005D 21r7Es00      [10]  191 	ld	hl, #__str_4
   0060 E5            [11]  192 	push	hl
                            193 ;	genSend
                            194 ;	genMove_o size 2 result type 2 source type 7 a_dead 1 hl_dead 1 de_dead 1 iy_dead 1 f_dead 1
   0061 11r7Cs00      [10]  195 	ld	de, #__str_3
                            196 ;	genSend
                            197 ;	genMove_o size 2 result type 2 source type 7 a_dead 1 hl_dead 1 de_dead 0 iy_dead 1 f_dead 1
   0064 21r6Bs00      [10]  198 	ld	hl, #__str_2
                            199 ;	genCall
   0067 CDr00s00      [17]  200 	call	___fail
                            201 ;	genLabel
                            202 ; common peephole 159 removed unused label 00101$.
                            203 ;	genEndFunction
   006A C9            [10]  204 	ret
                            205 ;	Total abort function size at codegen: 1 bytes.
   006B                     206 __str_2:
   006B 41 73 73 65 72 74   207 	.ascii "Assertion failed"
        69 6F 6E 20 66 61
        69 6C 65 64
   007B 00                  208 	.db 0x00
   007C                     209 __str_3:
   007C 30                  210 	.ascii "0"
   007D 00                  211 	.db 0x00
   007E                     212 __str_4:
   007E 63 61 73 65 73 2F   213 	.ascii "cases/tcc_91_ptr_longlong_arith32.c"
        74 63 63 5F 39 31
        5F 70 74 72 5F 6C
        6F 6E 67 6C 6F 6E
        67 5F 61 72 69 74
        68 33 32 2E 63
   00A1 00                  214 	.db 0x00
                            215 ;cases/tcc_91_ptr_longlong_arith32.c:16: void __runSuite(void) { __prints("Running main\n"); ASSERT(!main_(MAINARGS)); }
                            216 ;	genLabel
                            217 ;	genFunction
                            218 ;	---------------------------------
                            219 ; Function __runSuite
                            220 ; ---------------------------------
                            221 ;	Register assignment might be sub-optimal.
                            222 ; Stack space usage: 0 bytes.
   00A2                     223 ___runSuite::
                            224 ;	skipping iCode since result will be rematerialized
                            225 ;	skipping iCode since result will be rematerialized
                            226 ;	genSend
                            227 ;	genMove_o size 2 result type 2 source type 7 a_dead 1 hl_dead 1 de_dead 1 iy_dead 1 f_dead 1
   00A2 21rC7s00      [10]  228 	ld	hl, #___str_5
                            229 ;	genCall
   00A5 CDr00s00      [17]  230 	call	___prints
                            231 ;	genPlus
                            232 ;	genMove_o size 2 result type 2 source type 10 a_dead 1 hl_dead 1 de_dead 1 iy_dead 1 f_dead 1
   00A8 2Ar00s00      [16]  233 	ld	hl, (___numTests)
   00AB 23            [ 6]  234 	inc	hl
                            235 ;	genMove_o size 2 result type 10 source type 2 a_dead 1 hl_dead 1 de_dead 1 iy_dead 1 f_dead 1
   00AC 22r00s00      [16]  236 	ld	(___numTests), hl
                            237 ;	genCall
   00AF CDr22s00      [17]  238 	call	_main_
                            239 ;	genMove_o size 2 result type 2 source type 2 a_dead 1 hl_dead 1 de_dead 1 iy_dead 1 f_dead 1
                            240 ;	genIfx
   00B2 7A            [ 4]  241 	ld	a, d
   00B3 B3            [ 4]  242 	or	a, e
   00B4 C8            [11]  243 	ret	z
                            244 ; common peephole 161 replaced jump by return.
                            245 ;	skipping iCode since result will be rematerialized
                            246 ;	skipping iCode since result will be rematerialized
                            247 ;	skipping iCode since result will be rematerialized
                            248 ;	skipping iCode since result will be rematerialized
                            249 ;	skipping iCode since result will be rematerialized
                            250 ;	skipping iCode since result will be rematerialized
                            251 ;	genIpush
                            252 ;	genMove_o size 2 result type 2 source type 1 a_dead 1 hl_dead 1 de_dead 1 iy_dead 1 f_dead 1
   00B5 21 10 00      [10]  253 	ld	hl, #0x0010
   00B8 E5            [11]  254 	push	hl
                            255 ;	genIpush
                            256 ;	genMove_o size 2 result type 2 source type 7 a_dead 1 hl_dead 1 de_dead 1 iy_dead 1 f_dead 1
   00B9 21rF7s00      [10]  257 	ld	hl, #___str_8
   00BC E5            [11]  258 	push	hl
                            259 ;	genSend
                            260 ;	genMove_o size 2 result type 2 source type 7 a_dead 1 hl_dead 1 de_dead 1 iy_dead 1 f_dead 1
   00BD 11rE6s00      [10]  261 	ld	de, #___str_7
                            262 ;	genSend
                            263 ;	genMove_o size 2 result type 2 source type 7 a_dead 1 hl_dead 1 de_dead 0 iy_dead 1 f_dead 1
   00C0 21rD5s00      [10]  264 	ld	hl, #___str_6
                            265 ;	genCall
   00C3 CDr00s00      [17]  266 	call	___fail
                            267 ;	genLabel
                            268 ; common peephole 159 removed unused label 00101$.
                            269 ;	genEndFunction
   00C6 C9            [10]  270 	ret
                            271 ;	Total __runSuite function size at codegen: 1 bytes.
   00C7                     272 ___str_5:
   00C7 52 75 6E 6E 69 6E   273 	.ascii "Running main"
        67 20 6D 61 69 6E
   00D3 0A                  274 	.db 0x0a
   00D4 00                  275 	.db 0x00
   00D5                     276 ___str_6:
   00D5 41 73 73 65 72 74   277 	.ascii "Assertion failed"
        69 6F 6E 20 66 61
        69 6C 65 64
   00E5 00                  278 	.db 0x00
   00E6                     279 ___str_7:
   00E6 21 6D 61 69 6E 5F   280 	.ascii "!main_(MAINARGS)"
        28 4D 41 49 4E 41
        52 47 53 29
   00F6 00                  281 	.db 0x00
   00F7                     282 ___str_8:
   00F7 63 61 73 65 73 2F   283 	.ascii "cases/tcc_91_ptr_longlong_arith32.c"
        74 63 63 5F 39 31
        5F 70 74 72 5F 6C
        6F 6E 67 6C 6F 6E
        67 5F 61 72 69 74
        68 33 32 2E 63
   011A 00                  284 	.db 0x00
                            285 	.area _CODE (BANK=_CSEG)
                            286 	.area _INITIALIZER
   0000                     287 __xinit__t:
   0000 30 31 32 33 34 35   288 	.ascii "012345678"
        36 37 38
   0009 00                  289 	.db 0x00
                            290 	.area _CABS (ABS)
