                              1 ;--------------------------------------------------------
                              2 ; File Created by SDCC : free open source ISO C Compiler
                              3 ; Version 4.6.2 #16710 (Linux)
                              4 ;--------------------------------------------------------
                              5 	.module tst_addrspace
                              6 	
                              7 ;--------------------------------------------------------
                              8 ; Public variables in this module
                              9 ;--------------------------------------------------------
                             10 	.globl _testSpace
                             11 	.globl _set_b
                             12 	.globl _set_a
                             13 	.globl ___prints
                             14 	.globl ___numCases
                             15 	.globl ___runSuite
                             16 	.globl ___getSuiteName
                             17 ;--------------------------------------------------------
                             18 ; special function registers
                             19 ;--------------------------------------------------------
                             20 ;--------------------------------------------------------
                             21 ; ram data
                             22 ;--------------------------------------------------------
                             23 	.area _DATA (BANK=_DSEG)
                             24 ;--------------------------------------------------------
                             25 ; ram data
                             26 ;--------------------------------------------------------
                             27 	.area _INITIALIZED
                             28 ;--------------------------------------------------------
                             29 ; absolute ram data
                             30 ;--------------------------------------------------------
                             31 	.area _DABS (ABS)
                             32 	.area _DABS (ABS)
                             33 ;--------------------------------------------------------
                             34 ; global & static initialisations
                             35 ;--------------------------------------------------------
                             36 	.area _HOME
                             37 	.area _GSINIT
                             38 	.area _GSFINAL
                             39 	.area _GSINIT
                             40 ;--------------------------------------------------------
                             41 ; Home
                             42 ;--------------------------------------------------------
                             43 	.area _HOME (BANK=_CSEG)
                             44 	.area _HOME (BANK=_CSEG)
                             45 ;--------------------------------------------------------
                             46 ; code
                             47 ;--------------------------------------------------------
                             48 	.area _CODE (BANK=_CSEG)
                             49 ;cases/./../tests/addrspace.c:6: void set_a(void)
                             50 ;	genLabel
                             51 ;	genFunction
                             52 ;	---------------------------------
                             53 ; Function set_a
                             54 ; ---------------------------------
                             55 ;	Register assignment is optimal.
                             56 ; Stack space usage: 0 bytes.
   0000                      57 _set_a::
                             58 ;cases/./../tests/addrspace.c:8: }
                             59 ;	genLabel
                             60 ; common peephole 159 removed unused label 00101$.
                             61 ;	genEndFunction
   0000 C9            [10]   62 	ret
                             63 ;	Total set_a function size at codegen: 1 bytes.
                             64 ;cases/./../tests/addrspace.c:10: void set_b(void)
                             65 ;	genLabel
                             66 ;	genFunction
                             67 ;	---------------------------------
                             68 ; Function set_b
                             69 ; ---------------------------------
                             70 ;	Register assignment is optimal.
                             71 ; Stack space usage: 0 bytes.
   0001                      72 _set_b::
                             73 ;cases/./../tests/addrspace.c:12: }
                             74 ;	genLabel
                             75 ; common peephole 159 removed unused label 00101$.
                             76 ;	genEndFunction
   0001 C9            [10]   77 	ret
                             78 ;	Total set_b function size at codegen: 1 bytes.
                             79 ;cases/./../tests/addrspace.c:26: void testSpace(void)
                             80 ;	genLabel
                             81 ;	genFunction
                             82 ;	---------------------------------
                             83 ; Function testSpace
                             84 ; ---------------------------------
                             85 ;	Register assignment is optimal.
                             86 ; Stack space usage: 0 bytes.
   0002                      87 _testSpace::
                             88 ;cases/./../tests/addrspace.c:28: }
                             89 ;	genLabel
                             90 ; common peephole 159 removed unused label 00101$.
                             91 ;	genEndFunction
   0002 C9            [10]   92 	ret
                             93 ;	Total testSpace function size at codegen: 1 bytes.
                             94 ;cases/tst_addrspace.c:4: __runSuite(void)
                             95 ;	genLabel
                             96 ;	genFunction
                             97 ;	---------------------------------
                             98 ; Function __runSuite
                             99 ; ---------------------------------
                            100 ;	Register assignment is optimal.
                            101 ; Stack space usage: 0 bytes.
   0003                     102 ___runSuite::
                            103 ;cases/tst_addrspace.c:6: __prints("Running testSpace\n");
                            104 ;	skipping iCode since result will be rematerialized
                            105 ;	skipping iCode since result will be rematerialized
                            106 ;	genSend
                            107 ;	genMove_o size 2 result type 2 source type 7 a_dead 1 hl_dead 1 de_dead 1 iy_dead 1 f_dead 1
   0003 21r09s00      [10]  108 	ld	hl, #___str_0
                            109 ;	genCall
                            110 ;cases/tst_addrspace.c:7: testSpace();
                            111 ;	genLabel
                            112 ; common peephole 159 removed unused label 00101$.
                            113 ;cases/tst_addrspace.c:8: }
                            114 ;	genEndFunction
   0006 C3r00s00      [10]  115 	jp	___prints
                            116 ; common peephole 152 removed unused ret.
                            117 ;	Total __runSuite function size at codegen: 1 bytes.
   0009                     118 ___str_0:
   0009 52 75 6E 6E 69 6E   119 	.ascii "Running testSpace"
        67 20 74 65 73 74
        53 70 61 63 65
   001A 0A                  120 	.db 0x0a
   001B 00                  121 	.db 0x00
                            122 ;cases/tst_addrspace.c:13: __getSuiteName(void)
                            123 ;	genLabel
                            124 ;	genFunction
                            125 ;	---------------------------------
                            126 ; Function __getSuiteName
                            127 ; ---------------------------------
                            128 ;	Register assignment is optimal.
                            129 ; Stack space usage: 0 bytes.
   001C                     130 ___getSuiteName::
                            131 ;cases/tst_addrspace.c:15: return "addrspace.c";
                            132 ;	skipping iCode since result will be rematerialized
                            133 ;	skipping iCode since result will be rematerialized
                            134 ;	genRet
                            135 ;	genMove_o size 2 result type 2 source type 7 a_dead 1 hl_dead 1 de_dead 1 iy_dead 1 f_dead 1
   001C 11r22s00      [10]  136 	ld	de, #___str_1
                            137 ;	genLabel
                            138 ; common peephole 159 removed unused label 00101$.
                            139 ;cases/tst_addrspace.c:16: }
                            140 ;	genEndFunction
   001F C9            [10]  141 	ret
                            142 ;	Total __getSuiteName function size at codegen: 1 bytes.
   0020                     143 ___numCases:
   0020 01 00               144 	.dw #0x0001
   0022                     145 ___str_1:
   0022 61 64 64 72 73 70   146 	.ascii "addrspace.c"
        61 63 65 2E 63
   002D 00                  147 	.db 0x00
                            148 	.area _CODE (BANK=_CSEG)
                            149 	.area _INITIALIZER
                            150 	.area _CABS (ABS)
