                              1 ;--------------------------------------------------------
                              2 ; File Created by SDCC : free open source ISO C Compiler
                              3 ; Version 4.6.2 #16710 (Linux)
                              4 ;--------------------------------------------------------
                              5 	.module tst_gcc_torture_execute_941101_1
                              6 	
                              7 ;--------------------------------------------------------
                              8 ; Public variables in this module
                              9 ;--------------------------------------------------------
                             10 	.globl _testTortureExecute
                             11 	.globl _f
                             12 	.globl ___prints
                             13 	.globl ___fail
                             14 	.globl ___numCases
                             15 	.globl ___runSuite
                             16 	.globl ___getSuiteName
                             17 ;--------------------------------------------------------
                             18 ; special function registers
                             19 ;--------------------------------------------------------
                             20 ;--------------------------------------------------------
                             21 ; ram data
                             22 ;--------------------------------------------------------
                             23 	.area _DATA (BANK=_DSEG)
                             24 ;--------------------------------------------------------
                             25 ; ram data
                             26 ;--------------------------------------------------------
                             27 	.area _INITIALIZED
                             28 ;--------------------------------------------------------
                             29 ; absolute ram data
                             30 ;--------------------------------------------------------
                             31 	.area _DABS (ABS)
                             32 	.area _DABS (ABS)
                             33 ;--------------------------------------------------------
                             34 ; global & static initialisations
                             35 ;--------------------------------------------------------
                             36 	.area _HOME
                             37 	.area _GSINIT
                             38 	.area _GSFINAL
                             39 	.area _GSINIT
                             40 ;--------------------------------------------------------
                             41 ; Home
                             42 ;--------------------------------------------------------
                             43 	.area _HOME (BANK=_CSEG)
                             44 	.area _HOME (BANK=_CSEG)
                             45 ;--------------------------------------------------------
                             46 ; code
                             47 ;--------------------------------------------------------
                             48 	.area _CODE (BANK=_CSEG)
                             49 ;cases/./../tests/gcc-torture-execute-941101-1.c:11: int f ()
                             50 ;	genLabel
                             51 ;	genFunction
                             52 ;	---------------------------------
                             53 ; Function f
                             54 ; ---------------------------------
                             55 ;	Register assignment is optimal.
                             56 ; Stack space usage: 0 bytes.
   0000                      57 _f::
                             58 ;cases/./../tests/gcc-torture-execute-941101-1.c:16: return var/7;
                             59 ;	genRet
                             60 ;	genMove_o size 2 result type 2 source type 1 a_dead 1 hl_dead 1 de_dead 1 iy_dead 1 f_dead 1
   0000 11 01 00      [10]   61 	ld	de, #0x0001
                             62 ;cases/./../tests/gcc-torture-execute-941101-1.c:17: return 0;
                             63 ;	genLabel
                             64 ; common peephole 159 removed unused label 00103$.
                             65 ;cases/./../tests/gcc-torture-execute-941101-1.c:18: }
                             66 ;	genEndFunction
   0003 C9            [10]   67 	ret
                             68 ;	Total f function size at codegen: 1 bytes.
                             69 ;cases/./../tests/gcc-torture-execute-941101-1.c:21: testTortureExecute (void)
                             70 ;	genLabel
                             71 ;	genFunction
                             72 ;	---------------------------------
                             73 ; Function testTortureExecute
                             74 ; ---------------------------------
                             75 ;	Register assignment might be sub-optimal.
                             76 ; Stack space usage: 0 bytes.
   0004                      77 _testTortureExecute::
                             78 ;cases/./../tests/gcc-torture-execute-941101-1.c:23: if (f () != 1)
                             79 ;	genCall
   0004 CDr00s00      [17]   80 	call	_f
                             81 ;	genMove_o size 2 result type 2 source type 2 a_dead 1 hl_dead 1 de_dead 1 iy_dead 1 f_dead 1
                             82 ;	genCmpEq
                             83 ;	genMove_o size 1 result type 2 source type 2 a_dead 1 hl_dead 1 de_dead 0 iy_dead 0 f_dead 1
   0007 7B            [ 4]   84 	ld	a, e
                             85 ;	genMove_o size 0 result type 2 source type 1 a_dead 1 hl_dead 1 de_dead 0 iy_dead 0 f_dead 1
   0008 3D            [ 4]   86 	dec	a
   0009 B2            [ 4]   87 	or	a, d
   000A C8            [11]   88 	ret	z
                             89 ; common peephole 161 replaced jump by return.
                             90 ; common peephole 81 removed jp by using inverse jump logic
                             91 ; common peephole 159 removed unused label 00113$.
                             92 ;	skipping generated iCode
                             93 ;cases/./../tests/gcc-torture-execute-941101-1.c:24: ASSERT (0);
                             94 ;	genPlus
                             95 ;	genMove_o size 2 result type 2 source type 10 a_dead 1 hl_dead 1 de_dead 1 iy_dead 1 f_dead 1
   000B 2Ar00s00      [16]   96 	ld	hl, (___numTests)
   000E 23            [ 6]   97 	inc	hl
                             98 ;	genMove_o size 2 result type 10 source type 2 a_dead 1 hl_dead 1 de_dead 1 iy_dead 1 f_dead 1
   000F 22r00s00      [16]   99 	ld	(___numTests), hl
                            100 ;	skipping iCode since result will be rematerialized
                            101 ;	skipping iCode since result will be rematerialized
                            102 ;	skipping iCode since result will be rematerialized
                            103 ;	skipping iCode since result will be rematerialized
                            104 ;	skipping iCode since result will be rematerialized
                            105 ;	skipping iCode since result will be rematerialized
                            106 ;	genIpush
                            107 ;	genMove_o size 2 result type 2 source type 1 a_dead 1 hl_dead 1 de_dead 1 iy_dead 1 f_dead 1
   0012 21 18 00      [10]  108 	ld	hl, #0x0018
   0015 E5            [11]  109 	push	hl
                            110 ;	genIpush
                            111 ;	genMove_o size 2 result type 2 source type 7 a_dead 1 hl_dead 1 de_dead 1 iy_dead 1 f_dead 1
   0016 21r37s00      [10]  112 	ld	hl, #__str_2
   0019 E5            [11]  113 	push	hl
                            114 ;	genSend
                            115 ;	genMove_o size 2 result type 2 source type 7 a_dead 1 hl_dead 1 de_dead 1 iy_dead 1 f_dead 1
   001A 11r35s00      [10]  116 	ld	de, #__str_1
                            117 ;	genSend
                            118 ;	genMove_o size 2 result type 2 source type 7 a_dead 1 hl_dead 1 de_dead 0 iy_dead 1 f_dead 1
   001D 21r24s00      [10]  119 	ld	hl, #__str_0
                            120 ;	genCall
   0020 CDr00s00      [17]  121 	call	___fail
                            122 ;	genLabel
                            123 ; common peephole 159 removed unused label 00102$.
                            124 ;cases/./../tests/gcc-torture-execute-941101-1.c:25: return;
                            125 ;	genRet
                            126 ;	genLabel
                            127 ; common peephole 159 removed unused label 00103$.
                            128 ;cases/./../tests/gcc-torture-execute-941101-1.c:26: }
                            129 ;	genEndFunction
   0023 C9            [10]  130 	ret
                            131 ;	Total testTortureExecute function size at codegen: 1 bytes.
   0024                     132 __str_0:
   0024 41 73 73 65 72 74   133 	.ascii "Assertion failed"
        69 6F 6E 20 66 61
        69 6C 65 64
   0034 00                  134 	.db 0x00
   0035                     135 __str_1:
   0035 30                  136 	.ascii "0"
   0036 00                  137 	.db 0x00
   0037                     138 __str_2:
   0037 63 61 73 65 73 2F   139 	.ascii "cases/./../tests/gcc-torture-execute-941101-1.c"
        2E 2F 2E 2E 2F 74
        65 73 74 73 2F 67
        63 63 2D 74 6F 72
        74 75 72 65 2D 65
        78 65 63 75 74 65
        2D 39 34 31 31 30
        31 2D 31 2E 63
   0066 00                  140 	.db 0x00
                            141 ;cases/tst_gcc-torture-execute-941101-1.c:4: __runSuite(void)
                            142 ;	genLabel
                            143 ;	genFunction
                            144 ;	---------------------------------
                            145 ; Function __runSuite
                            146 ; ---------------------------------
                            147 ;	Register assignment is optimal.
                            148 ; Stack space usage: 0 bytes.
   0067                     149 ___runSuite::
                            150 ;cases/tst_gcc-torture-execute-941101-1.c:6: __prints("Running testTortureExecute\n");
                            151 ;	skipping iCode since result will be rematerialized
                            152 ;	skipping iCode since result will be rematerialized
                            153 ;	genSend
                            154 ;	genMove_o size 2 result type 2 source type 7 a_dead 1 hl_dead 1 de_dead 1 iy_dead 1 f_dead 1
   0067 21r70s00      [10]  155 	ld	hl, #___str_3
                            156 ;	genCall
   006A CDr00s00      [17]  157 	call	___prints
                            158 ;cases/tst_gcc-torture-execute-941101-1.c:7: testTortureExecute();
                            159 ;	genCall
                            160 ;	genLabel
                            161 ; common peephole 159 removed unused label 00101$.
                            162 ;cases/tst_gcc-torture-execute-941101-1.c:8: }
                            163 ;	genEndFunction
   006D C3r04s00      [10]  164 	jp	_testTortureExecute
                            165 ; common peephole 152 removed unused ret.
                            166 ;	Total __runSuite function size at codegen: 1 bytes.
   0070                     167 ___str_3:
   0070 52 75 6E 6E 69 6E   168 	.ascii "Running testTortureExecute"
        67 20 74 65 73 74
        54 6F 72 74 75 72
        65 45 78 65 63 75
        74 65
   008A 0A                  169 	.db 0x0a
   008B 00                  170 	.db 0x00
                            171 ;cases/tst_gcc-torture-execute-941101-1.c:13: __getSuiteName(void)
                            172 ;	genLabel
                            173 ;	genFunction
                            174 ;	---------------------------------
                            175 ; Function __getSuiteName
                            176 ; ---------------------------------
                            177 ;	Register assignment is optimal.
                            178 ; Stack space usage: 0 bytes.
   008C                     179 ___getSuiteName::
                            180 ;cases/tst_gcc-torture-execute-941101-1.c:15: return "gcc-torture-execute-941101-1.c";
                            181 ;	skipping iCode since result will be rematerialized
                            182 ;	skipping iCode since result will be rematerialized
                            183 ;	genRet
                            184 ;	genMove_o size 2 result type 2 source type 7 a_dead 1 hl_dead 1 de_dead 1 iy_dead 1 f_dead 1
   008C 11r92s00      [10]  185 	ld	de, #___str_4
                            186 ;	genLabel
                            187 ; common peephole 159 removed unused label 00101$.
                            188 ;cases/tst_gcc-torture-execute-941101-1.c:16: }
                            189 ;	genEndFunction
   008F C9            [10]  190 	ret
                            191 ;	Total __getSuiteName function size at codegen: 1 bytes.
   0090                     192 ___numCases:
   0090 01 00               193 	.dw #0x0001
   0092                     194 ___str_4:
   0092 67 63 63 2D 74 6F   195 	.ascii "gcc-torture-execute-941101-1.c"
        72 74 75 72 65 2D
        65 78 65 63 75 74
        65 2D 39 34 31 31
        30 31 2D 31 2E 63
   00B0 00                  196 	.db 0x00
                            197 	.area _CODE (BANK=_CSEG)
                            198 	.area _INITIALIZER
                            199 	.area _CABS (ABS)
