                              1 ;--------------------------------------------------------
                              2 ; File Created by SDCC : free open source ISO C Compiler
                              3 ; Version 4.6.2 #16710 (Linux)
                              4 ;--------------------------------------------------------
                              5 	.module tst_mm_pnvi_ae_udi_provenance_tag_bits_via_uintptr_t_1
                              6 	
                              7 ;--------------------------------------------------------
                              8 ; Public variables in this module
                              9 ;--------------------------------------------------------
                             10 	.globl _testMM
                             11 	.globl ___prints
                             12 	.globl _x
                             13 	.globl ___numCases
                             14 	.globl ___runSuite
                             15 	.globl ___getSuiteName
                             16 ;--------------------------------------------------------
                             17 ; special function registers
                             18 ;--------------------------------------------------------
                             19 ;--------------------------------------------------------
                             20 ; ram data
                             21 ;--------------------------------------------------------
                             22 	.area _DATA (BANK=_DSEG)
                             23 ;--------------------------------------------------------
                             24 ; ram data
                             25 ;--------------------------------------------------------
                             26 	.area _INITIALIZED
   0000                      27 _x::
   0000                      28 	.ds 2
                             29 ;--------------------------------------------------------
                             30 ; absolute ram data
                             31 ;--------------------------------------------------------
                             32 	.area _DABS (ABS)
                             33 	.area _DABS (ABS)
                             34 ;--------------------------------------------------------
                             35 ; global & static initialisations
                             36 ;--------------------------------------------------------
                             37 	.area _HOME
                             38 	.area _GSINIT
                             39 	.area _GSFINAL
                             40 	.area _GSINIT
                             41 ;--------------------------------------------------------
                             42 ; Home
                             43 ;--------------------------------------------------------
                             44 	.area _HOME (BANK=_CSEG)
                             45 	.area _HOME (BANK=_CSEG)
                             46 ;--------------------------------------------------------
                             47 ; code
                             48 ;--------------------------------------------------------
                             49 	.area _CODE (BANK=_CSEG)
                             50 ;cases/./../tests/mm-pnvi-ae-udi-provenance_tag_bits_via_uintptr_t_1.c:33: testMM(void)
                             51 ;	genLabel
                             52 ;	genFunction
                             53 ;	---------------------------------
                             54 ; Function testMM
                             55 ; ---------------------------------
                             56 ;	Register assignment is optimal.
                             57 ; Stack space usage: 0 bytes.
   0000                      58 _testMM::
                             59 ;cases/./../tests/mm-pnvi-ae-udi-provenance_tag_bits_via_uintptr_t_1.c:52: ASSERT (*r == x);
                             60 ;	genLabel
                             61 ; common peephole 159 removed unused label 00106$.
                             62 ;cases/./../tests/mm-pnvi-ae-udi-provenance_tag_bits_via_uintptr_t_1.c:54: }
                             63 ;	genEndFunction
   0000 C9            [10]   64 	ret
                             65 ;	Total testMM function size at codegen: 1 bytes.
                             66 ;cases/tst_mm-pnvi-ae-udi-provenance_tag_bits_via_uintptr_t_1.c:4: __runSuite(void)
                             67 ;	genLabel
                             68 ;	genFunction
                             69 ;	---------------------------------
                             70 ; Function __runSuite
                             71 ; ---------------------------------
                             72 ;	Register assignment is optimal.
                             73 ; Stack space usage: 0 bytes.
   0001                      74 ___runSuite::
                             75 ;cases/tst_mm-pnvi-ae-udi-provenance_tag_bits_via_uintptr_t_1.c:6: __prints("Running testMM\n");
                             76 ;	skipping iCode since result will be rematerialized
                             77 ;	skipping iCode since result will be rematerialized
                             78 ;	genSend
                             79 ;	genMove_o size 2 result type 2 source type 7 a_dead 1 hl_dead 1 de_dead 1 iy_dead 1 f_dead 1
   0001 21r07s00      [10]   80 	ld	hl, #___str_3
                             81 ;	genCall
                             82 ;cases/tst_mm-pnvi-ae-udi-provenance_tag_bits_via_uintptr_t_1.c:7: testMM();
                             83 ;	genLabel
                             84 ; common peephole 159 removed unused label 00101$.
                             85 ;cases/tst_mm-pnvi-ae-udi-provenance_tag_bits_via_uintptr_t_1.c:8: }
                             86 ;	genEndFunction
   0004 C3r00s00      [10]   87 	jp	___prints
                             88 ; common peephole 152 removed unused ret.
                             89 ;	Total __runSuite function size at codegen: 1 bytes.
   0007                      90 ___str_3:
   0007 52 75 6E 6E 69 6E    91 	.ascii "Running testMM"
        67 20 74 65 73 74
        4D 4D
   0015 0A                   92 	.db 0x0a
   0016 00                   93 	.db 0x00
                             94 ;cases/tst_mm-pnvi-ae-udi-provenance_tag_bits_via_uintptr_t_1.c:13: __getSuiteName(void)
                             95 ;	genLabel
                             96 ;	genFunction
                             97 ;	---------------------------------
                             98 ; Function __getSuiteName
                             99 ; ---------------------------------
                            100 ;	Register assignment is optimal.
                            101 ; Stack space usage: 0 bytes.
   0017                     102 ___getSuiteName::
                            103 ;cases/tst_mm-pnvi-ae-udi-provenance_tag_bits_via_uintptr_t_1.c:15: return "mm-pnvi-ae-udi-provenance_tag_bits_via_uintptr_t_1.c";
                            104 ;	skipping iCode since result will be rematerialized
                            105 ;	skipping iCode since result will be rematerialized
                            106 ;	genRet
                            107 ;	genMove_o size 2 result type 2 source type 7 a_dead 1 hl_dead 1 de_dead 1 iy_dead 1 f_dead 1
   0017 11r1Ds00      [10]  108 	ld	de, #___str_4
                            109 ;	genLabel
                            110 ; common peephole 159 removed unused label 00101$.
                            111 ;cases/tst_mm-pnvi-ae-udi-provenance_tag_bits_via_uintptr_t_1.c:16: }
                            112 ;	genEndFunction
   001A C9            [10]  113 	ret
                            114 ;	Total __getSuiteName function size at codegen: 1 bytes.
   001B                     115 ___numCases:
   001B 01 00               116 	.dw #0x0001
   001D                     117 ___str_4:
   001D 6D 6D 2D 70 6E 76   118 	.ascii "mm-pnvi-ae-udi-provenance_tag_bits_via_uintptr_t_1.c"
        69 2D 61 65 2D 75
        64 69 2D 70 72 6F
        76 65 6E 61 6E 63
        65 5F 74 61 67 5F
        62 69 74 73 5F 76
        69 61 5F 75 69 6E
        74 70 74 72 5F 74
        5F 31 2E 63
   0051 00                  119 	.db 0x00
                            120 	.area _CODE (BANK=_CSEG)
                            121 	.area _INITIALIZER
   0000                     122 __xinit__x:
   0000 01 00               123 	.dw #0x0001
                            124 	.area _CABS (ABS)
