                              1 ;--------------------------------------------------------
                              2 ; File Created by SDCC : free open source ISO C Compiler
                              3 ; Version 4.6.2 #16710 (Linux)
                              4 ;--------------------------------------------------------
                              5 	.module tst_gcc_torture_execute_930702_1
                              6 	
                              7 ;--------------------------------------------------------
                              8 ; Public variables in this module
                              9 ;--------------------------------------------------------
                             10 	.globl _testTortureExecute
                             11 	.globl _fp
                             12 	.globl ___prints
                             13 	.globl ___fail
                             14 	.globl ___numCases
                             15 	.globl ___runSuite
                             16 	.globl ___getSuiteName
                             17 ;--------------------------------------------------------
                             18 ; special function registers
                             19 ;--------------------------------------------------------
                             20 ;--------------------------------------------------------
                             21 ; ram data
                             22 ;--------------------------------------------------------
                             23 	.area _DATA (BANK=_DSEG)
                             24 ;--------------------------------------------------------
                             25 ; ram data
                             26 ;--------------------------------------------------------
                             27 	.area _INITIALIZED
                             28 ;--------------------------------------------------------
                             29 ; absolute ram data
                             30 ;--------------------------------------------------------
                             31 	.area _DABS (ABS)
                             32 	.area _DABS (ABS)
                             33 ;--------------------------------------------------------
                             34 ; global & static initialisations
                             35 ;--------------------------------------------------------
                             36 	.area _HOME
                             37 	.area _GSINIT
                             38 	.area _GSFINAL
                             39 	.area _GSINIT
                             40 ;--------------------------------------------------------
                             41 ; Home
                             42 ;--------------------------------------------------------
                             43 	.area _HOME (BANK=_CSEG)
                             44 	.area _HOME (BANK=_CSEG)
                             45 ;--------------------------------------------------------
                             46 ; code
                             47 ;--------------------------------------------------------
                             48 	.area _CODE (BANK=_CSEG)
                             49 ;cases/./../tests/gcc-torture-execute-930702-1.c:11: int fp (double a, int b) __reentrant
                             50 ;	genLabel
                             51 ;	genFunction
                             52 ;	---------------------------------
                             53 ; Function fp
                             54 ; ---------------------------------
                             55 ;	Register assignment might be sub-optimal.
                             56 ; Stack space usage: 0 bytes.
   0000                      57 _fp::
   0000 DD E5         [15]   58 	push	ix
   0002 DD 21 00 00   [14]   59 	ld	ix,	#0
   0006 DD 39         [15]   60 	add	ix, sp
                             61 ;	genReceive
                             62 ;	genMove_o size 4 result type 2 source type 2 a_dead 1 hl_dead 1 de_dead 1 iy_dead 1 f_dead 1
                             63 ;cases/./../tests/gcc-torture-execute-930702-1.c:13: if (a != 33 || b != 11)
                             64 ;	genIpush
                             65 ;	genMove_o size 2 result type 2 source type 1 a_dead 1 hl_dead 0 de_dead 0 iy_dead 1 f_dead 1
   0008 01 04 42      [10]   66 	ld	bc, #0x4204
   000B C5            [11]   67 	push	bc
                             68 ;	genMove_o size 2 result type 2 source type 1 a_dead 1 hl_dead 0 de_dead 0 iy_dead 1 f_dead 1
   000C 01 00 00      [10]   69 	ld	bc, #0x0000
   000F C5            [11]   70 	push	bc
                             71 ;	genSend
                             72 ;	genMove_o size 4 result type 2 source type 2 a_dead 1 hl_dead 1 de_dead 1 iy_dead 1 f_dead 1
                             73 ;	genCall
   0010 CDr00s00      [17]   74 	call	___fseq
                             75 ;	genMove_o size 1 result type 2 source type 2 a_dead 1 hl_dead 1 de_dead 1 iy_dead 1 f_dead 1
   0013 4F            [ 4]   76 	ld	c, a
                             77 ;	genMove_o size 0 result type 2 source type 1 a_dead 1 hl_dead 1 de_dead 1 iy_dead 1 f_dead 1
                             78 ;	genIfx
   0014 CB 41         [ 8]   79 	bit	0, c
                             80 ; common peephole 163 changed absolute to relative conditional jump.
   0016 28 0A         [12]   81 	jr	z, 00101$
                             82 ;	genCmpEq
                             83 ;	genMove_o size 1 result type 2 source type 6 a_dead 1 hl_dead 1 de_dead 0 iy_dead 0 f_dead 1
   0018 DD 7E 04      [19]   84 	ld	a, 4 (ix)
                             85 ;	genMove_o size 0 result type 2 source type 1 a_dead 1 hl_dead 1 de_dead 0 iy_dead 0 f_dead 1
   001B D6 0B         [ 7]   86 	sub	a, #0x0b
   001D DD B6 05      [19]   87 	or	a, 5 (ix)
                             88 ; common peephole 163 changed absolute to relative conditional jump.
   0020 28 18         [12]   89 	jr	z, 00102$
                             90 ; common peephole 81 removed jp by using inverse jump logic
                             91 ; common peephole 159 removed unused label 00114$.
                             92 ;	skipping generated iCode
                             93 ;	genLabel
   0022                      94 00101$:
                             95 ;cases/./../tests/gcc-torture-execute-930702-1.c:14: ASSERT (0);
                             96 ;	genPlus
                             97 ;	genMove_o size 2 result type 2 source type 10 a_dead 1 hl_dead 1 de_dead 1 iy_dead 1 f_dead 1
   0022 2Ar00s00      [16]   98 	ld	hl, (___numTests)
   0025 23            [ 6]   99 	inc	hl
                            100 ;	genMove_o size 2 result type 10 source type 2 a_dead 1 hl_dead 1 de_dead 1 iy_dead 1 f_dead 1
   0026 22r00s00      [16]  101 	ld	(___numTests), hl
                            102 ;	skipping iCode since result will be rematerialized
                            103 ;	skipping iCode since result will be rematerialized
                            104 ;	skipping iCode since result will be rematerialized
                            105 ;	genCast
                            106 ;	genMove_o size 2 result type 2 source type 7 a_dead 1 hl_dead 1 de_dead 1 iy_dead 1 f_dead 1
   0029 11r53s00      [10]  107 	ld	de, #__str_1
                            108 ;	skipping iCode since result will be rematerialized
                            109 ;	skipping iCode since result will be rematerialized
                            110 ;	genIpush
                            111 ;	genMove_o size 2 result type 2 source type 1 a_dead 1 hl_dead 1 de_dead 0 iy_dead 1 f_dead 1
   002C 21 0E 00      [10]  112 	ld	hl, #0x000e
   002F E5            [11]  113 	push	hl
                            114 ;	genIpush
                            115 ;	genMove_o size 2 result type 2 source type 7 a_dead 1 hl_dead 1 de_dead 0 iy_dead 1 f_dead 1
   0030 21r55s00      [10]  116 	ld	hl, #__str_2
   0033 E5            [11]  117 	push	hl
                            118 ;	genSend
                            119 ;	genMove_o size 2 result type 2 source type 2 a_dead 1 hl_dead 1 de_dead 1 iy_dead 1 f_dead 1
                            120 ;	genSend
                            121 ;	genMove_o size 2 result type 2 source type 7 a_dead 1 hl_dead 1 de_dead 0 iy_dead 1 f_dead 1
   0034 21r42s00      [10]  122 	ld	hl, #__str_0
                            123 ;	genCall
   0037 CDr00s00      [17]  124 	call	___fail
                            125 ;	genLabel
   003A                     126 00102$:
                            127 ;cases/./../tests/gcc-torture-execute-930702-1.c:15: return (0);
                            128 ;	genRet
                            129 ;	genMove_o size 2 result type 2 source type 1 a_dead 1 hl_dead 1 de_dead 1 iy_dead 1 f_dead 1
   003A 11 00 00      [10]  130 	ld	de, #0x0000
                            131 ;	genLabel
                            132 ; common peephole 159 removed unused label 00104$.
                            133 ;cases/./../tests/gcc-torture-execute-930702-1.c:16: }
                            134 ;	genEndFunction
   003D DD E1         [14]  135 	pop	ix
   003F E1            [10]  136 	pop	hl
                            137 ;	adjustStack by 2
   0040 F1            [10]  138 	pop	af
   0041 E9            [ 4]  139 	jp	(hl)
                            140 ;	Total fp function size at codegen: 5 bytes.
   0042                     141 __str_0:
   0042 41 73 73 65 72 74   142 	.ascii "Assertion failed"
        69 6F 6E 20 66 61
        69 6C 65 64
   0052 00                  143 	.db 0x00
   0053                     144 __str_1:
   0053 30                  145 	.ascii "0"
   0054 00                  146 	.db 0x00
   0055                     147 __str_2:
   0055 63 61 73 65 73 2F   148 	.ascii "cases/./../tests/gcc-torture-execute-930702-1.c"
        2E 2F 2E 2E 2F 74
        65 73 74 73 2F 67
        63 63 2D 74 6F 72
        74 75 72 65 2D 65
        78 65 63 75 74 65
        2D 39 33 30 37 30
        32 2D 31 2E 63
   0084 00                  149 	.db 0x00
                            150 ;cases/./../tests/gcc-torture-execute-930702-1.c:19: testTortureExecute (void)
                            151 ;	genLabel
                            152 ;	genFunction
                            153 ;	---------------------------------
                            154 ; Function testTortureExecute
                            155 ; ---------------------------------
                            156 ;	Register assignment is optimal.
                            157 ; Stack space usage: 0 bytes.
   0085                     158 _testTortureExecute::
                            159 ;cases/./../tests/gcc-torture-execute-930702-1.c:21: int (*f) (double, int) __reentrant = fp;
                            160 ;	genAssign
                            161 ;	genMove_o size 2 result type 2 source type 7 a_dead 1 hl_dead 1 de_dead 1 iy_dead 1 f_dead 1
   0085 01r00s00      [10]  162 	ld	bc, #_fp
                            163 ;cases/./../tests/gcc-torture-execute-930702-1.c:23: fp (33, 11);
                            164 ;	genIpush
   0088 C5            [11]  165 	push	bc
                            166 ;	genMove_o size 2 result type 2 source type 1 a_dead 1 hl_dead 1 de_dead 1 iy_dead 1 f_dead 1
   0089 21 0B 00      [10]  167 	ld	hl, #0x000b
   008C E5            [11]  168 	push	hl
                            169 ;	genSend
                            170 ;	genMove_o size 4 result type 2 source type 1 a_dead 1 hl_dead 1 de_dead 1 iy_dead 1 f_dead 1
   008D 11 00 00      [10]  171 	ld	de, #0x0000
   0090 21 04 42      [10]  172 	ld	hl, #0x4204
                            173 ;	genCall
   0093 CDr00s00      [17]  174 	call	_fp
   0096 C1            [10]  175 	pop	bc
                            176 ;cases/./../tests/gcc-torture-execute-930702-1.c:24: f (33, 11);
                            177 ;	genIpush
                            178 ;	genMove_o size 2 result type 2 source type 1 a_dead 1 hl_dead 1 de_dead 1 iy_dead 1 f_dead 1
   0097 21 0B 00      [10]  179 	ld	hl, #0x000b
   009A E5            [11]  180 	push	hl
                            181 ;	genSend
                            182 ;	genMove_o size 4 result type 2 source type 1 a_dead 1 hl_dead 1 de_dead 1 iy_dead 1 f_dead 1
   009B 11 00 00      [10]  183 	ld	de, #0x0000
   009E 21 04 42      [10]  184 	ld	hl, #0x4204
                            185 ;	genCall
                            186 ;	genMove_o size 2 result type 2 source type 2 a_dead 1 hl_dead 0 de_dead 0 iy_dead 1 f_dead 1
   00A1 C5            [11]  187 	push	bc
   00A2 FD E1         [14]  188 	pop	iy
                            189 ;	genMove_o size 0 result type 2 source type 1 a_dead 1 hl_dead 0 de_dead 0 iy_dead 1 f_dead 1
   00A4 CDr00s00      [17]  190 	call	___sdcc_call_iy
                            191 ;cases/./../tests/gcc-torture-execute-930702-1.c:25: return;
                            192 ;	genRet
                            193 ;	genLabel
                            194 ; common peephole 159 removed unused label 00101$.
                            195 ;cases/./../tests/gcc-torture-execute-930702-1.c:26: }
                            196 ;	genEndFunction
   00A7 C9            [10]  197 	ret
                            198 ;	Total testTortureExecute function size at codegen: 1 bytes.
                            199 ;cases/tst_gcc-torture-execute-930702-1.c:4: __runSuite(void)
                            200 ;	genLabel
                            201 ;	genFunction
                            202 ;	---------------------------------
                            203 ; Function __runSuite
                            204 ; ---------------------------------
                            205 ;	Register assignment is optimal.
                            206 ; Stack space usage: 0 bytes.
   00A8                     207 ___runSuite::
                            208 ;cases/tst_gcc-torture-execute-930702-1.c:6: __prints("Running testTortureExecute\n");
                            209 ;	skipping iCode since result will be rematerialized
                            210 ;	skipping iCode since result will be rematerialized
                            211 ;	genSend
                            212 ;	genMove_o size 2 result type 2 source type 7 a_dead 1 hl_dead 1 de_dead 1 iy_dead 1 f_dead 1
   00A8 21rB1s00      [10]  213 	ld	hl, #___str_3
                            214 ;	genCall
   00AB CDr00s00      [17]  215 	call	___prints
                            216 ;cases/tst_gcc-torture-execute-930702-1.c:7: testTortureExecute();
                            217 ;	genCall
                            218 ;	genLabel
                            219 ; common peephole 159 removed unused label 00101$.
                            220 ;cases/tst_gcc-torture-execute-930702-1.c:8: }
                            221 ;	genEndFunction
   00AE C3r85s00      [10]  222 	jp	_testTortureExecute
                            223 ; common peephole 152 removed unused ret.
                            224 ;	Total __runSuite function size at codegen: 1 bytes.
   00B1                     225 ___str_3:
   00B1 52 75 6E 6E 69 6E   226 	.ascii "Running testTortureExecute"
        67 20 74 65 73 74
        54 6F 72 74 75 72
        65 45 78 65 63 75
        74 65
   00CB 0A                  227 	.db 0x0a
   00CC 00                  228 	.db 0x00
                            229 ;cases/tst_gcc-torture-execute-930702-1.c:13: __getSuiteName(void)
                            230 ;	genLabel
                            231 ;	genFunction
                            232 ;	---------------------------------
                            233 ; Function __getSuiteName
                            234 ; ---------------------------------
                            235 ;	Register assignment is optimal.
                            236 ; Stack space usage: 0 bytes.
   00CD                     237 ___getSuiteName::
                            238 ;cases/tst_gcc-torture-execute-930702-1.c:15: return "gcc-torture-execute-930702-1.c";
                            239 ;	skipping iCode since result will be rematerialized
                            240 ;	skipping iCode since result will be rematerialized
                            241 ;	genRet
                            242 ;	genMove_o size 2 result type 2 source type 7 a_dead 1 hl_dead 1 de_dead 1 iy_dead 1 f_dead 1
   00CD 11rD3s00      [10]  243 	ld	de, #___str_4
                            244 ;	genLabel
                            245 ; common peephole 159 removed unused label 00101$.
                            246 ;cases/tst_gcc-torture-execute-930702-1.c:16: }
                            247 ;	genEndFunction
   00D0 C9            [10]  248 	ret
                            249 ;	Total __getSuiteName function size at codegen: 1 bytes.
   00D1                     250 ___numCases:
   00D1 01 00               251 	.dw #0x0001
   00D3                     252 ___str_4:
   00D3 67 63 63 2D 74 6F   253 	.ascii "gcc-torture-execute-930702-1.c"
        72 74 75 72 65 2D
        65 78 65 63 75 74
        65 2D 39 33 30 37
        30 32 2D 31 2E 63
   00F1 00                  254 	.db 0x00
                            255 	.area _CODE (BANK=_CSEG)
                            256 	.area _INITIALIZER
                            257 	.area _CABS (ABS)
