                              1 ;--------------------------------------------------------
                              2 ; File Created by SDCC : free open source ISO C Compiler
                              3 ; Version 4.6.2 #16710 (Linux)
                              4 ;--------------------------------------------------------
                              5 	.module tst_bug_3320
                              6 	
                              7 ;--------------------------------------------------------
                              8 ; Public variables in this module
                              9 ;--------------------------------------------------------
                             10 	.globl _testBug
                             11 	.globl _foo
                             12 	.globl ___prints
                             13 	.globl ___fail
                             14 	.globl _c
                             15 	.globl ___numCases
                             16 	.globl ___runSuite
                             17 	.globl ___getSuiteName
                             18 ;--------------------------------------------------------
                             19 ; special function registers
                             20 ;--------------------------------------------------------
                             21 ;--------------------------------------------------------
                             22 ; ram data
                             23 ;--------------------------------------------------------
                             24 	.area _DATA (BANK=_DSEG)
   0000                      25 _c::
   0000                      26 	.ds 1
                             27 ;--------------------------------------------------------
                             28 ; ram data
                             29 ;--------------------------------------------------------
                             30 	.area _INITIALIZED
                             31 ;--------------------------------------------------------
                             32 ; absolute ram data
                             33 ;--------------------------------------------------------
                             34 	.area _DABS (ABS)
                             35 	.area _DABS (ABS)
                             36 ;--------------------------------------------------------
                             37 ; global & static initialisations
                             38 ;--------------------------------------------------------
                             39 	.area _HOME
                             40 	.area _GSINIT
                             41 	.area _GSFINAL
                             42 	.area _GSINIT
                             43 ;--------------------------------------------------------
                             44 ; Home
                             45 ;--------------------------------------------------------
                             46 	.area _HOME (BANK=_CSEG)
                             47 	.area _HOME (BANK=_CSEG)
                             48 ;--------------------------------------------------------
                             49 ; code
                             50 ;--------------------------------------------------------
                             51 	.area _CODE (BANK=_CSEG)
                             52 ;cases/./../tests/bug-3320.c:10: void foo()
                             53 ;	genLabel
                             54 ;	genFunction
                             55 ;	---------------------------------
                             56 ; Function foo
                             57 ; ---------------------------------
                             58 ;	Register assignment might be sub-optimal.
                             59 ; Stack space usage: 0 bytes.
   0000                      60 _foo::
                             61 ;cases/./../tests/bug-3320.c:12: char *dest = &c;
                             62 ;	genAddrOf
   0000 21r00s00      [10]   63 	ld	hl, #_c+0
                             64 ;	genCast
                             65 ;	(locations are the same)
                             66 ;cases/./../tests/bug-3320.c:14: *dest++ |= 1;
                             67 ;	genPointerGet
                             68 ;	genOr
                             69 ;	genPointerSet
                             70 ; common peephole 75 set bit 0 of (hl) directly instead of going through a.
   0003 CB C6         [15]   71 	set	0, (hl)
                             72 ; common peephole 1 removed dead load from (hl) into a.
                             73 ;	genLabel
                             74 ; common peephole 159 removed unused label 00101$.
                             75 ;cases/./../tests/bug-3320.c:16: }
                             76 ;	genEndFunction
   0005 C9            [10]   77 	ret
                             78 ;	Total foo function size at codegen: 1 bytes.
                             79 ;cases/./../tests/bug-3320.c:18: void testBug(void)
                             80 ;	genLabel
                             81 ;	genFunction
                             82 ;	---------------------------------
                             83 ; Function testBug
                             84 ; ---------------------------------
                             85 ;	Register assignment might be sub-optimal.
                             86 ; Stack space usage: 0 bytes.
   0006                      87 _testBug::
                             88 ;cases/./../tests/bug-3320.c:20: c = 42;
                             89 ;	genAssign
                             90 ;	genMove_o size 1 result type 11 source type 1 a_dead 1 hl_dead 1 de_dead 1 iy_dead 1 f_dead 1
   0006 21r00s00      [10]   91 	ld	hl, #_c
   0009 36 2A         [10]   92 	ld	(hl), #0x2a
                             93 ;cases/./../tests/bug-3320.c:21: foo ();
                             94 ;	genCall
   000B CDr00s00      [17]   95 	call	_foo
                             96 ;cases/./../tests/bug-3320.c:22: ASSERT (c == 43);
                             97 ;	genPlus
                             98 ;	genMove_o size 2 result type 2 source type 10 a_dead 1 hl_dead 1 de_dead 1 iy_dead 1 f_dead 1
   000E 2Ar00s00      [16]   99 	ld	hl, (___numTests)
   0011 23            [ 6]  100 	inc	hl
                            101 ;	genMove_o size 2 result type 10 source type 2 a_dead 1 hl_dead 1 de_dead 1 iy_dead 1 f_dead 1
   0012 22r00s00      [16]  102 	ld	(___numTests), hl
                            103 ;	genCmpEq
                            104 ;	genMove_o size 1 result type 2 source type 10 a_dead 1 hl_dead 1 de_dead 0 iy_dead 0 f_dead 1
   0015 3Ar00s00      [13]  105 	ld	a, (_c)
   0018 D6 2B         [ 7]  106 	sub	a, #0x2b
   001A C8            [11]  107 	ret	z
                            108 ; common peephole 161 replaced jump by return.
                            109 ; common peephole 81 removed jp by using inverse jump logic
                            110 ; common peephole 159 removed unused label 00113$.
                            111 ;	skipping generated iCode
                            112 ;	skipping iCode since result will be rematerialized
                            113 ;	skipping iCode since result will be rematerialized
                            114 ;	skipping iCode since result will be rematerialized
                            115 ;	skipping iCode since result will be rematerialized
                            116 ;	skipping iCode since result will be rematerialized
                            117 ;	skipping iCode since result will be rematerialized
                            118 ;	genIpush
                            119 ;	genMove_o size 2 result type 2 source type 1 a_dead 1 hl_dead 1 de_dead 1 iy_dead 1 f_dead 1
   001B 21 16 00      [10]  120 	ld	hl, #0x0016
   001E E5            [11]  121 	push	hl
                            122 ;	genIpush
                            123 ;	genMove_o size 2 result type 2 source type 7 a_dead 1 hl_dead 1 de_dead 1 iy_dead 1 f_dead 1
   001F 21r46s00      [10]  124 	ld	hl, #___str_2
   0022 E5            [11]  125 	push	hl
                            126 ;	genSend
                            127 ;	genMove_o size 2 result type 2 source type 7 a_dead 1 hl_dead 1 de_dead 1 iy_dead 1 f_dead 1
   0023 11r3Es00      [10]  128 	ld	de, #___str_1
                            129 ;	genSend
                            130 ;	genMove_o size 2 result type 2 source type 7 a_dead 1 hl_dead 1 de_dead 0 iy_dead 1 f_dead 1
   0026 21r2Ds00      [10]  131 	ld	hl, #___str_0
                            132 ;	genCall
   0029 CDr00s00      [17]  133 	call	___fail
                            134 ;	genLabel
                            135 ; common peephole 159 removed unused label 00101$.
                            136 ;cases/./../tests/bug-3320.c:23: }
                            137 ;	genEndFunction
   002C C9            [10]  138 	ret
                            139 ;	Total testBug function size at codegen: 1 bytes.
   002D                     140 ___str_0:
   002D 41 73 73 65 72 74   141 	.ascii "Assertion failed"
        69 6F 6E 20 66 61
        69 6C 65 64
   003D 00                  142 	.db 0x00
   003E                     143 ___str_1:
   003E 63 20 3D 3D 20 34   144 	.ascii "c == 43"
        33
   0045 00                  145 	.db 0x00
   0046                     146 ___str_2:
   0046 63 61 73 65 73 2F   147 	.ascii "cases/./../tests/bug-3320.c"
        2E 2F 2E 2E 2F 74
        65 73 74 73 2F 62
        75 67 2D 33 33 32
        30 2E 63
   0061 00                  148 	.db 0x00
                            149 ;cases/tst_bug-3320.c:4: __runSuite(void)
                            150 ;	genLabel
                            151 ;	genFunction
                            152 ;	---------------------------------
                            153 ; Function __runSuite
                            154 ; ---------------------------------
                            155 ;	Register assignment is optimal.
                            156 ; Stack space usage: 0 bytes.
   0062                     157 ___runSuite::
                            158 ;cases/tst_bug-3320.c:6: __prints("Running testBug\n");
                            159 ;	skipping iCode since result will be rematerialized
                            160 ;	skipping iCode since result will be rematerialized
                            161 ;	genSend
                            162 ;	genMove_o size 2 result type 2 source type 7 a_dead 1 hl_dead 1 de_dead 1 iy_dead 1 f_dead 1
   0062 21r6Bs00      [10]  163 	ld	hl, #___str_3
                            164 ;	genCall
   0065 CDr00s00      [17]  165 	call	___prints
                            166 ;cases/tst_bug-3320.c:7: testBug();
                            167 ;	genCall
                            168 ;	genLabel
                            169 ; common peephole 159 removed unused label 00101$.
                            170 ;cases/tst_bug-3320.c:8: }
                            171 ;	genEndFunction
   0068 C3r06s00      [10]  172 	jp	_testBug
                            173 ; common peephole 152 removed unused ret.
                            174 ;	Total __runSuite function size at codegen: 1 bytes.
   006B                     175 ___str_3:
   006B 52 75 6E 6E 69 6E   176 	.ascii "Running testBug"
        67 20 74 65 73 74
        42 75 67
   007A 0A                  177 	.db 0x0a
   007B 00                  178 	.db 0x00
                            179 ;cases/tst_bug-3320.c:13: __getSuiteName(void)
                            180 ;	genLabel
                            181 ;	genFunction
                            182 ;	---------------------------------
                            183 ; Function __getSuiteName
                            184 ; ---------------------------------
                            185 ;	Register assignment is optimal.
                            186 ; Stack space usage: 0 bytes.
   007C                     187 ___getSuiteName::
                            188 ;cases/tst_bug-3320.c:15: return "bug-3320.c";
                            189 ;	skipping iCode since result will be rematerialized
                            190 ;	skipping iCode since result will be rematerialized
                            191 ;	genRet
                            192 ;	genMove_o size 2 result type 2 source type 7 a_dead 1 hl_dead 1 de_dead 1 iy_dead 1 f_dead 1
   007C 11r82s00      [10]  193 	ld	de, #___str_4
                            194 ;	genLabel
                            195 ; common peephole 159 removed unused label 00101$.
                            196 ;cases/tst_bug-3320.c:16: }
                            197 ;	genEndFunction
   007F C9            [10]  198 	ret
                            199 ;	Total __getSuiteName function size at codegen: 1 bytes.
   0080                     200 ___numCases:
   0080 01 00               201 	.dw #0x0001
   0082                     202 ___str_4:
   0082 62 75 67 2D 33 33   203 	.ascii "bug-3320.c"
        32 30 2E 63
   008C 00                  204 	.db 0x00
                            205 	.area _CODE (BANK=_CSEG)
                            206 	.area _INITIALIZER
                            207 	.area _CABS (ABS)
