                              1 ;--------------------------------------------------------
                              2 ; File Created by SDCC : free open source ISO C Compiler
                              3 ; Version 4.6.2 #16710 (Linux)
                              4 ;--------------------------------------------------------
                              5 	.module tst_gcc_torture_execute_string_opt_17
                              6 	
                              7 ;--------------------------------------------------------
                              8 ; Public variables in this module
                              9 ;--------------------------------------------------------
                             10 	.globl _testTortureExecute
                             11 	.globl _test2
                             12 	.globl _check2
                             13 	.globl _test1
                             14 	.globl _memcmp
                             15 	.globl ___prints
                             16 	.globl ___fail
                             17 	.globl ___numCases
                             18 	.globl ___runSuite
                             19 	.globl ___getSuiteName
                             20 ;--------------------------------------------------------
                             21 ; special function registers
                             22 ;--------------------------------------------------------
                             23 ;--------------------------------------------------------
                             24 ; ram data
                             25 ;--------------------------------------------------------
                             26 	.area _DATA (BANK=_DSEG)
   0000                      27 _check2_r_10000_41:
   0000                      28 	.ds 2
                             29 ;--------------------------------------------------------
                             30 ; ram data
                             31 ;--------------------------------------------------------
                             32 	.area _INITIALIZED
                             33 ;--------------------------------------------------------
                             34 ; absolute ram data
                             35 ;--------------------------------------------------------
                             36 	.area _DABS (ABS)
                             37 	.area _DABS (ABS)
                             38 ;--------------------------------------------------------
                             39 ; global & static initialisations
                             40 ;--------------------------------------------------------
                             41 	.area _HOME
                             42 	.area _GSINIT
                             43 	.area _GSFINAL
                             44 	.area _GSINIT
                             45 ;cases/./../tests/gcc-torture-execute-string-opt-17.c:29: static size_t r = 5;
                             46 ;	genAssign
                             47 ;fetchPairLong
   0000 21 05 00      [10]   48 	ld	hl, #0x0005
                             49 ;	genMove_o size 2 result type 10 source type 2 a_dead 1 hl_dead 1 de_dead 1 iy_dead 1 f_dead 1
   0003 22r00s00      [16]   50 	ld	(_check2_r_10000_41), hl
                             51 ;--------------------------------------------------------
                             52 ; Home
                             53 ;--------------------------------------------------------
                             54 	.area _HOME (BANK=_CSEG)
                             55 	.area _HOME (BANK=_CSEG)
                             56 ;--------------------------------------------------------
                             57 ; code
                             58 ;--------------------------------------------------------
                             59 	.area _CODE (BANK=_CSEG)
                             60 ;cases/./../tests/gcc-torture-execute-string-opt-17.c:20: test1 (char *s, size_t i)
                             61 ;	genLabel
                             62 ;	genFunction
                             63 ;	---------------------------------
                             64 ; Function test1
                             65 ; ---------------------------------
                             66 ;	Register assignment might be sub-optimal.
                             67 ; Stack space usage: 0 bytes.
   0000                      68 _test1::
                             69 ;	genReceive
                             70 ;	genMove_o size 2 result type 2 source type 2 a_dead 1 hl_dead 1 de_dead 0 iy_dead 1 f_dead 1
   0000 4D            [ 4]   71 	ld	c, l
   0001 44            [ 4]   72 	ld	b, h
                             73 ;	genMove_o size 0 result type 2 source type 1 a_dead 1 hl_dead 1 de_dead 0 iy_dead 1 f_dead 1
                             74 ;	genReceive
                             75 ;	genMove_o size 2 result type 2 source type 2 a_dead 1 hl_dead 1 de_dead 1 iy_dead 1 f_dead 1
                             76 ;cases/./../tests/gcc-torture-execute-string-opt-17.c:22: strcpy (s, "foobarbaz" + i++);
                             77 ;	skipping iCode since result will be rematerialized
                             78 ;	genAssign
                             79 ;	genMove_o size 2 result type 2 source type 2 a_dead 1 hl_dead 1 de_dead 0 iy_dead 1 f_dead 1
   0002 6B            [ 4]   80 	ld	l, e
   0003 62            [ 4]   81 	ld	h, d
                             82 ;	genMove_o size 0 result type 2 source type 1 a_dead 1 hl_dead 1 de_dead 0 iy_dead 1 f_dead 1
                             83 ;	genPlus
   0004 13            [ 6]   84 	inc	de
                             85 ;	genPlus
   0005 3Er18         [ 7]   86 	ld	a, #<(___str_0)
   0007 85            [ 4]   87 	add	a, l
   0008 6F            [ 4]   88 	ld	l, a
   0009 3Es00         [ 7]   89 	ld	a, #>(___str_0)
   000B 8C            [ 4]   90 	adc	a, h
   000C 67            [ 4]   91 	ld	h, a
                             92 ;	genCast
                             93 ;	(locations are the same)
                             94 ;	genBuiltIn
   000D D5            [11]   95 	push	de
   000E 59            [ 4]   96 	ld	e, c
   000F 50            [ 4]   97 	ld	d, b
   0010 AF            [ 4]   98 	xor	a, a
   0011                      99 00103$:
   0011 BE            [ 7]  100 	cp	a, (hl)
   0012 ED A0         [16]  101 	ldi
   0014 20 FB         [12]  102 	jr	nz, 00103$
   0016 D1            [10]  103 	pop	de
                            104 ;	skipping generated iCode
                            105 ;	skipping generated iCode
                            106 ;cases/./../tests/gcc-torture-execute-string-opt-17.c:23: return i;
                            107 ;	genRet
                            108 ;	genMove_o size 2 result type 2 source type 2 a_dead 1 hl_dead 1 de_dead 1 iy_dead 1 f_dead 1
                            109 ;	genLabel
                            110 ; common peephole 159 removed unused label 00101$.
                            111 ;cases/./../tests/gcc-torture-execute-string-opt-17.c:24: }
                            112 ;	genEndFunction
   0017 C9            [10]  113 	ret
                            114 ;	Total test1 function size at codegen: 6 bytes.
   0018                     115 ___str_0:
   0018 66 6F 6F 62 61 72   116 	.ascii "foobarbaz"
        62 61 7A
   0021 00                  117 	.db 0x00
                            118 ;cases/./../tests/gcc-torture-execute-string-opt-17.c:27: check2 (void)
                            119 ;	genLabel
                            120 ;	genFunction
                            121 ;	---------------------------------
                            122 ; Function check2
                            123 ; ---------------------------------
                            124 ;	Register assignment might be sub-optimal.
                            125 ; Stack space usage: 0 bytes.
   0022                     126 _check2::
                            127 ;cases/./../tests/gcc-torture-execute-string-opt-17.c:30: if (r != 5)
                            128 ;	genCmpEq
                            129 ;	genMove_o size 1 result type 2 source type 10 a_dead 1 hl_dead 1 de_dead 0 iy_dead 0 f_dead 1
   0022 3Ar00s00      [13]  130 	ld	a, (_check2_r_10000_41)
   0025 D6 05         [ 7]  131 	sub	a, #0x05
                            132 ; common peephole 54 used hl instead of iy.
   0027 21r01s00      [10]  133 	ld	hl, #_check2_r_10000_41 + 1
   002A B6            [ 7]  134 	or	a, (hl)
                            135 ; common peephole 163 changed absolute to relative conditional jump.
   002B 28 18         [12]  136 	jr	z, 00102$
                            137 ; common peephole 81 removed jp by using inverse jump logic
                            138 ; common peephole 159 removed unused label 00113$.
                            139 ;	skipping generated iCode
                            140 ;cases/./../tests/gcc-torture-execute-string-opt-17.c:31: ASSERT (0);
                            141 ;	genPlus
                            142 ;	genMove_o size 2 result type 2 source type 10 a_dead 1 hl_dead 1 de_dead 1 iy_dead 1 f_dead 1
   002D 2Ar00s00      [16]  143 	ld	hl, (___numTests)
   0030 23            [ 6]  144 	inc	hl
                            145 ;	genMove_o size 2 result type 10 source type 2 a_dead 1 hl_dead 1 de_dead 1 iy_dead 1 f_dead 1
   0031 22r00s00      [16]  146 	ld	(___numTests), hl
                            147 ;	skipping iCode since result will be rematerialized
                            148 ;	skipping iCode since result will be rematerialized
                            149 ;	skipping iCode since result will be rematerialized
                            150 ;	skipping iCode since result will be rematerialized
                            151 ;	skipping iCode since result will be rematerialized
                            152 ;	skipping iCode since result will be rematerialized
                            153 ;	genIpush
                            154 ;	genMove_o size 2 result type 2 source type 1 a_dead 1 hl_dead 1 de_dead 1 iy_dead 1 f_dead 1
   0034 21 1F 00      [10]  155 	ld	hl, #0x001f
   0037 E5            [11]  156 	push	hl
                            157 ;	genIpush
                            158 ;	genMove_o size 2 result type 2 source type 7 a_dead 1 hl_dead 1 de_dead 1 iy_dead 1 f_dead 1
   0038 21r64s00      [10]  159 	ld	hl, #__str_3
   003B E5            [11]  160 	push	hl
                            161 ;	genSend
                            162 ;	genMove_o size 2 result type 2 source type 7 a_dead 1 hl_dead 1 de_dead 1 iy_dead 1 f_dead 1
   003C 11r62s00      [10]  163 	ld	de, #__str_2
                            164 ;	genSend
                            165 ;	genMove_o size 2 result type 2 source type 7 a_dead 1 hl_dead 1 de_dead 0 iy_dead 1 f_dead 1
   003F 21r51s00      [10]  166 	ld	hl, #__str_1
                            167 ;	genCall
   0042 CDr00s00      [17]  168 	call	___fail
                            169 ;	genLabel
   0045                     170 00102$:
                            171 ;cases/./../tests/gcc-torture-execute-string-opt-17.c:32: return ++r;
                            172 ;	genPlus
                            173 ;	genMove_o size 2 result type 2 source type 10 a_dead 1 hl_dead 1 de_dead 1 iy_dead 1 f_dead 1
   0045 2Ar00s00      [16]  174 	ld	hl, (_check2_r_10000_41)
   0048 23            [ 6]  175 	inc	hl
                            176 ;	genMove_o size 2 result type 10 source type 2 a_dead 1 hl_dead 1 de_dead 1 iy_dead 1 f_dead 1
   0049 22r00s00      [16]  177 	ld	(_check2_r_10000_41), hl
                            178 ;	genRet
                            179 ;	genMove_o size 2 result type 2 source type 10 a_dead 1 hl_dead 1 de_dead 1 iy_dead 1 f_dead 1
   004C ED 5Br00s00   [20]  180 	ld	de, (_check2_r_10000_41)
                            181 ;	genLabel
                            182 ; common peephole 159 removed unused label 00103$.
                            183 ;cases/./../tests/gcc-torture-execute-string-opt-17.c:33: }
                            184 ;	genEndFunction
   0050 C9            [10]  185 	ret
                            186 ;	Total check2 function size at codegen: 1 bytes.
   0051                     187 __str_1:
   0051 41 73 73 65 72 74   188 	.ascii "Assertion failed"
        69 6F 6E 20 66 61
        69 6C 65 64
   0061 00                  189 	.db 0x00
   0062                     190 __str_2:
   0062 30                  191 	.ascii "0"
   0063 00                  192 	.db 0x00
   0064                     193 __str_3:
   0064 63 61 73 65 73 2F   194 	.ascii "cases/./../tests/gcc-torture-execute-string-opt-17.c"
        2E 2F 2E 2E 2F 74
        65 73 74 73 2F 67
        63 63 2D 74 6F 72
        74 75 72 65 2D 65
        78 65 63 75 74 65
        2D 73 74 72 69 6E
        67 2D 6F 70 74 2D
        31 37 2E 63
   0098 00                  195 	.db 0x00
                            196 ;cases/./../tests/gcc-torture-execute-string-opt-17.c:36: test2 (char *s)
                            197 ;	genLabel
                            198 ;	genFunction
                            199 ;	---------------------------------
                            200 ; Function test2
                            201 ; ---------------------------------
                            202 ;	Register assignment might be sub-optimal.
                            203 ; Stack space usage: 0 bytes.
   0099                     204 _test2::
                            205 ;	genReceive
                            206 ;	genMove_o size 2 result type 2 source type 2 a_dead 1 hl_dead 1 de_dead 1 iy_dead 1 f_dead 1
                            207 ;	genMove_o size 0 result type 2 source type 1 a_dead 1 hl_dead 1 de_dead 1 iy_dead 1 f_dead 1
                            208 ;cases/./../tests/gcc-torture-execute-string-opt-17.c:38: strcpy (s, "foobarbaz" + check2 ());
                            209 ;	skipping iCode since result will be rematerialized
                            210 ;	genCall
                            211 ; common peephole 26e pushed hl directly instead of going through de.
   0099 E5            [11]  212 	push	hl
   009A CDr22s00      [17]  213 	call	_check2
                            214 ;	genMove_o size 2 result type 2 source type 2 a_dead 1 hl_dead 1 de_dead 1 iy_dead 1 f_dead 1
   009D EB            [ 4]  215 	ex	de, hl
                            216 ;	genMove_o size 0 result type 2 source type 1 a_dead 1 hl_dead 1 de_dead 1 iy_dead 1 f_dead 1
   009E D1            [10]  217 	pop	de
                            218 ;	genPlus
                            219 ;	genMove_o size 2 result type 2 source type 7 a_dead 0 hl_dead 0 de_dead 0 iy_dead 0 f_dead 1
   009F 01rAAs00      [10]  220 	ld	bc, #___str_4
   00A2 09            [11]  221 	add	hl, bc
                            222 ;	genCast
                            223 ;	(locations are the same)
                            224 ;	genBuiltIn
   00A3 AF            [ 4]  225 	xor	a, a
   00A4                     226 00103$:
   00A4 BE            [ 7]  227 	cp	a, (hl)
   00A5 ED A0         [16]  228 	ldi
   00A7 20 FB         [12]  229 	jr	nz, 00103$
                            230 ;	skipping generated iCode
                            231 ;	skipping generated iCode
                            232 ;	genLabel
                            233 ; common peephole 159 removed unused label 00101$.
                            234 ;cases/./../tests/gcc-torture-execute-string-opt-17.c:39: }
                            235 ;	genEndFunction
   00A9 C9            [10]  236 	ret
                            237 ;	Total test2 function size at codegen: 11 bytes.
   00AA                     238 ___str_4:
   00AA 66 6F 6F 62 61 72   239 	.ascii "foobarbaz"
        62 61 7A
   00B3 00                  240 	.db 0x00
                            241 ;cases/./../tests/gcc-torture-execute-string-opt-17.c:42: testTortureExecute (void)
                            242 ;	genLabel
                            243 ;	genFunction
                            244 ;	---------------------------------
                            245 ; Function testTortureExecute
                            246 ; ---------------------------------
                            247 ;	Register assignment might be sub-optimal.
                            248 ; Stack space usage: 10 bytes.
   00B4                     249 _testTortureExecute::
   00B4 DD E5         [15]  250 	push	ix
   00B6 DD 21 00 00   [14]  251 	ld	ix,	#0
   00BA DD 39         [15]  252 	add	ix, sp
                            253 ;	adjustStack by -10
   00BC 21 F6 FF      [10]  254 	ld	hl, #-10
   00BF 39            [11]  255 	add	hl, sp
   00C0 F9            [ 6]  256 	ld	sp, hl
                            257 ;cases/./../tests/gcc-torture-execute-string-opt-17.c:45: if (test1 (buf, 7) != 8 || memcmp (buf, "az", 3))
                            258 ;	skipping iCode since result will be rematerialized
                            259 ;	skipping iCode since result will be rematerialized
                            260 ;	genSend
                            261 ;	genMove_o size 2 result type 2 source type 1 a_dead 1 hl_dead 1 de_dead 1 iy_dead 1 f_dead 1
   00C1 11 07 00      [10]  262 	ld	de, #0x0007
                            263 ;	genSend
                            264 ;	genMove_o size 2 result type 2 source type 8 a_dead 1 hl_dead 1 de_dead 0 iy_dead 1 f_dead 1
   00C4 21 00 00      [10]  265 	ld	hl, #0
   00C7 39            [11]  266 	add	hl, sp
                            267 ;	genMove_o size 2 result type 2 source type 2 a_dead 1 hl_dead 1 de_dead 0 iy_dead 1 f_dead 1
                            268 ;	genCall
   00C8 CDr00s00      [17]  269 	call	_test1
                            270 ;	genMove_o size 2 result type 2 source type 2 a_dead 1 hl_dead 1 de_dead 1 iy_dead 1 f_dead 1
                            271 ;	skipping iCode since result will be rematerialized
                            272 ;	genCmpEq
                            273 ;	genMove_o size 1 result type 2 source type 2 a_dead 1 hl_dead 1 de_dead 0 iy_dead 0 f_dead 1
   00CB 7B            [ 4]  274 	ld	a, e
                            275 ;	genMove_o size 0 result type 2 source type 1 a_dead 1 hl_dead 1 de_dead 0 iy_dead 0 f_dead 1
   00CC D6 08         [ 7]  276 	sub	a, #0x08
   00CE B2            [ 4]  277 	or	a, d
                            278 ; common peephole 81 removed jp by using inverse jump logic
                            279 ; common peephole 159 removed unused label 00124$.
                            280 ; common peephole 163 changed absolute to relative conditional jump.
   00CF 20 12         [12]  281 	jr	nz, 00101$
                            282 ; common peephole 82 removed jp by using inverse jump logic
                            283 ; common peephole 159 removed unused label 00125$.
                            284 ;	skipping generated iCode
                            285 ;	skipping iCode since result will be rematerialized
                            286 ;	skipping iCode since result will be rematerialized
                            287 ;	genIpush
                            288 ;	genMove_o size 2 result type 2 source type 1 a_dead 1 hl_dead 1 de_dead 1 iy_dead 1 f_dead 1
   00D1 21 03 00      [10]  289 	ld	hl, #0x0003
   00D4 E5            [11]  290 	push	hl
                            291 ;	genSend
                            292 ;	genMove_o size 2 result type 2 source type 7 a_dead 1 hl_dead 1 de_dead 1 iy_dead 1 f_dead 1
   00D5 11r31s01      [10]  293 	ld	de, #___str_5
                            294 ;	genSend
                            295 ;	genMove_o size 2 result type 2 source type 8 a_dead 1 hl_dead 1 de_dead 0 iy_dead 1 f_dead 1
   00D8 21 02 00      [10]  296 	ld	hl, #2
   00DB 39            [11]  297 	add	hl, sp
                            298 ;	genMove_o size 2 result type 2 source type 2 a_dead 1 hl_dead 1 de_dead 0 iy_dead 1 f_dead 1
                            299 ;	genCall
   00DC CDr00s00      [17]  300 	call	_memcmp
                            301 ;	genMove_o size 2 result type 2 source type 2 a_dead 1 hl_dead 1 de_dead 1 iy_dead 1 f_dead 1
                            302 ;	genIfx
   00DF 7A            [ 4]  303 	ld	a, d
   00E0 B3            [ 4]  304 	or	a, e
                            305 ; common peephole 163 changed absolute to relative conditional jump.
   00E1 28 18         [12]  306 	jr	z, 00102$
                            307 ;	genLabel
   00E3                     308 00101$:
                            309 ;cases/./../tests/gcc-torture-execute-string-opt-17.c:46: ASSERT (0);
                            310 ;	genPlus
                            311 ;	genMove_o size 2 result type 2 source type 10 a_dead 1 hl_dead 1 de_dead 1 iy_dead 1 f_dead 1
   00E3 2Ar00s00      [16]  312 	ld	hl, (___numTests)
   00E6 23            [ 6]  313 	inc	hl
                            314 ;	genMove_o size 2 result type 10 source type 2 a_dead 1 hl_dead 1 de_dead 1 iy_dead 1 f_dead 1
   00E7 22r00s00      [16]  315 	ld	(___numTests), hl
                            316 ;	skipping iCode since result will be rematerialized
                            317 ;	skipping iCode since result will be rematerialized
                            318 ;	skipping iCode since result will be rematerialized
                            319 ;	skipping iCode since result will be rematerialized
                            320 ;	skipping iCode since result will be rematerialized
                            321 ;	skipping iCode since result will be rematerialized
                            322 ;	genIpush
                            323 ;	genMove_o size 2 result type 2 source type 1 a_dead 1 hl_dead 1 de_dead 1 iy_dead 1 f_dead 1
   00EA 21 2E 00      [10]  324 	ld	hl, #0x002e
   00ED E5            [11]  325 	push	hl
                            326 ;	genIpush
                            327 ;	genMove_o size 2 result type 2 source type 7 a_dead 1 hl_dead 1 de_dead 1 iy_dead 1 f_dead 1
   00EE 21r47s01      [10]  328 	ld	hl, #__str_8
   00F1 E5            [11]  329 	push	hl
                            330 ;	genSend
                            331 ;	genMove_o size 2 result type 2 source type 7 a_dead 1 hl_dead 1 de_dead 1 iy_dead 1 f_dead 1
   00F2 11r45s01      [10]  332 	ld	de, #__str_7
                            333 ;	genSend
                            334 ;	genMove_o size 2 result type 2 source type 7 a_dead 1 hl_dead 1 de_dead 0 iy_dead 1 f_dead 1
   00F5 21r34s01      [10]  335 	ld	hl, #__str_6
                            336 ;	genCall
   00F8 CDr00s00      [17]  337 	call	___fail
                            338 ;	genLabel
   00FB                     339 00102$:
                            340 ;cases/./../tests/gcc-torture-execute-string-opt-17.c:47: test2 (buf);
                            341 ;	genSend
                            342 ;	genMove_o size 2 result type 2 source type 8 a_dead 1 hl_dead 1 de_dead 1 iy_dead 1 f_dead 1
   00FB 21 00 00      [10]  343 	ld	hl, #0
   00FE 39            [11]  344 	add	hl, sp
                            345 ;	genMove_o size 2 result type 2 source type 2 a_dead 1 hl_dead 1 de_dead 1 iy_dead 1 f_dead 1
                            346 ;	genCall
   00FF CDr99s00      [17]  347 	call	_test2
                            348 ;cases/./../tests/gcc-torture-execute-string-opt-17.c:48: if (memcmp (buf, "baz", 4))
                            349 ;	skipping iCode since result will be rematerialized
                            350 ;	skipping iCode since result will be rematerialized
                            351 ;	genIpush
                            352 ;	genMove_o size 2 result type 2 source type 1 a_dead 1 hl_dead 1 de_dead 1 iy_dead 1 f_dead 1
   0102 21 04 00      [10]  353 	ld	hl, #0x0004
   0105 E5            [11]  354 	push	hl
                            355 ;	genSend
                            356 ;	genMove_o size 2 result type 2 source type 7 a_dead 1 hl_dead 1 de_dead 1 iy_dead 1 f_dead 1
   0106 11r7Cs01      [10]  357 	ld	de, #___str_9
                            358 ;	genSend
                            359 ;	genMove_o size 2 result type 2 source type 8 a_dead 1 hl_dead 1 de_dead 0 iy_dead 1 f_dead 1
   0109 21 02 00      [10]  360 	ld	hl, #2
   010C 39            [11]  361 	add	hl, sp
                            362 ;	genMove_o size 2 result type 2 source type 2 a_dead 1 hl_dead 1 de_dead 0 iy_dead 1 f_dead 1
                            363 ;	genCall
   010D CDr00s00      [17]  364 	call	_memcmp
                            365 ;	genMove_o size 2 result type 2 source type 2 a_dead 1 hl_dead 1 de_dead 1 iy_dead 1 f_dead 1
                            366 ;	genIfx
   0110 7A            [ 4]  367 	ld	a, d
   0111 B3            [ 4]  368 	or	a, e
                            369 ; common peephole 163 changed absolute to relative conditional jump.
   0112 28 18         [12]  370 	jr	z, 00105$
                            371 ;cases/./../tests/gcc-torture-execute-string-opt-17.c:49: ASSERT (0);
                            372 ;	genPlus
                            373 ;	genMove_o size 2 result type 2 source type 10 a_dead 1 hl_dead 1 de_dead 1 iy_dead 1 f_dead 1
   0114 2Ar00s00      [16]  374 	ld	hl, (___numTests)
   0117 23            [ 6]  375 	inc	hl
                            376 ;	genMove_o size 2 result type 10 source type 2 a_dead 1 hl_dead 1 de_dead 1 iy_dead 1 f_dead 1
   0118 22r00s00      [16]  377 	ld	(___numTests), hl
                            378 ;	skipping iCode since result will be rematerialized
                            379 ;	skipping iCode since result will be rematerialized
                            380 ;	skipping iCode since result will be rematerialized
                            381 ;	skipping iCode since result will be rematerialized
                            382 ;	skipping iCode since result will be rematerialized
                            383 ;	skipping iCode since result will be rematerialized
                            384 ;	genIpush
                            385 ;	genMove_o size 2 result type 2 source type 1 a_dead 1 hl_dead 1 de_dead 1 iy_dead 1 f_dead 1
   011B 21 31 00      [10]  386 	ld	hl, #0x0031
   011E E5            [11]  387 	push	hl
                            388 ;	genIpush
                            389 ;	genMove_o size 2 result type 2 source type 7 a_dead 1 hl_dead 1 de_dead 1 iy_dead 1 f_dead 1
   011F 21r47s01      [10]  390 	ld	hl, #__str_8
   0122 E5            [11]  391 	push	hl
                            392 ;	genSend
                            393 ;	genMove_o size 2 result type 2 source type 7 a_dead 1 hl_dead 1 de_dead 1 iy_dead 1 f_dead 1
   0123 11r45s01      [10]  394 	ld	de, #__str_7
                            395 ;	genSend
                            396 ;	genMove_o size 2 result type 2 source type 7 a_dead 1 hl_dead 1 de_dead 0 iy_dead 1 f_dead 1
   0126 21r34s01      [10]  397 	ld	hl, #__str_6
                            398 ;	genCall
   0129 CDr00s00      [17]  399 	call	___fail
                            400 ;	genLabel
   012C                     401 00105$:
                            402 ;cases/./../tests/gcc-torture-execute-string-opt-17.c:50: return;
                            403 ;	genRet
                            404 ;	genLabel
                            405 ; common peephole 159 removed unused label 00106$.
                            406 ;cases/./../tests/gcc-torture-execute-string-opt-17.c:51: }
                            407 ;	genEndFunction
   012C DD F9         [10]  408 	ld	sp, ix
   012E DD E1         [14]  409 	pop	ix
   0130 C9            [10]  410 	ret
                            411 ;	Total testTortureExecute function size at codegen: 5 bytes.
   0131                     412 ___str_5:
   0131 61 7A               413 	.ascii "az"
   0133 00                  414 	.db 0x00
   0134                     415 __str_6:
   0134 41 73 73 65 72 74   416 	.ascii "Assertion failed"
        69 6F 6E 20 66 61
        69 6C 65 64
   0144 00                  417 	.db 0x00
   0145                     418 __str_7:
   0145 30                  419 	.ascii "0"
   0146 00                  420 	.db 0x00
   0147                     421 __str_8:
   0147 63 61 73 65 73 2F   422 	.ascii "cases/./../tests/gcc-torture-execute-string-opt-17.c"
        2E 2F 2E 2E 2F 74
        65 73 74 73 2F 67
        63 63 2D 74 6F 72
        74 75 72 65 2D 65
        78 65 63 75 74 65
        2D 73 74 72 69 6E
        67 2D 6F 70 74 2D
        31 37 2E 63
   017B 00                  423 	.db 0x00
   017C                     424 ___str_9:
   017C 62 61 7A            425 	.ascii "baz"
   017F 00                  426 	.db 0x00
                            427 ;cases/tst_gcc-torture-execute-string-opt-17.c:4: __runSuite(void)
                            428 ;	genLabel
                            429 ;	genFunction
                            430 ;	---------------------------------
                            431 ; Function __runSuite
                            432 ; ---------------------------------
                            433 ;	Register assignment is optimal.
                            434 ; Stack space usage: 0 bytes.
   0180                     435 ___runSuite::
                            436 ;cases/tst_gcc-torture-execute-string-opt-17.c:6: __prints("Running testTortureExecute\n");
                            437 ;	skipping iCode since result will be rematerialized
                            438 ;	skipping iCode since result will be rematerialized
                            439 ;	genSend
                            440 ;	genMove_o size 2 result type 2 source type 7 a_dead 1 hl_dead 1 de_dead 1 iy_dead 1 f_dead 1
   0180 21r89s01      [10]  441 	ld	hl, #___str_10
                            442 ;	genCall
   0183 CDr00s00      [17]  443 	call	___prints
                            444 ;cases/tst_gcc-torture-execute-string-opt-17.c:7: testTortureExecute();
                            445 ;	genCall
                            446 ;	genLabel
                            447 ; common peephole 159 removed unused label 00101$.
                            448 ;cases/tst_gcc-torture-execute-string-opt-17.c:8: }
                            449 ;	genEndFunction
   0186 C3rB4s00      [10]  450 	jp	_testTortureExecute
                            451 ; common peephole 152 removed unused ret.
                            452 ;	Total __runSuite function size at codegen: 1 bytes.
   0189                     453 ___str_10:
   0189 52 75 6E 6E 69 6E   454 	.ascii "Running testTortureExecute"
        67 20 74 65 73 74
        54 6F 72 74 75 72
        65 45 78 65 63 75
        74 65
   01A3 0A                  455 	.db 0x0a
   01A4 00                  456 	.db 0x00
                            457 ;cases/tst_gcc-torture-execute-string-opt-17.c:13: __getSuiteName(void)
                            458 ;	genLabel
                            459 ;	genFunction
                            460 ;	---------------------------------
                            461 ; Function __getSuiteName
                            462 ; ---------------------------------
                            463 ;	Register assignment is optimal.
                            464 ; Stack space usage: 0 bytes.
   01A5                     465 ___getSuiteName::
                            466 ;cases/tst_gcc-torture-execute-string-opt-17.c:15: return "gcc-torture-execute-string-opt-17.c";
                            467 ;	skipping iCode since result will be rematerialized
                            468 ;	skipping iCode since result will be rematerialized
                            469 ;	genRet
                            470 ;	genMove_o size 2 result type 2 source type 7 a_dead 1 hl_dead 1 de_dead 1 iy_dead 1 f_dead 1
   01A5 11rABs01      [10]  471 	ld	de, #___str_11
                            472 ;	genLabel
                            473 ; common peephole 159 removed unused label 00101$.
                            474 ;cases/tst_gcc-torture-execute-string-opt-17.c:16: }
                            475 ;	genEndFunction
   01A8 C9            [10]  476 	ret
                            477 ;	Total __getSuiteName function size at codegen: 1 bytes.
   01A9                     478 ___numCases:
   01A9 01 00               479 	.dw #0x0001
   01AB                     480 ___str_11:
   01AB 67 63 63 2D 74 6F   481 	.ascii "gcc-torture-execute-string-opt-17.c"
        72 74 75 72 65 2D
        65 78 65 63 75 74
        65 2D 73 74 72 69
        6E 67 2D 6F 70 74
        2D 31 37 2E 63
   01CE 00                  482 	.db 0x00
                            483 	.area _CODE (BANK=_CSEG)
                            484 	.area _INITIALIZER
                            485 	.area _CABS (ABS)
