                              1 ;--------------------------------------------------------
                              2 ; File Created by SDCC : free open source ISO C Compiler
                              3 ; Version 4.6.2 #16710 (Linux)
                              4 ;--------------------------------------------------------
                              5 	.module tst_gcc_torture_execute_921016_1
                              6 	
                              7 ;--------------------------------------------------------
                              8 ; Public variables in this module
                              9 ;--------------------------------------------------------
                             10 	.globl _testTortureExecute
                             11 	.globl ___prints
                             12 	.globl ___fail
                             13 	.globl ___numCases
                             14 	.globl ___runSuite
                             15 	.globl ___getSuiteName
                             16 ;--------------------------------------------------------
                             17 ; special function registers
                             18 ;--------------------------------------------------------
                             19 ;--------------------------------------------------------
                             20 ; ram data
                             21 ;--------------------------------------------------------
                             22 	.area _DATA (BANK=_DSEG)
                             23 ;--------------------------------------------------------
                             24 ; ram data
                             25 ;--------------------------------------------------------
                             26 	.area _INITIALIZED
                             27 ;--------------------------------------------------------
                             28 ; absolute ram data
                             29 ;--------------------------------------------------------
                             30 	.area _DABS (ABS)
                             31 	.area _DABS (ABS)
                             32 ;--------------------------------------------------------
                             33 ; global & static initialisations
                             34 ;--------------------------------------------------------
                             35 	.area _HOME
                             36 	.area _GSINIT
                             37 	.area _GSFINAL
                             38 	.area _GSINIT
                             39 ;--------------------------------------------------------
                             40 ; Home
                             41 ;--------------------------------------------------------
                             42 	.area _HOME (BANK=_CSEG)
                             43 	.area _HOME (BANK=_CSEG)
                             44 ;--------------------------------------------------------
                             45 ; code
                             46 ;--------------------------------------------------------
                             47 	.area _CODE (BANK=_CSEG)
                             48 ;cases/./../tests/gcc-torture-execute-921016-1.c:12: testTortureExecute (void)
                             49 ;	genLabel
                             50 ;	genFunction
                             51 ;	---------------------------------
                             52 ; Function testTortureExecute
                             53 ; ---------------------------------
                             54 ;	Register assignment might be sub-optimal.
                             55 ; Stack space usage: 2 bytes.
   0000                      56 _testTortureExecute::
   0000 DD E5         [15]   57 	push	ix
   0002 DD 21 00 00   [14]   58 	ld	ix,	#0
   0006 DD 39         [15]   59 	add	ix, sp
                             60 ;	adjustStack by -2
   0008 F5            [11]   61 	push	af
                             62 ;cases/./../tests/gcc-torture-execute-921016-1.c:20: if((l.m = j) == j)
                             63 ;	genAddrOf
   0009 21 00 00      [10]   64 	ld	hl, #0
   000C 39            [11]   65 	add	hl, sp
                             66 ;	genPointerSet
   000D 36 39         [10]   67 	ld	(hl), #0x39
   000F 23            [ 6]   68 	inc	hl
   0010 7E            [ 7]   69 	ld	a, (hl)
   0011 E6 F8         [ 7]   70 	and	a, #0xf8
   0013 F6 04         [ 7]   71 	or	a, #0x04
                             72 ;	genPointerGet
                             73 ;fetchPairLong
                             74 ; common peephole 95b switched loads to c and a.
   0015 77            [ 7]   75 	ld	(hl), a
                             76 ; common peephole 98 removed redundant load from (hl) into a.
   0016 2B            [ 6]   77 	dec	hl
   0017 4E            [ 7]   78 	ld	c, (hl)
                             79 ; common peephole 2c removed inc hl due to unused result.
   0018 E6 07         [ 7]   80 	and	a, #0x07
   001A CB 57         [ 8]   81 	bit	2, a
                             82 ; common peephole 163 changed absolute to relative conditional jump.
   001C 28 02         [12]   83 	jr	z, 00113$
   001E F6 F8         [ 7]   84 	or	a, #0xf8
   0020                      85 00113$:
                             86 ;	genCmpEq
   0020 FE 04         [ 7]   87 	cp	a, #0x04
                             88 ; common peephole 163 changed absolute to relative conditional jump.
   0022 20 1D         [12]   89 	jr	nz, 00102$
                             90 ; common peephole 84 jumped to 00102$ directly instead of via 00114$.
                             91 ;	genMove_o size 1 result type 2 source type 2 a_dead 1 hl_dead 1 de_dead 0 iy_dead 0 f_dead 1
   0024 79            [ 4]   92 	ld	a, c
                             93 ;	genMove_o size 0 result type 2 source type 1 a_dead 1 hl_dead 1 de_dead 0 iy_dead 0 f_dead 1
   0025 D6 39         [ 7]   94 	sub	a, #0x39
                             95 ; common peephole 81 removed jp by using inverse jump logic
                             96 ; common peephole 159 removed unused label 00114$.
                             97 ; common peephole 163 changed absolute to relative conditional jump.
   0027 20 18         [12]   98 	jr	nz, 00102$
                             99 ; common peephole 82 removed jp by using inverse jump logic
                            100 ; common peephole 159 removed unused label 00115$.
                            101 ;	skipping generated iCode
                            102 ;cases/./../tests/gcc-torture-execute-921016-1.c:21: ASSERT(0);
                            103 ;	genPlus
                            104 ;	genMove_o size 2 result type 2 source type 10 a_dead 1 hl_dead 1 de_dead 1 iy_dead 1 f_dead 1
   0029 2Ar00s00      [16]  105 	ld	hl, (___numTests)
   002C 23            [ 6]  106 	inc	hl
                            107 ;	genMove_o size 2 result type 10 source type 2 a_dead 1 hl_dead 1 de_dead 1 iy_dead 1 f_dead 1
   002D 22r00s00      [16]  108 	ld	(___numTests), hl
                            109 ;	skipping iCode since result will be rematerialized
                            110 ;	skipping iCode since result will be rematerialized
                            111 ;	skipping iCode since result will be rematerialized
                            112 ;	skipping iCode since result will be rematerialized
                            113 ;	skipping iCode since result will be rematerialized
                            114 ;	skipping iCode since result will be rematerialized
                            115 ;	genIpush
                            116 ;	genMove_o size 2 result type 2 source type 1 a_dead 1 hl_dead 1 de_dead 1 iy_dead 1 f_dead 1
   0030 21 15 00      [10]  117 	ld	hl, #0x0015
   0033 E5            [11]  118 	push	hl
                            119 ;	genIpush
                            120 ;	genMove_o size 2 result type 2 source type 7 a_dead 1 hl_dead 1 de_dead 1 iy_dead 1 f_dead 1
   0034 21r59s00      [10]  121 	ld	hl, #__str_2
   0037 E5            [11]  122 	push	hl
                            123 ;	genSend
                            124 ;	genMove_o size 2 result type 2 source type 7 a_dead 1 hl_dead 1 de_dead 1 iy_dead 1 f_dead 1
   0038 11r57s00      [10]  125 	ld	de, #__str_1
                            126 ;	genSend
                            127 ;	genMove_o size 2 result type 2 source type 7 a_dead 1 hl_dead 1 de_dead 0 iy_dead 1 f_dead 1
   003B 21r46s00      [10]  128 	ld	hl, #__str_0
                            129 ;	genCall
   003E CDr00s00      [17]  130 	call	___fail
                            131 ;	genLabel
   0041                     132 00102$:
                            133 ;cases/./../tests/gcc-torture-execute-921016-1.c:22: return;
                            134 ;	genRet
                            135 ;	genLabel
                            136 ; common peephole 159 removed unused label 00103$.
                            137 ;cases/./../tests/gcc-torture-execute-921016-1.c:24: }
                            138 ;	genEndFunction
   0041 DD F9         [10]  139 	ld	sp, ix
   0043 DD E1         [14]  140 	pop	ix
   0045 C9            [10]  141 	ret
                            142 ;	Total testTortureExecute function size at codegen: 7 bytes.
   0046                     143 __str_0:
   0046 41 73 73 65 72 74   144 	.ascii "Assertion failed"
        69 6F 6E 20 66 61
        69 6C 65 64
   0056 00                  145 	.db 0x00
   0057                     146 __str_1:
   0057 30                  147 	.ascii "0"
   0058 00                  148 	.db 0x00
   0059                     149 __str_2:
   0059 63 61 73 65 73 2F   150 	.ascii "cases/./../tests/gcc-torture-execute-921016-1.c"
        2E 2F 2E 2E 2F 74
        65 73 74 73 2F 67
        63 63 2D 74 6F 72
        74 75 72 65 2D 65
        78 65 63 75 74 65
        2D 39 32 31 30 31
        36 2D 31 2E 63
   0088 00                  151 	.db 0x00
                            152 ;cases/tst_gcc-torture-execute-921016-1.c:4: __runSuite(void)
                            153 ;	genLabel
                            154 ;	genFunction
                            155 ;	---------------------------------
                            156 ; Function __runSuite
                            157 ; ---------------------------------
                            158 ;	Register assignment is optimal.
                            159 ; Stack space usage: 0 bytes.
   0089                     160 ___runSuite::
                            161 ;cases/tst_gcc-torture-execute-921016-1.c:6: __prints("Running testTortureExecute\n");
                            162 ;	skipping iCode since result will be rematerialized
                            163 ;	skipping iCode since result will be rematerialized
                            164 ;	genSend
                            165 ;	genMove_o size 2 result type 2 source type 7 a_dead 1 hl_dead 1 de_dead 1 iy_dead 1 f_dead 1
   0089 21r92s00      [10]  166 	ld	hl, #___str_3
                            167 ;	genCall
   008C CDr00s00      [17]  168 	call	___prints
                            169 ;cases/tst_gcc-torture-execute-921016-1.c:7: testTortureExecute();
                            170 ;	genCall
                            171 ;	genLabel
                            172 ; common peephole 159 removed unused label 00101$.
                            173 ;cases/tst_gcc-torture-execute-921016-1.c:8: }
                            174 ;	genEndFunction
   008F C3r00s00      [10]  175 	jp	_testTortureExecute
                            176 ; common peephole 152 removed unused ret.
                            177 ;	Total __runSuite function size at codegen: 1 bytes.
   0092                     178 ___str_3:
   0092 52 75 6E 6E 69 6E   179 	.ascii "Running testTortureExecute"
        67 20 74 65 73 74
        54 6F 72 74 75 72
        65 45 78 65 63 75
        74 65
   00AC 0A                  180 	.db 0x0a
   00AD 00                  181 	.db 0x00
                            182 ;cases/tst_gcc-torture-execute-921016-1.c:13: __getSuiteName(void)
                            183 ;	genLabel
                            184 ;	genFunction
                            185 ;	---------------------------------
                            186 ; Function __getSuiteName
                            187 ; ---------------------------------
                            188 ;	Register assignment is optimal.
                            189 ; Stack space usage: 0 bytes.
   00AE                     190 ___getSuiteName::
                            191 ;cases/tst_gcc-torture-execute-921016-1.c:15: return "gcc-torture-execute-921016-1.c";
                            192 ;	skipping iCode since result will be rematerialized
                            193 ;	skipping iCode since result will be rematerialized
                            194 ;	genRet
                            195 ;	genMove_o size 2 result type 2 source type 7 a_dead 1 hl_dead 1 de_dead 1 iy_dead 1 f_dead 1
   00AE 11rB4s00      [10]  196 	ld	de, #___str_4
                            197 ;	genLabel
                            198 ; common peephole 159 removed unused label 00101$.
                            199 ;cases/tst_gcc-torture-execute-921016-1.c:16: }
                            200 ;	genEndFunction
   00B1 C9            [10]  201 	ret
                            202 ;	Total __getSuiteName function size at codegen: 1 bytes.
   00B2                     203 ___numCases:
   00B2 01 00               204 	.dw #0x0001
   00B4                     205 ___str_4:
   00B4 67 63 63 2D 74 6F   206 	.ascii "gcc-torture-execute-921016-1.c"
        72 74 75 72 65 2D
        65 78 65 63 75 74
        65 2D 39 32 31 30
        31 36 2D 31 2E 63
   00D2 00                  207 	.db 0x00
                            208 	.area _CODE (BANK=_CSEG)
                            209 	.area _INITIALIZER
                            210 	.area _CABS (ABS)
