                              1 ;--------------------------------------------------------
                              2 ; File Created by SDCC : free open source ISO C Compiler
                              3 ; Version 4.6.2 #16710 (Linux)
                              4 ;--------------------------------------------------------
                              5 	.module tst_gcc_torture_execute_pr79450
                              6 	
                              7 ;--------------------------------------------------------
                              8 ; Public variables in this module
                              9 ;--------------------------------------------------------
                             10 	.globl _testTortureExecute
                             11 	.globl _foo
                             12 	.globl ___prints
                             13 	.globl ___fail
                             14 	.globl ___numCases
                             15 	.globl ___runSuite
                             16 	.globl ___getSuiteName
                             17 ;--------------------------------------------------------
                             18 ; special function registers
                             19 ;--------------------------------------------------------
                             20 ;--------------------------------------------------------
                             21 ; ram data
                             22 ;--------------------------------------------------------
                             23 	.area _DATA (BANK=_DSEG)
                             24 ;--------------------------------------------------------
                             25 ; ram data
                             26 ;--------------------------------------------------------
                             27 	.area _INITIALIZED
                             28 ;--------------------------------------------------------
                             29 ; absolute ram data
                             30 ;--------------------------------------------------------
                             31 	.area _DABS (ABS)
                             32 	.area _DABS (ABS)
                             33 ;--------------------------------------------------------
                             34 ; global & static initialisations
                             35 ;--------------------------------------------------------
                             36 	.area _HOME
                             37 	.area _GSINIT
                             38 	.area _GSFINAL
                             39 	.area _GSINIT
                             40 ;--------------------------------------------------------
                             41 ; Home
                             42 ;--------------------------------------------------------
                             43 	.area _HOME (BANK=_CSEG)
                             44 	.area _HOME (BANK=_CSEG)
                             45 ;--------------------------------------------------------
                             46 ; code
                             47 ;--------------------------------------------------------
                             48 	.area _CODE (BANK=_CSEG)
                             49 ;cases/./../tests/gcc-torture-execute-pr79450.c:13: foo (unsigned char x, unsigned long long y)
                             50 ;	genLabel
                             51 ;	genFunction
                             52 ;	---------------------------------
                             53 ; Function foo
                             54 ; ---------------------------------
                             55 ;	Register assignment might be sub-optimal.
                             56 ; Stack space usage: 8 bytes.
   0000                      57 _foo::
   0000 DD E5         [15]   58 	push	ix
   0002 DD 21 00 00   [14]   59 	ld	ix,	#0
   0006 DD 39         [15]   60 	add	ix, sp
                             61 ;	adjustStack by -8
   0008 21 F8 FF      [10]   62 	ld	hl, #-8
   000B 39            [11]   63 	add	hl, sp
   000C F9            [ 6]   64 	ld	sp, hl
                             65 ;	genReceive
                             66 ;	genMove_o size 1 result type 2 source type 2 a_dead 1 hl_dead 1 de_dead 1 iy_dead 1 f_dead 1
   000D 5F            [ 4]   67 	ld	e, a
                             68 ;	genMove_o size 0 result type 2 source type 1 a_dead 1 hl_dead 1 de_dead 1 iy_dead 1 f_dead 1
                             69 ;cases/./../tests/gcc-torture-execute-pr79450.c:15: do
                             70 ;	genNot
   000E DD 7E 0B      [19]   71 	ld	a, 11 (ix)
   0011 DD B6 0A      [19]   72 	or	a, 10 (ix)
   0014 DD B6 09      [19]   73 	or	a, 9 (ix)
   0017 DD B6 08      [19]   74 	or	a, 8 (ix)
   001A DD B6 07      [19]   75 	or	a, 7 (ix)
   001D DD B6 06      [19]   76 	or	a, 6 (ix)
   0020 DD B6 05      [19]   77 	or	a, 5 (ix)
   0023 DD B6 04      [19]   78 	or	a, 4 (ix)
   0026 D6 01         [ 7]   79 	sub	a, #0x01
   0028 3E 00         [ 7]   80 	ld	a, #0x00
   002A 17            [ 4]   81 	rla
   002B 4F            [ 4]   82 	ld	c, a
                             83 ;	genMove_o size 0 result type 2 source type 1 a_dead 1 hl_dead 0 de_dead 0 iy_dead 1 f_dead 1
                             84 ;	genLabel
   002C                      85 00101$:
                             86 ;cases/./../tests/gcc-torture-execute-pr79450.c:17: x &= !y;
                             87 ;	genCast
                             88 ;	genMove_o size 1 result type 2 source type 2 a_dead 1 hl_dead 1 de_dead 0 iy_dead 1 f_dead 1
   002C 79            [ 4]   89 	ld	a, c
                             90 ;	genMove_o size 0 result type 2 source type 1 a_dead 1 hl_dead 1 de_dead 0 iy_dead 1 f_dead 1
                             91 ;	genAnd
   002D A3            [ 4]   92 	and	a, e
                             93 ;	genMove_o size 1 result type 2 source type 2 a_dead 1 hl_dead 1 de_dead 0 iy_dead 1 f_dead 1
                             94 ;cases/./../tests/gcc-torture-execute-pr79450.c:18: x %= 24;
                             95 ;	genCast
                             96 ;	(locations are the same)
                             97 ;	genSend
   002E C5            [11]   98 	push	bc
                             99 ;	genMove_o size 1 result type 2 source type 1 a_dead 0 hl_dead 1 de_dead 1 iy_dead 1 f_dead 1
   002F 2E 18         [ 7]  100 	ld	l, #0x18
                            101 ;	genSend
                            102 ;	genMove_o size 1 result type 2 source type 2 a_dead 1 hl_dead 0 de_dead 1 iy_dead 1 f_dead 1
                            103 ;	genCall
   0031 CDr00s00      [17]  104 	call	__moduchar
                            105 ;	genMove_o size 1 result type 2 source type 2 a_dead 1 hl_dead 1 de_dead 1 iy_dead 1 f_dead 1
   0034 C1            [10]  106 	pop	bc
                            107 ;	genCast
                            108 ;	(locations are the same)
                            109 ;cases/./../tests/gcc-torture-execute-pr79450.c:20: while (x < y);
                            110 ;	genCast
                            111 ;	genMove_o size 1 result type 6 source type 2 a_dead 1 hl_dead 1 de_dead 0 iy_dead 1 f_dead 1
   0035 DD 73 F8      [19]  112 	ld	-8 (ix), e
                            113 ;	genMove_o size 0 result type 6 source type 1 a_dead 1 hl_dead 1 de_dead 0 iy_dead 1 f_dead 1
                            114 ;	genMove_o size 7 result type 6 source type 1 a_dead 1 hl_dead 1 de_dead 0 iy_dead 0 f_dead 1
   0038 AF            [ 4]  115 	xor	a, a
   0039 DD 77 F9      [19]  116 	ld	-7 (ix), a
   003C DD 77 FA      [19]  117 	ld	-6 (ix), a
   003F DD 77 FB      [19]  118 	ld	-5 (ix), a
   0042 DD 77 FC      [19]  119 	ld	-4 (ix), a
   0045 DD 77 FD      [19]  120 	ld	-3 (ix), a
   0048 DD 77 FE      [19]  121 	ld	-2 (ix), a
   004B DD 77 FF      [19]  122 	ld	-1 (ix), a
                            123 ;	genCmpLt
   004E DD 7E F8      [19]  124 	ld	a, -8 (ix)
   0051 DD 96 04      [19]  125 	sub	a, 4 (ix)
   0054 3E 00         [ 7]  126 	ld	a, #0x00
   0056 DD 9E 05      [19]  127 	sbc	a, 5 (ix)
   0059 3E 00         [ 7]  128 	ld	a, #0x00
   005B DD 9E 06      [19]  129 	sbc	a, 6 (ix)
   005E 3E 00         [ 7]  130 	ld	a, #0x00
   0060 DD 9E 07      [19]  131 	sbc	a, 7 (ix)
   0063 3E 00         [ 7]  132 	ld	a, #0x00
   0065 DD 9E 08      [19]  133 	sbc	a, 8 (ix)
   0068 3E 00         [ 7]  134 	ld	a, #0x00
   006A DD 9E 09      [19]  135 	sbc	a, 9 (ix)
   006D 3E 00         [ 7]  136 	ld	a, #0x00
   006F DD 9E 0A      [19]  137 	sbc	a, 10 (ix)
   0072 3E 00         [ 7]  138 	ld	a, #0x00
   0074 DD 9E 0B      [19]  139 	sbc	a, 11 (ix)
                            140 ; common peephole 163 changed absolute to relative conditional jump.
   0077 38 B3         [12]  141 	jr	c, 00101$
                            142 ;	skipping generated iCode
                            143 ;cases/./../tests/gcc-torture-execute-pr79450.c:21: return x + y;
                            144 ;	genCast
                            145 ;	genMove_o size 1 result type 2 source type 2 a_dead 1 hl_dead 1 de_dead 1 iy_dead 1 f_dead 1
                            146 ;	genMove_o size 1 result type 2 source type 1 a_dead 1 hl_dead 1 de_dead 0 iy_dead 1 f_dead 1
   0079 16 00         [ 7]  147 	ld	d, #0x00
                            148 ;	genCast
                            149 ;	genMove_o size 2 result type 2 source type 6 a_dead 1 hl_dead 1 de_dead 0 iy_dead 1 f_dead 1
   007B DD 6E 04      [19]  150 	ld	l, 4 (ix)
   007E DD 66 05      [19]  151 	ld	h, 5 (ix)
                            152 ;	genMove_o size 0 result type 2 source type 1 a_dead 1 hl_dead 1 de_dead 0 iy_dead 1 f_dead 1
                            153 ;	genPlus
   0081 19            [11]  154 	add	hl, de
                            155 ;	genMove_o size 2 result type 2 source type 2 a_dead 1 hl_dead 1 de_dead 0 iy_dead 1 f_dead 1
   0082 EB            [ 4]  156 	ex	de, hl
                            157 ;	genMove_o size 0 result type 2 source type 1 a_dead 1 hl_dead 1 de_dead 1 iy_dead 1 f_dead 1
                            158 ;	genRet
                            159 ;	genMove_o size 2 result type 2 source type 2 a_dead 1 hl_dead 1 de_dead 1 iy_dead 1 f_dead 1
                            160 ;	genLabel
                            161 ; common peephole 159 removed unused label 00104$.
                            162 ;cases/./../tests/gcc-torture-execute-pr79450.c:22: }
                            163 ;	genEndFunction
   0083 DD F9         [10]  164 	ld	sp, ix
   0085 DD E1         [14]  165 	pop	ix
   0087 E1            [10]  166 	pop	hl
                            167 ;	adjustStack by 8
   0088 F1            [10]  168 	pop	af
   0089 F1            [10]  169 	pop	af
   008A F1            [10]  170 	pop	af
   008B F1            [10]  171 	pop	af
   008C E9            [ 4]  172 	jp	(hl)
                            173 ;	Total foo function size at codegen: 10 bytes.
                            174 ;cases/./../tests/gcc-torture-execute-pr79450.c:25: testTortureExecute (void)
                            175 ;	genLabel
                            176 ;	genFunction
                            177 ;	---------------------------------
                            178 ; Function testTortureExecute
                            179 ; ---------------------------------
                            180 ;	Register assignment might be sub-optimal.
                            181 ; Stack space usage: 0 bytes.
   008D                     182 _testTortureExecute::
                            183 ;cases/./../tests/gcc-torture-execute-pr79450.c:27: unsigned int x = foo (1, 0);
                            184 ;	genIpush
                            185 ;	genMove_o size 2 result type 2 source type 1 a_dead 1 hl_dead 1 de_dead 1 iy_dead 1 f_dead 1
   008D 21 00 00      [10]  186 	ld	hl, #0x0000
   0090 E5            [11]  187 	push	hl
                            188 ;	genMove_o size 2 result type 2 source type 1 a_dead 1 hl_dead 1 de_dead 1 iy_dead 1 f_dead 1
   0091 E5            [11]  189 	push	hl
                            190 ;	genMove_o size 2 result type 2 source type 1 a_dead 1 hl_dead 1 de_dead 1 iy_dead 1 f_dead 1
   0092 E5            [11]  191 	push	hl
                            192 ;	genMove_o size 2 result type 2 source type 1 a_dead 1 hl_dead 1 de_dead 1 iy_dead 1 f_dead 1
   0093 E5            [11]  193 	push	hl
                            194 ;	genSend
                            195 ;	genMove_o size 1 result type 2 source type 1 a_dead 1 hl_dead 1 de_dead 1 iy_dead 1 f_dead 1
   0094 3E 01         [ 7]  196 	ld	a, #0x01
                            197 ;	genCall
   0096 CDr00s00      [17]  198 	call	_foo
                            199 ;	genMove_o size 2 result type 2 source type 2 a_dead 1 hl_dead 1 de_dead 1 iy_dead 1 f_dead 1
                            200 ;cases/./../tests/gcc-torture-execute-pr79450.c:28: if (x != 1)
                            201 ;	genCmpEq
                            202 ;	genMove_o size 1 result type 2 source type 2 a_dead 1 hl_dead 1 de_dead 0 iy_dead 0 f_dead 1
   0099 7B            [ 4]  203 	ld	a, e
                            204 ;	genMove_o size 0 result type 2 source type 1 a_dead 1 hl_dead 1 de_dead 0 iy_dead 0 f_dead 1
   009A 3D            [ 4]  205 	dec	a
   009B B2            [ 4]  206 	or	a, d
   009C C8            [11]  207 	ret	z
                            208 ; common peephole 161 replaced jump by return.
                            209 ; common peephole 81 removed jp by using inverse jump logic
                            210 ; common peephole 159 removed unused label 00113$.
                            211 ;	skipping generated iCode
                            212 ;cases/./../tests/gcc-torture-execute-pr79450.c:29: ASSERT (0);
                            213 ;	genPlus
                            214 ;	genMove_o size 2 result type 2 source type 10 a_dead 1 hl_dead 1 de_dead 1 iy_dead 1 f_dead 1
   009D 2Ar00s00      [16]  215 	ld	hl, (___numTests)
   00A0 23            [ 6]  216 	inc	hl
                            217 ;	genMove_o size 2 result type 10 source type 2 a_dead 1 hl_dead 1 de_dead 1 iy_dead 1 f_dead 1
   00A1 22r00s00      [16]  218 	ld	(___numTests), hl
                            219 ;	skipping iCode since result will be rematerialized
                            220 ;	skipping iCode since result will be rematerialized
                            221 ;	skipping iCode since result will be rematerialized
                            222 ;	skipping iCode since result will be rematerialized
                            223 ;	skipping iCode since result will be rematerialized
                            224 ;	skipping iCode since result will be rematerialized
                            225 ;	genIpush
                            226 ;	genMove_o size 2 result type 2 source type 1 a_dead 1 hl_dead 1 de_dead 1 iy_dead 1 f_dead 1
   00A4 21 1D 00      [10]  227 	ld	hl, #0x001d
   00A7 E5            [11]  228 	push	hl
                            229 ;	genIpush
                            230 ;	genMove_o size 2 result type 2 source type 7 a_dead 1 hl_dead 1 de_dead 1 iy_dead 1 f_dead 1
   00A8 21rC9s00      [10]  231 	ld	hl, #__str_2
   00AB E5            [11]  232 	push	hl
                            233 ;	genSend
                            234 ;	genMove_o size 2 result type 2 source type 7 a_dead 1 hl_dead 1 de_dead 1 iy_dead 1 f_dead 1
   00AC 11rC7s00      [10]  235 	ld	de, #__str_1
                            236 ;	genSend
                            237 ;	genMove_o size 2 result type 2 source type 7 a_dead 1 hl_dead 1 de_dead 0 iy_dead 1 f_dead 1
   00AF 21rB6s00      [10]  238 	ld	hl, #__str_0
                            239 ;	genCall
   00B2 CDr00s00      [17]  240 	call	___fail
                            241 ;	genLabel
                            242 ; common peephole 159 removed unused label 00102$.
                            243 ;cases/./../tests/gcc-torture-execute-pr79450.c:30: return;
                            244 ;	genRet
                            245 ;	genLabel
                            246 ; common peephole 159 removed unused label 00103$.
                            247 ;cases/./../tests/gcc-torture-execute-pr79450.c:31: }
                            248 ;	genEndFunction
   00B5 C9            [10]  249 	ret
                            250 ;	Total testTortureExecute function size at codegen: 1 bytes.
   00B6                     251 __str_0:
   00B6 41 73 73 65 72 74   252 	.ascii "Assertion failed"
        69 6F 6E 20 66 61
        69 6C 65 64
   00C6 00                  253 	.db 0x00
   00C7                     254 __str_1:
   00C7 30                  255 	.ascii "0"
   00C8 00                  256 	.db 0x00
   00C9                     257 __str_2:
   00C9 63 61 73 65 73 2F   258 	.ascii "cases/./../tests/gcc-torture-execute-pr79450.c"
        2E 2F 2E 2E 2F 74
        65 73 74 73 2F 67
        63 63 2D 74 6F 72
        74 75 72 65 2D 65
        78 65 63 75 74 65
        2D 70 72 37 39 34
        35 30 2E 63
   00F7 00                  259 	.db 0x00
                            260 ;cases/tst_gcc-torture-execute-pr79450.c:4: __runSuite(void)
                            261 ;	genLabel
                            262 ;	genFunction
                            263 ;	---------------------------------
                            264 ; Function __runSuite
                            265 ; ---------------------------------
                            266 ;	Register assignment is optimal.
                            267 ; Stack space usage: 0 bytes.
   00F8                     268 ___runSuite::
                            269 ;cases/tst_gcc-torture-execute-pr79450.c:6: __prints("Running testTortureExecute\n");
                            270 ;	skipping iCode since result will be rematerialized
                            271 ;	skipping iCode since result will be rematerialized
                            272 ;	genSend
                            273 ;	genMove_o size 2 result type 2 source type 7 a_dead 1 hl_dead 1 de_dead 1 iy_dead 1 f_dead 1
   00F8 21r01s01      [10]  274 	ld	hl, #___str_3
                            275 ;	genCall
   00FB CDr00s00      [17]  276 	call	___prints
                            277 ;cases/tst_gcc-torture-execute-pr79450.c:7: testTortureExecute();
                            278 ;	genCall
                            279 ;	genLabel
                            280 ; common peephole 159 removed unused label 00101$.
                            281 ;cases/tst_gcc-torture-execute-pr79450.c:8: }
                            282 ;	genEndFunction
   00FE C3r8Ds00      [10]  283 	jp	_testTortureExecute
                            284 ; common peephole 152 removed unused ret.
                            285 ;	Total __runSuite function size at codegen: 1 bytes.
   0101                     286 ___str_3:
   0101 52 75 6E 6E 69 6E   287 	.ascii "Running testTortureExecute"
        67 20 74 65 73 74
        54 6F 72 74 75 72
        65 45 78 65 63 75
        74 65
   011B 0A                  288 	.db 0x0a
   011C 00                  289 	.db 0x00
                            290 ;cases/tst_gcc-torture-execute-pr79450.c:13: __getSuiteName(void)
                            291 ;	genLabel
                            292 ;	genFunction
                            293 ;	---------------------------------
                            294 ; Function __getSuiteName
                            295 ; ---------------------------------
                            296 ;	Register assignment is optimal.
                            297 ; Stack space usage: 0 bytes.
   011D                     298 ___getSuiteName::
                            299 ;cases/tst_gcc-torture-execute-pr79450.c:15: return "gcc-torture-execute-pr79450.c";
                            300 ;	skipping iCode since result will be rematerialized
                            301 ;	skipping iCode since result will be rematerialized
                            302 ;	genRet
                            303 ;	genMove_o size 2 result type 2 source type 7 a_dead 1 hl_dead 1 de_dead 1 iy_dead 1 f_dead 1
   011D 11r23s01      [10]  304 	ld	de, #___str_4
                            305 ;	genLabel
                            306 ; common peephole 159 removed unused label 00101$.
                            307 ;cases/tst_gcc-torture-execute-pr79450.c:16: }
                            308 ;	genEndFunction
   0120 C9            [10]  309 	ret
                            310 ;	Total __getSuiteName function size at codegen: 1 bytes.
   0121                     311 ___numCases:
   0121 01 00               312 	.dw #0x0001
   0123                     313 ___str_4:
   0123 67 63 63 2D 74 6F   314 	.ascii "gcc-torture-execute-pr79450.c"
        72 74 75 72 65 2D
        65 78 65 63 75 74
        65 2D 70 72 37 39
        34 35 30 2E 63
   0140 00                  315 	.db 0x00
                            316 	.area _CODE (BANK=_CSEG)
                            317 	.area _INITIALIZER
                            318 	.area _CABS (ABS)
