                              1 ;--------------------------------------------------------
                              2 ; File Created by SDCC : free open source ISO C Compiler
                              3 ; Version 4.6.2 #16710 (Linux)
                              4 ;--------------------------------------------------------
                              5 	.module tst_bug_3728
                              6 	
                              7 ;--------------------------------------------------------
                              8 ; Public variables in this module
                              9 ;--------------------------------------------------------
                             10 	.globl _strncmp
                             11 	.globl _strcmp
                             12 	.globl _memcmp
                             13 	.globl ___prints
                             14 	.globl ___fail
                             15 	.globl ___numCases
                             16 	.globl _s200
                             17 	.globl _s100
                             18 	.globl _s1
                             19 	.globl _s0
                             20 	.globl ___runSuite
                             21 	.globl ___getSuiteName
                             22 ;--------------------------------------------------------
                             23 ; special function registers
                             24 ;--------------------------------------------------------
                             25 ;--------------------------------------------------------
                             26 ; ram data
                             27 ;--------------------------------------------------------
                             28 	.area _DATA (BANK=_DSEG)
                             29 ;--------------------------------------------------------
                             30 ; ram data
                             31 ;--------------------------------------------------------
                             32 	.area _INITIALIZED
                             33 ;--------------------------------------------------------
                             34 ; absolute ram data
                             35 ;--------------------------------------------------------
                             36 	.area _DABS (ABS)
                             37 	.area _DABS (ABS)
                             38 ;--------------------------------------------------------
                             39 ; global & static initialisations
                             40 ;--------------------------------------------------------
                             41 	.area _HOME
                             42 	.area _GSINIT
                             43 	.area _GSFINAL
                             44 	.area _GSINIT
                             45 ;--------------------------------------------------------
                             46 ; Home
                             47 ;--------------------------------------------------------
                             48 	.area _HOME (BANK=_CSEG)
                             49 	.area _HOME (BANK=_CSEG)
                             50 ;--------------------------------------------------------
                             51 ; code
                             52 ;--------------------------------------------------------
                             53 	.area _CODE (BANK=_CSEG)
                             54 ;cases/./../tests/bug-3728.c:14: teststrcmp (void)
                             55 ;	genLabel
                             56 ;	genFunction
                             57 ;	---------------------------------
                             58 ; Function teststrcmp
                             59 ; ---------------------------------
                             60 ;	Register assignment might be sub-optimal.
                             61 ; Stack space usage: 0 bytes.
   0000                      62 _teststrcmp:
                             63 ;cases/./../tests/bug-3728.c:16: ASSERT (strcmp(s0, s1) < 0);
                             64 ;	genPlus
                             65 ;	genMove_o size 2 result type 2 source type 10 a_dead 1 hl_dead 1 de_dead 1 iy_dead 1 f_dead 1
   0000 2Ar00s00      [16]   66 	ld	hl, (___numTests)
   0003 23            [ 6]   67 	inc	hl
                             68 ;	genMove_o size 2 result type 10 source type 2 a_dead 1 hl_dead 1 de_dead 1 iy_dead 1 f_dead 1
   0004 22r00s00      [16]   69 	ld	(___numTests), hl
                             70 ;	skipping iCode since result will be rematerialized
                             71 ;	skipping iCode since result will be rematerialized
                             72 ;	skipping iCode since result will be rematerialized
                             73 ;	skipping iCode since result will be rematerialized
                             74 ;	genSend
                             75 ;	genMove_o size 2 result type 2 source type 7 a_dead 1 hl_dead 1 de_dead 1 iy_dead 1 f_dead 1
   0007 11r0Ds04      [10]   76 	ld	de, #_s1
                             77 ;	genSend
                             78 ;	genMove_o size 2 result type 2 source type 7 a_dead 1 hl_dead 1 de_dead 0 iy_dead 1 f_dead 1
   000A 21r0Bs04      [10]   79 	ld	hl, #_s0
                             80 ;	genCall
   000D CDr00s00      [17]   81 	call	_strcmp
                             82 ;	genMove_o size 2 result type 2 source type 2 a_dead 1 hl_dead 1 de_dead 1 iy_dead 1 f_dead 1
                             83 ;	genCmpLt
   0010 CB 7A         [ 8]   84 	bit	7, d
                             85 ; common peephole 163 changed absolute to relative conditional jump.
   0012 20 11         [12]   86 	jr	nz, 00104$
                             87 ;	skipping generated iCode
                             88 ;	skipping iCode since result will be rematerialized
                             89 ;	skipping iCode since result will be rematerialized
                             90 ;	skipping iCode since result will be rematerialized
                             91 ;	skipping iCode since result will be rematerialized
                             92 ;	skipping iCode since result will be rematerialized
                             93 ;	skipping iCode since result will be rematerialized
                             94 ;	genIpush
                             95 ;	genMove_o size 2 result type 2 source type 1 a_dead 1 hl_dead 1 de_dead 1 iy_dead 1 f_dead 1
   0014 21 10 00      [10]   96 	ld	hl, #0x0010
   0017 E5            [11]   97 	push	hl
                             98 ;	genIpush
                             99 ;	genMove_o size 2 result type 2 source type 7 a_dead 1 hl_dead 1 de_dead 1 iy_dead 1 f_dead 1
   0018 21r37s04      [10]  100 	ld	hl, #___str_2
   001B E5            [11]  101 	push	hl
                            102 ;	genSend
                            103 ;	genMove_o size 2 result type 2 source type 7 a_dead 1 hl_dead 1 de_dead 1 iy_dead 1 f_dead 1
   001C 11r24s04      [10]  104 	ld	de, #___str_1
                            105 ;	genSend
                            106 ;	genMove_o size 2 result type 2 source type 7 a_dead 1 hl_dead 1 de_dead 0 iy_dead 1 f_dead 1
   001F 21r13s04      [10]  107 	ld	hl, #___str_0
                            108 ;	genCall
   0022 CDr00s00      [17]  109 	call	___fail
                            110 ;	genLabel
   0025                     111 00104$:
                            112 ;cases/./../tests/bug-3728.c:17: ASSERT (strncmp(s0, s1, 2) < 0);
                            113 ;	genPlus
                            114 ;	genMove_o size 2 result type 2 source type 10 a_dead 1 hl_dead 1 de_dead 1 iy_dead 1 f_dead 1
   0025 2Ar00s00      [16]  115 	ld	hl, (___numTests)
   0028 23            [ 6]  116 	inc	hl
                            117 ;	genMove_o size 2 result type 10 source type 2 a_dead 1 hl_dead 1 de_dead 1 iy_dead 1 f_dead 1
   0029 22r00s00      [16]  118 	ld	(___numTests), hl
                            119 ;	genIpush
                            120 ;	genMove_o size 2 result type 2 source type 1 a_dead 1 hl_dead 1 de_dead 1 iy_dead 1 f_dead 1
   002C 21 02 00      [10]  121 	ld	hl, #0x0002
   002F E5            [11]  122 	push	hl
                            123 ;	genSend
                            124 ;	genMove_o size 2 result type 2 source type 7 a_dead 1 hl_dead 1 de_dead 1 iy_dead 1 f_dead 1
   0030 11r0Ds04      [10]  125 	ld	de, #_s1
                            126 ;	genSend
                            127 ;	genMove_o size 2 result type 2 source type 7 a_dead 1 hl_dead 1 de_dead 0 iy_dead 1 f_dead 1
   0033 21r0Bs04      [10]  128 	ld	hl, #_s0
                            129 ;	genCall
   0036 CDr00s00      [17]  130 	call	_strncmp
                            131 ;	genMove_o size 2 result type 2 source type 2 a_dead 1 hl_dead 1 de_dead 1 iy_dead 1 f_dead 1
                            132 ;	genCmpLt
   0039 CB 7A         [ 8]  133 	bit	7, d
                            134 ; common peephole 163 changed absolute to relative conditional jump.
   003B 20 11         [12]  135 	jr	nz, 00106$
                            136 ;	skipping generated iCode
                            137 ;	skipping iCode since result will be rematerialized
                            138 ;	skipping iCode since result will be rematerialized
                            139 ;	skipping iCode since result will be rematerialized
                            140 ;	skipping iCode since result will be rematerialized
                            141 ;	skipping iCode since result will be rematerialized
                            142 ;	skipping iCode since result will be rematerialized
                            143 ;	genIpush
                            144 ;	genMove_o size 2 result type 2 source type 1 a_dead 1 hl_dead 1 de_dead 1 iy_dead 1 f_dead 1
   003D 21 11 00      [10]  145 	ld	hl, #0x0011
   0040 E5            [11]  146 	push	hl
                            147 ;	genIpush
                            148 ;	genMove_o size 2 result type 2 source type 7 a_dead 1 hl_dead 1 de_dead 1 iy_dead 1 f_dead 1
   0041 21r37s04      [10]  149 	ld	hl, #___str_2
   0044 E5            [11]  150 	push	hl
                            151 ;	genSend
                            152 ;	genMove_o size 2 result type 2 source type 7 a_dead 1 hl_dead 1 de_dead 1 iy_dead 1 f_dead 1
   0045 11r53s04      [10]  153 	ld	de, #___str_3
                            154 ;	genSend
                            155 ;	genMove_o size 2 result type 2 source type 7 a_dead 1 hl_dead 1 de_dead 0 iy_dead 1 f_dead 1
   0048 21r13s04      [10]  156 	ld	hl, #___str_0
                            157 ;	genCall
   004B CDr00s00      [17]  158 	call	___fail
                            159 ;	genLabel
   004E                     160 00106$:
                            161 ;cases/./../tests/bug-3728.c:18: ASSERT (memcmp(s0, s1, 2) < 0);
                            162 ;	genPlus
                            163 ;	genMove_o size 2 result type 2 source type 10 a_dead 1 hl_dead 1 de_dead 1 iy_dead 1 f_dead 1
   004E 2Ar00s00      [16]  164 	ld	hl, (___numTests)
   0051 23            [ 6]  165 	inc	hl
                            166 ;	genMove_o size 2 result type 10 source type 2 a_dead 1 hl_dead 1 de_dead 1 iy_dead 1 f_dead 1
   0052 22r00s00      [16]  167 	ld	(___numTests), hl
                            168 ;	skipping iCode since result will be rematerialized
                            169 ;	skipping iCode since result will be rematerialized
                            170 ;	genIpush
                            171 ;	genMove_o size 2 result type 2 source type 1 a_dead 1 hl_dead 1 de_dead 1 iy_dead 1 f_dead 1
   0055 21 02 00      [10]  172 	ld	hl, #0x0002
   0058 E5            [11]  173 	push	hl
                            174 ;	genSend
                            175 ;	genMove_o size 2 result type 2 source type 7 a_dead 1 hl_dead 1 de_dead 1 iy_dead 1 f_dead 1
   0059 11r0Ds04      [10]  176 	ld	de, #_s1
                            177 ;	genSend
                            178 ;	genMove_o size 2 result type 2 source type 7 a_dead 1 hl_dead 1 de_dead 0 iy_dead 1 f_dead 1
   005C 21r0Bs04      [10]  179 	ld	hl, #_s0
                            180 ;	genCall
   005F CDr00s00      [17]  181 	call	_memcmp
                            182 ;	genMove_o size 2 result type 2 source type 2 a_dead 1 hl_dead 1 de_dead 1 iy_dead 1 f_dead 1
                            183 ;	genCmpLt
   0062 CB 7A         [ 8]  184 	bit	7, d
                            185 ; common peephole 163 changed absolute to relative conditional jump.
   0064 20 11         [12]  186 	jr	nz, 00108$
                            187 ;	skipping generated iCode
                            188 ;	skipping iCode since result will be rematerialized
                            189 ;	skipping iCode since result will be rematerialized
                            190 ;	skipping iCode since result will be rematerialized
                            191 ;	skipping iCode since result will be rematerialized
                            192 ;	skipping iCode since result will be rematerialized
                            193 ;	skipping iCode since result will be rematerialized
                            194 ;	genIpush
                            195 ;	genMove_o size 2 result type 2 source type 1 a_dead 1 hl_dead 1 de_dead 1 iy_dead 1 f_dead 1
   0066 21 12 00      [10]  196 	ld	hl, #0x0012
   0069 E5            [11]  197 	push	hl
                            198 ;	genIpush
                            199 ;	genMove_o size 2 result type 2 source type 7 a_dead 1 hl_dead 1 de_dead 1 iy_dead 1 f_dead 1
   006A 21r37s04      [10]  200 	ld	hl, #___str_2
   006D E5            [11]  201 	push	hl
                            202 ;	genSend
                            203 ;	genMove_o size 2 result type 2 source type 7 a_dead 1 hl_dead 1 de_dead 1 iy_dead 1 f_dead 1
   006E 11r6As04      [10]  204 	ld	de, #___str_4
                            205 ;	genSend
                            206 ;	genMove_o size 2 result type 2 source type 7 a_dead 1 hl_dead 1 de_dead 0 iy_dead 1 f_dead 1
   0071 21r13s04      [10]  207 	ld	hl, #___str_0
                            208 ;	genCall
   0074 CDr00s00      [17]  209 	call	___fail
                            210 ;	genLabel
   0077                     211 00108$:
                            212 ;cases/./../tests/bug-3728.c:19: ASSERT (strcmp(s0, s100) < 0);
                            213 ;	genPlus
                            214 ;	genMove_o size 2 result type 2 source type 10 a_dead 1 hl_dead 1 de_dead 1 iy_dead 1 f_dead 1
   0077 2Ar00s00      [16]  215 	ld	hl, (___numTests)
   007A 23            [ 6]  216 	inc	hl
                            217 ;	genMove_o size 2 result type 10 source type 2 a_dead 1 hl_dead 1 de_dead 1 iy_dead 1 f_dead 1
   007B 22r00s00      [16]  218 	ld	(___numTests), hl
                            219 ;	skipping iCode since result will be rematerialized
                            220 ;	skipping iCode since result will be rematerialized
                            221 ;	genSend
                            222 ;	genMove_o size 2 result type 2 source type 7 a_dead 1 hl_dead 1 de_dead 1 iy_dead 1 f_dead 1
   007E 11r0Fs04      [10]  223 	ld	de, #_s100
                            224 ;	genSend
                            225 ;	genMove_o size 2 result type 2 source type 7 a_dead 1 hl_dead 1 de_dead 0 iy_dead 1 f_dead 1
   0081 21r0Bs04      [10]  226 	ld	hl, #_s0
                            227 ;	genCall
   0084 CDr00s00      [17]  228 	call	_strcmp
                            229 ;	genMove_o size 2 result type 2 source type 2 a_dead 1 hl_dead 1 de_dead 1 iy_dead 1 f_dead 1
                            230 ;	genCmpLt
   0087 CB 7A         [ 8]  231 	bit	7, d
                            232 ; common peephole 163 changed absolute to relative conditional jump.
   0089 20 11         [12]  233 	jr	nz, 00110$
                            234 ;	skipping generated iCode
                            235 ;	skipping iCode since result will be rematerialized
                            236 ;	skipping iCode since result will be rematerialized
                            237 ;	skipping iCode since result will be rematerialized
                            238 ;	skipping iCode since result will be rematerialized
                            239 ;	skipping iCode since result will be rematerialized
                            240 ;	skipping iCode since result will be rematerialized
                            241 ;	genIpush
                            242 ;	genMove_o size 2 result type 2 source type 1 a_dead 1 hl_dead 1 de_dead 1 iy_dead 1 f_dead 1
   008B 21 13 00      [10]  243 	ld	hl, #0x0013
   008E E5            [11]  244 	push	hl
                            245 ;	genIpush
                            246 ;	genMove_o size 2 result type 2 source type 7 a_dead 1 hl_dead 1 de_dead 1 iy_dead 1 f_dead 1
   008F 21r37s04      [10]  247 	ld	hl, #___str_2
   0092 E5            [11]  248 	push	hl
                            249 ;	genSend
                            250 ;	genMove_o size 2 result type 2 source type 7 a_dead 1 hl_dead 1 de_dead 1 iy_dead 1 f_dead 1
   0093 11r80s04      [10]  251 	ld	de, #___str_5
                            252 ;	genSend
                            253 ;	genMove_o size 2 result type 2 source type 7 a_dead 1 hl_dead 1 de_dead 0 iy_dead 1 f_dead 1
   0096 21r13s04      [10]  254 	ld	hl, #___str_0
                            255 ;	genCall
   0099 CDr00s00      [17]  256 	call	___fail
                            257 ;	genLabel
   009C                     258 00110$:
                            259 ;cases/./../tests/bug-3728.c:20: ASSERT (strncmp(s0, s100, 2) < 0);
                            260 ;	genPlus
                            261 ;	genMove_o size 2 result type 2 source type 10 a_dead 1 hl_dead 1 de_dead 1 iy_dead 1 f_dead 1
   009C 2Ar00s00      [16]  262 	ld	hl, (___numTests)
   009F 23            [ 6]  263 	inc	hl
                            264 ;	genMove_o size 2 result type 10 source type 2 a_dead 1 hl_dead 1 de_dead 1 iy_dead 1 f_dead 1
   00A0 22r00s00      [16]  265 	ld	(___numTests), hl
                            266 ;	genIpush
                            267 ;	genMove_o size 2 result type 2 source type 1 a_dead 1 hl_dead 1 de_dead 1 iy_dead 1 f_dead 1
   00A3 21 02 00      [10]  268 	ld	hl, #0x0002
   00A6 E5            [11]  269 	push	hl
                            270 ;	genSend
                            271 ;	genMove_o size 2 result type 2 source type 7 a_dead 1 hl_dead 1 de_dead 1 iy_dead 1 f_dead 1
   00A7 11r0Fs04      [10]  272 	ld	de, #_s100
                            273 ;	genSend
                            274 ;	genMove_o size 2 result type 2 source type 7 a_dead 1 hl_dead 1 de_dead 0 iy_dead 1 f_dead 1
   00AA 21r0Bs04      [10]  275 	ld	hl, #_s0
                            276 ;	genCall
   00AD CDr00s00      [17]  277 	call	_strncmp
                            278 ;	genMove_o size 2 result type 2 source type 2 a_dead 1 hl_dead 1 de_dead 1 iy_dead 1 f_dead 1
                            279 ;	genCmpLt
   00B0 CB 7A         [ 8]  280 	bit	7, d
                            281 ; common peephole 163 changed absolute to relative conditional jump.
   00B2 20 11         [12]  282 	jr	nz, 00112$
                            283 ;	skipping generated iCode
                            284 ;	skipping iCode since result will be rematerialized
                            285 ;	skipping iCode since result will be rematerialized
                            286 ;	skipping iCode since result will be rematerialized
                            287 ;	skipping iCode since result will be rematerialized
                            288 ;	skipping iCode since result will be rematerialized
                            289 ;	skipping iCode since result will be rematerialized
                            290 ;	genIpush
                            291 ;	genMove_o size 2 result type 2 source type 1 a_dead 1 hl_dead 1 de_dead 1 iy_dead 1 f_dead 1
   00B4 21 14 00      [10]  292 	ld	hl, #0x0014
   00B7 E5            [11]  293 	push	hl
                            294 ;	genIpush
                            295 ;	genMove_o size 2 result type 2 source type 7 a_dead 1 hl_dead 1 de_dead 1 iy_dead 1 f_dead 1
   00B8 21r37s04      [10]  296 	ld	hl, #___str_2
   00BB E5            [11]  297 	push	hl
                            298 ;	genSend
                            299 ;	genMove_o size 2 result type 2 source type 7 a_dead 1 hl_dead 1 de_dead 1 iy_dead 1 f_dead 1
   00BC 11r95s04      [10]  300 	ld	de, #___str_6
                            301 ;	genSend
                            302 ;	genMove_o size 2 result type 2 source type 7 a_dead 1 hl_dead 1 de_dead 0 iy_dead 1 f_dead 1
   00BF 21r13s04      [10]  303 	ld	hl, #___str_0
                            304 ;	genCall
   00C2 CDr00s00      [17]  305 	call	___fail
                            306 ;	genLabel
   00C5                     307 00112$:
                            308 ;cases/./../tests/bug-3728.c:21: ASSERT (memcmp(s0, s100, 2) < 0);
                            309 ;	genPlus
                            310 ;	genMove_o size 2 result type 2 source type 10 a_dead 1 hl_dead 1 de_dead 1 iy_dead 1 f_dead 1
   00C5 2Ar00s00      [16]  311 	ld	hl, (___numTests)
   00C8 23            [ 6]  312 	inc	hl
                            313 ;	genMove_o size 2 result type 10 source type 2 a_dead 1 hl_dead 1 de_dead 1 iy_dead 1 f_dead 1
   00C9 22r00s00      [16]  314 	ld	(___numTests), hl
                            315 ;	skipping iCode since result will be rematerialized
                            316 ;	genIpush
                            317 ;	genMove_o size 2 result type 2 source type 1 a_dead 1 hl_dead 1 de_dead 1 iy_dead 1 f_dead 1
   00CC 21 02 00      [10]  318 	ld	hl, #0x0002
   00CF E5            [11]  319 	push	hl
                            320 ;	genSend
                            321 ;	genMove_o size 2 result type 2 source type 7 a_dead 1 hl_dead 1 de_dead 1 iy_dead 1 f_dead 1
   00D0 11r0Fs04      [10]  322 	ld	de, #_s100
                            323 ;	genSend
                            324 ;	genMove_o size 2 result type 2 source type 7 a_dead 1 hl_dead 1 de_dead 0 iy_dead 1 f_dead 1
   00D3 21r0Bs04      [10]  325 	ld	hl, #_s0
                            326 ;	genCall
   00D6 CDr00s00      [17]  327 	call	_memcmp
                            328 ;	genMove_o size 2 result type 2 source type 2 a_dead 1 hl_dead 1 de_dead 1 iy_dead 1 f_dead 1
                            329 ;	genCmpLt
   00D9 CB 7A         [ 8]  330 	bit	7, d
                            331 ; common peephole 163 changed absolute to relative conditional jump.
   00DB 20 11         [12]  332 	jr	nz, 00114$
                            333 ;	skipping generated iCode
                            334 ;	skipping iCode since result will be rematerialized
                            335 ;	skipping iCode since result will be rematerialized
                            336 ;	skipping iCode since result will be rematerialized
                            337 ;	skipping iCode since result will be rematerialized
                            338 ;	skipping iCode since result will be rematerialized
                            339 ;	skipping iCode since result will be rematerialized
                            340 ;	genIpush
                            341 ;	genMove_o size 2 result type 2 source type 1 a_dead 1 hl_dead 1 de_dead 1 iy_dead 1 f_dead 1
   00DD 21 15 00      [10]  342 	ld	hl, #0x0015
   00E0 E5            [11]  343 	push	hl
                            344 ;	genIpush
                            345 ;	genMove_o size 2 result type 2 source type 7 a_dead 1 hl_dead 1 de_dead 1 iy_dead 1 f_dead 1
   00E1 21r37s04      [10]  346 	ld	hl, #___str_2
   00E4 E5            [11]  347 	push	hl
                            348 ;	genSend
                            349 ;	genMove_o size 2 result type 2 source type 7 a_dead 1 hl_dead 1 de_dead 1 iy_dead 1 f_dead 1
   00E5 11rAEs04      [10]  350 	ld	de, #___str_7
                            351 ;	genSend
                            352 ;	genMove_o size 2 result type 2 source type 7 a_dead 1 hl_dead 1 de_dead 0 iy_dead 1 f_dead 1
   00E8 21r13s04      [10]  353 	ld	hl, #___str_0
                            354 ;	genCall
   00EB CDr00s00      [17]  355 	call	___fail
                            356 ;	genLabel
   00EE                     357 00114$:
                            358 ;cases/./../tests/bug-3728.c:22: ASSERT (strcmp(s0, s200) < 0);
                            359 ;	genPlus
                            360 ;	genMove_o size 2 result type 2 source type 10 a_dead 1 hl_dead 1 de_dead 1 iy_dead 1 f_dead 1
   00EE 2Ar00s00      [16]  361 	ld	hl, (___numTests)
   00F1 23            [ 6]  362 	inc	hl
                            363 ;	genMove_o size 2 result type 10 source type 2 a_dead 1 hl_dead 1 de_dead 1 iy_dead 1 f_dead 1
   00F2 22r00s00      [16]  364 	ld	(___numTests), hl
                            365 ;	skipping iCode since result will be rematerialized
                            366 ;	skipping iCode since result will be rematerialized
                            367 ;	genSend
                            368 ;	genMove_o size 2 result type 2 source type 7 a_dead 1 hl_dead 1 de_dead 1 iy_dead 1 f_dead 1
   00F5 11r11s04      [10]  369 	ld	de, #_s200
                            370 ;	genSend
                            371 ;	genMove_o size 2 result type 2 source type 7 a_dead 1 hl_dead 1 de_dead 0 iy_dead 1 f_dead 1
   00F8 21r0Bs04      [10]  372 	ld	hl, #_s0
                            373 ;	genCall
   00FB CDr00s00      [17]  374 	call	_strcmp
                            375 ;	genMove_o size 2 result type 2 source type 2 a_dead 1 hl_dead 1 de_dead 1 iy_dead 1 f_dead 1
                            376 ;	genCmpLt
   00FE CB 7A         [ 8]  377 	bit	7, d
                            378 ; common peephole 163 changed absolute to relative conditional jump.
   0100 20 11         [12]  379 	jr	nz, 00116$
                            380 ;	skipping generated iCode
                            381 ;	skipping iCode since result will be rematerialized
                            382 ;	skipping iCode since result will be rematerialized
                            383 ;	skipping iCode since result will be rematerialized
                            384 ;	skipping iCode since result will be rematerialized
                            385 ;	skipping iCode since result will be rematerialized
                            386 ;	skipping iCode since result will be rematerialized
                            387 ;	genIpush
                            388 ;	genMove_o size 2 result type 2 source type 1 a_dead 1 hl_dead 1 de_dead 1 iy_dead 1 f_dead 1
   0102 21 16 00      [10]  389 	ld	hl, #0x0016
   0105 E5            [11]  390 	push	hl
                            391 ;	genIpush
                            392 ;	genMove_o size 2 result type 2 source type 7 a_dead 1 hl_dead 1 de_dead 1 iy_dead 1 f_dead 1
   0106 21r37s04      [10]  393 	ld	hl, #___str_2
   0109 E5            [11]  394 	push	hl
                            395 ;	genSend
                            396 ;	genMove_o size 2 result type 2 source type 7 a_dead 1 hl_dead 1 de_dead 1 iy_dead 1 f_dead 1
   010A 11rC6s04      [10]  397 	ld	de, #___str_8
                            398 ;	genSend
                            399 ;	genMove_o size 2 result type 2 source type 7 a_dead 1 hl_dead 1 de_dead 0 iy_dead 1 f_dead 1
   010D 21r13s04      [10]  400 	ld	hl, #___str_0
                            401 ;	genCall
   0110 CDr00s00      [17]  402 	call	___fail
                            403 ;	genLabel
   0113                     404 00116$:
                            405 ;cases/./../tests/bug-3728.c:23: ASSERT (strncmp(s0, s200, 2) < 0);
                            406 ;	genPlus
                            407 ;	genMove_o size 2 result type 2 source type 10 a_dead 1 hl_dead 1 de_dead 1 iy_dead 1 f_dead 1
   0113 2Ar00s00      [16]  408 	ld	hl, (___numTests)
   0116 23            [ 6]  409 	inc	hl
                            410 ;	genMove_o size 2 result type 10 source type 2 a_dead 1 hl_dead 1 de_dead 1 iy_dead 1 f_dead 1
   0117 22r00s00      [16]  411 	ld	(___numTests), hl
                            412 ;	genIpush
                            413 ;	genMove_o size 2 result type 2 source type 1 a_dead 1 hl_dead 1 de_dead 1 iy_dead 1 f_dead 1
   011A 21 02 00      [10]  414 	ld	hl, #0x0002
   011D E5            [11]  415 	push	hl
                            416 ;	genSend
                            417 ;	genMove_o size 2 result type 2 source type 7 a_dead 1 hl_dead 1 de_dead 1 iy_dead 1 f_dead 1
   011E 11r11s04      [10]  418 	ld	de, #_s200
                            419 ;	genSend
                            420 ;	genMove_o size 2 result type 2 source type 7 a_dead 1 hl_dead 1 de_dead 0 iy_dead 1 f_dead 1
   0121 21r0Bs04      [10]  421 	ld	hl, #_s0
                            422 ;	genCall
   0124 CDr00s00      [17]  423 	call	_strncmp
                            424 ;	genMove_o size 2 result type 2 source type 2 a_dead 1 hl_dead 1 de_dead 1 iy_dead 1 f_dead 1
                            425 ;	genCmpLt
   0127 CB 7A         [ 8]  426 	bit	7, d
                            427 ; common peephole 163 changed absolute to relative conditional jump.
   0129 20 11         [12]  428 	jr	nz, 00118$
                            429 ;	skipping generated iCode
                            430 ;	skipping iCode since result will be rematerialized
                            431 ;	skipping iCode since result will be rematerialized
                            432 ;	skipping iCode since result will be rematerialized
                            433 ;	skipping iCode since result will be rematerialized
                            434 ;	skipping iCode since result will be rematerialized
                            435 ;	skipping iCode since result will be rematerialized
                            436 ;	genIpush
                            437 ;	genMove_o size 2 result type 2 source type 1 a_dead 1 hl_dead 1 de_dead 1 iy_dead 1 f_dead 1
   012B 21 17 00      [10]  438 	ld	hl, #0x0017
   012E E5            [11]  439 	push	hl
                            440 ;	genIpush
                            441 ;	genMove_o size 2 result type 2 source type 7 a_dead 1 hl_dead 1 de_dead 1 iy_dead 1 f_dead 1
   012F 21r37s04      [10]  442 	ld	hl, #___str_2
   0132 E5            [11]  443 	push	hl
                            444 ;	genSend
                            445 ;	genMove_o size 2 result type 2 source type 7 a_dead 1 hl_dead 1 de_dead 1 iy_dead 1 f_dead 1
   0133 11rDBs04      [10]  446 	ld	de, #___str_9
                            447 ;	genSend
                            448 ;	genMove_o size 2 result type 2 source type 7 a_dead 1 hl_dead 1 de_dead 0 iy_dead 1 f_dead 1
   0136 21r13s04      [10]  449 	ld	hl, #___str_0
                            450 ;	genCall
   0139 CDr00s00      [17]  451 	call	___fail
                            452 ;	genLabel
   013C                     453 00118$:
                            454 ;cases/./../tests/bug-3728.c:24: ASSERT (memcmp(s0, s200, 2) < 0);
                            455 ;	genPlus
                            456 ;	genMove_o size 2 result type 2 source type 10 a_dead 1 hl_dead 1 de_dead 1 iy_dead 1 f_dead 1
   013C 2Ar00s00      [16]  457 	ld	hl, (___numTests)
   013F 23            [ 6]  458 	inc	hl
                            459 ;	genMove_o size 2 result type 10 source type 2 a_dead 1 hl_dead 1 de_dead 1 iy_dead 1 f_dead 1
   0140 22r00s00      [16]  460 	ld	(___numTests), hl
                            461 ;	skipping iCode since result will be rematerialized
                            462 ;	genIpush
                            463 ;	genMove_o size 2 result type 2 source type 1 a_dead 1 hl_dead 1 de_dead 1 iy_dead 1 f_dead 1
   0143 21 02 00      [10]  464 	ld	hl, #0x0002
   0146 E5            [11]  465 	push	hl
                            466 ;	genSend
                            467 ;	genMove_o size 2 result type 2 source type 7 a_dead 1 hl_dead 1 de_dead 1 iy_dead 1 f_dead 1
   0147 11r11s04      [10]  468 	ld	de, #_s200
                            469 ;	genSend
                            470 ;	genMove_o size 2 result type 2 source type 7 a_dead 1 hl_dead 1 de_dead 0 iy_dead 1 f_dead 1
   014A 21r0Bs04      [10]  471 	ld	hl, #_s0
                            472 ;	genCall
   014D CDr00s00      [17]  473 	call	_memcmp
                            474 ;	genMove_o size 2 result type 2 source type 2 a_dead 1 hl_dead 1 de_dead 1 iy_dead 1 f_dead 1
                            475 ;	genCmpLt
   0150 CB 7A         [ 8]  476 	bit	7, d
                            477 ; common peephole 163 changed absolute to relative conditional jump.
   0152 20 11         [12]  478 	jr	nz, 00120$
                            479 ;	skipping generated iCode
                            480 ;	skipping iCode since result will be rematerialized
                            481 ;	skipping iCode since result will be rematerialized
                            482 ;	skipping iCode since result will be rematerialized
                            483 ;	skipping iCode since result will be rematerialized
                            484 ;	skipping iCode since result will be rematerialized
                            485 ;	skipping iCode since result will be rematerialized
                            486 ;	genIpush
                            487 ;	genMove_o size 2 result type 2 source type 1 a_dead 1 hl_dead 1 de_dead 1 iy_dead 1 f_dead 1
   0154 21 18 00      [10]  488 	ld	hl, #0x0018
   0157 E5            [11]  489 	push	hl
                            490 ;	genIpush
                            491 ;	genMove_o size 2 result type 2 source type 7 a_dead 1 hl_dead 1 de_dead 1 iy_dead 1 f_dead 1
   0158 21r37s04      [10]  492 	ld	hl, #___str_2
   015B E5            [11]  493 	push	hl
                            494 ;	genSend
                            495 ;	genMove_o size 2 result type 2 source type 7 a_dead 1 hl_dead 1 de_dead 1 iy_dead 1 f_dead 1
   015C 11rF4s04      [10]  496 	ld	de, #___str_10
                            497 ;	genSend
                            498 ;	genMove_o size 2 result type 2 source type 7 a_dead 1 hl_dead 1 de_dead 0 iy_dead 1 f_dead 1
   015F 21r13s04      [10]  499 	ld	hl, #___str_0
                            500 ;	genCall
   0162 CDr00s00      [17]  501 	call	___fail
                            502 ;	genLabel
   0165                     503 00120$:
                            504 ;cases/./../tests/bug-3728.c:25: ASSERT (strcmp(s100, s200) < 0);
                            505 ;	genPlus
                            506 ;	genMove_o size 2 result type 2 source type 10 a_dead 1 hl_dead 1 de_dead 1 iy_dead 1 f_dead 1
   0165 2Ar00s00      [16]  507 	ld	hl, (___numTests)
   0168 23            [ 6]  508 	inc	hl
                            509 ;	genMove_o size 2 result type 10 source type 2 a_dead 1 hl_dead 1 de_dead 1 iy_dead 1 f_dead 1
   0169 22r00s00      [16]  510 	ld	(___numTests), hl
                            511 ;	genSend
                            512 ;	genMove_o size 2 result type 2 source type 7 a_dead 1 hl_dead 1 de_dead 1 iy_dead 1 f_dead 1
   016C 11r11s04      [10]  513 	ld	de, #_s200
                            514 ;	genSend
                            515 ;	genMove_o size 2 result type 2 source type 7 a_dead 1 hl_dead 1 de_dead 0 iy_dead 1 f_dead 1
   016F 21r0Fs04      [10]  516 	ld	hl, #_s100
                            517 ;	genCall
   0172 CDr00s00      [17]  518 	call	_strcmp
                            519 ;	genMove_o size 2 result type 2 source type 2 a_dead 1 hl_dead 1 de_dead 1 iy_dead 1 f_dead 1
                            520 ;	genCmpLt
   0175 CB 7A         [ 8]  521 	bit	7, d
                            522 ; common peephole 163 changed absolute to relative conditional jump.
   0177 20 11         [12]  523 	jr	nz, 00122$
                            524 ;	skipping generated iCode
                            525 ;	skipping iCode since result will be rematerialized
                            526 ;	skipping iCode since result will be rematerialized
                            527 ;	skipping iCode since result will be rematerialized
                            528 ;	skipping iCode since result will be rematerialized
                            529 ;	skipping iCode since result will be rematerialized
                            530 ;	skipping iCode since result will be rematerialized
                            531 ;	genIpush
                            532 ;	genMove_o size 2 result type 2 source type 1 a_dead 1 hl_dead 1 de_dead 1 iy_dead 1 f_dead 1
   0179 21 19 00      [10]  533 	ld	hl, #0x0019
   017C E5            [11]  534 	push	hl
                            535 ;	genIpush
                            536 ;	genMove_o size 2 result type 2 source type 7 a_dead 1 hl_dead 1 de_dead 1 iy_dead 1 f_dead 1
   017D 21r37s04      [10]  537 	ld	hl, #___str_2
   0180 E5            [11]  538 	push	hl
                            539 ;	genSend
                            540 ;	genMove_o size 2 result type 2 source type 7 a_dead 1 hl_dead 1 de_dead 1 iy_dead 1 f_dead 1
   0181 11r0Cs05      [10]  541 	ld	de, #___str_11
                            542 ;	genSend
                            543 ;	genMove_o size 2 result type 2 source type 7 a_dead 1 hl_dead 1 de_dead 0 iy_dead 1 f_dead 1
   0184 21r13s04      [10]  544 	ld	hl, #___str_0
                            545 ;	genCall
   0187 CDr00s00      [17]  546 	call	___fail
                            547 ;	genLabel
   018A                     548 00122$:
                            549 ;cases/./../tests/bug-3728.c:26: ASSERT (strncmp(s100, s200, 2) < 0);
                            550 ;	genPlus
                            551 ;	genMove_o size 2 result type 2 source type 10 a_dead 1 hl_dead 1 de_dead 1 iy_dead 1 f_dead 1
   018A 2Ar00s00      [16]  552 	ld	hl, (___numTests)
   018D 23            [ 6]  553 	inc	hl
                            554 ;	genMove_o size 2 result type 10 source type 2 a_dead 1 hl_dead 1 de_dead 1 iy_dead 1 f_dead 1
   018E 22r00s00      [16]  555 	ld	(___numTests), hl
                            556 ;	genIpush
                            557 ;	genMove_o size 2 result type 2 source type 1 a_dead 1 hl_dead 1 de_dead 1 iy_dead 1 f_dead 1
   0191 21 02 00      [10]  558 	ld	hl, #0x0002
   0194 E5            [11]  559 	push	hl
                            560 ;	genSend
                            561 ;	genMove_o size 2 result type 2 source type 7 a_dead 1 hl_dead 1 de_dead 1 iy_dead 1 f_dead 1
   0195 11r11s04      [10]  562 	ld	de, #_s200
                            563 ;	genSend
                            564 ;	genMove_o size 2 result type 2 source type 7 a_dead 1 hl_dead 1 de_dead 0 iy_dead 1 f_dead 1
   0198 21r0Fs04      [10]  565 	ld	hl, #_s100
                            566 ;	genCall
   019B CDr00s00      [17]  567 	call	_strncmp
                            568 ;	genMove_o size 2 result type 2 source type 2 a_dead 1 hl_dead 1 de_dead 1 iy_dead 1 f_dead 1
                            569 ;	genCmpLt
   019E CB 7A         [ 8]  570 	bit	7, d
                            571 ; common peephole 163 changed absolute to relative conditional jump.
   01A0 20 11         [12]  572 	jr	nz, 00124$
                            573 ;	skipping generated iCode
                            574 ;	skipping iCode since result will be rematerialized
                            575 ;	skipping iCode since result will be rematerialized
                            576 ;	skipping iCode since result will be rematerialized
                            577 ;	skipping iCode since result will be rematerialized
                            578 ;	skipping iCode since result will be rematerialized
                            579 ;	skipping iCode since result will be rematerialized
                            580 ;	genIpush
                            581 ;	genMove_o size 2 result type 2 source type 1 a_dead 1 hl_dead 1 de_dead 1 iy_dead 1 f_dead 1
   01A2 21 1A 00      [10]  582 	ld	hl, #0x001a
   01A5 E5            [11]  583 	push	hl
                            584 ;	genIpush
                            585 ;	genMove_o size 2 result type 2 source type 7 a_dead 1 hl_dead 1 de_dead 1 iy_dead 1 f_dead 1
   01A6 21r37s04      [10]  586 	ld	hl, #___str_2
   01A9 E5            [11]  587 	push	hl
                            588 ;	genSend
                            589 ;	genMove_o size 2 result type 2 source type 7 a_dead 1 hl_dead 1 de_dead 1 iy_dead 1 f_dead 1
   01AA 11r23s05      [10]  590 	ld	de, #___str_12
                            591 ;	genSend
                            592 ;	genMove_o size 2 result type 2 source type 7 a_dead 1 hl_dead 1 de_dead 0 iy_dead 1 f_dead 1
   01AD 21r13s04      [10]  593 	ld	hl, #___str_0
                            594 ;	genCall
   01B0 CDr00s00      [17]  595 	call	___fail
                            596 ;	genLabel
   01B3                     597 00124$:
                            598 ;cases/./../tests/bug-3728.c:27: ASSERT (memcmp(s100, s200, 2) < 0);
                            599 ;	genPlus
                            600 ;	genMove_o size 2 result type 2 source type 10 a_dead 1 hl_dead 1 de_dead 1 iy_dead 1 f_dead 1
   01B3 2Ar00s00      [16]  601 	ld	hl, (___numTests)
   01B6 23            [ 6]  602 	inc	hl
                            603 ;	genMove_o size 2 result type 10 source type 2 a_dead 1 hl_dead 1 de_dead 1 iy_dead 1 f_dead 1
   01B7 22r00s00      [16]  604 	ld	(___numTests), hl
                            605 ;	genIpush
                            606 ;	genMove_o size 2 result type 2 source type 1 a_dead 1 hl_dead 1 de_dead 1 iy_dead 1 f_dead 1
   01BA 21 02 00      [10]  607 	ld	hl, #0x0002
   01BD E5            [11]  608 	push	hl
                            609 ;	genSend
                            610 ;	genMove_o size 2 result type 2 source type 7 a_dead 1 hl_dead 1 de_dead 1 iy_dead 1 f_dead 1
   01BE 11r11s04      [10]  611 	ld	de, #_s200
                            612 ;	genSend
                            613 ;	genMove_o size 2 result type 2 source type 7 a_dead 1 hl_dead 1 de_dead 0 iy_dead 1 f_dead 1
   01C1 21r0Fs04      [10]  614 	ld	hl, #_s100
                            615 ;	genCall
   01C4 CDr00s00      [17]  616 	call	_memcmp
                            617 ;	genMove_o size 2 result type 2 source type 2 a_dead 1 hl_dead 1 de_dead 1 iy_dead 1 f_dead 1
                            618 ;	genCmpLt
   01C7 CB 7A         [ 8]  619 	bit	7, d
                            620 ; common peephole 163 changed absolute to relative conditional jump.
   01C9 20 11         [12]  621 	jr	nz, 00126$
                            622 ;	skipping generated iCode
                            623 ;	skipping iCode since result will be rematerialized
                            624 ;	skipping iCode since result will be rematerialized
                            625 ;	skipping iCode since result will be rematerialized
                            626 ;	skipping iCode since result will be rematerialized
                            627 ;	skipping iCode since result will be rematerialized
                            628 ;	skipping iCode since result will be rematerialized
                            629 ;	genIpush
                            630 ;	genMove_o size 2 result type 2 source type 1 a_dead 1 hl_dead 1 de_dead 1 iy_dead 1 f_dead 1
   01CB 21 1B 00      [10]  631 	ld	hl, #0x001b
   01CE E5            [11]  632 	push	hl
                            633 ;	genIpush
                            634 ;	genMove_o size 2 result type 2 source type 7 a_dead 1 hl_dead 1 de_dead 1 iy_dead 1 f_dead 1
   01CF 21r37s04      [10]  635 	ld	hl, #___str_2
   01D2 E5            [11]  636 	push	hl
                            637 ;	genSend
                            638 ;	genMove_o size 2 result type 2 source type 7 a_dead 1 hl_dead 1 de_dead 1 iy_dead 1 f_dead 1
   01D3 11r3Es05      [10]  639 	ld	de, #___str_13
                            640 ;	genSend
                            641 ;	genMove_o size 2 result type 2 source type 7 a_dead 1 hl_dead 1 de_dead 0 iy_dead 1 f_dead 1
   01D6 21r13s04      [10]  642 	ld	hl, #___str_0
                            643 ;	genCall
   01D9 CDr00s00      [17]  644 	call	___fail
                            645 ;	genLabel
   01DC                     646 00126$:
                            647 ;cases/./../tests/bug-3728.c:28: ASSERT (strcmp(s1, s0) > 0);
                            648 ;	genPlus
                            649 ;	genMove_o size 2 result type 2 source type 10 a_dead 1 hl_dead 1 de_dead 1 iy_dead 1 f_dead 1
   01DC 2Ar00s00      [16]  650 	ld	hl, (___numTests)
   01DF 23            [ 6]  651 	inc	hl
                            652 ;	genMove_o size 2 result type 10 source type 2 a_dead 1 hl_dead 1 de_dead 1 iy_dead 1 f_dead 1
   01E0 22r00s00      [16]  653 	ld	(___numTests), hl
                            654 ;	genSend
                            655 ;	genMove_o size 2 result type 2 source type 7 a_dead 1 hl_dead 1 de_dead 1 iy_dead 1 f_dead 1
   01E3 11r0Bs04      [10]  656 	ld	de, #_s0
                            657 ;	genSend
                            658 ;	genMove_o size 2 result type 2 source type 7 a_dead 1 hl_dead 1 de_dead 0 iy_dead 1 f_dead 1
   01E6 21r0Ds04      [10]  659 	ld	hl, #_s1
                            660 ;	genCall
   01E9 CDr00s00      [17]  661 	call	_strcmp
                            662 ;	genMove_o size 2 result type 2 source type 2 a_dead 1 hl_dead 1 de_dead 1 iy_dead 1 f_dead 1
                            663 ;	genCmpGt
   01EC AF            [ 4]  664 	xor	a, a
   01ED BB            [ 4]  665 	cp	a, e
   01EE 9A            [ 4]  666 	sbc	a, d
   01EF E2rF4s01      [10]  667 	jp	po, 00343$
   01F2 EE 80         [ 7]  668 	xor	a, #0x80
   01F4                     669 00343$:
   01F4 FAr08s02      [10]  670 	jp	m, 00128$
                            671 ;	skipping generated iCode
                            672 ;	skipping iCode since result will be rematerialized
                            673 ;	skipping iCode since result will be rematerialized
                            674 ;	skipping iCode since result will be rematerialized
                            675 ;	skipping iCode since result will be rematerialized
                            676 ;	skipping iCode since result will be rematerialized
                            677 ;	skipping iCode since result will be rematerialized
                            678 ;	genIpush
                            679 ;	genMove_o size 2 result type 2 source type 1 a_dead 1 hl_dead 1 de_dead 1 iy_dead 1 f_dead 1
   01F7 21 1C 00      [10]  680 	ld	hl, #0x001c
   01FA E5            [11]  681 	push	hl
                            682 ;	genIpush
                            683 ;	genMove_o size 2 result type 2 source type 7 a_dead 1 hl_dead 1 de_dead 1 iy_dead 1 f_dead 1
   01FB 21r37s04      [10]  684 	ld	hl, #___str_2
   01FE E5            [11]  685 	push	hl
                            686 ;	genSend
                            687 ;	genMove_o size 2 result type 2 source type 7 a_dead 1 hl_dead 1 de_dead 1 iy_dead 1 f_dead 1
   01FF 11r58s05      [10]  688 	ld	de, #___str_14
                            689 ;	genSend
                            690 ;	genMove_o size 2 result type 2 source type 7 a_dead 1 hl_dead 1 de_dead 0 iy_dead 1 f_dead 1
   0202 21r13s04      [10]  691 	ld	hl, #___str_0
                            692 ;	genCall
   0205 CDr00s00      [17]  693 	call	___fail
                            694 ;	genLabel
   0208                     695 00128$:
                            696 ;cases/./../tests/bug-3728.c:29: ASSERT (strncmp(s1, s0, 2) > 0);
                            697 ;	genPlus
                            698 ;	genMove_o size 2 result type 2 source type 10 a_dead 1 hl_dead 1 de_dead 1 iy_dead 1 f_dead 1
   0208 2Ar00s00      [16]  699 	ld	hl, (___numTests)
   020B 23            [ 6]  700 	inc	hl
                            701 ;	genMove_o size 2 result type 10 source type 2 a_dead 1 hl_dead 1 de_dead 1 iy_dead 1 f_dead 1
   020C 22r00s00      [16]  702 	ld	(___numTests), hl
                            703 ;	genIpush
                            704 ;	genMove_o size 2 result type 2 source type 1 a_dead 1 hl_dead 1 de_dead 1 iy_dead 1 f_dead 1
   020F 21 02 00      [10]  705 	ld	hl, #0x0002
   0212 E5            [11]  706 	push	hl
                            707 ;	genSend
                            708 ;	genMove_o size 2 result type 2 source type 7 a_dead 1 hl_dead 1 de_dead 1 iy_dead 1 f_dead 1
   0213 11r0Bs04      [10]  709 	ld	de, #_s0
                            710 ;	genSend
                            711 ;	genMove_o size 2 result type 2 source type 7 a_dead 1 hl_dead 1 de_dead 0 iy_dead 1 f_dead 1
   0216 21r0Ds04      [10]  712 	ld	hl, #_s1
                            713 ;	genCall
   0219 CDr00s00      [17]  714 	call	_strncmp
                            715 ;	genMove_o size 2 result type 2 source type 2 a_dead 1 hl_dead 1 de_dead 1 iy_dead 1 f_dead 1
                            716 ;	genCmpGt
   021C AF            [ 4]  717 	xor	a, a
   021D BB            [ 4]  718 	cp	a, e
   021E 9A            [ 4]  719 	sbc	a, d
   021F E2r24s02      [10]  720 	jp	po, 00344$
   0222 EE 80         [ 7]  721 	xor	a, #0x80
   0224                     722 00344$:
   0224 FAr38s02      [10]  723 	jp	m, 00130$
                            724 ;	skipping generated iCode
                            725 ;	skipping iCode since result will be rematerialized
                            726 ;	skipping iCode since result will be rematerialized
                            727 ;	skipping iCode since result will be rematerialized
                            728 ;	skipping iCode since result will be rematerialized
                            729 ;	skipping iCode since result will be rematerialized
                            730 ;	skipping iCode since result will be rematerialized
                            731 ;	genIpush
                            732 ;	genMove_o size 2 result type 2 source type 1 a_dead 1 hl_dead 1 de_dead 1 iy_dead 1 f_dead 1
   0227 21 1D 00      [10]  733 	ld	hl, #0x001d
   022A E5            [11]  734 	push	hl
                            735 ;	genIpush
                            736 ;	genMove_o size 2 result type 2 source type 7 a_dead 1 hl_dead 1 de_dead 1 iy_dead 1 f_dead 1
   022B 21r37s04      [10]  737 	ld	hl, #___str_2
   022E E5            [11]  738 	push	hl
                            739 ;	genSend
                            740 ;	genMove_o size 2 result type 2 source type 7 a_dead 1 hl_dead 1 de_dead 1 iy_dead 1 f_dead 1
   022F 11r6Bs05      [10]  741 	ld	de, #___str_15
                            742 ;	genSend
                            743 ;	genMove_o size 2 result type 2 source type 7 a_dead 1 hl_dead 1 de_dead 0 iy_dead 1 f_dead 1
   0232 21r13s04      [10]  744 	ld	hl, #___str_0
                            745 ;	genCall
   0235 CDr00s00      [17]  746 	call	___fail
                            747 ;	genLabel
   0238                     748 00130$:
                            749 ;cases/./../tests/bug-3728.c:30: ASSERT (memcmp(s1, s0, 2) > 0);
                            750 ;	genPlus
                            751 ;	genMove_o size 2 result type 2 source type 10 a_dead 1 hl_dead 1 de_dead 1 iy_dead 1 f_dead 1
   0238 2Ar00s00      [16]  752 	ld	hl, (___numTests)
   023B 23            [ 6]  753 	inc	hl
                            754 ;	genMove_o size 2 result type 10 source type 2 a_dead 1 hl_dead 1 de_dead 1 iy_dead 1 f_dead 1
   023C 22r00s00      [16]  755 	ld	(___numTests), hl
                            756 ;	genIpush
                            757 ;	genMove_o size 2 result type 2 source type 1 a_dead 1 hl_dead 1 de_dead 1 iy_dead 1 f_dead 1
   023F 21 02 00      [10]  758 	ld	hl, #0x0002
   0242 E5            [11]  759 	push	hl
                            760 ;	genSend
                            761 ;	genMove_o size 2 result type 2 source type 7 a_dead 1 hl_dead 1 de_dead 1 iy_dead 1 f_dead 1
   0243 11r0Bs04      [10]  762 	ld	de, #_s0
                            763 ;	genSend
                            764 ;	genMove_o size 2 result type 2 source type 7 a_dead 1 hl_dead 1 de_dead 0 iy_dead 1 f_dead 1
   0246 21r0Ds04      [10]  765 	ld	hl, #_s1
                            766 ;	genCall
   0249 CDr00s00      [17]  767 	call	_memcmp
                            768 ;	genMove_o size 2 result type 2 source type 2 a_dead 1 hl_dead 1 de_dead 1 iy_dead 1 f_dead 1
                            769 ;	genCmpGt
   024C AF            [ 4]  770 	xor	a, a
   024D BB            [ 4]  771 	cp	a, e
   024E 9A            [ 4]  772 	sbc	a, d
   024F E2r54s02      [10]  773 	jp	po, 00345$
   0252 EE 80         [ 7]  774 	xor	a, #0x80
   0254                     775 00345$:
   0254 FAr68s02      [10]  776 	jp	m, 00132$
                            777 ;	skipping generated iCode
                            778 ;	skipping iCode since result will be rematerialized
                            779 ;	skipping iCode since result will be rematerialized
                            780 ;	skipping iCode since result will be rematerialized
                            781 ;	skipping iCode since result will be rematerialized
                            782 ;	skipping iCode since result will be rematerialized
                            783 ;	skipping iCode since result will be rematerialized
                            784 ;	genIpush
                            785 ;	genMove_o size 2 result type 2 source type 1 a_dead 1 hl_dead 1 de_dead 1 iy_dead 1 f_dead 1
   0257 21 1E 00      [10]  786 	ld	hl, #0x001e
   025A E5            [11]  787 	push	hl
                            788 ;	genIpush
                            789 ;	genMove_o size 2 result type 2 source type 7 a_dead 1 hl_dead 1 de_dead 1 iy_dead 1 f_dead 1
   025B 21r37s04      [10]  790 	ld	hl, #___str_2
   025E E5            [11]  791 	push	hl
                            792 ;	genSend
                            793 ;	genMove_o size 2 result type 2 source type 7 a_dead 1 hl_dead 1 de_dead 1 iy_dead 1 f_dead 1
   025F 11r82s05      [10]  794 	ld	de, #___str_16
                            795 ;	genSend
                            796 ;	genMove_o size 2 result type 2 source type 7 a_dead 1 hl_dead 1 de_dead 0 iy_dead 1 f_dead 1
   0262 21r13s04      [10]  797 	ld	hl, #___str_0
                            798 ;	genCall
   0265 CDr00s00      [17]  799 	call	___fail
                            800 ;	genLabel
   0268                     801 00132$:
                            802 ;cases/./../tests/bug-3728.c:31: ASSERT (strcmp(s100, s0) > 0);
                            803 ;	genPlus
                            804 ;	genMove_o size 2 result type 2 source type 10 a_dead 1 hl_dead 1 de_dead 1 iy_dead 1 f_dead 1
   0268 2Ar00s00      [16]  805 	ld	hl, (___numTests)
   026B 23            [ 6]  806 	inc	hl
                            807 ;	genMove_o size 2 result type 10 source type 2 a_dead 1 hl_dead 1 de_dead 1 iy_dead 1 f_dead 1
   026C 22r00s00      [16]  808 	ld	(___numTests), hl
                            809 ;	genSend
                            810 ;	genMove_o size 2 result type 2 source type 7 a_dead 1 hl_dead 1 de_dead 1 iy_dead 1 f_dead 1
   026F 11r0Bs04      [10]  811 	ld	de, #_s0
                            812 ;	genSend
                            813 ;	genMove_o size 2 result type 2 source type 7 a_dead 1 hl_dead 1 de_dead 0 iy_dead 1 f_dead 1
   0272 21r0Fs04      [10]  814 	ld	hl, #_s100
                            815 ;	genCall
   0275 CDr00s00      [17]  816 	call	_strcmp
                            817 ;	genMove_o size 2 result type 2 source type 2 a_dead 1 hl_dead 1 de_dead 1 iy_dead 1 f_dead 1
                            818 ;	genCmpGt
   0278 AF            [ 4]  819 	xor	a, a
   0279 BB            [ 4]  820 	cp	a, e
   027A 9A            [ 4]  821 	sbc	a, d
   027B E2r80s02      [10]  822 	jp	po, 00346$
   027E EE 80         [ 7]  823 	xor	a, #0x80
   0280                     824 00346$:
   0280 FAr94s02      [10]  825 	jp	m, 00134$
                            826 ;	skipping generated iCode
                            827 ;	skipping iCode since result will be rematerialized
                            828 ;	skipping iCode since result will be rematerialized
                            829 ;	skipping iCode since result will be rematerialized
                            830 ;	skipping iCode since result will be rematerialized
                            831 ;	skipping iCode since result will be rematerialized
                            832 ;	skipping iCode since result will be rematerialized
                            833 ;	genIpush
                            834 ;	genMove_o size 2 result type 2 source type 1 a_dead 1 hl_dead 1 de_dead 1 iy_dead 1 f_dead 1
   0283 21 1F 00      [10]  835 	ld	hl, #0x001f
   0286 E5            [11]  836 	push	hl
                            837 ;	genIpush
                            838 ;	genMove_o size 2 result type 2 source type 7 a_dead 1 hl_dead 1 de_dead 1 iy_dead 1 f_dead 1
   0287 21r37s04      [10]  839 	ld	hl, #___str_2
   028A E5            [11]  840 	push	hl
                            841 ;	genSend
                            842 ;	genMove_o size 2 result type 2 source type 7 a_dead 1 hl_dead 1 de_dead 1 iy_dead 1 f_dead 1
   028B 11r98s05      [10]  843 	ld	de, #___str_17
                            844 ;	genSend
                            845 ;	genMove_o size 2 result type 2 source type 7 a_dead 1 hl_dead 1 de_dead 0 iy_dead 1 f_dead 1
   028E 21r13s04      [10]  846 	ld	hl, #___str_0
                            847 ;	genCall
   0291 CDr00s00      [17]  848 	call	___fail
                            849 ;	genLabel
   0294                     850 00134$:
                            851 ;cases/./../tests/bug-3728.c:32: ASSERT (strncmp(s100, s0, 2) > 0);
                            852 ;	genPlus
                            853 ;	genMove_o size 2 result type 2 source type 10 a_dead 1 hl_dead 1 de_dead 1 iy_dead 1 f_dead 1
   0294 2Ar00s00      [16]  854 	ld	hl, (___numTests)
   0297 23            [ 6]  855 	inc	hl
                            856 ;	genMove_o size 2 result type 10 source type 2 a_dead 1 hl_dead 1 de_dead 1 iy_dead 1 f_dead 1
   0298 22r00s00      [16]  857 	ld	(___numTests), hl
                            858 ;	genIpush
                            859 ;	genMove_o size 2 result type 2 source type 1 a_dead 1 hl_dead 1 de_dead 1 iy_dead 1 f_dead 1
   029B 21 02 00      [10]  860 	ld	hl, #0x0002
   029E E5            [11]  861 	push	hl
                            862 ;	genSend
                            863 ;	genMove_o size 2 result type 2 source type 7 a_dead 1 hl_dead 1 de_dead 1 iy_dead 1 f_dead 1
   029F 11r0Bs04      [10]  864 	ld	de, #_s0
                            865 ;	genSend
                            866 ;	genMove_o size 2 result type 2 source type 7 a_dead 1 hl_dead 1 de_dead 0 iy_dead 1 f_dead 1
   02A2 21r0Fs04      [10]  867 	ld	hl, #_s100
                            868 ;	genCall
   02A5 CDr00s00      [17]  869 	call	_strncmp
                            870 ;	genMove_o size 2 result type 2 source type 2 a_dead 1 hl_dead 1 de_dead 1 iy_dead 1 f_dead 1
                            871 ;	genCmpGt
   02A8 AF            [ 4]  872 	xor	a, a
   02A9 BB            [ 4]  873 	cp	a, e
   02AA 9A            [ 4]  874 	sbc	a, d
   02AB E2rB0s02      [10]  875 	jp	po, 00347$
   02AE EE 80         [ 7]  876 	xor	a, #0x80
   02B0                     877 00347$:
   02B0 FArC4s02      [10]  878 	jp	m, 00136$
                            879 ;	skipping generated iCode
                            880 ;	skipping iCode since result will be rematerialized
                            881 ;	skipping iCode since result will be rematerialized
                            882 ;	skipping iCode since result will be rematerialized
                            883 ;	skipping iCode since result will be rematerialized
                            884 ;	skipping iCode since result will be rematerialized
                            885 ;	skipping iCode since result will be rematerialized
                            886 ;	genIpush
                            887 ;	genMove_o size 2 result type 2 source type 1 a_dead 1 hl_dead 1 de_dead 1 iy_dead 1 f_dead 1
   02B3 21 20 00      [10]  888 	ld	hl, #0x0020
   02B6 E5            [11]  889 	push	hl
                            890 ;	genIpush
                            891 ;	genMove_o size 2 result type 2 source type 7 a_dead 1 hl_dead 1 de_dead 1 iy_dead 1 f_dead 1
   02B7 21r37s04      [10]  892 	ld	hl, #___str_2
   02BA E5            [11]  893 	push	hl
                            894 ;	genSend
                            895 ;	genMove_o size 2 result type 2 source type 7 a_dead 1 hl_dead 1 de_dead 1 iy_dead 1 f_dead 1
   02BB 11rADs05      [10]  896 	ld	de, #___str_18
                            897 ;	genSend
                            898 ;	genMove_o size 2 result type 2 source type 7 a_dead 1 hl_dead 1 de_dead 0 iy_dead 1 f_dead 1
   02BE 21r13s04      [10]  899 	ld	hl, #___str_0
                            900 ;	genCall
   02C1 CDr00s00      [17]  901 	call	___fail
                            902 ;	genLabel
   02C4                     903 00136$:
                            904 ;cases/./../tests/bug-3728.c:33: ASSERT (memcmp(s100, s0, 2) > 0);
                            905 ;	genPlus
                            906 ;	genMove_o size 2 result type 2 source type 10 a_dead 1 hl_dead 1 de_dead 1 iy_dead 1 f_dead 1
   02C4 2Ar00s00      [16]  907 	ld	hl, (___numTests)
   02C7 23            [ 6]  908 	inc	hl
                            909 ;	genMove_o size 2 result type 10 source type 2 a_dead 1 hl_dead 1 de_dead 1 iy_dead 1 f_dead 1
   02C8 22r00s00      [16]  910 	ld	(___numTests), hl
                            911 ;	genIpush
                            912 ;	genMove_o size 2 result type 2 source type 1 a_dead 1 hl_dead 1 de_dead 1 iy_dead 1 f_dead 1
   02CB 21 02 00      [10]  913 	ld	hl, #0x0002
   02CE E5            [11]  914 	push	hl
                            915 ;	genSend
                            916 ;	genMove_o size 2 result type 2 source type 7 a_dead 1 hl_dead 1 de_dead 1 iy_dead 1 f_dead 1
   02CF 11r0Bs04      [10]  917 	ld	de, #_s0
                            918 ;	genSend
                            919 ;	genMove_o size 2 result type 2 source type 7 a_dead 1 hl_dead 1 de_dead 0 iy_dead 1 f_dead 1
   02D2 21r0Fs04      [10]  920 	ld	hl, #_s100
                            921 ;	genCall
   02D5 CDr00s00      [17]  922 	call	_memcmp
                            923 ;	genMove_o size 2 result type 2 source type 2 a_dead 1 hl_dead 1 de_dead 1 iy_dead 1 f_dead 1
                            924 ;	genCmpGt
   02D8 AF            [ 4]  925 	xor	a, a
   02D9 BB            [ 4]  926 	cp	a, e
   02DA 9A            [ 4]  927 	sbc	a, d
   02DB E2rE0s02      [10]  928 	jp	po, 00348$
   02DE EE 80         [ 7]  929 	xor	a, #0x80
   02E0                     930 00348$:
   02E0 FArF4s02      [10]  931 	jp	m, 00138$
                            932 ;	skipping generated iCode
                            933 ;	skipping iCode since result will be rematerialized
                            934 ;	skipping iCode since result will be rematerialized
                            935 ;	skipping iCode since result will be rematerialized
                            936 ;	skipping iCode since result will be rematerialized
                            937 ;	skipping iCode since result will be rematerialized
                            938 ;	skipping iCode since result will be rematerialized
                            939 ;	genIpush
                            940 ;	genMove_o size 2 result type 2 source type 1 a_dead 1 hl_dead 1 de_dead 1 iy_dead 1 f_dead 1
   02E3 21 21 00      [10]  941 	ld	hl, #0x0021
   02E6 E5            [11]  942 	push	hl
                            943 ;	genIpush
                            944 ;	genMove_o size 2 result type 2 source type 7 a_dead 1 hl_dead 1 de_dead 1 iy_dead 1 f_dead 1
   02E7 21r37s04      [10]  945 	ld	hl, #___str_2
   02EA E5            [11]  946 	push	hl
                            947 ;	genSend
                            948 ;	genMove_o size 2 result type 2 source type 7 a_dead 1 hl_dead 1 de_dead 1 iy_dead 1 f_dead 1
   02EB 11rC6s05      [10]  949 	ld	de, #___str_19
                            950 ;	genSend
                            951 ;	genMove_o size 2 result type 2 source type 7 a_dead 1 hl_dead 1 de_dead 0 iy_dead 1 f_dead 1
   02EE 21r13s04      [10]  952 	ld	hl, #___str_0
                            953 ;	genCall
   02F1 CDr00s00      [17]  954 	call	___fail
                            955 ;	genLabel
   02F4                     956 00138$:
                            957 ;cases/./../tests/bug-3728.c:35: ASSERT (strcmp(s200, s1) > 0);
                            958 ;	genPlus
                            959 ;	genMove_o size 2 result type 2 source type 10 a_dead 1 hl_dead 1 de_dead 1 iy_dead 1 f_dead 1
   02F4 2Ar00s00      [16]  960 	ld	hl, (___numTests)
   02F7 23            [ 6]  961 	inc	hl
                            962 ;	genMove_o size 2 result type 10 source type 2 a_dead 1 hl_dead 1 de_dead 1 iy_dead 1 f_dead 1
   02F8 22r00s00      [16]  963 	ld	(___numTests), hl
                            964 ;	genSend
                            965 ;	genMove_o size 2 result type 2 source type 7 a_dead 1 hl_dead 1 de_dead 1 iy_dead 1 f_dead 1
   02FB 11r0Ds04      [10]  966 	ld	de, #_s1
                            967 ;	genSend
                            968 ;	genMove_o size 2 result type 2 source type 7 a_dead 1 hl_dead 1 de_dead 0 iy_dead 1 f_dead 1
   02FE 21r11s04      [10]  969 	ld	hl, #_s200
                            970 ;	genCall
   0301 CDr00s00      [17]  971 	call	_strcmp
                            972 ;	genMove_o size 2 result type 2 source type 2 a_dead 1 hl_dead 1 de_dead 1 iy_dead 1 f_dead 1
                            973 ;	genCmpGt
   0304 AF            [ 4]  974 	xor	a, a
   0305 BB            [ 4]  975 	cp	a, e
   0306 9A            [ 4]  976 	sbc	a, d
   0307 E2r0Cs03      [10]  977 	jp	po, 00349$
   030A EE 80         [ 7]  978 	xor	a, #0x80
   030C                     979 00349$:
   030C FAr20s03      [10]  980 	jp	m, 00140$
                            981 ;	skipping generated iCode
                            982 ;	skipping iCode since result will be rematerialized
                            983 ;	skipping iCode since result will be rematerialized
                            984 ;	skipping iCode since result will be rematerialized
                            985 ;	skipping iCode since result will be rematerialized
                            986 ;	skipping iCode since result will be rematerialized
                            987 ;	skipping iCode since result will be rematerialized
                            988 ;	genIpush
                            989 ;	genMove_o size 2 result type 2 source type 1 a_dead 1 hl_dead 1 de_dead 1 iy_dead 1 f_dead 1
   030F 21 23 00      [10]  990 	ld	hl, #0x0023
   0312 E5            [11]  991 	push	hl
                            992 ;	genIpush
                            993 ;	genMove_o size 2 result type 2 source type 7 a_dead 1 hl_dead 1 de_dead 1 iy_dead 1 f_dead 1
   0313 21r37s04      [10]  994 	ld	hl, #___str_2
   0316 E5            [11]  995 	push	hl
                            996 ;	genSend
                            997 ;	genMove_o size 2 result type 2 source type 7 a_dead 1 hl_dead 1 de_dead 1 iy_dead 1 f_dead 1
   0317 11rDEs05      [10]  998 	ld	de, #___str_20
                            999 ;	genSend
                           1000 ;	genMove_o size 2 result type 2 source type 7 a_dead 1 hl_dead 1 de_dead 0 iy_dead 1 f_dead 1
   031A 21r13s04      [10] 1001 	ld	hl, #___str_0
                           1002 ;	genCall
   031D CDr00s00      [17] 1003 	call	___fail
                           1004 ;	genLabel
   0320                    1005 00140$:
                           1006 ;cases/./../tests/bug-3728.c:36: ASSERT (strncmp(s200, s1, 2) > 0);
                           1007 ;	genPlus
                           1008 ;	genMove_o size 2 result type 2 source type 10 a_dead 1 hl_dead 1 de_dead 1 iy_dead 1 f_dead 1
   0320 2Ar00s00      [16] 1009 	ld	hl, (___numTests)
   0323 23            [ 6] 1010 	inc	hl
                           1011 ;	genMove_o size 2 result type 10 source type 2 a_dead 1 hl_dead 1 de_dead 1 iy_dead 1 f_dead 1
   0324 22r00s00      [16] 1012 	ld	(___numTests), hl
                           1013 ;	genIpush
                           1014 ;	genMove_o size 2 result type 2 source type 1 a_dead 1 hl_dead 1 de_dead 1 iy_dead 1 f_dead 1
   0327 21 02 00      [10] 1015 	ld	hl, #0x0002
   032A E5            [11] 1016 	push	hl
                           1017 ;	genSend
                           1018 ;	genMove_o size 2 result type 2 source type 7 a_dead 1 hl_dead 1 de_dead 1 iy_dead 1 f_dead 1
   032B 11r0Ds04      [10] 1019 	ld	de, #_s1
                           1020 ;	genSend
                           1021 ;	genMove_o size 2 result type 2 source type 7 a_dead 1 hl_dead 1 de_dead 0 iy_dead 1 f_dead 1
   032E 21r11s04      [10] 1022 	ld	hl, #_s200
                           1023 ;	genCall
   0331 CDr00s00      [17] 1024 	call	_strncmp
                           1025 ;	genMove_o size 2 result type 2 source type 2 a_dead 1 hl_dead 1 de_dead 1 iy_dead 1 f_dead 1
                           1026 ;	genCmpGt
   0334 AF            [ 4] 1027 	xor	a, a
   0335 BB            [ 4] 1028 	cp	a, e
   0336 9A            [ 4] 1029 	sbc	a, d
   0337 E2r3Cs03      [10] 1030 	jp	po, 00350$
   033A EE 80         [ 7] 1031 	xor	a, #0x80
   033C                    1032 00350$:
   033C FAr50s03      [10] 1033 	jp	m, 00142$
                           1034 ;	skipping generated iCode
                           1035 ;	skipping iCode since result will be rematerialized
                           1036 ;	skipping iCode since result will be rematerialized
                           1037 ;	skipping iCode since result will be rematerialized
                           1038 ;	skipping iCode since result will be rematerialized
                           1039 ;	skipping iCode since result will be rematerialized
                           1040 ;	skipping iCode since result will be rematerialized
                           1041 ;	genIpush
                           1042 ;	genMove_o size 2 result type 2 source type 1 a_dead 1 hl_dead 1 de_dead 1 iy_dead 1 f_dead 1
   033F 21 24 00      [10] 1043 	ld	hl, #0x0024
   0342 E5            [11] 1044 	push	hl
                           1045 ;	genIpush
                           1046 ;	genMove_o size 2 result type 2 source type 7 a_dead 1 hl_dead 1 de_dead 1 iy_dead 1 f_dead 1
   0343 21r37s04      [10] 1047 	ld	hl, #___str_2
   0346 E5            [11] 1048 	push	hl
                           1049 ;	genSend
                           1050 ;	genMove_o size 2 result type 2 source type 7 a_dead 1 hl_dead 1 de_dead 1 iy_dead 1 f_dead 1
   0347 11rF3s05      [10] 1051 	ld	de, #___str_21
                           1052 ;	genSend
                           1053 ;	genMove_o size 2 result type 2 source type 7 a_dead 1 hl_dead 1 de_dead 0 iy_dead 1 f_dead 1
   034A 21r13s04      [10] 1054 	ld	hl, #___str_0
                           1055 ;	genCall
   034D CDr00s00      [17] 1056 	call	___fail
                           1057 ;	genLabel
   0350                    1058 00142$:
                           1059 ;cases/./../tests/bug-3728.c:37: ASSERT (memcmp(s200, s1, 2) > 0);
                           1060 ;	genPlus
                           1061 ;	genMove_o size 2 result type 2 source type 10 a_dead 1 hl_dead 1 de_dead 1 iy_dead 1 f_dead 1
   0350 2Ar00s00      [16] 1062 	ld	hl, (___numTests)
   0353 23            [ 6] 1063 	inc	hl
                           1064 ;	genMove_o size 2 result type 10 source type 2 a_dead 1 hl_dead 1 de_dead 1 iy_dead 1 f_dead 1
   0354 22r00s00      [16] 1065 	ld	(___numTests), hl
                           1066 ;	genIpush
                           1067 ;	genMove_o size 2 result type 2 source type 1 a_dead 1 hl_dead 1 de_dead 1 iy_dead 1 f_dead 1
   0357 21 02 00      [10] 1068 	ld	hl, #0x0002
   035A E5            [11] 1069 	push	hl
                           1070 ;	genSend
                           1071 ;	genMove_o size 2 result type 2 source type 7 a_dead 1 hl_dead 1 de_dead 1 iy_dead 1 f_dead 1
   035B 11r0Ds04      [10] 1072 	ld	de, #_s1
                           1073 ;	genSend
                           1074 ;	genMove_o size 2 result type 2 source type 7 a_dead 1 hl_dead 1 de_dead 0 iy_dead 1 f_dead 1
   035E 21r11s04      [10] 1075 	ld	hl, #_s200
                           1076 ;	genCall
   0361 CDr00s00      [17] 1077 	call	_memcmp
                           1078 ;	genMove_o size 2 result type 2 source type 2 a_dead 1 hl_dead 1 de_dead 1 iy_dead 1 f_dead 1
                           1079 ;	genCmpGt
   0364 AF            [ 4] 1080 	xor	a, a
   0365 BB            [ 4] 1081 	cp	a, e
   0366 9A            [ 4] 1082 	sbc	a, d
   0367 E2r6Cs03      [10] 1083 	jp	po, 00351$
   036A EE 80         [ 7] 1084 	xor	a, #0x80
   036C                    1085 00351$:
   036C FAr80s03      [10] 1086 	jp	m, 00144$
                           1087 ;	skipping generated iCode
                           1088 ;	skipping iCode since result will be rematerialized
                           1089 ;	skipping iCode since result will be rematerialized
                           1090 ;	skipping iCode since result will be rematerialized
                           1091 ;	skipping iCode since result will be rematerialized
                           1092 ;	skipping iCode since result will be rematerialized
                           1093 ;	skipping iCode since result will be rematerialized
                           1094 ;	genIpush
                           1095 ;	genMove_o size 2 result type 2 source type 1 a_dead 1 hl_dead 1 de_dead 1 iy_dead 1 f_dead 1
   036F 21 25 00      [10] 1096 	ld	hl, #0x0025
   0372 E5            [11] 1097 	push	hl
                           1098 ;	genIpush
                           1099 ;	genMove_o size 2 result type 2 source type 7 a_dead 1 hl_dead 1 de_dead 1 iy_dead 1 f_dead 1
   0373 21r37s04      [10] 1100 	ld	hl, #___str_2
   0376 E5            [11] 1101 	push	hl
                           1102 ;	genSend
                           1103 ;	genMove_o size 2 result type 2 source type 7 a_dead 1 hl_dead 1 de_dead 1 iy_dead 1 f_dead 1
   0377 11r0Cs06      [10] 1104 	ld	de, #___str_22
                           1105 ;	genSend
                           1106 ;	genMove_o size 2 result type 2 source type 7 a_dead 1 hl_dead 1 de_dead 0 iy_dead 1 f_dead 1
   037A 21r13s04      [10] 1107 	ld	hl, #___str_0
                           1108 ;	genCall
   037D CDr00s00      [17] 1109 	call	___fail
                           1110 ;	genLabel
   0380                    1111 00144$:
                           1112 ;cases/./../tests/bug-3728.c:38: ASSERT (strcmp(s200, s100) > 0);
                           1113 ;	genPlus
                           1114 ;	genMove_o size 2 result type 2 source type 10 a_dead 1 hl_dead 1 de_dead 1 iy_dead 1 f_dead 1
   0380 2Ar00s00      [16] 1115 	ld	hl, (___numTests)
   0383 23            [ 6] 1116 	inc	hl
                           1117 ;	genMove_o size 2 result type 10 source type 2 a_dead 1 hl_dead 1 de_dead 1 iy_dead 1 f_dead 1
   0384 22r00s00      [16] 1118 	ld	(___numTests), hl
                           1119 ;	genSend
                           1120 ;	genMove_o size 2 result type 2 source type 7 a_dead 1 hl_dead 1 de_dead 1 iy_dead 1 f_dead 1
   0387 11r0Fs04      [10] 1121 	ld	de, #_s100
                           1122 ;	genSend
                           1123 ;	genMove_o size 2 result type 2 source type 7 a_dead 1 hl_dead 1 de_dead 0 iy_dead 1 f_dead 1
   038A 21r11s04      [10] 1124 	ld	hl, #_s200
                           1125 ;	genCall
   038D CDr00s00      [17] 1126 	call	_strcmp
                           1127 ;	genMove_o size 2 result type 2 source type 2 a_dead 1 hl_dead 1 de_dead 1 iy_dead 1 f_dead 1
                           1128 ;	genCmpGt
   0390 AF            [ 4] 1129 	xor	a, a
   0391 BB            [ 4] 1130 	cp	a, e
   0392 9A            [ 4] 1131 	sbc	a, d
   0393 E2r98s03      [10] 1132 	jp	po, 00352$
   0396 EE 80         [ 7] 1133 	xor	a, #0x80
   0398                    1134 00352$:
   0398 FArACs03      [10] 1135 	jp	m, 00146$
                           1136 ;	skipping generated iCode
                           1137 ;	skipping iCode since result will be rematerialized
                           1138 ;	skipping iCode since result will be rematerialized
                           1139 ;	skipping iCode since result will be rematerialized
                           1140 ;	skipping iCode since result will be rematerialized
                           1141 ;	skipping iCode since result will be rematerialized
                           1142 ;	skipping iCode since result will be rematerialized
                           1143 ;	genIpush
                           1144 ;	genMove_o size 2 result type 2 source type 1 a_dead 1 hl_dead 1 de_dead 1 iy_dead 1 f_dead 1
   039B 21 26 00      [10] 1145 	ld	hl, #0x0026
   039E E5            [11] 1146 	push	hl
                           1147 ;	genIpush
                           1148 ;	genMove_o size 2 result type 2 source type 7 a_dead 1 hl_dead 1 de_dead 1 iy_dead 1 f_dead 1
   039F 21r37s04      [10] 1149 	ld	hl, #___str_2
   03A2 E5            [11] 1150 	push	hl
                           1151 ;	genSend
                           1152 ;	genMove_o size 2 result type 2 source type 7 a_dead 1 hl_dead 1 de_dead 1 iy_dead 1 f_dead 1
   03A3 11r24s06      [10] 1153 	ld	de, #___str_23
                           1154 ;	genSend
                           1155 ;	genMove_o size 2 result type 2 source type 7 a_dead 1 hl_dead 1 de_dead 0 iy_dead 1 f_dead 1
   03A6 21r13s04      [10] 1156 	ld	hl, #___str_0
                           1157 ;	genCall
   03A9 CDr00s00      [17] 1158 	call	___fail
                           1159 ;	genLabel
   03AC                    1160 00146$:
                           1161 ;cases/./../tests/bug-3728.c:39: ASSERT (strncmp(s200, s100, 2) > 0);
                           1162 ;	genPlus
                           1163 ;	genMove_o size 2 result type 2 source type 10 a_dead 1 hl_dead 1 de_dead 1 iy_dead 1 f_dead 1
   03AC 2Ar00s00      [16] 1164 	ld	hl, (___numTests)
   03AF 23            [ 6] 1165 	inc	hl
                           1166 ;	genMove_o size 2 result type 10 source type 2 a_dead 1 hl_dead 1 de_dead 1 iy_dead 1 f_dead 1
   03B0 22r00s00      [16] 1167 	ld	(___numTests), hl
                           1168 ;	genIpush
                           1169 ;	genMove_o size 2 result type 2 source type 1 a_dead 1 hl_dead 1 de_dead 1 iy_dead 1 f_dead 1
   03B3 21 02 00      [10] 1170 	ld	hl, #0x0002
   03B6 E5            [11] 1171 	push	hl
                           1172 ;	genSend
                           1173 ;	genMove_o size 2 result type 2 source type 7 a_dead 1 hl_dead 1 de_dead 1 iy_dead 1 f_dead 1
   03B7 11r0Fs04      [10] 1174 	ld	de, #_s100
                           1175 ;	genSend
                           1176 ;	genMove_o size 2 result type 2 source type 7 a_dead 1 hl_dead 1 de_dead 0 iy_dead 1 f_dead 1
   03BA 21r11s04      [10] 1177 	ld	hl, #_s200
                           1178 ;	genCall
   03BD CDr00s00      [17] 1179 	call	_strncmp
                           1180 ;	genMove_o size 2 result type 2 source type 2 a_dead 1 hl_dead 1 de_dead 1 iy_dead 1 f_dead 1
                           1181 ;	genCmpGt
   03C0 AF            [ 4] 1182 	xor	a, a
   03C1 BB            [ 4] 1183 	cp	a, e
   03C2 9A            [ 4] 1184 	sbc	a, d
   03C3 E2rC8s03      [10] 1185 	jp	po, 00353$
   03C6 EE 80         [ 7] 1186 	xor	a, #0x80
   03C8                    1187 00353$:
   03C8 FArDCs03      [10] 1188 	jp	m, 00148$
                           1189 ;	skipping generated iCode
                           1190 ;	skipping iCode since result will be rematerialized
                           1191 ;	skipping iCode since result will be rematerialized
                           1192 ;	skipping iCode since result will be rematerialized
                           1193 ;	skipping iCode since result will be rematerialized
                           1194 ;	skipping iCode since result will be rematerialized
                           1195 ;	skipping iCode since result will be rematerialized
                           1196 ;	genIpush
                           1197 ;	genMove_o size 2 result type 2 source type 1 a_dead 1 hl_dead 1 de_dead 1 iy_dead 1 f_dead 1
   03CB 21 27 00      [10] 1198 	ld	hl, #0x0027
   03CE E5            [11] 1199 	push	hl
                           1200 ;	genIpush
                           1201 ;	genMove_o size 2 result type 2 source type 7 a_dead 1 hl_dead 1 de_dead 1 iy_dead 1 f_dead 1
   03CF 21r37s04      [10] 1202 	ld	hl, #___str_2
   03D2 E5            [11] 1203 	push	hl
                           1204 ;	genSend
                           1205 ;	genMove_o size 2 result type 2 source type 7 a_dead 1 hl_dead 1 de_dead 1 iy_dead 1 f_dead 1
   03D3 11r3Bs06      [10] 1206 	ld	de, #___str_24
                           1207 ;	genSend
                           1208 ;	genMove_o size 2 result type 2 source type 7 a_dead 1 hl_dead 1 de_dead 0 iy_dead 1 f_dead 1
   03D6 21r13s04      [10] 1209 	ld	hl, #___str_0
                           1210 ;	genCall
   03D9 CDr00s00      [17] 1211 	call	___fail
                           1212 ;	genLabel
   03DC                    1213 00148$:
                           1214 ;cases/./../tests/bug-3728.c:40: ASSERT (memcmp(s200, s100, 2) > 0);
                           1215 ;	genPlus
                           1216 ;	genMove_o size 2 result type 2 source type 10 a_dead 1 hl_dead 1 de_dead 1 iy_dead 1 f_dead 1
   03DC 2Ar00s00      [16] 1217 	ld	hl, (___numTests)
   03DF 23            [ 6] 1218 	inc	hl
                           1219 ;	genMove_o size 2 result type 10 source type 2 a_dead 1 hl_dead 1 de_dead 1 iy_dead 1 f_dead 1
   03E0 22r00s00      [16] 1220 	ld	(___numTests), hl
                           1221 ;	genIpush
                           1222 ;	genMove_o size 2 result type 2 source type 1 a_dead 1 hl_dead 1 de_dead 1 iy_dead 1 f_dead 1
   03E3 21 02 00      [10] 1223 	ld	hl, #0x0002
   03E6 E5            [11] 1224 	push	hl
                           1225 ;	genSend
                           1226 ;	genMove_o size 2 result type 2 source type 7 a_dead 1 hl_dead 1 de_dead 1 iy_dead 1 f_dead 1
   03E7 11r0Fs04      [10] 1227 	ld	de, #_s100
                           1228 ;	genSend
                           1229 ;	genMove_o size 2 result type 2 source type 7 a_dead 1 hl_dead 1 de_dead 0 iy_dead 1 f_dead 1
   03EA 21r11s04      [10] 1230 	ld	hl, #_s200
                           1231 ;	genCall
   03ED CDr00s00      [17] 1232 	call	_memcmp
                           1233 ;	genMove_o size 2 result type 2 source type 2 a_dead 1 hl_dead 1 de_dead 1 iy_dead 1 f_dead 1
                           1234 ;	genCmpGt
   03F0 AF            [ 4] 1235 	xor	a, a
   03F1 BB            [ 4] 1236 	cp	a, e
   03F2 9A            [ 4] 1237 	sbc	a, d
   03F3 E2rF8s03      [10] 1238 	jp	po, 00354$
   03F6 EE 80         [ 7] 1239 	xor	a, #0x80
   03F8                    1240 00354$:
   03F8 F8            [11] 1241 	ret	m
                           1242 ; common peephole 161 replaced jump by return.
                           1243 ;	skipping generated iCode
                           1244 ;	skipping iCode since result will be rematerialized
                           1245 ;	skipping iCode since result will be rematerialized
                           1246 ;	skipping iCode since result will be rematerialized
                           1247 ;	skipping iCode since result will be rematerialized
                           1248 ;	skipping iCode since result will be rematerialized
                           1249 ;	skipping iCode since result will be rematerialized
                           1250 ;	genIpush
                           1251 ;	genMove_o size 2 result type 2 source type 1 a_dead 1 hl_dead 1 de_dead 1 iy_dead 1 f_dead 1
   03F9 21 28 00      [10] 1252 	ld	hl, #0x0028
   03FC E5            [11] 1253 	push	hl
                           1254 ;	genIpush
                           1255 ;	genMove_o size 2 result type 2 source type 7 a_dead 1 hl_dead 1 de_dead 1 iy_dead 1 f_dead 1
   03FD 21r37s04      [10] 1256 	ld	hl, #___str_2
   0400 E5            [11] 1257 	push	hl
                           1258 ;	genSend
                           1259 ;	genMove_o size 2 result type 2 source type 7 a_dead 1 hl_dead 1 de_dead 1 iy_dead 1 f_dead 1
   0401 11r56s06      [10] 1260 	ld	de, #___str_25
                           1261 ;	genSend
                           1262 ;	genMove_o size 2 result type 2 source type 7 a_dead 1 hl_dead 1 de_dead 0 iy_dead 1 f_dead 1
   0404 21r13s04      [10] 1263 	ld	hl, #___str_0
                           1264 ;	genCall
   0407 CDr00s00      [17] 1265 	call	___fail
                           1266 ;	genLabel
                           1267 ; common peephole 159 removed unused label 00101$.
                           1268 ;cases/./../tests/bug-3728.c:42: }
                           1269 ;	genEndFunction
   040A C9            [10] 1270 	ret
                           1271 ;	Total teststrcmp function size at codegen: 1 bytes.
   040B                    1272 _s0:
   040B 00                 1273 	.db #0x00	; 0
   040C 00                 1274 	.db #0x00	; 0
   040D                    1275 _s1:
   040D 01                 1276 	.db #0x01	; 1
   040E 00                 1277 	.db #0x00	; 0
   040F                    1278 _s100:
   040F 64                 1279 	.db #0x64	; 100	'd'
   0410 00                 1280 	.db #0x00	; 0
   0411                    1281 _s200:
   0411 C8                 1282 	.db #0xc8	; 200
   0412 00                 1283 	.db #0x00	; 0
   0413                    1284 ___str_0:
   0413 41 73 73 65 72 74  1285 	.ascii "Assertion failed"
        69 6F 6E 20 66 61
        69 6C 65 64
   0423 00                 1286 	.db 0x00
   0424                    1287 ___str_1:
   0424 73 74 72 63 6D 70  1288 	.ascii "strcmp(s0, s1) < 0"
        28 73 30 2C 20 73
        31 29 20 3C 20 30
   0436 00                 1289 	.db 0x00
   0437                    1290 ___str_2:
   0437 63 61 73 65 73 2F  1291 	.ascii "cases/./../tests/bug-3728.c"
        2E 2F 2E 2E 2F 74
        65 73 74 73 2F 62
        75 67 2D 33 37 32
        38 2E 63
   0452 00                 1292 	.db 0x00
   0453                    1293 ___str_3:
   0453 73 74 72 6E 63 6D  1294 	.ascii "strncmp(s0, s1, 2) < 0"
        70 28 73 30 2C 20
        73 31 2C 20 32 29
        20 3C 20 30
   0469 00                 1295 	.db 0x00
   046A                    1296 ___str_4:
   046A 6D 65 6D 63 6D 70  1297 	.ascii "memcmp(s0, s1, 2) < 0"
        28 73 30 2C 20 73
        31 2C 20 32 29 20
        3C 20 30
   047F 00                 1298 	.db 0x00
   0480                    1299 ___str_5:
   0480 73 74 72 63 6D 70  1300 	.ascii "strcmp(s0, s100) < 0"
        28 73 30 2C 20 73
        31 30 30 29 20 3C
        20 30
   0494 00                 1301 	.db 0x00
   0495                    1302 ___str_6:
   0495 73 74 72 6E 63 6D  1303 	.ascii "strncmp(s0, s100, 2) < 0"
        70 28 73 30 2C 20
        73 31 30 30 2C 20
        32 29 20 3C 20 30
   04AD 00                 1304 	.db 0x00
   04AE                    1305 ___str_7:
   04AE 6D 65 6D 63 6D 70  1306 	.ascii "memcmp(s0, s100, 2) < 0"
        28 73 30 2C 20 73
        31 30 30 2C 20 32
        29 20 3C 20 30
   04C5 00                 1307 	.db 0x00
   04C6                    1308 ___str_8:
   04C6 73 74 72 63 6D 70  1309 	.ascii "strcmp(s0, s200) < 0"
        28 73 30 2C 20 73
        32 30 30 29 20 3C
        20 30
   04DA 00                 1310 	.db 0x00
   04DB                    1311 ___str_9:
   04DB 73 74 72 6E 63 6D  1312 	.ascii "strncmp(s0, s200, 2) < 0"
        70 28 73 30 2C 20
        73 32 30 30 2C 20
        32 29 20 3C 20 30
   04F3 00                 1313 	.db 0x00
   04F4                    1314 ___str_10:
   04F4 6D 65 6D 63 6D 70  1315 	.ascii "memcmp(s0, s200, 2) < 0"
        28 73 30 2C 20 73
        32 30 30 2C 20 32
        29 20 3C 20 30
   050B 00                 1316 	.db 0x00
   050C                    1317 ___str_11:
   050C 73 74 72 63 6D 70  1318 	.ascii "strcmp(s100, s200) < 0"
        28 73 31 30 30 2C
        20 73 32 30 30 29
        20 3C 20 30
   0522 00                 1319 	.db 0x00
   0523                    1320 ___str_12:
   0523 73 74 72 6E 63 6D  1321 	.ascii "strncmp(s100, s200, 2) < 0"
        70 28 73 31 30 30
        2C 20 73 32 30 30
        2C 20 32 29 20 3C
        20 30
   053D 00                 1322 	.db 0x00
   053E                    1323 ___str_13:
   053E 6D 65 6D 63 6D 70  1324 	.ascii "memcmp(s100, s200, 2) < 0"
        28 73 31 30 30 2C
        20 73 32 30 30 2C
        20 32 29 20 3C 20
        30
   0557 00                 1325 	.db 0x00
   0558                    1326 ___str_14:
   0558 73 74 72 63 6D 70  1327 	.ascii "strcmp(s1, s0) > 0"
        28 73 31 2C 20 73
        30 29 20 3E 20 30
   056A 00                 1328 	.db 0x00
   056B                    1329 ___str_15:
   056B 73 74 72 6E 63 6D  1330 	.ascii "strncmp(s1, s0, 2) > 0"
        70 28 73 31 2C 20
        73 30 2C 20 32 29
        20 3E 20 30
   0581 00                 1331 	.db 0x00
   0582                    1332 ___str_16:
   0582 6D 65 6D 63 6D 70  1333 	.ascii "memcmp(s1, s0, 2) > 0"
        28 73 31 2C 20 73
        30 2C 20 32 29 20
        3E 20 30
   0597 00                 1334 	.db 0x00
   0598                    1335 ___str_17:
   0598 73 74 72 63 6D 70  1336 	.ascii "strcmp(s100, s0) > 0"
        28 73 31 30 30 2C
        20 73 30 29 20 3E
        20 30
   05AC 00                 1337 	.db 0x00
   05AD                    1338 ___str_18:
   05AD 73 74 72 6E 63 6D  1339 	.ascii "strncmp(s100, s0, 2) > 0"
        70 28 73 31 30 30
        2C 20 73 30 2C 20
        32 29 20 3E 20 30
   05C5 00                 1340 	.db 0x00
   05C6                    1341 ___str_19:
   05C6 6D 65 6D 63 6D 70  1342 	.ascii "memcmp(s100, s0, 2) > 0"
        28 73 31 30 30 2C
        20 73 30 2C 20 32
        29 20 3E 20 30
   05DD 00                 1343 	.db 0x00
   05DE                    1344 ___str_20:
   05DE 73 74 72 63 6D 70  1345 	.ascii "strcmp(s200, s1) > 0"
        28 73 32 30 30 2C
        20 73 31 29 20 3E
        20 30
   05F2 00                 1346 	.db 0x00
   05F3                    1347 ___str_21:
   05F3 73 74 72 6E 63 6D  1348 	.ascii "strncmp(s200, s1, 2) > 0"
        70 28 73 32 30 30
        2C 20 73 31 2C 20
        32 29 20 3E 20 30
   060B 00                 1349 	.db 0x00
   060C                    1350 ___str_22:
   060C 6D 65 6D 63 6D 70  1351 	.ascii "memcmp(s200, s1, 2) > 0"
        28 73 32 30 30 2C
        20 73 31 2C 20 32
        29 20 3E 20 30
   0623 00                 1352 	.db 0x00
   0624                    1353 ___str_23:
   0624 73 74 72 63 6D 70  1354 	.ascii "strcmp(s200, s100) > 0"
        28 73 32 30 30 2C
        20 73 31 30 30 29
        20 3E 20 30
   063A 00                 1355 	.db 0x00
   063B                    1356 ___str_24:
   063B 73 74 72 6E 63 6D  1357 	.ascii "strncmp(s200, s100, 2) > 0"
        70 28 73 32 30 30
        2C 20 73 31 30 30
        2C 20 32 29 20 3E
        20 30
   0655 00                 1358 	.db 0x00
   0656                    1359 ___str_25:
   0656 6D 65 6D 63 6D 70  1360 	.ascii "memcmp(s200, s100, 2) > 0"
        28 73 32 30 30 2C
        20 73 31 30 30 2C
        20 32 29 20 3E 20
        30
   066F 00                 1361 	.db 0x00
                           1362 ;cases/tst_bug-3728.c:4: __runSuite(void)
                           1363 ;	genLabel
                           1364 ;	genFunction
                           1365 ;	---------------------------------
                           1366 ; Function __runSuite
                           1367 ; ---------------------------------
                           1368 ;	Register assignment is optimal.
                           1369 ; Stack space usage: 0 bytes.
   0670                    1370 ___runSuite::
                           1371 ;cases/tst_bug-3728.c:6: __prints("Running teststrcmp\n");
                           1372 ;	skipping iCode since result will be rematerialized
                           1373 ;	skipping iCode since result will be rematerialized
                           1374 ;	genSend
                           1375 ;	genMove_o size 2 result type 2 source type 7 a_dead 1 hl_dead 1 de_dead 1 iy_dead 1 f_dead 1
   0670 21r79s06      [10] 1376 	ld	hl, #___str_26
                           1377 ;	genCall
   0673 CDr00s00      [17] 1378 	call	___prints
                           1379 ;cases/tst_bug-3728.c:7: teststrcmp();
                           1380 ;	genCall
                           1381 ;	genLabel
                           1382 ; common peephole 159 removed unused label 00101$.
                           1383 ;cases/tst_bug-3728.c:8: }
                           1384 ;	genEndFunction
   0676 C3r00s00      [10] 1385 	jp	_teststrcmp
                           1386 ; common peephole 152 removed unused ret.
                           1387 ;	Total __runSuite function size at codegen: 1 bytes.
   0679                    1388 ___str_26:
   0679 52 75 6E 6E 69 6E  1389 	.ascii "Running teststrcmp"
        67 20 74 65 73 74
        73 74 72 63 6D 70
   068B 0A                 1390 	.db 0x0a
   068C 00                 1391 	.db 0x00
                           1392 ;cases/tst_bug-3728.c:13: __getSuiteName(void)
                           1393 ;	genLabel
                           1394 ;	genFunction
                           1395 ;	---------------------------------
                           1396 ; Function __getSuiteName
                           1397 ; ---------------------------------
                           1398 ;	Register assignment is optimal.
                           1399 ; Stack space usage: 0 bytes.
   068D                    1400 ___getSuiteName::
                           1401 ;cases/tst_bug-3728.c:15: return "bug-3728.c";
                           1402 ;	skipping iCode since result will be rematerialized
                           1403 ;	skipping iCode since result will be rematerialized
                           1404 ;	genRet
                           1405 ;	genMove_o size 2 result type 2 source type 7 a_dead 1 hl_dead 1 de_dead 1 iy_dead 1 f_dead 1
   068D 11r93s06      [10] 1406 	ld	de, #___str_27
                           1407 ;	genLabel
                           1408 ; common peephole 159 removed unused label 00101$.
                           1409 ;cases/tst_bug-3728.c:16: }
                           1410 ;	genEndFunction
   0690 C9            [10] 1411 	ret
                           1412 ;	Total __getSuiteName function size at codegen: 1 bytes.
   0691                    1413 ___numCases:
   0691 01 00              1414 	.dw #0x0001
   0693                    1415 ___str_27:
   0693 62 75 67 2D 33 37  1416 	.ascii "bug-3728.c"
        32 38 2E 63
   069D 00                 1417 	.db 0x00
                           1418 	.area _CODE (BANK=_CSEG)
                           1419 	.area _INITIALIZER
                           1420 	.area _CABS (ABS)
