                              1 ;--------------------------------------------------------
                              2 ; File Created by SDCC : free open source ISO C Compiler
                              3 ; Version 4.6.2 #16710 (Linux)
                              4 ;--------------------------------------------------------
                              5 	.module tst_gcc_torture_execute_930526_1
                              6 	
                              7 ;--------------------------------------------------------
                              8 ; Public variables in this module
                              9 ;--------------------------------------------------------
                             10 	.globl _testTortureExecute
                             11 	.globl ___prints
                             12 	.globl ___fail
                             13 	.globl ___numCases
                             14 	.globl ___runSuite
                             15 	.globl ___getSuiteName
                             16 ;--------------------------------------------------------
                             17 ; special function registers
                             18 ;--------------------------------------------------------
                             19 ;--------------------------------------------------------
                             20 ; ram data
                             21 ;--------------------------------------------------------
                             22 	.area _DATA (BANK=_DSEG)
                             23 ;--------------------------------------------------------
                             24 ; ram data
                             25 ;--------------------------------------------------------
                             26 	.area _INITIALIZED
                             27 ;--------------------------------------------------------
                             28 ; absolute ram data
                             29 ;--------------------------------------------------------
                             30 	.area _DABS (ABS)
                             31 	.area _DABS (ABS)
                             32 ;--------------------------------------------------------
                             33 ; global & static initialisations
                             34 ;--------------------------------------------------------
                             35 	.area _HOME
                             36 	.area _GSINIT
                             37 	.area _GSFINAL
                             38 	.area _GSINIT
                             39 ;--------------------------------------------------------
                             40 ; Home
                             41 ;--------------------------------------------------------
                             42 	.area _HOME (BANK=_CSEG)
                             43 	.area _HOME (BANK=_CSEG)
                             44 ;--------------------------------------------------------
                             45 ; code
                             46 ;--------------------------------------------------------
                             47 	.area _CODE (BANK=_CSEG)
                             48 ;cases/./../tests/gcc-torture-execute-930526-1.c:36: testTortureExecute (void)
                             49 ;	genLabel
                             50 ;	genFunction
                             51 ;	---------------------------------
                             52 ; Function testTortureExecute
                             53 ; ---------------------------------
                             54 ;	Register assignment might be sub-optimal.
                             55 ; Stack space usage: 32 bytes.
   0000                      56 _testTortureExecute::
   0000 DD E5         [15]   57 	push	ix
   0002 DD 21 00 00   [14]   58 	ld	ix,	#0
   0006 DD 39         [15]   59 	add	ix, sp
                             60 ;	adjustStack by -32
   0008 21 E0 FF      [10]   61 	ld	hl, #-32
   000B 39            [11]   62 	add	hl, sp
   000C F9            [ 6]   63 	ld	sp, hl
                             64 ;cases/./../tests/gcc-torture-execute-930526-1.c:20: memset (m, 0x00, sizeof (m));
                             65 ;	skipping iCode since result will be rematerialized
                             66 ;	skipping iCode since result will be rematerialized
                             67 ;	genBuiltIn
                             68 ;	genMove_o size 2 result type 2 source type 8 a_dead 1 hl_dead 1 de_dead 0 iy_dead 0 f_dead 1
   000D 21 06 00      [10]   69 	ld	hl, #6
   0010 39            [11]   70 	add	hl, sp
                             71 ;	genMove_o size 2 result type 2 source type 2 a_dead 1 hl_dead 1 de_dead 0 iy_dead 0 f_dead 1
   0011 06 18         [ 7]   72 	ld	b, #0x18
   0013                      73 00154$:
   0013 36 00         [10]   74 	ld	(hl), #0x00
   0015 23            [ 6]   75 	inc	hl
   0016 10 FB         [13]   76 	djnz	00154$
                             77 ;	skipping generated iCode
                             78 ;	skipping generated iCode
                             79 ;	skipping generated iCode
                             80 ;cases/./../tests/gcc-torture-execute-930526-1.c:22: for (i = 0; i < 3; i++)
                             81 ;	skipping iCode since result will be rematerialized
                             82 ;	genAssign
                             83 ;	genMove_o size 2 result type 2 source type 1 a_dead 1 hl_dead 1 de_dead 1 iy_dead 1 f_dead 1
   0018 11 00 00      [10]   84 	ld	de, #0x0000
                             85 ;	genLabel
   001B                      86 00103$:
                             87 ;cases/./../tests/gcc-torture-execute-930526-1.c:23: p[i] = m + x*i;
                             88 ;	genLeftShift
                             89 ;	genMove_o size 2 result type 2 source type 2 a_dead 1 hl_dead 1 de_dead 0 iy_dead 1 f_dead 1
   001B 4B            [ 4]   90 	ld	c, e
   001C 42            [ 4]   91 	ld	b, d
                             92 ;	genMove_o size 0 result type 2 source type 1 a_dead 1 hl_dead 1 de_dead 0 iy_dead 1 f_dead 1
   001D CB 21         [ 8]   93 	sla	c
   001F CB 10         [ 8]   94 	rl	b
                             95 ;	genPlus
                             96 ;	genMove_o size 2 result type 2 source type 2 a_dead 1 hl_dead 1 de_dead 0 iy_dead 0 f_dead 1
                             97 ;	genMove_o size 2 result type 2 source type 8 a_dead 1 hl_dead 1 de_dead 0 iy_dead 0 f_dead 1
   0021 21 00 00      [10]   98 	ld	hl, #0
   0024 39            [11]   99 	add	hl, sp
                            100 ;	genMove_o size 2 result type 2 source type 2 a_dead 1 hl_dead 1 de_dead 0 iy_dead 0 f_dead 1
   0025 09            [11]  101 	add	hl, bc
                            102 ;	genMove_o size 2 result type 6 source type 2 a_dead 1 hl_dead 1 de_dead 0 iy_dead 0 f_dead 1
   0026 DD 75 FE      [19]  103 	ld	-2 (ix), l
   0029 DD 74 FF      [19]  104 	ld	-1 (ix), h
                            105 ;	genMove_o size 0 result type 6 source type 1 a_dead 1 hl_dead 1 de_dead 0 iy_dead 0 f_dead 1
                            106 ;	genCast
                            107 ;	genMove_o size 1 result type 2 source type 2 a_dead 1 hl_dead 1 de_dead 0 iy_dead 1 f_dead 1
                            108 ;	genMove_o size 0 result type 2 source type 1 a_dead 1 hl_dead 1 de_dead 0 iy_dead 1 f_dead 1
                            109 ;	genMult
                            110 ; common peephole 9 loaded l from e directly instead of going through c.
   002C 6B            [ 4]  111 	ld	l, e
   002D 29            [11]  112 	add	hl, hl
   002E 29            [11]  113 	add	hl, hl
                            114 ;	genMove_o size 1 result type 2 source type 2 a_dead 1 hl_dead 1 de_dead 0 iy_dead 1 f_dead 1
                            115 ;	genCast
                            116 ;	genMove_o size 1 result type 2 source type 2 a_dead 1 hl_dead 1 de_dead 0 iy_dead 1 f_dead 1
                            117 ;	genMove_o size 1 result type 2 source type 1 a_dead 1 hl_dead 0 de_dead 0 iy_dead 0 f_dead 1
   002F 26 00         [ 7]  118 	ld	h, #0x00
                            119 ;	genLeftShift
   0031 29            [11]  120 	add	hl, hl
                            121 ;fetchPairLong
   0032 4D            [ 4]  122 	ld	c, l
   0033 44            [ 4]  123 	ld	b, h
                            124 ;	genPlus
                            125 ;	genMove_o size 2 result type 2 source type 2 a_dead 1 hl_dead 1 de_dead 0 iy_dead 0 f_dead 1
                            126 ;	genMove_o size 2 result type 2 source type 8 a_dead 1 hl_dead 1 de_dead 0 iy_dead 0 f_dead 1
   0034 21 06 00      [10]  127 	ld	hl, #6
   0037 39            [11]  128 	add	hl, sp
                            129 ;	genMove_o size 2 result type 2 source type 2 a_dead 1 hl_dead 1 de_dead 0 iy_dead 0 f_dead 1
   0038 09            [11]  130 	add	hl, bc
                            131 ;	genMove_o size 2 result type 2 source type 2 a_dead 1 hl_dead 1 de_dead 0 iy_dead 0 f_dead 1
   0039 4D            [ 4]  132 	ld	c, l
   003A 44            [ 4]  133 	ld	b, h
                            134 ;	genMove_o size 0 result type 2 source type 1 a_dead 1 hl_dead 1 de_dead 0 iy_dead 0 f_dead 1
                            135 ;	genCast
                            136 ;	(locations are the same)
                            137 ;	genPointerSet
                            138 ;	genMove_o size 2 result type 2 source type 6 a_dead 1 hl_dead 1 de_dead 0 iy_dead 1 f_dead 1
   003B DD 6E FE      [19]  139 	ld	l, -2 (ix)
   003E DD 66 FF      [19]  140 	ld	h, -1 (ix)
                            141 ;	genMove_o size 0 result type 2 source type 1 a_dead 1 hl_dead 1 de_dead 0 iy_dead 1 f_dead 1
   0041 71            [ 7]  142 	ld	(hl), c
   0042 23            [ 6]  143 	inc	hl
   0043 70            [ 7]  144 	ld	(hl), b
                            145 ;cases/./../tests/gcc-torture-execute-930526-1.c:22: for (i = 0; i < 3; i++)
                            146 ;	genPlus
   0044 13            [ 6]  147 	inc	de
                            148 ;	genCmpLt
   0045 7B            [ 4]  149 	ld	a, e
   0046 D6 03         [ 7]  150 	sub	a, #0x03
                            151 ; common peephole 163 changed absolute to relative conditional jump.
   0048 38 D1         [12]  152 	jr	c, 00103$
                            153 ;	skipping generated iCode
                            154 ;cases/./../tests/gcc-torture-execute-930526-1.c:25: p[0][2] = 0x5555;
                            155 ;	genPointerGet
                            156 ;	genMove_o size 2 result type 2 source type 6 a_dead 1 hl_dead 1 de_dead 1 iy_dead 1 f_dead 1
   004A C1            [10]  157 	pop	bc
   004B C5            [11]  158 	push	bc
                            159 ;	genMove_o size 0 result type 2 source type 1 a_dead 1 hl_dead 1 de_dead 1 iy_dead 1 f_dead 1
                            160 ;	genPlus
                            161 ;fetchPairLong
   004C 21 04 00      [10]  162 	ld	hl, #0x0004
   004F 09            [11]  163 	add	hl, bc
                            164 ;	genPointerSet
                            165 ;	genMove_o size 2 result type 2 source type 2 a_dead 1 hl_dead 1 de_dead 1 iy_dead 1 f_dead 1
   0050 36 55         [10]  166 	ld	(hl), #0x55
   0052 23            [ 6]  167 	inc	hl
   0053 36 55         [10]  168 	ld	(hl), #0x55
                            169 ;cases/./../tests/gcc-torture-execute-930526-1.c:26: p[1][0] = 0x3333;
                            170 ;	skipping iCode since result will be rematerialized
                            171 ;	genPointerGet
                            172 ;	genMove_o size 2 result type 2 source type 6 a_dead 1 hl_dead 1 de_dead 1 iy_dead 1 f_dead 1
   0055 D1            [10]  173 	pop	de
   0056 E1            [10]  174 	pop	hl
   0057 E5            [11]  175 	push	hl
   0058 D5            [11]  176 	push	de
                            177 ;	genMove_o size 0 result type 2 source type 1 a_dead 1 hl_dead 1 de_dead 1 iy_dead 1 f_dead 1
                            178 ;	genPointerSet
                            179 ;	genMove_o size 2 result type 2 source type 2 a_dead 1 hl_dead 1 de_dead 1 iy_dead 1 f_dead 1
   0059 36 33         [10]  180 	ld	(hl), #0x33
   005B 23            [ 6]  181 	inc	hl
   005C 36 33         [10]  182 	ld	(hl), #0x33
                            183 ;cases/./../tests/gcc-torture-execute-930526-1.c:27: p[2][1] = -23456;
                            184 ;	skipping iCode since result will be rematerialized
                            185 ;	genPointerGet
                            186 ;	genMove_o size 2 result type 2 source type 6 a_dead 1 hl_dead 1 de_dead 1 iy_dead 1 f_dead 1
   005E DD 6E E4      [19]  187 	ld	l, -28 (ix)
   0061 DD 66 E5      [19]  188 	ld	h, -27 (ix)
                            189 ;	genMove_o size 0 result type 2 source type 1 a_dead 1 hl_dead 1 de_dead 1 iy_dead 1 f_dead 1
                            190 ;	genPlus
   0064 23            [ 6]  191 	inc	hl
   0065 23            [ 6]  192 	inc	hl
                            193 ;	genPointerSet
                            194 ;	genMove_o size 2 result type 2 source type 2 a_dead 1 hl_dead 1 de_dead 1 iy_dead 1 f_dead 1
   0066 36 60         [10]  195 	ld	(hl), #0x60
   0068 23            [ 6]  196 	inc	hl
   0069 36 A4         [10]  197 	ld	(hl), #0xa4
                            198 ;cases/./../tests/gcc-torture-execute-930526-1.c:29: ASSERT (m[2] == 0x5555);
                            199 ;	genPlus
                            200 ;	genMove_o size 2 result type 2 source type 10 a_dead 1 hl_dead 1 de_dead 1 iy_dead 1 f_dead 1
   006B 2Ar00s00      [16]  201 	ld	hl, (___numTests)
   006E 23            [ 6]  202 	inc	hl
                            203 ;	genMove_o size 2 result type 10 source type 2 a_dead 1 hl_dead 1 de_dead 1 iy_dead 1 f_dead 1
   006F 22r00s00      [16]  204 	ld	(___numTests), hl
                            205 ;	skipping iCode since result will be rematerialized
                            206 ;	genPointerGet
                            207 ;	genMove_o size 2 result type 2 source type 6 a_dead 1 hl_dead 1 de_dead 1 iy_dead 1 f_dead 1
   0072 DD 6E EA      [19]  208 	ld	l, -22 (ix)
   0075 DD 66 EB      [19]  209 	ld	h, -21 (ix)
                            210 ;	genMove_o size 0 result type 2 source type 1 a_dead 1 hl_dead 1 de_dead 1 iy_dead 1 f_dead 1
                            211 ;	genCmpEq
   0078 11 55 55      [10]  212 	ld	de, #0x5555
   007B BF            [ 4]  213 	cp	a, a
   007C ED 52         [15]  214 	sbc	hl, de
                            215 ; common peephole 163 changed absolute to relative conditional jump.
   007E 28 11         [12]  216 	jr	z, 00108$
                            217 ; common peephole 81 removed jp by using inverse jump logic
                            218 ; common peephole 159 removed unused label 00157$.
                            219 ;	skipping generated iCode
                            220 ;	skipping iCode since result will be rematerialized
                            221 ;	skipping iCode since result will be rematerialized
                            222 ;	skipping iCode since result will be rematerialized
                            223 ;	skipping iCode since result will be rematerialized
                            224 ;	skipping iCode since result will be rematerialized
                            225 ;	skipping iCode since result will be rematerialized
                            226 ;	genIpush
                            227 ;	genMove_o size 2 result type 2 source type 1 a_dead 1 hl_dead 1 de_dead 1 iy_dead 1 f_dead 1
   0080 21 1D 00      [10]  228 	ld	hl, #0x001d
   0083 E5            [11]  229 	push	hl
                            230 ;	genIpush
                            231 ;	genMove_o size 2 result type 2 source type 7 a_dead 1 hl_dead 1 de_dead 1 iy_dead 1 f_dead 1
   0084 21r02s01      [10]  232 	ld	hl, #___str_2
   0087 E5            [11]  233 	push	hl
                            234 ;	genSend
                            235 ;	genMove_o size 2 result type 2 source type 7 a_dead 1 hl_dead 1 de_dead 1 iy_dead 1 f_dead 1
   0088 11rF3s00      [10]  236 	ld	de, #___str_1
                            237 ;	genSend
                            238 ;	genMove_o size 2 result type 2 source type 7 a_dead 1 hl_dead 1 de_dead 0 iy_dead 1 f_dead 1
   008B 21rE2s00      [10]  239 	ld	hl, #___str_0
                            240 ;	genCall
   008E CDr00s00      [17]  241 	call	___fail
                            242 ;	genLabel
   0091                     243 00108$:
                            244 ;cases/./../tests/gcc-torture-execute-930526-1.c:30: ASSERT (m[4] == 0x3333);
                            245 ;	genPlus
                            246 ;	genMove_o size 2 result type 2 source type 10 a_dead 1 hl_dead 1 de_dead 1 iy_dead 1 f_dead 1
   0091 2Ar00s00      [16]  247 	ld	hl, (___numTests)
   0094 23            [ 6]  248 	inc	hl
                            249 ;	genMove_o size 2 result type 10 source type 2 a_dead 1 hl_dead 1 de_dead 1 iy_dead 1 f_dead 1
   0095 22r00s00      [16]  250 	ld	(___numTests), hl
                            251 ;	skipping iCode since result will be rematerialized
                            252 ;	genPointerGet
                            253 ;	genMove_o size 2 result type 2 source type 6 a_dead 1 hl_dead 1 de_dead 1 iy_dead 1 f_dead 1
   0098 DD 6E EE      [19]  254 	ld	l, -18 (ix)
   009B DD 66 EF      [19]  255 	ld	h, -17 (ix)
                            256 ;	genMove_o size 0 result type 2 source type 1 a_dead 1 hl_dead 1 de_dead 1 iy_dead 1 f_dead 1
                            257 ;	genCmpEq
   009E 11 33 33      [10]  258 	ld	de, #0x3333
   00A1 BF            [ 4]  259 	cp	a, a
   00A2 ED 52         [15]  260 	sbc	hl, de
                            261 ; common peephole 163 changed absolute to relative conditional jump.
   00A4 28 11         [12]  262 	jr	z, 00110$
                            263 ; common peephole 81 removed jp by using inverse jump logic
                            264 ; common peephole 159 removed unused label 00158$.
                            265 ;	skipping generated iCode
                            266 ;	skipping iCode since result will be rematerialized
                            267 ;	skipping iCode since result will be rematerialized
                            268 ;	skipping iCode since result will be rematerialized
                            269 ;	skipping iCode since result will be rematerialized
                            270 ;	skipping iCode since result will be rematerialized
                            271 ;	skipping iCode since result will be rematerialized
                            272 ;	genIpush
                            273 ;	genMove_o size 2 result type 2 source type 1 a_dead 1 hl_dead 1 de_dead 1 iy_dead 1 f_dead 1
   00A6 21 1E 00      [10]  274 	ld	hl, #0x001e
   00A9 E5            [11]  275 	push	hl
                            276 ;	genIpush
                            277 ;	genMove_o size 2 result type 2 source type 7 a_dead 1 hl_dead 1 de_dead 1 iy_dead 1 f_dead 1
   00AA 21r02s01      [10]  278 	ld	hl, #___str_2
   00AD E5            [11]  279 	push	hl
                            280 ;	genSend
                            281 ;	genMove_o size 2 result type 2 source type 7 a_dead 1 hl_dead 1 de_dead 1 iy_dead 1 f_dead 1
   00AE 11r32s01      [10]  282 	ld	de, #___str_3
                            283 ;	genSend
                            284 ;	genMove_o size 2 result type 2 source type 7 a_dead 1 hl_dead 1 de_dead 0 iy_dead 1 f_dead 1
   00B1 21rE2s00      [10]  285 	ld	hl, #___str_0
                            286 ;	genCall
   00B4 CDr00s00      [17]  287 	call	___fail
                            288 ;	genLabel
   00B7                     289 00110$:
                            290 ;cases/./../tests/gcc-torture-execute-930526-1.c:31: ASSERT (m[9] == -23456);
                            291 ;	genPlus
                            292 ;	genMove_o size 2 result type 2 source type 10 a_dead 1 hl_dead 1 de_dead 1 iy_dead 1 f_dead 1
   00B7 2Ar00s00      [16]  293 	ld	hl, (___numTests)
   00BA 23            [ 6]  294 	inc	hl
                            295 ;	genMove_o size 2 result type 10 source type 2 a_dead 1 hl_dead 1 de_dead 1 iy_dead 1 f_dead 1
   00BB 22r00s00      [16]  296 	ld	(___numTests), hl
                            297 ;	skipping iCode since result will be rematerialized
                            298 ;	genPointerGet
                            299 ;	genMove_o size 2 result type 2 source type 6 a_dead 1 hl_dead 1 de_dead 1 iy_dead 1 f_dead 1
   00BE DD 6E F8      [19]  300 	ld	l, -8 (ix)
   00C1 DD 66 F9      [19]  301 	ld	h, -7 (ix)
                            302 ;	genMove_o size 0 result type 2 source type 1 a_dead 1 hl_dead 1 de_dead 1 iy_dead 1 f_dead 1
                            303 ;	genCmpEq
   00C4 11 60 A4      [10]  304 	ld	de, #0xa460
   00C7 BF            [ 4]  305 	cp	a, a
   00C8 ED 52         [15]  306 	sbc	hl, de
                            307 ; common peephole 163 changed absolute to relative conditional jump.
   00CA 28 11         [12]  308 	jr	z, 00102$
                            309 ; common peephole 81 removed jp by using inverse jump logic
                            310 ; common peephole 159 removed unused label 00159$.
                            311 ;	skipping generated iCode
                            312 ;	skipping iCode since result will be rematerialized
                            313 ;	skipping iCode since result will be rematerialized
                            314 ;	skipping iCode since result will be rematerialized
                            315 ;	skipping iCode since result will be rematerialized
                            316 ;	skipping iCode since result will be rematerialized
                            317 ;	skipping iCode since result will be rematerialized
                            318 ;	genIpush
                            319 ;	genMove_o size 2 result type 2 source type 1 a_dead 1 hl_dead 1 de_dead 1 iy_dead 1 f_dead 1
   00CC 21 1F 00      [10]  320 	ld	hl, #0x001f
   00CF E5            [11]  321 	push	hl
                            322 ;	genIpush
                            323 ;	genMove_o size 2 result type 2 source type 7 a_dead 1 hl_dead 1 de_dead 1 iy_dead 1 f_dead 1
   00D0 21r02s01      [10]  324 	ld	hl, #___str_2
   00D3 E5            [11]  325 	push	hl
                            326 ;	genSend
                            327 ;	genMove_o size 2 result type 2 source type 7 a_dead 1 hl_dead 1 de_dead 1 iy_dead 1 f_dead 1
   00D4 11r41s01      [10]  328 	ld	de, #___str_4
                            329 ;	genSend
                            330 ;	genMove_o size 2 result type 2 source type 7 a_dead 1 hl_dead 1 de_dead 0 iy_dead 1 f_dead 1
   00D7 21rE2s00      [10]  331 	ld	hl, #___str_0
                            332 ;	genCall
   00DA CDr00s00      [17]  333 	call	___fail
                            334 ;cases/./../tests/gcc-torture-execute-930526-1.c:38: f (4);
                            335 ;	genLabel
   00DD                     336 00102$:
                            337 ;cases/./../tests/gcc-torture-execute-930526-1.c:39: return;
                            338 ;	genRet
                            339 ;	genLabel
                            340 ; common peephole 159 removed unused label 00105$.
                            341 ;cases/./../tests/gcc-torture-execute-930526-1.c:40: }
                            342 ;	genEndFunction
   00DD DD F9         [10]  343 	ld	sp, ix
   00DF DD E1         [14]  344 	pop	ix
   00E1 C9            [10]  345 	ret
                            346 ;	Total testTortureExecute function size at codegen: 9 bytes.
   00E2                     347 ___str_0:
   00E2 41 73 73 65 72 74   348 	.ascii "Assertion failed"
        69 6F 6E 20 66 61
        69 6C 65 64
   00F2 00                  349 	.db 0x00
   00F3                     350 ___str_1:
   00F3 6D 5B 32 5D 20 3D   351 	.ascii "m[2] == 0x5555"
        3D 20 30 78 35 35
        35 35
   0101 00                  352 	.db 0x00
   0102                     353 ___str_2:
   0102 63 61 73 65 73 2F   354 	.ascii "cases/./../tests/gcc-torture-execute-930526-1.c"
        2E 2F 2E 2E 2F 74
        65 73 74 73 2F 67
        63 63 2D 74 6F 72
        74 75 72 65 2D 65
        78 65 63 75 74 65
        2D 39 33 30 35 32
        36 2D 31 2E 63
   0131 00                  355 	.db 0x00
   0132                     356 ___str_3:
   0132 6D 5B 34 5D 20 3D   357 	.ascii "m[4] == 0x3333"
        3D 20 30 78 33 33
        33 33
   0140 00                  358 	.db 0x00
   0141                     359 ___str_4:
   0141 6D 5B 39 5D 20 3D   360 	.ascii "m[9] == -23456"
        3D 20 2D 32 33 34
        35 36
   014F 00                  361 	.db 0x00
                            362 ;cases/tst_gcc-torture-execute-930526-1.c:4: __runSuite(void)
                            363 ;	genLabel
                            364 ;	genFunction
                            365 ;	---------------------------------
                            366 ; Function __runSuite
                            367 ; ---------------------------------
                            368 ;	Register assignment is optimal.
                            369 ; Stack space usage: 0 bytes.
   0150                     370 ___runSuite::
                            371 ;cases/tst_gcc-torture-execute-930526-1.c:6: __prints("Running testTortureExecute\n");
                            372 ;	skipping iCode since result will be rematerialized
                            373 ;	skipping iCode since result will be rematerialized
                            374 ;	genSend
                            375 ;	genMove_o size 2 result type 2 source type 7 a_dead 1 hl_dead 1 de_dead 1 iy_dead 1 f_dead 1
   0150 21r59s01      [10]  376 	ld	hl, #___str_5
                            377 ;	genCall
   0153 CDr00s00      [17]  378 	call	___prints
                            379 ;cases/tst_gcc-torture-execute-930526-1.c:7: testTortureExecute();
                            380 ;	genCall
                            381 ;	genLabel
                            382 ; common peephole 159 removed unused label 00101$.
                            383 ;cases/tst_gcc-torture-execute-930526-1.c:8: }
                            384 ;	genEndFunction
   0156 C3r00s00      [10]  385 	jp	_testTortureExecute
                            386 ; common peephole 152 removed unused ret.
                            387 ;	Total __runSuite function size at codegen: 1 bytes.
   0159                     388 ___str_5:
   0159 52 75 6E 6E 69 6E   389 	.ascii "Running testTortureExecute"
        67 20 74 65 73 74
        54 6F 72 74 75 72
        65 45 78 65 63 75
        74 65
   0173 0A                  390 	.db 0x0a
   0174 00                  391 	.db 0x00
                            392 ;cases/tst_gcc-torture-execute-930526-1.c:13: __getSuiteName(void)
                            393 ;	genLabel
                            394 ;	genFunction
                            395 ;	---------------------------------
                            396 ; Function __getSuiteName
                            397 ; ---------------------------------
                            398 ;	Register assignment is optimal.
                            399 ; Stack space usage: 0 bytes.
   0175                     400 ___getSuiteName::
                            401 ;cases/tst_gcc-torture-execute-930526-1.c:15: return "gcc-torture-execute-930526-1.c";
                            402 ;	skipping iCode since result will be rematerialized
                            403 ;	skipping iCode since result will be rematerialized
                            404 ;	genRet
                            405 ;	genMove_o size 2 result type 2 source type 7 a_dead 1 hl_dead 1 de_dead 1 iy_dead 1 f_dead 1
   0175 11r7Bs01      [10]  406 	ld	de, #___str_6
                            407 ;	genLabel
                            408 ; common peephole 159 removed unused label 00101$.
                            409 ;cases/tst_gcc-torture-execute-930526-1.c:16: }
                            410 ;	genEndFunction
   0178 C9            [10]  411 	ret
                            412 ;	Total __getSuiteName function size at codegen: 1 bytes.
   0179                     413 ___numCases:
   0179 01 00               414 	.dw #0x0001
   017B                     415 ___str_6:
   017B 67 63 63 2D 74 6F   416 	.ascii "gcc-torture-execute-930526-1.c"
        72 74 75 72 65 2D
        65 78 65 63 75 74
        65 2D 39 33 30 35
        32 36 2D 31 2E 63
   0199 00                  417 	.db 0x00
                            418 	.area _CODE (BANK=_CSEG)
                            419 	.area _INITIALIZER
                            420 	.area _CABS (ABS)
