                              1 ;--------------------------------------------------------
                              2 ; File Created by SDCC : free open source ISO C Compiler
                              3 ; Version 4.6.2 #16710 (Linux)
                              4 ;--------------------------------------------------------
                              5 	.module tst_bug_2228
                              6 	
                              7 ;--------------------------------------------------------
                              8 ; Public variables in this module
                              9 ;--------------------------------------------------------
                             10 	.globl _testBug
                             11 	.globl ___prints
                             12 	.globl ___fail
                             13 	.globl _j
                             14 	.globl _i
                             15 	.globl ___numCases
                             16 	.globl ___runSuite
                             17 	.globl ___getSuiteName
                             18 ;--------------------------------------------------------
                             19 ; special function registers
                             20 ;--------------------------------------------------------
                             21 ;--------------------------------------------------------
                             22 ; ram data
                             23 ;--------------------------------------------------------
                             24 	.area _DATA (BANK=_DSEG)
   0000                      25 _i::
   0000                      26 	.ds 1
                             27 ;--------------------------------------------------------
                             28 ; ram data
                             29 ;--------------------------------------------------------
                             30 	.area _INITIALIZED
   0000                      31 _j::
   0000                      32 	.ds 1
                             33 ;--------------------------------------------------------
                             34 ; absolute ram data
                             35 ;--------------------------------------------------------
                             36 	.area _DABS (ABS)
                             37 	.area _DABS (ABS)
                             38 ;--------------------------------------------------------
                             39 ; global & static initialisations
                             40 ;--------------------------------------------------------
                             41 	.area _HOME
                             42 	.area _GSINIT
                             43 	.area _GSFINAL
                             44 	.area _GSINIT
                             45 ;--------------------------------------------------------
                             46 ; Home
                             47 ;--------------------------------------------------------
                             48 	.area _HOME (BANK=_CSEG)
                             49 	.area _HOME (BANK=_CSEG)
                             50 ;--------------------------------------------------------
                             51 ; code
                             52 ;--------------------------------------------------------
                             53 	.area _CODE (BANK=_CSEG)
                             54 ;cases/./../tests/bug-2228.c:9: void testBug(void)
                             55 ;	genLabel
                             56 ;	genFunction
                             57 ;	---------------------------------
                             58 ; Function testBug
                             59 ; ---------------------------------
                             60 ;	Register assignment might be sub-optimal.
                             61 ; Stack space usage: 0 bytes.
   0000                      62 _testBug::
                             63 ;cases/./../tests/bug-2228.c:11: i = 0;
                             64 ;	genAssign
                             65 ;	genMove_o size 1 result type 11 source type 1 a_dead 1 hl_dead 1 de_dead 1 iy_dead 1 f_dead 1
   0000 AF            [ 4]   66 	xor	a, a
   0001 32r00s00      [13]   67 	ld	(#_i), a
                             68 ; common peephole 19 loaded (#_i) from a directly instead of using hl.
                             69 ;cases/./../tests/bug-2228.c:13: while (j--)
                             70 ;	genLabel
   0004                      71 00101$:
                             72 ;	genAssign
                             73 ;	genMove_o size 1 result type 2 source type 10 a_dead 1 hl_dead 1 de_dead 1 iy_dead 1 f_dead 1
   0004 3Ar00s00      [13]   74 	ld	a, (_j)
                             75 ;	genMinus
                             76 ;	Shift into pair
   0007 21r00s00      [10]   77 	ld	hl, #_j
   000A 35            [11]   78 	dec	(hl)
                             79 ;	genIfx
   000B B7            [ 4]   80 	or	a, a
                             81 ; common peephole 163 changed absolute to relative conditional jump.
   000C 28 10         [12]   82 	jr	z, 00103$
                             83 ;cases/./../tests/bug-2228.c:14: i = (i == 3) ? 0 : (i + 1);
                             84 ;	genCmpEq
                             85 ;	genMove_o size 1 result type 2 source type 10 a_dead 1 hl_dead 1 de_dead 0 iy_dead 0 f_dead 1
   000E 3Ar00s00      [13]   86 	ld	a, (_i)
                             87 ; common peephole 81 removed jp by using inverse jump logic
                             88 ; common peephole 159 removed unused label 00142$.
                             89 ; common peephole 82 removed jp by using inverse jump logic
                             90 ; common peephole 159 removed unused label 00143$.
                             91 ;	skipping generated iCode
                             92 ;	genAssign
                             93 ;	genMove_o size 2 result type 2 source type 1 a_dead 1 hl_dead 1 de_dead 1 iy_dead 1 f_dead 1
   0011 D6 03         [ 7]   94 	sub	a, #0x03
                             95 ; common peephole 124b removed xor a, a (since a has just been tested to be #0x00).
                             96 ; common peephole 1 removed dead load from a into l.
                             97 ;	genGoto
                             98 ;	genLabel
                             99 ; common peephole 163 changed absolute to relative conditional jump.
   0013 28 04         [12]  100 	jr	z, 00107$
                            101 ; common peephole 81 removed jp by using inverse jump logic
                            102 ; common peephole 159 removed unused label 00106$.
                            103 ;	genCast
                            104 ;	genMove_o size 1 result type 2 source type 10 a_dead 1 hl_dead 1 de_dead 1 iy_dead 1 f_dead 1
   0015 3Ar00s00      [13]  105 	ld	a, (_i)
                            106 ;	genPlus
   0018 3C            [ 4]  107 	inc	a
                            108 ;	genCast
                            109 ;	genMove_o size 0 result type 2 source type 2 a_dead 1 hl_dead 1 de_dead 1 iy_dead 1 f_dead 1
                            110 ;	genMove_o size 1 result type 2 source type 2 a_dead 1 hl_dead 1 de_dead 1 iy_dead 1 f_dead 1
                            111 ; common peephole 2d removed rlca due to unused result.
                            112 ; common peephole 6b removed dead sbc a, a
                            113 ; common peephole 1 removed dead load from a into l.
                            114 ; common peephole 50b eliminated dead push/pop pair.
                            115 ;	genLabel
   0019                     116 00107$:
                            117 ;	genCast
                            118 ;	genMove_o size 1 result type 11 source type 2 a_dead 1 hl_dead 1 de_dead 1 iy_dead 1 f_dead 1
   0019 32r00s00      [13]  119 	ld	(_i), a
                            120 ;	genGoto
                            121 ; common peephole 162 changed absolute to relative unconditional jump.
   001C 18 E6         [12]  122 	jr	00101$
                            123 ;	genLabel
   001E                     124 00103$:
                            125 ;cases/./../tests/bug-2228.c:16: ASSERT(!i);
                            126 ;	genPlus
                            127 ;	genMove_o size 2 result type 2 source type 10 a_dead 1 hl_dead 1 de_dead 1 iy_dead 1 f_dead 1
   001E 2Ar00s00      [16]  128 	ld	hl, (___numTests)
   0021 23            [ 6]  129 	inc	hl
                            130 ;	genMove_o size 2 result type 10 source type 2 a_dead 1 hl_dead 1 de_dead 1 iy_dead 1 f_dead 1
   0022 22r00s00      [16]  131 	ld	(___numTests), hl
                            132 ;	genIfx
   0025 3Ar00s00      [13]  133 	ld	a, (_i+0)
   0028 B7            [ 4]  134 	or	a, a
   0029 C8            [11]  135 	ret	z
                            136 ; common peephole 161 replaced jump by return.
                            137 ;	skipping iCode since result will be rematerialized
                            138 ;	skipping iCode since result will be rematerialized
                            139 ;	skipping iCode since result will be rematerialized
                            140 ;	skipping iCode since result will be rematerialized
                            141 ;	skipping iCode since result will be rematerialized
                            142 ;	skipping iCode since result will be rematerialized
                            143 ;	genIpush
                            144 ;	genMove_o size 2 result type 2 source type 1 a_dead 1 hl_dead 1 de_dead 1 iy_dead 1 f_dead 1
   002A 21 10 00      [10]  145 	ld	hl, #0x0010
   002D E5            [11]  146 	push	hl
                            147 ;	genIpush
                            148 ;	genMove_o size 2 result type 2 source type 7 a_dead 1 hl_dead 1 de_dead 1 iy_dead 1 f_dead 1
   002E 21r50s00      [10]  149 	ld	hl, #___str_2
   0031 E5            [11]  150 	push	hl
                            151 ;	genSend
                            152 ;	genMove_o size 2 result type 2 source type 7 a_dead 1 hl_dead 1 de_dead 1 iy_dead 1 f_dead 1
   0032 11r4Ds00      [10]  153 	ld	de, #___str_1
                            154 ;	genSend
                            155 ;	genMove_o size 2 result type 2 source type 7 a_dead 1 hl_dead 1 de_dead 0 iy_dead 1 f_dead 1
   0035 21r3Cs00      [10]  156 	ld	hl, #___str_0
                            157 ;	genCall
   0038 CDr00s00      [17]  158 	call	___fail
                            159 ;	genLabel
                            160 ; common peephole 159 removed unused label 00104$.
                            161 ;cases/./../tests/bug-2228.c:17: }
                            162 ;	genEndFunction
   003B C9            [10]  163 	ret
                            164 ;	Total testBug function size at codegen: 1 bytes.
   003C                     165 ___str_0:
   003C 41 73 73 65 72 74   166 	.ascii "Assertion failed"
        69 6F 6E 20 66 61
        69 6C 65 64
   004C 00                  167 	.db 0x00
   004D                     168 ___str_1:
   004D 21 69               169 	.ascii "!i"
   004F 00                  170 	.db 0x00
   0050                     171 ___str_2:
   0050 63 61 73 65 73 2F   172 	.ascii "cases/./../tests/bug-2228.c"
        2E 2F 2E 2E 2F 74
        65 73 74 73 2F 62
        75 67 2D 32 32 32
        38 2E 63
   006B 00                  173 	.db 0x00
                            174 ;cases/tst_bug-2228.c:4: __runSuite(void)
                            175 ;	genLabel
                            176 ;	genFunction
                            177 ;	---------------------------------
                            178 ; Function __runSuite
                            179 ; ---------------------------------
                            180 ;	Register assignment is optimal.
                            181 ; Stack space usage: 0 bytes.
   006C                     182 ___runSuite::
                            183 ;cases/tst_bug-2228.c:6: __prints("Running testBug\n");
                            184 ;	skipping iCode since result will be rematerialized
                            185 ;	skipping iCode since result will be rematerialized
                            186 ;	genSend
                            187 ;	genMove_o size 2 result type 2 source type 7 a_dead 1 hl_dead 1 de_dead 1 iy_dead 1 f_dead 1
   006C 21r75s00      [10]  188 	ld	hl, #___str_3
                            189 ;	genCall
   006F CDr00s00      [17]  190 	call	___prints
                            191 ;cases/tst_bug-2228.c:7: testBug();
                            192 ;	genCall
                            193 ;	genLabel
                            194 ; common peephole 159 removed unused label 00101$.
                            195 ;cases/tst_bug-2228.c:8: }
                            196 ;	genEndFunction
   0072 C3r00s00      [10]  197 	jp	_testBug
                            198 ; common peephole 152 removed unused ret.
                            199 ;	Total __runSuite function size at codegen: 1 bytes.
   0075                     200 ___str_3:
   0075 52 75 6E 6E 69 6E   201 	.ascii "Running testBug"
        67 20 74 65 73 74
        42 75 67
   0084 0A                  202 	.db 0x0a
   0085 00                  203 	.db 0x00
                            204 ;cases/tst_bug-2228.c:13: __getSuiteName(void)
                            205 ;	genLabel
                            206 ;	genFunction
                            207 ;	---------------------------------
                            208 ; Function __getSuiteName
                            209 ; ---------------------------------
                            210 ;	Register assignment is optimal.
                            211 ; Stack space usage: 0 bytes.
   0086                     212 ___getSuiteName::
                            213 ;cases/tst_bug-2228.c:15: return "bug-2228.c";
                            214 ;	skipping iCode since result will be rematerialized
                            215 ;	skipping iCode since result will be rematerialized
                            216 ;	genRet
                            217 ;	genMove_o size 2 result type 2 source type 7 a_dead 1 hl_dead 1 de_dead 1 iy_dead 1 f_dead 1
   0086 11r8Cs00      [10]  218 	ld	de, #___str_4
                            219 ;	genLabel
                            220 ; common peephole 159 removed unused label 00101$.
                            221 ;cases/tst_bug-2228.c:16: }
                            222 ;	genEndFunction
   0089 C9            [10]  223 	ret
                            224 ;	Total __getSuiteName function size at codegen: 1 bytes.
   008A                     225 ___numCases:
   008A 01 00               226 	.dw #0x0001
   008C                     227 ___str_4:
   008C 62 75 67 2D 32 32   228 	.ascii "bug-2228.c"
        32 38 2E 63
   0096 00                  229 	.db 0x00
                            230 	.area _CODE (BANK=_CSEG)
                            231 	.area _INITIALIZER
   0000                     232 __xinit__j:
   0000 04                  233 	.db #0x04	; 4
                            234 	.area _CABS (ABS)
