                              1 ;--------------------------------------------------------
                              2 ; File Created by SDCC : free open source ISO C Compiler
                              3 ; Version 4.6.2 #16710 (Linux)
                              4 ;--------------------------------------------------------
                              5 	.module tst_bug_2993
                              6 	
                              7 ;--------------------------------------------------------
                              8 ; Public variables in this module
                              9 ;--------------------------------------------------------
                             10 	.globl _testBug
                             11 	.globl _f
                             12 	.globl ___prints
                             13 	.globl ___fail
                             14 	.globl ___numCases
                             15 	.globl _func
                             16 	.globl ___runSuite
                             17 	.globl ___getSuiteName
                             18 ;--------------------------------------------------------
                             19 ; special function registers
                             20 ;--------------------------------------------------------
                             21 ;--------------------------------------------------------
                             22 ; ram data
                             23 ;--------------------------------------------------------
                             24 	.area _DATA (BANK=_DSEG)
                             25 ;--------------------------------------------------------
                             26 ; ram data
                             27 ;--------------------------------------------------------
                             28 	.area _INITIALIZED
                             29 ;--------------------------------------------------------
                             30 ; absolute ram data
                             31 ;--------------------------------------------------------
                             32 	.area _DABS (ABS)
                             33 	.area _DABS (ABS)
                             34 ;--------------------------------------------------------
                             35 ; global & static initialisations
                             36 ;--------------------------------------------------------
                             37 	.area _HOME
                             38 	.area _GSINIT
                             39 	.area _GSFINAL
                             40 	.area _GSINIT
                             41 ;--------------------------------------------------------
                             42 ; Home
                             43 ;--------------------------------------------------------
                             44 	.area _HOME (BANK=_CSEG)
                             45 	.area _HOME (BANK=_CSEG)
                             46 ;--------------------------------------------------------
                             47 ; code
                             48 ;--------------------------------------------------------
                             49 	.area _CODE (BANK=_CSEG)
                             50 ;cases/./../tests/bug-2993.c:7: void f(void)
                             51 ;	genLabel
                             52 ;	genFunction
                             53 ;	---------------------------------
                             54 ; Function f
                             55 ; ---------------------------------
                             56 ;	Register assignment is optimal.
                             57 ; Stack space usage: 0 bytes.
   0000                      58 _f::
                             59 ;cases/./../tests/bug-2993.c:10: (*p)();
                             60 ;	genCall
                             61 ;	genLabel
                             62 ; common peephole 159 removed unused label 00101$.
                             63 ;cases/./../tests/bug-2993.c:11: }
                             64 ;	genEndFunction
   0000 C3 24 00      [10]   65 	jp	0x0024
                             66 ; common peephole 152 removed unused ret.
                             67 ;	Total f function size at codegen: 1 bytes.
                             68 ;cases/./../tests/bug-2993.c:21: testBug(void)
                             69 ;	genLabel
                             70 ;	genFunction
                             71 ;	---------------------------------
                             72 ; Function testBug
                             73 ; ---------------------------------
                             74 ;	Register assignment might be sub-optimal.
                             75 ; Stack space usage: 8 bytes.
   0003                      76 _testBug::
   0003 DD E5         [15]   77 	push	ix
   0005 DD 21 00 00   [14]   78 	ld	ix,	#0
   0009 DD 39         [15]   79 	add	ix, sp
                             80 ;	adjustStack by -8
   000B 21 F8 FF      [10]   81 	ld	hl, #-8
   000E 39            [11]   82 	add	hl, sp
   000F F9            [ 6]   83 	ld	sp, hl
                             84 ;cases/./../tests/bug-2993.c:23: my_struct str1 = {0,func};
                             85 ;	skipping iCode since result will be rematerialized
                             86 ;	skipping iCode since result will be rematerialized
                             87 ;	genPointerSet
                             88 ;	genMove_o size 2 result type 6 source type 1 a_dead 1 hl_dead 1 de_dead 1 iy_dead 1 f_dead 1
   0010 AF            [ 4]   89 	xor	a, a
   0011 DD 77 F8      [19]   90 	ld	-8 (ix), a
   0014 DD 77 F9      [19]   91 	ld	-7 (ix), a
                             92 ;	skipping iCode since result will be rematerialized
                             93 ;	genPointerSet
                             94 ;	genMove_o size 2 result type 6 source type 7 a_dead 1 hl_dead 1 de_dead 1 iy_dead 1 f_dead 1
   0017 DD 36 FArE4   [19]   95 	ld	-6 (ix), #<(_func)
   001B DD 36 FBs00   [19]   96 	ld	-5 (ix), #>(_func)
                             97 ;cases/./../tests/bug-2993.c:24: my_struct str2 = {0,func};
                             98 ;	skipping iCode since result will be rematerialized
                             99 ;	skipping iCode since result will be rematerialized
                            100 ;	genPointerSet
                            101 ;	genMove_o size 2 result type 6 source type 1 a_dead 1 hl_dead 1 de_dead 1 iy_dead 1 f_dead 1
   001F AF            [ 4]  102 	xor	a, a
   0020 DD 77 FC      [19]  103 	ld	-4 (ix), a
   0023 DD 77 FD      [19]  104 	ld	-3 (ix), a
                            105 ;	skipping iCode since result will be rematerialized
                            106 ;	genPointerSet
                            107 ;	genMove_o size 2 result type 6 source type 7 a_dead 1 hl_dead 1 de_dead 1 iy_dead 1 f_dead 1
   0026 DD 36 FErE4   [19]  108 	ld	-2 (ix), #<(_func)
   002A DD 36 FFs00   [19]  109 	ld	-1 (ix), #>(_func)
                            110 ;cases/./../tests/bug-2993.c:25: str1.setval(&str1,11);  
                            111 ;	genPointerGet
                            112 ;	genMove_o size 2 result type 2 source type 6 a_dead 1 hl_dead 1 de_dead 1 iy_dead 1 f_dead 1
   002E E1            [10]  113 	pop	hl
   002F C1            [10]  114 	pop	bc
   0030 C5            [11]  115 	push	bc
   0031 E5            [11]  116 	push	hl
                            117 ;	genMove_o size 0 result type 2 source type 1 a_dead 1 hl_dead 1 de_dead 1 iy_dead 1 f_dead 1
                            118 ;	skipping iCode since result will be rematerialized
                            119 ;	genSend
                            120 ;	genMove_o size 2 result type 2 source type 1 a_dead 1 hl_dead 1 de_dead 1 iy_dead 1 f_dead 1
   0032 11 0B 00      [10]  121 	ld	de, #0x000b
                            122 ;	genSend
                            123 ;	genMove_o size 2 result type 2 source type 8 a_dead 1 hl_dead 1 de_dead 0 iy_dead 1 f_dead 1
   0035 21 00 00      [10]  124 	ld	hl, #0
   0038 39            [11]  125 	add	hl, sp
                            126 ;	genMove_o size 2 result type 2 source type 2 a_dead 1 hl_dead 1 de_dead 0 iy_dead 1 f_dead 1
                            127 ;	genCall
                            128 ;	genMove_o size 2 result type 2 source type 2 a_dead 1 hl_dead 0 de_dead 0 iy_dead 1 f_dead 1
   0039 C5            [11]  129 	push	bc
   003A FD E1         [14]  130 	pop	iy
                            131 ;	genMove_o size 0 result type 2 source type 1 a_dead 1 hl_dead 0 de_dead 0 iy_dead 1 f_dead 1
   003C CDr00s00      [17]  132 	call	___sdcc_call_iy
                            133 ;cases/./../tests/bug-2993.c:26: str2.setval(&str2,5);
                            134 ;	genPointerGet
                            135 ;	genMove_o size 2 result type 2 source type 6 a_dead 1 hl_dead 1 de_dead 1 iy_dead 1 f_dead 1
   003F DD 4E FE      [19]  136 	ld	c, -2 (ix)
   0042 DD 46 FF      [19]  137 	ld	b, -1 (ix)
                            138 ;	genMove_o size 0 result type 2 source type 1 a_dead 1 hl_dead 1 de_dead 1 iy_dead 1 f_dead 1
                            139 ;	skipping iCode since result will be rematerialized
                            140 ;	genSend
                            141 ;	genMove_o size 2 result type 2 source type 1 a_dead 1 hl_dead 1 de_dead 1 iy_dead 1 f_dead 1
   0045 11 05 00      [10]  142 	ld	de, #0x0005
                            143 ;	genSend
                            144 ;	genMove_o size 2 result type 2 source type 8 a_dead 1 hl_dead 1 de_dead 0 iy_dead 1 f_dead 1
   0048 21 04 00      [10]  145 	ld	hl, #4
   004B 39            [11]  146 	add	hl, sp
                            147 ;	genMove_o size 2 result type 2 source type 2 a_dead 1 hl_dead 1 de_dead 0 iy_dead 1 f_dead 1
                            148 ;	genCall
                            149 ;	genMove_o size 2 result type 2 source type 2 a_dead 1 hl_dead 0 de_dead 0 iy_dead 1 f_dead 1
   004C C5            [11]  150 	push	bc
   004D FD E1         [14]  151 	pop	iy
                            152 ;	genMove_o size 0 result type 2 source type 1 a_dead 1 hl_dead 0 de_dead 0 iy_dead 1 f_dead 1
   004F CDr00s00      [17]  153 	call	___sdcc_call_iy
                            154 ;cases/./../tests/bug-2993.c:28: ASSERT (str1.val == 11);
                            155 ;	genPlus
                            156 ;	genMove_o size 2 result type 2 source type 10 a_dead 1 hl_dead 1 de_dead 1 iy_dead 1 f_dead 1
   0052 2Ar00s00      [16]  157 	ld	hl, (___numTests)
   0055 23            [ 6]  158 	inc	hl
                            159 ;	genMove_o size 2 result type 10 source type 2 a_dead 1 hl_dead 1 de_dead 1 iy_dead 1 f_dead 1
   0056 22r00s00      [16]  160 	ld	(___numTests), hl
                            161 ;	genPointerGet
                            162 ;	genMove_o size 2 result type 2 source type 6 a_dead 1 hl_dead 1 de_dead 1 iy_dead 1 f_dead 1
   0059 C1            [10]  163 	pop	bc
   005A C5            [11]  164 	push	bc
                            165 ;	genMove_o size 0 result type 2 source type 1 a_dead 1 hl_dead 1 de_dead 1 iy_dead 1 f_dead 1
                            166 ;	genCmpEq
                            167 ;	genMove_o size 1 result type 2 source type 2 a_dead 1 hl_dead 1 de_dead 0 iy_dead 0 f_dead 1
   005B 79            [ 4]  168 	ld	a, c
                            169 ;	genMove_o size 0 result type 2 source type 1 a_dead 1 hl_dead 1 de_dead 0 iy_dead 0 f_dead 1
   005C D6 0B         [ 7]  170 	sub	a, #0x0b
   005E B0            [ 4]  171 	or	a, b
                            172 ; common peephole 163 changed absolute to relative conditional jump.
   005F 28 11         [12]  173 	jr	z, 00104$
                            174 ; common peephole 81 removed jp by using inverse jump logic
                            175 ; common peephole 159 removed unused label 00123$.
                            176 ;	skipping generated iCode
                            177 ;	skipping iCode since result will be rematerialized
                            178 ;	skipping iCode since result will be rematerialized
                            179 ;	skipping iCode since result will be rematerialized
                            180 ;	skipping iCode since result will be rematerialized
                            181 ;	skipping iCode since result will be rematerialized
                            182 ;	skipping iCode since result will be rematerialized
                            183 ;	genIpush
                            184 ;	genMove_o size 2 result type 2 source type 1 a_dead 1 hl_dead 1 de_dead 1 iy_dead 1 f_dead 1
   0061 21 1C 00      [10]  185 	ld	hl, #0x001c
   0064 E5            [11]  186 	push	hl
                            187 ;	genIpush
                            188 ;	genMove_o size 2 result type 2 source type 7 a_dead 1 hl_dead 1 de_dead 1 iy_dead 1 f_dead 1
   0065 21rBAs00      [10]  189 	ld	hl, #___str_2
   0068 E5            [11]  190 	push	hl
                            191 ;	genSend
                            192 ;	genMove_o size 2 result type 2 source type 7 a_dead 1 hl_dead 1 de_dead 1 iy_dead 1 f_dead 1
   0069 11rABs00      [10]  193 	ld	de, #___str_1
                            194 ;	genSend
                            195 ;	genMove_o size 2 result type 2 source type 7 a_dead 1 hl_dead 1 de_dead 0 iy_dead 1 f_dead 1
   006C 21r9As00      [10]  196 	ld	hl, #___str_0
                            197 ;	genCall
   006F CDr00s00      [17]  198 	call	___fail
                            199 ;	genLabel
   0072                     200 00104$:
                            201 ;cases/./../tests/bug-2993.c:29: ASSERT (str2.val == 5);
                            202 ;	genPlus
                            203 ;	genMove_o size 2 result type 2 source type 10 a_dead 1 hl_dead 1 de_dead 1 iy_dead 1 f_dead 1
   0072 2Ar00s00      [16]  204 	ld	hl, (___numTests)
   0075 23            [ 6]  205 	inc	hl
                            206 ;	genMove_o size 2 result type 10 source type 2 a_dead 1 hl_dead 1 de_dead 1 iy_dead 1 f_dead 1
   0076 22r00s00      [16]  207 	ld	(___numTests), hl
                            208 ;	genPointerGet
                            209 ;	genMove_o size 2 result type 2 source type 6 a_dead 1 hl_dead 1 de_dead 1 iy_dead 1 f_dead 1
                            210 ;	genMove_o size 0 result type 2 source type 1 a_dead 1 hl_dead 1 de_dead 1 iy_dead 1 f_dead 1
                            211 ;	genCmpEq
                            212 ;	genMove_o size 1 result type 2 source type 2 a_dead 1 hl_dead 1 de_dead 0 iy_dead 0 f_dead 1
   0079 DD 7E FC      [19]  213 	ld	a, -4 (ix)
                            214 ; common peephole 14 loaded -4 (ix) into a directly instead of going through c.
   007C DD 46 FD      [19]  215 	ld	b, -3 (ix)
                            216 ;	genMove_o size 0 result type 2 source type 1 a_dead 1 hl_dead 1 de_dead 0 iy_dead 0 f_dead 1
   007F D6 05         [ 7]  217 	sub	a, #0x05
   0081 B0            [ 4]  218 	or	a, b
                            219 ; common peephole 163 changed absolute to relative conditional jump.
   0082 28 11         [12]  220 	jr	z, 00101$
                            221 ; common peephole 81 removed jp by using inverse jump logic
                            222 ; common peephole 159 removed unused label 00124$.
                            223 ;	skipping generated iCode
                            224 ;	skipping iCode since result will be rematerialized
                            225 ;	skipping iCode since result will be rematerialized
                            226 ;	skipping iCode since result will be rematerialized
                            227 ;	skipping iCode since result will be rematerialized
                            228 ;	skipping iCode since result will be rematerialized
                            229 ;	skipping iCode since result will be rematerialized
                            230 ;	genIpush
                            231 ;	genMove_o size 2 result type 2 source type 1 a_dead 1 hl_dead 1 de_dead 1 iy_dead 1 f_dead 1
   0084 21 1D 00      [10]  232 	ld	hl, #0x001d
   0087 E5            [11]  233 	push	hl
                            234 ;	genIpush
                            235 ;	genMove_o size 2 result type 2 source type 7 a_dead 1 hl_dead 1 de_dead 1 iy_dead 1 f_dead 1
   0088 21rBAs00      [10]  236 	ld	hl, #___str_2
   008B E5            [11]  237 	push	hl
                            238 ;	genSend
                            239 ;	genMove_o size 2 result type 2 source type 7 a_dead 1 hl_dead 1 de_dead 1 iy_dead 1 f_dead 1
   008C 11rD6s00      [10]  240 	ld	de, #___str_3
                            241 ;	genSend
                            242 ;	genMove_o size 2 result type 2 source type 7 a_dead 1 hl_dead 1 de_dead 0 iy_dead 1 f_dead 1
   008F 21r9As00      [10]  243 	ld	hl, #___str_0
                            244 ;	genCall
   0092 CDr00s00      [17]  245 	call	___fail
                            246 ;	genLabel
   0095                     247 00101$:
                            248 ;cases/./../tests/bug-2993.c:30: }
                            249 ;	genEndFunction
   0095 DD F9         [10]  250 	ld	sp, ix
   0097 DD E1         [14]  251 	pop	ix
   0099 C9            [10]  252 	ret
                            253 ;	Total testBug function size at codegen: 5 bytes.
   009A                     254 ___str_0:
   009A 41 73 73 65 72 74   255 	.ascii "Assertion failed"
        69 6F 6E 20 66 61
        69 6C 65 64
   00AA 00                  256 	.db 0x00
   00AB                     257 ___str_1:
   00AB 73 74 72 31 2E 76   258 	.ascii "str1.val == 11"
        61 6C 20 3D 3D 20
        31 31
   00B9 00                  259 	.db 0x00
   00BA                     260 ___str_2:
   00BA 63 61 73 65 73 2F   261 	.ascii "cases/./../tests/bug-2993.c"
        2E 2F 2E 2E 2F 74
        65 73 74 73 2F 62
        75 67 2D 32 39 39
        33 2E 63
   00D5 00                  262 	.db 0x00
   00D6                     263 ___str_3:
   00D6 73 74 72 32 2E 76   264 	.ascii "str2.val == 5"
        61 6C 20 3D 3D 20
        35
   00E3 00                  265 	.db 0x00
                            266 ;cases/./../tests/bug-2993.c:32: int func(void *var,int val) __reentrant
                            267 ;	genLabel
                            268 ;	genFunction
                            269 ;	---------------------------------
                            270 ; Function func
                            271 ; ---------------------------------
                            272 ;	Register assignment might be sub-optimal.
                            273 ; Stack space usage: 0 bytes.
   00E4                     274 _func::
                            275 ;	genReceive
                            276 ;	genMove_o size 2 result type 2 source type 2 a_dead 1 hl_dead 1 de_dead 0 iy_dead 1 f_dead 1
                            277 ;	genReceive
                            278 ;	genMove_o size 2 result type 2 source type 2 a_dead 1 hl_dead 0 de_dead 1 iy_dead 1 f_dead 1
                            279 ;cases/./../tests/bug-2993.c:34: my_struct *tmp = (my_struct*)var;
                            280 ;	genCast
                            281 ;	(locations are the same)
                            282 ;cases/./../tests/bug-2993.c:35: tmp->val = val;
                            283 ;	genPointerSet
                            284 ;	genMove_o size 2 result type 2 source type 2 a_dead 1 hl_dead 1 de_dead 0 iy_dead 1 f_dead 1
   00E4 73            [ 7]  285 	ld	(hl), e
   00E5 23            [ 6]  286 	inc	hl
   00E6 72            [ 7]  287 	ld	(hl), d
                            288 ;cases/./../tests/bug-2993.c:36: return 0;
                            289 ;	genRet
                            290 ;	genMove_o size 2 result type 2 source type 1 a_dead 1 hl_dead 1 de_dead 1 iy_dead 1 f_dead 1
   00E7 11 00 00      [10]  291 	ld	de, #0x0000
                            292 ;	genLabel
                            293 ; common peephole 159 removed unused label 00101$.
                            294 ;cases/./../tests/bug-2993.c:37: }
                            295 ;	genEndFunction
   00EA C9            [10]  296 	ret
                            297 ;	Total func function size at codegen: 1 bytes.
                            298 ;cases/tst_bug-2993.c:4: __runSuite(void)
                            299 ;	genLabel
                            300 ;	genFunction
                            301 ;	---------------------------------
                            302 ; Function __runSuite
                            303 ; ---------------------------------
                            304 ;	Register assignment is optimal.
                            305 ; Stack space usage: 0 bytes.
   00EB                     306 ___runSuite::
                            307 ;cases/tst_bug-2993.c:6: __prints("Running testBug\n");
                            308 ;	skipping iCode since result will be rematerialized
                            309 ;	skipping iCode since result will be rematerialized
                            310 ;	genSend
                            311 ;	genMove_o size 2 result type 2 source type 7 a_dead 1 hl_dead 1 de_dead 1 iy_dead 1 f_dead 1
   00EB 21rF4s00      [10]  312 	ld	hl, #___str_4
                            313 ;	genCall
   00EE CDr00s00      [17]  314 	call	___prints
                            315 ;cases/tst_bug-2993.c:7: testBug();
                            316 ;	genCall
                            317 ;	genLabel
                            318 ; common peephole 159 removed unused label 00101$.
                            319 ;cases/tst_bug-2993.c:8: }
                            320 ;	genEndFunction
   00F1 C3r03s00      [10]  321 	jp	_testBug
                            322 ; common peephole 152 removed unused ret.
                            323 ;	Total __runSuite function size at codegen: 1 bytes.
   00F4                     324 ___str_4:
   00F4 52 75 6E 6E 69 6E   325 	.ascii "Running testBug"
        67 20 74 65 73 74
        42 75 67
   0103 0A                  326 	.db 0x0a
   0104 00                  327 	.db 0x00
                            328 ;cases/tst_bug-2993.c:13: __getSuiteName(void)
                            329 ;	genLabel
                            330 ;	genFunction
                            331 ;	---------------------------------
                            332 ; Function __getSuiteName
                            333 ; ---------------------------------
                            334 ;	Register assignment is optimal.
                            335 ; Stack space usage: 0 bytes.
   0105                     336 ___getSuiteName::
                            337 ;cases/tst_bug-2993.c:15: return "bug-2993.c";
                            338 ;	skipping iCode since result will be rematerialized
                            339 ;	skipping iCode since result will be rematerialized
                            340 ;	genRet
                            341 ;	genMove_o size 2 result type 2 source type 7 a_dead 1 hl_dead 1 de_dead 1 iy_dead 1 f_dead 1
   0105 11r0Bs01      [10]  342 	ld	de, #___str_5
                            343 ;	genLabel
                            344 ; common peephole 159 removed unused label 00101$.
                            345 ;cases/tst_bug-2993.c:16: }
                            346 ;	genEndFunction
   0108 C9            [10]  347 	ret
                            348 ;	Total __getSuiteName function size at codegen: 1 bytes.
   0109                     349 ___numCases:
   0109 01 00               350 	.dw #0x0001
   010B                     351 ___str_5:
   010B 62 75 67 2D 32 39   352 	.ascii "bug-2993.c"
        39 33 2E 63
   0115 00                  353 	.db 0x00
                            354 	.area _CODE (BANK=_CSEG)
                            355 	.area _INITIALIZER
                            356 	.area _CABS (ABS)
