                              1 ;--------------------------------------------------------
                              2 ; File Created by SDCC : free open source ISO C Compiler
                              3 ; Version 4.6.2 #16710 (Linux)
                              4 ;--------------------------------------------------------
                              5 	.module tst_bug_524697
                              6 	
                              7 ;--------------------------------------------------------
                              8 ; Public variables in this module
                              9 ;--------------------------------------------------------
                             10 	.globl _testOffset
                             11 	.globl _getOffset
                             12 	.globl ___prints
                             13 	.globl ___fail
                             14 	.globl ___numCases
                             15 	.globl ___runSuite
                             16 	.globl ___getSuiteName
                             17 ;--------------------------------------------------------
                             18 ; special function registers
                             19 ;--------------------------------------------------------
                             20 ;--------------------------------------------------------
                             21 ; ram data
                             22 ;--------------------------------------------------------
                             23 	.area _DATA (BANK=_DSEG)
                             24 ;--------------------------------------------------------
                             25 ; ram data
                             26 ;--------------------------------------------------------
                             27 	.area _INITIALIZED
                             28 ;--------------------------------------------------------
                             29 ; absolute ram data
                             30 ;--------------------------------------------------------
                             31 	.area _DABS (ABS)
                             32 	.area _DABS (ABS)
                             33 ;--------------------------------------------------------
                             34 ; global & static initialisations
                             35 ;--------------------------------------------------------
                             36 	.area _HOME
                             37 	.area _GSINIT
                             38 	.area _GSFINAL
                             39 	.area _GSINIT
                             40 ;--------------------------------------------------------
                             41 ; Home
                             42 ;--------------------------------------------------------
                             43 	.area _HOME (BANK=_CSEG)
                             44 	.area _HOME (BANK=_CSEG)
                             45 ;--------------------------------------------------------
                             46 ; code
                             47 ;--------------------------------------------------------
                             48 	.area _CODE (BANK=_CSEG)
                             49 ;cases/./../tests/bug-524697.c:22: char *getOffset(Foo *pFoo, Bar *pBar)
                             50 ;	genLabel
                             51 ;	genFunction
                             52 ;	---------------------------------
                             53 ; Function getOffset
                             54 ; ---------------------------------
                             55 ;	Register assignment might be sub-optimal.
                             56 ; Stack space usage: 0 bytes.
   0000                      57 _getOffset::
                             58 ;	genReceive
                             59 ;	genMove_o size 2 result type 2 source type 2 a_dead 1 hl_dead 1 de_dead 0 iy_dead 1 f_dead 1
   0000 4D            [ 4]   60 	ld	c, l
   0001 44            [ 4]   61 	ld	b, h
                             62 ;	genMove_o size 0 result type 2 source type 1 a_dead 1 hl_dead 1 de_dead 0 iy_dead 1 f_dead 1
                             63 ;	genReceive
                             64 ;	genMove_o size 2 result type 2 source type 2 a_dead 1 hl_dead 1 de_dead 1 iy_dead 1 f_dead 1
   0002 EB            [ 4]   65 	ex	de, hl
                             66 ;	genMove_o size 0 result type 2 source type 1 a_dead 1 hl_dead 1 de_dead 1 iy_dead 1 f_dead 1
                             67 ;cases/./../tests/bug-524697.c:24: return pFoo->sz + pBar->uLen;
                             68 ;	genPointerGet
                             69 ;fetchPairLong
   0003 7E            [ 7]   70 	ld	a, (hl)
   0004 23            [ 6]   71 	inc	hl
   0005 66            [ 7]   72 	ld	h, (hl)
   0006 6F            [ 4]   73 	ld	l, a
                             74 ;	genPlus
   0007 09            [11]   75 	add	hl, bc
                             76 ;	genMove_o size 2 result type 2 source type 2 a_dead 1 hl_dead 1 de_dead 1 iy_dead 1 f_dead 1
   0008 EB            [ 4]   77 	ex	de, hl
                             78 ;	genMove_o size 0 result type 2 source type 1 a_dead 1 hl_dead 1 de_dead 1 iy_dead 1 f_dead 1
                             79 ;	genRet
                             80 ;	genMove_o size 2 result type 2 source type 2 a_dead 1 hl_dead 1 de_dead 1 iy_dead 1 f_dead 1
                             81 ;	genLabel
                             82 ; common peephole 159 removed unused label 00101$.
                             83 ;cases/./../tests/bug-524697.c:25: }
                             84 ;	genEndFunction
   0009 C9            [10]   85 	ret
                             86 ;	Total getOffset function size at codegen: 4 bytes.
                             87 ;cases/./../tests/bug-524697.c:29: testOffset(void)
                             88 ;	genLabel
                             89 ;	genFunction
                             90 ;	---------------------------------
                             91 ; Function testOffset
                             92 ; ---------------------------------
                             93 ;	Register assignment might be sub-optimal.
                             94 ; Stack space usage: 92 bytes.
   000A                      95 _testOffset::
   000A DD E5         [15]   96 	push	ix
   000C DD 21 00 00   [14]   97 	ld	ix,	#0
   0010 DD 39         [15]   98 	add	ix, sp
                             99 ;	adjustStack by -92
   0012 21 A4 FF      [10]  100 	ld	hl, #-92
   0015 39            [11]  101 	add	hl, sp
   0016 F9            [ 6]  102 	ld	sp, hl
                            103 ;cases/./../tests/bug-524697.c:32: Foo foo = {
                            104 ;	skipping iCode since result will be rematerialized
                            105 ;	genPointerSet
                            106 ;	genMove_o size 1 result type 6 source type 1 a_dead 1 hl_dead 1 de_dead 1 iy_dead 1 f_dead 1
   0017 DD 36 A4 46   [19]  107 	ld	-92 (ix), #0x46
                            108 ;	skipping iCode since result will be rematerialized
                            109 ;	genPointerSet
                            110 ;	genMove_o size 1 result type 6 source type 1 a_dead 1 hl_dead 1 de_dead 1 iy_dead 1 f_dead 1
   001B DD 36 A5 6F   [19]  111 	ld	-91 (ix), #0x6f
                            112 ;	skipping iCode since result will be rematerialized
                            113 ;	genPointerSet
                            114 ;	genMove_o size 1 result type 6 source type 1 a_dead 1 hl_dead 1 de_dead 1 iy_dead 1 f_dead 1
   001F DD 36 A6 6F   [19]  115 	ld	-90 (ix), #0x6f
                            116 ;	skipping iCode since result will be rematerialized
                            117 ;	genPointerSet
                            118 ;	genMove_o size 1 result type 6 source type 1 a_dead 1 hl_dead 1 de_dead 1 iy_dead 1 f_dead 1
   0023 DD 36 A7 00   [19]  119 	ld	-89 (ix), #0x00
                            120 ;	skipping iCode since result will be rematerialized
                            121 ;	genPointerSet
                            122 ;	genMove_o size 1 result type 6 source type 1 a_dead 1 hl_dead 1 de_dead 1 iy_dead 1 f_dead 1
   0027 DD 36 A8 00   [19]  123 	ld	-88 (ix), #0x00
                            124 ;	skipping iCode since result will be rematerialized
                            125 ;	genPointerSet
                            126 ;	genMove_o size 1 result type 6 source type 1 a_dead 1 hl_dead 1 de_dead 1 iy_dead 1 f_dead 1
   002B DD 36 A9 00   [19]  127 	ld	-87 (ix), #0x00
                            128 ;	skipping iCode since result will be rematerialized
                            129 ;	genPointerSet
                            130 ;	genMove_o size 1 result type 6 source type 1 a_dead 1 hl_dead 1 de_dead 1 iy_dead 1 f_dead 1
   002F DD 36 AA 00   [19]  131 	ld	-86 (ix), #0x00
                            132 ;	skipping iCode since result will be rematerialized
                            133 ;	genPointerSet
                            134 ;	genMove_o size 1 result type 6 source type 1 a_dead 1 hl_dead 1 de_dead 1 iy_dead 1 f_dead 1
   0033 DD 36 AB 00   [19]  135 	ld	-85 (ix), #0x00
                            136 ;	skipping iCode since result will be rematerialized
                            137 ;	genPointerSet
                            138 ;	genMove_o size 1 result type 6 source type 1 a_dead 1 hl_dead 1 de_dead 1 iy_dead 1 f_dead 1
   0037 DD 36 AC 00   [19]  139 	ld	-84 (ix), #0x00
                            140 ;	skipping iCode since result will be rematerialized
                            141 ;	genPointerSet
                            142 ;	genMove_o size 1 result type 6 source type 1 a_dead 1 hl_dead 1 de_dead 1 iy_dead 1 f_dead 1
   003B DD 36 AD 00   [19]  143 	ld	-83 (ix), #0x00
                            144 ;	skipping iCode since result will be rematerialized
                            145 ;	genPointerSet
                            146 ;	genMove_o size 1 result type 6 source type 1 a_dead 1 hl_dead 1 de_dead 1 iy_dead 1 f_dead 1
   003F DD 36 AE 00   [19]  147 	ld	-82 (ix), #0x00
                            148 ;	skipping iCode since result will be rematerialized
                            149 ;	genPointerSet
                            150 ;	genMove_o size 1 result type 6 source type 1 a_dead 1 hl_dead 1 de_dead 1 iy_dead 1 f_dead 1
   0043 DD 36 AF 00   [19]  151 	ld	-81 (ix), #0x00
                            152 ;	skipping iCode since result will be rematerialized
                            153 ;	genPointerSet
                            154 ;	genMove_o size 1 result type 6 source type 1 a_dead 1 hl_dead 1 de_dead 1 iy_dead 1 f_dead 1
   0047 DD 36 B0 00   [19]  155 	ld	-80 (ix), #0x00
                            156 ;	skipping iCode since result will be rematerialized
                            157 ;	genPointerSet
                            158 ;	genMove_o size 1 result type 6 source type 1 a_dead 1 hl_dead 1 de_dead 1 iy_dead 1 f_dead 1
   004B DD 36 B1 00   [19]  159 	ld	-79 (ix), #0x00
                            160 ;	skipping iCode since result will be rematerialized
                            161 ;	genPointerSet
                            162 ;	genMove_o size 1 result type 6 source type 1 a_dead 1 hl_dead 1 de_dead 1 iy_dead 1 f_dead 1
   004F DD 36 B2 00   [19]  163 	ld	-78 (ix), #0x00
                            164 ;	skipping iCode since result will be rematerialized
                            165 ;	genPointerSet
                            166 ;	genMove_o size 1 result type 6 source type 1 a_dead 1 hl_dead 1 de_dead 1 iy_dead 1 f_dead 1
   0053 DD 36 B3 00   [19]  167 	ld	-77 (ix), #0x00
                            168 ;	skipping iCode since result will be rematerialized
                            169 ;	genPointerSet
                            170 ;	genMove_o size 1 result type 6 source type 1 a_dead 1 hl_dead 1 de_dead 1 iy_dead 1 f_dead 1
   0057 DD 36 B4 00   [19]  171 	ld	-76 (ix), #0x00
                            172 ;	skipping iCode since result will be rematerialized
                            173 ;	genPointerSet
                            174 ;	genMove_o size 1 result type 6 source type 1 a_dead 1 hl_dead 1 de_dead 1 iy_dead 1 f_dead 1
   005B DD 36 B5 00   [19]  175 	ld	-75 (ix), #0x00
                            176 ;	skipping iCode since result will be rematerialized
                            177 ;	genPointerSet
                            178 ;	genMove_o size 1 result type 6 source type 1 a_dead 1 hl_dead 1 de_dead 1 iy_dead 1 f_dead 1
   005F DD 36 B6 00   [19]  179 	ld	-74 (ix), #0x00
                            180 ;	skipping iCode since result will be rematerialized
                            181 ;	genPointerSet
                            182 ;	genMove_o size 1 result type 6 source type 1 a_dead 1 hl_dead 1 de_dead 1 iy_dead 1 f_dead 1
   0063 DD 36 B7 00   [19]  183 	ld	-73 (ix), #0x00
                            184 ;	skipping iCode since result will be rematerialized
                            185 ;	genPointerSet
                            186 ;	genMove_o size 1 result type 6 source type 1 a_dead 1 hl_dead 1 de_dead 1 iy_dead 1 f_dead 1
   0067 DD 36 B8 00   [19]  187 	ld	-72 (ix), #0x00
                            188 ;	skipping iCode since result will be rematerialized
                            189 ;	genPointerSet
                            190 ;	genMove_o size 1 result type 6 source type 1 a_dead 1 hl_dead 1 de_dead 1 iy_dead 1 f_dead 1
   006B DD 36 B9 00   [19]  191 	ld	-71 (ix), #0x00
                            192 ;	skipping iCode since result will be rematerialized
                            193 ;	genPointerSet
                            194 ;	genMove_o size 1 result type 6 source type 1 a_dead 1 hl_dead 1 de_dead 1 iy_dead 1 f_dead 1
   006F DD 36 BA 00   [19]  195 	ld	-70 (ix), #0x00
                            196 ;	skipping iCode since result will be rematerialized
                            197 ;	genPointerSet
                            198 ;	genMove_o size 1 result type 6 source type 1 a_dead 1 hl_dead 1 de_dead 1 iy_dead 1 f_dead 1
   0073 DD 36 BB 00   [19]  199 	ld	-69 (ix), #0x00
                            200 ;	skipping iCode since result will be rematerialized
                            201 ;	genPointerSet
                            202 ;	genMove_o size 1 result type 6 source type 1 a_dead 1 hl_dead 1 de_dead 1 iy_dead 1 f_dead 1
   0077 DD 36 BC 00   [19]  203 	ld	-68 (ix), #0x00
                            204 ;	skipping iCode since result will be rematerialized
                            205 ;	genPointerSet
                            206 ;	genMove_o size 1 result type 6 source type 1 a_dead 1 hl_dead 1 de_dead 1 iy_dead 1 f_dead 1
   007B DD 36 BD 00   [19]  207 	ld	-67 (ix), #0x00
                            208 ;	skipping iCode since result will be rematerialized
                            209 ;	genPointerSet
                            210 ;	genMove_o size 1 result type 6 source type 1 a_dead 1 hl_dead 1 de_dead 1 iy_dead 1 f_dead 1
   007F DD 36 BE 00   [19]  211 	ld	-66 (ix), #0x00
                            212 ;	skipping iCode since result will be rematerialized
                            213 ;	genPointerSet
                            214 ;	genMove_o size 1 result type 6 source type 1 a_dead 1 hl_dead 1 de_dead 1 iy_dead 1 f_dead 1
   0083 DD 36 BF 00   [19]  215 	ld	-65 (ix), #0x00
                            216 ;	skipping iCode since result will be rematerialized
                            217 ;	genPointerSet
                            218 ;	genMove_o size 1 result type 6 source type 1 a_dead 1 hl_dead 1 de_dead 1 iy_dead 1 f_dead 1
   0087 DD 36 C0 00   [19]  219 	ld	-64 (ix), #0x00
                            220 ;	skipping iCode since result will be rematerialized
                            221 ;	genPointerSet
                            222 ;	genMove_o size 1 result type 6 source type 1 a_dead 1 hl_dead 1 de_dead 1 iy_dead 1 f_dead 1
   008B DD 36 C1 00   [19]  223 	ld	-63 (ix), #0x00
                            224 ;	skipping iCode since result will be rematerialized
                            225 ;	genPointerSet
                            226 ;	genMove_o size 1 result type 6 source type 1 a_dead 1 hl_dead 1 de_dead 1 iy_dead 1 f_dead 1
   008F DD 36 C2 00   [19]  227 	ld	-62 (ix), #0x00
                            228 ;	skipping iCode since result will be rematerialized
                            229 ;	genPointerSet
                            230 ;	genMove_o size 1 result type 6 source type 1 a_dead 1 hl_dead 1 de_dead 1 iy_dead 1 f_dead 1
   0093 DD 36 C3 00   [19]  231 	ld	-61 (ix), #0x00
                            232 ;	skipping iCode since result will be rematerialized
                            233 ;	genPointerSet
                            234 ;	genMove_o size 1 result type 6 source type 1 a_dead 1 hl_dead 1 de_dead 1 iy_dead 1 f_dead 1
   0097 DD 36 C4 00   [19]  235 	ld	-60 (ix), #0x00
                            236 ;	skipping iCode since result will be rematerialized
                            237 ;	genPointerSet
                            238 ;	genMove_o size 1 result type 6 source type 1 a_dead 1 hl_dead 1 de_dead 1 iy_dead 1 f_dead 1
   009B DD 36 C5 00   [19]  239 	ld	-59 (ix), #0x00
                            240 ;	skipping iCode since result will be rematerialized
                            241 ;	genPointerSet
                            242 ;	genMove_o size 1 result type 6 source type 1 a_dead 1 hl_dead 1 de_dead 1 iy_dead 1 f_dead 1
   009F DD 36 C6 00   [19]  243 	ld	-58 (ix), #0x00
                            244 ;	skipping iCode since result will be rematerialized
                            245 ;	genPointerSet
                            246 ;	genMove_o size 1 result type 6 source type 1 a_dead 1 hl_dead 1 de_dead 1 iy_dead 1 f_dead 1
   00A3 DD 36 C7 00   [19]  247 	ld	-57 (ix), #0x00
                            248 ;	skipping iCode since result will be rematerialized
                            249 ;	genPointerSet
                            250 ;	genMove_o size 1 result type 6 source type 1 a_dead 1 hl_dead 1 de_dead 1 iy_dead 1 f_dead 1
   00A7 DD 36 C8 00   [19]  251 	ld	-56 (ix), #0x00
                            252 ;	skipping iCode since result will be rematerialized
                            253 ;	genPointerSet
                            254 ;	genMove_o size 1 result type 6 source type 1 a_dead 1 hl_dead 1 de_dead 1 iy_dead 1 f_dead 1
   00AB DD 36 C9 00   [19]  255 	ld	-55 (ix), #0x00
                            256 ;	skipping iCode since result will be rematerialized
                            257 ;	genPointerSet
                            258 ;	genMove_o size 1 result type 6 source type 1 a_dead 1 hl_dead 1 de_dead 1 iy_dead 1 f_dead 1
   00AF DD 36 CA 00   [19]  259 	ld	-54 (ix), #0x00
                            260 ;	skipping iCode since result will be rematerialized
                            261 ;	genPointerSet
                            262 ;	genMove_o size 1 result type 6 source type 1 a_dead 1 hl_dead 1 de_dead 1 iy_dead 1 f_dead 1
   00B3 DD 36 CB 00   [19]  263 	ld	-53 (ix), #0x00
                            264 ;	skipping iCode since result will be rematerialized
                            265 ;	genPointerSet
                            266 ;	genMove_o size 1 result type 6 source type 1 a_dead 1 hl_dead 1 de_dead 1 iy_dead 1 f_dead 1
   00B7 DD 36 CC 00   [19]  267 	ld	-52 (ix), #0x00
                            268 ;	skipping iCode since result will be rematerialized
                            269 ;	genPointerSet
                            270 ;	genMove_o size 1 result type 6 source type 1 a_dead 1 hl_dead 1 de_dead 1 iy_dead 1 f_dead 1
   00BB DD 36 CD 00   [19]  271 	ld	-51 (ix), #0x00
                            272 ;	skipping iCode since result will be rematerialized
                            273 ;	genPointerSet
                            274 ;	genMove_o size 1 result type 6 source type 1 a_dead 1 hl_dead 1 de_dead 1 iy_dead 1 f_dead 1
   00BF DD 36 CE 00   [19]  275 	ld	-50 (ix), #0x00
                            276 ;	skipping iCode since result will be rematerialized
                            277 ;	genPointerSet
                            278 ;	genMove_o size 1 result type 6 source type 1 a_dead 1 hl_dead 1 de_dead 1 iy_dead 1 f_dead 1
   00C3 DD 36 CF 00   [19]  279 	ld	-49 (ix), #0x00
                            280 ;	skipping iCode since result will be rematerialized
                            281 ;	genPointerSet
                            282 ;	genMove_o size 1 result type 6 source type 1 a_dead 1 hl_dead 1 de_dead 1 iy_dead 1 f_dead 1
   00C7 DD 36 D0 00   [19]  283 	ld	-48 (ix), #0x00
                            284 ;	skipping iCode since result will be rematerialized
                            285 ;	genPointerSet
                            286 ;	genMove_o size 1 result type 6 source type 1 a_dead 1 hl_dead 1 de_dead 1 iy_dead 1 f_dead 1
   00CB DD 36 D1 00   [19]  287 	ld	-47 (ix), #0x00
                            288 ;	skipping iCode since result will be rematerialized
                            289 ;	genPointerSet
                            290 ;	genMove_o size 1 result type 6 source type 1 a_dead 1 hl_dead 1 de_dead 1 iy_dead 1 f_dead 1
   00CF DD 36 D2 00   [19]  291 	ld	-46 (ix), #0x00
                            292 ;	skipping iCode since result will be rematerialized
                            293 ;	genPointerSet
                            294 ;	genMove_o size 1 result type 6 source type 1 a_dead 1 hl_dead 1 de_dead 1 iy_dead 1 f_dead 1
   00D3 DD 36 D3 00   [19]  295 	ld	-45 (ix), #0x00
                            296 ;	skipping iCode since result will be rematerialized
                            297 ;	genPointerSet
                            298 ;	genMove_o size 1 result type 6 source type 1 a_dead 1 hl_dead 1 de_dead 1 iy_dead 1 f_dead 1
   00D7 DD 36 D4 00   [19]  299 	ld	-44 (ix), #0x00
                            300 ;	skipping iCode since result will be rematerialized
                            301 ;	genPointerSet
                            302 ;	genMove_o size 1 result type 6 source type 1 a_dead 1 hl_dead 1 de_dead 1 iy_dead 1 f_dead 1
   00DB DD 36 D5 00   [19]  303 	ld	-43 (ix), #0x00
                            304 ;	skipping iCode since result will be rematerialized
                            305 ;	genPointerSet
                            306 ;	genMove_o size 1 result type 6 source type 1 a_dead 1 hl_dead 1 de_dead 1 iy_dead 1 f_dead 1
   00DF DD 36 D6 00   [19]  307 	ld	-42 (ix), #0x00
                            308 ;	skipping iCode since result will be rematerialized
                            309 ;	genPointerSet
                            310 ;	genMove_o size 1 result type 6 source type 1 a_dead 1 hl_dead 1 de_dead 1 iy_dead 1 f_dead 1
   00E3 DD 36 D7 00   [19]  311 	ld	-41 (ix), #0x00
                            312 ;	skipping iCode since result will be rematerialized
                            313 ;	genPointerSet
                            314 ;	genMove_o size 1 result type 6 source type 1 a_dead 1 hl_dead 1 de_dead 1 iy_dead 1 f_dead 1
   00E7 DD 36 D8 00   [19]  315 	ld	-40 (ix), #0x00
                            316 ;	skipping iCode since result will be rematerialized
                            317 ;	genPointerSet
                            318 ;	genMove_o size 1 result type 6 source type 1 a_dead 1 hl_dead 1 de_dead 1 iy_dead 1 f_dead 1
   00EB DD 36 D9 00   [19]  319 	ld	-39 (ix), #0x00
                            320 ;	skipping iCode since result will be rematerialized
                            321 ;	genPointerSet
                            322 ;	genMove_o size 1 result type 6 source type 1 a_dead 1 hl_dead 1 de_dead 1 iy_dead 1 f_dead 1
   00EF DD 36 DA 00   [19]  323 	ld	-38 (ix), #0x00
                            324 ;	skipping iCode since result will be rematerialized
                            325 ;	genPointerSet
                            326 ;	genMove_o size 1 result type 6 source type 1 a_dead 1 hl_dead 1 de_dead 1 iy_dead 1 f_dead 1
   00F3 DD 36 DB 00   [19]  327 	ld	-37 (ix), #0x00
                            328 ;	skipping iCode since result will be rematerialized
                            329 ;	genPointerSet
                            330 ;	genMove_o size 1 result type 6 source type 1 a_dead 1 hl_dead 1 de_dead 1 iy_dead 1 f_dead 1
   00F7 DD 36 DC 00   [19]  331 	ld	-36 (ix), #0x00
                            332 ;	skipping iCode since result will be rematerialized
                            333 ;	genPointerSet
                            334 ;	genMove_o size 1 result type 6 source type 1 a_dead 1 hl_dead 1 de_dead 1 iy_dead 1 f_dead 1
   00FB DD 36 DD 00   [19]  335 	ld	-35 (ix), #0x00
                            336 ;	skipping iCode since result will be rematerialized
                            337 ;	genPointerSet
                            338 ;	genMove_o size 1 result type 6 source type 1 a_dead 1 hl_dead 1 de_dead 1 iy_dead 1 f_dead 1
   00FF DD 36 DE 00   [19]  339 	ld	-34 (ix), #0x00
                            340 ;	skipping iCode since result will be rematerialized
                            341 ;	genPointerSet
                            342 ;	genMove_o size 1 result type 6 source type 1 a_dead 1 hl_dead 1 de_dead 1 iy_dead 1 f_dead 1
   0103 DD 36 DF 00   [19]  343 	ld	-33 (ix), #0x00
                            344 ;	skipping iCode since result will be rematerialized
                            345 ;	genPointerSet
                            346 ;	genMove_o size 1 result type 6 source type 1 a_dead 1 hl_dead 1 de_dead 1 iy_dead 1 f_dead 1
   0107 DD 36 E0 00   [19]  347 	ld	-32 (ix), #0x00
                            348 ;	skipping iCode since result will be rematerialized
                            349 ;	genPointerSet
                            350 ;	genMove_o size 1 result type 6 source type 1 a_dead 1 hl_dead 1 de_dead 1 iy_dead 1 f_dead 1
   010B DD 36 E1 00   [19]  351 	ld	-31 (ix), #0x00
                            352 ;	skipping iCode since result will be rematerialized
                            353 ;	genPointerSet
                            354 ;	genMove_o size 1 result type 6 source type 1 a_dead 1 hl_dead 1 de_dead 1 iy_dead 1 f_dead 1
   010F DD 36 E2 00   [19]  355 	ld	-30 (ix), #0x00
                            356 ;	skipping iCode since result will be rematerialized
                            357 ;	genPointerSet
                            358 ;	genMove_o size 1 result type 6 source type 1 a_dead 1 hl_dead 1 de_dead 1 iy_dead 1 f_dead 1
   0113 DD 36 E3 00   [19]  359 	ld	-29 (ix), #0x00
                            360 ;	skipping iCode since result will be rematerialized
                            361 ;	genPointerSet
                            362 ;	genMove_o size 1 result type 6 source type 1 a_dead 1 hl_dead 1 de_dead 1 iy_dead 1 f_dead 1
   0117 DD 36 E4 00   [19]  363 	ld	-28 (ix), #0x00
                            364 ;	skipping iCode since result will be rematerialized
                            365 ;	genPointerSet
                            366 ;	genMove_o size 1 result type 6 source type 1 a_dead 1 hl_dead 1 de_dead 1 iy_dead 1 f_dead 1
   011B DD 36 E5 00   [19]  367 	ld	-27 (ix), #0x00
                            368 ;	skipping iCode since result will be rematerialized
                            369 ;	genPointerSet
                            370 ;	genMove_o size 1 result type 6 source type 1 a_dead 1 hl_dead 1 de_dead 1 iy_dead 1 f_dead 1
   011F DD 36 E6 00   [19]  371 	ld	-26 (ix), #0x00
                            372 ;	skipping iCode since result will be rematerialized
                            373 ;	genPointerSet
                            374 ;	genMove_o size 1 result type 6 source type 1 a_dead 1 hl_dead 1 de_dead 1 iy_dead 1 f_dead 1
   0123 DD 36 E7 00   [19]  375 	ld	-25 (ix), #0x00
                            376 ;	skipping iCode since result will be rematerialized
                            377 ;	genPointerSet
                            378 ;	genMove_o size 1 result type 6 source type 1 a_dead 1 hl_dead 1 de_dead 1 iy_dead 1 f_dead 1
   0127 DD 36 E8 00   [19]  379 	ld	-24 (ix), #0x00
                            380 ;	skipping iCode since result will be rematerialized
                            381 ;	genPointerSet
                            382 ;	genMove_o size 1 result type 6 source type 1 a_dead 1 hl_dead 1 de_dead 1 iy_dead 1 f_dead 1
   012B DD 36 E9 00   [19]  383 	ld	-23 (ix), #0x00
                            384 ;	skipping iCode since result will be rematerialized
                            385 ;	genPointerSet
                            386 ;	genMove_o size 1 result type 6 source type 1 a_dead 1 hl_dead 1 de_dead 1 iy_dead 1 f_dead 1
   012F DD 36 EA 00   [19]  387 	ld	-22 (ix), #0x00
                            388 ;	skipping iCode since result will be rematerialized
                            389 ;	genPointerSet
                            390 ;	genMove_o size 1 result type 6 source type 1 a_dead 1 hl_dead 1 de_dead 1 iy_dead 1 f_dead 1
   0133 DD 36 EB 00   [19]  391 	ld	-21 (ix), #0x00
                            392 ;	skipping iCode since result will be rematerialized
                            393 ;	genPointerSet
                            394 ;	genMove_o size 1 result type 6 source type 1 a_dead 1 hl_dead 1 de_dead 1 iy_dead 1 f_dead 1
   0137 DD 36 EC 00   [19]  395 	ld	-20 (ix), #0x00
                            396 ;	skipping iCode since result will be rematerialized
                            397 ;	genPointerSet
                            398 ;	genMove_o size 1 result type 6 source type 1 a_dead 1 hl_dead 1 de_dead 1 iy_dead 1 f_dead 1
   013B DD 36 ED 00   [19]  399 	ld	-19 (ix), #0x00
                            400 ;	skipping iCode since result will be rematerialized
                            401 ;	genPointerSet
                            402 ;	genMove_o size 1 result type 6 source type 1 a_dead 1 hl_dead 1 de_dead 1 iy_dead 1 f_dead 1
   013F DD 36 EE 00   [19]  403 	ld	-18 (ix), #0x00
                            404 ;	skipping iCode since result will be rematerialized
                            405 ;	genPointerSet
                            406 ;	genMove_o size 1 result type 6 source type 1 a_dead 1 hl_dead 1 de_dead 1 iy_dead 1 f_dead 1
   0143 DD 36 EF 00   [19]  407 	ld	-17 (ix), #0x00
                            408 ;	skipping iCode since result will be rematerialized
                            409 ;	genPointerSet
                            410 ;	genMove_o size 1 result type 6 source type 1 a_dead 1 hl_dead 1 de_dead 1 iy_dead 1 f_dead 1
   0147 DD 36 F0 00   [19]  411 	ld	-16 (ix), #0x00
                            412 ;	skipping iCode since result will be rematerialized
                            413 ;	genPointerSet
                            414 ;	genMove_o size 1 result type 6 source type 1 a_dead 1 hl_dead 1 de_dead 1 iy_dead 1 f_dead 1
   014B DD 36 F1 00   [19]  415 	ld	-15 (ix), #0x00
                            416 ;	skipping iCode since result will be rematerialized
                            417 ;	genPointerSet
                            418 ;	genMove_o size 1 result type 6 source type 1 a_dead 1 hl_dead 1 de_dead 1 iy_dead 1 f_dead 1
   014F DD 36 F2 00   [19]  419 	ld	-14 (ix), #0x00
                            420 ;	skipping iCode since result will be rematerialized
                            421 ;	genPointerSet
                            422 ;	genMove_o size 1 result type 6 source type 1 a_dead 1 hl_dead 1 de_dead 1 iy_dead 1 f_dead 1
   0153 DD 36 F3 00   [19]  423 	ld	-13 (ix), #0x00
                            424 ;	skipping iCode since result will be rematerialized
                            425 ;	genPointerSet
                            426 ;	genMove_o size 1 result type 6 source type 1 a_dead 1 hl_dead 1 de_dead 1 iy_dead 1 f_dead 1
   0157 DD 36 F4 00   [19]  427 	ld	-12 (ix), #0x00
                            428 ;	skipping iCode since result will be rematerialized
                            429 ;	genPointerSet
                            430 ;	genMove_o size 1 result type 6 source type 1 a_dead 1 hl_dead 1 de_dead 1 iy_dead 1 f_dead 1
   015B DD 36 F5 00   [19]  431 	ld	-11 (ix), #0x00
                            432 ;	skipping iCode since result will be rematerialized
                            433 ;	genPointerSet
                            434 ;	genMove_o size 1 result type 6 source type 1 a_dead 1 hl_dead 1 de_dead 1 iy_dead 1 f_dead 1
   015F DD 36 F6 00   [19]  435 	ld	-10 (ix), #0x00
                            436 ;	skipping iCode since result will be rematerialized
                            437 ;	genPointerSet
                            438 ;	genMove_o size 1 result type 6 source type 1 a_dead 1 hl_dead 1 de_dead 1 iy_dead 1 f_dead 1
   0163 DD 36 F7 00   [19]  439 	ld	-9 (ix), #0x00
                            440 ;	skipping iCode since result will be rematerialized
                            441 ;	genPointerSet
                            442 ;	genMove_o size 1 result type 6 source type 1 a_dead 1 hl_dead 1 de_dead 1 iy_dead 1 f_dead 1
   0167 DD 36 F8 00   [19]  443 	ld	-8 (ix), #0x00
                            444 ;	skipping iCode since result will be rematerialized
                            445 ;	genPointerSet
                            446 ;	genMove_o size 1 result type 6 source type 1 a_dead 1 hl_dead 1 de_dead 1 iy_dead 1 f_dead 1
   016B DD 36 F9 00   [19]  447 	ld	-7 (ix), #0x00
                            448 ;	skipping iCode since result will be rematerialized
                            449 ;	genPointerSet
                            450 ;	genMove_o size 1 result type 6 source type 1 a_dead 1 hl_dead 1 de_dead 1 iy_dead 1 f_dead 1
   016F DD 36 FA 00   [19]  451 	ld	-6 (ix), #0x00
                            452 ;	skipping iCode since result will be rematerialized
                            453 ;	genPointerSet
                            454 ;	genMove_o size 1 result type 6 source type 1 a_dead 1 hl_dead 1 de_dead 1 iy_dead 1 f_dead 1
   0173 DD 36 FB 00   [19]  455 	ld	-5 (ix), #0x00
                            456 ;	skipping iCode since result will be rematerialized
                            457 ;	genPointerSet
                            458 ;	genMove_o size 1 result type 6 source type 1 a_dead 1 hl_dead 1 de_dead 1 iy_dead 1 f_dead 1
   0177 DD 36 FC 00   [19]  459 	ld	-4 (ix), #0x00
                            460 ;	skipping iCode since result will be rematerialized
                            461 ;	genPointerSet
                            462 ;	genMove_o size 1 result type 6 source type 1 a_dead 1 hl_dead 1 de_dead 1 iy_dead 1 f_dead 1
   017B DD 36 FD 00   [19]  463 	ld	-3 (ix), #0x00
                            464 ;cases/./../tests/bug-524697.c:35: Bar bar = {
                            465 ;	genAddrOf
   017F 21 5A 00      [10]  466 	ld	hl, #90
   0182 39            [11]  467 	add	hl, sp
                            468 ;	genPointerSet
                            469 ;	genMove_o size 2 result type 2 source type 2 a_dead 1 hl_dead 1 de_dead 0 iy_dead 1 f_dead 1
                            470 ; common peephole 32b removed de/hl swap.
   0183 5D            [ 4]  471 	ld	e, l
   0184 54            [ 4]  472 	ld	d, h
                            473 ;	genMove_o size 0 result type 2 source type 1 a_dead 1 hl_dead 1 de_dead 0 iy_dead 1 f_dead 1
   0185 36 03         [10]  474 	ld	(hl), #0x03
   0187 23            [ 6]  475 	inc	hl
   0188 36 00         [10]  476 	ld	(hl), #0x00
                            477 ;cases/./../tests/bug-524697.c:39: ASSERT(getOffset(&foo, &bar) 
                            478 ;	genPlus
                            479 ;	genMove_o size 2 result type 2 source type 10 a_dead 1 hl_dead 1 de_dead 0 iy_dead 1 f_dead 1
   018A 2Ar00s00      [16]  480 	ld	hl, (___numTests)
   018D 23            [ 6]  481 	inc	hl
                            482 ;	genMove_o size 2 result type 10 source type 2 a_dead 1 hl_dead 1 de_dead 0 iy_dead 1 f_dead 1
   018E 22r00s00      [16]  483 	ld	(___numTests), hl
                            484 ;	genCast
                            485 ;	(locations are the same)
                            486 ;	skipping iCode since result will be rematerialized
                            487 ;	genSend
                            488 ;	genMove_o size 2 result type 2 source type 2 a_dead 1 hl_dead 1 de_dead 1 iy_dead 1 f_dead 1
                            489 ;	genSend
                            490 ;	genMove_o size 2 result type 2 source type 8 a_dead 1 hl_dead 1 de_dead 0 iy_dead 1 f_dead 1
   0191 21 00 00      [10]  491 	ld	hl, #0
   0194 39            [11]  492 	add	hl, sp
                            493 ;	genMove_o size 2 result type 2 source type 2 a_dead 1 hl_dead 1 de_dead 0 iy_dead 1 f_dead 1
                            494 ;	genCall
   0195 CDr00s00      [17]  495 	call	_getOffset
                            496 ;	genMove_o size 2 result type 2 source type 2 a_dead 1 hl_dead 1 de_dead 1 iy_dead 1 f_dead 1
                            497 ;	genAddrOf
   0198 21 03 00      [10]  498 	ld	hl, #3
   019B 39            [11]  499 	add	hl, sp
                            500 ;	genCast
                            501 ;	(locations are the same)
                            502 ;	genCmpEq
                            503 ;	genMove_o size 2 result type 2 source type 2 a_dead 1 hl_dead 0 de_dead 0 iy_dead 1 f_dead 1
   019C AF            [ 4]  504 	xor	a, a
   019D ED 52         [15]  505 	sbc	hl, de
                            506 ; common peephole 163 changed absolute to relative conditional jump.
   019F 28 11         [12]  507 	jr	z, 00101$
                            508 ; common peephole 81 removed jp by using inverse jump logic
                            509 ; common peephole 159 removed unused label 00113$.
                            510 ;	skipping generated iCode
                            511 ;	skipping iCode since result will be rematerialized
                            512 ;	skipping iCode since result will be rematerialized
                            513 ;	skipping iCode since result will be rematerialized
                            514 ;	skipping iCode since result will be rematerialized
                            515 ;	skipping iCode since result will be rematerialized
                            516 ;	skipping iCode since result will be rematerialized
                            517 ;	genIpush
                            518 ;	genMove_o size 2 result type 2 source type 1 a_dead 1 hl_dead 1 de_dead 1 iy_dead 1 f_dead 1
   01A1 21 27 00      [10]  519 	ld	hl, #0x0027
   01A4 E5            [11]  520 	push	hl
                            521 ;	genIpush
                            522 ;	genMove_o size 2 result type 2 source type 7 a_dead 1 hl_dead 1 de_dead 1 iy_dead 1 f_dead 1
   01A5 21rF6s01      [10]  523 	ld	hl, #___str_3
   01A8 E5            [11]  524 	push	hl
                            525 ;	genSend
                            526 ;	genMove_o size 2 result type 2 source type 7 a_dead 1 hl_dead 1 de_dead 1 iy_dead 1 f_dead 1
   01A9 11rC8s01      [10]  527 	ld	de, #___str_2
                            528 ;	genSend
                            529 ;	genMove_o size 2 result type 2 source type 7 a_dead 1 hl_dead 1 de_dead 0 iy_dead 1 f_dead 1
   01AC 21rB7s01      [10]  530 	ld	hl, #___str_1
                            531 ;	genCall
   01AF CDr00s00      [17]  532 	call	___fail
                            533 ;	genLabel
   01B2                     534 00101$:
                            535 ;cases/./../tests/bug-524697.c:42: }
                            536 ;	genEndFunction
   01B2 DD F9         [10]  537 	ld	sp, ix
   01B4 DD E1         [14]  538 	pop	ix
   01B6 C9            [10]  539 	ret
                            540 ;	Total testOffset function size at codegen: 5 bytes.
   01B7                     541 ___str_1:
   01B7 41 73 73 65 72 74   542 	.ascii "Assertion failed"
        69 6F 6E 20 66 61
        69 6C 65 64
   01C7 00                  543 	.db 0x00
   01C8                     544 ___str_2:
   01C8 67 65 74 4F 66 66   545 	.ascii "getOffset(&foo, &bar) == (((char *)&foo) + 3)"
        73 65 74 28 26 66
        6F 6F 2C 20 26 62
        61 72 29 20 3D 3D
        20 28 28 28 63 68
        61 72 20 2A 29 26
        66 6F 6F 29 20 2B
        20 33 29
   01F5 00                  546 	.db 0x00
   01F6                     547 ___str_3:
   01F6 63 61 73 65 73 2F   548 	.ascii "cases/./../tests/bug-524697.c"
        2E 2F 2E 2E 2F 74
        65 73 74 73 2F 62
        75 67 2D 35 32 34
        36 39 37 2E 63
   0213 00                  549 	.db 0x00
                            550 ;cases/tst_bug-524697.c:4: __runSuite(void)
                            551 ;	genLabel
                            552 ;	genFunction
                            553 ;	---------------------------------
                            554 ; Function __runSuite
                            555 ; ---------------------------------
                            556 ;	Register assignment is optimal.
                            557 ; Stack space usage: 0 bytes.
   0214                     558 ___runSuite::
                            559 ;cases/tst_bug-524697.c:6: __prints("Running testOffset\n");
                            560 ;	skipping iCode since result will be rematerialized
                            561 ;	skipping iCode since result will be rematerialized
                            562 ;	genSend
                            563 ;	genMove_o size 2 result type 2 source type 7 a_dead 1 hl_dead 1 de_dead 1 iy_dead 1 f_dead 1
   0214 21r1Ds02      [10]  564 	ld	hl, #___str_4
                            565 ;	genCall
   0217 CDr00s00      [17]  566 	call	___prints
                            567 ;cases/tst_bug-524697.c:7: testOffset();
                            568 ;	genCall
                            569 ;	genLabel
                            570 ; common peephole 159 removed unused label 00101$.
                            571 ;cases/tst_bug-524697.c:8: }
                            572 ;	genEndFunction
   021A C3r0As00      [10]  573 	jp	_testOffset
                            574 ; common peephole 152 removed unused ret.
                            575 ;	Total __runSuite function size at codegen: 1 bytes.
   021D                     576 ___str_4:
   021D 52 75 6E 6E 69 6E   577 	.ascii "Running testOffset"
        67 20 74 65 73 74
        4F 66 66 73 65 74
   022F 0A                  578 	.db 0x0a
   0230 00                  579 	.db 0x00
                            580 ;cases/tst_bug-524697.c:13: __getSuiteName(void)
                            581 ;	genLabel
                            582 ;	genFunction
                            583 ;	---------------------------------
                            584 ; Function __getSuiteName
                            585 ; ---------------------------------
                            586 ;	Register assignment is optimal.
                            587 ; Stack space usage: 0 bytes.
   0231                     588 ___getSuiteName::
                            589 ;cases/tst_bug-524697.c:15: return "bug-524697.c";
                            590 ;	skipping iCode since result will be rematerialized
                            591 ;	skipping iCode since result will be rematerialized
                            592 ;	genRet
                            593 ;	genMove_o size 2 result type 2 source type 7 a_dead 1 hl_dead 1 de_dead 1 iy_dead 1 f_dead 1
   0231 11r37s02      [10]  594 	ld	de, #___str_5
                            595 ;	genLabel
                            596 ; common peephole 159 removed unused label 00101$.
                            597 ;cases/tst_bug-524697.c:16: }
                            598 ;	genEndFunction
   0234 C9            [10]  599 	ret
                            600 ;	Total __getSuiteName function size at codegen: 1 bytes.
   0235                     601 ___numCases:
   0235 01 00               602 	.dw #0x0001
   0237                     603 ___str_5:
   0237 62 75 67 2D 35 32   604 	.ascii "bug-524697.c"
        34 36 39 37 2E 63
   0243 00                  605 	.db 0x00
                            606 	.area _CODE (BANK=_CSEG)
                            607 	.area _INITIALIZER
                            608 	.area _CABS (ABS)
