                              1 ;--------------------------------------------------------
                              2 ; File Created by SDCC : free open source ISO C Compiler
                              3 ; Version 4.6.2 #16710 (Linux)
                              4 ;--------------------------------------------------------
                              5 	.module tst_gcc_torture_execute_20020219_1
                              6 	
                              7 ;--------------------------------------------------------
                              8 ; Public variables in this module
                              9 ;--------------------------------------------------------
                             10 	.globl _testTortureExecute
                             11 	.globl _foo
                             12 	.globl ___prints
                             13 	.globl ___fail
                             14 	.globl ___numCases
                             15 	.globl ___runSuite
                             16 	.globl ___getSuiteName
                             17 ;--------------------------------------------------------
                             18 ; special function registers
                             19 ;--------------------------------------------------------
                             20 ;--------------------------------------------------------
                             21 ; ram data
                             22 ;--------------------------------------------------------
                             23 	.area _DATA (BANK=_DSEG)
                             24 ;--------------------------------------------------------
                             25 ; ram data
                             26 ;--------------------------------------------------------
                             27 	.area _INITIALIZED
                             28 ;--------------------------------------------------------
                             29 ; absolute ram data
                             30 ;--------------------------------------------------------
                             31 	.area _DABS (ABS)
                             32 	.area _DABS (ABS)
                             33 ;--------------------------------------------------------
                             34 ; global & static initialisations
                             35 ;--------------------------------------------------------
                             36 	.area _HOME
                             37 	.area _GSINIT
                             38 	.area _GSFINAL
                             39 	.area _GSINIT
                             40 ;--------------------------------------------------------
                             41 ; Home
                             42 ;--------------------------------------------------------
                             43 	.area _HOME (BANK=_CSEG)
                             44 	.area _HOME (BANK=_CSEG)
                             45 ;--------------------------------------------------------
                             46 ; code
                             47 ;--------------------------------------------------------
                             48 	.area _CODE (BANK=_CSEG)
                             49 ;cases/./../tests/gcc-torture-execute-20020219-1.c:18: long long foo (void)
                             50 ;	genLabel
                             51 ;	genFunction
                             52 ;	---------------------------------
                             53 ; Function foo
                             54 ; ---------------------------------
                             55 ;	Register assignment is optimal.
                             56 ; Stack space usage: 0 bytes.
   0000                      57 _foo::
                             58 ;cases/./../tests/gcc-torture-execute-20020219-1.c:23: return X;
                             59 ;	genRet
   0000 21 02 00      [10]   60 	ld	hl, #2
   0003 39            [11]   61 	add	hl, sp
   0004 7E            [ 7]   62 	ld	a, (hl)
   0005 23            [ 6]   63 	inc	hl
   0006 66            [ 7]   64 	ld	h, (hl)
   0007 6F            [ 4]   65 	ld	l, a
   0008 36 00         [10]   66 	ld	(hl), #0x00
   000A 23            [ 6]   67 	inc	hl
   000B 36 00         [10]   68 	ld	(hl), #0x00
   000D 23            [ 6]   69 	inc	hl
   000E 36 00         [10]   70 	ld	(hl), #0x00
   0010 23            [ 6]   71 	inc	hl
   0011 36 00         [10]   72 	ld	(hl), #0x00
   0013 23            [ 6]   73 	inc	hl
   0014 36 00         [10]   74 	ld	(hl), #0x00
   0016 23            [ 6]   75 	inc	hl
   0017 36 00         [10]   76 	ld	(hl), #0x00
   0019 23            [ 6]   77 	inc	hl
   001A 36 00         [10]   78 	ld	(hl), #0x00
   001C 23            [ 6]   79 	inc	hl
   001D 36 80         [10]   80 	ld	(hl), #0x80
                             81 ;	genLabel
                             82 ; common peephole 159 removed unused label 00101$.
                             83 ;cases/./../tests/gcc-torture-execute-20020219-1.c:24: }
                             84 ;	genEndFunction
   001F C9            [10]   85 	ret
                             86 ;	Total foo function size at codegen: 13 bytes.
                             87 ;cases/./../tests/gcc-torture-execute-20020219-1.c:27: void testTortureExecute (void)
                             88 ;	genLabel
                             89 ;	genFunction
                             90 ;	---------------------------------
                             91 ; Function testTortureExecute
                             92 ; ---------------------------------
                             93 ;	Register assignment might be sub-optimal.
                             94 ; Stack space usage: 8 bytes.
   0020                      95 _testTortureExecute::
   0020 DD E5         [15]   96 	push	ix
   0022 DD 21 00 00   [14]   97 	ld	ix,	#0
   0026 DD 39         [15]   98 	add	ix, sp
                             99 ;	adjustStack by -8
   0028 21 F8 FF      [10]  100 	ld	hl, #-8
   002B 39            [11]  101 	add	hl, sp
   002C F9            [ 6]  102 	ld	sp, hl
                            103 ;cases/./../tests/gcc-torture-execute-20020219-1.c:30: if (foo () != 1ULL << 63)
                            104 ;	genCall
   002D 21 00 00      [10]  105 	ld	hl, #0x0000
   0030 39            [11]  106 	add	hl, sp
   0031 E5            [11]  107 	push	hl
   0032 CDr00s00      [17]  108 	call	_foo
                            109 ;	adjustStack by 2
   0035 F1            [10]  110 	pop	af
                            111 ;	genCast
                            112 ;	(locations are the same)
                            113 ;	genCmpEq
   0036 DD 7E F8      [19]  114 	ld	a, -8 (ix)
   0039 B7            [ 4]  115 	or	a, a
   003A DD B6 F9      [19]  116 	or	a, -7 (ix)
   003D DD B6 FA      [19]  117 	or	a, -6 (ix)
   0040 DD B6 FB      [19]  118 	or	a, -5 (ix)
   0043 DD B6 FC      [19]  119 	or	a, -4 (ix)
   0046 DD B6 FD      [19]  120 	or	a, -3 (ix)
   0049 DD B6 FE      [19]  121 	or	a, -2 (ix)
                            122 ; common peephole 163 changed absolute to relative conditional jump.
   004C 20 07         [12]  123 	jr	nz, 00113$
                            124 ;	genMove_o size 1 result type 2 source type 6 a_dead 1 hl_dead 1 de_dead 0 iy_dead 0 f_dead 1
   004E DD 7E FF      [19]  125 	ld	a, -1 (ix)
                            126 ;	genMove_o size 0 result type 2 source type 1 a_dead 1 hl_dead 1 de_dead 0 iy_dead 0 f_dead 1
   0051 D6 80         [ 7]  127 	sub	a, #0x80
                            128 ; common peephole 163 changed absolute to relative conditional jump.
   0053 28 18         [12]  129 	jr	z, 00102$
                            130 ; common peephole 81 removed jp by using inverse jump logic
   0055                     131 00113$:
                            132 ;	skipping generated iCode
                            133 ;cases/./../tests/gcc-torture-execute-20020219-1.c:31: ASSERT (0);
                            134 ;	genPlus
                            135 ;	genMove_o size 2 result type 2 source type 10 a_dead 1 hl_dead 1 de_dead 1 iy_dead 1 f_dead 1
   0055 2Ar00s00      [16]  136 	ld	hl, (___numTests)
   0058 23            [ 6]  137 	inc	hl
                            138 ;	genMove_o size 2 result type 10 source type 2 a_dead 1 hl_dead 1 de_dead 1 iy_dead 1 f_dead 1
   0059 22r00s00      [16]  139 	ld	(___numTests), hl
                            140 ;	skipping iCode since result will be rematerialized
                            141 ;	skipping iCode since result will be rematerialized
                            142 ;	skipping iCode since result will be rematerialized
                            143 ;	skipping iCode since result will be rematerialized
                            144 ;	skipping iCode since result will be rematerialized
                            145 ;	skipping iCode since result will be rematerialized
                            146 ;	genIpush
                            147 ;	genMove_o size 2 result type 2 source type 1 a_dead 1 hl_dead 1 de_dead 1 iy_dead 1 f_dead 1
   005C 21 1F 00      [10]  148 	ld	hl, #0x001f
   005F E5            [11]  149 	push	hl
                            150 ;	genIpush
                            151 ;	genMove_o size 2 result type 2 source type 7 a_dead 1 hl_dead 1 de_dead 1 iy_dead 1 f_dead 1
   0060 21r85s00      [10]  152 	ld	hl, #__str_2
   0063 E5            [11]  153 	push	hl
                            154 ;	genSend
                            155 ;	genMove_o size 2 result type 2 source type 7 a_dead 1 hl_dead 1 de_dead 1 iy_dead 1 f_dead 1
   0064 11r83s00      [10]  156 	ld	de, #__str_1
                            157 ;	genSend
                            158 ;	genMove_o size 2 result type 2 source type 7 a_dead 1 hl_dead 1 de_dead 0 iy_dead 1 f_dead 1
   0067 21r72s00      [10]  159 	ld	hl, #__str_0
                            160 ;	genCall
   006A CDr00s00      [17]  161 	call	___fail
                            162 ;	genLabel
   006D                     163 00102$:
                            164 ;cases/./../tests/gcc-torture-execute-20020219-1.c:32: return;
                            165 ;	genRet
                            166 ;	genLabel
                            167 ; common peephole 159 removed unused label 00103$.
                            168 ;cases/./../tests/gcc-torture-execute-20020219-1.c:34: }
                            169 ;	genEndFunction
   006D DD F9         [10]  170 	ld	sp, ix
   006F DD E1         [14]  171 	pop	ix
   0071 C9            [10]  172 	ret
                            173 ;	Total testTortureExecute function size at codegen: 5 bytes.
   0072                     174 __str_0:
   0072 41 73 73 65 72 74   175 	.ascii "Assertion failed"
        69 6F 6E 20 66 61
        69 6C 65 64
   0082 00                  176 	.db 0x00
   0083                     177 __str_1:
   0083 30                  178 	.ascii "0"
   0084 00                  179 	.db 0x00
   0085                     180 __str_2:
   0085 63 61 73 65 73 2F   181 	.ascii "cases/./../tests/gcc-torture-execute-20020219-1.c"
        2E 2F 2E 2E 2F 74
        65 73 74 73 2F 67
        63 63 2D 74 6F 72
        74 75 72 65 2D 65
        78 65 63 75 74 65
        2D 32 30 30 32 30
        32 31 39 2D 31 2E
        63
   00B6 00                  182 	.db 0x00
                            183 ;cases/tst_gcc-torture-execute-20020219-1.c:4: __runSuite(void)
                            184 ;	genLabel
                            185 ;	genFunction
                            186 ;	---------------------------------
                            187 ; Function __runSuite
                            188 ; ---------------------------------
                            189 ;	Register assignment is optimal.
                            190 ; Stack space usage: 0 bytes.
   00B7                     191 ___runSuite::
                            192 ;cases/tst_gcc-torture-execute-20020219-1.c:6: __prints("Running testTortureExecute\n");
                            193 ;	skipping iCode since result will be rematerialized
                            194 ;	skipping iCode since result will be rematerialized
                            195 ;	genSend
                            196 ;	genMove_o size 2 result type 2 source type 7 a_dead 1 hl_dead 1 de_dead 1 iy_dead 1 f_dead 1
   00B7 21rC0s00      [10]  197 	ld	hl, #___str_3
                            198 ;	genCall
   00BA CDr00s00      [17]  199 	call	___prints
                            200 ;cases/tst_gcc-torture-execute-20020219-1.c:7: testTortureExecute();
                            201 ;	genCall
                            202 ;	genLabel
                            203 ; common peephole 159 removed unused label 00101$.
                            204 ;cases/tst_gcc-torture-execute-20020219-1.c:8: }
                            205 ;	genEndFunction
   00BD C3r20s00      [10]  206 	jp	_testTortureExecute
                            207 ; common peephole 152 removed unused ret.
                            208 ;	Total __runSuite function size at codegen: 1 bytes.
   00C0                     209 ___str_3:
   00C0 52 75 6E 6E 69 6E   210 	.ascii "Running testTortureExecute"
        67 20 74 65 73 74
        54 6F 72 74 75 72
        65 45 78 65 63 75
        74 65
   00DA 0A                  211 	.db 0x0a
   00DB 00                  212 	.db 0x00
                            213 ;cases/tst_gcc-torture-execute-20020219-1.c:13: __getSuiteName(void)
                            214 ;	genLabel
                            215 ;	genFunction
                            216 ;	---------------------------------
                            217 ; Function __getSuiteName
                            218 ; ---------------------------------
                            219 ;	Register assignment is optimal.
                            220 ; Stack space usage: 0 bytes.
   00DC                     221 ___getSuiteName::
                            222 ;cases/tst_gcc-torture-execute-20020219-1.c:15: return "gcc-torture-execute-20020219-1.c";
                            223 ;	skipping iCode since result will be rematerialized
                            224 ;	skipping iCode since result will be rematerialized
                            225 ;	genRet
                            226 ;	genMove_o size 2 result type 2 source type 7 a_dead 1 hl_dead 1 de_dead 1 iy_dead 1 f_dead 1
   00DC 11rE2s00      [10]  227 	ld	de, #___str_4
                            228 ;	genLabel
                            229 ; common peephole 159 removed unused label 00101$.
                            230 ;cases/tst_gcc-torture-execute-20020219-1.c:16: }
                            231 ;	genEndFunction
   00DF C9            [10]  232 	ret
                            233 ;	Total __getSuiteName function size at codegen: 1 bytes.
   00E0                     234 ___numCases:
   00E0 01 00               235 	.dw #0x0001
   00E2                     236 ___str_4:
   00E2 67 63 63 2D 74 6F   237 	.ascii "gcc-torture-execute-20020219-1.c"
        72 74 75 72 65 2D
        65 78 65 63 75 74
        65 2D 32 30 30 32
        30 32 31 39 2D 31
        2E 63
   0102 00                  238 	.db 0x00
                            239 	.area _CODE (BANK=_CSEG)
                            240 	.area _INITIALIZER
                            241 	.area _CABS (ABS)
