                              1 ;--------------------------------------------------------
                              2 ; File Created by SDCC : free open source ISO C Compiler
                              3 ; Version 4.6.2 #16710 (Linux)
                              4 ;--------------------------------------------------------
                              5 	.module tst_bug_2957
                              6 	
                              7 ;--------------------------------------------------------
                              8 ; Public variables in this module
                              9 ;--------------------------------------------------------
                             10 	.globl _testBug
                             11 	.globl _bug2957
                             12 	.globl ___prints
                             13 	.globl ___fail
                             14 	.globl ___numCases
                             15 	.globl ___runSuite
                             16 	.globl ___getSuiteName
                             17 ;--------------------------------------------------------
                             18 ; special function registers
                             19 ;--------------------------------------------------------
                             20 ;--------------------------------------------------------
                             21 ; ram data
                             22 ;--------------------------------------------------------
                             23 	.area _DATA (BANK=_DSEG)
                             24 ;--------------------------------------------------------
                             25 ; ram data
                             26 ;--------------------------------------------------------
                             27 	.area _INITIALIZED
                             28 ;--------------------------------------------------------
                             29 ; absolute ram data
                             30 ;--------------------------------------------------------
                             31 	.area _DABS (ABS)
                             32 	.area _DABS (ABS)
                             33 ;--------------------------------------------------------
                             34 ; global & static initialisations
                             35 ;--------------------------------------------------------
                             36 	.area _HOME
                             37 	.area _GSINIT
                             38 	.area _GSFINAL
                             39 	.area _GSINIT
                             40 ;--------------------------------------------------------
                             41 ; Home
                             42 ;--------------------------------------------------------
                             43 	.area _HOME (BANK=_CSEG)
                             44 	.area _HOME (BANK=_CSEG)
                             45 ;--------------------------------------------------------
                             46 ; code
                             47 ;--------------------------------------------------------
                             48 	.area _CODE (BANK=_CSEG)
                             49 ;cases/./../tests/bug-2957.c:7: char bug2957(char *p, int i, char c)
                             50 ;	genLabel
                             51 ;	genFunction
                             52 ;	---------------------------------
                             53 ; Function bug2957
                             54 ; ---------------------------------
                             55 ;	Register assignment might be sub-optimal.
                             56 ; Stack space usage: 0 bytes.
   0000                      57 _bug2957::
   0000 DD E5         [15]   58 	push	ix
   0002 DD 21 00 00   [14]   59 	ld	ix,	#0
   0006 DD 39         [15]   60 	add	ix, sp
                             61 ;	genReceive
                             62 ;	genMove_o size 2 result type 2 source type 2 a_dead 1 hl_dead 1 de_dead 0 iy_dead 1 f_dead 1
   0008 4D            [ 4]   63 	ld	c, l
   0009 44            [ 4]   64 	ld	b, h
                             65 ;	genMove_o size 0 result type 2 source type 1 a_dead 1 hl_dead 1 de_dead 0 iy_dead 1 f_dead 1
                             66 ;	genReceive
                             67 ;	genMove_o size 2 result type 2 source type 2 a_dead 1 hl_dead 1 de_dead 1 iy_dead 1 f_dead 1
                             68 ;cases/./../tests/bug-2957.c:9: p[0] = c;
                             69 ;	genPointerSet
                             70 ;	genMove_o size 1 result type 2 source type 6 a_dead 1 hl_dead 0 de_dead 0 iy_dead 1 f_dead 1
   000A DD 7E 04      [19]   71 	ld	a, 4 (ix)
                             72 ;	genMove_o size 0 result type 2 source type 1 a_dead 1 hl_dead 0 de_dead 0 iy_dead 1 f_dead 1
   000D 02            [ 7]   73 	ld	(bc), a
                             74 ;cases/./../tests/bug-2957.c:10: p[i] = 8;
                             75 ;	genPlus
                             76 ;	genMove_o size 2 result type 2 source type 2 a_dead 1 hl_dead 1 de_dead 1 iy_dead 1 f_dead 1
   000E EB            [ 4]   77 	ex	de, hl
                             78 ;	genMove_o size 0 result type 2 source type 1 a_dead 1 hl_dead 1 de_dead 1 iy_dead 1 f_dead 1
   000F 09            [11]   79 	add	hl, bc
                             80 ;	genPointerSet
   0010 36 08         [10]   81 	ld	(hl), #0x08
                             82 ;cases/./../tests/bug-2957.c:11: return p[0]; // Always returns c.
                             83 ;	genPointerGet
   0012 0A            [ 7]   84 	ld	a, (bc)
                             85 ;	genMove_o size 1 result type 2 source type 2 a_dead 1 hl_dead 1 de_dead 1 iy_dead 1 f_dead 1
                             86 ;	genRet
                             87 ;	genMove_o size 1 result type 2 source type 2 a_dead 1 hl_dead 1 de_dead 1 iy_dead 1 f_dead 1
                             88 ;	genLabel
                             89 ; common peephole 159 removed unused label 00101$.
                             90 ;cases/./../tests/bug-2957.c:12: }
                             91 ;	genEndFunction
   0013 DD E1         [14]   92 	pop	ix
   0015 E1            [10]   93 	pop	hl
                             94 ;	adjustStack by 1
   0016 33            [ 6]   95 	inc	sp
   0017 E9            [ 4]   96 	jp	(hl)
                             97 ;	Total bug2957 function size at codegen: 5 bytes.
                             98 ;cases/./../tests/bug-2957.c:14: void testBug(void)
                             99 ;	genLabel
                            100 ;	genFunction
                            101 ;	---------------------------------
                            102 ; Function testBug
                            103 ; ---------------------------------
                            104 ;	Register assignment might be sub-optimal.
                            105 ; Stack space usage: 1 bytes.
   0018                     106 _testBug::
   0018 DD E5         [15]  107 	push	ix
   001A DD 21 00 00   [14]  108 	ld	ix,	#0
   001E DD 39         [15]  109 	add	ix, sp
                            110 ;	adjustStack by -1
   0020 3B            [ 6]  111 	dec	sp
                            112 ;cases/./../tests/bug-2957.c:17: ASSERT(bug2957(&c, 0, 0) == 8);
                            113 ;	genPlus
                            114 ;	genMove_o size 2 result type 2 source type 10 a_dead 1 hl_dead 1 de_dead 1 iy_dead 1 f_dead 1
   0021 2Ar00s00      [16]  115 	ld	hl, (___numTests)
   0024 23            [ 6]  116 	inc	hl
                            117 ;	genMove_o size 2 result type 10 source type 2 a_dead 1 hl_dead 1 de_dead 1 iy_dead 1 f_dead 1
   0025 22r00s00      [16]  118 	ld	(___numTests), hl
                            119 ;	skipping iCode since result will be rematerialized
                            120 ;	skipping iCode since result will be rematerialized
                            121 ;	genIpush
                            122 ;	genMove_o size 1 result type 2 source type 1 a_dead 1 hl_dead 1 de_dead 1 iy_dead 1 f_dead 1
   0028 AF            [ 4]  123 	xor	a, a
   0029 F5            [11]  124 	push	af
   002A 33            [ 6]  125 	inc	sp
                            126 ;	genSend
                            127 ;	genMove_o size 2 result type 2 source type 1 a_dead 1 hl_dead 1 de_dead 1 iy_dead 1 f_dead 1
   002B 11 00 00      [10]  128 	ld	de, #0x0000
                            129 ;	genSend
                            130 ;	genMove_o size 2 result type 2 source type 8 a_dead 1 hl_dead 1 de_dead 0 iy_dead 1 f_dead 1
   002E 21 01 00      [10]  131 	ld	hl, #1
   0031 39            [11]  132 	add	hl, sp
                            133 ;	genMove_o size 2 result type 2 source type 2 a_dead 1 hl_dead 1 de_dead 0 iy_dead 1 f_dead 1
                            134 ;	genCall
   0032 CDr00s00      [17]  135 	call	_bug2957
                            136 ;	genMove_o size 1 result type 2 source type 2 a_dead 1 hl_dead 1 de_dead 1 iy_dead 1 f_dead 1
                            137 ;	genCmpEq
   0035 FE 08         [ 7]  138 	cp	a, #0x08
                            139 ; common peephole 163 changed absolute to relative conditional jump.
   0037 28 11         [12]  140 	jr	z, 00101$
                            141 ; common peephole 81 removed jp by using inverse jump logic
                            142 ; common peephole 159 removed unused label 00113$.
                            143 ;	skipping generated iCode
                            144 ;	skipping iCode since result will be rematerialized
                            145 ;	skipping iCode since result will be rematerialized
                            146 ;	skipping iCode since result will be rematerialized
                            147 ;	skipping iCode since result will be rematerialized
                            148 ;	skipping iCode since result will be rematerialized
                            149 ;	skipping iCode since result will be rematerialized
                            150 ;	genIpush
                            151 ;	genMove_o size 2 result type 2 source type 1 a_dead 1 hl_dead 1 de_dead 1 iy_dead 1 f_dead 1
   0039 21 11 00      [10]  152 	ld	hl, #0x0011
   003C E5            [11]  153 	push	hl
                            154 ;	genIpush
                            155 ;	genMove_o size 2 result type 2 source type 7 a_dead 1 hl_dead 1 de_dead 1 iy_dead 1 f_dead 1
   003D 21r76s00      [10]  156 	ld	hl, #___str_2
   0040 E5            [11]  157 	push	hl
                            158 ;	genSend
                            159 ;	genMove_o size 2 result type 2 source type 7 a_dead 1 hl_dead 1 de_dead 1 iy_dead 1 f_dead 1
   0041 11r5Fs00      [10]  160 	ld	de, #___str_1
                            161 ;	genSend
                            162 ;	genMove_o size 2 result type 2 source type 7 a_dead 1 hl_dead 1 de_dead 0 iy_dead 1 f_dead 1
   0044 21r4Es00      [10]  163 	ld	hl, #___str_0
                            164 ;	genCall
   0047 CDr00s00      [17]  165 	call	___fail
                            166 ;	genLabel
   004A                     167 00101$:
                            168 ;cases/./../tests/bug-2957.c:18: }
                            169 ;	genEndFunction
                            170 ;	adjustStack by 1
   004A 33            [ 6]  171 	inc	sp
   004B DD E1         [14]  172 	pop	ix
   004D C9            [10]  173 	ret
                            174 ;	Total testBug function size at codegen: 4 bytes.
   004E                     175 ___str_0:
   004E 41 73 73 65 72 74   176 	.ascii "Assertion failed"
        69 6F 6E 20 66 61
        69 6C 65 64
   005E 00                  177 	.db 0x00
   005F                     178 ___str_1:
   005F 62 75 67 32 39 35   179 	.ascii "bug2957(&c, 0, 0) == 8"
        37 28 26 63 2C 20
        30 2C 20 30 29 20
        3D 3D 20 38
   0075 00                  180 	.db 0x00
   0076                     181 ___str_2:
   0076 63 61 73 65 73 2F   182 	.ascii "cases/./../tests/bug-2957.c"
        2E 2F 2E 2E 2F 74
        65 73 74 73 2F 62
        75 67 2D 32 39 35
        37 2E 63
   0091 00                  183 	.db 0x00
                            184 ;cases/tst_bug-2957.c:4: __runSuite(void)
                            185 ;	genLabel
                            186 ;	genFunction
                            187 ;	---------------------------------
                            188 ; Function __runSuite
                            189 ; ---------------------------------
                            190 ;	Register assignment is optimal.
                            191 ; Stack space usage: 0 bytes.
   0092                     192 ___runSuite::
                            193 ;cases/tst_bug-2957.c:6: __prints("Running testBug\n");
                            194 ;	skipping iCode since result will be rematerialized
                            195 ;	skipping iCode since result will be rematerialized
                            196 ;	genSend
                            197 ;	genMove_o size 2 result type 2 source type 7 a_dead 1 hl_dead 1 de_dead 1 iy_dead 1 f_dead 1
   0092 21r9Bs00      [10]  198 	ld	hl, #___str_3
                            199 ;	genCall
   0095 CDr00s00      [17]  200 	call	___prints
                            201 ;cases/tst_bug-2957.c:7: testBug();
                            202 ;	genCall
                            203 ;	genLabel
                            204 ; common peephole 159 removed unused label 00101$.
                            205 ;cases/tst_bug-2957.c:8: }
                            206 ;	genEndFunction
   0098 C3r18s00      [10]  207 	jp	_testBug
                            208 ; common peephole 152 removed unused ret.
                            209 ;	Total __runSuite function size at codegen: 1 bytes.
   009B                     210 ___str_3:
   009B 52 75 6E 6E 69 6E   211 	.ascii "Running testBug"
        67 20 74 65 73 74
        42 75 67
   00AA 0A                  212 	.db 0x0a
   00AB 00                  213 	.db 0x00
                            214 ;cases/tst_bug-2957.c:13: __getSuiteName(void)
                            215 ;	genLabel
                            216 ;	genFunction
                            217 ;	---------------------------------
                            218 ; Function __getSuiteName
                            219 ; ---------------------------------
                            220 ;	Register assignment is optimal.
                            221 ; Stack space usage: 0 bytes.
   00AC                     222 ___getSuiteName::
                            223 ;cases/tst_bug-2957.c:15: return "bug-2957.c";
                            224 ;	skipping iCode since result will be rematerialized
                            225 ;	skipping iCode since result will be rematerialized
                            226 ;	genRet
                            227 ;	genMove_o size 2 result type 2 source type 7 a_dead 1 hl_dead 1 de_dead 1 iy_dead 1 f_dead 1
   00AC 11rB2s00      [10]  228 	ld	de, #___str_4
                            229 ;	genLabel
                            230 ; common peephole 159 removed unused label 00101$.
                            231 ;cases/tst_bug-2957.c:16: }
                            232 ;	genEndFunction
   00AF C9            [10]  233 	ret
                            234 ;	Total __getSuiteName function size at codegen: 1 bytes.
   00B0                     235 ___numCases:
   00B0 01 00               236 	.dw #0x0001
   00B2                     237 ___str_4:
   00B2 62 75 67 2D 32 39   238 	.ascii "bug-2957.c"
        35 37 2E 63
   00BC 00                  239 	.db 0x00
                            240 	.area _CODE (BANK=_CSEG)
                            241 	.area _INITIALIZER
                            242 	.area _CABS (ABS)
