                              1 ;--------------------------------------------------------
                              2 ; File Created by SDCC : free open source ISO C Compiler
                              3 ; Version 4.6.2 #16710 (Linux)
                              4 ;--------------------------------------------------------
                              5 	.module tst_gcc_torture_execute_20030903_1
                              6 	
                              7 ;--------------------------------------------------------
                              8 ; Public variables in this module
                              9 ;--------------------------------------------------------
                             10 	.globl _testTortureExecute
                             11 	.globl ___prints
                             12 	.globl ___fail
                             13 	.globl ___numCases
                             14 	.globl ___runSuite
                             15 	.globl ___getSuiteName
                             16 ;--------------------------------------------------------
                             17 ; special function registers
                             18 ;--------------------------------------------------------
                             19 ;--------------------------------------------------------
                             20 ; ram data
                             21 ;--------------------------------------------------------
                             22 	.area _DATA (BANK=_DSEG)
                             23 ;--------------------------------------------------------
                             24 ; ram data
                             25 ;--------------------------------------------------------
                             26 	.area _INITIALIZED
   0000                      27 _test:
   0000                      28 	.ds 1
                             29 ;--------------------------------------------------------
                             30 ; absolute ram data
                             31 ;--------------------------------------------------------
                             32 	.area _DABS (ABS)
                             33 	.area _DABS (ABS)
                             34 ;--------------------------------------------------------
                             35 ; global & static initialisations
                             36 ;--------------------------------------------------------
                             37 	.area _HOME
                             38 	.area _GSINIT
                             39 	.area _GSFINAL
                             40 	.area _GSINIT
                             41 ;--------------------------------------------------------
                             42 ; Home
                             43 ;--------------------------------------------------------
                             44 	.area _HOME (BANK=_CSEG)
                             45 	.area _HOME (BANK=_CSEG)
                             46 ;--------------------------------------------------------
                             47 ; code
                             48 ;--------------------------------------------------------
                             49 	.area _CODE (BANK=_CSEG)
                             50 ;cases/./../tests/gcc-torture-execute-20030903-1.c:21: testTortureExecute (void)
                             51 ;	genLabel
                             52 ;	genFunction
                             53 ;	---------------------------------
                             54 ; Function testTortureExecute
                             55 ; ---------------------------------
                             56 ;	Register assignment is optimal.
                             57 ; Stack space usage: 0 bytes.
   0000                      58 _testTortureExecute::
                             59 ;cases/./../tests/gcc-torture-execute-20030903-1.c:23: switch (test)
                             60 ;	genAssign
                             61 ;	genMove_o size 1 result type 2 source type 10 a_dead 1 hl_dead 1 de_dead 1 iy_dead 1 f_dead 1
   0000 3Ar00s00      [13]   62 	ld	a, (_test)
                             63 ;	genCmpEq
   0003 FE 01         [ 7]   64 	cp	a, #0x01
                             65 ; common peephole 163 changed absolute to relative conditional jump.
   0005 28 0D         [12]   66 	jr	z, 00101$
                             67 ; common peephole 81 removed jp by using inverse jump logic
                             68 ; common peephole 159 removed unused label 00140$.
                             69 ;	skipping generated iCode
                             70 ;	genCmpEq
   0007 FE 02         [ 7]   71 	cp	a, #0x02
                             72 ; common peephole 163 changed absolute to relative conditional jump.
   0009 28 0F         [12]   73 	jr	z, 00102$
                             74 ; common peephole 81 removed jp by using inverse jump logic
                             75 ; common peephole 159 removed unused label 00141$.
                             76 ;	skipping generated iCode
                             77 ;	genCmpEq
   000B FE 03         [ 7]   78 	cp	a, #0x03
                             79 ; common peephole 163 changed absolute to relative conditional jump.
   000D 28 11         [12]   80 	jr	z, 00103$
                             81 ; common peephole 81 removed jp by using inverse jump logic
                             82 ; common peephole 159 removed unused label 00142$.
                             83 ;	skipping generated iCode
                             84 ;	genCmpEq
   000F FE 04         [ 7]   85 	cp	a, #0x04
                             86 ; common peephole 163 changed absolute to relative conditional jump.
   0011 28 13         [12]   87 	jr	z, 00104$
                             88 ; common peephole 81 removed jp by using inverse jump logic
                             89 ; common peephole 159 removed unused label 00143$.
                             90 ;	skipping generated iCode
                             91 ;	genGoto
   0013 C9            [10]   92 	ret
                             93 ; common peephole 160 replaced jump by return.
                             94 ;cases/./../tests/gcc-torture-execute-20030903-1.c:25: case X1: y(1); break;
                             95 ;	genLabel
   0014                      96 00101$:
                             97 ;	genSend
                             98 ;	genMove_o size 2 result type 2 source type 1 a_dead 1 hl_dead 1 de_dead 1 iy_dead 1 f_dead 1
                             99 ;	genCall
                            100 ;	genGoto
   0014 21 01 00      [10]  101 	ld	hl, #0x0001
   0017 C3r2Cs00      [10]  102 	jp	_y
                            103 ; common peephole 87a removed unreachable jump to 00105$
                            104 ;cases/./../tests/gcc-torture-execute-20030903-1.c:26: case X2: y(2); break;
                            105 ;	genLabel
   001A                     106 00102$:
                            107 ;	genSend
                            108 ;	genMove_o size 2 result type 2 source type 1 a_dead 1 hl_dead 1 de_dead 1 iy_dead 1 f_dead 1
                            109 ;	genCall
                            110 ;	genGoto
   001A 21 02 00      [10]  111 	ld	hl, #0x0002
   001D C3r2Cs00      [10]  112 	jp	_y
                            113 ; common peephole 87a removed unreachable jump to 00105$
                            114 ;cases/./../tests/gcc-torture-execute-20030903-1.c:27: case X3: y(3); break;
                            115 ;	genLabel
   0020                     116 00103$:
                            117 ;	genSend
                            118 ;	genMove_o size 2 result type 2 source type 1 a_dead 1 hl_dead 1 de_dead 1 iy_dead 1 f_dead 1
                            119 ;	genCall
                            120 ;	genGoto
   0020 21 03 00      [10]  121 	ld	hl, #0x0003
   0023 C3r2Cs00      [10]  122 	jp	_y
                            123 ; common peephole 87a removed unreachable jump to 00105$
                            124 ;cases/./../tests/gcc-torture-execute-20030903-1.c:28: case X4: y(4); break;
                            125 ;	genLabel
   0026                     126 00104$:
                            127 ;	genSend
                            128 ;	genMove_o size 2 result type 2 source type 1 a_dead 1 hl_dead 1 de_dead 1 iy_dead 1 f_dead 1
   0026 21 04 00      [10]  129 	ld	hl, #0x0004
                            130 ;	genCall
                            131 ;cases/./../tests/gcc-torture-execute-20030903-1.c:29: }
                            132 ;	genLabel
                            133 ; common peephole 159 removed unused label 00105$.
                            134 ;cases/./../tests/gcc-torture-execute-20030903-1.c:30: return;
                            135 ;	genRet
                            136 ;	genLabel
                            137 ; common peephole 159 removed unused label 00106$.
                            138 ;cases/./../tests/gcc-torture-execute-20030903-1.c:31: }
                            139 ;	genEndFunction
   0029 C3r2Cs00      [10]  140 	jp	_y
                            141 ; common peephole 152 removed unused ret.
                            142 ;	Total testTortureExecute function size at codegen: 1 bytes.
                            143 ;cases/./../tests/gcc-torture-execute-20030903-1.c:33: static void y(int x) { ASSERT (0); }
                            144 ;	genLabel
                            145 ;	genFunction
                            146 ;	---------------------------------
                            147 ; Function y
                            148 ; ---------------------------------
                            149 ;	Register assignment might be sub-optimal.
                            150 ; Stack space usage: 0 bytes.
   002C                     151 _y:
                            152 ;	genPlus
                            153 ;	genMove_o size 2 result type 2 source type 10 a_dead 1 hl_dead 1 de_dead 1 iy_dead 1 f_dead 1
   002C 2Ar00s00      [16]  154 	ld	hl, (___numTests)
   002F 23            [ 6]  155 	inc	hl
                            156 ;	genMove_o size 2 result type 10 source type 2 a_dead 1 hl_dead 1 de_dead 1 iy_dead 1 f_dead 1
   0030 22r00s00      [16]  157 	ld	(___numTests), hl
                            158 ;	skipping iCode since result will be rematerialized
                            159 ;	skipping iCode since result will be rematerialized
                            160 ;	skipping iCode since result will be rematerialized
                            161 ;	skipping iCode since result will be rematerialized
                            162 ;	skipping iCode since result will be rematerialized
                            163 ;	skipping iCode since result will be rematerialized
                            164 ;	genIpush
                            165 ;	genMove_o size 2 result type 2 source type 1 a_dead 1 hl_dead 1 de_dead 1 iy_dead 1 f_dead 1
   0033 21 21 00      [10]  166 	ld	hl, #0x0021
   0036 E5            [11]  167 	push	hl
                            168 ;	genIpush
                            169 ;	genMove_o size 2 result type 2 source type 7 a_dead 1 hl_dead 1 de_dead 1 iy_dead 1 f_dead 1
   0037 21r58s00      [10]  170 	ld	hl, #__str_2
   003A E5            [11]  171 	push	hl
                            172 ;	genSend
                            173 ;	genMove_o size 2 result type 2 source type 7 a_dead 1 hl_dead 1 de_dead 1 iy_dead 1 f_dead 1
   003B 11r56s00      [10]  174 	ld	de, #__str_1
                            175 ;	genSend
                            176 ;	genMove_o size 2 result type 2 source type 7 a_dead 1 hl_dead 1 de_dead 0 iy_dead 1 f_dead 1
   003E 21r45s00      [10]  177 	ld	hl, #__str_0
                            178 ;	genCall
   0041 CDr00s00      [17]  179 	call	___fail
                            180 ;	genLabel
                            181 ; common peephole 159 removed unused label 00101$.
                            182 ;	genEndFunction
   0044 C9            [10]  183 	ret
                            184 ;	Total y function size at codegen: 1 bytes.
   0045                     185 __str_0:
   0045 41 73 73 65 72 74   186 	.ascii "Assertion failed"
        69 6F 6E 20 66 61
        69 6C 65 64
   0055 00                  187 	.db 0x00
   0056                     188 __str_1:
   0056 30                  189 	.ascii "0"
   0057 00                  190 	.db 0x00
   0058                     191 __str_2:
   0058 63 61 73 65 73 2F   192 	.ascii "cases/./../tests/gcc-torture-execute-20030903-1.c"
        2E 2F 2E 2E 2F 74
        65 73 74 73 2F 67
        63 63 2D 74 6F 72
        74 75 72 65 2D 65
        78 65 63 75 74 65
        2D 32 30 30 33 30
        39 30 33 2D 31 2E
        63
   0089 00                  193 	.db 0x00
                            194 ;cases/tst_gcc-torture-execute-20030903-1.c:4: __runSuite(void)
                            195 ;	genLabel
                            196 ;	genFunction
                            197 ;	---------------------------------
                            198 ; Function __runSuite
                            199 ; ---------------------------------
                            200 ;	Register assignment is optimal.
                            201 ; Stack space usage: 0 bytes.
   008A                     202 ___runSuite::
                            203 ;cases/tst_gcc-torture-execute-20030903-1.c:6: __prints("Running testTortureExecute\n");
                            204 ;	skipping iCode since result will be rematerialized
                            205 ;	skipping iCode since result will be rematerialized
                            206 ;	genSend
                            207 ;	genMove_o size 2 result type 2 source type 7 a_dead 1 hl_dead 1 de_dead 1 iy_dead 1 f_dead 1
   008A 21r93s00      [10]  208 	ld	hl, #___str_3
                            209 ;	genCall
   008D CDr00s00      [17]  210 	call	___prints
                            211 ;cases/tst_gcc-torture-execute-20030903-1.c:7: testTortureExecute();
                            212 ;	genCall
                            213 ;	genLabel
                            214 ; common peephole 159 removed unused label 00101$.
                            215 ;cases/tst_gcc-torture-execute-20030903-1.c:8: }
                            216 ;	genEndFunction
   0090 C3r00s00      [10]  217 	jp	_testTortureExecute
                            218 ; common peephole 152 removed unused ret.
                            219 ;	Total __runSuite function size at codegen: 1 bytes.
   0093                     220 ___str_3:
   0093 52 75 6E 6E 69 6E   221 	.ascii "Running testTortureExecute"
        67 20 74 65 73 74
        54 6F 72 74 75 72
        65 45 78 65 63 75
        74 65
   00AD 0A                  222 	.db 0x0a
   00AE 00                  223 	.db 0x00
                            224 ;cases/tst_gcc-torture-execute-20030903-1.c:13: __getSuiteName(void)
                            225 ;	genLabel
                            226 ;	genFunction
                            227 ;	---------------------------------
                            228 ; Function __getSuiteName
                            229 ; ---------------------------------
                            230 ;	Register assignment is optimal.
                            231 ; Stack space usage: 0 bytes.
   00AF                     232 ___getSuiteName::
                            233 ;cases/tst_gcc-torture-execute-20030903-1.c:15: return "gcc-torture-execute-20030903-1.c";
                            234 ;	skipping iCode since result will be rematerialized
                            235 ;	skipping iCode since result will be rematerialized
                            236 ;	genRet
                            237 ;	genMove_o size 2 result type 2 source type 7 a_dead 1 hl_dead 1 de_dead 1 iy_dead 1 f_dead 1
   00AF 11rB5s00      [10]  238 	ld	de, #___str_4
                            239 ;	genLabel
                            240 ; common peephole 159 removed unused label 00101$.
                            241 ;cases/tst_gcc-torture-execute-20030903-1.c:16: }
                            242 ;	genEndFunction
   00B2 C9            [10]  243 	ret
                            244 ;	Total __getSuiteName function size at codegen: 1 bytes.
   00B3                     245 ___numCases:
   00B3 01 00               246 	.dw #0x0001
   00B5                     247 ___str_4:
   00B5 67 63 63 2D 74 6F   248 	.ascii "gcc-torture-execute-20030903-1.c"
        72 74 75 72 65 2D
        65 78 65 63 75 74
        65 2D 32 30 30 33
        30 39 30 33 2D 31
        2E 63
   00D5 00                  249 	.db 0x00
                            250 	.area _CODE (BANK=_CSEG)
                            251 	.area _INITIALIZER
   0000                     252 __xinit__test:
   0000 00                  253 	.db #0x00	; 0
                            254 	.area _CABS (ABS)
