                              1 ;--------------------------------------------------------
                              2 ; File Created by SDCC : free open source ISO C Compiler
                              3 ; Version 4.6.2 #16710 (Linux)
                              4 ;--------------------------------------------------------
                              5 	.module tst_bug_524685
                              6 	
                              7 ;--------------------------------------------------------
                              8 ; Public variables in this module
                              9 ;--------------------------------------------------------
                             10 	.globl _testDivPow2
                             11 	.globl ___prints
                             12 	.globl ___fail
                             13 	.globl ___numCases
                             14 	.globl ___runSuite
                             15 	.globl ___getSuiteName
                             16 ;--------------------------------------------------------
                             17 ; special function registers
                             18 ;--------------------------------------------------------
                             19 ;--------------------------------------------------------
                             20 ; ram data
                             21 ;--------------------------------------------------------
                             22 	.area _DATA (BANK=_DSEG)
                             23 ;--------------------------------------------------------
                             24 ; ram data
                             25 ;--------------------------------------------------------
                             26 	.area _INITIALIZED
                             27 ;--------------------------------------------------------
                             28 ; absolute ram data
                             29 ;--------------------------------------------------------
                             30 	.area _DABS (ABS)
                             31 	.area _DABS (ABS)
                             32 ;--------------------------------------------------------
                             33 ; global & static initialisations
                             34 ;--------------------------------------------------------
                             35 	.area _HOME
                             36 	.area _GSINIT
                             37 	.area _GSFINAL
                             38 	.area _GSINIT
                             39 ;--------------------------------------------------------
                             40 ; Home
                             41 ;--------------------------------------------------------
                             42 	.area _HOME (BANK=_CSEG)
                             43 	.area _HOME (BANK=_CSEG)
                             44 ;--------------------------------------------------------
                             45 ; code
                             46 ;--------------------------------------------------------
                             47 	.area _CODE (BANK=_CSEG)
                             48 ;cases/./../tests/bug-524685.c:6: testDivPow2(void)
                             49 ;	genLabel
                             50 ;	genFunction
                             51 ;	---------------------------------
                             52 ; Function testDivPow2
                             53 ; ---------------------------------
                             54 ;	Register assignment might be sub-optimal.
                             55 ; Stack space usage: 2 bytes.
   0000                      56 _testDivPow2::
   0000 DD E5         [15]   57 	push	ix
   0002 DD 21 00 00   [14]   58 	ld	ix,	#0
   0006 DD 39         [15]   59 	add	ix, sp
                             60 ;	adjustStack by -2
   0008 F5            [11]   61 	push	af
                             62 ;cases/./../tests/bug-524685.c:10: left = -18;
                             63 ;	genAssign
                             64 ;fetchPairLong
   0009 21 EE FF      [10]   65 	ld	hl, #0xffee
                             66 ;	genMove_o size 2 result type 6 source type 2 a_dead 1 hl_dead 1 de_dead 1 iy_dead 1 f_dead 1
   000C E3            [19]   67 	ex	(sp), hl
                             68 ;	genMove_o size 0 result type 6 source type 1 a_dead 1 hl_dead 1 de_dead 1 iy_dead 1 f_dead 1
                             69 ;cases/./../tests/bug-524685.c:11: ASSERT(left/4 == (-18/4));
                             70 ;	genPlus
                             71 ;	genMove_o size 2 result type 2 source type 10 a_dead 1 hl_dead 1 de_dead 1 iy_dead 1 f_dead 1
   000D 2Ar00s00      [16]   72 	ld	hl, (___numTests)
   0010 23            [ 6]   73 	inc	hl
                             74 ;	genMove_o size 2 result type 10 source type 2 a_dead 1 hl_dead 1 de_dead 1 iy_dead 1 f_dead 1
   0011 22r00s00      [16]   75 	ld	(___numTests), hl
                             76 ;	genAssign
                             77 ;	genMove_o size 2 result type 2 source type 6 a_dead 1 hl_dead 1 de_dead 1 iy_dead 1 f_dead 1
   0014 E1            [10]   78 	pop	hl
   0015 E5            [11]   79 	push	hl
                             80 ;	genMove_o size 0 result type 2 source type 1 a_dead 1 hl_dead 1 de_dead 1 iy_dead 1 f_dead 1
                             81 ;	genCmpLt
   0016 CB 7C         [ 8]   82 	bit	7, h
                             83 ; common peephole 163 changed absolute to relative conditional jump.
   0018 28 03         [12]   84 	jr	z, 00105$
                             85 ;	skipping generated iCode
                             86 ;	genPlus
   001A 23            [ 6]   87 	inc	hl
   001B 23            [ 6]   88 	inc	hl
   001C 23            [ 6]   89 	inc	hl
                             90 ;	genLabel
   001D                      91 00105$:
                             92 ;	genRightShift
                             93 ;fetchPairLong
   001D CB 2C         [ 8]   94 	sra	h
   001F CB 1D         [ 8]   95 	rr	l
   0021 CB 2C         [ 8]   96 	sra	h
   0023 CB 1D         [ 8]   97 	rr	l
                             98 ;	genCmpEq
   0025 11 FC FF      [10]   99 	ld	de, #0xfffc
   0028 BF            [ 4]  100 	cp	a, a
   0029 ED 52         [15]  101 	sbc	hl, de
                            102 ; common peephole 163 changed absolute to relative conditional jump.
   002B 28 11         [12]  103 	jr	z, 00101$
                            104 ; common peephole 81 removed jp by using inverse jump logic
                            105 ; common peephole 159 removed unused label 00122$.
                            106 ;	skipping generated iCode
                            107 ;	skipping iCode since result will be rematerialized
                            108 ;	skipping iCode since result will be rematerialized
                            109 ;	skipping iCode since result will be rematerialized
                            110 ;	skipping iCode since result will be rematerialized
                            111 ;	skipping iCode since result will be rematerialized
                            112 ;	skipping iCode since result will be rematerialized
                            113 ;	genIpush
                            114 ;	genMove_o size 2 result type 2 source type 1 a_dead 1 hl_dead 1 de_dead 1 iy_dead 1 f_dead 1
   002D 21 0B 00      [10]  115 	ld	hl, #0x000b
   0030 E5            [11]  116 	push	hl
                            117 ;	genIpush
                            118 ;	genMove_o size 2 result type 2 source type 7 a_dead 1 hl_dead 1 de_dead 1 iy_dead 1 f_dead 1
   0031 21r66s00      [10]  119 	ld	hl, #___str_2
   0034 E5            [11]  120 	push	hl
                            121 ;	genSend
                            122 ;	genMove_o size 2 result type 2 source type 7 a_dead 1 hl_dead 1 de_dead 1 iy_dead 1 f_dead 1
   0035 11r54s00      [10]  123 	ld	de, #___str_1
                            124 ;	genSend
                            125 ;	genMove_o size 2 result type 2 source type 7 a_dead 1 hl_dead 1 de_dead 0 iy_dead 1 f_dead 1
   0038 21r43s00      [10]  126 	ld	hl, #___str_0
                            127 ;	genCall
   003B CDr00s00      [17]  128 	call	___fail
                            129 ;	genLabel
   003E                     130 00101$:
                            131 ;cases/./../tests/bug-524685.c:12: }
                            132 ;	genEndFunction
   003E DD F9         [10]  133 	ld	sp, ix
   0040 DD E1         [14]  134 	pop	ix
   0042 C9            [10]  135 	ret
                            136 ;	Total testDivPow2 function size at codegen: 5 bytes.
   0043                     137 ___str_0:
   0043 41 73 73 65 72 74   138 	.ascii "Assertion failed"
        69 6F 6E 20 66 61
        69 6C 65 64
   0053 00                  139 	.db 0x00
   0054                     140 ___str_1:
   0054 6C 65 66 74 2F 34   141 	.ascii "left/4 == (-18/4)"
        20 3D 3D 20 28 2D
        31 38 2F 34 29
   0065 00                  142 	.db 0x00
   0066                     143 ___str_2:
   0066 63 61 73 65 73 2F   144 	.ascii "cases/./../tests/bug-524685.c"
        2E 2F 2E 2E 2F 74
        65 73 74 73 2F 62
        75 67 2D 35 32 34
        36 38 35 2E 63
   0083 00                  145 	.db 0x00
                            146 ;cases/tst_bug-524685.c:4: __runSuite(void)
                            147 ;	genLabel
                            148 ;	genFunction
                            149 ;	---------------------------------
                            150 ; Function __runSuite
                            151 ; ---------------------------------
                            152 ;	Register assignment is optimal.
                            153 ; Stack space usage: 0 bytes.
   0084                     154 ___runSuite::
                            155 ;cases/tst_bug-524685.c:6: __prints("Running testDivPow2\n");
                            156 ;	skipping iCode since result will be rematerialized
                            157 ;	skipping iCode since result will be rematerialized
                            158 ;	genSend
                            159 ;	genMove_o size 2 result type 2 source type 7 a_dead 1 hl_dead 1 de_dead 1 iy_dead 1 f_dead 1
   0084 21r8Ds00      [10]  160 	ld	hl, #___str_3
                            161 ;	genCall
   0087 CDr00s00      [17]  162 	call	___prints
                            163 ;cases/tst_bug-524685.c:7: testDivPow2();
                            164 ;	genCall
                            165 ;	genLabel
                            166 ; common peephole 159 removed unused label 00101$.
                            167 ;cases/tst_bug-524685.c:8: }
                            168 ;	genEndFunction
   008A C3r00s00      [10]  169 	jp	_testDivPow2
                            170 ; common peephole 152 removed unused ret.
                            171 ;	Total __runSuite function size at codegen: 1 bytes.
   008D                     172 ___str_3:
   008D 52 75 6E 6E 69 6E   173 	.ascii "Running testDivPow2"
        67 20 74 65 73 74
        44 69 76 50 6F 77
        32
   00A0 0A                  174 	.db 0x0a
   00A1 00                  175 	.db 0x00
                            176 ;cases/tst_bug-524685.c:13: __getSuiteName(void)
                            177 ;	genLabel
                            178 ;	genFunction
                            179 ;	---------------------------------
                            180 ; Function __getSuiteName
                            181 ; ---------------------------------
                            182 ;	Register assignment is optimal.
                            183 ; Stack space usage: 0 bytes.
   00A2                     184 ___getSuiteName::
                            185 ;cases/tst_bug-524685.c:15: return "bug-524685.c";
                            186 ;	skipping iCode since result will be rematerialized
                            187 ;	skipping iCode since result will be rematerialized
                            188 ;	genRet
                            189 ;	genMove_o size 2 result type 2 source type 7 a_dead 1 hl_dead 1 de_dead 1 iy_dead 1 f_dead 1
   00A2 11rA8s00      [10]  190 	ld	de, #___str_4
                            191 ;	genLabel
                            192 ; common peephole 159 removed unused label 00101$.
                            193 ;cases/tst_bug-524685.c:16: }
                            194 ;	genEndFunction
   00A5 C9            [10]  195 	ret
                            196 ;	Total __getSuiteName function size at codegen: 1 bytes.
   00A6                     197 ___numCases:
   00A6 01 00               198 	.dw #0x0001
   00A8                     199 ___str_4:
   00A8 62 75 67 2D 35 32   200 	.ascii "bug-524685.c"
        34 36 38 35 2E 63
   00B4 00                  201 	.db 0x00
                            202 	.area _CODE (BANK=_CSEG)
                            203 	.area _INITIALIZER
                            204 	.area _CABS (ABS)
