                              1 ;--------------------------------------------------------
                              2 ; File Created by SDCC : free open source ISO C Compiler
                              3 ; Version 4.6.2 #16710 (Linux)
                              4 ;--------------------------------------------------------
                              5 	.module tst_gcc_torture_execute_950621_1
                              6 	
                              7 ;--------------------------------------------------------
                              8 ; Public variables in this module
                              9 ;--------------------------------------------------------
                             10 	.globl _testTortureExecute
                             11 	.globl _f
                             12 	.globl ___prints
                             13 	.globl ___fail
                             14 	.globl ___numCases
                             15 	.globl ___runSuite
                             16 	.globl ___getSuiteName
                             17 ;--------------------------------------------------------
                             18 ; special function registers
                             19 ;--------------------------------------------------------
                             20 ;--------------------------------------------------------
                             21 ; ram data
                             22 ;--------------------------------------------------------
                             23 	.area _DATA (BANK=_DSEG)
                             24 ;--------------------------------------------------------
                             25 ; ram data
                             26 ;--------------------------------------------------------
                             27 	.area _INITIALIZED
                             28 ;--------------------------------------------------------
                             29 ; absolute ram data
                             30 ;--------------------------------------------------------
                             31 	.area _DABS (ABS)
                             32 	.area _DABS (ABS)
                             33 ;--------------------------------------------------------
                             34 ; global & static initialisations
                             35 ;--------------------------------------------------------
                             36 	.area _HOME
                             37 	.area _GSINIT
                             38 	.area _GSFINAL
                             39 	.area _GSINIT
                             40 ;--------------------------------------------------------
                             41 ; Home
                             42 ;--------------------------------------------------------
                             43 	.area _HOME (BANK=_CSEG)
                             44 	.area _HOME (BANK=_CSEG)
                             45 ;--------------------------------------------------------
                             46 ; code
                             47 ;--------------------------------------------------------
                             48 	.area _CODE (BANK=_CSEG)
                             49 ;cases/./../tests/gcc-torture-execute-950621-1.c:19: f (struct s *sp)
                             50 ;	genLabel
                             51 ;	genFunction
                             52 ;	---------------------------------
                             53 ; Function f
                             54 ; ---------------------------------
                             55 ;	Register assignment might be sub-optimal.
                             56 ; Stack space usage: 0 bytes.
   0000                      57 _f::
                             58 ;	genReceive
                             59 ;	genMove_o size 2 result type 2 source type 2 a_dead 1 hl_dead 1 de_dead 1 iy_dead 1 f_dead 1
   0000 EB            [ 4]   60 	ex	de, hl
                             61 ;	genMove_o size 0 result type 2 source type 1 a_dead 1 hl_dead 1 de_dead 1 iy_dead 1 f_dead 1
                             62 ;cases/./../tests/gcc-torture-execute-950621-1.c:21: return sp && sp->a == -1 && sp->b == -1;
                             63 ;	genIfx
   0001 7A            [ 4]   64 	ld	a, d
   0002 B3            [ 4]   65 	or	a, e
                             66 ; common peephole 163 changed absolute to relative conditional jump.
   0003 28 13         [12]   67 	jr	z, 00103$
                             68 ;	genPointerGet
                             69 ;fetchPairLong
   0005 6B            [ 4]   70 	ld	l, e
   0006 62            [ 4]   71 	ld	h, d
                             72 ;	_moveFrom_tpair_()
   0007 4E            [ 7]   73 	ld	c, (hl)
   0008 23            [ 6]   74 	inc	hl
                             75 ;	_moveFrom_tpair_()
                             76 ;	genCmpEq
   0009 79            [ 4]   77 	ld	a, c
                             78 ; common peephole 115a used (hl) in and instead of going through b.
   000A A6            [ 7]   79 	and	a, (hl)
   000B 3C            [ 4]   80 	inc	a
                             81 ; common peephole 81 removed jp by using inverse jump logic
                             82 ; common peephole 159 removed unused label 00124$.
                             83 ; common peephole 163 changed absolute to relative conditional jump.
   000C 20 0A         [12]   84 	jr	nz, 00103$
                             85 ; common peephole 82 removed jp by using inverse jump logic
                             86 ; common peephole 159 removed unused label 00125$.
                             87 ;	skipping generated iCode
                             88 ;	genAssign
                             89 ;	genMove_o size 2 result type 2 source type 2 a_dead 1 hl_dead 1 de_dead 1 iy_dead 1 f_dead 1
   000E EB            [ 4]   90 	ex	de, hl
                             91 ;	genMove_o size 0 result type 2 source type 1 a_dead 1 hl_dead 1 de_dead 1 iy_dead 1 f_dead 1
                             92 ;	genPointerGet
                             93 ;fetchPairLong
   000F 23            [ 6]   94 	inc	hl
   0010 23            [ 6]   95 	inc	hl
                             96 ;	_moveFrom_tpair_()
   0011 4E            [ 7]   97 	ld	c, (hl)
   0012 23            [ 6]   98 	inc	hl
                             99 ;	_moveFrom_tpair_()
                            100 ;	genCmpEq
   0013 79            [ 4]  101 	ld	a, c
                            102 ; common peephole 115a used (hl) in and instead of going through b.
   0014 A6            [ 7]  103 	and	a, (hl)
   0015 3C            [ 4]  104 	inc	a
                            105 ; common peephole 163 changed absolute to relative conditional jump.
   0016 28 04         [12]  106 	jr	z, 00104$
                            107 ; common peephole 81 removed jp by using inverse jump logic
                            108 ; common peephole 159 removed unused label 00126$.
                            109 ;	skipping generated iCode
                            110 ;	genLabel
   0018                     111 00103$:
                            112 ;	genAssign
                            113 ;	genMove_o size 1 result type 2 source type 1 a_dead 1 hl_dead 1 de_dead 1 iy_dead 1 f_dead 1
   0018 1E 00         [ 7]  114 	ld	e, #0x00
                            115 ;	genGoto
                            116 ; common peephole 162 changed absolute to relative unconditional jump.
   001A 18 02         [12]  117 	jr	00105$
                            118 ;	genLabel
   001C                     119 00104$:
                            120 ;	genAssign
                            121 ;	genMove_o size 1 result type 2 source type 1 a_dead 1 hl_dead 1 de_dead 1 iy_dead 1 f_dead 1
   001C 1E 01         [ 7]  122 	ld	e, #0x01
                            123 ;	genLabel
   001E                     124 00105$:
                            125 ;	genCast
                            126 ;	genMove_o size 1 result type 2 source type 2 a_dead 1 hl_dead 1 de_dead 1 iy_dead 1 f_dead 1
                            127 ;	genMove_o size 1 result type 2 source type 1 a_dead 1 hl_dead 1 de_dead 0 iy_dead 1 f_dead 1
   001E 16 00         [ 7]  128 	ld	d, #0x00
                            129 ;	genRet
                            130 ;	genMove_o size 2 result type 2 source type 2 a_dead 1 hl_dead 1 de_dead 1 iy_dead 1 f_dead 1
                            131 ;	genLabel
                            132 ; common peephole 159 removed unused label 00101$.
                            133 ;cases/./../tests/gcc-torture-execute-950621-1.c:22: }
                            134 ;	genEndFunction
   0020 C9            [10]  135 	ret
                            136 ;	Total f function size at codegen: 1 bytes.
                            137 ;cases/./../tests/gcc-torture-execute-950621-1.c:25: testTortureExecute (void)
                            138 ;	genLabel
                            139 ;	genFunction
                            140 ;	---------------------------------
                            141 ; Function testTortureExecute
                            142 ; ---------------------------------
                            143 ;	Register assignment might be sub-optimal.
                            144 ; Stack space usage: 6 bytes.
   0021                     145 _testTortureExecute::
   0021 DD E5         [15]  146 	push	ix
   0023 DD 21 00 00   [14]  147 	ld	ix,	#0
   0027 DD 39         [15]  148 	add	ix, sp
                            149 ;	adjustStack by -6
   0029 21 FA FF      [10]  150 	ld	hl, #-6
   002C 39            [11]  151 	add	hl, sp
   002D F9            [ 6]  152 	ld	sp, hl
                            153 ;cases/./../tests/gcc-torture-execute-950621-1.c:28: x.a = x.b = -1;
                            154 ;	skipping iCode since result will be rematerialized
                            155 ;	skipping iCode since result will be rematerialized
                            156 ;	skipping iCode since result will be rematerialized
                            157 ;	genPointerSet
                            158 ;	genMove_o size 2 result type 6 source type 1 a_dead 1 hl_dead 1 de_dead 1 iy_dead 1 f_dead 1
   002E DD 36 FC FF   [19]  159 	ld	-4 (ix), #0xff
   0032 DD 36 FD FF   [19]  160 	ld	-3 (ix), #0xff
                            161 ;	genPointerSet
                            162 ;	genMove_o size 2 result type 6 source type 1 a_dead 1 hl_dead 1 de_dead 1 iy_dead 1 f_dead 1
   0036 DD 36 FA FF   [19]  163 	ld	-6 (ix), #0xff
   003A DD 36 FB FF   [19]  164 	ld	-5 (ix), #0xff
                            165 ;cases/./../tests/gcc-torture-execute-950621-1.c:29: ASSERT(f (&x) != 0);
                            166 ;	genPlus
                            167 ;	genMove_o size 2 result type 2 source type 10 a_dead 1 hl_dead 1 de_dead 1 iy_dead 1 f_dead 1
   003E 2Ar00s00      [16]  168 	ld	hl, (___numTests)
   0041 23            [ 6]  169 	inc	hl
                            170 ;	genMove_o size 2 result type 10 source type 2 a_dead 1 hl_dead 1 de_dead 1 iy_dead 1 f_dead 1
   0042 22r00s00      [16]  171 	ld	(___numTests), hl
                            172 ;	skipping iCode since result will be rematerialized
                            173 ;	genSend
                            174 ;	genMove_o size 2 result type 2 source type 8 a_dead 1 hl_dead 1 de_dead 1 iy_dead 1 f_dead 1
   0045 21 00 00      [10]  175 	ld	hl, #0
   0048 39            [11]  176 	add	hl, sp
                            177 ;	genMove_o size 2 result type 2 source type 2 a_dead 1 hl_dead 1 de_dead 1 iy_dead 1 f_dead 1
                            178 ;	genCall
   0049 CDr00s00      [17]  179 	call	_f
                            180 ;	genMove_o size 2 result type 2 source type 2 a_dead 1 hl_dead 1 de_dead 1 iy_dead 1 f_dead 1
                            181 ;	genIfx
   004C 7A            [ 4]  182 	ld	a, d
   004D B3            [ 4]  183 	or	a, e
                            184 ; common peephole 163 changed absolute to relative conditional jump.
   004E 20 11         [12]  185 	jr	nz, 00104$
                            186 ;	skipping iCode since result will be rematerialized
                            187 ;	skipping iCode since result will be rematerialized
                            188 ;	skipping iCode since result will be rematerialized
                            189 ;	skipping iCode since result will be rematerialized
                            190 ;	skipping iCode since result will be rematerialized
                            191 ;	skipping iCode since result will be rematerialized
                            192 ;	genIpush
                            193 ;	genMove_o size 2 result type 2 source type 1 a_dead 1 hl_dead 1 de_dead 1 iy_dead 1 f_dead 1
   0050 21 1D 00      [10]  194 	ld	hl, #0x001d
   0053 E5            [11]  195 	push	hl
                            196 ;	genIpush
                            197 ;	genMove_o size 2 result type 2 source type 7 a_dead 1 hl_dead 1 de_dead 1 iy_dead 1 f_dead 1
   0054 21r83s00      [10]  198 	ld	hl, #___str_2
   0057 E5            [11]  199 	push	hl
                            200 ;	genSend
                            201 ;	genMove_o size 2 result type 2 source type 7 a_dead 1 hl_dead 1 de_dead 1 iy_dead 1 f_dead 1
   0058 11r77s00      [10]  202 	ld	de, #___str_1
                            203 ;	genSend
                            204 ;	genMove_o size 2 result type 2 source type 7 a_dead 1 hl_dead 1 de_dead 0 iy_dead 1 f_dead 1
   005B 21r66s00      [10]  205 	ld	hl, #___str_0
                            206 ;	genCall
   005E CDr00s00      [17]  207 	call	___fail
                            208 ;	genLabel
   0061                     209 00104$:
                            210 ;cases/./../tests/gcc-torture-execute-950621-1.c:30: return;
                            211 ;	genRet
                            212 ;	genLabel
                            213 ; common peephole 159 removed unused label 00101$.
                            214 ;cases/./../tests/gcc-torture-execute-950621-1.c:31: }
                            215 ;	genEndFunction
   0061 DD F9         [10]  216 	ld	sp, ix
   0063 DD E1         [14]  217 	pop	ix
   0065 C9            [10]  218 	ret
                            219 ;	Total testTortureExecute function size at codegen: 5 bytes.
   0066                     220 ___str_0:
   0066 41 73 73 65 72 74   221 	.ascii "Assertion failed"
        69 6F 6E 20 66 61
        69 6C 65 64
   0076 00                  222 	.db 0x00
   0077                     223 ___str_1:
   0077 66 20 28 26 78 29   224 	.ascii "f (&x) != 0"
        20 21 3D 20 30
   0082 00                  225 	.db 0x00
   0083                     226 ___str_2:
   0083 63 61 73 65 73 2F   227 	.ascii "cases/./../tests/gcc-torture-execute-950621-1.c"
        2E 2F 2E 2E 2F 74
        65 73 74 73 2F 67
        63 63 2D 74 6F 72
        74 75 72 65 2D 65
        78 65 63 75 74 65
        2D 39 35 30 36 32
        31 2D 31 2E 63
   00B2 00                  228 	.db 0x00
                            229 ;cases/tst_gcc-torture-execute-950621-1.c:4: __runSuite(void)
                            230 ;	genLabel
                            231 ;	genFunction
                            232 ;	---------------------------------
                            233 ; Function __runSuite
                            234 ; ---------------------------------
                            235 ;	Register assignment is optimal.
                            236 ; Stack space usage: 0 bytes.
   00B3                     237 ___runSuite::
                            238 ;cases/tst_gcc-torture-execute-950621-1.c:6: __prints("Running testTortureExecute\n");
                            239 ;	skipping iCode since result will be rematerialized
                            240 ;	skipping iCode since result will be rematerialized
                            241 ;	genSend
                            242 ;	genMove_o size 2 result type 2 source type 7 a_dead 1 hl_dead 1 de_dead 1 iy_dead 1 f_dead 1
   00B3 21rBCs00      [10]  243 	ld	hl, #___str_3
                            244 ;	genCall
   00B6 CDr00s00      [17]  245 	call	___prints
                            246 ;cases/tst_gcc-torture-execute-950621-1.c:7: testTortureExecute();
                            247 ;	genCall
                            248 ;	genLabel
                            249 ; common peephole 159 removed unused label 00101$.
                            250 ;cases/tst_gcc-torture-execute-950621-1.c:8: }
                            251 ;	genEndFunction
   00B9 C3r21s00      [10]  252 	jp	_testTortureExecute
                            253 ; common peephole 152 removed unused ret.
                            254 ;	Total __runSuite function size at codegen: 1 bytes.
   00BC                     255 ___str_3:
   00BC 52 75 6E 6E 69 6E   256 	.ascii "Running testTortureExecute"
        67 20 74 65 73 74
        54 6F 72 74 75 72
        65 45 78 65 63 75
        74 65
   00D6 0A                  257 	.db 0x0a
   00D7 00                  258 	.db 0x00
                            259 ;cases/tst_gcc-torture-execute-950621-1.c:13: __getSuiteName(void)
                            260 ;	genLabel
                            261 ;	genFunction
                            262 ;	---------------------------------
                            263 ; Function __getSuiteName
                            264 ; ---------------------------------
                            265 ;	Register assignment is optimal.
                            266 ; Stack space usage: 0 bytes.
   00D8                     267 ___getSuiteName::
                            268 ;cases/tst_gcc-torture-execute-950621-1.c:15: return "gcc-torture-execute-950621-1.c";
                            269 ;	skipping iCode since result will be rematerialized
                            270 ;	skipping iCode since result will be rematerialized
                            271 ;	genRet
                            272 ;	genMove_o size 2 result type 2 source type 7 a_dead 1 hl_dead 1 de_dead 1 iy_dead 1 f_dead 1
   00D8 11rDEs00      [10]  273 	ld	de, #___str_4
                            274 ;	genLabel
                            275 ; common peephole 159 removed unused label 00101$.
                            276 ;cases/tst_gcc-torture-execute-950621-1.c:16: }
                            277 ;	genEndFunction
   00DB C9            [10]  278 	ret
                            279 ;	Total __getSuiteName function size at codegen: 1 bytes.
   00DC                     280 ___numCases:
   00DC 01 00               281 	.dw #0x0001
   00DE                     282 ___str_4:
   00DE 67 63 63 2D 74 6F   283 	.ascii "gcc-torture-execute-950621-1.c"
        72 74 75 72 65 2D
        65 78 65 63 75 74
        65 2D 39 35 30 36
        32 31 2D 31 2E 63
   00FC 00                  284 	.db 0x00
                            285 	.area _CODE (BANK=_CSEG)
                            286 	.area _INITIALIZER
                            287 	.area _CABS (ABS)
