                              1 ;--------------------------------------------------------
                              2 ; File Created by SDCC : free open source ISO C Compiler
                              3 ; Version 4.6.2 #16710 (Linux)
                              4 ;--------------------------------------------------------
                              5 	.module tst_gcc_torture_execute_pr42006
                              6 	
                              7 ;--------------------------------------------------------
                              8 ; Public variables in this module
                              9 ;--------------------------------------------------------
                             10 	.globl _testTortureExecute
                             11 	.globl ___prints
                             12 	.globl ___fail
                             13 	.globl ___numCases
                             14 	.globl ___runSuite
                             15 	.globl ___getSuiteName
                             16 ;--------------------------------------------------------
                             17 ; special function registers
                             18 ;--------------------------------------------------------
                             19 ;--------------------------------------------------------
                             20 ; ram data
                             21 ;--------------------------------------------------------
                             22 	.area _DATA (BANK=_DSEG)
                             23 ;--------------------------------------------------------
                             24 ; ram data
                             25 ;--------------------------------------------------------
                             26 	.area _INITIALIZED
                             27 ;--------------------------------------------------------
                             28 ; absolute ram data
                             29 ;--------------------------------------------------------
                             30 	.area _DABS (ABS)
                             31 	.area _DABS (ABS)
                             32 ;--------------------------------------------------------
                             33 ; global & static initialisations
                             34 ;--------------------------------------------------------
                             35 	.area _HOME
                             36 	.area _GSINIT
                             37 	.area _GSFINAL
                             38 	.area _GSINIT
                             39 ;--------------------------------------------------------
                             40 ; Home
                             41 ;--------------------------------------------------------
                             42 	.area _HOME (BANK=_CSEG)
                             43 	.area _HOME (BANK=_CSEG)
                             44 ;--------------------------------------------------------
                             45 ; code
                             46 ;--------------------------------------------------------
                             47 	.area _CODE (BANK=_CSEG)
                             48 ;cases/./../tests/gcc-torture-execute-pr42006.c:12: my_add(unsigned int si1, unsigned int si2)
                             49 ;	genLabel
                             50 ;	genFunction
                             51 ;	---------------------------------
                             52 ; Function my_add
                             53 ; ---------------------------------
                             54 ;	Register assignment might be sub-optimal.
                             55 ; Stack space usage: 0 bytes.
   0000                      56 _my_add:
                             57 ;	genReceive
                             58 ;	genMove_o size 2 result type 2 source type 2 a_dead 1 hl_dead 1 de_dead 0 iy_dead 1 f_dead 1
   0000 4D            [ 4]   59 	ld	c, l
   0001 44            [ 4]   60 	ld	b, h
                             61 ;	genMove_o size 0 result type 2 source type 1 a_dead 1 hl_dead 1 de_dead 0 iy_dead 1 f_dead 1
                             62 ;	genReceive
                             63 ;	genMove_o size 2 result type 2 source type 2 a_dead 1 hl_dead 1 de_dead 1 iy_dead 1 f_dead 1
                             64 ;cases/./../tests/gcc-torture-execute-pr42006.c:14: return (si1 > (50-si2)) ? si1 : (si1 + si2);
                             65 ;	genMinus
                             66 ;	genMove_o size 2 result type 2 source type 1 a_dead 1 hl_dead 1 de_dead 0 iy_dead 1 f_dead 1
   0002 21 32 00      [10]   67 	ld	hl, #0x0032
   0005 BF            [ 4]   68 	cp	a, a
   0006 ED 52         [15]   69 	sbc	hl, de
                             70 ;	genMove_o size 2 result type 2 source type 2 a_dead 1 hl_dead 1 de_dead 0 iy_dead 1 f_dead 1
                             71 ;	genCmpGt
   0008 AF            [ 4]   72 	xor	a, a
   0009 ED 42         [15]   73 	sbc	hl, bc
                             74 ; common peephole 163 changed absolute to relative conditional jump.
   000B 30 04         [12]   75 	jr	nc, 00103$
                             76 ;	skipping generated iCode
                             77 ;	genAssign
                             78 ;	genMove_o size 2 result type 2 source type 2 a_dead 1 hl_dead 1 de_dead 1 iy_dead 1 f_dead 1
   000D 69            [ 4]   79 	ld	l, c
   000E 60            [ 4]   80 	ld	h, b
                             81 ;	genMove_o size 0 result type 2 source type 1 a_dead 1 hl_dead 1 de_dead 1 iy_dead 1 f_dead 1
                             82 ;	genGoto
                             83 ; common peephole 162 changed absolute to relative unconditional jump.
   000F 18 02         [12]   84 	jr	00104$
                             85 ;	genLabel
   0011                      86 00103$:
                             87 ;	genPlus
                             88 ;	genMove_o size 2 result type 2 source type 2 a_dead 1 hl_dead 1 de_dead 1 iy_dead 1 f_dead 1
   0011 EB            [ 4]   89 	ex	de, hl
                             90 ;	genMove_o size 0 result type 2 source type 1 a_dead 1 hl_dead 1 de_dead 1 iy_dead 1 f_dead 1
   0012 09            [11]   91 	add	hl, bc
                             92 ;	genLabel
   0013                      93 00104$:
                             94 ;	genRet
                             95 ;	genMove_o size 2 result type 2 source type 2 a_dead 1 hl_dead 1 de_dead 1 iy_dead 1 f_dead 1
   0013 EB            [ 4]   96 	ex	de, hl
                             97 ;	genMove_o size 0 result type 2 source type 1 a_dead 1 hl_dead 1 de_dead 1 iy_dead 1 f_dead 1
                             98 ;	genLabel
                             99 ; common peephole 159 removed unused label 00101$.
                            100 ;cases/./../tests/gcc-torture-execute-pr42006.c:15: }
                            101 ;	genEndFunction
   0014 C9            [10]  102 	ret
                            103 ;	Total my_add function size at codegen: 1 bytes.
                            104 ;cases/./../tests/gcc-torture-execute-pr42006.c:18: my_shift(unsigned int left, unsigned int right)
                            105 ;	genLabel
                            106 ;	genFunction
                            107 ;	---------------------------------
                            108 ; Function my_shift
                            109 ; ---------------------------------
                            110 ;	Register assignment might be sub-optimal.
                            111 ; Stack space usage: 0 bytes.
   0015                     112 _my_shift:
                            113 ;	genReceive
                            114 ;	genMove_o size 2 result type 2 source type 2 a_dead 1 hl_dead 1 de_dead 0 iy_dead 1 f_dead 1
   0015 44            [ 4]  115 	ld	b, h
                            116 ;	genMove_o size 0 result type 2 source type 1 a_dead 1 hl_dead 1 de_dead 0 iy_dead 1 f_dead 1
                            117 ;	genReceive
                            118 ;	genMove_o size 2 result type 2 source type 2 a_dead 1 hl_dead 0 de_dead 1 iy_dead 1 f_dead 1
                            119 ;cases/./../tests/gcc-torture-execute-pr42006.c:20: return  (right > 100) ? left : (left >> right);
                            120 ;	genCmpGt
   0016 3E 64         [ 7]  121 	ld	a, #0x64
   0018 BB            [ 4]  122 	cp	a, e
   0019 3E 00         [ 7]  123 	ld	a, #0x00
   001B 9A            [ 4]  124 	sbc	a, d
                            125 ;	skipping generated iCode
                            126 ;	genAssign
                            127 ;	(locations are the same)
                            128 ;	genGoto
                            129 ;	genLabel
                            130 ; common peephole 163 changed absolute to relative conditional jump.
   001C 38 0A         [12]  131 	jr	c, 00104$
                            132 ; common peephole 79 removed jp by using inverse jump logic
                            133 ; common peephole 159 removed unused label 00103$.
                            134 ;	genRightShift
                            135 ;	genMove_o size 2 result type 2 source type 2 a_dead 1 hl_dead 1 de_dead 0 iy_dead 1 f_dead 1
   001E 1C            [ 4]  136 	inc	e
                            137 ; common peephole 162 changed absolute to relative unconditional jump.
   001F 18 04         [12]  138 	jr	00114$
   0021                     139 00113$:
   0021 CB 38         [ 8]  140 	srl	b
   0023 CB 1D         [ 8]  141 	rr	l
   0025                     142 00114$:
   0025 1D            [ 4]  143 	dec	e
                            144 ; common peephole 163 changed absolute to relative conditional jump.
   0026 20 F9         [12]  145 	jr	nz, 00113$
                            146 ;	genMove_o size 2 result type 2 source type 2 a_dead 1 hl_dead 1 de_dead 1 iy_dead 1 f_dead 1
                            147 ;	genLabel
   0028                     148 00104$:
                            149 ;	genRet
                            150 ;	genMove_o size 2 result type 2 source type 2 a_dead 1 hl_dead 1 de_dead 1 iy_dead 1 f_dead 1
   0028 5D            [ 4]  151 	ld	e, l
   0029 50            [ 4]  152 	ld	d, b
                            153 ;	genMove_o size 0 result type 2 source type 1 a_dead 1 hl_dead 1 de_dead 1 iy_dead 1 f_dead 1
                            154 ;	genLabel
                            155 ; common peephole 159 removed unused label 00101$.
                            156 ;cases/./../tests/gcc-torture-execute-pr42006.c:21: }
                            157 ;	genEndFunction
   002A C9            [10]  158 	ret
                            159 ;	Total my_shift function size at codegen: 1 bytes.
                            160 ;cases/./../tests/gcc-torture-execute-pr42006.c:23: static int func_4(unsigned int p_6)
                            161 ;	genLabel
                            162 ;	genFunction
                            163 ;	---------------------------------
                            164 ; Function func_4
                            165 ; ---------------------------------
                            166 ;	Register assignment might be sub-optimal.
                            167 ; Stack space usage: 6 bytes.
   002B                     168 _func_4:
   002B DD E5         [15]  169 	push	ix
   002D DD 21 00 00   [14]  170 	ld	ix,	#0
   0031 DD 39         [15]  171 	add	ix, sp
                            172 ;	adjustStack by -6
   0033 F5            [11]  173 	push	af
   0034 F5            [11]  174 	push	af
   0035 F5            [11]  175 	push	af
                            176 ;cases/./../tests/gcc-torture-execute-pr42006.c:26: for (p_6 = 1; p_6 < 3; p_6 = my_add(p_6, 1))
                            177 ;	genAssign
                            178 ;	genMove_o size 2 result type 6 source type 1 a_dead 1 hl_dead 1 de_dead 1 iy_dead 1 f_dead 1
   0036 DD 36 FC 01   [19]  179 	ld	-4 (ix), #0x01
   003A DD 36 FD 00   [19]  180 	ld	-3 (ix), #0
                            181 ; peephole 178 direct load zero constant to memory addressed by index register
                            182 ;	skipping iCode since result will be rematerialized
                            183 ;	skipping iCode since result will be rematerialized
                            184 ;	skipping iCode since result will be rematerialized
                            185 ;	genAssign
                            186 ;	genMove_o size 2 result type 6 source type 1 a_dead 1 hl_dead 1 de_dead 1 iy_dead 1 f_dead 1
   003E AF            [ 4]  187 	xor	a, a
   003F DD 77 FE      [19]  188 	ld	-2 (ix), a
   0042 DD 77 FF      [19]  189 	ld	-1 (ix), a
                            190 ;	genLabel
   0045                     191 00106$:
                            192 ;cases/./../tests/gcc-torture-execute-pr42006.c:28: if (count++ > 1)
                            193 ;	genAssign
                            194 ;	genMove_o size 2 result type 2 source type 6 a_dead 1 hl_dead 1 de_dead 1 iy_dead 1 f_dead 1
   0045 DD 4E FE      [19]  195 	ld	c, -2 (ix)
   0048 DD 46 FF      [19]  196 	ld	b, -1 (ix)
                            197 ;	genMove_o size 0 result type 2 source type 1 a_dead 1 hl_dead 1 de_dead 1 iy_dead 1 f_dead 1
                            198 ;	genPlus
   004B DD 34 FE      [23]  199 	inc	-2 (ix)
                            200 ; common peephole 163 changed absolute to relative conditional jump.
   004E 20 03         [12]  201 	jr	nz, 00142$
   0050 DD 34 FF      [23]  202 	inc	-1 (ix)
   0053                     203 00142$:
                            204 ;	genCmpGt
   0053 3E 01         [ 7]  205 	ld	a, #0x01
   0055 B9            [ 4]  206 	cp	a, c
   0056 3E 00         [ 7]  207 	ld	a, #0x00
   0058 98            [ 4]  208 	sbc	a, b
   0059 E2r5Es00      [10]  209 	jp	po, 00143$
   005C EE 80         [ 7]  210 	xor	a, #0x80
   005E                     211 00143$:
   005E F2r79s00      [10]  212 	jp	p, 00102$
                            213 ;	skipping generated iCode
                            214 ;cases/./../tests/gcc-torture-execute-pr42006.c:29: ASSERT (0);
                            215 ;	genPlus
                            216 ;	genMove_o size 2 result type 2 source type 10 a_dead 1 hl_dead 1 de_dead 1 iy_dead 1 f_dead 1
   0061 2Ar00s00      [16]  217 	ld	hl, (___numTests)
   0064 23            [ 6]  218 	inc	hl
                            219 ;	genMove_o size 2 result type 10 source type 2 a_dead 1 hl_dead 1 de_dead 1 iy_dead 1 f_dead 1
   0065 22r00s00      [16]  220 	ld	(___numTests), hl
                            221 ;	skipping iCode since result will be rematerialized
                            222 ;	skipping iCode since result will be rematerialized
                            223 ;	skipping iCode since result will be rematerialized
                            224 ;	genIpush
                            225 ;	genMove_o size 2 result type 2 source type 1 a_dead 1 hl_dead 1 de_dead 1 iy_dead 1 f_dead 1
   0068 21 1D 00      [10]  226 	ld	hl, #0x001d
   006B E5            [11]  227 	push	hl
                            228 ;	genIpush
                            229 ;	genMove_o size 2 result type 2 source type 7 a_dead 1 hl_dead 1 de_dead 1 iy_dead 1 f_dead 1
   006C 21rCCs00      [10]  230 	ld	hl, #__str_2
   006F E5            [11]  231 	push	hl
                            232 ;	genSend
                            233 ;	genMove_o size 2 result type 2 source type 7 a_dead 1 hl_dead 1 de_dead 1 iy_dead 1 f_dead 1
   0070 11rCAs00      [10]  234 	ld	de, #__str_1
                            235 ;	genSend
                            236 ;	genMove_o size 2 result type 2 source type 7 a_dead 1 hl_dead 1 de_dead 0 iy_dead 1 f_dead 1
   0073 21rB9s00      [10]  237 	ld	hl, #__str_0
                            238 ;	genCall
   0076 CDr00s00      [17]  239 	call	___fail
                            240 ;	genLabel
   0079                     241 00102$:
                            242 ;cases/./../tests/gcc-torture-execute-pr42006.c:31: if (my_shift(p_6, p_6))
                            243 ;	genSend
                            244 ;	genMove_o size 2 result type 2 source type 6 a_dead 1 hl_dead 1 de_dead 1 iy_dead 1 f_dead 1
   0079 E1            [10]  245 	pop	hl
   007A D1            [10]  246 	pop	de
   007B D5            [11]  247 	push	de
   007C E5            [11]  248 	push	hl
                            249 ;	genMove_o size 0 result type 2 source type 1 a_dead 1 hl_dead 1 de_dead 1 iy_dead 1 f_dead 1
                            250 ;	genSend
                            251 ;	genMove_o size 2 result type 2 source type 6 a_dead 1 hl_dead 1 de_dead 0 iy_dead 1 f_dead 1
   007D DD 6E FC      [19]  252 	ld	l, -4 (ix)
   0080 26 00         [ 7]  253 	ld	h, #0x00
                            254 ;	genMove_o size 0 result type 2 source type 1 a_dead 1 hl_dead 1 de_dead 0 iy_dead 1 f_dead 1
                            255 ;	genCall
   0082 CDr15s00      [17]  256 	call	_my_shift
                            257 ;	genMove_o size 2 result type 6 source type 2 a_dead 1 hl_dead 1 de_dead 1 iy_dead 1 f_dead 1
   0085 E1            [10]  258 	pop	hl
   0086 D5            [11]  259 	push	de
                            260 ;	genMove_o size 0 result type 6 source type 1 a_dead 1 hl_dead 1 de_dead 1 iy_dead 1 f_dead 1
                            261 ;	genIfx
   0087 DD 7E FB      [19]  262 	ld	a, -5 (ix)
   008A DD B6 FA      [19]  263 	or	a, -6 (ix)
                            264 ; common peephole 163 changed absolute to relative conditional jump.
   008D 28 05         [12]  265 	jr	z, 00107$
                            266 ;cases/./../tests/gcc-torture-execute-pr42006.c:32: return 0;
                            267 ;	genRet
                            268 ;	genMove_o size 2 result type 2 source type 1 a_dead 1 hl_dead 1 de_dead 1 iy_dead 1 f_dead 1
   008F 11 00 00      [10]  269 	ld	de, #0x0000
                            270 ; common peephole 162 changed absolute to relative unconditional jump.
   0092 18 20         [12]  271 	jr	00108$
                            272 ;	genLabel
   0094                     273 00107$:
                            274 ;cases/./../tests/gcc-torture-execute-pr42006.c:26: for (p_6 = 1; p_6 < 3; p_6 = my_add(p_6, 1))
                            275 ;	genSend
                            276 ;	genMove_o size 2 result type 2 source type 1 a_dead 1 hl_dead 1 de_dead 1 iy_dead 1 f_dead 1
   0094 11 01 00      [10]  277 	ld	de, #0x0001
                            278 ;	genSend
                            279 ;	genMove_o size 2 result type 2 source type 6 a_dead 1 hl_dead 1 de_dead 0 iy_dead 1 f_dead 1
   0097 DD 6E FC      [19]  280 	ld	l, -4 (ix)
   009A 26 00         [ 7]  281 	ld	h, #0x00
                            282 ;	genMove_o size 0 result type 2 source type 1 a_dead 1 hl_dead 1 de_dead 0 iy_dead 1 f_dead 1
                            283 ;	genCall
   009C CDr00s00      [17]  284 	call	_my_add
                            285 ;	genMove_o size 2 result type 6 source type 2 a_dead 1 hl_dead 1 de_dead 1 iy_dead 1 f_dead 1
   009F DD 73 FC      [19]  286 	ld	-4 (ix), e
   00A2 DD 72 FD      [19]  287 	ld	-3 (ix), d
                            288 ;	genMove_o size 0 result type 6 source type 1 a_dead 1 hl_dead 1 de_dead 1 iy_dead 1 f_dead 1
                            289 ;	genCmpLt
   00A5 DD 7E FC      [19]  290 	ld	a, -4 (ix)
   00A8 D6 03         [ 7]  291 	sub	a, #0x03
   00AA DD 7E FD      [19]  292 	ld	a, -3 (ix)
   00AD DE 00         [ 7]  293 	sbc	a, #0x00
                            294 ; common peephole 163 changed absolute to relative conditional jump.
   00AF 38 94         [12]  295 	jr	c, 00106$
                            296 ;	skipping generated iCode
                            297 ;cases/./../tests/gcc-torture-execute-pr42006.c:34: return 0;
                            298 ;	genRet
                            299 ;	genMove_o size 2 result type 2 source type 1 a_dead 1 hl_dead 1 de_dead 1 iy_dead 1 f_dead 1
   00B1 11 00 00      [10]  300 	ld	de, #0x0000
                            301 ;	genLabel
   00B4                     302 00108$:
                            303 ;cases/./../tests/gcc-torture-execute-pr42006.c:35: }
                            304 ;	genEndFunction
   00B4 DD F9         [10]  305 	ld	sp, ix
   00B6 DD E1         [14]  306 	pop	ix
   00B8 C9            [10]  307 	ret
                            308 ;	Total func_4 function size at codegen: 5 bytes.
   00B9                     309 __str_0:
   00B9 41 73 73 65 72 74   310 	.ascii "Assertion failed"
        69 6F 6E 20 66 61
        69 6C 65 64
   00C9 00                  311 	.db 0x00
   00CA                     312 __str_1:
   00CA 30                  313 	.ascii "0"
   00CB 00                  314 	.db 0x00
   00CC                     315 __str_2:
   00CC 63 61 73 65 73 2F   316 	.ascii "cases/./../tests/gcc-torture-execute-pr42006.c"
        2E 2F 2E 2E 2F 74
        65 73 74 73 2F 67
        63 63 2D 74 6F 72
        74 75 72 65 2D 65
        78 65 63 75 74 65
        2D 70 72 34 32 30
        30 36 2E 63
   00FA 00                  317 	.db 0x00
                            318 ;cases/./../tests/gcc-torture-execute-pr42006.c:38: testTortureExecute (void)
                            319 ;	genLabel
                            320 ;	genFunction
                            321 ;	---------------------------------
                            322 ; Function testTortureExecute
                            323 ; ---------------------------------
                            324 ;	Register assignment is optimal.
                            325 ; Stack space usage: 0 bytes.
   00FB                     326 _testTortureExecute::
                            327 ;cases/./../tests/gcc-torture-execute-pr42006.c:40: func_4(0);
                            328 ;	genSend
                            329 ;	genMove_o size 2 result type 2 source type 1 a_dead 1 hl_dead 1 de_dead 1 iy_dead 1 f_dead 1
   00FB 21 00 00      [10]  330 	ld	hl, #0x0000
                            331 ;	genCall
                            332 ;cases/./../tests/gcc-torture-execute-pr42006.c:41: return;
                            333 ;	genRet
                            334 ;	genLabel
                            335 ; common peephole 159 removed unused label 00101$.
                            336 ;cases/./../tests/gcc-torture-execute-pr42006.c:42: }
                            337 ;	genEndFunction
   00FE C3r2Bs00      [10]  338 	jp	_func_4
                            339 ; common peephole 152 removed unused ret.
                            340 ;	Total testTortureExecute function size at codegen: 1 bytes.
                            341 ;cases/tst_gcc-torture-execute-pr42006.c:4: __runSuite(void)
                            342 ;	genLabel
                            343 ;	genFunction
                            344 ;	---------------------------------
                            345 ; Function __runSuite
                            346 ; ---------------------------------
                            347 ;	Register assignment is optimal.
                            348 ; Stack space usage: 0 bytes.
   0101                     349 ___runSuite::
                            350 ;cases/tst_gcc-torture-execute-pr42006.c:6: __prints("Running testTortureExecute\n");
                            351 ;	skipping iCode since result will be rematerialized
                            352 ;	skipping iCode since result will be rematerialized
                            353 ;	genSend
                            354 ;	genMove_o size 2 result type 2 source type 7 a_dead 1 hl_dead 1 de_dead 1 iy_dead 1 f_dead 1
   0101 21r0As01      [10]  355 	ld	hl, #___str_3
                            356 ;	genCall
   0104 CDr00s00      [17]  357 	call	___prints
                            358 ;cases/tst_gcc-torture-execute-pr42006.c:7: testTortureExecute();
                            359 ;	genCall
                            360 ;	genLabel
                            361 ; common peephole 159 removed unused label 00101$.
                            362 ;cases/tst_gcc-torture-execute-pr42006.c:8: }
                            363 ;	genEndFunction
   0107 C3rFBs00      [10]  364 	jp	_testTortureExecute
                            365 ; common peephole 152 removed unused ret.
                            366 ;	Total __runSuite function size at codegen: 1 bytes.
   010A                     367 ___str_3:
   010A 52 75 6E 6E 69 6E   368 	.ascii "Running testTortureExecute"
        67 20 74 65 73 74
        54 6F 72 74 75 72
        65 45 78 65 63 75
        74 65
   0124 0A                  369 	.db 0x0a
   0125 00                  370 	.db 0x00
                            371 ;cases/tst_gcc-torture-execute-pr42006.c:13: __getSuiteName(void)
                            372 ;	genLabel
                            373 ;	genFunction
                            374 ;	---------------------------------
                            375 ; Function __getSuiteName
                            376 ; ---------------------------------
                            377 ;	Register assignment is optimal.
                            378 ; Stack space usage: 0 bytes.
   0126                     379 ___getSuiteName::
                            380 ;cases/tst_gcc-torture-execute-pr42006.c:15: return "gcc-torture-execute-pr42006.c";
                            381 ;	skipping iCode since result will be rematerialized
                            382 ;	skipping iCode since result will be rematerialized
                            383 ;	genRet
                            384 ;	genMove_o size 2 result type 2 source type 7 a_dead 1 hl_dead 1 de_dead 1 iy_dead 1 f_dead 1
   0126 11r2Cs01      [10]  385 	ld	de, #___str_4
                            386 ;	genLabel
                            387 ; common peephole 159 removed unused label 00101$.
                            388 ;cases/tst_gcc-torture-execute-pr42006.c:16: }
                            389 ;	genEndFunction
   0129 C9            [10]  390 	ret
                            391 ;	Total __getSuiteName function size at codegen: 1 bytes.
   012A                     392 ___numCases:
   012A 01 00               393 	.dw #0x0001
   012C                     394 ___str_4:
   012C 67 63 63 2D 74 6F   395 	.ascii "gcc-torture-execute-pr42006.c"
        72 74 75 72 65 2D
        65 78 65 63 75 74
        65 2D 70 72 34 32
        30 30 36 2E 63
   0149 00                  396 	.db 0x00
                            397 	.area _CODE (BANK=_CSEG)
                            398 	.area _INITIALIZER
                            399 	.area _CABS (ABS)
