                              1 ;--------------------------------------------------------
                              2 ; File Created by SDCC : free open source ISO C Compiler
                              3 ; Version 4.6.2 #16710 (Linux)
                              4 ;--------------------------------------------------------
                              5 	.module tst_gcc_torture_execute_931110_2
                              6 	
                              7 ;--------------------------------------------------------
                              8 ; Public variables in this module
                              9 ;--------------------------------------------------------
                             10 	.globl _testTortureExecute
                             11 	.globl ___prints
                             12 	.globl ___fail
                             13 	.globl ___numCases
                             14 	.globl ___runSuite
                             15 	.globl ___getSuiteName
                             16 ;--------------------------------------------------------
                             17 ; special function registers
                             18 ;--------------------------------------------------------
                             19 ;--------------------------------------------------------
                             20 ; ram data
                             21 ;--------------------------------------------------------
                             22 	.area _DATA (BANK=_DSEG)
   0000                      23 _testTortureExecute_a_10000_13:
   0000                      24 	.ds 4
                             25 ;--------------------------------------------------------
                             26 ; ram data
                             27 ;--------------------------------------------------------
                             28 	.area _INITIALIZED
                             29 ;--------------------------------------------------------
                             30 ; absolute ram data
                             31 ;--------------------------------------------------------
                             32 	.area _DABS (ABS)
                             33 	.area _DABS (ABS)
                             34 ;--------------------------------------------------------
                             35 ; global & static initialisations
                             36 ;--------------------------------------------------------
                             37 	.area _HOME
                             38 	.area _GSINIT
                             39 	.area _GSFINAL
                             40 	.area _GSINIT
                             41 ;cases/./../tests/gcc-torture-execute-931110-2.c:14: static int a[] = {3, 4};
                             42 ;	skipping iCode since result will be rematerialized
                             43 ;	genPointerSet
                             44 ;fetchPairLong
   0000 21 03 00      [10]   45 	ld	hl, #0x0003
   0003 22r00s00      [16]   46 	ld	(_testTortureExecute_a_10000_13), hl
                             47 ;	skipping iCode since result will be rematerialized
                             48 ;	genPointerSet
                             49 ;fetchPairLong
   0006 2E 04         [ 7]   50 	ld	l, #0x04
   0008 22r02s00      [16]   51 	ld	((_testTortureExecute_a_10000_13 + 2)), hl
                             52 ;--------------------------------------------------------
                             53 ; Home
                             54 ;--------------------------------------------------------
                             55 	.area _HOME (BANK=_CSEG)
                             56 	.area _HOME (BANK=_CSEG)
                             57 ;--------------------------------------------------------
                             58 ; code
                             59 ;--------------------------------------------------------
                             60 	.area _CODE (BANK=_CSEG)
                             61 ;cases/./../tests/gcc-torture-execute-931110-2.c:12: testTortureExecute (void)
                             62 ;	genLabel
                             63 ;	genFunction
                             64 ;	---------------------------------
                             65 ; Function testTortureExecute
                             66 ; ---------------------------------
                             67 ;	Register assignment might be sub-optimal.
                             68 ; Stack space usage: 0 bytes.
   0000                      69 _testTortureExecute::
                             70 ;cases/./../tests/gcc-torture-execute-931110-2.c:18: b = a;
                             71 ;	skipping iCode since result will be rematerialized
                             72 ;	skipping iCode since result will be rematerialized
                             73 ;cases/./../tests/gcc-torture-execute-931110-2.c:19: c = *b++ % 8;
                             74 ;	genPointerGet
   0000 2Ar00s00      [16]   75 	ld	hl, (#_testTortureExecute_a_10000_13 + 0)
                             76 ;	genSend
                             77 ;	genMove_o size 2 result type 2 source type 1 a_dead 1 hl_dead 0 de_dead 1 iy_dead 1 f_dead 1
   0003 11 08 00      [10]   78 	ld	de, #0x0008
                             79 ;	genSend
                             80 ;	genMove_o size 2 result type 2 source type 2 a_dead 1 hl_dead 1 de_dead 0 iy_dead 1 f_dead 1
                             81 ;cases/./../tests/gcc-torture-execute-931110-2.c:20: if (c != 3)
                             82 ;	genCall
   0006 CDr00s00      [17]   83 	call	__modsint
                             84 ;	genMove_o size 2 result type 2 source type 2 a_dead 1 hl_dead 1 de_dead 1 iy_dead 1 f_dead 1
                             85 ;	genCmpEq
                             86 ;	genMove_o size 1 result type 2 source type 2 a_dead 1 hl_dead 1 de_dead 0 iy_dead 0 f_dead 1
   0009 7B            [ 4]   87 	ld	a, e
                             88 ;	genMove_o size 0 result type 2 source type 1 a_dead 1 hl_dead 1 de_dead 0 iy_dead 0 f_dead 1
   000A D6 03         [ 7]   89 	sub	a, #0x03
   000C B2            [ 4]   90 	or	a, d
   000D C8            [11]   91 	ret	z
                             92 ; common peephole 161 replaced jump by return.
                             93 ; common peephole 81 removed jp by using inverse jump logic
                             94 ; common peephole 159 removed unused label 00113$.
                             95 ;	skipping generated iCode
                             96 ;cases/./../tests/gcc-torture-execute-931110-2.c:21: ASSERT (0);
                             97 ;	genPlus
                             98 ;	genMove_o size 2 result type 2 source type 10 a_dead 1 hl_dead 1 de_dead 1 iy_dead 1 f_dead 1
   000E 2Ar00s00      [16]   99 	ld	hl, (___numTests)
   0011 23            [ 6]  100 	inc	hl
                            101 ;	genMove_o size 2 result type 10 source type 2 a_dead 1 hl_dead 1 de_dead 1 iy_dead 1 f_dead 1
   0012 22r00s00      [16]  102 	ld	(___numTests), hl
                            103 ;	skipping iCode since result will be rematerialized
                            104 ;	skipping iCode since result will be rematerialized
                            105 ;	skipping iCode since result will be rematerialized
                            106 ;	skipping iCode since result will be rematerialized
                            107 ;	skipping iCode since result will be rematerialized
                            108 ;	skipping iCode since result will be rematerialized
                            109 ;	genIpush
                            110 ;	genMove_o size 2 result type 2 source type 1 a_dead 1 hl_dead 1 de_dead 1 iy_dead 1 f_dead 1
   0015 21 15 00      [10]  111 	ld	hl, #0x0015
   0018 E5            [11]  112 	push	hl
                            113 ;	genIpush
                            114 ;	genMove_o size 2 result type 2 source type 7 a_dead 1 hl_dead 1 de_dead 1 iy_dead 1 f_dead 1
   0019 21r3As00      [10]  115 	ld	hl, #__str_2
   001C E5            [11]  116 	push	hl
                            117 ;	genSend
                            118 ;	genMove_o size 2 result type 2 source type 7 a_dead 1 hl_dead 1 de_dead 1 iy_dead 1 f_dead 1
   001D 11r38s00      [10]  119 	ld	de, #__str_1
                            120 ;	genSend
                            121 ;	genMove_o size 2 result type 2 source type 7 a_dead 1 hl_dead 1 de_dead 0 iy_dead 1 f_dead 1
   0020 21r27s00      [10]  122 	ld	hl, #__str_0
                            123 ;	genCall
   0023 CDr00s00      [17]  124 	call	___fail
                            125 ;	genLabel
                            126 ; common peephole 159 removed unused label 00102$.
                            127 ;cases/./../tests/gcc-torture-execute-931110-2.c:22: return;
                            128 ;	genRet
                            129 ;	genLabel
                            130 ; common peephole 159 removed unused label 00103$.
                            131 ;cases/./../tests/gcc-torture-execute-931110-2.c:23: }
                            132 ;	genEndFunction
   0026 C9            [10]  133 	ret
                            134 ;	Total testTortureExecute function size at codegen: 1 bytes.
   0027                     135 __str_0:
   0027 41 73 73 65 72 74   136 	.ascii "Assertion failed"
        69 6F 6E 20 66 61
        69 6C 65 64
   0037 00                  137 	.db 0x00
   0038                     138 __str_1:
   0038 30                  139 	.ascii "0"
   0039 00                  140 	.db 0x00
   003A                     141 __str_2:
   003A 63 61 73 65 73 2F   142 	.ascii "cases/./../tests/gcc-torture-execute-931110-2.c"
        2E 2F 2E 2E 2F 74
        65 73 74 73 2F 67
        63 63 2D 74 6F 72
        74 75 72 65 2D 65
        78 65 63 75 74 65
        2D 39 33 31 31 31
        30 2D 32 2E 63
   0069 00                  143 	.db 0x00
                            144 ;cases/tst_gcc-torture-execute-931110-2.c:4: __runSuite(void)
                            145 ;	genLabel
                            146 ;	genFunction
                            147 ;	---------------------------------
                            148 ; Function __runSuite
                            149 ; ---------------------------------
                            150 ;	Register assignment is optimal.
                            151 ; Stack space usage: 0 bytes.
   006A                     152 ___runSuite::
                            153 ;cases/tst_gcc-torture-execute-931110-2.c:6: __prints("Running testTortureExecute\n");
                            154 ;	skipping iCode since result will be rematerialized
                            155 ;	skipping iCode since result will be rematerialized
                            156 ;	genSend
                            157 ;	genMove_o size 2 result type 2 source type 7 a_dead 1 hl_dead 1 de_dead 1 iy_dead 1 f_dead 1
   006A 21r73s00      [10]  158 	ld	hl, #___str_3
                            159 ;	genCall
   006D CDr00s00      [17]  160 	call	___prints
                            161 ;cases/tst_gcc-torture-execute-931110-2.c:7: testTortureExecute();
                            162 ;	genCall
                            163 ;	genLabel
                            164 ; common peephole 159 removed unused label 00101$.
                            165 ;cases/tst_gcc-torture-execute-931110-2.c:8: }
                            166 ;	genEndFunction
   0070 C3r00s00      [10]  167 	jp	_testTortureExecute
                            168 ; common peephole 152 removed unused ret.
                            169 ;	Total __runSuite function size at codegen: 1 bytes.
   0073                     170 ___str_3:
   0073 52 75 6E 6E 69 6E   171 	.ascii "Running testTortureExecute"
        67 20 74 65 73 74
        54 6F 72 74 75 72
        65 45 78 65 63 75
        74 65
   008D 0A                  172 	.db 0x0a
   008E 00                  173 	.db 0x00
                            174 ;cases/tst_gcc-torture-execute-931110-2.c:13: __getSuiteName(void)
                            175 ;	genLabel
                            176 ;	genFunction
                            177 ;	---------------------------------
                            178 ; Function __getSuiteName
                            179 ; ---------------------------------
                            180 ;	Register assignment is optimal.
                            181 ; Stack space usage: 0 bytes.
   008F                     182 ___getSuiteName::
                            183 ;cases/tst_gcc-torture-execute-931110-2.c:15: return "gcc-torture-execute-931110-2.c";
                            184 ;	skipping iCode since result will be rematerialized
                            185 ;	skipping iCode since result will be rematerialized
                            186 ;	genRet
                            187 ;	genMove_o size 2 result type 2 source type 7 a_dead 1 hl_dead 1 de_dead 1 iy_dead 1 f_dead 1
   008F 11r95s00      [10]  188 	ld	de, #___str_4
                            189 ;	genLabel
                            190 ; common peephole 159 removed unused label 00101$.
                            191 ;cases/tst_gcc-torture-execute-931110-2.c:16: }
                            192 ;	genEndFunction
   0092 C9            [10]  193 	ret
                            194 ;	Total __getSuiteName function size at codegen: 1 bytes.
   0093                     195 ___numCases:
   0093 01 00               196 	.dw #0x0001
   0095                     197 ___str_4:
   0095 67 63 63 2D 74 6F   198 	.ascii "gcc-torture-execute-931110-2.c"
        72 74 75 72 65 2D
        65 78 65 63 75 74
        65 2D 39 33 31 31
        31 30 2D 32 2E 63
   00B3 00                  199 	.db 0x00
                            200 	.area _CODE (BANK=_CSEG)
                            201 	.area _INITIALIZER
                            202 	.area _CABS (ABS)
