                              1 ;--------------------------------------------------------
                              2 ; File Created by SDCC : free open source ISO C Compiler
                              3 ; Version 4.6.2 #16710 (Linux)
                              4 ;--------------------------------------------------------
                              5 	.module tst_gcc_torture_execute_20120817_1
                              6 	
                              7 ;--------------------------------------------------------
                              8 ; Public variables in this module
                              9 ;--------------------------------------------------------
                             10 	.globl _testTortureExecute
                             11 	.globl ___prints
                             12 	.globl ___fail
                             13 	.globl _foo
                             14 	.globl ___numCases
                             15 	.globl _f
                             16 	.globl ___runSuite
                             17 	.globl ___getSuiteName
                             18 ;--------------------------------------------------------
                             19 ; special function registers
                             20 ;--------------------------------------------------------
                             21 ;--------------------------------------------------------
                             22 ; ram data
                             23 ;--------------------------------------------------------
                             24 	.area _DATA (BANK=_DSEG)
                             25 ;--------------------------------------------------------
                             26 ; ram data
                             27 ;--------------------------------------------------------
                             28 	.area _INITIALIZED
   0000                      29 _foo::
   0000                      30 	.ds 4
                             31 ;--------------------------------------------------------
                             32 ; absolute ram data
                             33 ;--------------------------------------------------------
                             34 	.area _DABS (ABS)
                             35 	.area _DABS (ABS)
                             36 ;--------------------------------------------------------
                             37 ; global & static initialisations
                             38 ;--------------------------------------------------------
                             39 	.area _HOME
                             40 	.area _GSINIT
                             41 	.area _GSFINAL
                             42 	.area _GSINIT
                             43 ;--------------------------------------------------------
                             44 ; Home
                             45 ;--------------------------------------------------------
                             46 	.area _HOME (BANK=_CSEG)
                             47 	.area _HOME (BANK=_CSEG)
                             48 ;--------------------------------------------------------
                             49 ; code
                             50 ;--------------------------------------------------------
                             51 	.area _CODE (BANK=_CSEG)
                             52 ;cases/./../tests/gcc-torture-execute-20120817-1.c:16: u64 f() {
                             53 ;	genLabel
                             54 ;	genFunction
                             55 ;	---------------------------------
                             56 ; Function f
                             57 ; ---------------------------------
                             58 ;	Register assignment is optimal.
                             59 ; Stack space usage: 8 bytes.
   0000                      60 _f::
                             61 ;	adjustStack by -8
   0000 21 F8 FF      [10]   62 	ld	hl, #-8
   0003 39            [11]   63 	add	hl, sp
   0004 F9            [ 6]   64 	ld	sp, hl
                             65 ;cases/./../tests/gcc-torture-execute-20120817-1.c:17: return ((u64)40) + ((u64) 24) * (int)(foo - 1);
                             66 ;	genCast
                             67 ;	genMove_o size 2 result type 2 source type 10 a_dead 1 hl_dead 1 de_dead 1 iy_dead 1 f_dead 1
   0005 ED 4Br00s00   [20]   68 	ld	bc, (_foo)
                             69 ;	genMinus
   0009 0B            [ 6]   70 	dec	bc
                             71 ;	genCast
                             72 ;	genMove_o size 1 result type 12 source type 2 a_dead 1 hl_dead 1 de_dead 1 iy_dead 1 f_dead 1
   000A FD 21 00 00   [14]   73 	ld	iy, #0
   000E FD 39         [15]   74 	add	iy, sp
   0010 FD 71 00      [19]   75 	ld	0 (iy), c
                             76 ;	genMove_o size 0 result type 12 source type 1 a_dead 1 hl_dead 1 de_dead 1 iy_dead 1 f_dead 1
                             77 ;	genMove_o size 1 result type 2 source type 2 a_dead 1 hl_dead 1 de_dead 1 iy_dead 1 f_dead 1
   0013 78            [ 4]   78 	ld	a, b
                             79 ;	genMove_o size 0 result type 2 source type 1 a_dead 1 hl_dead 1 de_dead 1 iy_dead 1 f_dead 1
   0014 FD 77 01      [19]   80 	ld	1 (iy), a
   0017 07            [ 4]   81 	rlca
   0018 9F            [ 4]   82 	sbc	a, a
   0019 FD 77 02      [19]   83 	ld	2 (iy), a
   001C FD 77 03      [19]   84 	ld	3 (iy), a
   001F FD 77 04      [19]   85 	ld	4 (iy), a
   0022 FD 77 05      [19]   86 	ld	5 (iy), a
   0025 FD 77 06      [19]   87 	ld	6 (iy), a
   0028 FD 77 07      [19]   88 	ld	7 (iy), a
                             89 ;	genIpush
                             90 ;	genMove_o size 2 result type 2 source type 12 a_dead 1 hl_dead 1 de_dead 1 iy_dead 1 f_dead 1
   002B FD 6E 06      [19]   91 	ld	l, 6 (iy)
                             92 ; common peephole 14 loaded 6 (iy) into l directly instead of going through a.
   002E FD 66 07      [19]   93 	ld	h, 7 (iy)
                             94 ;	genMove_o size 0 result type 2 source type 1 a_dead 1 hl_dead 1 de_dead 1 iy_dead 1 f_dead 1
   0031 E5            [11]   95 	push	hl
                             96 ;	genMove_o size 2 result type 2 source type 12 a_dead 1 hl_dead 1 de_dead 1 iy_dead 1 f_dead 1
   0032 FD 6E 04      [19]   97 	ld	l, 4 (iy)
                             98 ; common peephole 14 loaded 4 (iy) into l directly instead of going through a.
   0035 FD 66 05      [19]   99 	ld	h, 5 (iy)
                            100 ;	genMove_o size 0 result type 2 source type 1 a_dead 1 hl_dead 1 de_dead 1 iy_dead 1 f_dead 1
   0038 E5            [11]  101 	push	hl
                            102 ;	genMove_o size 2 result type 2 source type 12 a_dead 1 hl_dead 1 de_dead 1 iy_dead 1 f_dead 1
   0039 FD 6E 02      [19]  103 	ld	l, 2 (iy)
                            104 ; common peephole 14 loaded 2 (iy) into l directly instead of going through a.
   003C FD 66 03      [19]  105 	ld	h, 3 (iy)
                            106 ;	genMove_o size 0 result type 2 source type 1 a_dead 1 hl_dead 1 de_dead 1 iy_dead 1 f_dead 1
   003F E5            [11]  107 	push	hl
                            108 ;	genMove_o size 2 result type 2 source type 12 a_dead 1 hl_dead 1 de_dead 1 iy_dead 1 f_dead 1
   0040 FD 6E 00      [19]  109 	ld	l, 0 (iy)
                            110 ; common peephole 14 loaded 0 (iy) into l directly instead of going through a.
   0043 FD 66 01      [19]  111 	ld	h, 1 (iy)
                            112 ;	genMove_o size 0 result type 2 source type 1 a_dead 1 hl_dead 1 de_dead 1 iy_dead 1 f_dead 1
   0046 E5            [11]  113 	push	hl
                            114 ;	genIpush
                            115 ;	genMove_o size 2 result type 2 source type 1 a_dead 1 hl_dead 1 de_dead 1 iy_dead 1 f_dead 1
   0047 21 00 00      [10]  116 	ld	hl, #0x0000
   004A E5            [11]  117 	push	hl
                            118 ;	genMove_o size 2 result type 2 source type 1 a_dead 1 hl_dead 1 de_dead 1 iy_dead 1 f_dead 1
   004B E5            [11]  119 	push	hl
                            120 ;	genMove_o size 2 result type 2 source type 1 a_dead 1 hl_dead 1 de_dead 1 iy_dead 1 f_dead 1
   004C E5            [11]  121 	push	hl
                            122 ;	genMove_o size 2 result type 2 source type 1 a_dead 1 hl_dead 1 de_dead 1 iy_dead 1 f_dead 1
   004D 2E 18         [ 7]  123 	ld	l, #0x18
   004F E5            [11]  124 	push	hl
                            125 ;	genCall
   0050 21 10 00      [10]  126 	ld	hl, #0x0010
   0053 39            [11]  127 	add	hl, sp
   0054 E5            [11]  128 	push	hl
   0055 CDr00s00      [17]  129 	call	__mullonglong
                            130 ;	adjustStack by 18
   0058 21 12 00      [10]  131 	ld	hl, #18
   005B 39            [11]  132 	add	hl, sp
   005C F9            [ 6]  133 	ld	sp, hl
                            134 ;	genPlus
   005D FD 21 00 00   [14]  135 	ld	iy, #0
   0061 FD 39         [15]  136 	add	iy, sp
   0063 FD 7E 00      [19]  137 	ld	a, 0 (iy)
   0066 C6 28         [ 7]  138 	add	a, #0x28
   0068 FD 77 00      [19]  139 	ld	0 (iy), a
   006B FD 7E 01      [19]  140 	ld	a, 1 (iy)
   006E CE 00         [ 7]  141 	adc	a, #0x00
   0070 FD 77 01      [19]  142 	ld	1 (iy), a
   0073 FD 7E 02      [19]  143 	ld	a, 2 (iy)
   0076 CE 00         [ 7]  144 	adc	a, #0x00
   0078 FD 77 02      [19]  145 	ld	2 (iy), a
   007B FD 7E 03      [19]  146 	ld	a, 3 (iy)
   007E CE 00         [ 7]  147 	adc	a, #0x00
   0080 FD 77 03      [19]  148 	ld	3 (iy), a
   0083 FD 7E 04      [19]  149 	ld	a, 4 (iy)
   0086 CE 00         [ 7]  150 	adc	a, #0x00
   0088 FD 77 04      [19]  151 	ld	4 (iy), a
   008B FD 7E 05      [19]  152 	ld	a, 5 (iy)
   008E CE 00         [ 7]  153 	adc	a, #0x00
   0090 FD 77 05      [19]  154 	ld	5 (iy), a
   0093 FD 7E 06      [19]  155 	ld	a, 6 (iy)
   0096 CE 00         [ 7]  156 	adc	a, #0x00
   0098 FD 77 06      [19]  157 	ld	6 (iy), a
   009B FD 7E 07      [19]  158 	ld	a, 7 (iy)
   009E CE 00         [ 7]  159 	adc	a, #0x00
   00A0 FD 77 07      [19]  160 	ld	7 (iy), a
                            161 ;	genRet
   00A3 21 0A 00      [10]  162 	ld	hl, #10
   00A6 39            [11]  163 	add	hl, sp
   00A7 5E            [ 7]  164 	ld	e, (hl)
   00A8 23            [ 6]  165 	inc	hl
   00A9 56            [ 7]  166 	ld	d, (hl)
   00AA 21 00 00      [10]  167 	ld	hl, #0
   00AD 39            [11]  168 	add	hl, sp
   00AE 01 08 00      [10]  169 	ld	bc, #8
   00B1 ED B0         [21]  170 	ldir
                            171 ;	genLabel
                            172 ; common peephole 159 removed unused label 00101$.
                            173 ;cases/./../tests/gcc-torture-execute-20120817-1.c:18: }
                            174 ;	genEndFunction
                            175 ;	adjustStack by 8
   00B3 F1            [10]  176 	pop	af
   00B4 F1            [10]  177 	pop	af
   00B5 F1            [10]  178 	pop	af
   00B6 F1            [10]  179 	pop	af
   00B7 C9            [10]  180 	ret
                            181 ;	Total f function size at codegen: 13 bytes.
                            182 ;cases/./../tests/gcc-torture-execute-20120817-1.c:22: testTortureExecute (void)
                            183 ;	genLabel
                            184 ;	genFunction
                            185 ;	---------------------------------
                            186 ; Function testTortureExecute
                            187 ; ---------------------------------
                            188 ;	Register assignment might be sub-optimal.
                            189 ; Stack space usage: 8 bytes.
   00B8                     190 _testTortureExecute::
   00B8 DD E5         [15]  191 	push	ix
   00BA DD 21 00 00   [14]  192 	ld	ix,	#0
   00BE DD 39         [15]  193 	add	ix, sp
                            194 ;	adjustStack by -8
   00C0 21 F8 FF      [10]  195 	ld	hl, #-8
   00C3 39            [11]  196 	add	hl, sp
   00C4 F9            [ 6]  197 	ld	sp, hl
                            198 ;cases/./../tests/gcc-torture-execute-20120817-1.c:25: if (f () != 16)
                            199 ;	genCall
   00C5 21 00 00      [10]  200 	ld	hl, #0x0000
   00C8 39            [11]  201 	add	hl, sp
   00C9 E5            [11]  202 	push	hl
   00CA CDr00s00      [17]  203 	call	_f
                            204 ;	adjustStack by 2
   00CD F1            [10]  205 	pop	af
                            206 ;	genCmpEq
                            207 ;	genMove_o size 1 result type 2 source type 6 a_dead 1 hl_dead 1 de_dead 0 iy_dead 0 f_dead 1
   00CE DD 7E F8      [19]  208 	ld	a, -8 (ix)
                            209 ;	genMove_o size 0 result type 2 source type 1 a_dead 1 hl_dead 1 de_dead 0 iy_dead 0 f_dead 1
   00D1 D6 10         [ 7]  210 	sub	a, #0x10
   00D3 DD B6 F9      [19]  211 	or	a, -7 (ix)
   00D6 DD B6 FA      [19]  212 	or	a, -6 (ix)
   00D9 DD B6 FB      [19]  213 	or	a, -5 (ix)
   00DC DD B6 FC      [19]  214 	or	a, -4 (ix)
   00DF DD B6 FD      [19]  215 	or	a, -3 (ix)
   00E2 DD B6 FE      [19]  216 	or	a, -2 (ix)
   00E5 DD B6 FF      [19]  217 	or	a, -1 (ix)
                            218 ; common peephole 163 changed absolute to relative conditional jump.
   00E8 28 18         [12]  219 	jr	z, 00103$
                            220 ; common peephole 81 removed jp by using inverse jump logic
                            221 ; common peephole 159 removed unused label 00113$.
                            222 ;	skipping generated iCode
                            223 ;cases/./../tests/gcc-torture-execute-20120817-1.c:26: ASSERT (0);
                            224 ;	genPlus
                            225 ;	genMove_o size 2 result type 2 source type 10 a_dead 1 hl_dead 1 de_dead 1 iy_dead 1 f_dead 1
   00EA 2Ar00s00      [16]  226 	ld	hl, (___numTests)
   00ED 23            [ 6]  227 	inc	hl
                            228 ;	genMove_o size 2 result type 10 source type 2 a_dead 1 hl_dead 1 de_dead 1 iy_dead 1 f_dead 1
   00EE 22r00s00      [16]  229 	ld	(___numTests), hl
                            230 ;	skipping iCode since result will be rematerialized
                            231 ;	skipping iCode since result will be rematerialized
                            232 ;	skipping iCode since result will be rematerialized
                            233 ;	skipping iCode since result will be rematerialized
                            234 ;	skipping iCode since result will be rematerialized
                            235 ;	skipping iCode since result will be rematerialized
                            236 ;	genIpush
                            237 ;	genMove_o size 2 result type 2 source type 1 a_dead 1 hl_dead 1 de_dead 1 iy_dead 1 f_dead 1
   00F1 21 1A 00      [10]  238 	ld	hl, #0x001a
   00F4 E5            [11]  239 	push	hl
                            240 ;	genIpush
                            241 ;	genMove_o size 2 result type 2 source type 7 a_dead 1 hl_dead 1 de_dead 1 iy_dead 1 f_dead 1
   00F5 21r1As01      [10]  242 	ld	hl, #__str_2
   00F8 E5            [11]  243 	push	hl
                            244 ;	genSend
                            245 ;	genMove_o size 2 result type 2 source type 7 a_dead 1 hl_dead 1 de_dead 1 iy_dead 1 f_dead 1
   00F9 11r18s01      [10]  246 	ld	de, #__str_1
                            247 ;	genSend
                            248 ;	genMove_o size 2 result type 2 source type 7 a_dead 1 hl_dead 1 de_dead 0 iy_dead 1 f_dead 1
   00FC 21r07s01      [10]  249 	ld	hl, #__str_0
                            250 ;	genCall
   00FF CDr00s00      [17]  251 	call	___fail
                            252 ;	genLabel
   0102                     253 00103$:
                            254 ;cases/./../tests/gcc-torture-execute-20120817-1.c:28: }
                            255 ;	genEndFunction
   0102 DD F9         [10]  256 	ld	sp, ix
   0104 DD E1         [14]  257 	pop	ix
   0106 C9            [10]  258 	ret
                            259 ;	Total testTortureExecute function size at codegen: 5 bytes.
   0107                     260 __str_0:
   0107 41 73 73 65 72 74   261 	.ascii "Assertion failed"
        69 6F 6E 20 66 61
        69 6C 65 64
   0117 00                  262 	.db 0x00
   0118                     263 __str_1:
   0118 30                  264 	.ascii "0"
   0119 00                  265 	.db 0x00
   011A                     266 __str_2:
   011A 63 61 73 65 73 2F   267 	.ascii "cases/./../tests/gcc-torture-execute-20120817-1.c"
        2E 2F 2E 2E 2F 74
        65 73 74 73 2F 67
        63 63 2D 74 6F 72
        74 75 72 65 2D 65
        78 65 63 75 74 65
        2D 32 30 31 32 30
        38 31 37 2D 31 2E
        63
   014B 00                  268 	.db 0x00
                            269 ;cases/tst_gcc-torture-execute-20120817-1.c:4: __runSuite(void)
                            270 ;	genLabel
                            271 ;	genFunction
                            272 ;	---------------------------------
                            273 ; Function __runSuite
                            274 ; ---------------------------------
                            275 ;	Register assignment is optimal.
                            276 ; Stack space usage: 0 bytes.
   014C                     277 ___runSuite::
                            278 ;cases/tst_gcc-torture-execute-20120817-1.c:6: __prints("Running testTortureExecute\n");
                            279 ;	skipping iCode since result will be rematerialized
                            280 ;	skipping iCode since result will be rematerialized
                            281 ;	genSend
                            282 ;	genMove_o size 2 result type 2 source type 7 a_dead 1 hl_dead 1 de_dead 1 iy_dead 1 f_dead 1
   014C 21r55s01      [10]  283 	ld	hl, #___str_3
                            284 ;	genCall
   014F CDr00s00      [17]  285 	call	___prints
                            286 ;cases/tst_gcc-torture-execute-20120817-1.c:7: testTortureExecute();
                            287 ;	genCall
                            288 ;	genLabel
                            289 ; common peephole 159 removed unused label 00101$.
                            290 ;cases/tst_gcc-torture-execute-20120817-1.c:8: }
                            291 ;	genEndFunction
   0152 C3rB8s00      [10]  292 	jp	_testTortureExecute
                            293 ; common peephole 152 removed unused ret.
                            294 ;	Total __runSuite function size at codegen: 1 bytes.
   0155                     295 ___str_3:
   0155 52 75 6E 6E 69 6E   296 	.ascii "Running testTortureExecute"
        67 20 74 65 73 74
        54 6F 72 74 75 72
        65 45 78 65 63 75
        74 65
   016F 0A                  297 	.db 0x0a
   0170 00                  298 	.db 0x00
                            299 ;cases/tst_gcc-torture-execute-20120817-1.c:13: __getSuiteName(void)
                            300 ;	genLabel
                            301 ;	genFunction
                            302 ;	---------------------------------
                            303 ; Function __getSuiteName
                            304 ; ---------------------------------
                            305 ;	Register assignment is optimal.
                            306 ; Stack space usage: 0 bytes.
   0171                     307 ___getSuiteName::
                            308 ;cases/tst_gcc-torture-execute-20120817-1.c:15: return "gcc-torture-execute-20120817-1.c";
                            309 ;	skipping iCode since result will be rematerialized
                            310 ;	skipping iCode since result will be rematerialized
                            311 ;	genRet
                            312 ;	genMove_o size 2 result type 2 source type 7 a_dead 1 hl_dead 1 de_dead 1 iy_dead 1 f_dead 1
   0171 11r77s01      [10]  313 	ld	de, #___str_4
                            314 ;	genLabel
                            315 ; common peephole 159 removed unused label 00101$.
                            316 ;cases/tst_gcc-torture-execute-20120817-1.c:16: }
                            317 ;	genEndFunction
   0174 C9            [10]  318 	ret
                            319 ;	Total __getSuiteName function size at codegen: 1 bytes.
   0175                     320 ___numCases:
   0175 01 00               321 	.dw #0x0001
   0177                     322 ___str_4:
   0177 67 63 63 2D 74 6F   323 	.ascii "gcc-torture-execute-20120817-1.c"
        72 74 75 72 65 2D
        65 78 65 63 75 74
        65 2D 32 30 31 32
        30 38 31 37 2D 31
        2E 63
   0197 00                  324 	.db 0x00
                            325 	.area _CODE (BANK=_CSEG)
                            326 	.area _INITIALIZER
   0000                     327 __xinit__foo:
   0000 00 00 00 00         328 	.byte #0x00, #0x00, #0x00, #0x00	; 0
                            329 	.area _CABS (ABS)
