                              1 ;--------------------------------------------------------
                              2 ; File Created by SDCC : free open source ISO C Compiler
                              3 ; Version 4.6.2 #16710 (Linux)
                              4 ;--------------------------------------------------------
                              5 	.module tst_bug_2687
                              6 	
                              7 ;--------------------------------------------------------
                              8 ; Public variables in this module
                              9 ;--------------------------------------------------------
                             10 	.globl _testBug
                             11 	.globl ___prints
                             12 	.globl ___numCases
                             13 	.globl ___runSuite
                             14 	.globl ___getSuiteName
                             15 ;--------------------------------------------------------
                             16 ; special function registers
                             17 ;--------------------------------------------------------
                             18 ;--------------------------------------------------------
                             19 ; ram data
                             20 ;--------------------------------------------------------
                             21 	.area _DATA (BANK=_DSEG)
                             22 ;--------------------------------------------------------
                             23 ; ram data
                             24 ;--------------------------------------------------------
                             25 	.area _INITIALIZED
                             26 ;--------------------------------------------------------
                             27 ; absolute ram data
                             28 ;--------------------------------------------------------
                             29 	.area _DABS (ABS)
                             30 	.area _DABS (ABS)
                             31 ;--------------------------------------------------------
                             32 ; global & static initialisations
                             33 ;--------------------------------------------------------
                             34 	.area _HOME
                             35 	.area _GSINIT
                             36 	.area _GSFINAL
                             37 	.area _GSINIT
                             38 ;--------------------------------------------------------
                             39 ; Home
                             40 ;--------------------------------------------------------
                             41 	.area _HOME (BANK=_CSEG)
                             42 	.area _HOME (BANK=_CSEG)
                             43 ;--------------------------------------------------------
                             44 ; code
                             45 ;--------------------------------------------------------
                             46 	.area _CODE (BANK=_CSEG)
                             47 ;cases/./../tests/bug-2687.c:13: void testBug(void)
                             48 ;	genLabel
                             49 ;	genFunction
                             50 ;	---------------------------------
                             51 ; Function testBug
                             52 ; ---------------------------------
                             53 ;	Register assignment is optimal.
                             54 ; Stack space usage: 0 bytes.
   0000                      55 _testBug::
                             56 ;cases/./../tests/bug-2687.c:15: ASSERT(0x7fffu == (unsigned int)(0x7fff));
                             57 ;	genPlus
                             58 ;	genMove_o size 2 result type 2 source type 10 a_dead 1 hl_dead 1 de_dead 1 iy_dead 1 f_dead 1
   0000 2Ar00s00      [16]   59 	ld	hl, (___numTests)
   0003 23            [ 6]   60 	inc	hl
                             61 ;	genMove_o size 2 result type 10 source type 2 a_dead 1 hl_dead 1 de_dead 1 iy_dead 1 f_dead 1
                             62 ;cases/./../tests/bug-2687.c:16: ASSERT(TYPEOF(0x7fffu) == TYPE_UINT);
                             63 ;	genPlus
                             64 ;	genMove_o size 2 result type 2 source type 10 a_dead 1 hl_dead 1 de_dead 1 iy_dead 1 f_dead 1
                             65 ; common peephole 9b reused value still in hl.
   0004 22r00s00      [16]   66 	ld	(___numTests), hl
   0007 23            [ 6]   67 	inc	hl
                             68 ;	genMove_o size 2 result type 10 source type 2 a_dead 1 hl_dead 1 de_dead 1 iy_dead 1 f_dead 1
                             69 ;cases/./../tests/bug-2687.c:17: ASSERT(0xffffu == (unsigned int)(0xffff));
                             70 ;	genPlus
                             71 ;	genMove_o size 2 result type 2 source type 10 a_dead 1 hl_dead 1 de_dead 1 iy_dead 1 f_dead 1
                             72 ; common peephole 9b reused value still in hl.
   0008 22r00s00      [16]   73 	ld	(___numTests), hl
   000B 23            [ 6]   74 	inc	hl
                             75 ;	genMove_o size 2 result type 10 source type 2 a_dead 1 hl_dead 1 de_dead 1 iy_dead 1 f_dead 1
                             76 ;cases/./../tests/bug-2687.c:18: ASSERT(TYPEOF(0xffffu) == TYPE_UINT);
                             77 ;	genPlus
                             78 ;	genMove_o size 2 result type 2 source type 10 a_dead 1 hl_dead 1 de_dead 1 iy_dead 1 f_dead 1
                             79 ; common peephole 9b reused value still in hl.
   000C 22r00s00      [16]   80 	ld	(___numTests), hl
   000F 23            [ 6]   81 	inc	hl
                             82 ;	genMove_o size 2 result type 10 source type 2 a_dead 1 hl_dead 1 de_dead 1 iy_dead 1 f_dead 1
                             83 ;cases/./../tests/bug-2687.c:20: ASSERT(0x7fffffffu == (unsigned long)(0x7fffffff));
                             84 ;	genPlus
                             85 ;	genMove_o size 2 result type 2 source type 10 a_dead 1 hl_dead 1 de_dead 1 iy_dead 1 f_dead 1
                             86 ; common peephole 9b reused value still in hl.
   0010 22r00s00      [16]   87 	ld	(___numTests), hl
   0013 23            [ 6]   88 	inc	hl
                             89 ;	genMove_o size 2 result type 10 source type 2 a_dead 1 hl_dead 1 de_dead 1 iy_dead 1 f_dead 1
                             90 ;cases/./../tests/bug-2687.c:21: ASSERT(TYPEOF(0x7fffffffu) == TYPE_ULONG || TYPEOF(0x7fffffffu) == TYPE_UINT);
                             91 ;	genPlus
                             92 ;	genMove_o size 2 result type 2 source type 10 a_dead 1 hl_dead 1 de_dead 1 iy_dead 1 f_dead 1
                             93 ; common peephole 9b reused value still in hl.
   0014 22r00s00      [16]   94 	ld	(___numTests), hl
   0017 23            [ 6]   95 	inc	hl
                             96 ;	genMove_o size 2 result type 10 source type 2 a_dead 1 hl_dead 1 de_dead 1 iy_dead 1 f_dead 1
                             97 ;cases/./../tests/bug-2687.c:22: ASSERT(0xffffffffu == (unsigned long)(0xffffffff));
                             98 ;	genPlus
                             99 ;	genMove_o size 2 result type 2 source type 10 a_dead 1 hl_dead 1 de_dead 1 iy_dead 1 f_dead 1
                            100 ; common peephole 9b reused value still in hl.
   0018 22r00s00      [16]  101 	ld	(___numTests), hl
   001B 23            [ 6]  102 	inc	hl
                            103 ;	genMove_o size 2 result type 10 source type 2 a_dead 1 hl_dead 1 de_dead 1 iy_dead 1 f_dead 1
                            104 ;cases/./../tests/bug-2687.c:23: ASSERT(TYPEOF(0xffffffffu) == TYPE_ULONG || TYPEOF(0xffffffffu) == TYPE_UINT);
                            105 ;	genPlus
                            106 ;	genMove_o size 2 result type 2 source type 10 a_dead 1 hl_dead 1 de_dead 1 iy_dead 1 f_dead 1
                            107 ; common peephole 9b reused value still in hl.
   001C 22r00s00      [16]  108 	ld	(___numTests), hl
   001F 23            [ 6]  109 	inc	hl
                            110 ;	genMove_o size 2 result type 10 source type 2 a_dead 1 hl_dead 1 de_dead 1 iy_dead 1 f_dead 1
                            111 ;cases/./../tests/bug-2687.c:25: ASSERT(0x7fffffffffffffffu == (unsigned long long)(0x7fffffffffffffff));
                            112 ;	genPlus
                            113 ;	genMove_o size 2 result type 2 source type 10 a_dead 1 hl_dead 1 de_dead 1 iy_dead 1 f_dead 1
                            114 ; common peephole 9b reused value still in hl.
   0020 22r00s00      [16]  115 	ld	(___numTests), hl
   0023 23            [ 6]  116 	inc	hl
                            117 ;	genMove_o size 2 result type 10 source type 2 a_dead 1 hl_dead 1 de_dead 1 iy_dead 1 f_dead 1
                            118 ;cases/./../tests/bug-2687.c:26: ASSERT(TYPEOF(0x7fffffffffffffffu) == TYPE_ULONGLONG || TYPEOF(0x7fffffffffffffffu) == TYPE_ULONG || TYPEOF(0x7fffffffffffffffu) == TYPE_UINT);
                            119 ;	genPlus
                            120 ;	genMove_o size 2 result type 2 source type 10 a_dead 1 hl_dead 1 de_dead 1 iy_dead 1 f_dead 1
                            121 ; common peephole 9b reused value still in hl.
   0024 22r00s00      [16]  122 	ld	(___numTests), hl
   0027 23            [ 6]  123 	inc	hl
                            124 ;	genMove_o size 2 result type 10 source type 2 a_dead 1 hl_dead 1 de_dead 1 iy_dead 1 f_dead 1
                            125 ;cases/./../tests/bug-2687.c:27: ASSERT(0xffffffffffffffffu == (unsigned long long)(0xffffffffffffffff));
                            126 ;	genPlus
                            127 ;	genMove_o size 2 result type 2 source type 10 a_dead 1 hl_dead 1 de_dead 1 iy_dead 1 f_dead 1
                            128 ; common peephole 9b reused value still in hl.
   0028 22r00s00      [16]  129 	ld	(___numTests), hl
   002B 23            [ 6]  130 	inc	hl
                            131 ;	genMove_o size 2 result type 10 source type 2 a_dead 1 hl_dead 1 de_dead 1 iy_dead 1 f_dead 1
                            132 ;cases/./../tests/bug-2687.c:28: ASSERT(TYPEOF(0xffffffffffffffffu) == TYPE_ULONGLONG || TYPEOF(0xffffffffffffffffu) == TYPE_ULONG || TYPEOF(0xffffffffffffffffu) == TYPE_UINT);
                            133 ;	genPlus
                            134 ;	genMove_o size 2 result type 2 source type 10 a_dead 1 hl_dead 1 de_dead 1 iy_dead 1 f_dead 1
                            135 ; common peephole 9b reused value still in hl.
   002C 22r00s00      [16]  136 	ld	(___numTests), hl
   002F 23            [ 6]  137 	inc	hl
                            138 ;	genMove_o size 2 result type 10 source type 2 a_dead 1 hl_dead 1 de_dead 1 iy_dead 1 f_dead 1
   0030 22r00s00      [16]  139 	ld	(___numTests), hl
                            140 ;	genLabel
                            141 ; common peephole 159 removed unused label 00101$.
                            142 ;cases/./../tests/bug-2687.c:29: }
                            143 ;	genEndFunction
   0033 C9            [10]  144 	ret
                            145 ;	Total testBug function size at codegen: 1 bytes.
   0034                     146 __str_0:
   0034 41 73 73 65 72 74   147 	.ascii "Assertion failed"
        69 6F 6E 20 66 61
        69 6C 65 64
   0044 00                  148 	.db 0x00
   0045                     149 __str_1:
   0045 30 78 37 66 66 66   150 	.ascii "0x7fffu == (unsigned int)(0x7fff)"
        75 20 3D 3D 20 28
        75 6E 73 69 67 6E
        65 64 20 69 6E 74
        29 28 30 78 37 66
        66 66 29
   0066 00                  151 	.db 0x00
   0067                     152 __str_2:
   0067 63 61 73 65 73 2F   153 	.ascii "cases/./../tests/bug-2687.c"
        2E 2F 2E 2E 2F 74
        65 73 74 73 2F 62
        75 67 2D 32 36 38
        37 2E 63
   0082 00                  154 	.db 0x00
   0083                     155 __str_3:
   0083 54 59 50 45 4F 46   156 	.ascii "TYPEOF(0x7fffu) == TYPE_UINT"
        28 30 78 37 66 66
        66 75 29 20 3D 3D
        20 54 59 50 45 5F
        55 49 4E 54
   009F 00                  157 	.db 0x00
   00A0                     158 __str_4:
   00A0 30 78 66 66 66 66   159 	.ascii "0xffffu == (unsigned int)(0xffff)"
        75 20 3D 3D 20 28
        75 6E 73 69 67 6E
        65 64 20 69 6E 74
        29 28 30 78 66 66
        66 66 29
   00C1 00                  160 	.db 0x00
   00C2                     161 __str_5:
   00C2 54 59 50 45 4F 46   162 	.ascii "TYPEOF(0xffffu) == TYPE_UINT"
        28 30 78 66 66 66
        66 75 29 20 3D 3D
        20 54 59 50 45 5F
        55 49 4E 54
   00DE 00                  163 	.db 0x00
   00DF                     164 __str_6:
   00DF 30 78 37 66 66 66   165 	.ascii "0x7fffffffu == (unsigned long)(0x7fffffff)"
        66 66 66 66 75 20
        3D 3D 20 28 75 6E
        73 69 67 6E 65 64
        20 6C 6F 6E 67 29
        28 30 78 37 66 66
        66 66 66 66 66 29
   0109 00                  166 	.db 0x00
   010A                     167 __str_7:
   010A 54 59 50 45 4F 46   168 	.ascii "TYPEOF(0x7fffffffu) == TYPE_ULONG || TYPEOF(0x7fffffffu) == "
        28 30 78 37 66 66
        66 66 66 66 66 75
        29 20 3D 3D 20 54
        59 50 45 5F 55 4C
        4F 4E 47 20 7C 7C
        20 54 59 50 45 4F
        46 28 30 78 37 66
        66 66 66 66 66 66
        75 29 20 3D 3D 20
   0146 54 59 50 45 5F 55   169 	.ascii "TYPE_UINT"
        49 4E 54
   014F 00                  170 	.db 0x00
   0150                     171 __str_8:
   0150 30 78 66 66 66 66   172 	.ascii "0xffffffffu == (unsigned long)(0xffffffff)"
        66 66 66 66 75 20
        3D 3D 20 28 75 6E
        73 69 67 6E 65 64
        20 6C 6F 6E 67 29
        28 30 78 66 66 66
        66 66 66 66 66 29
   017A 00                  173 	.db 0x00
   017B                     174 __str_9:
   017B 54 59 50 45 4F 46   175 	.ascii "TYPEOF(0xffffffffu) == TYPE_ULONG || TYPEOF(0xffffffffu) == "
        28 30 78 66 66 66
        66 66 66 66 66 75
        29 20 3D 3D 20 54
        59 50 45 5F 55 4C
        4F 4E 47 20 7C 7C
        20 54 59 50 45 4F
        46 28 30 78 66 66
        66 66 66 66 66 66
        75 29 20 3D 3D 20
   01B7 54 59 50 45 5F 55   176 	.ascii "TYPE_UINT"
        49 4E 54
   01C0 00                  177 	.db 0x00
   01C1                     178 __str_10:
   01C1 30 78 37 66 66 66   179 	.ascii "0x7fffffffffffffffu == (unsigned long long)(0x7fffffffffffff"
        66 66 66 66 66 66
        66 66 66 66 66 66
        75 20 3D 3D 20 28
        75 6E 73 69 67 6E
        65 64 20 6C 6F 6E
        67 20 6C 6F 6E 67
        29 28 30 78 37 66
        66 66 66 66 66 66
        66 66 66 66 66 66
   01FD 66 66 29            180 	.ascii "ff)"
   0200 00                  181 	.db 0x00
   0201                     182 __str_11:
   0201 54 59 50 45 4F 46   183 	.ascii "TYPEOF(0x7fffffffffffffffu) == TYPE_ULONGLONG || TYPEOF(0x7f"
        28 30 78 37 66 66
        66 66 66 66 66 66
        66 66 66 66 66 66
        66 75 29 20 3D 3D
        20 54 59 50 45 5F
        55 4C 4F 4E 47 4C
        4F 4E 47 20 7C 7C
        20 54 59 50 45 4F
        46 28 30 78 37 66
   023D 66 66 66 66 66 66   184 	.ascii "ffffffffffffffu) == TYPE_ULONG || TYPEOF(0x7fffffffffffffffu"
        66 66 66 66 66 66
        66 66 75 29 20 3D
        3D 20 54 59 50 45
        5F 55 4C 4F 4E 47
        20 7C 7C 20 54 59
        50 45 4F 46 28 30
        78 37 66 66 66 66
        66 66 66 66 66 66
        66 66 66 66 66 75
   0279 29 20 3D 3D 20 54   185 	.ascii ") == TYPE_UINT"
        59 50 45 5F 55 49
        4E 54
   0287 00                  186 	.db 0x00
   0288                     187 __str_12:
   0288 30 78 66 66 66 66   188 	.ascii "0xffffffffffffffffu == (unsigned long long)(0xffffffffffffff"
        66 66 66 66 66 66
        66 66 66 66 66 66
        75 20 3D 3D 20 28
        75 6E 73 69 67 6E
        65 64 20 6C 6F 6E
        67 20 6C 6F 6E 67
        29 28 30 78 66 66
        66 66 66 66 66 66
        66 66 66 66 66 66
   02C4 66 66 29            189 	.ascii "ff)"
   02C7 00                  190 	.db 0x00
   02C8                     191 __str_13:
   02C8 54 59 50 45 4F 46   192 	.ascii "TYPEOF(0xffffffffffffffffu) == TYPE_ULONGLONG || TYPEOF(0xff"
        28 30 78 66 66 66
        66 66 66 66 66 66
        66 66 66 66 66 66
        66 75 29 20 3D 3D
        20 54 59 50 45 5F
        55 4C 4F 4E 47 4C
        4F 4E 47 20 7C 7C
        20 54 59 50 45 4F
        46 28 30 78 66 66
   0304 66 66 66 66 66 66   193 	.ascii "ffffffffffffffu) == TYPE_ULONG || TYPEOF(0xffffffffffffffffu"
        66 66 66 66 66 66
        66 66 75 29 20 3D
        3D 20 54 59 50 45
        5F 55 4C 4F 4E 47
        20 7C 7C 20 54 59
        50 45 4F 46 28 30
        78 66 66 66 66 66
        66 66 66 66 66 66
        66 66 66 66 66 75
   0340 29 20 3D 3D 20 54   194 	.ascii ") == TYPE_UINT"
        59 50 45 5F 55 49
        4E 54
   034E 00                  195 	.db 0x00
                            196 ;cases/tst_bug-2687.c:4: __runSuite(void)
                            197 ;	genLabel
                            198 ;	genFunction
                            199 ;	---------------------------------
                            200 ; Function __runSuite
                            201 ; ---------------------------------
                            202 ;	Register assignment is optimal.
                            203 ; Stack space usage: 0 bytes.
   034F                     204 ___runSuite::
                            205 ;cases/tst_bug-2687.c:6: __prints("Running testBug\n");
                            206 ;	skipping iCode since result will be rematerialized
                            207 ;	skipping iCode since result will be rematerialized
                            208 ;	genSend
                            209 ;	genMove_o size 2 result type 2 source type 7 a_dead 1 hl_dead 1 de_dead 1 iy_dead 1 f_dead 1
   034F 21r58s03      [10]  210 	ld	hl, #___str_14
                            211 ;	genCall
   0352 CDr00s00      [17]  212 	call	___prints
                            213 ;cases/tst_bug-2687.c:7: testBug();
                            214 ;	genCall
                            215 ;	genLabel
                            216 ; common peephole 159 removed unused label 00101$.
                            217 ;cases/tst_bug-2687.c:8: }
                            218 ;	genEndFunction
   0355 C3r00s00      [10]  219 	jp	_testBug
                            220 ; common peephole 152 removed unused ret.
                            221 ;	Total __runSuite function size at codegen: 1 bytes.
   0358                     222 ___str_14:
   0358 52 75 6E 6E 69 6E   223 	.ascii "Running testBug"
        67 20 74 65 73 74
        42 75 67
   0367 0A                  224 	.db 0x0a
   0368 00                  225 	.db 0x00
                            226 ;cases/tst_bug-2687.c:13: __getSuiteName(void)
                            227 ;	genLabel
                            228 ;	genFunction
                            229 ;	---------------------------------
                            230 ; Function __getSuiteName
                            231 ; ---------------------------------
                            232 ;	Register assignment is optimal.
                            233 ; Stack space usage: 0 bytes.
   0369                     234 ___getSuiteName::
                            235 ;cases/tst_bug-2687.c:15: return "bug-2687.c";
                            236 ;	skipping iCode since result will be rematerialized
                            237 ;	skipping iCode since result will be rematerialized
                            238 ;	genRet
                            239 ;	genMove_o size 2 result type 2 source type 7 a_dead 1 hl_dead 1 de_dead 1 iy_dead 1 f_dead 1
   0369 11r6Fs03      [10]  240 	ld	de, #___str_15
                            241 ;	genLabel
                            242 ; common peephole 159 removed unused label 00101$.
                            243 ;cases/tst_bug-2687.c:16: }
                            244 ;	genEndFunction
   036C C9            [10]  245 	ret
                            246 ;	Total __getSuiteName function size at codegen: 1 bytes.
   036D                     247 ___numCases:
   036D 01 00               248 	.dw #0x0001
   036F                     249 ___str_15:
   036F 62 75 67 2D 32 36   250 	.ascii "bug-2687.c"
        38 37 2E 63
   0379 00                  251 	.db 0x00
                            252 	.area _CODE (BANK=_CSEG)
                            253 	.area _INITIALIZER
                            254 	.area _CABS (ABS)
