                              1 ;--------------------------------------------------------
                              2 ; File Created by SDCC : free open source ISO C Compiler
                              3 ; Version 4.6.2 #16710 (Linux)
                              4 ;--------------------------------------------------------
                              5 	.module tst_gcc_torture_execute_20040706_1
                              6 	
                              7 ;--------------------------------------------------------
                              8 ; Public variables in this module
                              9 ;--------------------------------------------------------
                             10 	.globl _testTortureExecute
                             11 	.globl ___prints
                             12 	.globl ___numCases
                             13 	.globl ___runSuite
                             14 	.globl ___getSuiteName
                             15 ;--------------------------------------------------------
                             16 ; special function registers
                             17 ;--------------------------------------------------------
                             18 ;--------------------------------------------------------
                             19 ; ram data
                             20 ;--------------------------------------------------------
                             21 	.area _DATA (BANK=_DSEG)
                             22 ;--------------------------------------------------------
                             23 ; ram data
                             24 ;--------------------------------------------------------
                             25 	.area _INITIALIZED
                             26 ;--------------------------------------------------------
                             27 ; absolute ram data
                             28 ;--------------------------------------------------------
                             29 	.area _DABS (ABS)
                             30 	.area _DABS (ABS)
                             31 ;--------------------------------------------------------
                             32 ; global & static initialisations
                             33 ;--------------------------------------------------------
                             34 	.area _HOME
                             35 	.area _GSINIT
                             36 	.area _GSFINAL
                             37 	.area _GSINIT
                             38 ;--------------------------------------------------------
                             39 ; Home
                             40 ;--------------------------------------------------------
                             41 	.area _HOME (BANK=_CSEG)
                             42 	.area _HOME (BANK=_CSEG)
                             43 ;--------------------------------------------------------
                             44 ; code
                             45 ;--------------------------------------------------------
                             46 	.area _CODE (BANK=_CSEG)
                             47 ;cases/./../tests/gcc-torture-execute-20040706-1.c:12: testTortureExecute (void)
                             48 ;	genLabel
                             49 ;	genFunction
                             50 ;	---------------------------------
                             51 ; Function testTortureExecute
                             52 ; ---------------------------------
                             53 ;	Register assignment is optimal.
                             54 ; Stack space usage: 0 bytes.
   0000                      55 _testTortureExecute::
                             56 ;cases/./../tests/gcc-torture-execute-20040706-1.c:16: continue;
                             57 ;	genAssign
                             58 ;	genMove_o size 1 result type 2 source type 1 a_dead 1 hl_dead 1 de_dead 1 iy_dead 1 f_dead 1
   0000 AF            [ 4]   59 	xor	a, a
                             60 ;	genLabel
   0001                      61 00101$:
                             62 ;cases/./../tests/gcc-torture-execute-20040706-1.c:15: for (i = 0; i < 10; i++)
                             63 ;	genPlus
   0001 3C            [ 4]   64 	inc	a
                             65 ;	genCmpLt
   0002 FE 0A         [ 7]   66 	cp	a, #0x0a
                             67 ; common peephole 163 changed absolute to relative conditional jump.
   0004 38 FB         [12]   68 	jr	c, 00101$
                             69 ;	skipping generated iCode
                             70 ;cases/./../tests/gcc-torture-execute-20040706-1.c:19: return;
                             71 ;	genRet
                             72 ;	genLabel
                             73 ; common peephole 159 removed unused label 00106$.
                             74 ;cases/./../tests/gcc-torture-execute-20040706-1.c:20: }
                             75 ;	genEndFunction
   0006 C9            [10]   76 	ret
                             77 ;	Total testTortureExecute function size at codegen: 1 bytes.
   0007                      78 __str_0:
   0007 41 73 73 65 72 74    79 	.ascii "Assertion failed"
        69 6F 6E 20 66 61
        69 6C 65 64
   0017 00                   80 	.db 0x00
   0018                      81 __str_1:
   0018 30                   82 	.ascii "0"
   0019 00                   83 	.db 0x00
   001A                      84 __str_2:
   001A 63 61 73 65 73 2F    85 	.ascii "cases/./../tests/gcc-torture-execute-20040706-1.c"
        2E 2F 2E 2E 2F 74
        65 73 74 73 2F 67
        63 63 2D 74 6F 72
        74 75 72 65 2D 65
        78 65 63 75 74 65
        2D 32 30 30 34 30
        37 30 36 2D 31 2E
        63
   004B 00                   86 	.db 0x00
                             87 ;cases/tst_gcc-torture-execute-20040706-1.c:4: __runSuite(void)
                             88 ;	genLabel
                             89 ;	genFunction
                             90 ;	---------------------------------
                             91 ; Function __runSuite
                             92 ; ---------------------------------
                             93 ;	Register assignment is optimal.
                             94 ; Stack space usage: 0 bytes.
   004C                      95 ___runSuite::
                             96 ;cases/tst_gcc-torture-execute-20040706-1.c:6: __prints("Running testTortureExecute\n");
                             97 ;	skipping iCode since result will be rematerialized
                             98 ;	skipping iCode since result will be rematerialized
                             99 ;	genSend
                            100 ;	genMove_o size 2 result type 2 source type 7 a_dead 1 hl_dead 1 de_dead 1 iy_dead 1 f_dead 1
   004C 21r52s00      [10]  101 	ld	hl, #___str_3
                            102 ;	genCall
                            103 ;cases/tst_gcc-torture-execute-20040706-1.c:7: testTortureExecute();
                            104 ;	genLabel
                            105 ; common peephole 159 removed unused label 00101$.
                            106 ;cases/tst_gcc-torture-execute-20040706-1.c:8: }
                            107 ;	genEndFunction
   004F C3r00s00      [10]  108 	jp	___prints
                            109 ; common peephole 152 removed unused ret.
                            110 ;	Total __runSuite function size at codegen: 1 bytes.
   0052                     111 ___str_3:
   0052 52 75 6E 6E 69 6E   112 	.ascii "Running testTortureExecute"
        67 20 74 65 73 74
        54 6F 72 74 75 72
        65 45 78 65 63 75
        74 65
   006C 0A                  113 	.db 0x0a
   006D 00                  114 	.db 0x00
                            115 ;cases/tst_gcc-torture-execute-20040706-1.c:13: __getSuiteName(void)
                            116 ;	genLabel
                            117 ;	genFunction
                            118 ;	---------------------------------
                            119 ; Function __getSuiteName
                            120 ; ---------------------------------
                            121 ;	Register assignment is optimal.
                            122 ; Stack space usage: 0 bytes.
   006E                     123 ___getSuiteName::
                            124 ;cases/tst_gcc-torture-execute-20040706-1.c:15: return "gcc-torture-execute-20040706-1.c";
                            125 ;	skipping iCode since result will be rematerialized
                            126 ;	skipping iCode since result will be rematerialized
                            127 ;	genRet
                            128 ;	genMove_o size 2 result type 2 source type 7 a_dead 1 hl_dead 1 de_dead 1 iy_dead 1 f_dead 1
   006E 11r74s00      [10]  129 	ld	de, #___str_4
                            130 ;	genLabel
                            131 ; common peephole 159 removed unused label 00101$.
                            132 ;cases/tst_gcc-torture-execute-20040706-1.c:16: }
                            133 ;	genEndFunction
   0071 C9            [10]  134 	ret
                            135 ;	Total __getSuiteName function size at codegen: 1 bytes.
   0072                     136 ___numCases:
   0072 01 00               137 	.dw #0x0001
   0074                     138 ___str_4:
   0074 67 63 63 2D 74 6F   139 	.ascii "gcc-torture-execute-20040706-1.c"
        72 74 75 72 65 2D
        65 78 65 63 75 74
        65 2D 32 30 30 34
        30 37 30 36 2D 31
        2E 63
   0094 00                  140 	.db 0x00
                            141 	.area _CODE (BANK=_CSEG)
                            142 	.area _INITIALIZER
                            143 	.area _CABS (ABS)
