                              1 ;--------------------------------------------------------
                              2 ; File Created by SDCC : free open source ISO C Compiler
                              3 ; Version 4.6.2 #16710 (Linux)
                              4 ;--------------------------------------------------------
                              5 	.module tst_gcc_torture_execute_930719_1
                              6 	
                              7 ;--------------------------------------------------------
                              8 ; Public variables in this module
                              9 ;--------------------------------------------------------
                             10 	.globl _testTortureExecute
                             11 	.globl _f
                             12 	.globl ___prints
                             13 	.globl ___numCases
                             14 	.globl ___runSuite
                             15 	.globl ___getSuiteName
                             16 ;--------------------------------------------------------
                             17 ; special function registers
                             18 ;--------------------------------------------------------
                             19 ;--------------------------------------------------------
                             20 ; ram data
                             21 ;--------------------------------------------------------
                             22 	.area _DATA (BANK=_DSEG)
                             23 ;--------------------------------------------------------
                             24 ; ram data
                             25 ;--------------------------------------------------------
                             26 	.area _INITIALIZED
                             27 ;--------------------------------------------------------
                             28 ; absolute ram data
                             29 ;--------------------------------------------------------
                             30 	.area _DABS (ABS)
                             31 	.area _DABS (ABS)
                             32 ;--------------------------------------------------------
                             33 ; global & static initialisations
                             34 ;--------------------------------------------------------
                             35 	.area _HOME
                             36 	.area _GSINIT
                             37 	.area _GSFINAL
                             38 	.area _GSINIT
                             39 ;--------------------------------------------------------
                             40 ; Home
                             41 ;--------------------------------------------------------
                             42 	.area _HOME (BANK=_CSEG)
                             43 	.area _HOME (BANK=_CSEG)
                             44 ;--------------------------------------------------------
                             45 ; code
                             46 ;--------------------------------------------------------
                             47 	.area _CODE (BANK=_CSEG)
                             48 ;cases/./../tests/gcc-torture-execute-930719-1.c:13: f (int foo, int bar, int com)
                             49 ;	genLabel
                             50 ;	genFunction
                             51 ;	---------------------------------
                             52 ; Function f
                             53 ; ---------------------------------
                             54 ;	Register assignment might be sub-optimal.
                             55 ; Stack space usage: 0 bytes.
   0000                      56 _f::
                             57 ;	genReceive
                             58 ;	genMove_o size 2 result type 2 source type 2 a_dead 1 hl_dead 1 de_dead 0 iy_dead 1 f_dead 1
   0000 7D            [ 4]   59 	ld	a, l
                             60 ;	genMove_o size 0 result type 2 source type 1 a_dead 1 hl_dead 1 de_dead 0 iy_dead 1 f_dead 1
                             61 ;	genReceive
                             62 ;	genMove_o size 2 result type 2 source type 2 a_dead 0 hl_dead 0 de_dead 1 iy_dead 1 f_dead 1
                             63 ;cases/./../tests/gcc-torture-execute-930719-1.c:16: if (foo)
                             64 ;	genIfx
   0001 B4            [ 4]   65 	or	a, h
                             66 ; common peephole 163 changed absolute to relative conditional jump.
   0002 28 05         [12]   67 	jr	z, 00117$
                             68 ;cases/./../tests/gcc-torture-execute-930719-1.c:17: return 0;
                             69 ;	genRet
                             70 ;	genMove_o size 2 result type 2 source type 1 a_dead 1 hl_dead 1 de_dead 1 iy_dead 1 f_dead 1
   0004 11 00 00      [10]   71 	ld	de, #0x0000
                             72 ; common peephole 162 changed absolute to relative unconditional jump.
   0007 18 27         [12]   73 	jr	00110$
                             74 ;cases/./../tests/gcc-torture-execute-930719-1.c:18: while (1)
                             75 ;	genLabel
   0009                      76 00117$:
                             77 ;	genCmpEq
                             78 ;	genMove_o size 1 result type 2 source type 2 a_dead 1 hl_dead 1 de_dead 0 iy_dead 0 f_dead 1
   0009 7B            [ 4]   79 	ld	a, e
                             80 ;	genMove_o size 0 result type 2 source type 1 a_dead 1 hl_dead 1 de_dead 0 iy_dead 0 f_dead 1
   000A 3D            [ 4]   81 	dec	a
   000B B2            [ 4]   82 	or	a, d
   000C 3E 01         [ 7]   83 	ld	a, #0x01
                             84 ; common peephole 163 changed absolute to relative conditional jump.
   000E 28 01         [12]   85 	jr	z, 00145$
                             86 ; common peephole 169xnz used double assignment in case of nz condition.
                             87 ; common peephole 159 removed unused label 00144$.
   0010 AF            [ 4]   88 	xor	a, a
   0011                      89 00145$:
                             90 ;	genMove_o size 1 result type 2 source type 2 a_dead 1 hl_dead 1 de_dead 1 iy_dead 1 f_dead 1
   0011 4F            [ 4]   91 	ld	c, a
                             92 ;	genMove_o size 0 result type 2 source type 1 a_dead 1 hl_dead 1 de_dead 1 iy_dead 1 f_dead 1
                             93 ;	genLabel
   0012                      94 00108$:
                             95 ;cases/./../tests/gcc-torture-execute-930719-1.c:20: switch (bar)
                             96 ;	genIfx
   0012 79            [ 4]   97 	ld	a, c
   0013 B7            [ 4]   98 	or	a, a
                             99 ; common peephole 163 changed absolute to relative conditional jump.
   0014 28 FC         [12]  100 	jr	z, 00108$
                            101 ;cases/./../tests/gcc-torture-execute-930719-1.c:23: if (com != 0)
                            102 ;	genIfx
   0016 FD 21 02 00   [14]  103 	ld	iy, #2
   001A FD 39         [15]  104 	add	iy, sp
   001C FD 7E 01      [19]  105 	ld	a, 1 (iy)
   001F FD B6 00      [19]  106 	or	a, 0 (iy)
                            107 ; common peephole 163 changed absolute to relative conditional jump.
   0022 28 05         [12]  108 	jr	z, 00105$
                            109 ;cases/./../tests/gcc-torture-execute-930719-1.c:24: return align;
                            110 ;	genRet
                            111 ;	genMove_o size 2 result type 2 source type 1 a_dead 1 hl_dead 1 de_dead 1 iy_dead 1 f_dead 1
   0024 11 00 00      [10]  112 	ld	de, #0x0000
                            113 ; common peephole 162 changed absolute to relative unconditional jump.
   0027 18 07         [12]  114 	jr	00110$
                            115 ;	genLabel
   0029                     116 00105$:
                            117 ;cases/./../tests/gcc-torture-execute-930719-1.c:25: *(char *) 0 = 0;
                            118 ;	genPointerSet
                            119 ;	genMove_o size 2 result type 2 source type 1 a_dead 1 hl_dead 1 de_dead 1 iy_dead 1 f_dead 1
   0029 21 00 00      [10]  120 	ld	hl, #0x0000
   002C 36 00         [10]  121 	ld	(hl), #0x00
                            122 ;cases/./../tests/gcc-torture-execute-930719-1.c:26: }
                            123 ;	genGoto
                            124 ; common peephole 162 changed absolute to relative unconditional jump.
   002E 18 E2         [12]  125 	jr	00108$
                            126 ;	genLabel
   0030                     127 00110$:
                            128 ;cases/./../tests/gcc-torture-execute-930719-1.c:28: }
                            129 ;	genEndFunction
   0030 E1            [10]  130 	pop	hl
                            131 ;	adjustStack by 2
   0031 F1            [10]  132 	pop	af
   0032 E9            [ 4]  133 	jp	(hl)
                            134 ;	Total f function size at codegen: 3 bytes.
                            135 ;cases/./../tests/gcc-torture-execute-930719-1.c:31: testTortureExecute (void)
                            136 ;	genLabel
                            137 ;	genFunction
                            138 ;	---------------------------------
                            139 ; Function testTortureExecute
                            140 ; ---------------------------------
                            141 ;	Register assignment is optimal.
                            142 ; Stack space usage: 0 bytes.
   0033                     143 _testTortureExecute::
                            144 ;cases/./../tests/gcc-torture-execute-930719-1.c:33: f (0, 1, 1);
                            145 ;	genIpush
                            146 ;	genMove_o size 2 result type 2 source type 1 a_dead 1 hl_dead 1 de_dead 1 iy_dead 1 f_dead 1
   0033 21 01 00      [10]  147 	ld	hl, #0x0001
   0036 E5            [11]  148 	push	hl
                            149 ;	genSend
                            150 ;	genMove_o size 2 result type 2 source type 1 a_dead 1 hl_dead 1 de_dead 1 iy_dead 1 f_dead 1
   0037 11 01 00      [10]  151 	ld	de, #0x0001
                            152 ;	genSend
                            153 ;	genMove_o size 2 result type 2 source type 1 a_dead 1 hl_dead 1 de_dead 0 iy_dead 1 f_dead 1
   003A 6C            [ 4]  154 	ld	l, h
                            155 ;	genCall
   003B CDr00s00      [17]  156 	call	_f
                            157 ;cases/./../tests/gcc-torture-execute-930719-1.c:34: return;
                            158 ;	genRet
                            159 ;	genLabel
                            160 ; common peephole 159 removed unused label 00101$.
                            161 ;cases/./../tests/gcc-torture-execute-930719-1.c:35: }
                            162 ;	genEndFunction
   003E C9            [10]  163 	ret
                            164 ;	Total testTortureExecute function size at codegen: 1 bytes.
                            165 ;cases/tst_gcc-torture-execute-930719-1.c:4: __runSuite(void)
                            166 ;	genLabel
                            167 ;	genFunction
                            168 ;	---------------------------------
                            169 ; Function __runSuite
                            170 ; ---------------------------------
                            171 ;	Register assignment is optimal.
                            172 ; Stack space usage: 0 bytes.
   003F                     173 ___runSuite::
                            174 ;cases/tst_gcc-torture-execute-930719-1.c:6: __prints("Running testTortureExecute\n");
                            175 ;	skipping iCode since result will be rematerialized
                            176 ;	skipping iCode since result will be rematerialized
                            177 ;	genSend
                            178 ;	genMove_o size 2 result type 2 source type 7 a_dead 1 hl_dead 1 de_dead 1 iy_dead 1 f_dead 1
   003F 21r48s00      [10]  179 	ld	hl, #___str_0
                            180 ;	genCall
   0042 CDr00s00      [17]  181 	call	___prints
                            182 ;cases/tst_gcc-torture-execute-930719-1.c:7: testTortureExecute();
                            183 ;	genCall
                            184 ;	genLabel
                            185 ; common peephole 159 removed unused label 00101$.
                            186 ;cases/tst_gcc-torture-execute-930719-1.c:8: }
                            187 ;	genEndFunction
   0045 C3r33s00      [10]  188 	jp	_testTortureExecute
                            189 ; common peephole 152 removed unused ret.
                            190 ;	Total __runSuite function size at codegen: 1 bytes.
   0048                     191 ___str_0:
   0048 52 75 6E 6E 69 6E   192 	.ascii "Running testTortureExecute"
        67 20 74 65 73 74
        54 6F 72 74 75 72
        65 45 78 65 63 75
        74 65
   0062 0A                  193 	.db 0x0a
   0063 00                  194 	.db 0x00
                            195 ;cases/tst_gcc-torture-execute-930719-1.c:13: __getSuiteName(void)
                            196 ;	genLabel
                            197 ;	genFunction
                            198 ;	---------------------------------
                            199 ; Function __getSuiteName
                            200 ; ---------------------------------
                            201 ;	Register assignment is optimal.
                            202 ; Stack space usage: 0 bytes.
   0064                     203 ___getSuiteName::
                            204 ;cases/tst_gcc-torture-execute-930719-1.c:15: return "gcc-torture-execute-930719-1.c";
                            205 ;	skipping iCode since result will be rematerialized
                            206 ;	skipping iCode since result will be rematerialized
                            207 ;	genRet
                            208 ;	genMove_o size 2 result type 2 source type 7 a_dead 1 hl_dead 1 de_dead 1 iy_dead 1 f_dead 1
   0064 11r6As00      [10]  209 	ld	de, #___str_1
                            210 ;	genLabel
                            211 ; common peephole 159 removed unused label 00101$.
                            212 ;cases/tst_gcc-torture-execute-930719-1.c:16: }
                            213 ;	genEndFunction
   0067 C9            [10]  214 	ret
                            215 ;	Total __getSuiteName function size at codegen: 1 bytes.
   0068                     216 ___numCases:
   0068 01 00               217 	.dw #0x0001
   006A                     218 ___str_1:
   006A 67 63 63 2D 74 6F   219 	.ascii "gcc-torture-execute-930719-1.c"
        72 74 75 72 65 2D
        65 78 65 63 75 74
        65 2D 39 33 30 37
        31 39 2D 31 2E 63
   0088 00                  220 	.db 0x00
                            221 	.area _CODE (BANK=_CSEG)
                            222 	.area _INITIALIZER
                            223 	.area _CABS (ABS)
