                              1 ;--------------------------------------------------------
                              2 ; File Created by SDCC : free open source ISO C Compiler
                              3 ; Version 4.6.2 #16710 (Linux)
                              4 ;--------------------------------------------------------
                              5 	.module tst_gcc_torture_execute_20171008_1
                              6 	
                              7 ;--------------------------------------------------------
                              8 ; Public variables in this module
                              9 ;--------------------------------------------------------
                             10 	.globl _testTortureExecute
                             11 	.globl ___prints
                             12 	.globl _i
                             13 	.globl ___numCases
                             14 	.globl ___runSuite
                             15 	.globl ___getSuiteName
                             16 ;--------------------------------------------------------
                             17 ; special function registers
                             18 ;--------------------------------------------------------
                             19 ;--------------------------------------------------------
                             20 ; ram data
                             21 ;--------------------------------------------------------
                             22 	.area _DATA (BANK=_DSEG)
   0000                      23 _i::
   0000                      24 	.ds 2
                             25 ;--------------------------------------------------------
                             26 ; ram data
                             27 ;--------------------------------------------------------
                             28 	.area _INITIALIZED
                             29 ;--------------------------------------------------------
                             30 ; absolute ram data
                             31 ;--------------------------------------------------------
                             32 	.area _DABS (ABS)
                             33 	.area _DABS (ABS)
                             34 ;--------------------------------------------------------
                             35 ; global & static initialisations
                             36 ;--------------------------------------------------------
                             37 	.area _HOME
                             38 	.area _GSINIT
                             39 	.area _GSFINAL
                             40 	.area _GSINIT
                             41 ;--------------------------------------------------------
                             42 ; Home
                             43 ;--------------------------------------------------------
                             44 	.area _HOME (BANK=_CSEG)
                             45 	.area _HOME (BANK=_CSEG)
                             46 ;--------------------------------------------------------
                             47 ; code
                             48 ;--------------------------------------------------------
                             49 	.area _CODE (BANK=_CSEG)
                             50 ;cases/./../tests/gcc-torture-execute-20171008-1.c:19: bar (char **p)
                             51 ;	genLabel
                             52 ;	genFunction
                             53 ;	---------------------------------
                             54 ; Function bar
                             55 ; ---------------------------------
                             56 ;	Register assignment is optimal.
                             57 ; Stack space usage: 0 bytes.
   0000                      58 _bar:
                             59 ;cases/./../tests/gcc-torture-execute-20171008-1.c:21: i = 1;
                             60 ;	genAssign
                             61 ;fetchPairLong
   0000 21 01 00      [10]   62 	ld	hl, #0x0001
                             63 ;	genMove_o size 2 result type 10 source type 2 a_dead 1 hl_dead 1 de_dead 1 iy_dead 1 f_dead 1
   0003 22r00s00      [16]   64 	ld	(_i), hl
                             65 ;cases/./../tests/gcc-torture-execute-20171008-1.c:22: return 0;
                             66 ;	genRet
                             67 ;	genMove_o size 1 result type 2 source type 1 a_dead 1 hl_dead 1 de_dead 1 iy_dead 1 f_dead 1
   0006 AF            [ 4]   68 	xor	a, a
                             69 ;	genLabel
                             70 ; common peephole 159 removed unused label 00101$.
                             71 ;cases/./../tests/gcc-torture-execute-20171008-1.c:23: }
                             72 ;	genEndFunction
   0007 C9            [10]   73 	ret
                             74 ;	Total bar function size at codegen: 1 bytes.
                             75 ;cases/./../tests/gcc-torture-execute-20171008-1.c:45: testTortureExecute (void)
                             76 ;	genLabel
                             77 ;	genFunction
                             78 ;	---------------------------------
                             79 ; Function testTortureExecute
                             80 ; ---------------------------------
                             81 ;	Register assignment is optimal.
                             82 ; Stack space usage: 0 bytes.
   0008                      83 _testTortureExecute::
                             84 ;cases/./../tests/gcc-torture-execute-20171008-1.c:53: }
                             85 ;	genLabel
                             86 ; common peephole 159 removed unused label 00101$.
                             87 ;	genEndFunction
   0008 C9            [10]   88 	ret
                             89 ;	Total testTortureExecute function size at codegen: 1 bytes.
                             90 ;cases/tst_gcc-torture-execute-20171008-1.c:4: __runSuite(void)
                             91 ;	genLabel
                             92 ;	genFunction
                             93 ;	---------------------------------
                             94 ; Function __runSuite
                             95 ; ---------------------------------
                             96 ;	Register assignment is optimal.
                             97 ; Stack space usage: 0 bytes.
   0009                      98 ___runSuite::
                             99 ;cases/tst_gcc-torture-execute-20171008-1.c:6: __prints("Running testTortureExecute\n");
                            100 ;	skipping iCode since result will be rematerialized
                            101 ;	skipping iCode since result will be rematerialized
                            102 ;	genSend
                            103 ;	genMove_o size 2 result type 2 source type 7 a_dead 1 hl_dead 1 de_dead 1 iy_dead 1 f_dead 1
   0009 21r0Fs00      [10]  104 	ld	hl, #___str_0
                            105 ;	genCall
                            106 ;cases/tst_gcc-torture-execute-20171008-1.c:7: testTortureExecute();
                            107 ;	genLabel
                            108 ; common peephole 159 removed unused label 00101$.
                            109 ;cases/tst_gcc-torture-execute-20171008-1.c:8: }
                            110 ;	genEndFunction
   000C C3r00s00      [10]  111 	jp	___prints
                            112 ; common peephole 152 removed unused ret.
                            113 ;	Total __runSuite function size at codegen: 1 bytes.
   000F                     114 ___str_0:
   000F 52 75 6E 6E 69 6E   115 	.ascii "Running testTortureExecute"
        67 20 74 65 73 74
        54 6F 72 74 75 72
        65 45 78 65 63 75
        74 65
   0029 0A                  116 	.db 0x0a
   002A 00                  117 	.db 0x00
                            118 ;cases/tst_gcc-torture-execute-20171008-1.c:13: __getSuiteName(void)
                            119 ;	genLabel
                            120 ;	genFunction
                            121 ;	---------------------------------
                            122 ; Function __getSuiteName
                            123 ; ---------------------------------
                            124 ;	Register assignment is optimal.
                            125 ; Stack space usage: 0 bytes.
   002B                     126 ___getSuiteName::
                            127 ;cases/tst_gcc-torture-execute-20171008-1.c:15: return "gcc-torture-execute-20171008-1.c";
                            128 ;	skipping iCode since result will be rematerialized
                            129 ;	skipping iCode since result will be rematerialized
                            130 ;	genRet
                            131 ;	genMove_o size 2 result type 2 source type 7 a_dead 1 hl_dead 1 de_dead 1 iy_dead 1 f_dead 1
   002B 11r31s00      [10]  132 	ld	de, #___str_1
                            133 ;	genLabel
                            134 ; common peephole 159 removed unused label 00101$.
                            135 ;cases/tst_gcc-torture-execute-20171008-1.c:16: }
                            136 ;	genEndFunction
   002E C9            [10]  137 	ret
                            138 ;	Total __getSuiteName function size at codegen: 1 bytes.
   002F                     139 ___numCases:
   002F 01 00               140 	.dw #0x0001
   0031                     141 ___str_1:
   0031 67 63 63 2D 74 6F   142 	.ascii "gcc-torture-execute-20171008-1.c"
        72 74 75 72 65 2D
        65 78 65 63 75 74
        65 2D 32 30 31 37
        31 30 30 38 2D 31
        2E 63
   0051 00                  143 	.db 0x00
                            144 	.area _CODE (BANK=_CSEG)
                            145 	.area _INITIALIZER
                            146 	.area _CABS (ABS)
