                              1 ;--------------------------------------------------------
                              2 ; File Created by SDCC : free open source ISO C Compiler
                              3 ; Version 4.6.2 #16710 (Linux)
                              4 ;--------------------------------------------------------
                              5 	.module tst_gcc_torture_execute_950607_2
                              6 	
                              7 ;--------------------------------------------------------
                              8 ; Public variables in this module
                              9 ;--------------------------------------------------------
                             10 	.globl _testTortureExecute
                             11 	.globl _f
                             12 	.globl ___prints
                             13 	.globl ___fail
                             14 	.globl ___numCases
                             15 	.globl ___runSuite
                             16 	.globl ___getSuiteName
                             17 ;--------------------------------------------------------
                             18 ; special function registers
                             19 ;--------------------------------------------------------
                             20 ;--------------------------------------------------------
                             21 ; ram data
                             22 ;--------------------------------------------------------
                             23 	.area _DATA (BANK=_DSEG)
                             24 ;--------------------------------------------------------
                             25 ; ram data
                             26 ;--------------------------------------------------------
                             27 	.area _INITIALIZED
                             28 ;--------------------------------------------------------
                             29 ; absolute ram data
                             30 ;--------------------------------------------------------
                             31 	.area _DABS (ABS)
                             32 	.area _DABS (ABS)
                             33 ;--------------------------------------------------------
                             34 ; global & static initialisations
                             35 ;--------------------------------------------------------
                             36 	.area _HOME
                             37 	.area _GSINIT
                             38 	.area _GSFINAL
                             39 	.area _GSINIT
                             40 ;--------------------------------------------------------
                             41 ; Home
                             42 ;--------------------------------------------------------
                             43 	.area _HOME (BANK=_CSEG)
                             44 	.area _HOME (BANK=_CSEG)
                             45 ;--------------------------------------------------------
                             46 ; code
                             47 ;--------------------------------------------------------
                             48 	.area _CODE (BANK=_CSEG)
                             49 ;cases/./../tests/gcc-torture-execute-950607-2.c:17: f (Point basePt, Point pt1, Point pt2)
                             50 ;	genLabel
                             51 ;	genFunction
                             52 ;	---------------------------------
                             53 ; Function f
                             54 ; ---------------------------------
                             55 ;	Register assignment might be sub-optimal.
                             56 ; Stack space usage: 24 bytes.
   0000                      57 _f::
   0000 DD E5         [15]   58 	push	ix
   0002 DD 21 00 00   [14]   59 	ld	ix,	#0
   0006 DD 39         [15]   60 	add	ix, sp
                             61 ;	adjustStack by -24
   0008 21 E8 FF      [10]   62 	ld	hl, #-24
   000B 39            [11]   63 	add	hl, sp
   000C F9            [ 6]   64 	ld	sp, hl
                             65 ;cases/./../tests/gcc-torture-execute-950607-2.c:22: (long long) (pt1.p_x - basePt.p_x) * (long long) (pt2.p_y - basePt.p_y) -
                             66 ;	skipping iCode since result will be rematerialized
                             67 ;	genPointerGet
                             68 ;	genMove_o size 4 result type 2 source type 6 a_dead 1 hl_dead 1 de_dead 1 iy_dead 1 f_dead 1
   000D DD 4E 0C      [19]   69 	ld	c, 12 (ix)
   0010 DD 46 0D      [19]   70 	ld	b, 13 (ix)
   0013 DD 5E 0E      [19]   71 	ld	e, 14 (ix)
   0016 DD 56 0F      [19]   72 	ld	d, 15 (ix)
                             73 ;	genMove_o size 0 result type 2 source type 1 a_dead 1 hl_dead 1 de_dead 1 iy_dead 1 f_dead 1
                             74 ;	skipping iCode since result will be rematerialized
                             75 ;	genPointerGet
                             76 ;	genMove_o size 4 result type 6 source type 6 a_dead 1 hl_dead 1 de_dead 0 iy_dead 1 f_dead 1
   0019 DD 7E 04      [19]   77 	ld	a, 4 (ix)
   001C DD 77 F0      [19]   78 	ld	-16 (ix), a
   001F DD 7E 05      [19]   79 	ld	a, 5 (ix)
   0022 DD 77 F1      [19]   80 	ld	-15 (ix), a
   0025 DD 7E 06      [19]   81 	ld	a, 6 (ix)
   0028 DD 77 F2      [19]   82 	ld	-14 (ix), a
   002B DD 7E 07      [19]   83 	ld	a, 7 (ix)
   002E DD 77 F3      [19]   84 	ld	-13 (ix), a
                             85 ;	genMove_o size 0 result type 6 source type 1 a_dead 1 hl_dead 1 de_dead 0 iy_dead 1 f_dead 1
                             86 ;	genMinus
   0031 79            [ 4]   87 	ld	a, c
   0032 DD 96 F0      [19]   88 	sub	a, -16 (ix)
   0035 DD 77 F4      [19]   89 	ld	-12 (ix), a
   0038 78            [ 4]   90 	ld	a, b
   0039 DD 9E F1      [19]   91 	sbc	a, -15 (ix)
   003C DD 77 F5      [19]   92 	ld	-11 (ix), a
   003F 7B            [ 4]   93 	ld	a, e
   0040 DD 9E F2      [19]   94 	sbc	a, -14 (ix)
   0043 DD 77 F6      [19]   95 	ld	-10 (ix), a
   0046 7A            [ 4]   96 	ld	a, d
   0047 DD 9E F3      [19]   97 	sbc	a, -13 (ix)
   004A DD 77 F7      [19]   98 	ld	-9 (ix), a
                             99 ;	genAddrOf
   004D 21 2C 00      [10]  100 	ld	hl, #44
   0050 39            [11]  101 	add	hl, sp
                            102 ;	genAssign
                            103 ;	genMove_o size 2 result type 2 source type 2 a_dead 1 hl_dead 1 de_dead 0 iy_dead 1 f_dead 1
                            104 ; common peephole 32b removed de/hl swap.
   0051 5D            [ 4]  105 	ld	e, l
   0052 54            [ 4]  106 	ld	d, h
                            107 ;	genMove_o size 0 result type 2 source type 1 a_dead 1 hl_dead 1 de_dead 0 iy_dead 1 f_dead 1
                            108 ;	genPointerGet
                            109 ;	genMove_o size 2 result type 2 source type 2 a_dead 1 hl_dead 1 de_dead 1 iy_dead 1 f_dead 1
                            110 ; common peephole 26b moved push after de/hl swap.
   0053 EB            [ 4]  111 	ex	de, hl
   0054 E5            [11]  112 	push	hl
                            113 ;	genMove_o size 0 result type 2 source type 1 a_dead 1 hl_dead 1 de_dead 1 iy_dead 1 f_dead 1
   0055 21 12 00      [10]  114 	ld	hl, #18
   0058 39            [11]  115 	add	hl, sp
   0059 EB            [ 4]  116 	ex	de, hl
   005A 01 04 00      [10]  117 	ld	bc, #0x0004
   005D 09            [11]  118 	add	hl, bc
   005E 01 04 00      [10]  119 	ld	bc, #0x0004
   0061 ED B0         [21]  120 	ldir
   0063 D1            [10]  121 	pop	de
                            122 ;	genAssign
                            123 ;	genMove_o size 2 result type 2 source type 8 a_dead 1 hl_dead 1 de_dead 0 iy_dead 1 f_dead 1
   0064 21 1C 00      [10]  124 	ld	hl, #28
   0067 39            [11]  125 	add	hl, sp
                            126 ;	genMove_o size 2 result type 2 source type 2 a_dead 1 hl_dead 1 de_dead 0 iy_dead 1 f_dead 1
                            127 ;	genPointerGet
                            128 ;	genMove_o size 2 result type 2 source type 2 a_dead 1 hl_dead 1 de_dead 1 iy_dead 1 f_dead 1
                            129 ; common peephole 26b moved push after de/hl swap.
   0068 EB            [ 4]  130 	ex	de, hl
   0069 E5            [11]  131 	push	hl
                            132 ;	genMove_o size 0 result type 2 source type 1 a_dead 1 hl_dead 1 de_dead 1 iy_dead 1 f_dead 1
   006A 21 16 00      [10]  133 	ld	hl, #22
   006D 39            [11]  134 	add	hl, sp
   006E EB            [ 4]  135 	ex	de, hl
   006F 01 04 00      [10]  136 	ld	bc, #0x0004
   0072 09            [11]  137 	add	hl, bc
   0073 01 04 00      [10]  138 	ld	bc, #0x0004
   0076 ED B0         [21]  139 	ldir
   0078 D1            [10]  140 	pop	de
                            141 ;	genMinus
   0079 DD 7E F8      [19]  142 	ld	a, -8 (ix)
   007C DD 96 FC      [19]  143 	sub	a, -4 (ix)
   007F 4F            [ 4]  144 	ld	c, a
   0080 DD 7E F9      [19]  145 	ld	a, -7 (ix)
   0083 DD 9E FD      [19]  146 	sbc	a, -3 (ix)
   0086 47            [ 4]  147 	ld	b, a
   0087 DD 7E FA      [19]  148 	ld	a, -6 (ix)
   008A DD 9E FE      [19]  149 	sbc	a, -2 (ix)
   008D 6F            [ 4]  150 	ld	l, a
   008E DD 7E FB      [19]  151 	ld	a, -5 (ix)
   0091 DD 9E FF      [19]  152 	sbc	a, -1 (ix)
                            153 ;	genIpush
   0094 D5            [11]  154 	push	de
                            155 ;	genMove_o size 2 result type 2 source type 2 a_dead 1 hl_dead 1 de_dead 0 iy_dead 1 f_dead 1
   0095 67            [ 4]  156 	ld	h, a
                            157 ;	genMove_o size 0 result type 2 source type 1 a_dead 1 hl_dead 1 de_dead 0 iy_dead 1 f_dead 1
   0096 E5            [11]  158 	push	hl
   0097 C5            [11]  159 	push	bc
                            160 ;	genSend
                            161 ;	genMove_o size 4 result type 2 source type 6 a_dead 1 hl_dead 1 de_dead 0 iy_dead 1 f_dead 1
   0098 DD 5E F4      [19]  162 	ld	e, -12 (ix)
   009B DD 56 F5      [19]  163 	ld	d, -11 (ix)
   009E DD 6E F6      [19]  164 	ld	l, -10 (ix)
   00A1 DD 66 F7      [19]  165 	ld	h, -9 (ix)
                            166 ;	genMove_o size 0 result type 2 source type 1 a_dead 1 hl_dead 1 de_dead 1 iy_dead 1 f_dead 1
                            167 ;cases/./../tests/gcc-torture-execute-950607-2.c:23: (long long) (pt1.p_y - basePt.p_y) * (long long) (pt2.p_x - basePt.p_x);
                            168 ;	genCall
   00A4 E5            [11]  169 	push	hl
   00A5 21 08 00      [10]  170 	ld	hl, #0x0008
   00A8 39            [11]  171 	add	hl, sp
   00A9 4D            [ 4]  172 	ld	c, l
   00AA 44            [ 4]  173 	ld	b, h
   00AB E1            [10]  174 	pop	hl
   00AC C5            [11]  175 	push	bc
   00AD CDr00s00      [17]  176 	call	___mulslong2slonglong
                            177 ;	adjustStack by 6
   00B0 F1            [10]  178 	pop	af
   00B1 F1            [10]  179 	pop	af
   00B2 F1            [10]  180 	pop	af
   00B3 D1            [10]  181 	pop	de
                            182 ;	skipping iCode since result will be rematerialized
                            183 ;	genPointerGet
                            184 ;	genMove_o size 4 result type 2 source type 6 a_dead 1 hl_dead 1 de_dead 0 iy_dead 1 f_dead 1
   00B4 DD 4E 10      [19]  185 	ld	c, 16 (ix)
   00B7 DD 46 11      [19]  186 	ld	b, 17 (ix)
   00BA DD 6E 12      [19]  187 	ld	l, 18 (ix)
   00BD DD 66 13      [19]  188 	ld	h, 19 (ix)
                            189 ;	genMove_o size 0 result type 2 source type 1 a_dead 1 hl_dead 1 de_dead 0 iy_dead 1 f_dead 1
                            190 ;	genMinus
   00C0 79            [ 4]  191 	ld	a, c
   00C1 DD 96 FC      [19]  192 	sub	a, -4 (ix)
   00C4 DD 77 F4      [19]  193 	ld	-12 (ix), a
   00C7 78            [ 4]  194 	ld	a, b
   00C8 DD 9E FD      [19]  195 	sbc	a, -3 (ix)
   00CB DD 77 F5      [19]  196 	ld	-11 (ix), a
   00CE 7D            [ 4]  197 	ld	a, l
   00CF DD 9E FE      [19]  198 	sbc	a, -2 (ix)
   00D2 DD 77 F6      [19]  199 	ld	-10 (ix), a
   00D5 7C            [ 4]  200 	ld	a, h
   00D6 DD 9E FF      [19]  201 	sbc	a, -1 (ix)
   00D9 DD 77 F7      [19]  202 	ld	-9 (ix), a
                            203 ;	genPointerGet
                            204 ;	genMove_o size 2 result type 2 source type 2 a_dead 1 hl_dead 1 de_dead 1 iy_dead 1 f_dead 1
   00DC 21 10 00      [10]  205 	ld	hl, #16
   00DF 39            [11]  206 	add	hl, sp
   00E0 EB            [ 4]  207 	ex	de, hl
   00E1 01 04 00      [10]  208 	ld	bc, #0x0004
   00E4 ED B0         [21]  209 	ldir
                            210 ;	genMinus
   00E6 DD 7E F8      [19]  211 	ld	a, -8 (ix)
   00E9 DD 96 F0      [19]  212 	sub	a, -16 (ix)
   00EC DD 77 FC      [19]  213 	ld	-4 (ix), a
   00EF DD 7E F9      [19]  214 	ld	a, -7 (ix)
   00F2 DD 9E F1      [19]  215 	sbc	a, -15 (ix)
   00F5 DD 77 FD      [19]  216 	ld	-3 (ix), a
   00F8 DD 7E FA      [19]  217 	ld	a, -6 (ix)
   00FB DD 9E F2      [19]  218 	sbc	a, -14 (ix)
   00FE DD 77 FE      [19]  219 	ld	-2 (ix), a
   0101 DD 7E FB      [19]  220 	ld	a, -5 (ix)
   0104 DD 9E F3      [19]  221 	sbc	a, -13 (ix)
   0107 DD 77 FF      [19]  222 	ld	-1 (ix), a
                            223 ;	genIpush
                            224 ;	genMove_o size 2 result type 2 source type 6 a_dead 1 hl_dead 1 de_dead 1 iy_dead 1 f_dead 1
   010A DD 6E FE      [19]  225 	ld	l, -2 (ix)
   010D DD 66 FF      [19]  226 	ld	h, -1 (ix)
                            227 ;	genMove_o size 0 result type 2 source type 1 a_dead 1 hl_dead 1 de_dead 1 iy_dead 1 f_dead 1
   0110 E5            [11]  228 	push	hl
                            229 ;	genMove_o size 2 result type 2 source type 6 a_dead 1 hl_dead 1 de_dead 1 iy_dead 1 f_dead 1
   0111 DD 6E FC      [19]  230 	ld	l, -4 (ix)
   0114 DD 66 FD      [19]  231 	ld	h, -3 (ix)
                            232 ;	genMove_o size 0 result type 2 source type 1 a_dead 1 hl_dead 1 de_dead 1 iy_dead 1 f_dead 1
   0117 E5            [11]  233 	push	hl
                            234 ;	genSend
                            235 ;	genMove_o size 4 result type 2 source type 6 a_dead 1 hl_dead 1 de_dead 1 iy_dead 1 f_dead 1
   0118 DD 5E F4      [19]  236 	ld	e, -12 (ix)
   011B DD 56 F5      [19]  237 	ld	d, -11 (ix)
   011E DD 6E F6      [19]  238 	ld	l, -10 (ix)
   0121 DD 66 F7      [19]  239 	ld	h, -9 (ix)
                            240 ;	genMove_o size 0 result type 2 source type 1 a_dead 1 hl_dead 1 de_dead 1 iy_dead 1 f_dead 1
                            241 ;	genCall
   0124 E5            [11]  242 	push	hl
   0125 21 16 00      [10]  243 	ld	hl, #0x0016
   0128 39            [11]  244 	add	hl, sp
   0129 4D            [ 4]  245 	ld	c, l
   012A 44            [ 4]  246 	ld	b, h
   012B E1            [10]  247 	pop	hl
   012C C5            [11]  248 	push	bc
   012D CDr00s00      [17]  249 	call	___mulslong2slonglong
                            250 ;	adjustStack by 6
   0130 F1            [10]  251 	pop	af
   0131 F1            [10]  252 	pop	af
   0132 F1            [10]  253 	pop	af
                            254 ;	genMinus
   0133 DD 7E E8      [19]  255 	ld	a, -24 (ix)
   0136 DD 96 F8      [19]  256 	sub	a, -8 (ix)
   0139 DD 77 F8      [19]  257 	ld	-8 (ix), a
   013C DD 7E E9      [19]  258 	ld	a, -23 (ix)
   013F DD 9E F9      [19]  259 	sbc	a, -7 (ix)
   0142 DD 77 F9      [19]  260 	ld	-7 (ix), a
   0145 DD 7E EA      [19]  261 	ld	a, -22 (ix)
   0148 DD 9E FA      [19]  262 	sbc	a, -6 (ix)
   014B DD 77 FA      [19]  263 	ld	-6 (ix), a
   014E DD 7E EB      [19]  264 	ld	a, -21 (ix)
   0151 DD 9E FB      [19]  265 	sbc	a, -5 (ix)
   0154 DD 77 FB      [19]  266 	ld	-5 (ix), a
   0157 DD 7E EC      [19]  267 	ld	a, -20 (ix)
   015A DD 9E FC      [19]  268 	sbc	a, -4 (ix)
   015D DD 77 FC      [19]  269 	ld	-4 (ix), a
   0160 DD 7E ED      [19]  270 	ld	a, -19 (ix)
   0163 DD 9E FD      [19]  271 	sbc	a, -3 (ix)
   0166 DD 77 FD      [19]  272 	ld	-3 (ix), a
   0169 DD 7E EE      [19]  273 	ld	a, -18 (ix)
   016C DD 9E FE      [19]  274 	sbc	a, -2 (ix)
   016F DD 77 FE      [19]  275 	ld	-2 (ix), a
   0172 DD 7E EF      [19]  276 	ld	a, -17 (ix)
   0175 DD 9E FF      [19]  277 	sbc	a, -1 (ix)
   0178 DD 77 FF      [19]  278 	ld	-1 (ix), a
                            279 ;cases/./../tests/gcc-torture-execute-950607-2.c:25: if (vector > (long long) 0)
                            280 ;	genCmpGt
   017B AF            [ 4]  281 	xor	a, a
   017C DD BE F8      [19]  282 	cp	a, -8 (ix)
   017F DD 9E F9      [19]  283 	sbc	a, -7 (ix)
   0182 3E 00         [ 7]  284 	ld	a, #0x00
   0184 DD 9E FA      [19]  285 	sbc	a, -6 (ix)
   0187 3E 00         [ 7]  286 	ld	a, #0x00
   0189 DD 9E FB      [19]  287 	sbc	a, -5 (ix)
   018C 3E 00         [ 7]  288 	ld	a, #0x00
   018E DD 9E FC      [19]  289 	sbc	a, -4 (ix)
   0191 3E 00         [ 7]  290 	ld	a, #0x00
   0193 DD 9E FD      [19]  291 	sbc	a, -3 (ix)
   0196 3E 00         [ 7]  292 	ld	a, #0x00
   0198 DD 9E FE      [19]  293 	sbc	a, -2 (ix)
   019B 3E 00         [ 7]  294 	ld	a, #0x00
   019D DD 9E FF      [19]  295 	sbc	a, -1 (ix)
   01A0 E2rA5s01      [10]  296 	jp	po, 00125$
   01A3 EE 80         [ 7]  297 	xor	a, #0x80
   01A5                     298 00125$:
   01A5 F2rADs01      [10]  299 	jp	p, 00105$
                            300 ;	skipping generated iCode
                            301 ;cases/./../tests/gcc-torture-execute-950607-2.c:26: return 0;
                            302 ;	genRet
                            303 ;	genMove_o size 2 result type 2 source type 1 a_dead 1 hl_dead 1 de_dead 1 iy_dead 1 f_dead 1
   01A8 11 00 00      [10]  304 	ld	de, #0x0000
                            305 ; common peephole 162 changed absolute to relative unconditional jump.
   01AB 18 0E         [12]  306 	jr	00107$
                            307 ;	genLabel
   01AD                     308 00105$:
                            309 ;cases/./../tests/gcc-torture-execute-950607-2.c:27: else if (vector < (long long) 0)
                            310 ;	genCmpLt
   01AD DD CB FF 7E   [20]  311 	bit	7, -1 (ix)
                            312 ; common peephole 163 changed absolute to relative conditional jump.
   01B1 28 05         [12]  313 	jr	z, 00102$
                            314 ;	skipping generated iCode
                            315 ;cases/./../tests/gcc-torture-execute-950607-2.c:28: return 1;
                            316 ;	genRet
                            317 ;	genMove_o size 2 result type 2 source type 1 a_dead 1 hl_dead 1 de_dead 1 iy_dead 1 f_dead 1
   01B3 11 01 00      [10]  318 	ld	de, #0x0001
                            319 ; common peephole 162 changed absolute to relative unconditional jump.
   01B6 18 03         [12]  320 	jr	00107$
                            321 ;	genLabel
   01B8                     322 00102$:
                            323 ;cases/./../tests/gcc-torture-execute-950607-2.c:30: return 2;
                            324 ;	genRet
                            325 ;	genMove_o size 2 result type 2 source type 1 a_dead 1 hl_dead 1 de_dead 1 iy_dead 1 f_dead 1
   01B8 11 02 00      [10]  326 	ld	de, #0x0002
                            327 ;	genLabel
   01BB                     328 00107$:
                            329 ;cases/./../tests/gcc-torture-execute-950607-2.c:31: }
                            330 ;	genEndFunction
   01BB DD F9         [10]  331 	ld	sp, ix
   01BD DD E1         [14]  332 	pop	ix
   01BF E1            [10]  333 	pop	hl
                            334 ;	adjustStack by 24
   01C0 FD 21 18 00   [14]  335 	ld	iy, #24
   01C4 FD 39         [15]  336 	add	iy, sp
   01C6 FD F9         [10]  337 	ld	sp, iy
   01C8 E9            [ 4]  338 	jp	(hl)
                            339 ;	Total f function size at codegen: 26 bytes.
                            340 ;cases/./../tests/gcc-torture-execute-950607-2.c:35: testTortureExecute (void)
                            341 ;	genLabel
                            342 ;	genFunction
                            343 ;	---------------------------------
                            344 ; Function testTortureExecute
                            345 ; ---------------------------------
                            346 ;	Register assignment might be sub-optimal.
                            347 ; Stack space usage: 24 bytes.
   01C9                     348 _testTortureExecute::
   01C9 DD E5         [15]  349 	push	ix
   01CB DD 21 00 00   [14]  350 	ld	ix,	#0
   01CF DD 39         [15]  351 	add	ix, sp
                            352 ;	adjustStack by -24
   01D1 21 E8 FF      [10]  353 	ld	hl, #-24
   01D4 39            [11]  354 	add	hl, sp
   01D5 F9            [ 6]  355 	ld	sp, hl
                            356 ;cases/./../tests/gcc-torture-execute-950607-2.c:41: b.p_x = -23250;
                            357 ;	skipping iCode since result will be rematerialized
                            358 ;	genPointerSet
                            359 ;	genMove_o size 4 result type 6 source type 1 a_dead 1 hl_dead 1 de_dead 1 iy_dead 1 f_dead 1
   01D6 DD 36 E8 2E   [19]  360 	ld	-24 (ix), #0x2e
   01DA DD 36 E9 A5   [19]  361 	ld	-23 (ix), #0xa5
   01DE DD 36 EA FF   [19]  362 	ld	-22 (ix), #0xff
   01E2 DD 36 EB FF   [19]  363 	ld	-21 (ix), #0xff
                            364 ;cases/./../tests/gcc-torture-execute-950607-2.c:42: b.p_y = 23250;
                            365 ;	skipping iCode since result will be rematerialized
                            366 ;	genPointerSet
                            367 ;	genMove_o size 4 result type 6 source type 1 a_dead 1 hl_dead 1 de_dead 1 iy_dead 1 f_dead 1
   01E6 DD 36 EC D2   [19]  368 	ld	-20 (ix), #0xd2
   01EA DD 36 ED 5A   [19]  369 	ld	-19 (ix), #0x5a
   01EE AF            [ 4]  370 	xor	a, a
   01EF DD 77 EE      [19]  371 	ld	-18 (ix), a
   01F2 DD 77 EF      [19]  372 	ld	-17 (ix), a
                            373 ;cases/./../tests/gcc-torture-execute-950607-2.c:44: p1.p_x = 23250;
                            374 ;	genAddrOf
   01F5 21 08 00      [10]  375 	ld	hl, #8
   01F8 39            [11]  376 	add	hl, sp
                            377 ;	genPointerSet
                            378 ;	genMove_o size 2 result type 2 source type 2 a_dead 1 hl_dead 1 de_dead 0 iy_dead 1 f_dead 1
                            379 ; common peephole 32b removed de/hl swap.
   01F9 5D            [ 4]  380 	ld	e, l
   01FA 54            [ 4]  381 	ld	d, h
                            382 ;	genMove_o size 0 result type 2 source type 1 a_dead 1 hl_dead 1 de_dead 0 iy_dead 1 f_dead 1
   01FB 36 D2         [10]  383 	ld	(hl), #0xd2
   01FD 23            [ 6]  384 	inc	hl
   01FE 36 5A         [10]  385 	ld	(hl), #0x5a
   0200 23            [ 6]  386 	inc	hl
   0201 AF            [ 4]  387 	xor	a, a
   0202 77            [ 7]  388 	ld	(hl), a
   0203 23            [ 6]  389 	inc	hl
   0204 77            [ 7]  390 	ld	(hl), a
                            391 ;cases/./../tests/gcc-torture-execute-950607-2.c:45: p1.p_y = -23250;
                            392 ;	genPlus
                            393 ;fetchPairLong
   0205 21 04 00      [10]  394 	ld	hl, #0x0004
   0208 19            [11]  395 	add	hl, de
                            396 ;	genPointerSet
                            397 ;	genMove_o size 2 result type 2 source type 2 a_dead 1 hl_dead 1 de_dead 0 iy_dead 1 f_dead 1
   0209 36 2E         [10]  398 	ld	(hl), #0x2e
   020B 23            [ 6]  399 	inc	hl
   020C 36 A5         [10]  400 	ld	(hl), #0xa5
   020E 23            [ 6]  401 	inc	hl
   020F 36 FF         [10]  402 	ld	(hl), #0xff
   0211 23            [ 6]  403 	inc	hl
   0212 36 FF         [10]  404 	ld	(hl), #0xff
                            405 ;cases/./../tests/gcc-torture-execute-950607-2.c:47: p2.p_x = -23250;
                            406 ;	genAddrOf
   0214 21 10 00      [10]  407 	ld	hl, #16
   0217 39            [11]  408 	add	hl, sp
                            409 ;	genPointerSet
   0218 36 2E         [10]  410 	ld	(hl), #0x2e
   021A 23            [ 6]  411 	inc	hl
   021B 36 A5         [10]  412 	ld	(hl), #0xa5
   021D 23            [ 6]  413 	inc	hl
   021E 36 FF         [10]  414 	ld	(hl), #0xff
   0220 23            [ 6]  415 	inc	hl
   0221 36 FF         [10]  416 	ld	(hl), #0xff
   0223 2B            [ 6]  417 	dec	hl
   0224 2B            [ 6]  418 	dec	hl
   0225 2B            [ 6]  419 	dec	hl
                            420 ;cases/./../tests/gcc-torture-execute-950607-2.c:48: p2.p_y = -23250;
                            421 ;	skipping iCode since result will be rematerialized
                            422 ;	genPointerSet
                            423 ;	genMove_o size 4 result type 6 source type 1 a_dead 1 hl_dead 0 de_dead 0 iy_dead 1 f_dead 1
   0226 DD 36 FC 2E   [19]  424 	ld	-4 (ix), #0x2e
   022A DD 36 FD A5   [19]  425 	ld	-3 (ix), #0xa5
   022E DD 36 FE FF   [19]  426 	ld	-2 (ix), #0xff
   0232 DD 36 FF FF   [19]  427 	ld	-1 (ix), #0xff
                            428 ;cases/./../tests/gcc-torture-execute-950607-2.c:50: answer = f (b, p1, p2);
                            429 ;	genPointerPush
                            430 ;	genMove_o size 2 result type 2 source type 2 a_dead 1 hl_dead 1 de_dead 0 iy_dead 1 f_dead 1
   0236 01 07 00      [10]  431 	ld	bc, #7
   0239 09            [11]  432 	add	hl, bc
   023A 46            [ 7]  433 	ld	b, (hl)
   023B 2B            [ 6]  434 	dec	hl
   023C 4E            [ 7]  435 	ld	c, (hl)
                            436 ; common peephole 96d move dec hl before push bc
   023D 2B            [ 6]  437 	dec	hl
   023E C5            [11]  438 	push	bc
   023F 46            [ 7]  439 	ld	b, (hl)
   0240 2B            [ 6]  440 	dec	hl
   0241 4E            [ 7]  441 	ld	c, (hl)
                            442 ; common peephole 96d move dec hl before push bc
   0242 2B            [ 6]  443 	dec	hl
   0243 C5            [11]  444 	push	bc
   0244 46            [ 7]  445 	ld	b, (hl)
   0245 2B            [ 6]  446 	dec	hl
   0246 4E            [ 7]  447 	ld	c, (hl)
                            448 ; common peephole 96d move dec hl before push bc
   0247 2B            [ 6]  449 	dec	hl
   0248 C5            [11]  450 	push	bc
   0249 46            [ 7]  451 	ld	b, (hl)
   024A 2B            [ 6]  452 	dec	hl
   024B 4E            [ 7]  453 	ld	c, (hl)
   024C C5            [11]  454 	push	bc
                            455 ;	genPointerPush
                            456 ;	genMove_o size 2 result type 2 source type 2 a_dead 1 hl_dead 1 de_dead 1 iy_dead 1 f_dead 1
   024D EB            [ 4]  457 	ex	de, hl
                            458 ;	genMove_o size 0 result type 2 source type 1 a_dead 1 hl_dead 1 de_dead 1 iy_dead 1 f_dead 1
   024E 01 07 00      [10]  459 	ld	bc, #7
   0251 09            [11]  460 	add	hl, bc
   0252 46            [ 7]  461 	ld	b, (hl)
   0253 2B            [ 6]  462 	dec	hl
   0254 4E            [ 7]  463 	ld	c, (hl)
                            464 ; common peephole 96d move dec hl before push bc
   0255 2B            [ 6]  465 	dec	hl
   0256 C5            [11]  466 	push	bc
   0257 46            [ 7]  467 	ld	b, (hl)
   0258 2B            [ 6]  468 	dec	hl
   0259 4E            [ 7]  469 	ld	c, (hl)
                            470 ; common peephole 96d move dec hl before push bc
   025A 2B            [ 6]  471 	dec	hl
   025B C5            [11]  472 	push	bc
   025C 46            [ 7]  473 	ld	b, (hl)
   025D 2B            [ 6]  474 	dec	hl
   025E 4E            [ 7]  475 	ld	c, (hl)
                            476 ; common peephole 96d move dec hl before push bc
   025F 2B            [ 6]  477 	dec	hl
   0260 C5            [11]  478 	push	bc
   0261 46            [ 7]  479 	ld	b, (hl)
   0262 2B            [ 6]  480 	dec	hl
   0263 4E            [ 7]  481 	ld	c, (hl)
   0264 C5            [11]  482 	push	bc
                            483 ;	genPointerPush
                            484 ;	genMove_o size 2 result type 2 source type 8 a_dead 1 hl_dead 1 de_dead 1 iy_dead 1 f_dead 1
                            485 ;	genMove_o size 2 result type 2 source type 2 a_dead 1 hl_dead 1 de_dead 1 iy_dead 1 f_dead 1
                            486 ; common peephole 120 removed loads by exploiting commutativity of addition.
                            487 ; common peephole 130b added +7 to immediate 16
   0265 21 17 00      [10]  488 	ld	hl, #0x17
   0268 39            [11]  489 	add	hl, sp
   0269 46            [ 7]  490 	ld	b, (hl)
   026A 2B            [ 6]  491 	dec	hl
   026B 4E            [ 7]  492 	ld	c, (hl)
                            493 ; common peephole 96d move dec hl before push bc
   026C 2B            [ 6]  494 	dec	hl
   026D C5            [11]  495 	push	bc
   026E 46            [ 7]  496 	ld	b, (hl)
   026F 2B            [ 6]  497 	dec	hl
   0270 4E            [ 7]  498 	ld	c, (hl)
                            499 ; common peephole 96d move dec hl before push bc
   0271 2B            [ 6]  500 	dec	hl
   0272 C5            [11]  501 	push	bc
   0273 46            [ 7]  502 	ld	b, (hl)
   0274 2B            [ 6]  503 	dec	hl
   0275 4E            [ 7]  504 	ld	c, (hl)
                            505 ; common peephole 96d move dec hl before push bc
   0276 2B            [ 6]  506 	dec	hl
   0277 C5            [11]  507 	push	bc
   0278 46            [ 7]  508 	ld	b, (hl)
   0279 2B            [ 6]  509 	dec	hl
   027A 4E            [ 7]  510 	ld	c, (hl)
   027B C5            [11]  511 	push	bc
                            512 ;	genCall
   027C CDr00s00      [17]  513 	call	_f
                            514 ;	genMove_o size 2 result type 2 source type 2 a_dead 1 hl_dead 1 de_dead 1 iy_dead 1 f_dead 1
                            515 ;cases/./../tests/gcc-torture-execute-950607-2.c:52: if (answer != 1)
                            516 ;	genCmpEq
                            517 ;	genMove_o size 1 result type 2 source type 2 a_dead 1 hl_dead 1 de_dead 0 iy_dead 0 f_dead 1
   027F 7B            [ 4]  518 	ld	a, e
                            519 ;	genMove_o size 0 result type 2 source type 1 a_dead 1 hl_dead 1 de_dead 0 iy_dead 0 f_dead 1
   0280 3D            [ 4]  520 	dec	a
   0281 B2            [ 4]  521 	or	a, d
                            522 ; common peephole 163 changed absolute to relative conditional jump.
   0282 28 18         [12]  523 	jr	z, 00102$
                            524 ; common peephole 81 removed jp by using inverse jump logic
                            525 ; common peephole 159 removed unused label 00113$.
                            526 ;	skipping generated iCode
                            527 ;cases/./../tests/gcc-torture-execute-950607-2.c:53: ASSERT (0);
                            528 ;	genPlus
                            529 ;	genMove_o size 2 result type 2 source type 10 a_dead 1 hl_dead 1 de_dead 1 iy_dead 1 f_dead 1
   0284 2Ar00s00      [16]  530 	ld	hl, (___numTests)
   0287 23            [ 6]  531 	inc	hl
                            532 ;	genMove_o size 2 result type 10 source type 2 a_dead 1 hl_dead 1 de_dead 1 iy_dead 1 f_dead 1
   0288 22r00s00      [16]  533 	ld	(___numTests), hl
                            534 ;	skipping iCode since result will be rematerialized
                            535 ;	skipping iCode since result will be rematerialized
                            536 ;	skipping iCode since result will be rematerialized
                            537 ;	skipping iCode since result will be rematerialized
                            538 ;	skipping iCode since result will be rematerialized
                            539 ;	skipping iCode since result will be rematerialized
                            540 ;	genIpush
                            541 ;	genMove_o size 2 result type 2 source type 1 a_dead 1 hl_dead 1 de_dead 1 iy_dead 1 f_dead 1
   028B 21 35 00      [10]  542 	ld	hl, #0x0035
   028E E5            [11]  543 	push	hl
                            544 ;	genIpush
                            545 ;	genMove_o size 2 result type 2 source type 7 a_dead 1 hl_dead 1 de_dead 1 iy_dead 1 f_dead 1
   028F 21rB4s02      [10]  546 	ld	hl, #__str_2
   0292 E5            [11]  547 	push	hl
                            548 ;	genSend
                            549 ;	genMove_o size 2 result type 2 source type 7 a_dead 1 hl_dead 1 de_dead 1 iy_dead 1 f_dead 1
   0293 11rB2s02      [10]  550 	ld	de, #__str_1
                            551 ;	genSend
                            552 ;	genMove_o size 2 result type 2 source type 7 a_dead 1 hl_dead 1 de_dead 0 iy_dead 1 f_dead 1
   0296 21rA1s02      [10]  553 	ld	hl, #__str_0
                            554 ;	genCall
   0299 CDr00s00      [17]  555 	call	___fail
                            556 ;	genLabel
   029C                     557 00102$:
                            558 ;cases/./../tests/gcc-torture-execute-950607-2.c:54: return;
                            559 ;	genRet
                            560 ;	genLabel
                            561 ; common peephole 159 removed unused label 00103$.
                            562 ;cases/./../tests/gcc-torture-execute-950607-2.c:56: }
                            563 ;	genEndFunction
   029C DD F9         [10]  564 	ld	sp, ix
   029E DD E1         [14]  565 	pop	ix
   02A0 C9            [10]  566 	ret
                            567 ;	Total testTortureExecute function size at codegen: 5 bytes.
   02A1                     568 __str_0:
   02A1 41 73 73 65 72 74   569 	.ascii "Assertion failed"
        69 6F 6E 20 66 61
        69 6C 65 64
   02B1 00                  570 	.db 0x00
   02B2                     571 __str_1:
   02B2 30                  572 	.ascii "0"
   02B3 00                  573 	.db 0x00
   02B4                     574 __str_2:
   02B4 63 61 73 65 73 2F   575 	.ascii "cases/./../tests/gcc-torture-execute-950607-2.c"
        2E 2F 2E 2E 2F 74
        65 73 74 73 2F 67
        63 63 2D 74 6F 72
        74 75 72 65 2D 65
        78 65 63 75 74 65
        2D 39 35 30 36 30
        37 2D 32 2E 63
   02E3 00                  576 	.db 0x00
                            577 ;cases/tst_gcc-torture-execute-950607-2.c:4: __runSuite(void)
                            578 ;	genLabel
                            579 ;	genFunction
                            580 ;	---------------------------------
                            581 ; Function __runSuite
                            582 ; ---------------------------------
                            583 ;	Register assignment is optimal.
                            584 ; Stack space usage: 0 bytes.
   02E4                     585 ___runSuite::
                            586 ;cases/tst_gcc-torture-execute-950607-2.c:6: __prints("Running testTortureExecute\n");
                            587 ;	skipping iCode since result will be rematerialized
                            588 ;	skipping iCode since result will be rematerialized
                            589 ;	genSend
                            590 ;	genMove_o size 2 result type 2 source type 7 a_dead 1 hl_dead 1 de_dead 1 iy_dead 1 f_dead 1
   02E4 21rEDs02      [10]  591 	ld	hl, #___str_3
                            592 ;	genCall
   02E7 CDr00s00      [17]  593 	call	___prints
                            594 ;cases/tst_gcc-torture-execute-950607-2.c:7: testTortureExecute();
                            595 ;	genCall
                            596 ;	genLabel
                            597 ; common peephole 159 removed unused label 00101$.
                            598 ;cases/tst_gcc-torture-execute-950607-2.c:8: }
                            599 ;	genEndFunction
   02EA C3rC9s01      [10]  600 	jp	_testTortureExecute
                            601 ; common peephole 152 removed unused ret.
                            602 ;	Total __runSuite function size at codegen: 1 bytes.
   02ED                     603 ___str_3:
   02ED 52 75 6E 6E 69 6E   604 	.ascii "Running testTortureExecute"
        67 20 74 65 73 74
        54 6F 72 74 75 72
        65 45 78 65 63 75
        74 65
   0307 0A                  605 	.db 0x0a
   0308 00                  606 	.db 0x00
                            607 ;cases/tst_gcc-torture-execute-950607-2.c:13: __getSuiteName(void)
                            608 ;	genLabel
                            609 ;	genFunction
                            610 ;	---------------------------------
                            611 ; Function __getSuiteName
                            612 ; ---------------------------------
                            613 ;	Register assignment is optimal.
                            614 ; Stack space usage: 0 bytes.
   0309                     615 ___getSuiteName::
                            616 ;cases/tst_gcc-torture-execute-950607-2.c:15: return "gcc-torture-execute-950607-2.c";
                            617 ;	skipping iCode since result will be rematerialized
                            618 ;	skipping iCode since result will be rematerialized
                            619 ;	genRet
                            620 ;	genMove_o size 2 result type 2 source type 7 a_dead 1 hl_dead 1 de_dead 1 iy_dead 1 f_dead 1
   0309 11r0Fs03      [10]  621 	ld	de, #___str_4
                            622 ;	genLabel
                            623 ; common peephole 159 removed unused label 00101$.
                            624 ;cases/tst_gcc-torture-execute-950607-2.c:16: }
                            625 ;	genEndFunction
   030C C9            [10]  626 	ret
                            627 ;	Total __getSuiteName function size at codegen: 1 bytes.
   030D                     628 ___numCases:
   030D 01 00               629 	.dw #0x0001
   030F                     630 ___str_4:
   030F 67 63 63 2D 74 6F   631 	.ascii "gcc-torture-execute-950607-2.c"
        72 74 75 72 65 2D
        65 78 65 63 75 74
        65 2D 39 35 30 36
        30 37 2D 32 2E 63
   032D 00                  632 	.db 0x00
                            633 	.area _CODE (BANK=_CSEG)
                            634 	.area _INITIALIZER
                            635 	.area _CABS (ABS)
