                              1 ;--------------------------------------------------------
                              2 ; File Created by SDCC : free open source ISO C Compiler
                              3 ; Version 4.6.2 #16710 (Linux)
                              4 ;--------------------------------------------------------
                              5 	.module tst_bug3037889
                              6 	
                              7 ;--------------------------------------------------------
                              8 ; Public variables in this module
                              9 ;--------------------------------------------------------
                             10 	.globl _testDummy
                             11 	.globl _Bug3153956
                             12 	.globl _Bug3034976
                             13 	.globl _Bug3037889
                             14 	.globl ___prints
                             15 	.globl ___numCases
                             16 	.globl ___runSuite
                             17 	.globl ___getSuiteName
                             18 ;--------------------------------------------------------
                             19 ; special function registers
                             20 ;--------------------------------------------------------
                             21 ;--------------------------------------------------------
                             22 ; ram data
                             23 ;--------------------------------------------------------
                             24 	.area _DATA (BANK=_DSEG)
                             25 ;--------------------------------------------------------
                             26 ; ram data
                             27 ;--------------------------------------------------------
                             28 	.area _INITIALIZED
                             29 ;--------------------------------------------------------
                             30 ; absolute ram data
                             31 ;--------------------------------------------------------
                             32 	.area _DABS (ABS)
                             33 	.area _DABS (ABS)
                             34 ;--------------------------------------------------------
                             35 ; global & static initialisations
                             36 ;--------------------------------------------------------
                             37 	.area _HOME
                             38 	.area _GSINIT
                             39 	.area _GSFINAL
                             40 	.area _GSINIT
                             41 ;--------------------------------------------------------
                             42 ; Home
                             43 ;--------------------------------------------------------
                             44 	.area _HOME (BANK=_CSEG)
                             45 	.area _HOME (BANK=_CSEG)
                             46 ;--------------------------------------------------------
                             47 ; code
                             48 ;--------------------------------------------------------
                             49 	.area _CODE (BANK=_CSEG)
                             50 ;cases/./../tests/bug3037889.c:17: void Bug3037889 (void)
                             51 ;	genLabel
                             52 ;	genFunction
                             53 ;	---------------------------------
                             54 ; Function Bug3037889
                             55 ; ---------------------------------
                             56 ;	Register assignment is optimal.
                             57 ; Stack space usage: 0 bytes.
   0000                      58 _Bug3037889::
                             59 ;cases/./../tests/bug3037889.c:19: *((char *) 0x42e0 - 1) = 1;     /* compiler crashes */
                             60 ;	genPointerSet
                             61 ;	genMove_o size 2 result type 2 source type 1 a_dead 1 hl_dead 1 de_dead 1 iy_dead 1 f_dead 1
   0000 21 DF 42      [10]   62 	ld	hl, #0x42df
   0003 36 01         [10]   63 	ld	(hl), #0x01
                             64 ;cases/./../tests/bug3037889.c:20: *((char *) 0x42e0 + 1) = 1;     /* works fine */
                             65 ;	genPointerSet
                             66 ;	genMove_o size 2 result type 2 source type 1 a_dead 1 hl_dead 1 de_dead 1 iy_dead 1 f_dead 1
   0005 2E E1         [ 7]   67 	ld	l, #0xe1
   0007 36 01         [10]   68 	ld	(hl), #0x01
                             69 ;cases/./../tests/bug3037889.c:21: *((char *) (0x42e0 - 1)) = 1;   /* works fine */
                             70 ;	genPointerSet
                             71 ;	genMove_o size 2 result type 2 source type 1 a_dead 1 hl_dead 1 de_dead 1 iy_dead 1 f_dead 1
   0009 2E DF         [ 7]   72 	ld	l, #0xdf
   000B 36 01         [10]   73 	ld	(hl), #0x01
                             74 ;	genLabel
                             75 ; common peephole 159 removed unused label 00101$.
                             76 ;cases/./../tests/bug3037889.c:22: }
                             77 ;	genEndFunction
   000D C9            [10]   78 	ret
                             79 ;	Total Bug3037889 function size at codegen: 1 bytes.
                             80 ;cases/./../tests/bug3037889.c:26: void Bug3034976 (void)
                             81 ;	genLabel
                             82 ;	genFunction
                             83 ;	---------------------------------
                             84 ; Function Bug3034976
                             85 ; ---------------------------------
                             86 ;	Register assignment is optimal.
                             87 ; Stack space usage: 0 bytes.
   000E                      88 _Bug3034976::
                             89 ;cases/./../tests/bug3037889.c:28: while (1)
                             90 ;	genLabel
   000E                      91 00102$:
                             92 ;cases/./../tests/bug3037889.c:30: *(unsigned char __data *)0 = 0;
                             93 ;	genPointerSet
                             94 ;	genMove_o size 2 result type 2 source type 1 a_dead 1 hl_dead 1 de_dead 1 iy_dead 1 f_dead 1
   000E 21 00 00      [10]   95 	ld	hl, #0x0000
   0011 36 00         [10]   96 	ld	(hl), #0x00
                             97 ;	genGoto
                             98 ;	genLabel
                             99 ; common peephole 159 removed unused label 00104$.
                            100 ;cases/./../tests/bug3037889.c:32: }
                            101 ;	genEndFunction
                            102 ; common peephole 162 changed absolute to relative unconditional jump.
   0013 18 F9         [12]  103 	jr	00102$
                            104 ; common peephole 152 removed unused ret.
                            105 ;	Total Bug3034976 function size at codegen: 1 bytes.
                            106 ;cases/./../tests/bug3037889.c:37: void Bug3153956 (void)
                            107 ;	genLabel
                            108 ;	genFunction
                            109 ;	---------------------------------
                            110 ; Function Bug3153956
                            111 ; ---------------------------------
                            112 ;	Register assignment is optimal.
                            113 ; Stack space usage: 0 bytes.
   0015                     114 _Bug3153956::
                            115 ;cases/./../tests/bug3037889.c:39: ((char volatile __xdata *)0)[1] = 0;
                            116 ;	genPointerSet
                            117 ;	genMove_o size 2 result type 2 source type 1 a_dead 1 hl_dead 1 de_dead 1 iy_dead 1 f_dead 1
   0015 21 01 00      [10]  118 	ld	hl, #0x0001
   0018 36 00         [10]  119 	ld	(hl), #0x00
                            120 ;	genLabel
                            121 ; common peephole 159 removed unused label 00101$.
                            122 ;cases/./../tests/bug3037889.c:40: }
                            123 ;	genEndFunction
   001A C9            [10]  124 	ret
                            125 ;	Total Bug3153956 function size at codegen: 1 bytes.
                            126 ;cases/./../tests/bug3037889.c:46: void testDummy (void)
                            127 ;	genLabel
                            128 ;	genFunction
                            129 ;	---------------------------------
                            130 ; Function testDummy
                            131 ; ---------------------------------
                            132 ;	Register assignment is optimal.
                            133 ; Stack space usage: 0 bytes.
   001B                     134 _testDummy::
                            135 ;cases/./../tests/bug3037889.c:48: }
                            136 ;	genLabel
                            137 ; common peephole 159 removed unused label 00101$.
                            138 ;	genEndFunction
   001B C9            [10]  139 	ret
                            140 ;	Total testDummy function size at codegen: 1 bytes.
                            141 ;cases/tst_bug3037889.c:4: __runSuite(void)
                            142 ;	genLabel
                            143 ;	genFunction
                            144 ;	---------------------------------
                            145 ; Function __runSuite
                            146 ; ---------------------------------
                            147 ;	Register assignment is optimal.
                            148 ; Stack space usage: 0 bytes.
   001C                     149 ___runSuite::
                            150 ;cases/tst_bug3037889.c:6: __prints("Running testDummy\n");
                            151 ;	skipping iCode since result will be rematerialized
                            152 ;	skipping iCode since result will be rematerialized
                            153 ;	genSend
                            154 ;	genMove_o size 2 result type 2 source type 7 a_dead 1 hl_dead 1 de_dead 1 iy_dead 1 f_dead 1
   001C 21r22s00      [10]  155 	ld	hl, #___str_0
                            156 ;	genCall
                            157 ;cases/tst_bug3037889.c:7: testDummy();
                            158 ;	genLabel
                            159 ; common peephole 159 removed unused label 00101$.
                            160 ;cases/tst_bug3037889.c:8: }
                            161 ;	genEndFunction
   001F C3r00s00      [10]  162 	jp	___prints
                            163 ; common peephole 152 removed unused ret.
                            164 ;	Total __runSuite function size at codegen: 1 bytes.
   0022                     165 ___str_0:
   0022 52 75 6E 6E 69 6E   166 	.ascii "Running testDummy"
        67 20 74 65 73 74
        44 75 6D 6D 79
   0033 0A                  167 	.db 0x0a
   0034 00                  168 	.db 0x00
                            169 ;cases/tst_bug3037889.c:13: __getSuiteName(void)
                            170 ;	genLabel
                            171 ;	genFunction
                            172 ;	---------------------------------
                            173 ; Function __getSuiteName
                            174 ; ---------------------------------
                            175 ;	Register assignment is optimal.
                            176 ; Stack space usage: 0 bytes.
   0035                     177 ___getSuiteName::
                            178 ;cases/tst_bug3037889.c:15: return "bug3037889.c";
                            179 ;	skipping iCode since result will be rematerialized
                            180 ;	skipping iCode since result will be rematerialized
                            181 ;	genRet
                            182 ;	genMove_o size 2 result type 2 source type 7 a_dead 1 hl_dead 1 de_dead 1 iy_dead 1 f_dead 1
   0035 11r3Bs00      [10]  183 	ld	de, #___str_1
                            184 ;	genLabel
                            185 ; common peephole 159 removed unused label 00101$.
                            186 ;cases/tst_bug3037889.c:16: }
                            187 ;	genEndFunction
   0038 C9            [10]  188 	ret
                            189 ;	Total __getSuiteName function size at codegen: 1 bytes.
   0039                     190 ___numCases:
   0039 01 00               191 	.dw #0x0001
   003B                     192 ___str_1:
   003B 62 75 67 33 30 33   193 	.ascii "bug3037889.c"
        37 38 38 39 2E 63
   0047 00                  194 	.db 0x00
                            195 	.area _CODE (BANK=_CSEG)
                            196 	.area _INITIALIZER
                            197 	.area _CABS (ABS)
