                              1 ;--------------------------------------------------------
                              2 ; File Created by SDCC : free open source ISO C Compiler
                              3 ; Version 4.6.2 #16710 (Linux)
                              4 ;--------------------------------------------------------
                              5 	.module tst_bug_1294691
                              6 	
                              7 ;--------------------------------------------------------
                              8 ; Public variables in this module
                              9 ;--------------------------------------------------------
                             10 	.globl _testBug
                             11 	.globl ___prints
                             12 	.globl ___fail
                             13 	.globl _y
                             14 	.globl _x
                             15 	.globl _ret
                             16 	.globl ___numCases
                             17 	.globl ___runSuite
                             18 	.globl ___getSuiteName
                             19 ;--------------------------------------------------------
                             20 ; special function registers
                             21 ;--------------------------------------------------------
                             22 ;--------------------------------------------------------
                             23 ; ram data
                             24 ;--------------------------------------------------------
                             25 	.area _DATA (BANK=_DSEG)
   0000                      26 _ret::
   0000                      27 	.ds 2
                             28 ;--------------------------------------------------------
                             29 ; ram data
                             30 ;--------------------------------------------------------
                             31 	.area _INITIALIZED
   0000                      32 _x::
   0000                      33 	.ds 1
   0001                      34 _y::
   0001                      35 	.ds 1
                             36 ;--------------------------------------------------------
                             37 ; absolute ram data
                             38 ;--------------------------------------------------------
                             39 	.area _DABS (ABS)
                             40 	.area _DABS (ABS)
                             41 ;--------------------------------------------------------
                             42 ; global & static initialisations
                             43 ;--------------------------------------------------------
                             44 	.area _HOME
                             45 	.area _GSINIT
                             46 	.area _GSFINAL
                             47 	.area _GSINIT
                             48 ;--------------------------------------------------------
                             49 ; Home
                             50 ;--------------------------------------------------------
                             51 	.area _HOME (BANK=_CSEG)
                             52 	.area _HOME (BANK=_CSEG)
                             53 ;--------------------------------------------------------
                             54 ; code
                             55 ;--------------------------------------------------------
                             56 	.area _CODE (BANK=_CSEG)
                             57 ;cases/./../tests/bug-1294691.c:13: testBug(void)
                             58 ;	genLabel
                             59 ;	genFunction
                             60 ;	---------------------------------
                             61 ; Function testBug
                             62 ; ---------------------------------
                             63 ;	Register assignment might be sub-optimal.
                             64 ; Stack space usage: 0 bytes.
   0000                      65 _testBug::
                             66 ;cases/./../tests/bug-1294691.c:15: ret = 1;
                             67 ;	genAssign
                             68 ;fetchPairLong
   0000 21 01 00      [10]   69 	ld	hl, #0x0001
                             70 ;	genMove_o size 2 result type 10 source type 2 a_dead 1 hl_dead 1 de_dead 1 iy_dead 1 f_dead 1
   0003 22r00s00      [16]   71 	ld	(_ret), hl
                             72 ;cases/./../tests/bug-1294691.c:17: if (x)
                             73 ;	genIfx
   0006 3Ar00s00      [13]   74 	ld	a, (_x+0)
   0009 B7            [ 4]   75 	or	a, a
                             76 ; common peephole 163 changed absolute to relative conditional jump.
   000A 20 04         [12]   77 	jr	nz, 00105$
                             78 ;cases/./../tests/bug-1294691.c:31: ret = 0;
                             79 ;	genAssign
                             80 ;fetchPairLong
   000C 6C            [ 4]   81 	ld	l, h
                             82 ;	genMove_o size 2 result type 10 source type 2 a_dead 1 hl_dead 1 de_dead 1 iy_dead 1 f_dead 1
   000D 22r00s00      [16]   83 	ld	(_ret), hl
                             84 ;	genLabel
   0010                      85 00105$:
                             86 ;cases/./../tests/bug-1294691.c:34: ASSERT(ret == 1);
                             87 ;	genPlus
                             88 ;	genMove_o size 2 result type 2 source type 10 a_dead 1 hl_dead 1 de_dead 1 iy_dead 1 f_dead 1
   0010 2Ar00s00      [16]   89 	ld	hl, (___numTests)
   0013 23            [ 6]   90 	inc	hl
                             91 ;	genMove_o size 2 result type 10 source type 2 a_dead 1 hl_dead 1 de_dead 1 iy_dead 1 f_dead 1
   0014 22r00s00      [16]   92 	ld	(___numTests), hl
                             93 ;	genCmpEq
                             94 ;	genMove_o size 1 result type 2 source type 10 a_dead 1 hl_dead 1 de_dead 0 iy_dead 0 f_dead 1
   0017 3Ar00s00      [13]   95 	ld	a, (_ret)
   001A 3D            [ 4]   96 	dec	a
                             97 ; common peephole 54 used hl instead of iy.
   001B 21r01s00      [10]   98 	ld	hl, #_ret + 1
   001E B6            [ 7]   99 	or	a, (hl)
   001F C8            [11]  100 	ret	z
                            101 ; common peephole 161 replaced jump by return.
                            102 ; common peephole 81 removed jp by using inverse jump logic
                            103 ; common peephole 159 removed unused label 00127$.
                            104 ;	skipping generated iCode
                            105 ;	skipping iCode since result will be rematerialized
                            106 ;	skipping iCode since result will be rematerialized
                            107 ;	skipping iCode since result will be rematerialized
                            108 ;	skipping iCode since result will be rematerialized
                            109 ;	skipping iCode since result will be rematerialized
                            110 ;	skipping iCode since result will be rematerialized
                            111 ;	genIpush
                            112 ;	genMove_o size 2 result type 2 source type 1 a_dead 1 hl_dead 1 de_dead 1 iy_dead 1 f_dead 1
   0020 21 22 00      [10]  113 	ld	hl, #0x0022
   0023 E5            [11]  114 	push	hl
                            115 ;	genIpush
                            116 ;	genMove_o size 2 result type 2 source type 7 a_dead 1 hl_dead 1 de_dead 1 iy_dead 1 f_dead 1
   0024 21r4Cs00      [10]  117 	ld	hl, #___str_2
   0027 E5            [11]  118 	push	hl
                            119 ;	genSend
                            120 ;	genMove_o size 2 result type 2 source type 7 a_dead 1 hl_dead 1 de_dead 1 iy_dead 1 f_dead 1
   0028 11r43s00      [10]  121 	ld	de, #___str_1
                            122 ;	genSend
                            123 ;	genMove_o size 2 result type 2 source type 7 a_dead 1 hl_dead 1 de_dead 0 iy_dead 1 f_dead 1
   002B 21r32s00      [10]  124 	ld	hl, #___str_0
                            125 ;	genCall
   002E CDr00s00      [17]  126 	call	___fail
                            127 ;	genLabel
                            128 ; common peephole 159 removed unused label 00106$.
                            129 ;cases/./../tests/bug-1294691.c:35: }
                            130 ;	genEndFunction
   0031 C9            [10]  131 	ret
                            132 ;	Total testBug function size at codegen: 1 bytes.
   0032                     133 ___str_0:
   0032 41 73 73 65 72 74   134 	.ascii "Assertion failed"
        69 6F 6E 20 66 61
        69 6C 65 64
   0042 00                  135 	.db 0x00
   0043                     136 ___str_1:
   0043 72 65 74 20 3D 3D   137 	.ascii "ret == 1"
        20 31
   004B 00                  138 	.db 0x00
   004C                     139 ___str_2:
   004C 63 61 73 65 73 2F   140 	.ascii "cases/./../tests/bug-1294691.c"
        2E 2F 2E 2E 2F 74
        65 73 74 73 2F 62
        75 67 2D 31 32 39
        34 36 39 31 2E 63
   006A 00                  141 	.db 0x00
                            142 ;cases/tst_bug-1294691.c:4: __runSuite(void)
                            143 ;	genLabel
                            144 ;	genFunction
                            145 ;	---------------------------------
                            146 ; Function __runSuite
                            147 ; ---------------------------------
                            148 ;	Register assignment is optimal.
                            149 ; Stack space usage: 0 bytes.
   006B                     150 ___runSuite::
                            151 ;cases/tst_bug-1294691.c:6: __prints("Running testBug\n");
                            152 ;	skipping iCode since result will be rematerialized
                            153 ;	skipping iCode since result will be rematerialized
                            154 ;	genSend
                            155 ;	genMove_o size 2 result type 2 source type 7 a_dead 1 hl_dead 1 de_dead 1 iy_dead 1 f_dead 1
   006B 21r74s00      [10]  156 	ld	hl, #___str_3
                            157 ;	genCall
   006E CDr00s00      [17]  158 	call	___prints
                            159 ;cases/tst_bug-1294691.c:7: testBug();
                            160 ;	genCall
                            161 ;	genLabel
                            162 ; common peephole 159 removed unused label 00101$.
                            163 ;cases/tst_bug-1294691.c:8: }
                            164 ;	genEndFunction
   0071 C3r00s00      [10]  165 	jp	_testBug
                            166 ; common peephole 152 removed unused ret.
                            167 ;	Total __runSuite function size at codegen: 1 bytes.
   0074                     168 ___str_3:
   0074 52 75 6E 6E 69 6E   169 	.ascii "Running testBug"
        67 20 74 65 73 74
        42 75 67
   0083 0A                  170 	.db 0x0a
   0084 00                  171 	.db 0x00
                            172 ;cases/tst_bug-1294691.c:13: __getSuiteName(void)
                            173 ;	genLabel
                            174 ;	genFunction
                            175 ;	---------------------------------
                            176 ; Function __getSuiteName
                            177 ; ---------------------------------
                            178 ;	Register assignment is optimal.
                            179 ; Stack space usage: 0 bytes.
   0085                     180 ___getSuiteName::
                            181 ;cases/tst_bug-1294691.c:15: return "bug-1294691.c";
                            182 ;	skipping iCode since result will be rematerialized
                            183 ;	skipping iCode since result will be rematerialized
                            184 ;	genRet
                            185 ;	genMove_o size 2 result type 2 source type 7 a_dead 1 hl_dead 1 de_dead 1 iy_dead 1 f_dead 1
   0085 11r8Bs00      [10]  186 	ld	de, #___str_4
                            187 ;	genLabel
                            188 ; common peephole 159 removed unused label 00101$.
                            189 ;cases/tst_bug-1294691.c:16: }
                            190 ;	genEndFunction
   0088 C9            [10]  191 	ret
                            192 ;	Total __getSuiteName function size at codegen: 1 bytes.
   0089                     193 ___numCases:
   0089 01 00               194 	.dw #0x0001
   008B                     195 ___str_4:
   008B 62 75 67 2D 31 32   196 	.ascii "bug-1294691.c"
        39 34 36 39 31 2E
        63
   0098 00                  197 	.db 0x00
                            198 	.area _CODE (BANK=_CSEG)
                            199 	.area _INITIALIZER
   0000                     200 __xinit__x:
   0000 01                  201 	.db #0x01	; 1
   0001                     202 __xinit__y:
   0001 05                  203 	.db #0x05	; 5
                            204 	.area _CABS (ABS)
