                              1 ;--------------------------------------------------------
                              2 ; File Created by SDCC : free open source ISO C Compiler
                              3 ; Version 4.6.2 #16710 (Linux)
                              4 ;--------------------------------------------------------
                              5 	.module tst_gcc_torture_execute_20040313_1
                              6 	
                              7 ;--------------------------------------------------------
                              8 ; Public variables in this module
                              9 ;--------------------------------------------------------
                             10 	.globl _testTortureExecute
                             11 	.globl ___prints
                             12 	.globl ___fail
                             13 	.globl ___numCases
                             14 	.globl ___runSuite
                             15 	.globl ___getSuiteName
                             16 ;--------------------------------------------------------
                             17 ; special function registers
                             18 ;--------------------------------------------------------
                             19 ;--------------------------------------------------------
                             20 ; ram data
                             21 ;--------------------------------------------------------
                             22 	.area _DATA (BANK=_DSEG)
                             23 ;--------------------------------------------------------
                             24 ; ram data
                             25 ;--------------------------------------------------------
                             26 	.area _INITIALIZED
                             27 ;--------------------------------------------------------
                             28 ; absolute ram data
                             29 ;--------------------------------------------------------
                             30 	.area _DABS (ABS)
                             31 	.area _DABS (ABS)
                             32 ;--------------------------------------------------------
                             33 ; global & static initialisations
                             34 ;--------------------------------------------------------
                             35 	.area _HOME
                             36 	.area _GSINIT
                             37 	.area _GSFINAL
                             38 	.area _GSINIT
                             39 ;--------------------------------------------------------
                             40 ; Home
                             41 ;--------------------------------------------------------
                             42 	.area _HOME (BANK=_CSEG)
                             43 	.area _HOME (BANK=_CSEG)
                             44 ;--------------------------------------------------------
                             45 ; code
                             46 ;--------------------------------------------------------
                             47 	.area _CODE (BANK=_CSEG)
                             48 ;cases/./../tests/gcc-torture-execute-20040313-1.c:15: testTortureExecute (void)
                             49 ;	genLabel
                             50 ;	genFunction
                             51 ;	---------------------------------
                             52 ; Function testTortureExecute
                             53 ; ---------------------------------
                             54 ;	Register assignment might be sub-optimal.
                             55 ; Stack space usage: 8 bytes.
   0000                      56 _testTortureExecute::
   0000 DD E5         [15]   57 	push	ix
   0002 DD 21 00 00   [14]   58 	ld	ix,	#0
   0006 DD 39         [15]   59 	add	ix, sp
                             60 ;	adjustStack by -8
   0008 21 F8 FF      [10]   61 	ld	hl, #-8
   000B 39            [11]   62 	add	hl, sp
   000C F9            [ 6]   63 	ld	sp, hl
                             64 ;cases/./../tests/gcc-torture-execute-20040313-1.c:17: int t[4] = { 1 }, d;
                             65 ;	skipping iCode since result will be rematerialized
                             66 ;	genPointerSet
                             67 ;	genMove_o size 2 result type 6 source type 1 a_dead 1 hl_dead 1 de_dead 1 iy_dead 1 f_dead 1
   000D DD 36 F8 01   [19]   68 	ld	-8 (ix), #0x01
   0011 DD 36 F9 00   [19]   69 	ld	-7 (ix), #0
                             70 ; peephole 178 direct load zero constant to memory addressed by index register
                             71 ;	skipping iCode since result will be rematerialized
                             72 ;	genPointerSet
                             73 ;	genMove_o size 2 result type 6 source type 1 a_dead 1 hl_dead 1 de_dead 1 iy_dead 1 f_dead 1
   0015 AF            [ 4]   74 	xor	a, a
   0016 DD 77 FA      [19]   75 	ld	-6 (ix), a
   0019 DD 77 FB      [19]   76 	ld	-5 (ix), a
                             77 ;	skipping iCode since result will be rematerialized
                             78 ;	genPointerSet
                             79 ;	genMove_o size 2 result type 6 source type 1 a_dead 1 hl_dead 1 de_dead 1 iy_dead 1 f_dead 1
   001C AF            [ 4]   80 	xor	a, a
   001D DD 77 FC      [19]   81 	ld	-4 (ix), a
   0020 DD 77 FD      [19]   82 	ld	-3 (ix), a
                             83 ;	skipping iCode since result will be rematerialized
                             84 ;	genPointerSet
                             85 ;	genMove_o size 2 result type 6 source type 1 a_dead 1 hl_dead 1 de_dead 1 iy_dead 1 f_dead 1
   0023 AF            [ 4]   86 	xor	a, a
   0024 DD 77 FE      [19]   87 	ld	-2 (ix), a
   0027 DD 77 FF      [19]   88 	ld	-1 (ix), a
                             89 ;cases/./../tests/gcc-torture-execute-20040313-1.c:20: d = t[d]++;
                             90 ;	genPointerGet
                             91 ;	genMove_o size 2 result type 2 source type 6 a_dead 1 hl_dead 1 de_dead 1 iy_dead 1 f_dead 1
   002A C1            [10]   92 	pop	bc
   002B C5            [11]   93 	push	bc
                             94 ;	genMove_o size 0 result type 2 source type 1 a_dead 1 hl_dead 1 de_dead 1 iy_dead 1 f_dead 1
                             95 ;	genPlus
                             96 ;	genMove_o size 2 result type 2 source type 2 a_dead 1 hl_dead 1 de_dead 1 iy_dead 1 f_dead 1
   002C 59            [ 4]   97 	ld	e, c
   002D 50            [ 4]   98 	ld	d, b
                             99 ;	genMove_o size 0 result type 2 source type 1 a_dead 1 hl_dead 1 de_dead 1 iy_dead 1 f_dead 1
   002E 13            [ 6]  100 	inc	de
                            101 ;	genPointerSet
                            102 ;	genMove_o size 2 result type 6 source type 2 a_dead 1 hl_dead 1 de_dead 1 iy_dead 1 f_dead 1
   002F E1            [10]  103 	pop	hl
   0030 D5            [11]  104 	push	de
                            105 ;	genMove_o size 0 result type 6 source type 1 a_dead 1 hl_dead 1 de_dead 1 iy_dead 1 f_dead 1
                            106 ;	genAssign
                            107 ;	(locations are the same)
                            108 ;cases/./../tests/gcc-torture-execute-20040313-1.c:21: ASSERT (t[0] == 2);
                            109 ;	genPlus
                            110 ;	genMove_o size 2 result type 2 source type 10 a_dead 1 hl_dead 1 de_dead 1 iy_dead 1 f_dead 1
   0031 2Ar00s00      [16]  111 	ld	hl, (___numTests)
   0034 23            [ 6]  112 	inc	hl
                            113 ;	genMove_o size 2 result type 10 source type 2 a_dead 1 hl_dead 1 de_dead 1 iy_dead 1 f_dead 1
   0035 22r00s00      [16]  114 	ld	(___numTests), hl
                            115 ;	genPointerGet
                            116 ;	genMove_o size 2 result type 2 source type 6 a_dead 1 hl_dead 1 de_dead 1 iy_dead 1 f_dead 1
   0038 D1            [10]  117 	pop	de
   0039 D5            [11]  118 	push	de
                            119 ;	genMove_o size 0 result type 2 source type 1 a_dead 1 hl_dead 1 de_dead 1 iy_dead 1 f_dead 1
                            120 ;	genCmpEq
                            121 ;	genMove_o size 1 result type 2 source type 2 a_dead 1 hl_dead 1 de_dead 0 iy_dead 0 f_dead 1
   003A 7B            [ 4]  122 	ld	a, e
                            123 ;	genMove_o size 0 result type 2 source type 1 a_dead 1 hl_dead 1 de_dead 0 iy_dead 0 f_dead 1
   003B D6 02         [ 7]  124 	sub	a, #0x02
   003D B2            [ 4]  125 	or	a, d
                            126 ; common peephole 163 changed absolute to relative conditional jump.
   003E 28 13         [12]  127 	jr	z, 00104$
                            128 ; common peephole 81 removed jp by using inverse jump logic
                            129 ; common peephole 159 removed unused label 00123$.
                            130 ;	skipping generated iCode
                            131 ;	skipping iCode since result will be rematerialized
                            132 ;	skipping iCode since result will be rematerialized
                            133 ;	skipping iCode since result will be rematerialized
                            134 ;	skipping iCode since result will be rematerialized
                            135 ;	skipping iCode since result will be rematerialized
                            136 ;	skipping iCode since result will be rematerialized
                            137 ;	genIpush
   0040 C5            [11]  138 	push	bc
                            139 ;	genMove_o size 2 result type 2 source type 1 a_dead 1 hl_dead 1 de_dead 1 iy_dead 1 f_dead 1
   0041 21 15 00      [10]  140 	ld	hl, #0x0015
   0044 E5            [11]  141 	push	hl
                            142 ;	genIpush
                            143 ;	genMove_o size 2 result type 2 source type 7 a_dead 1 hl_dead 1 de_dead 1 iy_dead 1 f_dead 1
   0045 21r90s00      [10]  144 	ld	hl, #___str_2
   0048 E5            [11]  145 	push	hl
                            146 ;	genSend
                            147 ;	genMove_o size 2 result type 2 source type 7 a_dead 1 hl_dead 1 de_dead 1 iy_dead 1 f_dead 1
   0049 11r86s00      [10]  148 	ld	de, #___str_1
                            149 ;	genSend
                            150 ;	genMove_o size 2 result type 2 source type 7 a_dead 1 hl_dead 1 de_dead 0 iy_dead 1 f_dead 1
   004C 21r75s00      [10]  151 	ld	hl, #___str_0
                            152 ;	genCall
   004F CDr00s00      [17]  153 	call	___fail
   0052 C1            [10]  154 	pop	bc
                            155 ;	genLabel
   0053                     156 00104$:
                            157 ;cases/./../tests/gcc-torture-execute-20040313-1.c:22: ASSERT (d == 1);
                            158 ;	genPlus
                            159 ;	genMove_o size 2 result type 2 source type 10 a_dead 1 hl_dead 1 de_dead 1 iy_dead 1 f_dead 1
   0053 2Ar00s00      [16]  160 	ld	hl, (___numTests)
   0056 23            [ 6]  161 	inc	hl
                            162 ;	genMove_o size 2 result type 10 source type 2 a_dead 1 hl_dead 1 de_dead 1 iy_dead 1 f_dead 1
   0057 22r00s00      [16]  163 	ld	(___numTests), hl
                            164 ;	genCmpEq
                            165 ;	genMove_o size 1 result type 2 source type 2 a_dead 1 hl_dead 1 de_dead 0 iy_dead 0 f_dead 1
   005A 79            [ 4]  166 	ld	a, c
                            167 ;	genMove_o size 0 result type 2 source type 1 a_dead 1 hl_dead 1 de_dead 0 iy_dead 0 f_dead 1
   005B 3D            [ 4]  168 	dec	a
   005C B0            [ 4]  169 	or	a, b
                            170 ; common peephole 163 changed absolute to relative conditional jump.
   005D 28 11         [12]  171 	jr	z, 00106$
                            172 ; common peephole 81 removed jp by using inverse jump logic
                            173 ; common peephole 159 removed unused label 00124$.
                            174 ;	skipping generated iCode
                            175 ;	skipping iCode since result will be rematerialized
                            176 ;	skipping iCode since result will be rematerialized
                            177 ;	skipping iCode since result will be rematerialized
                            178 ;	skipping iCode since result will be rematerialized
                            179 ;	skipping iCode since result will be rematerialized
                            180 ;	skipping iCode since result will be rematerialized
                            181 ;	genIpush
                            182 ;	genMove_o size 2 result type 2 source type 1 a_dead 1 hl_dead 1 de_dead 1 iy_dead 1 f_dead 1
   005F 21 16 00      [10]  183 	ld	hl, #0x0016
   0062 E5            [11]  184 	push	hl
                            185 ;	genIpush
                            186 ;	genMove_o size 2 result type 2 source type 7 a_dead 1 hl_dead 1 de_dead 1 iy_dead 1 f_dead 1
   0063 21r90s00      [10]  187 	ld	hl, #___str_2
   0066 E5            [11]  188 	push	hl
                            189 ;	genSend
                            190 ;	genMove_o size 2 result type 2 source type 7 a_dead 1 hl_dead 1 de_dead 1 iy_dead 1 f_dead 1
   0067 11rC2s00      [10]  191 	ld	de, #___str_3
                            192 ;	genSend
                            193 ;	genMove_o size 2 result type 2 source type 7 a_dead 1 hl_dead 1 de_dead 0 iy_dead 1 f_dead 1
   006A 21r75s00      [10]  194 	ld	hl, #___str_0
                            195 ;	genCall
   006D CDr00s00      [17]  196 	call	___fail
                            197 ;	genLabel
   0070                     198 00106$:
                            199 ;cases/./../tests/gcc-torture-execute-20040313-1.c:23: return;
                            200 ;	genRet
                            201 ;	genLabel
                            202 ; common peephole 159 removed unused label 00101$.
                            203 ;cases/./../tests/gcc-torture-execute-20040313-1.c:24: }
                            204 ;	genEndFunction
   0070 DD F9         [10]  205 	ld	sp, ix
   0072 DD E1         [14]  206 	pop	ix
   0074 C9            [10]  207 	ret
                            208 ;	Total testTortureExecute function size at codegen: 5 bytes.
   0075                     209 ___str_0:
   0075 41 73 73 65 72 74   210 	.ascii "Assertion failed"
        69 6F 6E 20 66 61
        69 6C 65 64
   0085 00                  211 	.db 0x00
   0086                     212 ___str_1:
   0086 74 5B 30 5D 20 3D   213 	.ascii "t[0] == 2"
        3D 20 32
   008F 00                  214 	.db 0x00
   0090                     215 ___str_2:
   0090 63 61 73 65 73 2F   216 	.ascii "cases/./../tests/gcc-torture-execute-20040313-1.c"
        2E 2F 2E 2E 2F 74
        65 73 74 73 2F 67
        63 63 2D 74 6F 72
        74 75 72 65 2D 65
        78 65 63 75 74 65
        2D 32 30 30 34 30
        33 31 33 2D 31 2E
        63
   00C1 00                  217 	.db 0x00
   00C2                     218 ___str_3:
   00C2 64 20 3D 3D 20 31   219 	.ascii "d == 1"
   00C8 00                  220 	.db 0x00
                            221 ;cases/tst_gcc-torture-execute-20040313-1.c:4: __runSuite(void)
                            222 ;	genLabel
                            223 ;	genFunction
                            224 ;	---------------------------------
                            225 ; Function __runSuite
                            226 ; ---------------------------------
                            227 ;	Register assignment is optimal.
                            228 ; Stack space usage: 0 bytes.
   00C9                     229 ___runSuite::
                            230 ;cases/tst_gcc-torture-execute-20040313-1.c:6: __prints("Running testTortureExecute\n");
                            231 ;	skipping iCode since result will be rematerialized
                            232 ;	skipping iCode since result will be rematerialized
                            233 ;	genSend
                            234 ;	genMove_o size 2 result type 2 source type 7 a_dead 1 hl_dead 1 de_dead 1 iy_dead 1 f_dead 1
   00C9 21rD2s00      [10]  235 	ld	hl, #___str_4
                            236 ;	genCall
   00CC CDr00s00      [17]  237 	call	___prints
                            238 ;cases/tst_gcc-torture-execute-20040313-1.c:7: testTortureExecute();
                            239 ;	genCall
                            240 ;	genLabel
                            241 ; common peephole 159 removed unused label 00101$.
                            242 ;cases/tst_gcc-torture-execute-20040313-1.c:8: }
                            243 ;	genEndFunction
   00CF C3r00s00      [10]  244 	jp	_testTortureExecute
                            245 ; common peephole 152 removed unused ret.
                            246 ;	Total __runSuite function size at codegen: 1 bytes.
   00D2                     247 ___str_4:
   00D2 52 75 6E 6E 69 6E   248 	.ascii "Running testTortureExecute"
        67 20 74 65 73 74
        54 6F 72 74 75 72
        65 45 78 65 63 75
        74 65
   00EC 0A                  249 	.db 0x0a
   00ED 00                  250 	.db 0x00
                            251 ;cases/tst_gcc-torture-execute-20040313-1.c:13: __getSuiteName(void)
                            252 ;	genLabel
                            253 ;	genFunction
                            254 ;	---------------------------------
                            255 ; Function __getSuiteName
                            256 ; ---------------------------------
                            257 ;	Register assignment is optimal.
                            258 ; Stack space usage: 0 bytes.
   00EE                     259 ___getSuiteName::
                            260 ;cases/tst_gcc-torture-execute-20040313-1.c:15: return "gcc-torture-execute-20040313-1.c";
                            261 ;	skipping iCode since result will be rematerialized
                            262 ;	skipping iCode since result will be rematerialized
                            263 ;	genRet
                            264 ;	genMove_o size 2 result type 2 source type 7 a_dead 1 hl_dead 1 de_dead 1 iy_dead 1 f_dead 1
   00EE 11rF4s00      [10]  265 	ld	de, #___str_5
                            266 ;	genLabel
                            267 ; common peephole 159 removed unused label 00101$.
                            268 ;cases/tst_gcc-torture-execute-20040313-1.c:16: }
                            269 ;	genEndFunction
   00F1 C9            [10]  270 	ret
                            271 ;	Total __getSuiteName function size at codegen: 1 bytes.
   00F2                     272 ___numCases:
   00F2 01 00               273 	.dw #0x0001
   00F4                     274 ___str_5:
   00F4 67 63 63 2D 74 6F   275 	.ascii "gcc-torture-execute-20040313-1.c"
        72 74 75 72 65 2D
        65 78 65 63 75 74
        65 2D 32 30 30 34
        30 33 31 33 2D 31
        2E 63
   0114 00                  276 	.db 0x00
                            277 	.area _CODE (BANK=_CSEG)
                            278 	.area _INITIALIZER
                            279 	.area _CABS (ABS)
