                              1 ;--------------------------------------------------------
                              2 ; File Created by SDCC : free open source ISO C Compiler
                              3 ; Version 4.6.2 #16710 (Linux)
                              4 ;--------------------------------------------------------
                              5 	.module tst_gcc_torture_execute_pta_field_2
                              6 	
                              7 ;--------------------------------------------------------
                              8 ; Public variables in this module
                              9 ;--------------------------------------------------------
                             10 	.globl _testTortureExecute
                             11 	.globl _foo
                             12 	.globl _bar
                             13 	.globl ___prints
                             14 	.globl ___fail
                             15 	.globl ___numCases
                             16 	.globl ___runSuite
                             17 	.globl ___getSuiteName
                             18 ;--------------------------------------------------------
                             19 ; special function registers
                             20 ;--------------------------------------------------------
                             21 ;--------------------------------------------------------
                             22 ; ram data
                             23 ;--------------------------------------------------------
                             24 	.area _DATA (BANK=_DSEG)
                             25 ;--------------------------------------------------------
                             26 ; ram data
                             27 ;--------------------------------------------------------
                             28 	.area _INITIALIZED
                             29 ;--------------------------------------------------------
                             30 ; absolute ram data
                             31 ;--------------------------------------------------------
                             32 	.area _DABS (ABS)
                             33 	.area _DABS (ABS)
                             34 ;--------------------------------------------------------
                             35 ; global & static initialisations
                             36 ;--------------------------------------------------------
                             37 	.area _HOME
                             38 	.area _GSINIT
                             39 	.area _GSFINAL
                             40 	.area _GSINIT
                             41 ;--------------------------------------------------------
                             42 ; Home
                             43 ;--------------------------------------------------------
                             44 	.area _HOME (BANK=_CSEG)
                             45 	.area _HOME (BANK=_CSEG)
                             46 ;--------------------------------------------------------
                             47 ; code
                             48 ;--------------------------------------------------------
                             49 	.area _CODE (BANK=_CSEG)
                             50 ;cases/./../tests/gcc-torture-execute-pta-field-2.c:17: bar (int **x)
                             51 ;	genLabel
                             52 ;	genFunction
                             53 ;	---------------------------------
                             54 ; Function bar
                             55 ; ---------------------------------
                             56 ;	Register assignment might be sub-optimal.
                             57 ; Stack space usage: 0 bytes.
   0000                      58 _bar::
                             59 ;	genReceive
                             60 ;	genMove_o size 2 result type 2 source type 2 a_dead 1 hl_dead 1 de_dead 1 iy_dead 1 f_dead 1
                             61 ;cases/./../tests/gcc-torture-execute-pta-field-2.c:19: struct Foo *f = (struct Foo *)(x - 1);
                             62 ;	genMinus
   0000 2B            [ 6]   63 	dec	hl
   0001 2B            [ 6]   64 	dec	hl
                             65 ;	genCast
                             66 ;	(locations are the same)
                             67 ;cases/./../tests/gcc-torture-execute-pta-field-2.c:20: *(f->p) = 0;
                             68 ;	genPointerGet
                             69 ;fetchPairLong
                             70 ;	_moveFrom_tpair_()
   0002 4E            [ 7]   71 	ld	c, (hl)
   0003 23            [ 6]   72 	inc	hl
                             73 ;	_moveFrom_tpair_()
   0004 46            [ 7]   74 	ld	b, (hl)
                             75 ;	genPointerSet
                             76 ;	genMove_o size 2 result type 2 source type 2 a_dead 1 hl_dead 1 de_dead 1 iy_dead 1 f_dead 1
   0005 AF            [ 4]   77 	xor	a, a
   0006 02            [ 7]   78 	ld	(bc), a
   0007 03            [ 6]   79 	inc	bc
   0008 02            [ 7]   80 	ld	(bc), a
                             81 ;	genLabel
                             82 ; common peephole 159 removed unused label 00101$.
                             83 ;cases/./../tests/gcc-torture-execute-pta-field-2.c:21: }
                             84 ;	genEndFunction
   0009 C9            [10]   85 	ret
                             86 ;	Total bar function size at codegen: 1 bytes.
                             87 ;cases/./../tests/gcc-torture-execute-pta-field-2.c:23: int foo(void)
                             88 ;	genLabel
                             89 ;	genFunction
                             90 ;	---------------------------------
                             91 ; Function foo
                             92 ; ---------------------------------
                             93 ;	Register assignment might be sub-optimal.
                             94 ; Stack space usage: 8 bytes.
   000A                      95 _foo::
   000A DD E5         [15]   96 	push	ix
   000C DD 21 00 00   [14]   97 	ld	ix,	#0
   0010 DD 39         [15]   98 	add	ix, sp
                             99 ;	adjustStack by -8
   0012 21 F8 FF      [10]  100 	ld	hl, #-8
   0015 39            [11]  101 	add	hl, sp
   0016 F9            [ 6]  102 	ld	sp, hl
                            103 ;cases/./../tests/gcc-torture-execute-pta-field-2.c:26: int i = 1, j = 2;
                            104 ;	genAssign
                            105 ;	genMove_o size 2 result type 6 source type 1 a_dead 1 hl_dead 1 de_dead 1 iy_dead 1 f_dead 1
   0017 DD 36 FC 01   [19]  106 	ld	-4 (ix), #0x01
   001B DD 36 FD 00   [19]  107 	ld	-3 (ix), #0
                            108 ; peephole 178 direct load zero constant to memory addressed by index register
                            109 ;	genAssign
                            110 ;	genMove_o size 2 result type 6 source type 1 a_dead 1 hl_dead 1 de_dead 1 iy_dead 1 f_dead 1
   001F DD 36 FE 02   [19]  111 	ld	-2 (ix), #0x02
   0023 DD 36 FF 00   [19]  112 	ld	-1 (ix), #0
                            113 ; peephole 178 direct load zero constant to memory addressed by index register
                            114 ;cases/./../tests/gcc-torture-execute-pta-field-2.c:27: f.p = &i;
                            115 ;	skipping iCode since result will be rematerialized
                            116 ;	skipping iCode since result will be rematerialized
                            117 ;	skipping iCode since result will be rematerialized
                            118 ;	skipping iCode since result will be rematerialized
                            119 ;	genPointerSet
                            120 ;	genMove_o size 2 result type 6 source type 8 a_dead 1 hl_dead 1 de_dead 1 iy_dead 1 f_dead 1
   0027 21 04 00      [10]  121 	ld	hl, #4
   002A 39            [11]  122 	add	hl, sp
                            123 ;	genMove_o size 2 result type 6 source type 2 a_dead 1 hl_dead 1 de_dead 1 iy_dead 1 f_dead 1
   002B E3            [19]  124 	ex	(sp), hl
                            125 ;	genMove_o size 0 result type 6 source type 1 a_dead 1 hl_dead 1 de_dead 1 iy_dead 1 f_dead 1
                            126 ;cases/./../tests/gcc-torture-execute-pta-field-2.c:28: f.q = &j;
                            127 ;	skipping iCode since result will be rematerialized
                            128 ;	skipping iCode since result will be rematerialized
                            129 ;	skipping iCode since result will be rematerialized
                            130 ;	genPointerSet
                            131 ;	genMove_o size 2 result type 6 source type 8 a_dead 1 hl_dead 1 de_dead 1 iy_dead 1 f_dead 1
   002C 21 06 00      [10]  132 	ld	hl, #6
   002F 39            [11]  133 	add	hl, sp
                            134 ;	genMove_o size 2 result type 6 source type 2 a_dead 1 hl_dead 1 de_dead 1 iy_dead 1 f_dead 1
   0030 DD 75 FA      [19]  135 	ld	-6 (ix), l
   0033 DD 74 FB      [19]  136 	ld	-5 (ix), h
                            137 ;	genMove_o size 0 result type 6 source type 1 a_dead 1 hl_dead 1 de_dead 1 iy_dead 1 f_dead 1
                            138 ;cases/./../tests/gcc-torture-execute-pta-field-2.c:29: bar(&f.q);
                            139 ;	skipping iCode since result will be rematerialized
                            140 ;	genSend
                            141 ;	genMove_o size 2 result type 2 source type 8 a_dead 1 hl_dead 1 de_dead 1 iy_dead 1 f_dead 1
   0036 21 02 00      [10]  142 	ld	hl, #2
   0039 39            [11]  143 	add	hl, sp
                            144 ;	genMove_o size 2 result type 2 source type 2 a_dead 1 hl_dead 1 de_dead 1 iy_dead 1 f_dead 1
                            145 ;	genCall
   003A CDr00s00      [17]  146 	call	_bar
                            147 ;cases/./../tests/gcc-torture-execute-pta-field-2.c:30: return i;
                            148 ;	genRet
                            149 ;	genMove_o size 2 result type 2 source type 6 a_dead 1 hl_dead 1 de_dead 1 iy_dead 1 f_dead 1
   003D DD 5E FC      [19]  150 	ld	e, -4 (ix)
   0040 DD 56 FD      [19]  151 	ld	d, -3 (ix)
                            152 ;	genMove_o size 0 result type 2 source type 1 a_dead 1 hl_dead 1 de_dead 1 iy_dead 1 f_dead 1
                            153 ;	genLabel
                            154 ; common peephole 159 removed unused label 00101$.
                            155 ;cases/./../tests/gcc-torture-execute-pta-field-2.c:31: }
                            156 ;	genEndFunction
   0043 DD F9         [10]  157 	ld	sp, ix
   0045 DD E1         [14]  158 	pop	ix
   0047 C9            [10]  159 	ret
                            160 ;	Total foo function size at codegen: 5 bytes.
                            161 ;cases/./../tests/gcc-torture-execute-pta-field-2.c:34: testTortureExecute (void)
                            162 ;	genLabel
                            163 ;	genFunction
                            164 ;	---------------------------------
                            165 ; Function testTortureExecute
                            166 ; ---------------------------------
                            167 ;	Register assignment might be sub-optimal.
                            168 ; Stack space usage: 0 bytes.
   0048                     169 _testTortureExecute::
                            170 ;cases/./../tests/gcc-torture-execute-pta-field-2.c:36: if (foo () != 0)
                            171 ;	genCall
   0048 CDr0As00      [17]  172 	call	_foo
                            173 ;	genMove_o size 2 result type 2 source type 2 a_dead 1 hl_dead 1 de_dead 1 iy_dead 1 f_dead 1
                            174 ;	genIfx
   004B 7A            [ 4]  175 	ld	a, d
   004C B3            [ 4]  176 	or	a, e
   004D C8            [11]  177 	ret	z
                            178 ; common peephole 161 replaced jump by return.
                            179 ;cases/./../tests/gcc-torture-execute-pta-field-2.c:37: ASSERT (0);
                            180 ;	genPlus
                            181 ;	genMove_o size 2 result type 2 source type 10 a_dead 1 hl_dead 1 de_dead 1 iy_dead 1 f_dead 1
   004E 2Ar00s00      [16]  182 	ld	hl, (___numTests)
   0051 23            [ 6]  183 	inc	hl
                            184 ;	genMove_o size 2 result type 10 source type 2 a_dead 1 hl_dead 1 de_dead 1 iy_dead 1 f_dead 1
   0052 22r00s00      [16]  185 	ld	(___numTests), hl
                            186 ;	skipping iCode since result will be rematerialized
                            187 ;	skipping iCode since result will be rematerialized
                            188 ;	skipping iCode since result will be rematerialized
                            189 ;	skipping iCode since result will be rematerialized
                            190 ;	skipping iCode since result will be rematerialized
                            191 ;	skipping iCode since result will be rematerialized
                            192 ;	genIpush
                            193 ;	genMove_o size 2 result type 2 source type 1 a_dead 1 hl_dead 1 de_dead 1 iy_dead 1 f_dead 1
   0055 21 25 00      [10]  194 	ld	hl, #0x0025
   0058 E5            [11]  195 	push	hl
                            196 ;	genIpush
                            197 ;	genMove_o size 2 result type 2 source type 7 a_dead 1 hl_dead 1 de_dead 1 iy_dead 1 f_dead 1
   0059 21r7As00      [10]  198 	ld	hl, #__str_2
   005C E5            [11]  199 	push	hl
                            200 ;	genSend
                            201 ;	genMove_o size 2 result type 2 source type 7 a_dead 1 hl_dead 1 de_dead 1 iy_dead 1 f_dead 1
   005D 11r78s00      [10]  202 	ld	de, #__str_1
                            203 ;	genSend
                            204 ;	genMove_o size 2 result type 2 source type 7 a_dead 1 hl_dead 1 de_dead 0 iy_dead 1 f_dead 1
   0060 21r67s00      [10]  205 	ld	hl, #__str_0
                            206 ;	genCall
   0063 CDr00s00      [17]  207 	call	___fail
                            208 ;	genLabel
                            209 ; common peephole 159 removed unused label 00102$.
                            210 ;cases/./../tests/gcc-torture-execute-pta-field-2.c:38: return;
                            211 ;	genRet
                            212 ;	genLabel
                            213 ; common peephole 159 removed unused label 00103$.
                            214 ;cases/./../tests/gcc-torture-execute-pta-field-2.c:39: }
                            215 ;	genEndFunction
   0066 C9            [10]  216 	ret
                            217 ;	Total testTortureExecute function size at codegen: 1 bytes.
   0067                     218 __str_0:
   0067 41 73 73 65 72 74   219 	.ascii "Assertion failed"
        69 6F 6E 20 66 61
        69 6C 65 64
   0077 00                  220 	.db 0x00
   0078                     221 __str_1:
   0078 30                  222 	.ascii "0"
   0079 00                  223 	.db 0x00
   007A                     224 __str_2:
   007A 63 61 73 65 73 2F   225 	.ascii "cases/./../tests/gcc-torture-execute-pta-field-2.c"
        2E 2F 2E 2E 2F 74
        65 73 74 73 2F 67
        63 63 2D 74 6F 72
        74 75 72 65 2D 65
        78 65 63 75 74 65
        2D 70 74 61 2D 66
        69 65 6C 64 2D 32
        2E 63
   00AC 00                  226 	.db 0x00
                            227 ;cases/tst_gcc-torture-execute-pta-field-2.c:4: __runSuite(void)
                            228 ;	genLabel
                            229 ;	genFunction
                            230 ;	---------------------------------
                            231 ; Function __runSuite
                            232 ; ---------------------------------
                            233 ;	Register assignment is optimal.
                            234 ; Stack space usage: 0 bytes.
   00AD                     235 ___runSuite::
                            236 ;cases/tst_gcc-torture-execute-pta-field-2.c:6: __prints("Running testTortureExecute\n");
                            237 ;	skipping iCode since result will be rematerialized
                            238 ;	skipping iCode since result will be rematerialized
                            239 ;	genSend
                            240 ;	genMove_o size 2 result type 2 source type 7 a_dead 1 hl_dead 1 de_dead 1 iy_dead 1 f_dead 1
   00AD 21rB6s00      [10]  241 	ld	hl, #___str_3
                            242 ;	genCall
   00B0 CDr00s00      [17]  243 	call	___prints
                            244 ;cases/tst_gcc-torture-execute-pta-field-2.c:7: testTortureExecute();
                            245 ;	genCall
                            246 ;	genLabel
                            247 ; common peephole 159 removed unused label 00101$.
                            248 ;cases/tst_gcc-torture-execute-pta-field-2.c:8: }
                            249 ;	genEndFunction
   00B3 C3r48s00      [10]  250 	jp	_testTortureExecute
                            251 ; common peephole 152 removed unused ret.
                            252 ;	Total __runSuite function size at codegen: 1 bytes.
   00B6                     253 ___str_3:
   00B6 52 75 6E 6E 69 6E   254 	.ascii "Running testTortureExecute"
        67 20 74 65 73 74
        54 6F 72 74 75 72
        65 45 78 65 63 75
        74 65
   00D0 0A                  255 	.db 0x0a
   00D1 00                  256 	.db 0x00
                            257 ;cases/tst_gcc-torture-execute-pta-field-2.c:13: __getSuiteName(void)
                            258 ;	genLabel
                            259 ;	genFunction
                            260 ;	---------------------------------
                            261 ; Function __getSuiteName
                            262 ; ---------------------------------
                            263 ;	Register assignment is optimal.
                            264 ; Stack space usage: 0 bytes.
   00D2                     265 ___getSuiteName::
                            266 ;cases/tst_gcc-torture-execute-pta-field-2.c:15: return "gcc-torture-execute-pta-field-2.c";
                            267 ;	skipping iCode since result will be rematerialized
                            268 ;	skipping iCode since result will be rematerialized
                            269 ;	genRet
                            270 ;	genMove_o size 2 result type 2 source type 7 a_dead 1 hl_dead 1 de_dead 1 iy_dead 1 f_dead 1
   00D2 11rD8s00      [10]  271 	ld	de, #___str_4
                            272 ;	genLabel
                            273 ; common peephole 159 removed unused label 00101$.
                            274 ;cases/tst_gcc-torture-execute-pta-field-2.c:16: }
                            275 ;	genEndFunction
   00D5 C9            [10]  276 	ret
                            277 ;	Total __getSuiteName function size at codegen: 1 bytes.
   00D6                     278 ___numCases:
   00D6 01 00               279 	.dw #0x0001
   00D8                     280 ___str_4:
   00D8 67 63 63 2D 74 6F   281 	.ascii "gcc-torture-execute-pta-field-2.c"
        72 74 75 72 65 2D
        65 78 65 63 75 74
        65 2D 70 74 61 2D
        66 69 65 6C 64 2D
        32 2E 63
   00F9 00                  282 	.db 0x00
                            283 	.area _CODE (BANK=_CSEG)
                            284 	.area _INITIALIZER
                            285 	.area _CABS (ABS)
