                              1 ;--------------------------------------------------------
                              2 ; File Created by SDCC : free open source ISO C Compiler
                              3 ; Version 4.6.2 #16710 (Linux)
                              4 ;--------------------------------------------------------
                              5 	.module tst_bug_3802
                              6 	
                              7 ;--------------------------------------------------------
                              8 ; Public variables in this module
                              9 ;--------------------------------------------------------
                             10 	.globl _testBug
                             11 	.globl ___prints
                             12 	.globl ___numCases
                             13 	.globl ___runSuite
                             14 	.globl ___getSuiteName
                             15 ;--------------------------------------------------------
                             16 ; special function registers
                             17 ;--------------------------------------------------------
                             18 ;--------------------------------------------------------
                             19 ; ram data
                             20 ;--------------------------------------------------------
                             21 	.area _DATA (BANK=_DSEG)
                             22 ;--------------------------------------------------------
                             23 ; ram data
                             24 ;--------------------------------------------------------
                             25 	.area _INITIALIZED
                             26 ;--------------------------------------------------------
                             27 ; absolute ram data
                             28 ;--------------------------------------------------------
                             29 	.area _DABS (ABS)
                             30 	.area _DABS (ABS)
                             31 ;--------------------------------------------------------
                             32 ; global & static initialisations
                             33 ;--------------------------------------------------------
                             34 	.area _HOME
                             35 	.area _GSINIT
                             36 	.area _GSFINAL
                             37 	.area _GSINIT
                             38 ;--------------------------------------------------------
                             39 ; Home
                             40 ;--------------------------------------------------------
                             41 	.area _HOME (BANK=_CSEG)
                             42 	.area _HOME (BANK=_CSEG)
                             43 ;--------------------------------------------------------
                             44 ; code
                             45 ;--------------------------------------------------------
                             46 	.area _CODE (BANK=_CSEG)
                             47 ;cases/./../tests/bug-3802.c:10: void testBug(void)
                             48 ;	genLabel
                             49 ;	genFunction
                             50 ;	---------------------------------
                             51 ; Function testBug
                             52 ; ---------------------------------
                             53 ;	Register assignment is optimal.
                             54 ; Stack space usage: 0 bytes.
   0000                      55 _testBug::
                             56 ;cases/./../tests/bug-3802.c:14: ASSERT(nullCharPtr == nullptr);
                             57 ;	genPlus
                             58 ;	genMove_o size 2 result type 2 source type 10 a_dead 1 hl_dead 1 de_dead 1 iy_dead 1 f_dead 1
   0000 2Ar00s00      [16]   59 	ld	hl, (___numTests)
   0003 23            [ 6]   60 	inc	hl
                             61 ;	genMove_o size 2 result type 10 source type 2 a_dead 1 hl_dead 1 de_dead 1 iy_dead 1 f_dead 1
   0004 22r00s00      [16]   62 	ld	(___numTests), hl
                             63 ;	genLabel
                             64 ; common peephole 159 removed unused label 00101$.
                             65 ;cases/./../tests/bug-3802.c:16: }
                             66 ;	genEndFunction
   0007 C9            [10]   67 	ret
                             68 ;	Total testBug function size at codegen: 1 bytes.
   0008                      69 ___str_0:
   0008 41 73 73 65 72 74    70 	.ascii "Assertion failed"
        69 6F 6E 20 66 61
        69 6C 65 64
   0018 00                   71 	.db 0x00
   0019                      72 ___str_1:
   0019 6E 75 6C 6C 43 68    73 	.ascii "nullCharPtr == nullptr"
        61 72 50 74 72 20
        3D 3D 20 6E 75 6C
        6C 70 74 72
   002F 00                   74 	.db 0x00
   0030                      75 ___str_2:
   0030 63 61 73 65 73 2F    76 	.ascii "cases/./../tests/bug-3802.c"
        2E 2F 2E 2E 2F 74
        65 73 74 73 2F 62
        75 67 2D 33 38 30
        32 2E 63
   004B 00                   77 	.db 0x00
                             78 ;cases/tst_bug-3802.c:4: __runSuite(void)
                             79 ;	genLabel
                             80 ;	genFunction
                             81 ;	---------------------------------
                             82 ; Function __runSuite
                             83 ; ---------------------------------
                             84 ;	Register assignment is optimal.
                             85 ; Stack space usage: 0 bytes.
   004C                      86 ___runSuite::
                             87 ;cases/tst_bug-3802.c:6: __prints("Running testBug\n");
                             88 ;	skipping iCode since result will be rematerialized
                             89 ;	skipping iCode since result will be rematerialized
                             90 ;	genSend
                             91 ;	genMove_o size 2 result type 2 source type 7 a_dead 1 hl_dead 1 de_dead 1 iy_dead 1 f_dead 1
   004C 21r55s00      [10]   92 	ld	hl, #___str_3
                             93 ;	genCall
   004F CDr00s00      [17]   94 	call	___prints
                             95 ;cases/tst_bug-3802.c:7: testBug();
                             96 ;	genCall
                             97 ;	genLabel
                             98 ; common peephole 159 removed unused label 00101$.
                             99 ;cases/tst_bug-3802.c:8: }
                            100 ;	genEndFunction
   0052 C3r00s00      [10]  101 	jp	_testBug
                            102 ; common peephole 152 removed unused ret.
                            103 ;	Total __runSuite function size at codegen: 1 bytes.
   0055                     104 ___str_3:
   0055 52 75 6E 6E 69 6E   105 	.ascii "Running testBug"
        67 20 74 65 73 74
        42 75 67
   0064 0A                  106 	.db 0x0a
   0065 00                  107 	.db 0x00
                            108 ;cases/tst_bug-3802.c:13: __getSuiteName(void)
                            109 ;	genLabel
                            110 ;	genFunction
                            111 ;	---------------------------------
                            112 ; Function __getSuiteName
                            113 ; ---------------------------------
                            114 ;	Register assignment is optimal.
                            115 ; Stack space usage: 0 bytes.
   0066                     116 ___getSuiteName::
                            117 ;cases/tst_bug-3802.c:15: return "bug-3802.c";
                            118 ;	skipping iCode since result will be rematerialized
                            119 ;	skipping iCode since result will be rematerialized
                            120 ;	genRet
                            121 ;	genMove_o size 2 result type 2 source type 7 a_dead 1 hl_dead 1 de_dead 1 iy_dead 1 f_dead 1
   0066 11r6Cs00      [10]  122 	ld	de, #___str_4
                            123 ;	genLabel
                            124 ; common peephole 159 removed unused label 00101$.
                            125 ;cases/tst_bug-3802.c:16: }
                            126 ;	genEndFunction
   0069 C9            [10]  127 	ret
                            128 ;	Total __getSuiteName function size at codegen: 1 bytes.
   006A                     129 ___numCases:
   006A 01 00               130 	.dw #0x0001
   006C                     131 ___str_4:
   006C 62 75 67 2D 33 38   132 	.ascii "bug-3802.c"
        30 32 2E 63
   0076 00                  133 	.db 0x00
                            134 	.area _CODE (BANK=_CSEG)
                            135 	.area _INITIALIZER
                            136 	.area _CABS (ABS)
