                              1 ;--------------------------------------------------------
                              2 ; File Created by SDCC : free open source ISO C Compiler
                              3 ; Version 4.6.2 #16710 (Linux)
                              4 ;--------------------------------------------------------
                              5 	.module tst_gcc_torture_execute_20120808_1
                              6 	
                              7 ;--------------------------------------------------------
                              8 ; Public variables in this module
                              9 ;--------------------------------------------------------
                             10 	.globl _testTortureExecute
                             11 	.globl ___prints
                             12 	.globl ___fail
                             13 	.globl _d
                             14 	.globl _cp
                             15 	.globl _i
                             16 	.globl ___numCases
                             17 	.globl ___runSuite
                             18 	.globl ___getSuiteName
                             19 ;--------------------------------------------------------
                             20 ; special function registers
                             21 ;--------------------------------------------------------
                             22 ;--------------------------------------------------------
                             23 ; ram data
                             24 ;--------------------------------------------------------
                             25 	.area _DATA (BANK=_DSEG)
   0000                      26 _i::
   0000                      27 	.ds 2
   0002                      28 _cp::
   0002                      29 	.ds 2
                             30 ;--------------------------------------------------------
                             31 ; ram data
                             32 ;--------------------------------------------------------
                             33 	.area _INITIALIZED
   0000                      34 _d::
   0000                      35 	.ds 32
                             36 ;--------------------------------------------------------
                             37 ; absolute ram data
                             38 ;--------------------------------------------------------
                             39 	.area _DABS (ABS)
                             40 	.area _DABS (ABS)
                             41 ;--------------------------------------------------------
                             42 ; global & static initialisations
                             43 ;--------------------------------------------------------
                             44 	.area _HOME
                             45 	.area _GSINIT
                             46 	.area _GSFINAL
                             47 	.area _GSINIT
                             48 ;--------------------------------------------------------
                             49 ; Home
                             50 ;--------------------------------------------------------
                             51 	.area _HOME (BANK=_CSEG)
                             52 	.area _HOME (BANK=_CSEG)
                             53 ;--------------------------------------------------------
                             54 ; code
                             55 ;--------------------------------------------------------
                             56 	.area _CODE (BANK=_CSEG)
                             57 ;cases/./../tests/gcc-torture-execute-20120808-1.c:16: testTortureExecute (void)
                             58 ;	genLabel
                             59 ;	genFunction
                             60 ;	---------------------------------
                             61 ; Function testTortureExecute
                             62 ; ---------------------------------
                             63 ;	Register assignment might be sub-optimal.
                             64 ; Stack space usage: 33 bytes.
   0000                      65 _testTortureExecute::
   0000 DD E5         [15]   66 	push	ix
   0002 DD 21 00 00   [14]   67 	ld	ix,	#0
   0006 DD 39         [15]   68 	add	ix, sp
                             69 ;	adjustStack by -33
   0008 21 DF FF      [10]   70 	ld	hl, #-33
   000B 39            [11]   71 	add	hl, sp
   000C F9            [ 6]   72 	ld	sp, hl
                             73 ;cases/./../tests/gcc-torture-execute-20120808-1.c:19: unsigned char c[32] = { 0 };
                             74 ;	skipping iCode since result will be rematerialized
                             75 ;	genPointerSet
                             76 ;	genMove_o size 1 result type 6 source type 1 a_dead 1 hl_dead 1 de_dead 1 iy_dead 1 f_dead 1
   000D DD 36 DF 00   [19]   77 	ld	-33 (ix), #0x00
                             78 ;	skipping iCode since result will be rematerialized
                             79 ;	genPointerSet
                             80 ;	genMove_o size 1 result type 6 source type 1 a_dead 1 hl_dead 1 de_dead 1 iy_dead 1 f_dead 1
   0011 DD 36 E0 00   [19]   81 	ld	-32 (ix), #0x00
                             82 ;	skipping iCode since result will be rematerialized
                             83 ;	genPointerSet
                             84 ;	genMove_o size 1 result type 6 source type 1 a_dead 1 hl_dead 1 de_dead 1 iy_dead 1 f_dead 1
   0015 DD 36 E1 00   [19]   85 	ld	-31 (ix), #0x00
                             86 ;	skipping iCode since result will be rematerialized
                             87 ;	genPointerSet
                             88 ;	genMove_o size 1 result type 6 source type 1 a_dead 1 hl_dead 1 de_dead 1 iy_dead 1 f_dead 1
   0019 DD 36 E2 00   [19]   89 	ld	-30 (ix), #0x00
                             90 ;	skipping iCode since result will be rematerialized
                             91 ;	genPointerSet
                             92 ;	genMove_o size 1 result type 6 source type 1 a_dead 1 hl_dead 1 de_dead 1 iy_dead 1 f_dead 1
   001D DD 36 E3 00   [19]   93 	ld	-29 (ix), #0x00
                             94 ;	skipping iCode since result will be rematerialized
                             95 ;	genPointerSet
                             96 ;	genMove_o size 1 result type 6 source type 1 a_dead 1 hl_dead 1 de_dead 1 iy_dead 1 f_dead 1
   0021 DD 36 E4 00   [19]   97 	ld	-28 (ix), #0x00
                             98 ;	skipping iCode since result will be rematerialized
                             99 ;	genPointerSet
                            100 ;	genMove_o size 1 result type 6 source type 1 a_dead 1 hl_dead 1 de_dead 1 iy_dead 1 f_dead 1
   0025 DD 36 E5 00   [19]  101 	ld	-27 (ix), #0x00
                            102 ;	skipping iCode since result will be rematerialized
                            103 ;	genPointerSet
                            104 ;	genMove_o size 1 result type 6 source type 1 a_dead 1 hl_dead 1 de_dead 1 iy_dead 1 f_dead 1
   0029 DD 36 E6 00   [19]  105 	ld	-26 (ix), #0x00
                            106 ;	skipping iCode since result will be rematerialized
                            107 ;	genPointerSet
                            108 ;	genMove_o size 1 result type 6 source type 1 a_dead 1 hl_dead 1 de_dead 1 iy_dead 1 f_dead 1
   002D DD 36 E7 00   [19]  109 	ld	-25 (ix), #0x00
                            110 ;	skipping iCode since result will be rematerialized
                            111 ;	genPointerSet
                            112 ;	genMove_o size 1 result type 6 source type 1 a_dead 1 hl_dead 1 de_dead 1 iy_dead 1 f_dead 1
   0031 DD 36 E8 00   [19]  113 	ld	-24 (ix), #0x00
                            114 ;	skipping iCode since result will be rematerialized
                            115 ;	genPointerSet
                            116 ;	genMove_o size 1 result type 6 source type 1 a_dead 1 hl_dead 1 de_dead 1 iy_dead 1 f_dead 1
   0035 DD 36 E9 00   [19]  117 	ld	-23 (ix), #0x00
                            118 ;	skipping iCode since result will be rematerialized
                            119 ;	genPointerSet
                            120 ;	genMove_o size 1 result type 6 source type 1 a_dead 1 hl_dead 1 de_dead 1 iy_dead 1 f_dead 1
   0039 DD 36 EA 00   [19]  121 	ld	-22 (ix), #0x00
                            122 ;	skipping iCode since result will be rematerialized
                            123 ;	genPointerSet
                            124 ;	genMove_o size 1 result type 6 source type 1 a_dead 1 hl_dead 1 de_dead 1 iy_dead 1 f_dead 1
   003D DD 36 EB 00   [19]  125 	ld	-21 (ix), #0x00
                            126 ;	skipping iCode since result will be rematerialized
                            127 ;	genPointerSet
                            128 ;	genMove_o size 1 result type 6 source type 1 a_dead 1 hl_dead 1 de_dead 1 iy_dead 1 f_dead 1
   0041 DD 36 EC 00   [19]  129 	ld	-20 (ix), #0x00
                            130 ;	skipping iCode since result will be rematerialized
                            131 ;	genPointerSet
                            132 ;	genMove_o size 1 result type 6 source type 1 a_dead 1 hl_dead 1 de_dead 1 iy_dead 1 f_dead 1
   0045 DD 36 ED 00   [19]  133 	ld	-19 (ix), #0x00
                            134 ;	skipping iCode since result will be rematerialized
                            135 ;	genPointerSet
                            136 ;	genMove_o size 1 result type 6 source type 1 a_dead 1 hl_dead 1 de_dead 1 iy_dead 1 f_dead 1
   0049 DD 36 EE 00   [19]  137 	ld	-18 (ix), #0x00
                            138 ;	skipping iCode since result will be rematerialized
                            139 ;	genPointerSet
                            140 ;	genMove_o size 1 result type 6 source type 1 a_dead 1 hl_dead 1 de_dead 1 iy_dead 1 f_dead 1
   004D DD 36 EF 00   [19]  141 	ld	-17 (ix), #0x00
                            142 ;	skipping iCode since result will be rematerialized
                            143 ;	genPointerSet
                            144 ;	genMove_o size 1 result type 6 source type 1 a_dead 1 hl_dead 1 de_dead 1 iy_dead 1 f_dead 1
   0051 DD 36 F0 00   [19]  145 	ld	-16 (ix), #0x00
                            146 ;	skipping iCode since result will be rematerialized
                            147 ;	genPointerSet
                            148 ;	genMove_o size 1 result type 6 source type 1 a_dead 1 hl_dead 1 de_dead 1 iy_dead 1 f_dead 1
   0055 DD 36 F1 00   [19]  149 	ld	-15 (ix), #0x00
                            150 ;	skipping iCode since result will be rematerialized
                            151 ;	genPointerSet
                            152 ;	genMove_o size 1 result type 6 source type 1 a_dead 1 hl_dead 1 de_dead 1 iy_dead 1 f_dead 1
   0059 DD 36 F2 00   [19]  153 	ld	-14 (ix), #0x00
                            154 ;	skipping iCode since result will be rematerialized
                            155 ;	genPointerSet
                            156 ;	genMove_o size 1 result type 6 source type 1 a_dead 1 hl_dead 1 de_dead 1 iy_dead 1 f_dead 1
   005D DD 36 F3 00   [19]  157 	ld	-13 (ix), #0x00
                            158 ;	skipping iCode since result will be rematerialized
                            159 ;	genPointerSet
                            160 ;	genMove_o size 1 result type 6 source type 1 a_dead 1 hl_dead 1 de_dead 1 iy_dead 1 f_dead 1
   0061 DD 36 F4 00   [19]  161 	ld	-12 (ix), #0x00
                            162 ;	skipping iCode since result will be rematerialized
                            163 ;	genPointerSet
                            164 ;	genMove_o size 1 result type 6 source type 1 a_dead 1 hl_dead 1 de_dead 1 iy_dead 1 f_dead 1
   0065 DD 36 F5 00   [19]  165 	ld	-11 (ix), #0x00
                            166 ;	skipping iCode since result will be rematerialized
                            167 ;	genPointerSet
                            168 ;	genMove_o size 1 result type 6 source type 1 a_dead 1 hl_dead 1 de_dead 1 iy_dead 1 f_dead 1
   0069 DD 36 F6 00   [19]  169 	ld	-10 (ix), #0x00
                            170 ;	skipping iCode since result will be rematerialized
                            171 ;	genPointerSet
                            172 ;	genMove_o size 1 result type 6 source type 1 a_dead 1 hl_dead 1 de_dead 1 iy_dead 1 f_dead 1
   006D DD 36 F7 00   [19]  173 	ld	-9 (ix), #0x00
                            174 ;	skipping iCode since result will be rematerialized
                            175 ;	genPointerSet
                            176 ;	genMove_o size 1 result type 6 source type 1 a_dead 1 hl_dead 1 de_dead 1 iy_dead 1 f_dead 1
   0071 DD 36 F8 00   [19]  177 	ld	-8 (ix), #0x00
                            178 ;	skipping iCode since result will be rematerialized
                            179 ;	genPointerSet
                            180 ;	genMove_o size 1 result type 6 source type 1 a_dead 1 hl_dead 1 de_dead 1 iy_dead 1 f_dead 1
   0075 DD 36 F9 00   [19]  181 	ld	-7 (ix), #0x00
                            182 ;	skipping iCode since result will be rematerialized
                            183 ;	genPointerSet
                            184 ;	genMove_o size 1 result type 6 source type 1 a_dead 1 hl_dead 1 de_dead 1 iy_dead 1 f_dead 1
   0079 DD 36 FA 00   [19]  185 	ld	-6 (ix), #0x00
                            186 ;	skipping iCode since result will be rematerialized
                            187 ;	genPointerSet
                            188 ;	genMove_o size 1 result type 6 source type 1 a_dead 1 hl_dead 1 de_dead 1 iy_dead 1 f_dead 1
   007D DD 36 FB 00   [19]  189 	ld	-5 (ix), #0x00
                            190 ;	skipping iCode since result will be rematerialized
                            191 ;	genPointerSet
                            192 ;	genMove_o size 1 result type 6 source type 1 a_dead 1 hl_dead 1 de_dead 1 iy_dead 1 f_dead 1
   0081 DD 36 FC 00   [19]  193 	ld	-4 (ix), #0x00
                            194 ;	skipping iCode since result will be rematerialized
                            195 ;	genPointerSet
                            196 ;	genMove_o size 1 result type 6 source type 1 a_dead 1 hl_dead 1 de_dead 1 iy_dead 1 f_dead 1
   0085 DD 36 FD 00   [19]  197 	ld	-3 (ix), #0x00
                            198 ;	skipping iCode since result will be rematerialized
                            199 ;	genPointerSet
                            200 ;	genMove_o size 1 result type 6 source type 1 a_dead 1 hl_dead 1 de_dead 1 iy_dead 1 f_dead 1
   0089 DD 36 FE 00   [19]  201 	ld	-2 (ix), #0x00
                            202 ;cases/./../tests/gcc-torture-execute-20120808-1.c:20: unsigned char *p = d + i;
                            203 ;	skipping iCode since result will be rematerialized
                            204 ;	genPlus
                            205 ;	genMove_o size 2 result type 2 source type 7 a_dead 1 hl_dead 1 de_dead 1 iy_dead 1 f_dead 1
   008D 21r00s00      [10]  206 	ld	hl, #_d
                            207 ;	genMove_o size 2 result type 2 source type 10 a_dead 1 hl_dead 0 de_dead 1 iy_dead 1 f_dead 1
   0090 ED 5Br00s00   [20]  208 	ld	de, (_i)
   0094 19            [11]  209 	add	hl, de
                            210 ;	genCast
                            211 ;	genMove_o size 2 result type 2 source type 2 a_dead 1 hl_dead 1 de_dead 1 iy_dead 1 f_dead 1
   0095 EB            [ 4]  212 	ex	de, hl
                            213 ;	genMove_o size 0 result type 2 source type 1 a_dead 1 hl_dead 1 de_dead 1 iy_dead 1 f_dead 1
                            214 ;cases/./../tests/gcc-torture-execute-20120808-1.c:22: for (j = 0; j < 30; j++)
                            215 ;	genAssign
                            216 ;	genMove_o size 1 result type 2 source type 1 a_dead 1 hl_dead 1 de_dead 0 iy_dead 1 f_dead 1
   0096 0E 00         [ 7]  217 	ld	c, #0x00
                            218 ;	genLabel
   0098                     219 00115$:
                            220 ;cases/./../tests/gcc-torture-execute-20120808-1.c:24: int x = 0xff;
                            221 ;	genAssign
                            222 ;	genMove_o size 1 result type 2 source type 1 a_dead 1 hl_dead 1 de_dead 0 iy_dead 1 f_dead 1
   0098 06 FF         [ 7]  223 	ld	b, #0xff
                            224 ;cases/./../tests/gcc-torture-execute-20120808-1.c:25: int y = *++p;
                            225 ;	genPlus
   009A 13            [ 6]  226 	inc	de
                            227 ;	genPointerGet
   009B 1A            [ 7]  228 	ld	a, (de)
                            229 ;	genMove_o size 1 result type 6 source type 2 a_dead 1 hl_dead 1 de_dead 0 iy_dead 1 f_dead 1
   009C DD 77 FF      [19]  230 	ld	-1 (ix), a
                            231 ;	genMove_o size 0 result type 6 source type 1 a_dead 1 hl_dead 1 de_dead 0 iy_dead 1 f_dead 1
                            232 ;cases/./../tests/gcc-torture-execute-20120808-1.c:26: switch (j)
                            233 ;	genCmpEq
                            234 ;	genMove_o size 1 result type 2 source type 2 a_dead 1 hl_dead 1 de_dead 0 iy_dead 0 f_dead 1
   009F 79            [ 4]  235 	ld	a, c
                            236 ;	genMove_o size 0 result type 2 source type 1 a_dead 1 hl_dead 1 de_dead 0 iy_dead 0 f_dead 1
   00A0 3D            [ 4]  237 	dec	a
                            238 ; common peephole 163 changed absolute to relative conditional jump.
   00A1 28 0B         [12]  239 	jr	z, 00101$
                            240 ; common peephole 81 removed jp by using inverse jump logic
                            241 ; common peephole 159 removed unused label 00208$.
                            242 ;	skipping generated iCode
                            243 ;	genCmpEq
                            244 ;	genMove_o size 1 result type 2 source type 2 a_dead 1 hl_dead 1 de_dead 0 iy_dead 0 f_dead 1
                            245 ;	genMove_o size 0 result type 2 source type 1 a_dead 1 hl_dead 1 de_dead 0 iy_dead 0 f_dead 1
                            246 ; common peephole 81 removed jp by using inverse jump logic
                            247 ; common peephole 159 removed unused label 00209$.
                            248 ;	skipping generated iCode
                            249 ;	genCmpEq
                            250 ;	genMove_o size 1 result type 2 source type 2 a_dead 1 hl_dead 1 de_dead 0 iy_dead 0 f_dead 1
   00A3 79            [ 4]  251 	ld	a, c
   00A4 FE 02         [ 7]  252 	cp	a, #0x02
                            253 ; common peephole 163 changed absolute to relative conditional jump.
   00A6 28 0A         [12]  254 	jr	z, 00102$
                            255 ; common peephole 107 removed load from c into a by replacing sub with cp
                            256 ;	genMove_o size 0 result type 2 source type 1 a_dead 1 hl_dead 1 de_dead 0 iy_dead 0 f_dead 1
   00A8 D6 19         [ 7]  257 	sub	a, #0x19
                            258 ; common peephole 163 changed absolute to relative conditional jump.
   00AA 28 0A         [12]  259 	jr	z, 00103$
                            260 ; common peephole 81 removed jp by using inverse jump logic
                            261 ; common peephole 159 removed unused label 00210$.
                            262 ;	skipping generated iCode
                            263 ;	genGoto
                            264 ; common peephole 162 changed absolute to relative unconditional jump.
   00AC 18 0A         [12]  265 	jr	00105$
                            266 ;cases/./../tests/gcc-torture-execute-20120808-1.c:28: case 1: x ^= 2; break;
                            267 ;	genLabel
   00AE                     268 00101$:
                            269 ;	genAssign
                            270 ;	genMove_o size 1 result type 2 source type 1 a_dead 1 hl_dead 1 de_dead 0 iy_dead 1 f_dead 1
   00AE 06 FD         [ 7]  271 	ld	b, #0xfd
                            272 ;	genGoto
                            273 ; common peephole 162 changed absolute to relative unconditional jump.
   00B0 18 06         [12]  274 	jr	00105$
                            275 ;cases/./../tests/gcc-torture-execute-20120808-1.c:29: case 2: x ^= 4; break;
                            276 ;	genLabel
   00B2                     277 00102$:
                            278 ;	genAssign
                            279 ;	genMove_o size 1 result type 2 source type 1 a_dead 1 hl_dead 1 de_dead 0 iy_dead 1 f_dead 1
   00B2 06 FB         [ 7]  280 	ld	b, #0xfb
                            281 ;	genGoto
                            282 ; common peephole 162 changed absolute to relative unconditional jump.
   00B4 18 02         [12]  283 	jr	00105$
                            284 ;cases/./../tests/gcc-torture-execute-20120808-1.c:30: case 25: x ^= 1; break;
                            285 ;	genLabel
   00B6                     286 00103$:
                            287 ;	genAssign
                            288 ;	genMove_o size 1 result type 2 source type 1 a_dead 1 hl_dead 1 de_dead 0 iy_dead 1 f_dead 1
   00B6 06 FE         [ 7]  289 	ld	b, #0xfe
                            290 ;cases/./../tests/gcc-torture-execute-20120808-1.c:32: }
                            291 ;	genLabel
   00B8                     292 00105$:
                            293 ;cases/./../tests/gcc-torture-execute-20120808-1.c:33: c[j] = y | x;
                            294 ;	genPlus
   00B8 D5            [11]  295 	push	de
                            296 ;	genMove_o size 2 result type 2 source type 2 a_dead 1 hl_dead 1 de_dead 0 iy_dead 0 f_dead 1
   00B9 59            [ 4]  297 	ld	e, c
                            298 ;	genMove_o size 1 result type 2 source type 1 a_dead 1 hl_dead 1 de_dead 0 iy_dead 0 f_dead 1
   00BA 16 00         [ 7]  299 	ld	d, #0x00
                            300 ;	genMove_o size 2 result type 2 source type 8 a_dead 1 hl_dead 1 de_dead 0 iy_dead 0 f_dead 1
   00BC 21 02 00      [10]  301 	ld	hl, #2
   00BF 39            [11]  302 	add	hl, sp
                            303 ;	genMove_o size 2 result type 2 source type 2 a_dead 1 hl_dead 1 de_dead 0 iy_dead 0 f_dead 1
   00C0 19            [11]  304 	add	hl, de
   00C1 D1            [10]  305 	pop	de
                            306 ;	genMove_o size 2 result type 2 source type 2 a_dead 1 hl_dead 1 de_dead 0 iy_dead 0 f_dead 1
                            307 ;	genCast
                            308 ;	(locations are the same)
                            309 ;	genOr
   00C2 DD 7E FF      [19]  310 	ld	a, -1 (ix)
   00C5 B0            [ 4]  311 	or	a, b
                            312 ;	genMove_o size 1 result type 2 source type 2 a_dead 1 hl_dead 0 de_dead 0 iy_dead 1 f_dead 1
                            313 ;	genPointerSet
   00C6 77            [ 7]  314 	ld	(hl), a
                            315 ;cases/./../tests/gcc-torture-execute-20120808-1.c:34: cp = p;
                            316 ;	genAssign
                            317 ;	genMove_o size 2 result type 10 source type 2 a_dead 1 hl_dead 1 de_dead 0 iy_dead 1 f_dead 1
   00C7 ED 53r02s00   [20]  318 	ld	(_cp), de
                            319 ;cases/./../tests/gcc-torture-execute-20120808-1.c:22: for (j = 0; j < 30; j++)
                            320 ;	genPlus
   00CB 0C            [ 4]  321 	inc	c
                            322 ;	genCmpLt
   00CC 79            [ 4]  323 	ld	a, c
   00CD D6 1E         [ 7]  324 	sub	a, #0x1e
                            325 ; common peephole 163 changed absolute to relative conditional jump.
   00CF 38 C7         [12]  326 	jr	c, 00115$
                            327 ;	skipping generated iCode
                            328 ;cases/./../tests/gcc-torture-execute-20120808-1.c:36: if (c[0] != 0xff
                            329 ;	genPointerGet
                            330 ;	genMove_o size 1 result type 2 source type 6 a_dead 1 hl_dead 1 de_dead 1 iy_dead 1 f_dead 1
   00D1 DD 4E DF      [19]  331 	ld	c, -33 (ix)
                            332 ;	genMove_o size 0 result type 2 source type 1 a_dead 1 hl_dead 1 de_dead 1 iy_dead 1 f_dead 1
                            333 ;	genCmpEq
   00D4 0C            [ 4]  334 	inc	c
                            335 ; common peephole 81 removed jp by using inverse jump logic
                            336 ; common peephole 159 removed unused label 00211$.
                            337 ; common peephole 163 changed absolute to relative conditional jump.
   00D5 20 2C         [12]  338 	jr	nz, 00107$
                            339 ; common peephole 82 removed jp by using inverse jump logic
                            340 ; common peephole 159 removed unused label 00212$.
                            341 ;	skipping generated iCode
                            342 ;cases/./../tests/gcc-torture-execute-20120808-1.c:37: || c[1] != 0xfd
                            343 ;	genPointerGet
                            344 ;	genMove_o size 1 result type 2 source type 6 a_dead 1 hl_dead 1 de_dead 1 iy_dead 1 f_dead 1
   00D7 DD 7E E0      [19]  345 	ld	a, -32 (ix)
                            346 ;	genMove_o size 0 result type 2 source type 1 a_dead 1 hl_dead 1 de_dead 1 iy_dead 1 f_dead 1
                            347 ;	genCmpEq
   00DA FE FD         [ 7]  348 	cp	a, #0xfd
                            349 ; common peephole 81 removed jp by using inverse jump logic
                            350 ; common peephole 159 removed unused label 00213$.
                            351 ; common peephole 163 changed absolute to relative conditional jump.
   00DC 20 25         [12]  352 	jr	nz, 00107$
                            353 ; common peephole 82 removed jp by using inverse jump logic
                            354 ; common peephole 159 removed unused label 00214$.
                            355 ;	skipping generated iCode
                            356 ;cases/./../tests/gcc-torture-execute-20120808-1.c:38: || c[2] != 0xfb
                            357 ;	genPointerGet
                            358 ;	genMove_o size 1 result type 2 source type 6 a_dead 1 hl_dead 1 de_dead 1 iy_dead 1 f_dead 1
   00DE DD 7E E1      [19]  359 	ld	a, -31 (ix)
                            360 ;	genMove_o size 0 result type 2 source type 1 a_dead 1 hl_dead 1 de_dead 1 iy_dead 1 f_dead 1
                            361 ;	genCmpEq
   00E1 FE FB         [ 7]  362 	cp	a, #0xfb
                            363 ; common peephole 81 removed jp by using inverse jump logic
                            364 ; common peephole 159 removed unused label 00215$.
                            365 ; common peephole 163 changed absolute to relative conditional jump.
   00E3 20 1E         [12]  366 	jr	nz, 00107$
                            367 ; common peephole 82 removed jp by using inverse jump logic
                            368 ; common peephole 159 removed unused label 00216$.
                            369 ;	skipping generated iCode
                            370 ;cases/./../tests/gcc-torture-execute-20120808-1.c:39: || c[3] != 0xff
                            371 ;	genPointerGet
                            372 ;	genMove_o size 1 result type 2 source type 6 a_dead 1 hl_dead 1 de_dead 1 iy_dead 1 f_dead 1
   00E5 DD 4E E2      [19]  373 	ld	c, -30 (ix)
                            374 ;	genMove_o size 0 result type 2 source type 1 a_dead 1 hl_dead 1 de_dead 1 iy_dead 1 f_dead 1
                            375 ;	genCmpEq
   00E8 0C            [ 4]  376 	inc	c
                            377 ; common peephole 81 removed jp by using inverse jump logic
                            378 ; common peephole 159 removed unused label 00217$.
                            379 ; common peephole 163 changed absolute to relative conditional jump.
   00E9 20 18         [12]  380 	jr	nz, 00107$
                            381 ; common peephole 82 removed jp by using inverse jump logic
                            382 ; common peephole 159 removed unused label 00218$.
                            383 ;	skipping generated iCode
                            384 ;cases/./../tests/gcc-torture-execute-20120808-1.c:40: || c[4] != 0xff
                            385 ;	genPointerGet
                            386 ;	genMove_o size 1 result type 2 source type 6 a_dead 1 hl_dead 1 de_dead 1 iy_dead 1 f_dead 1
   00EB DD 4E E3      [19]  387 	ld	c, -29 (ix)
                            388 ;	genMove_o size 0 result type 2 source type 1 a_dead 1 hl_dead 1 de_dead 1 iy_dead 1 f_dead 1
                            389 ;	genCmpEq
   00EE 0C            [ 4]  390 	inc	c
                            391 ; common peephole 81 removed jp by using inverse jump logic
                            392 ; common peephole 159 removed unused label 00219$.
                            393 ; common peephole 163 changed absolute to relative conditional jump.
   00EF 20 12         [12]  394 	jr	nz, 00107$
                            395 ; common peephole 82 removed jp by using inverse jump logic
                            396 ; common peephole 159 removed unused label 00220$.
                            397 ;	skipping generated iCode
                            398 ;cases/./../tests/gcc-torture-execute-20120808-1.c:41: || c[25] != 0xfe
                            399 ;	genPointerGet
                            400 ;	genMove_o size 1 result type 2 source type 6 a_dead 1 hl_dead 1 de_dead 1 iy_dead 1 f_dead 1
   00F1 DD 7E F8      [19]  401 	ld	a, -8 (ix)
                            402 ;	genMove_o size 0 result type 2 source type 1 a_dead 1 hl_dead 1 de_dead 1 iy_dead 1 f_dead 1
                            403 ;	genCmpEq
   00F4 FE FE         [ 7]  404 	cp	a, #0xfe
                            405 ; common peephole 81 removed jp by using inverse jump logic
                            406 ; common peephole 159 removed unused label 00221$.
                            407 ; common peephole 163 changed absolute to relative conditional jump.
   00F6 20 0B         [12]  408 	jr	nz, 00107$
                            409 ; common peephole 82 removed jp by using inverse jump logic
                            410 ; common peephole 159 removed unused label 00222$.
                            411 ;	skipping generated iCode
                            412 ;cases/./../tests/gcc-torture-execute-20120808-1.c:42: || cp != d + 30)
                            413 ;	skipping iCode since result will be rematerialized
                            414 ;	genCast
                            415 ;	genMove_o size 2 result type 2 source type 7 a_dead 1 hl_dead 1 de_dead 1 iy_dead 1 f_dead 1
   00F8 01r1Es00      [10]  416 	ld	bc, #(_d + 30)
                            417 ;	genCmpEq
                            418 ;	genMove_o size 2 result type 2 source type 10 a_dead 1 hl_dead 1 de_dead 1 iy_dead 1 f_dead 1
   00FB 2Ar02s00      [16]  419 	ld	hl, (_cp)
   00FE AF            [ 4]  420 	xor	a, a
   00FF ED 42         [15]  421 	sbc	hl, bc
                            422 ; common peephole 163 changed absolute to relative conditional jump.
   0101 28 18         [12]  423 	jr	z, 00117$
                            424 ; common peephole 81 removed jp by using inverse jump logic
                            425 ; common peephole 159 removed unused label 00223$.
                            426 ;	skipping generated iCode
                            427 ;	genLabel
   0103                     428 00107$:
                            429 ;cases/./../tests/gcc-torture-execute-20120808-1.c:43: ASSERT (0);
                            430 ;	genPlus
                            431 ;	genMove_o size 2 result type 2 source type 10 a_dead 1 hl_dead 1 de_dead 1 iy_dead 1 f_dead 1
   0103 2Ar00s00      [16]  432 	ld	hl, (___numTests)
   0106 23            [ 6]  433 	inc	hl
                            434 ;	genMove_o size 2 result type 10 source type 2 a_dead 1 hl_dead 1 de_dead 1 iy_dead 1 f_dead 1
   0107 22r00s00      [16]  435 	ld	(___numTests), hl
                            436 ;	skipping iCode since result will be rematerialized
                            437 ;	skipping iCode since result will be rematerialized
                            438 ;	skipping iCode since result will be rematerialized
                            439 ;	skipping iCode since result will be rematerialized
                            440 ;	skipping iCode since result will be rematerialized
                            441 ;	skipping iCode since result will be rematerialized
                            442 ;	genIpush
                            443 ;	genMove_o size 2 result type 2 source type 1 a_dead 1 hl_dead 1 de_dead 1 iy_dead 1 f_dead 1
   010A 21 2B 00      [10]  444 	ld	hl, #0x002b
   010D E5            [11]  445 	push	hl
                            446 ;	genIpush
                            447 ;	genMove_o size 2 result type 2 source type 7 a_dead 1 hl_dead 1 de_dead 1 iy_dead 1 f_dead 1
   010E 21r33s01      [10]  448 	ld	hl, #__str_2
   0111 E5            [11]  449 	push	hl
                            450 ;	genSend
                            451 ;	genMove_o size 2 result type 2 source type 7 a_dead 1 hl_dead 1 de_dead 1 iy_dead 1 f_dead 1
   0112 11r31s01      [10]  452 	ld	de, #__str_1
                            453 ;	genSend
                            454 ;	genMove_o size 2 result type 2 source type 7 a_dead 1 hl_dead 1 de_dead 0 iy_dead 1 f_dead 1
   0115 21r20s01      [10]  455 	ld	hl, #__str_0
                            456 ;	genCall
   0118 CDr00s00      [17]  457 	call	___fail
                            458 ;	genLabel
   011B                     459 00117$:
                            460 ;cases/./../tests/gcc-torture-execute-20120808-1.c:45: }
                            461 ;	genEndFunction
   011B DD F9         [10]  462 	ld	sp, ix
   011D DD E1         [14]  463 	pop	ix
   011F C9            [10]  464 	ret
                            465 ;	Total testTortureExecute function size at codegen: 5 bytes.
   0120                     466 __str_0:
   0120 41 73 73 65 72 74   467 	.ascii "Assertion failed"
        69 6F 6E 20 66 61
        69 6C 65 64
   0130 00                  468 	.db 0x00
   0131                     469 __str_1:
   0131 30                  470 	.ascii "0"
   0132 00                  471 	.db 0x00
   0133                     472 __str_2:
   0133 63 61 73 65 73 2F   473 	.ascii "cases/./../tests/gcc-torture-execute-20120808-1.c"
        2E 2F 2E 2E 2F 74
        65 73 74 73 2F 67
        63 63 2D 74 6F 72
        74 75 72 65 2D 65
        78 65 63 75 74 65
        2D 32 30 31 32 30
        38 30 38 2D 31 2E
        63
   0164 00                  474 	.db 0x00
                            475 ;cases/tst_gcc-torture-execute-20120808-1.c:4: __runSuite(void)
                            476 ;	genLabel
                            477 ;	genFunction
                            478 ;	---------------------------------
                            479 ; Function __runSuite
                            480 ; ---------------------------------
                            481 ;	Register assignment is optimal.
                            482 ; Stack space usage: 0 bytes.
   0165                     483 ___runSuite::
                            484 ;cases/tst_gcc-torture-execute-20120808-1.c:6: __prints("Running testTortureExecute\n");
                            485 ;	skipping iCode since result will be rematerialized
                            486 ;	skipping iCode since result will be rematerialized
                            487 ;	genSend
                            488 ;	genMove_o size 2 result type 2 source type 7 a_dead 1 hl_dead 1 de_dead 1 iy_dead 1 f_dead 1
   0165 21r6Es01      [10]  489 	ld	hl, #___str_3
                            490 ;	genCall
   0168 CDr00s00      [17]  491 	call	___prints
                            492 ;cases/tst_gcc-torture-execute-20120808-1.c:7: testTortureExecute();
                            493 ;	genCall
                            494 ;	genLabel
                            495 ; common peephole 159 removed unused label 00101$.
                            496 ;cases/tst_gcc-torture-execute-20120808-1.c:8: }
                            497 ;	genEndFunction
   016B C3r00s00      [10]  498 	jp	_testTortureExecute
                            499 ; common peephole 152 removed unused ret.
                            500 ;	Total __runSuite function size at codegen: 1 bytes.
   016E                     501 ___str_3:
   016E 52 75 6E 6E 69 6E   502 	.ascii "Running testTortureExecute"
        67 20 74 65 73 74
        54 6F 72 74 75 72
        65 45 78 65 63 75
        74 65
   0188 0A                  503 	.db 0x0a
   0189 00                  504 	.db 0x00
                            505 ;cases/tst_gcc-torture-execute-20120808-1.c:13: __getSuiteName(void)
                            506 ;	genLabel
                            507 ;	genFunction
                            508 ;	---------------------------------
                            509 ; Function __getSuiteName
                            510 ; ---------------------------------
                            511 ;	Register assignment is optimal.
                            512 ; Stack space usage: 0 bytes.
   018A                     513 ___getSuiteName::
                            514 ;cases/tst_gcc-torture-execute-20120808-1.c:15: return "gcc-torture-execute-20120808-1.c";
                            515 ;	skipping iCode since result will be rematerialized
                            516 ;	skipping iCode since result will be rematerialized
                            517 ;	genRet
                            518 ;	genMove_o size 2 result type 2 source type 7 a_dead 1 hl_dead 1 de_dead 1 iy_dead 1 f_dead 1
   018A 11r90s01      [10]  519 	ld	de, #___str_4
                            520 ;	genLabel
                            521 ; common peephole 159 removed unused label 00101$.
                            522 ;cases/tst_gcc-torture-execute-20120808-1.c:16: }
                            523 ;	genEndFunction
   018D C9            [10]  524 	ret
                            525 ;	Total __getSuiteName function size at codegen: 1 bytes.
   018E                     526 ___numCases:
   018E 01 00               527 	.dw #0x0001
   0190                     528 ___str_4:
   0190 67 63 63 2D 74 6F   529 	.ascii "gcc-torture-execute-20120808-1.c"
        72 74 75 72 65 2D
        65 78 65 63 75 74
        65 2D 32 30 31 32
        30 38 30 38 2D 31
        2E 63
   01B0 00                  530 	.db 0x00
                            531 	.area _CODE (BANK=_CSEG)
                            532 	.area _INITIALIZER
   0000                     533 __xinit__d:
   0000 00                  534 	.db #0x00	; 0
   0001 00                  535 	.db 0x00
   0002 00                  536 	.db 0x00
   0003 00                  537 	.db 0x00
   0004 00                  538 	.db 0x00
   0005 00                  539 	.db 0x00
   0006 00                  540 	.db 0x00
   0007 00                  541 	.db 0x00
   0008 00                  542 	.db 0x00
   0009 00                  543 	.db 0x00
   000A 00                  544 	.db 0x00
   000B 00                  545 	.db 0x00
   000C 00                  546 	.db 0x00
   000D 00                  547 	.db 0x00
   000E 00                  548 	.db 0x00
   000F 00                  549 	.db 0x00
   0010 00                  550 	.db 0x00
   0011 00                  551 	.db 0x00
   0012 00                  552 	.db 0x00
   0013 00                  553 	.db 0x00
   0014 00                  554 	.db 0x00
   0015 00                  555 	.db 0x00
   0016 00                  556 	.db 0x00
   0017 00                  557 	.db 0x00
   0018 00                  558 	.db 0x00
   0019 00                  559 	.db 0x00
   001A 00                  560 	.db 0x00
   001B 00                  561 	.db 0x00
   001C 00                  562 	.db 0x00
   001D 00                  563 	.db 0x00
   001E 00                  564 	.db 0x00
   001F 00                  565 	.db 0x00
                            566 	.area _CABS (ABS)
