                              1 ;--------------------------------------------------------
                              2 ; File Created by SDCC : free open source ISO C Compiler
                              3 ; Version 4.6.2 #16710 (Linux)
                              4 ;--------------------------------------------------------
                              5 	.module tst_gcc_torture_execute_pr78586
                              6 	
                              7 ;--------------------------------------------------------
                              8 ; Public variables in this module
                              9 ;--------------------------------------------------------
                             10 	.globl _testTortureExecute
                             11 	.globl _foo
                             12 	.globl _sprintf
                             13 	.globl ___prints
                             14 	.globl ___fail
                             15 	.globl ___numCases
                             16 	.globl ___runSuite
                             17 	.globl ___getSuiteName
                             18 ;--------------------------------------------------------
                             19 ; special function registers
                             20 ;--------------------------------------------------------
                             21 ;--------------------------------------------------------
                             22 ; ram data
                             23 ;--------------------------------------------------------
                             24 	.area _DATA (BANK=_DSEG)
                             25 ;--------------------------------------------------------
                             26 ; ram data
                             27 ;--------------------------------------------------------
                             28 	.area _INITIALIZED
                             29 ;--------------------------------------------------------
                             30 ; absolute ram data
                             31 ;--------------------------------------------------------
                             32 	.area _DABS (ABS)
                             33 	.area _DABS (ABS)
                             34 ;--------------------------------------------------------
                             35 ; global & static initialisations
                             36 ;--------------------------------------------------------
                             37 	.area _HOME
                             38 	.area _GSINIT
                             39 	.area _GSFINAL
                             40 	.area _GSINIT
                             41 ;--------------------------------------------------------
                             42 ; Home
                             43 ;--------------------------------------------------------
                             44 	.area _HOME (BANK=_CSEG)
                             45 	.area _HOME (BANK=_CSEG)
                             46 ;--------------------------------------------------------
                             47 ; code
                             48 ;--------------------------------------------------------
                             49 	.area _CODE (BANK=_CSEG)
                             50 ;cases/./../tests/gcc-torture-execute-pr78586.c:17: foo (unsigned long x)
                             51 ;	genLabel
                             52 ;	genFunction
                             53 ;	---------------------------------
                             54 ; Function foo
                             55 ; ---------------------------------
                             56 ;	Register assignment might be sub-optimal.
                             57 ; Stack space usage: 30 bytes.
   0000                      58 _foo::
   0000 DD E5         [15]   59 	push	ix
   0002 DD 21 00 00   [14]   60 	ld	ix,	#0
   0006 DD 39         [15]   61 	add	ix, sp
                             62 ;	adjustStack by -30
   0008 FD 21 E2 FF   [14]   63 	ld	iy, #-30
   000C FD 39         [15]   64 	add	iy, sp
   000E FD F9         [10]   65 	ld	sp, iy
                             66 ;	genReceive
                             67 ;	genMove_o size 4 result type 2 source type 2 a_dead 1 hl_dead 1 de_dead 1 iy_dead 1 f_dead 1
                             68 ;cases/./../tests/gcc-torture-execute-pr78586.c:20: unsigned long b = sprintf (a, "%lu", x);
                             69 ;	skipping iCode since result will be rematerialized
                             70 ;	genCast
                             71 ;	genMove_o size 2 result type 2 source type 7 a_dead 1 hl_dead 0 de_dead 0 iy_dead 1 f_dead 1
   0010 01r4Bs00      [10]   72 	ld	bc, #___str_0
                             73 ;	skipping iCode since result will be rematerialized
                             74 ;	skipping iCode since result will be rematerialized
                             75 ;	genIpush
   0013 E5            [11]   76 	push	hl
   0014 D5            [11]   77 	push	de
                             78 ;	genIpush
   0015 C5            [11]   79 	push	bc
                             80 ;	genIpush
                             81 ;	genMove_o size 2 result type 2 source type 8 a_dead 1 hl_dead 1 de_dead 1 iy_dead 1 f_dead 1
   0016 21 06 00      [10]   82 	ld	hl, #6
   0019 39            [11]   83 	add	hl, sp
                             84 ;	genMove_o size 2 result type 2 source type 2 a_dead 1 hl_dead 1 de_dead 1 iy_dead 1 f_dead 1
   001A E5            [11]   85 	push	hl
                             86 ;	genCall
   001B CDr00s00      [17]   87 	call	_sprintf
                             88 ;	adjustStack by 8
   001E F1            [10]   89 	pop	af
   001F F1            [10]   90 	pop	af
   0020 F1            [10]   91 	pop	af
   0021 F1            [10]   92 	pop	af
                             93 ;	genMove_o size 2 result type 2 source type 2 a_dead 1 hl_dead 1 de_dead 1 iy_dead 1 f_dead 1
                             94 ;	genCast
                             95 ;	genMove_o size 1 result type 2 source type 2 a_dead 1 hl_dead 1 de_dead 1 iy_dead 1 f_dead 1
                             96 ;	genMove_o size 1 result type 2 source type 2 a_dead 1 hl_dead 1 de_dead 0 iy_dead 1 f_dead 1
   0022 7A            [ 4]   97 	ld	a, d
                             98 ;	genMove_o size 0 result type 2 source type 1 a_dead 1 hl_dead 1 de_dead 0 iy_dead 1 f_dead 1
   0023 07            [ 4]   99 	rlca
   0024 ED 62         [15]  100 	sbc	hl, hl
                            101 ;	genMove_o size 2 result type 2 source type 2 a_dead 1 hl_dead 1 de_dead 0 iy_dead 1 f_dead 0
                            102 ;cases/./../tests/gcc-torture-execute-pr78586.c:21: if (b != 4)
                            103 ;	genCmpEq
                            104 ;	genMove_o size 1 result type 2 source type 2 a_dead 1 hl_dead 0 de_dead 0 iy_dead 0 f_dead 1
   0026 7B            [ 4]  105 	ld	a, e
                            106 ;	genMove_o size 0 result type 2 source type 1 a_dead 1 hl_dead 0 de_dead 0 iy_dead 0 f_dead 1
   0027 D6 04         [ 7]  107 	sub	a, #0x04
   0029 B2            [ 4]  108 	or	a, d
   002A B5            [ 4]  109 	or	a, l
   002B B4            [ 4]  110 	or	a, h
                            111 ; common peephole 163 changed absolute to relative conditional jump.
   002C 28 18         [12]  112 	jr	z, 00103$
                            113 ; common peephole 81 removed jp by using inverse jump logic
                            114 ; common peephole 159 removed unused label 00113$.
                            115 ;	skipping generated iCode
                            116 ;cases/./../tests/gcc-torture-execute-pr78586.c:22: ASSERT (0);
                            117 ;	genPlus
                            118 ;	genMove_o size 2 result type 2 source type 10 a_dead 1 hl_dead 1 de_dead 1 iy_dead 1 f_dead 1
   002E 2Ar00s00      [16]  119 	ld	hl, (___numTests)
   0031 23            [ 6]  120 	inc	hl
                            121 ;	genMove_o size 2 result type 10 source type 2 a_dead 1 hl_dead 1 de_dead 1 iy_dead 1 f_dead 1
   0032 22r00s00      [16]  122 	ld	(___numTests), hl
                            123 ;	skipping iCode since result will be rematerialized
                            124 ;	skipping iCode since result will be rematerialized
                            125 ;	skipping iCode since result will be rematerialized
                            126 ;	skipping iCode since result will be rematerialized
                            127 ;	skipping iCode since result will be rematerialized
                            128 ;	skipping iCode since result will be rematerialized
                            129 ;	genIpush
                            130 ;	genMove_o size 2 result type 2 source type 1 a_dead 1 hl_dead 1 de_dead 1 iy_dead 1 f_dead 1
   0035 21 16 00      [10]  131 	ld	hl, #0x0016
   0038 E5            [11]  132 	push	hl
                            133 ;	genIpush
                            134 ;	genMove_o size 2 result type 2 source type 7 a_dead 1 hl_dead 1 de_dead 1 iy_dead 1 f_dead 1
   0039 21r62s00      [10]  135 	ld	hl, #__str_3
   003C E5            [11]  136 	push	hl
                            137 ;	genSend
                            138 ;	genMove_o size 2 result type 2 source type 7 a_dead 1 hl_dead 1 de_dead 1 iy_dead 1 f_dead 1
   003D 11r60s00      [10]  139 	ld	de, #__str_2
                            140 ;	genSend
                            141 ;	genMove_o size 2 result type 2 source type 7 a_dead 1 hl_dead 1 de_dead 0 iy_dead 1 f_dead 1
   0040 21r4Fs00      [10]  142 	ld	hl, #__str_1
                            143 ;	genCall
   0043 CDr00s00      [17]  144 	call	___fail
                            145 ;	genLabel
   0046                     146 00103$:
                            147 ;cases/./../tests/gcc-torture-execute-pr78586.c:23: }
                            148 ;	genEndFunction
   0046 DD F9         [10]  149 	ld	sp, ix
   0048 DD E1         [14]  150 	pop	ix
   004A C9            [10]  151 	ret
                            152 ;	Total foo function size at codegen: 5 bytes.
   004B                     153 ___str_0:
   004B 25 6C 75            154 	.ascii "%lu"
   004E 00                  155 	.db 0x00
   004F                     156 __str_1:
   004F 41 73 73 65 72 74   157 	.ascii "Assertion failed"
        69 6F 6E 20 66 61
        69 6C 65 64
   005F 00                  158 	.db 0x00
   0060                     159 __str_2:
   0060 30                  160 	.ascii "0"
   0061 00                  161 	.db 0x00
   0062                     162 __str_3:
   0062 63 61 73 65 73 2F   163 	.ascii "cases/./../tests/gcc-torture-execute-pr78586.c"
        2E 2F 2E 2E 2F 74
        65 73 74 73 2F 67
        63 63 2D 74 6F 72
        74 75 72 65 2D 65
        78 65 63 75 74 65
        2D 70 72 37 38 35
        38 36 2E 63
   0090 00                  164 	.db 0x00
                            165 ;cases/./../tests/gcc-torture-execute-pr78586.c:27: testTortureExecute (void)
                            166 ;	genLabel
                            167 ;	genFunction
                            168 ;	---------------------------------
                            169 ; Function testTortureExecute
                            170 ; ---------------------------------
                            171 ;	Register assignment is optimal.
                            172 ; Stack space usage: 0 bytes.
   0091                     173 _testTortureExecute::
                            174 ;cases/./../tests/gcc-torture-execute-pr78586.c:30: foo (1000);
                            175 ;	genSend
                            176 ;	genMove_o size 4 result type 2 source type 1 a_dead 1 hl_dead 1 de_dead 1 iy_dead 1 f_dead 1
   0091 11 E8 03      [10]  177 	ld	de, #0x03e8
   0094 21 00 00      [10]  178 	ld	hl, #0x0000
                            179 ;	genCall
                            180 ;cases/./../tests/gcc-torture-execute-pr78586.c:31: return;
                            181 ;	genRet
                            182 ;	genLabel
                            183 ; common peephole 159 removed unused label 00101$.
                            184 ;cases/./../tests/gcc-torture-execute-pr78586.c:33: }
                            185 ;	genEndFunction
   0097 C3r00s00      [10]  186 	jp	_foo
                            187 ; common peephole 152 removed unused ret.
                            188 ;	Total testTortureExecute function size at codegen: 1 bytes.
                            189 ;cases/tst_gcc-torture-execute-pr78586.c:4: __runSuite(void)
                            190 ;	genLabel
                            191 ;	genFunction
                            192 ;	---------------------------------
                            193 ; Function __runSuite
                            194 ; ---------------------------------
                            195 ;	Register assignment is optimal.
                            196 ; Stack space usage: 0 bytes.
   009A                     197 ___runSuite::
                            198 ;cases/tst_gcc-torture-execute-pr78586.c:6: __prints("Running testTortureExecute\n");
                            199 ;	skipping iCode since result will be rematerialized
                            200 ;	skipping iCode since result will be rematerialized
                            201 ;	genSend
                            202 ;	genMove_o size 2 result type 2 source type 7 a_dead 1 hl_dead 1 de_dead 1 iy_dead 1 f_dead 1
   009A 21rA3s00      [10]  203 	ld	hl, #___str_4
                            204 ;	genCall
   009D CDr00s00      [17]  205 	call	___prints
                            206 ;cases/tst_gcc-torture-execute-pr78586.c:7: testTortureExecute();
                            207 ;	genCall
                            208 ;	genLabel
                            209 ; common peephole 159 removed unused label 00101$.
                            210 ;cases/tst_gcc-torture-execute-pr78586.c:8: }
                            211 ;	genEndFunction
   00A0 C3r91s00      [10]  212 	jp	_testTortureExecute
                            213 ; common peephole 152 removed unused ret.
                            214 ;	Total __runSuite function size at codegen: 1 bytes.
   00A3                     215 ___str_4:
   00A3 52 75 6E 6E 69 6E   216 	.ascii "Running testTortureExecute"
        67 20 74 65 73 74
        54 6F 72 74 75 72
        65 45 78 65 63 75
        74 65
   00BD 0A                  217 	.db 0x0a
   00BE 00                  218 	.db 0x00
                            219 ;cases/tst_gcc-torture-execute-pr78586.c:13: __getSuiteName(void)
                            220 ;	genLabel
                            221 ;	genFunction
                            222 ;	---------------------------------
                            223 ; Function __getSuiteName
                            224 ; ---------------------------------
                            225 ;	Register assignment is optimal.
                            226 ; Stack space usage: 0 bytes.
   00BF                     227 ___getSuiteName::
                            228 ;cases/tst_gcc-torture-execute-pr78586.c:15: return "gcc-torture-execute-pr78586.c";
                            229 ;	skipping iCode since result will be rematerialized
                            230 ;	skipping iCode since result will be rematerialized
                            231 ;	genRet
                            232 ;	genMove_o size 2 result type 2 source type 7 a_dead 1 hl_dead 1 de_dead 1 iy_dead 1 f_dead 1
   00BF 11rC5s00      [10]  233 	ld	de, #___str_5
                            234 ;	genLabel
                            235 ; common peephole 159 removed unused label 00101$.
                            236 ;cases/tst_gcc-torture-execute-pr78586.c:16: }
                            237 ;	genEndFunction
   00C2 C9            [10]  238 	ret
                            239 ;	Total __getSuiteName function size at codegen: 1 bytes.
   00C3                     240 ___numCases:
   00C3 01 00               241 	.dw #0x0001
   00C5                     242 ___str_5:
   00C5 67 63 63 2D 74 6F   243 	.ascii "gcc-torture-execute-pr78586.c"
        72 74 75 72 65 2D
        65 78 65 63 75 74
        65 2D 70 72 37 38
        35 38 36 2E 63
   00E2 00                  244 	.db 0x00
                            245 	.area _CODE (BANK=_CSEG)
                            246 	.area _INITIALIZER
                            247 	.area _CABS (ABS)
