                              1 ;--------------------------------------------------------
                              2 ; File Created by SDCC : free open source ISO C Compiler
                              3 ; Version 4.6.2 #16710 (Linux)
                              4 ;--------------------------------------------------------
                              5 	.module tst_gcc_torture_execute_pr63843
                              6 	
                              7 ;--------------------------------------------------------
                              8 ; Public variables in this module
                              9 ;--------------------------------------------------------
                             10 	.globl _testTortureExecute
                             11 	.globl _bar
                             12 	.globl ___prints
                             13 	.globl ___numCases
                             14 	.globl ___runSuite
                             15 	.globl ___getSuiteName
                             16 ;--------------------------------------------------------
                             17 ; special function registers
                             18 ;--------------------------------------------------------
                             19 ;--------------------------------------------------------
                             20 ; ram data
                             21 ;--------------------------------------------------------
                             22 	.area _DATA (BANK=_DSEG)
                             23 ;--------------------------------------------------------
                             24 ; ram data
                             25 ;--------------------------------------------------------
                             26 	.area _INITIALIZED
                             27 ;--------------------------------------------------------
                             28 ; absolute ram data
                             29 ;--------------------------------------------------------
                             30 	.area _DABS (ABS)
                             31 	.area _DABS (ABS)
                             32 ;--------------------------------------------------------
                             33 ; global & static initialisations
                             34 ;--------------------------------------------------------
                             35 	.area _HOME
                             36 	.area _GSINIT
                             37 	.area _GSFINAL
                             38 	.area _GSINIT
                             39 ;--------------------------------------------------------
                             40 ; Home
                             41 ;--------------------------------------------------------
                             42 	.area _HOME (BANK=_CSEG)
                             43 	.area _HOME (BANK=_CSEG)
                             44 ;--------------------------------------------------------
                             45 ; code
                             46 ;--------------------------------------------------------
                             47 	.area _CODE (BANK=_CSEG)
                             48 ;cases/./../tests/gcc-torture-execute-pr63843.c:17: unsigned short foo (unsigned short v)
                             49 ;	genLabel
                             50 ;	genFunction
                             51 ;	---------------------------------
                             52 ; Function foo
                             53 ; ---------------------------------
                             54 ;	Register assignment might be sub-optimal.
                             55 ; Stack space usage: 0 bytes.
   0000                      56 _foo:
                             57 ;	genReceive
                             58 ;	genMove_o size 2 result type 2 source type 2 a_dead 1 hl_dead 1 de_dead 1 iy_dead 1 f_dead 1
   0000 55            [ 4]   59 	ld	d, l
   0001 5C            [ 4]   60 	ld	e, h
                             61 ;	genMove_o size 0 result type 2 source type 1 a_dead 1 hl_dead 1 de_dead 1 iy_dead 1 f_dead 1
                             62 ;cases/./../tests/gcc-torture-execute-pr63843.c:19: return (v << 8) | (v >> 8);
                             63 ;	genRot
                             64 ;	genMove_o size 2 result type 2 source type 2 a_dead 1 hl_dead 1 de_dead 1 iy_dead 1 f_dead 1
                             65 ;	genRet
                             66 ;	genMove_o size 2 result type 2 source type 2 a_dead 1 hl_dead 1 de_dead 1 iy_dead 1 f_dead 1
                             67 ;	genLabel
                             68 ; common peephole 159 removed unused label 00101$.
                             69 ;cases/./../tests/gcc-torture-execute-pr63843.c:20: }
                             70 ;	genEndFunction
   0002 C9            [10]   71 	ret
                             72 ;	Total foo function size at codegen: 1 bytes.
                             73 ;cases/./../tests/gcc-torture-execute-pr63843.c:23: bar (unsigned char *x)
                             74 ;	genLabel
                             75 ;	genFunction
                             76 ;	---------------------------------
                             77 ; Function bar
                             78 ; ---------------------------------
                             79 ;	Register assignment might be sub-optimal.
                             80 ; Stack space usage: 4 bytes.
   0003                      81 _bar::
   0003 DD E5         [15]   82 	push	ix
   0005 DD 21 00 00   [14]   83 	ld	ix,	#0
   0009 DD 39         [15]   84 	add	ix, sp
                             85 ;	adjustStack by -4
   000B F5            [11]   86 	push	af
   000C F5            [11]   87 	push	af
                             88 ;	genReceive
                             89 ;	genMove_o size 2 result type 2 source type 2 a_dead 1 hl_dead 1 de_dead 1 iy_dead 1 f_dead 1
                             90 ;cases/./../tests/gcc-torture-execute-pr63843.c:27: memcpy (&a, &x[0], sizeof (a));
                             91 ;	skipping iCode since result will be rematerialized
                             92 ;	skipping iCode since result will be rematerialized
                             93 ;	genCast
                             94 ;	genMove_o size 2 result type 2 source type 2 a_dead 1 hl_dead 0 de_dead 1 iy_dead 1 f_dead 1
   000D 5D            [ 4]   95 	ld	e, l
   000E 54            [ 4]   96 	ld	d, h
                             97 ;	genMove_o size 0 result type 2 source type 1 a_dead 1 hl_dead 0 de_dead 1 iy_dead 1 f_dead 1
                             98 ;	genBuiltIn
   000F E5            [11]   99 	push	hl
   0010 D5            [11]  100 	push	de
                            101 ;	genMove_o size 2 result type 2 source type 2 a_dead 1 hl_dead 1 de_dead 1 iy_dead 1 f_dead 1
                            102 ;	genMove_o size 0 result type 2 source type 1 a_dead 1 hl_dead 1 de_dead 1 iy_dead 1 f_dead 1
                            103 ;	genMove_o size 2 result type 2 source type 8 a_dead 1 hl_dead 0 de_dead 1 iy_dead 1 f_dead 1
                            104 ; common peephole 8 removed double de/hl swap.
   0011 21 04 00      [10]  105 	ld	hl, #4
   0014 39            [11]  106 	add	hl, sp
   0015 EB            [ 4]  107 	ex	de, hl
   0016 ED A0         [16]  108 	ldi
   0018 7E            [ 7]  109 	ld	a, (hl)
   0019 12            [ 7]  110 	ld	(de), a
   001A D1            [10]  111 	pop	de
   001B E1            [10]  112 	pop	hl
                            113 ;	skipping generated iCode
                            114 ;	skipping generated iCode
                            115 ;	skipping generated iCode
                            116 ;cases/./../tests/gcc-torture-execute-pr63843.c:28: a ^= 0x80808080U;
                            117 ;	genAssign
                            118 ;	genMove_o size 2 result type 2 source type 6 a_dead 1 hl_dead 0 de_dead 0 iy_dead 1 f_dead 1
   001C DD 7E FC      [19]  119 	ld	a, -4 (ix)
   001F DD 4E FD      [19]  120 	ld	c, -3 (ix)
                            121 ;	genMove_o size 0 result type 2 source type 1 a_dead 1 hl_dead 0 de_dead 0 iy_dead 1 f_dead 1
                            122 ;	genXor
   0022 EE 80         [ 7]  123 	xor	a, #0x80
                            124 ;	genMove_o size 1 result type 6 source type 2 a_dead 1 hl_dead 0 de_dead 0 iy_dead 1 f_dead 1
   0024 DD 77 FC      [19]  125 	ld	-4 (ix), a
                            126 ;	genMove_o size 0 result type 6 source type 1 a_dead 1 hl_dead 0 de_dead 0 iy_dead 1 f_dead 1
   0027 79            [ 4]  127 	ld	a, c
   0028 EE 80         [ 7]  128 	xor	a, #0x80
                            129 ;	genMove_o size 1 result type 6 source type 2 a_dead 1 hl_dead 0 de_dead 0 iy_dead 1 f_dead 1
   002A DD 77 FD      [19]  130 	ld	-3 (ix), a
                            131 ;	genMove_o size 0 result type 6 source type 1 a_dead 1 hl_dead 0 de_dead 0 iy_dead 1 f_dead 1
                            132 ;cases/./../tests/gcc-torture-execute-pr63843.c:29: memcpy (&x[0], &a, sizeof (a));
                            133 ;	skipping iCode since result will be rematerialized
                            134 ;	skipping iCode since result will be rematerialized
                            135 ;	genBuiltIn
   002D E5            [11]  136 	push	hl
                            137 ;	genMove_o size 2 result type 2 source type 2 a_dead 1 hl_dead 1 de_dead 1 iy_dead 1 f_dead 1
                            138 ;	genMove_o size 2 result type 2 source type 8 a_dead 1 hl_dead 1 de_dead 0 iy_dead 1 f_dead 1
   002E 21 02 00      [10]  139 	ld	hl, #2
   0031 39            [11]  140 	add	hl, sp
                            141 ;	genMove_o size 2 result type 2 source type 2 a_dead 1 hl_dead 1 de_dead 0 iy_dead 1 f_dead 1
   0032 ED A0         [16]  142 	ldi
   0034 7E            [ 7]  143 	ld	a, (hl)
   0035 12            [ 7]  144 	ld	(de), a
   0036 E1            [10]  145 	pop	hl
                            146 ;	skipping generated iCode
                            147 ;	skipping generated iCode
                            148 ;	skipping generated iCode
                            149 ;cases/./../tests/gcc-torture-execute-pr63843.c:30: memcpy (&b, &x[2], sizeof (b));
                            150 ;	skipping iCode since result will be rematerialized
                            151 ;	genCast
                            152 ;	genMove_o size 2 result type 2 source type 8 a_dead 1 hl_dead 0 de_dead 1 iy_dead 1 f_dead 1
   0037 EB            [ 4]  153 	ex	de, hl
   0038 21 02 00      [10]  154 	ld	hl, #2
   003B 39            [11]  155 	add	hl, sp
   003C EB            [ 4]  156 	ex	de, hl
                            157 ;	genPlus
   003D 23            [ 6]  158 	inc	hl
   003E 23            [ 6]  159 	inc	hl
                            160 ;	genBuiltIn
   003F ED A0         [16]  161 	ldi
   0041 7E            [ 7]  162 	ld	a, (hl)
   0042 12            [ 7]  163 	ld	(de), a
                            164 ;	skipping generated iCode
                            165 ;	skipping generated iCode
                            166 ;	skipping generated iCode
                            167 ;cases/./../tests/gcc-torture-execute-pr63843.c:31: return foo (b);
                            168 ;	genAssign
                            169 ;	genMove_o size 2 result type 2 source type 6 a_dead 1 hl_dead 1 de_dead 1 iy_dead 1 f_dead 1
                            170 ;	genMove_o size 0 result type 2 source type 1 a_dead 1 hl_dead 1 de_dead 1 iy_dead 1 f_dead 1
                            171 ;cases/./../tests/gcc-torture-execute-pr63843.c:19: return (v << 8) | (v >> 8);
                            172 ;	genRot
                            173 ;	genMove_o size 2 result type 2 source type 2 a_dead 1 hl_dead 1 de_dead 1 iy_dead 1 f_dead 1
   0043 DD 56 FE      [19]  174 	ld	d, -2 (ix)
                            175 ; common peephole 14 loaded -2 (ix) into d directly instead of going through a.
   0046 DD 5E FF      [19]  176 	ld	e, -1 (ix)
                            177 ;	genMove_o size 0 result type 2 source type 1 a_dead 1 hl_dead 1 de_dead 1 iy_dead 1 f_dead 1
                            178 ;cases/./../tests/gcc-torture-execute-pr63843.c:31: return foo (b);
                            179 ;	genRet
                            180 ;	genMove_o size 2 result type 2 source type 2 a_dead 1 hl_dead 1 de_dead 1 iy_dead 1 f_dead 1
                            181 ;	genLabel
                            182 ; common peephole 159 removed unused label 00102$.
                            183 ;cases/./../tests/gcc-torture-execute-pr63843.c:32: }
                            184 ;	genEndFunction
   0049 DD F9         [10]  185 	ld	sp, ix
   004B DD E1         [14]  186 	pop	ix
   004D C9            [10]  187 	ret
                            188 ;	Total bar function size at codegen: 5 bytes.
                            189 ;cases/./../tests/gcc-torture-execute-pr63843.c:35: testTortureExecute (void)
                            190 ;	genLabel
                            191 ;	genFunction
                            192 ;	---------------------------------
                            193 ; Function testTortureExecute
                            194 ; ---------------------------------
                            195 ;	Register assignment might be sub-optimal.
                            196 ; Stack space usage: 8 bytes.
   004E                     197 _testTortureExecute::
                            198 ;	adjustStack by -8
   004E 21 F8 FF      [10]  199 	ld	hl, #-8
   0051 39            [11]  200 	add	hl, sp
   0052 F9            [ 6]  201 	ld	sp, hl
                            202 ;cases/./../tests/gcc-torture-execute-pr63843.c:37: unsigned char x[8] = { 0x01, 0x01, 0x01, 0x01 };
                            203 ;	skipping iCode since result will be rematerialized
                            204 ;	genPointerSet
                            205 ;	genMove_o size 1 result type 12 source type 1 a_dead 1 hl_dead 1 de_dead 1 iy_dead 1 f_dead 1
   0053 FD 21 00 00   [14]  206 	ld	iy, #0
   0057 FD 39         [15]  207 	add	iy, sp
   0059 FD 36 00 01   [19]  208 	ld	0 (iy), #0x01
                            209 ;	skipping iCode since result will be rematerialized
                            210 ;	genPointerSet
                            211 ;	genMove_o size 1 result type 12 source type 1 a_dead 1 hl_dead 1 de_dead 1 iy_dead 1 f_dead 1
   005D FD 23         [10]  212 	inc	iy
   005F FD 36 00 01   [19]  213 	ld	0 (iy), #0x01
                            214 ;	skipping iCode since result will be rematerialized
                            215 ;	genPointerSet
                            216 ;	genMove_o size 1 result type 12 source type 1 a_dead 1 hl_dead 1 de_dead 1 iy_dead 1 f_dead 1
   0063 FD 23         [10]  217 	inc	iy
   0065 FD 36 00 01   [19]  218 	ld	0 (iy), #0x01
                            219 ;	skipping iCode since result will be rematerialized
                            220 ;	genPointerSet
                            221 ;	genMove_o size 1 result type 12 source type 1 a_dead 1 hl_dead 1 de_dead 1 iy_dead 1 f_dead 1
   0069 FD 23         [10]  222 	inc	iy
   006B FD 36 00 01   [19]  223 	ld	0 (iy), #0x01
                            224 ;	skipping iCode since result will be rematerialized
                            225 ;	genPointerSet
                            226 ;	genMove_o size 1 result type 12 source type 1 a_dead 1 hl_dead 1 de_dead 1 iy_dead 1 f_dead 1
   006F FD 23         [10]  227 	inc	iy
   0071 FD 36 00 00   [19]  228 	ld	0 (iy), #0x00
                            229 ;	skipping iCode since result will be rematerialized
                            230 ;	genPointerSet
                            231 ;	genMove_o size 1 result type 12 source type 1 a_dead 1 hl_dead 1 de_dead 1 iy_dead 1 f_dead 1
   0075 FD 23         [10]  232 	inc	iy
   0077 FD 36 00 00   [19]  233 	ld	0 (iy), #0x00
                            234 ;	skipping iCode since result will be rematerialized
                            235 ;	genPointerSet
                            236 ;	genMove_o size 1 result type 12 source type 1 a_dead 1 hl_dead 1 de_dead 1 iy_dead 1 f_dead 1
   007B FD 23         [10]  237 	inc	iy
   007D FD 36 00 00   [19]  238 	ld	0 (iy), #0x00
                            239 ;	skipping iCode since result will be rematerialized
                            240 ;	genPointerSet
                            241 ;	genMove_o size 1 result type 12 source type 1 a_dead 1 hl_dead 1 de_dead 1 iy_dead 1 f_dead 1
                            242 ; common peephole 157b merged offset into storage instruction.
   0081 FD 36 01 00   [19]  243 	ld	1 (iy), #0x00
                            244 ;cases/./../tests/gcc-torture-execute-pr63843.c:43: return;
                            245 ;	genRet
                            246 ;	genLabel
                            247 ; common peephole 159 removed unused label 00106$.
                            248 ;cases/./../tests/gcc-torture-execute-pr63843.c:44: }
                            249 ;	genEndFunction
                            250 ;	adjustStack by 8
   0085 F1            [10]  251 	pop	af
   0086 F1            [10]  252 	pop	af
   0087 F1            [10]  253 	pop	af
   0088 F1            [10]  254 	pop	af
   0089 C9            [10]  255 	ret
                            256 ;	Total testTortureExecute function size at codegen: 5 bytes.
   008A                     257 __str_0:
   008A 41 73 73 65 72 74   258 	.ascii "Assertion failed"
        69 6F 6E 20 66 61
        69 6C 65 64
   009A 00                  259 	.db 0x00
   009B                     260 __str_1:
   009B 30                  261 	.ascii "0"
   009C 00                  262 	.db 0x00
   009D                     263 __str_2:
   009D 63 61 73 65 73 2F   264 	.ascii "cases/./../tests/gcc-torture-execute-pr63843.c"
        2E 2F 2E 2E 2F 74
        65 73 74 73 2F 67
        63 63 2D 74 6F 72
        74 75 72 65 2D 65
        78 65 63 75 74 65
        2D 70 72 36 33 38
        34 33 2E 63
   00CB 00                  265 	.db 0x00
                            266 ;cases/tst_gcc-torture-execute-pr63843.c:4: __runSuite(void)
                            267 ;	genLabel
                            268 ;	genFunction
                            269 ;	---------------------------------
                            270 ; Function __runSuite
                            271 ; ---------------------------------
                            272 ;	Register assignment is optimal.
                            273 ; Stack space usage: 0 bytes.
   00CC                     274 ___runSuite::
                            275 ;cases/tst_gcc-torture-execute-pr63843.c:6: __prints("Running testTortureExecute\n");
                            276 ;	skipping iCode since result will be rematerialized
                            277 ;	skipping iCode since result will be rematerialized
                            278 ;	genSend
                            279 ;	genMove_o size 2 result type 2 source type 7 a_dead 1 hl_dead 1 de_dead 1 iy_dead 1 f_dead 1
   00CC 21rD5s00      [10]  280 	ld	hl, #___str_3
                            281 ;	genCall
   00CF CDr00s00      [17]  282 	call	___prints
                            283 ;cases/tst_gcc-torture-execute-pr63843.c:7: testTortureExecute();
                            284 ;	genCall
                            285 ;	genLabel
                            286 ; common peephole 159 removed unused label 00101$.
                            287 ;cases/tst_gcc-torture-execute-pr63843.c:8: }
                            288 ;	genEndFunction
   00D2 C3r4Es00      [10]  289 	jp	_testTortureExecute
                            290 ; common peephole 152 removed unused ret.
                            291 ;	Total __runSuite function size at codegen: 1 bytes.
   00D5                     292 ___str_3:
   00D5 52 75 6E 6E 69 6E   293 	.ascii "Running testTortureExecute"
        67 20 74 65 73 74
        54 6F 72 74 75 72
        65 45 78 65 63 75
        74 65
   00EF 0A                  294 	.db 0x0a
   00F0 00                  295 	.db 0x00
                            296 ;cases/tst_gcc-torture-execute-pr63843.c:13: __getSuiteName(void)
                            297 ;	genLabel
                            298 ;	genFunction
                            299 ;	---------------------------------
                            300 ; Function __getSuiteName
                            301 ; ---------------------------------
                            302 ;	Register assignment is optimal.
                            303 ; Stack space usage: 0 bytes.
   00F1                     304 ___getSuiteName::
                            305 ;cases/tst_gcc-torture-execute-pr63843.c:15: return "gcc-torture-execute-pr63843.c";
                            306 ;	skipping iCode since result will be rematerialized
                            307 ;	skipping iCode since result will be rematerialized
                            308 ;	genRet
                            309 ;	genMove_o size 2 result type 2 source type 7 a_dead 1 hl_dead 1 de_dead 1 iy_dead 1 f_dead 1
   00F1 11rF7s00      [10]  310 	ld	de, #___str_4
                            311 ;	genLabel
                            312 ; common peephole 159 removed unused label 00101$.
                            313 ;cases/tst_gcc-torture-execute-pr63843.c:16: }
                            314 ;	genEndFunction
   00F4 C9            [10]  315 	ret
                            316 ;	Total __getSuiteName function size at codegen: 1 bytes.
   00F5                     317 ___numCases:
   00F5 01 00               318 	.dw #0x0001
   00F7                     319 ___str_4:
   00F7 67 63 63 2D 74 6F   320 	.ascii "gcc-torture-execute-pr63843.c"
        72 74 75 72 65 2D
        65 78 65 63 75 74
        65 2D 70 72 36 33
        38 34 33 2E 63
   0114 00                  321 	.db 0x00
                            322 	.area _CODE (BANK=_CSEG)
                            323 	.area _INITIALIZER
                            324 	.area _CABS (ABS)
