                              1 ;--------------------------------------------------------
                              2 ; File Created by SDCC : free open source ISO C Compiler
                              3 ; Version 4.6.2 #16710 (Linux)
                              4 ;--------------------------------------------------------
                              5 	.module tst_bug_2231
                              6 	
                              7 ;--------------------------------------------------------
                              8 ; Public variables in this module
                              9 ;--------------------------------------------------------
                             10 	.globl _testBug
                             11 	.globl _memcmp
                             12 	.globl ___prints
                             13 	.globl ___fail
                             14 	.globl _dst
                             15 	.globl _src
                             16 	.globl ___numCases
                             17 	.globl ___runSuite
                             18 	.globl ___getSuiteName
                             19 ;--------------------------------------------------------
                             20 ; special function registers
                             21 ;--------------------------------------------------------
                             22 ;--------------------------------------------------------
                             23 ; ram data
                             24 ;--------------------------------------------------------
                             25 	.area _DATA (BANK=_DSEG)
                             26 ;--------------------------------------------------------
                             27 ; ram data
                             28 ;--------------------------------------------------------
                             29 	.area _INITIALIZED
   0000                      30 _src::
   0000                      31 	.ds 12
   000C                      32 _dst::
   000C                      33 	.ds 16
                             34 ;--------------------------------------------------------
                             35 ; absolute ram data
                             36 ;--------------------------------------------------------
                             37 	.area _DABS (ABS)
                             38 	.area _DABS (ABS)
                             39 ;--------------------------------------------------------
                             40 ; global & static initialisations
                             41 ;--------------------------------------------------------
                             42 	.area _HOME
                             43 	.area _GSINIT
                             44 	.area _GSFINAL
                             45 	.area _GSINIT
                             46 ;--------------------------------------------------------
                             47 ; Home
                             48 ;--------------------------------------------------------
                             49 	.area _HOME (BANK=_CSEG)
                             50 	.area _HOME (BANK=_CSEG)
                             51 ;--------------------------------------------------------
                             52 ; code
                             53 ;--------------------------------------------------------
                             54 	.area _CODE (BANK=_CSEG)
                             55 ;cases/./../tests/bug-2231.c:10: void testBug(void)
                             56 ;	genLabel
                             57 ;	genFunction
                             58 ;	---------------------------------
                             59 ; Function testBug
                             60 ; ---------------------------------
                             61 ;	Register assignment might be sub-optimal.
                             62 ; Stack space usage: 0 bytes.
   0000                      63 _testBug::
                             64 ;cases/./../tests/bug-2231.c:13: strncpy(dst, src, 5);
                             65 ;	skipping iCode since result will be rematerialized
                             66 ;	skipping iCode since result will be rematerialized
                             67 ;	skipping iCode since result will be rematerialized
                             68 ;	skipping iCode since result will be rematerialized
                             69 ;	genBuiltIn
                             70 ;	genMove_o size 2 result type 2 source type 7 a_dead 1 hl_dead 1 de_dead 1 iy_dead 1 f_dead 1
   0000 11r0Cs00      [10]   71 	ld	de, #_dst
                             72 ;	genMove_o size 2 result type 2 source type 7 a_dead 1 hl_dead 1 de_dead 0 iy_dead 1 f_dead 1
   0003 21r00s00      [10]   73 	ld	hl, #_src
                             74 ;fetchPairLong
   0006 01 05 00      [10]   75 	ld	bc, #0x0005
   0009 AF            [ 4]   76 	xor	a, a
   000A                      77 00124$:
   000A BE            [ 7]   78 	cp	a, (hl)
   000B ED A0         [16]   79 	ldi
   000D E2r18s00      [10]   80 	jp	po, 00123$
   0010 20 F8         [12]   81 	jr	nz, 00124$
   0012                      82 00125$:
   0012 2B            [ 6]   83 	dec	hl
   0013 ED A0         [16]   84 	ldi
   0015 EAr12s00      [10]   85 	jp	PE, 00125$
   0018                      86 00123$:
                             87 ;	skipping generated iCode
                             88 ;	skipping generated iCode
                             89 ;	skipping generated iCode
                             90 ;cases/./../tests/bug-2231.c:14: ASSERT(0 == memcmp(dst, "Hello**********", 16));
                             91 ;	genPlus
                             92 ;	genMove_o size 2 result type 2 source type 10 a_dead 1 hl_dead 1 de_dead 1 iy_dead 1 f_dead 1
   0018 2Ar00s00      [16]   93 	ld	hl, (___numTests)
   001B 23            [ 6]   94 	inc	hl
                             95 ;	genMove_o size 2 result type 10 source type 2 a_dead 1 hl_dead 1 de_dead 1 iy_dead 1 f_dead 1
   001C 22r00s00      [16]   96 	ld	(___numTests), hl
                             97 ;	skipping iCode since result will be rematerialized
                             98 ;	skipping iCode since result will be rematerialized
                             99 ;	skipping iCode since result will be rematerialized
                            100 ;	genIpush
                            101 ;	genMove_o size 2 result type 2 source type 1 a_dead 1 hl_dead 1 de_dead 1 iy_dead 1 f_dead 1
   001F 21 10 00      [10]  102 	ld	hl, #0x0010
   0022 E5            [11]  103 	push	hl
                            104 ;	genSend
                            105 ;	genMove_o size 2 result type 2 source type 7 a_dead 1 hl_dead 1 de_dead 1 iy_dead 1 f_dead 1
   0023 11r82s00      [10]  106 	ld	de, #___str_0
                            107 ;	genSend
                            108 ;	genMove_o size 2 result type 2 source type 7 a_dead 1 hl_dead 1 de_dead 0 iy_dead 1 f_dead 1
   0026 21r0Cs00      [10]  109 	ld	hl, #_dst
                            110 ;	genCall
   0029 CDr00s00      [17]  111 	call	_memcmp
                            112 ;	genMove_o size 2 result type 2 source type 2 a_dead 1 hl_dead 1 de_dead 1 iy_dead 1 f_dead 1
                            113 ;	genIfx
   002C 7A            [ 4]  114 	ld	a, d
   002D B3            [ 4]  115 	or	a, e
                            116 ; common peephole 163 changed absolute to relative conditional jump.
   002E 28 11         [12]  117 	jr	z, 00104$
                            118 ;	skipping iCode since result will be rematerialized
                            119 ;	skipping iCode since result will be rematerialized
                            120 ;	skipping iCode since result will be rematerialized
                            121 ;	skipping iCode since result will be rematerialized
                            122 ;	skipping iCode since result will be rematerialized
                            123 ;	skipping iCode since result will be rematerialized
                            124 ;	genIpush
                            125 ;	genMove_o size 2 result type 2 source type 1 a_dead 1 hl_dead 1 de_dead 1 iy_dead 1 f_dead 1
   0030 21 0E 00      [10]  126 	ld	hl, #0x000e
   0033 E5            [11]  127 	push	hl
                            128 ;	genIpush
                            129 ;	genMove_o size 2 result type 2 source type 7 a_dead 1 hl_dead 1 de_dead 1 iy_dead 1 f_dead 1
   0034 21rCBs00      [10]  130 	ld	hl, #___str_3
   0037 E5            [11]  131 	push	hl
                            132 ;	genSend
                            133 ;	genMove_o size 2 result type 2 source type 7 a_dead 1 hl_dead 1 de_dead 1 iy_dead 1 f_dead 1
   0038 11rA3s00      [10]  134 	ld	de, #___str_2
                            135 ;	genSend
                            136 ;	genMove_o size 2 result type 2 source type 7 a_dead 1 hl_dead 1 de_dead 0 iy_dead 1 f_dead 1
   003B 21r92s00      [10]  137 	ld	hl, #___str_1
                            138 ;	genCall
   003E CDr00s00      [17]  139 	call	___fail
                            140 ;	genLabel
   0041                     141 00104$:
                            142 ;cases/./../tests/bug-2231.c:15: strncpy(dst, src, 15);
                            143 ;	genBuiltIn
                            144 ;	genMove_o size 2 result type 2 source type 7 a_dead 1 hl_dead 1 de_dead 1 iy_dead 1 f_dead 1
   0041 11r0Cs00      [10]  145 	ld	de, #_dst
                            146 ;	genMove_o size 2 result type 2 source type 7 a_dead 1 hl_dead 1 de_dead 0 iy_dead 1 f_dead 1
   0044 21r00s00      [10]  147 	ld	hl, #_src
                            148 ;fetchPairLong
   0047 01 0F 00      [10]  149 	ld	bc, #0x000f
   004A AF            [ 4]  150 	xor	a, a
   004B                     151 00127$:
   004B BE            [ 7]  152 	cp	a, (hl)
   004C ED A0         [16]  153 	ldi
   004E E2r59s00      [10]  154 	jp	po, 00126$
   0051 20 F8         [12]  155 	jr	nz, 00127$
   0053                     156 00128$:
   0053 2B            [ 6]  157 	dec	hl
   0054 ED A0         [16]  158 	ldi
   0056 EAr53s00      [10]  159 	jp	PE, 00128$
   0059                     160 00126$:
                            161 ;	skipping generated iCode
                            162 ;	skipping generated iCode
                            163 ;	skipping generated iCode
                            164 ;cases/./../tests/bug-2231.c:16: ASSERT(0 == memcmp(dst, "Hello World\0\0\0\0", 16));
                            165 ;	genPlus
                            166 ;	genMove_o size 2 result type 2 source type 10 a_dead 1 hl_dead 1 de_dead 1 iy_dead 1 f_dead 1
   0059 2Ar00s00      [16]  167 	ld	hl, (___numTests)
   005C 23            [ 6]  168 	inc	hl
                            169 ;	genMove_o size 2 result type 10 source type 2 a_dead 1 hl_dead 1 de_dead 1 iy_dead 1 f_dead 1
   005D 22r00s00      [16]  170 	ld	(___numTests), hl
                            171 ;	skipping iCode since result will be rematerialized
                            172 ;	skipping iCode since result will be rematerialized
                            173 ;	genIpush
                            174 ;	genMove_o size 2 result type 2 source type 1 a_dead 1 hl_dead 1 de_dead 1 iy_dead 1 f_dead 1
   0060 21 10 00      [10]  175 	ld	hl, #0x0010
   0063 E5            [11]  176 	push	hl
                            177 ;	genSend
                            178 ;	genMove_o size 2 result type 2 source type 7 a_dead 1 hl_dead 1 de_dead 1 iy_dead 1 f_dead 1
   0064 11rE7s00      [10]  179 	ld	de, #___str_4
                            180 ;	genSend
                            181 ;	genMove_o size 2 result type 2 source type 7 a_dead 1 hl_dead 1 de_dead 0 iy_dead 1 f_dead 1
   0067 21r0Cs00      [10]  182 	ld	hl, #_dst
                            183 ;	genCall
   006A CDr00s00      [17]  184 	call	_memcmp
                            185 ;	genMove_o size 2 result type 2 source type 2 a_dead 1 hl_dead 1 de_dead 1 iy_dead 1 f_dead 1
                            186 ;	genIfx
   006D 7A            [ 4]  187 	ld	a, d
   006E B3            [ 4]  188 	or	a, e
   006F C8            [11]  189 	ret	z
                            190 ; common peephole 161 replaced jump by return.
                            191 ;	skipping iCode since result will be rematerialized
                            192 ;	skipping iCode since result will be rematerialized
                            193 ;	skipping iCode since result will be rematerialized
                            194 ;	skipping iCode since result will be rematerialized
                            195 ;	skipping iCode since result will be rematerialized
                            196 ;	skipping iCode since result will be rematerialized
                            197 ;	genIpush
                            198 ;	genMove_o size 2 result type 2 source type 1 a_dead 1 hl_dead 1 de_dead 1 iy_dead 1 f_dead 1
   0070 21 10 00      [10]  199 	ld	hl, #0x0010
   0073 E5            [11]  200 	push	hl
                            201 ;	genIpush
                            202 ;	genMove_o size 2 result type 2 source type 7 a_dead 1 hl_dead 1 de_dead 1 iy_dead 1 f_dead 1
   0074 21rCBs00      [10]  203 	ld	hl, #___str_3
   0077 E5            [11]  204 	push	hl
                            205 ;	genSend
                            206 ;	genMove_o size 2 result type 2 source type 7 a_dead 1 hl_dead 1 de_dead 1 iy_dead 1 f_dead 1
   0078 11rF7s00      [10]  207 	ld	de, #___str_5
                            208 ;	genSend
                            209 ;	genMove_o size 2 result type 2 source type 7 a_dead 1 hl_dead 1 de_dead 0 iy_dead 1 f_dead 1
   007B 21r92s00      [10]  210 	ld	hl, #___str_1
                            211 ;	genCall
   007E CDr00s00      [17]  212 	call	___fail
                            213 ;	genLabel
                            214 ; common peephole 159 removed unused label 00101$.
                            215 ;cases/./../tests/bug-2231.c:18: }
                            216 ;	genEndFunction
   0081 C9            [10]  217 	ret
                            218 ;	Total testBug function size at codegen: 29 bytes.
   0082                     219 ___str_0:
   0082 48 65 6C 6C 6F 2A   220 	.ascii "Hello**********"
        2A 2A 2A 2A 2A 2A
        2A 2A 2A
   0091 00                  221 	.db 0x00
   0092                     222 ___str_1:
   0092 41 73 73 65 72 74   223 	.ascii "Assertion failed"
        69 6F 6E 20 66 61
        69 6C 65 64
   00A2 00                  224 	.db 0x00
   00A3                     225 ___str_2:
   00A3 30 20 3D 3D 20 6D   226 	.ascii "0 == memcmp(dst, "
        65 6D 63 6D 70 28
        64 73 74 2C 20
   00B4 22                  227 	.db 0x22
   00B5 48 65 6C 6C 6F 2A   228 	.ascii "Hello**********"
        2A 2A 2A 2A 2A 2A
        2A 2A 2A
   00C4 22                  229 	.db 0x22
   00C5 2C 20 31 36 29      230 	.ascii ", 16)"
   00CA 00                  231 	.db 0x00
   00CB                     232 ___str_3:
   00CB 63 61 73 65 73 2F   233 	.ascii "cases/./../tests/bug-2231.c"
        2E 2F 2E 2E 2F 74
        65 73 74 73 2F 62
        75 67 2D 32 32 33
        31 2E 63
   00E6 00                  234 	.db 0x00
   00E7                     235 ___str_4:
   00E7 48 65 6C 6C 6F 20   236 	.ascii "Hello World"
        57 6F 72 6C 64
   00F2 00                  237 	.db 0x00
   00F3 00                  238 	.db 0x00
   00F4 00                  239 	.db 0x00
   00F5 00                  240 	.db 0x00
   00F6 00                  241 	.db 0x00
   00F7                     242 ___str_5:
   00F7 30 20 3D 3D 20 6D   243 	.ascii "0 == memcmp(dst, "
        65 6D 63 6D 70 28
        64 73 74 2C 20
   0108 22                  244 	.db 0x22
   0109 48 65 6C 6C 6F 20   245 	.ascii "Hello World"
        57 6F 72 6C 64
   0114 5C                  246 	.db 0x5c
   0115 30                  247 	.ascii "0"
   0116 5C                  248 	.db 0x5c
   0117 30                  249 	.ascii "0"
   0118 5C                  250 	.db 0x5c
   0119 30                  251 	.ascii "0"
   011A 5C                  252 	.db 0x5c
   011B 30                  253 	.ascii "0"
   011C 22                  254 	.db 0x22
   011D 2C 20 31 36 29      255 	.ascii ", 16)"
   0122 00                  256 	.db 0x00
                            257 ;cases/tst_bug-2231.c:4: __runSuite(void)
                            258 ;	genLabel
                            259 ;	genFunction
                            260 ;	---------------------------------
                            261 ; Function __runSuite
                            262 ; ---------------------------------
                            263 ;	Register assignment is optimal.
                            264 ; Stack space usage: 0 bytes.
   0123                     265 ___runSuite::
                            266 ;cases/tst_bug-2231.c:6: __prints("Running testBug\n");
                            267 ;	skipping iCode since result will be rematerialized
                            268 ;	skipping iCode since result will be rematerialized
                            269 ;	genSend
                            270 ;	genMove_o size 2 result type 2 source type 7 a_dead 1 hl_dead 1 de_dead 1 iy_dead 1 f_dead 1
   0123 21r2Cs01      [10]  271 	ld	hl, #___str_6
                            272 ;	genCall
   0126 CDr00s00      [17]  273 	call	___prints
                            274 ;cases/tst_bug-2231.c:7: testBug();
                            275 ;	genCall
                            276 ;	genLabel
                            277 ; common peephole 159 removed unused label 00101$.
                            278 ;cases/tst_bug-2231.c:8: }
                            279 ;	genEndFunction
   0129 C3r00s00      [10]  280 	jp	_testBug
                            281 ; common peephole 152 removed unused ret.
                            282 ;	Total __runSuite function size at codegen: 1 bytes.
   012C                     283 ___str_6:
   012C 52 75 6E 6E 69 6E   284 	.ascii "Running testBug"
        67 20 74 65 73 74
        42 75 67
   013B 0A                  285 	.db 0x0a
   013C 00                  286 	.db 0x00
                            287 ;cases/tst_bug-2231.c:13: __getSuiteName(void)
                            288 ;	genLabel
                            289 ;	genFunction
                            290 ;	---------------------------------
                            291 ; Function __getSuiteName
                            292 ; ---------------------------------
                            293 ;	Register assignment is optimal.
                            294 ; Stack space usage: 0 bytes.
   013D                     295 ___getSuiteName::
                            296 ;cases/tst_bug-2231.c:15: return "bug-2231.c";
                            297 ;	skipping iCode since result will be rematerialized
                            298 ;	skipping iCode since result will be rematerialized
                            299 ;	genRet
                            300 ;	genMove_o size 2 result type 2 source type 7 a_dead 1 hl_dead 1 de_dead 1 iy_dead 1 f_dead 1
   013D 11r43s01      [10]  301 	ld	de, #___str_7
                            302 ;	genLabel
                            303 ; common peephole 159 removed unused label 00101$.
                            304 ;cases/tst_bug-2231.c:16: }
                            305 ;	genEndFunction
   0140 C9            [10]  306 	ret
                            307 ;	Total __getSuiteName function size at codegen: 1 bytes.
   0141                     308 ___numCases:
   0141 01 00               309 	.dw #0x0001
   0143                     310 ___str_7:
   0143 62 75 67 2D 32 32   311 	.ascii "bug-2231.c"
        33 31 2E 63
   014D 00                  312 	.db 0x00
                            313 	.area _CODE (BANK=_CSEG)
                            314 	.area _INITIALIZER
   0000                     315 __xinit__src:
   0000 48 65 6C 6C 6F 20   316 	.ascii "Hello World"
        57 6F 72 6C 64
   000B 00                  317 	.db 0x00
   000C                     318 __xinit__dst:
   000C 2A 2A 2A 2A 2A 2A   319 	.ascii "***************"
        2A 2A 2A 2A 2A 2A
        2A 2A 2A
   001B 00                  320 	.db 0x00
                            321 	.area _CABS (ABS)
