                              1 ;--------------------------------------------------------
                              2 ; File Created by SDCC : free open source ISO C Compiler
                              3 ; Version 4.6.2 #16710 (Linux)
                              4 ;--------------------------------------------------------
                              5 	.module tst_gcc_torture_execute_920428_1
                              6 	
                              7 ;--------------------------------------------------------
                              8 ; Public variables in this module
                              9 ;--------------------------------------------------------
                             10 	.globl _testTortureExecute
                             11 	.globl _x
                             12 	.globl ___prints
                             13 	.globl ___fail
                             14 	.globl ___numCases
                             15 	.globl ___runSuite
                             16 	.globl ___getSuiteName
                             17 ;--------------------------------------------------------
                             18 ; special function registers
                             19 ;--------------------------------------------------------
                             20 ;--------------------------------------------------------
                             21 ; ram data
                             22 ;--------------------------------------------------------
                             23 	.area _DATA (BANK=_DSEG)
                             24 ;--------------------------------------------------------
                             25 ; ram data
                             26 ;--------------------------------------------------------
                             27 	.area _INITIALIZED
                             28 ;--------------------------------------------------------
                             29 ; absolute ram data
                             30 ;--------------------------------------------------------
                             31 	.area _DABS (ABS)
                             32 	.area _DABS (ABS)
                             33 ;--------------------------------------------------------
                             34 ; global & static initialisations
                             35 ;--------------------------------------------------------
                             36 	.area _HOME
                             37 	.area _GSINIT
                             38 	.area _GSFINAL
                             39 	.area _GSINIT
                             40 ;--------------------------------------------------------
                             41 ; Home
                             42 ;--------------------------------------------------------
                             43 	.area _HOME (BANK=_CSEG)
                             44 	.area _HOME (BANK=_CSEG)
                             45 ;--------------------------------------------------------
                             46 ; code
                             47 ;--------------------------------------------------------
                             48 	.area _CODE (BANK=_CSEG)
                             49 ;cases/./../tests/gcc-torture-execute-920428-1.c:12: x (const char*s)
                             50 ;	genLabel
                             51 ;	genFunction
                             52 ;	---------------------------------
                             53 ; Function x
                             54 ; ---------------------------------
                             55 ;	Register assignment might be sub-optimal.
                             56 ; Stack space usage: 1 bytes.
   0000                      57 _x::
   0000 DD E5         [15]   58 	push	ix
   0002 DD 21 00 00   [14]   59 	ld	ix,	#0
   0006 DD 39         [15]   60 	add	ix, sp
                             61 ;	adjustStack by -1
   0008 3B            [ 6]   62 	dec	sp
                             63 ;	genReceive
                             64 ;	genMove_o size 2 result type 2 source type 2 a_dead 1 hl_dead 1 de_dead 1 iy_dead 1 f_dead 1
   0009 EB            [ 4]   65 	ex	de, hl
                             66 ;	genMove_o size 0 result type 2 source type 1 a_dead 1 hl_dead 1 de_dead 1 iy_dead 1 f_dead 1
                             67 ;cases/./../tests/gcc-torture-execute-920428-1.c:15: const char *ss = s;
                             68 ;	genAssign
                             69 ;	genMove_o size 2 result type 2 source type 2 a_dead 1 hl_dead 1 de_dead 0 iy_dead 1 f_dead 1
   000A 4B            [ 4]   70 	ld	c, e
   000B 42            [ 4]   71 	ld	b, d
                             72 ;	genMove_o size 0 result type 2 source type 1 a_dead 1 hl_dead 1 de_dead 0 iy_dead 1 f_dead 1
                             73 ;cases/./../tests/gcc-torture-execute-920428-1.c:16: a[*s++] |= 1;
                             74 ;	genPointerGet
   000C 1A            [ 7]   75 	ld	a, (de)
                             76 ;	genMove_o size 1 result type 2 source type 2 a_dead 1 hl_dead 1 de_dead 0 iy_dead 1 f_dead 1
   000D 6F            [ 4]   77 	ld	l, a
                             78 ;	genMove_o size 0 result type 2 source type 1 a_dead 1 hl_dead 1 de_dead 0 iy_dead 1 f_dead 1
                             79 ;	genPlus
   000E 13            [ 6]   80 	inc	de
                             81 ;	skipping iCode since result will be rematerialized
                             82 ;	genPlus
   000F D5            [11]   83 	push	de
                             84 ;	genMove_o size 2 result type 2 source type 2 a_dead 1 hl_dead 1 de_dead 0 iy_dead 0 f_dead 1
   0010 5D            [ 4]   85 	ld	e, l
                             86 ;	genMove_o size 1 result type 2 source type 1 a_dead 1 hl_dead 1 de_dead 0 iy_dead 0 f_dead 1
   0011 16 00         [ 7]   87 	ld	d, #0x00
                             88 ;	genMove_o size 2 result type 2 source type 8 a_dead 1 hl_dead 1 de_dead 0 iy_dead 0 f_dead 1
   0013 21 02 00      [10]   89 	ld	hl, #2
   0016 39            [11]   90 	add	hl, sp
                             91 ;	genMove_o size 2 result type 2 source type 2 a_dead 1 hl_dead 1 de_dead 0 iy_dead 0 f_dead 1
   0017 19            [11]   92 	add	hl, de
   0018 D1            [10]   93 	pop	de
                             94 ;	genMove_o size 2 result type 2 source type 2 a_dead 1 hl_dead 1 de_dead 0 iy_dead 0 f_dead 1
                             95 ;	genPointerGet
                             96 ;	genOr
                             97 ;	genPointerSet
                             98 ; common peephole 75 set bit 0 of (hl) directly instead of going through a.
   0019 CB C6         [15]   99 	set	0, (hl)
                            100 ; common peephole 1 removed dead load from (hl) into a.
                            101 ;cases/./../tests/gcc-torture-execute-920428-1.c:17: return (int)ss + 1 == (int)s;
                            102 ;	genCast
                            103 ;	(locations are the same)
                            104 ;	genPlus
   001B 03            [ 6]  105 	inc	bc
                            106 ;	genCast
                            107 ;	genMove_o size 2 result type 2 source type 2 a_dead 1 hl_dead 1 de_dead 1 iy_dead 1 f_dead 1
   001C EB            [ 4]  108 	ex	de, hl
                            109 ;	genMove_o size 0 result type 2 source type 1 a_dead 1 hl_dead 1 de_dead 1 iy_dead 1 f_dead 1
                            110 ;	genCmpEq
                            111 ;	genMove_o size 2 result type 2 source type 2 a_dead 1 hl_dead 0 de_dead 0 iy_dead 1 f_dead 1
                            112 ; common peephole 169xnz used double assignment in case of nz condition.
                            113 ; common peephole 159 removed unused label 00103$.
   001D AF            [ 4]  114 	xor	a, a
   001E ED 42         [15]  115 	sbc	hl, bc
                            116 ; common peephole 163 changed absolute to relative conditional jump.
   0020 20 01         [12]  117 	jr	nz, 00104$
   0022 3C            [ 4]  118 	inc	a
                            119 ; common peephole 157d reused 0 in a.
   0023                     120 00104$:
                            121 ;	genMove_o size 1 result type 2 source type 2 a_dead 1 hl_dead 1 de_dead 1 iy_dead 1 f_dead 1
                            122 ;	genCast
                            123 ;	genMove_o size 1 result type 2 source type 2 a_dead 1 hl_dead 1 de_dead 1 iy_dead 1 f_dead 1
   0023 5F            [ 4]  124 	ld	e, a
                            125 ;	genMove_o size 0 result type 2 source type 1 a_dead 1 hl_dead 1 de_dead 0 iy_dead 1 f_dead 1
                            126 ;	genMove_o size 1 result type 2 source type 1 a_dead 1 hl_dead 1 de_dead 0 iy_dead 1 f_dead 1
   0024 16 00         [ 7]  127 	ld	d, #0x00
                            128 ;	genRet
                            129 ;	genMove_o size 2 result type 2 source type 2 a_dead 1 hl_dead 1 de_dead 1 iy_dead 1 f_dead 1
                            130 ;	genLabel
                            131 ; common peephole 159 removed unused label 00101$.
                            132 ;cases/./../tests/gcc-torture-execute-920428-1.c:18: }
                            133 ;	genEndFunction
                            134 ;	adjustStack by 1
   0026 33            [ 6]  135 	inc	sp
   0027 DD E1         [14]  136 	pop	ix
   0029 C9            [10]  137 	ret
                            138 ;	Total x function size at codegen: 4 bytes.
                            139 ;cases/./../tests/gcc-torture-execute-920428-1.c:21: testTortureExecute (void)
                            140 ;	genLabel
                            141 ;	genFunction
                            142 ;	---------------------------------
                            143 ; Function testTortureExecute
                            144 ; ---------------------------------
                            145 ;	Register assignment might be sub-optimal.
                            146 ; Stack space usage: 0 bytes.
   002A                     147 _testTortureExecute::
                            148 ;cases/./../tests/gcc-torture-execute-920428-1.c:23: ASSERT((x("") == 1));
                            149 ;	genPlus
                            150 ;	genMove_o size 2 result type 2 source type 10 a_dead 1 hl_dead 1 de_dead 1 iy_dead 1 f_dead 1
   002A 2Ar00s00      [16]  151 	ld	hl, (___numTests)
   002D 23            [ 6]  152 	inc	hl
                            153 ;	genMove_o size 2 result type 10 source type 2 a_dead 1 hl_dead 1 de_dead 1 iy_dead 1 f_dead 1
   002E 22r00s00      [16]  154 	ld	(___numTests), hl
                            155 ;	skipping iCode since result will be rematerialized
                            156 ;	skipping iCode since result will be rematerialized
                            157 ;	genSend
                            158 ;	genMove_o size 2 result type 2 source type 7 a_dead 1 hl_dead 1 de_dead 1 iy_dead 1 f_dead 1
   0031 21r4Ds00      [10]  159 	ld	hl, #___str_0
                            160 ;	genCall
   0034 CDr00s00      [17]  161 	call	_x
                            162 ;	genMove_o size 2 result type 2 source type 2 a_dead 1 hl_dead 1 de_dead 1 iy_dead 1 f_dead 1
                            163 ;	genCmpEq
                            164 ;	genMove_o size 1 result type 2 source type 2 a_dead 1 hl_dead 1 de_dead 0 iy_dead 0 f_dead 1
   0037 7B            [ 4]  165 	ld	a, e
                            166 ;	genMove_o size 0 result type 2 source type 1 a_dead 1 hl_dead 1 de_dead 0 iy_dead 0 f_dead 1
   0038 3D            [ 4]  167 	dec	a
   0039 B2            [ 4]  168 	or	a, d
   003A C8            [11]  169 	ret	z
                            170 ; common peephole 161 replaced jump by return.
                            171 ; common peephole 81 removed jp by using inverse jump logic
                            172 ; common peephole 159 removed unused label 00113$.
                            173 ;	skipping generated iCode
                            174 ;	skipping iCode since result will be rematerialized
                            175 ;	skipping iCode since result will be rematerialized
                            176 ;	skipping iCode since result will be rematerialized
                            177 ;	skipping iCode since result will be rematerialized
                            178 ;	skipping iCode since result will be rematerialized
                            179 ;	skipping iCode since result will be rematerialized
                            180 ;	genIpush
                            181 ;	genMove_o size 2 result type 2 source type 1 a_dead 1 hl_dead 1 de_dead 1 iy_dead 1 f_dead 1
   003B 21 17 00      [10]  182 	ld	hl, #0x0017
   003E E5            [11]  183 	push	hl
                            184 ;	genIpush
                            185 ;	genMove_o size 2 result type 2 source type 7 a_dead 1 hl_dead 1 de_dead 1 iy_dead 1 f_dead 1
   003F 21r6Cs00      [10]  186 	ld	hl, #___str_3
   0042 E5            [11]  187 	push	hl
                            188 ;	genSend
                            189 ;	genMove_o size 2 result type 2 source type 7 a_dead 1 hl_dead 1 de_dead 1 iy_dead 1 f_dead 1
   0043 11r5Fs00      [10]  190 	ld	de, #___str_2
                            191 ;	genSend
                            192 ;	genMove_o size 2 result type 2 source type 7 a_dead 1 hl_dead 1 de_dead 0 iy_dead 1 f_dead 1
   0046 21r4Es00      [10]  193 	ld	hl, #___str_1
                            194 ;	genCall
   0049 CDr00s00      [17]  195 	call	___fail
                            196 ;	genLabel
                            197 ; common peephole 159 removed unused label 00104$.
                            198 ;cases/./../tests/gcc-torture-execute-920428-1.c:24: return;
                            199 ;	genRet
                            200 ;	genLabel
                            201 ; common peephole 159 removed unused label 00101$.
                            202 ;cases/./../tests/gcc-torture-execute-920428-1.c:25: }
                            203 ;	genEndFunction
   004C C9            [10]  204 	ret
                            205 ;	Total testTortureExecute function size at codegen: 1 bytes.
   004D                     206 ___str_0:
   004D 00                  207 	.db 0x00
   004E                     208 ___str_1:
   004E 41 73 73 65 72 74   209 	.ascii "Assertion failed"
        69 6F 6E 20 66 61
        69 6C 65 64
   005E 00                  210 	.db 0x00
   005F                     211 ___str_2:
   005F 28 78 28            212 	.ascii "(x("
   0062 22                  213 	.db 0x22
   0063 22                  214 	.db 0x22
   0064 29 20 3D 3D 20 31   215 	.ascii ") == 1)"
        29
   006B 00                  216 	.db 0x00
   006C                     217 ___str_3:
   006C 63 61 73 65 73 2F   218 	.ascii "cases/./../tests/gcc-torture-execute-920428-1.c"
        2E 2F 2E 2E 2F 74
        65 73 74 73 2F 67
        63 63 2D 74 6F 72
        74 75 72 65 2D 65
        78 65 63 75 74 65
        2D 39 32 30 34 32
        38 2D 31 2E 63
   009B 00                  219 	.db 0x00
                            220 ;cases/tst_gcc-torture-execute-920428-1.c:4: __runSuite(void)
                            221 ;	genLabel
                            222 ;	genFunction
                            223 ;	---------------------------------
                            224 ; Function __runSuite
                            225 ; ---------------------------------
                            226 ;	Register assignment is optimal.
                            227 ; Stack space usage: 0 bytes.
   009C                     228 ___runSuite::
                            229 ;cases/tst_gcc-torture-execute-920428-1.c:6: __prints("Running testTortureExecute\n");
                            230 ;	skipping iCode since result will be rematerialized
                            231 ;	skipping iCode since result will be rematerialized
                            232 ;	genSend
                            233 ;	genMove_o size 2 result type 2 source type 7 a_dead 1 hl_dead 1 de_dead 1 iy_dead 1 f_dead 1
   009C 21rA5s00      [10]  234 	ld	hl, #___str_4
                            235 ;	genCall
   009F CDr00s00      [17]  236 	call	___prints
                            237 ;cases/tst_gcc-torture-execute-920428-1.c:7: testTortureExecute();
                            238 ;	genCall
                            239 ;	genLabel
                            240 ; common peephole 159 removed unused label 00101$.
                            241 ;cases/tst_gcc-torture-execute-920428-1.c:8: }
                            242 ;	genEndFunction
   00A2 C3r2As00      [10]  243 	jp	_testTortureExecute
                            244 ; common peephole 152 removed unused ret.
                            245 ;	Total __runSuite function size at codegen: 1 bytes.
   00A5                     246 ___str_4:
   00A5 52 75 6E 6E 69 6E   247 	.ascii "Running testTortureExecute"
        67 20 74 65 73 74
        54 6F 72 74 75 72
        65 45 78 65 63 75
        74 65
   00BF 0A                  248 	.db 0x0a
   00C0 00                  249 	.db 0x00
                            250 ;cases/tst_gcc-torture-execute-920428-1.c:13: __getSuiteName(void)
                            251 ;	genLabel
                            252 ;	genFunction
                            253 ;	---------------------------------
                            254 ; Function __getSuiteName
                            255 ; ---------------------------------
                            256 ;	Register assignment is optimal.
                            257 ; Stack space usage: 0 bytes.
   00C1                     258 ___getSuiteName::
                            259 ;cases/tst_gcc-torture-execute-920428-1.c:15: return "gcc-torture-execute-920428-1.c";
                            260 ;	skipping iCode since result will be rematerialized
                            261 ;	skipping iCode since result will be rematerialized
                            262 ;	genRet
                            263 ;	genMove_o size 2 result type 2 source type 7 a_dead 1 hl_dead 1 de_dead 1 iy_dead 1 f_dead 1
   00C1 11rC7s00      [10]  264 	ld	de, #___str_5
                            265 ;	genLabel
                            266 ; common peephole 159 removed unused label 00101$.
                            267 ;cases/tst_gcc-torture-execute-920428-1.c:16: }
                            268 ;	genEndFunction
   00C4 C9            [10]  269 	ret
                            270 ;	Total __getSuiteName function size at codegen: 1 bytes.
   00C5                     271 ___numCases:
   00C5 01 00               272 	.dw #0x0001
   00C7                     273 ___str_5:
   00C7 67 63 63 2D 74 6F   274 	.ascii "gcc-torture-execute-920428-1.c"
        72 74 75 72 65 2D
        65 78 65 63 75 74
        65 2D 39 32 30 34
        32 38 2D 31 2E 63
   00E5 00                  275 	.db 0x00
                            276 	.area _CODE (BANK=_CSEG)
                            277 	.area _INITIALIZER
                            278 	.area _CABS (ABS)
