ASxxxx Linker V06.10                                                                Page 1
Hexadecimal [16-Bits]                                 Fri Sep  4 12:33:55 2026

Area                       Addr        Size        Decimal Bytes (Attributes)
--------------------       ----        ----        ------- ----- ------------
.  .ABS.                   0000        0000 =           0. bytes (ABS,OVR,CSEG)

         Value  Global                             Global Defined In Module
         -----  --------------------------------   ------------------------
          0000  .__.ABS.                           _mullonglong

ASxxxx Linker V06.10                                                                Page 2
Hexadecimal [16-Bits]                                 Fri Sep  4 12:33:55 2026

Area                       Addr        Size        Decimal Bytes (Attributes)
--------------------       ----        ----        ------- ----- ------------
_HEADER                    0000        0110 =         272. bytes (ABS,OVR,CSEG)

         Value  Global                             Global Defined In Module
         -----  --------------------------------   ------------------------
ASxxxx Linker V06.10                                                                Page 3
Hexadecimal [16-Bits]                                 Fri Sep  4 12:33:55 2026
[ Bank == _CSEG ]

Area                       Addr        Size        Decimal Bytes (Attributes)
--------------------       ----        ----        ------- ----- ------------
_CODE                      0200        07C1 =        1985. bytes (REL,CON,CSEG)

         Value  Global                             Global Defined In Module
         -----  --------------------------------   ------------------------
          0200  __clock                            crt0
          0204  _exit                              crt0
          020A  ___prints                          testfwk
          0217  ___printu                          testfwk
          024A  ___fail                            testfwk
          02B1  _main                              testfwk
          035B  __putchar                          support
          0364  __initEmu                          support
          0365  __exitEmu                          support
          036A  _testAto                           tst_ato
          06AB  ___runSuite                        tst_ato
          06C5  ___getSuiteName                    tst_ato
          06C9  ___numCases                        tst_ato
          06D1  __divuchar                         divunsigned
          06D3  __divu8                            divunsigned
          06D6  __divuint                          divunsigned
          06D6  __divu16                           divunsigned
          0705  _atoi                              atoi
          076B  _atol                              atol
          083C  _atoll                             atoll
          099E  __moduchar                         modunsigned
          09A5  __moduint                          modunsigned
          09AA  __mulint                           mul
          09AC  __mul16                            mul
ASxxxx Linker V06.10                                                                Page 4
Hexadecimal [16-Bits]                                 Fri Sep  4 12:33:55 2026
[ Bank == _CSEG ]

Area                       Addr        Size        Decimal Bytes (Attributes)
--------------------       ----        ----        ------- ----- ------------
_HOME                      09C1        02B7 =         695. bytes (REL,CON,CSEG)

         Value  Global                             Global Defined In Module
         -----  --------------------------------   ------------------------
          09C1  ___sdcc_external_startup           _startup
          09C3  __mullong                          _mullong
          0AA6  __mullonglong                      _mullonglong

ASxxxx Linker V06.10                                                                Page 5
Hexadecimal [16-Bits]                                 Fri Sep  4 12:33:55 2026
[ Bank == _CSEG ]

Area                       Addr        Size        Decimal Bytes (Attributes)
--------------------       ----        ----        ------- ----- ------------
_INITIALIZER               0C78        0004 =           4. bytes (REL,CON,CSEG)

         Value  Global                             Global Defined In Module
         -----  --------------------------------   ------------------------
ASxxxx Linker V06.10                                                                Page 6
Hexadecimal [16-Bits]                                 Fri Sep  4 12:33:55 2026
[ Bank == _CSEG ]

Area                       Addr        Size        Decimal Bytes (Attributes)
--------------------       ----        ----        ------- ----- ------------
_GSINIT                    0C7C        0025 =          37. bytes (REL,CON,CSEG)

         Value  Global                             Global Defined In Module
         -----  --------------------------------   ------------------------
          0C7C  gsinit                             crt0

ASxxxx Linker V06.10                                                                Page 7
Hexadecimal [16-Bits]                                 Fri Sep  4 12:33:55 2026
[ Bank == _CSEG ]

Area                       Addr        Size        Decimal Bytes (Attributes)
--------------------       ----        ----        ------- ----- ------------
_GSFINAL                   0CA1        0001 =           1. bytes (REL,CON,CSEG)

         Value  Global                             Global Defined In Module
         -----  --------------------------------   ------------------------
ASxxxx Linker V06.10                                                                Page 8
Hexadecimal [16-Bits]                                 Fri Sep  4 12:33:55 2026
[ Bank == _DSEG ]

Area                       Addr        Size        Decimal Bytes (Attributes)
--------------------       ----        ----        ------- ----- ------------
_DATA                      8000        0006 =           6. bytes (REL,CON,DSEG)

         Value  Global                             Global Defined In Module
         -----  --------------------------------   ------------------------
ASxxxx Linker V06.10                                                                Page 9
Hexadecimal [16-Bits]                                 Fri Sep  4 12:33:55 2026
[ Bank == _DSEG ]

Area                       Addr        Size        Decimal Bytes (Attributes)
--------------------       ----        ----        ------- ----- ------------
_INITIALIZED               8006        0004 =           4. bytes (REL,CON,CSEG)

         Value  Global                             Global Defined In Module
         -----  --------------------------------   ------------------------
          8006  ___numTests                        testfwk

ASxxxx Linker V06.10                                                                 Page 10
Hexadecimal [16-Bits]                                 Fri Sep  4 12:33:55 2026

Files Linked                              [ module(s) ]

../../device/lib/build/z80/crt0.rel       [ crt0 ]
gen/ucz80/testfwk.rel                     [ testfwk ]
gen/ucz80/support.rel                     [ support ]
gen/ucz80/tst_ato.rel                     [ tst_ato ]


Libraries Linked                          [ object file ]

../../device/lib/build/z80/z80.lib        [ divunsigned ]
../../device/lib/build/z80/z80.lib        [ atoi ]
../../device/lib/build/z80/z80.lib        [ atol ]
../../device/lib/build/z80/z80.lib        [ _startup ]
../../device/lib/build/z80/z80.lib        [ atoll ]
../../device/lib/build/z80/z80.lib        [ _mullong ]
../../device/lib/build/z80/z80.lib        [ modunsigned ]
../../device/lib/build/z80/z80.lib        [ mul ]
../../device/lib/build/z80/z80.lib        [ _mullonglong ]

ASxxxx Linker V06.10                                                                 Page 11
Hexadecimal [16-Bits]                                 Fri Sep  4 12:33:55 2026

User Area Base Address Definitions

_CODE = 0x0200
_DATA = 0x8000


