                              1 ;--------------------------------------------------------
                              2 ; File Created by SDCC : free open source ISO C Compiler
                              3 ; Version 4.6.2 #16710 (Linux)
                              4 ;--------------------------------------------------------
                              5 	.module tst_gcc_torture_execute_20021010_2
                              6 	
                              7 ;--------------------------------------------------------
                              8 ; Public variables in this module
                              9 ;--------------------------------------------------------
                             10 	.globl _testTortureExecute
                             11 	.globl ___prints
                             12 	.globl _global_saveRect
                             13 	.globl _global_bounds
                             14 	.globl _global_vramPtr
                             15 	.globl _expectedwidth
                             16 	.globl ___numCases
                             17 	.globl ___runSuite
                             18 	.globl ___getSuiteName
                             19 ;--------------------------------------------------------
                             20 ; special function registers
                             21 ;--------------------------------------------------------
                             22 ;--------------------------------------------------------
                             23 ; ram data
                             24 ;--------------------------------------------------------
                             25 	.area _DATA (BANK=_DSEG)
                             26 ;--------------------------------------------------------
                             27 ; ram data
                             28 ;--------------------------------------------------------
                             29 	.area _INITIALIZED
   0000                      30 _expectedwidth::
   0000                      31 	.ds 2
   0002                      32 _global_vramPtr::
   0002                      33 	.ds 2
   0004                      34 _global_bounds::
   0004                      35 	.ds 8
   000C                      36 _global_saveRect::
   000C                      37 	.ds 8
                             38 ;--------------------------------------------------------
                             39 ; absolute ram data
                             40 ;--------------------------------------------------------
                             41 	.area _DABS (ABS)
                             42 	.area _DABS (ABS)
                             43 ;--------------------------------------------------------
                             44 ; global & static initialisations
                             45 ;--------------------------------------------------------
                             46 	.area _HOME
                             47 	.area _GSINIT
                             48 	.area _GSFINAL
                             49 	.area _GSINIT
                             50 ;--------------------------------------------------------
                             51 ; Home
                             52 ;--------------------------------------------------------
                             53 	.area _HOME (BANK=_CSEG)
                             54 	.area _HOME (BANK=_CSEG)
                             55 ;--------------------------------------------------------
                             56 ; code
                             57 ;--------------------------------------------------------
                             58 	.area _CODE (BANK=_CSEG)
                             59 ;cases/./../tests/gcc-torture-execute-20021010-2.c:32: testTortureExecute (void)
                             60 ;	genLabel
                             61 ;	genFunction
                             62 ;	---------------------------------
                             63 ; Function testTortureExecute
                             64 ; ---------------------------------
                             65 ;	Register assignment is optimal.
                             66 ; Stack space usage: 0 bytes.
   0000                      67 _testTortureExecute::
                             68 ;cases/./../tests/gcc-torture-execute-20021010-2.c:49: }
                             69 ;	genLabel
                             70 ; common peephole 159 removed unused label 00101$.
                             71 ;	genEndFunction
   0000 C9            [10]   72 	ret
                             73 ;	Total testTortureExecute function size at codegen: 1 bytes.
                             74 ;cases/tst_gcc-torture-execute-20021010-2.c:4: __runSuite(void)
                             75 ;	genLabel
                             76 ;	genFunction
                             77 ;	---------------------------------
                             78 ; Function __runSuite
                             79 ; ---------------------------------
                             80 ;	Register assignment is optimal.
                             81 ; Stack space usage: 0 bytes.
   0001                      82 ___runSuite::
                             83 ;cases/tst_gcc-torture-execute-20021010-2.c:6: __prints("Running testTortureExecute\n");
                             84 ;	skipping iCode since result will be rematerialized
                             85 ;	skipping iCode since result will be rematerialized
                             86 ;	genSend
                             87 ;	genMove_o size 2 result type 2 source type 7 a_dead 1 hl_dead 1 de_dead 1 iy_dead 1 f_dead 1
   0001 21r07s00      [10]   88 	ld	hl, #___str_0
                             89 ;	genCall
                             90 ;cases/tst_gcc-torture-execute-20021010-2.c:7: testTortureExecute();
                             91 ;	genLabel
                             92 ; common peephole 159 removed unused label 00101$.
                             93 ;cases/tst_gcc-torture-execute-20021010-2.c:8: }
                             94 ;	genEndFunction
   0004 C3r00s00      [10]   95 	jp	___prints
                             96 ; common peephole 152 removed unused ret.
                             97 ;	Total __runSuite function size at codegen: 1 bytes.
   0007                      98 ___str_0:
   0007 52 75 6E 6E 69 6E    99 	.ascii "Running testTortureExecute"
        67 20 74 65 73 74
        54 6F 72 74 75 72
        65 45 78 65 63 75
        74 65
   0021 0A                  100 	.db 0x0a
   0022 00                  101 	.db 0x00
                            102 ;cases/tst_gcc-torture-execute-20021010-2.c:13: __getSuiteName(void)
                            103 ;	genLabel
                            104 ;	genFunction
                            105 ;	---------------------------------
                            106 ; Function __getSuiteName
                            107 ; ---------------------------------
                            108 ;	Register assignment is optimal.
                            109 ; Stack space usage: 0 bytes.
   0023                     110 ___getSuiteName::
                            111 ;cases/tst_gcc-torture-execute-20021010-2.c:15: return "gcc-torture-execute-20021010-2.c";
                            112 ;	skipping iCode since result will be rematerialized
                            113 ;	skipping iCode since result will be rematerialized
                            114 ;	genRet
                            115 ;	genMove_o size 2 result type 2 source type 7 a_dead 1 hl_dead 1 de_dead 1 iy_dead 1 f_dead 1
   0023 11r29s00      [10]  116 	ld	de, #___str_1
                            117 ;	genLabel
                            118 ; common peephole 159 removed unused label 00101$.
                            119 ;cases/tst_gcc-torture-execute-20021010-2.c:16: }
                            120 ;	genEndFunction
   0026 C9            [10]  121 	ret
                            122 ;	Total __getSuiteName function size at codegen: 1 bytes.
   0027                     123 ___numCases:
   0027 01 00               124 	.dw #0x0001
   0029                     125 ___str_1:
   0029 67 63 63 2D 74 6F   126 	.ascii "gcc-torture-execute-20021010-2.c"
        72 74 75 72 65 2D
        65 78 65 63 75 74
        65 2D 32 30 30 32
        31 30 31 30 2D 32
        2E 63
   0049 00                  127 	.db 0x00
                            128 	.area _CODE (BANK=_CSEG)
                            129 	.area _INITIALIZER
   0000                     130 __xinit__expectedwidth:
   0000 32 00               131 	.dw #0x0032
   0002                     132 __xinit__global_vramPtr:
   0002 00 A0               133 	.dw #0xa000
   0004                     134 __xinit__global_bounds:
   0004 64 00               135 	.dw #0x0064
   0006 96 00               136 	.dw #0x0096
   0008 64 00               137 	.dw #0x0064
   000A 96 00               138 	.dw #0x0096
   000C                     139 __xinit__global_saveRect:
   000C 4B 00               140 	.dw #0x004b
   000E AF 00               141 	.dw #0x00af
   0010 4B 00               142 	.dw #0x004b
   0012 AF 00               143 	.dw #0x00af
                            144 	.area _CABS (ABS)
