                              1 ;--------------------------------------------------------
                              2 ; File Created by SDCC : free open source ISO C Compiler
                              3 ; Version 4.6.2 #16710 (Linux)
                              4 ;--------------------------------------------------------
                              5 	.module tst_gcc_torture_execute_20010915_1
                              6 	
                              7 ;--------------------------------------------------------
                              8 ; Public variables in this module
                              9 ;--------------------------------------------------------
                             10 	.globl _testTortureExecute
                             11 	.globl _strcmp
                             12 	.globl ___prints
                             13 	.globl ___fail
                             14 	.globl _o
                             15 	.globl _check
                             16 	.globl _h
                             17 	.globl _u
                             18 	.globl ___numCases
                             19 	.globl _x
                             20 	.globl _m
                             21 	.globl _s
                             22 	.globl _r
                             23 	.globl ___runSuite
                             24 	.globl ___getSuiteName
                             25 ;--------------------------------------------------------
                             26 ; special function registers
                             27 ;--------------------------------------------------------
                             28 ;--------------------------------------------------------
                             29 ; ram data
                             30 ;--------------------------------------------------------
                             31 	.area _DATA (BANK=_DSEG)
   0000                      32 _u::
   0000                      33 	.ds 2
   0002                      34 _h::
   0002                      35 	.ds 2
   0004                      36 _r_c_10000_61:
   0004                      37 	.ds 2
   0006                      38 _r_cnt_10000_61:
   0006                      39 	.ds 2
                             40 ;--------------------------------------------------------
                             41 ; ram data
                             42 ;--------------------------------------------------------
                             43 	.area _INITIALIZED
   0000                      44 _check::
   0000                      45 	.ds 2
   0002                      46 _o::
   0002                      47 	.ds 2
                             48 ;--------------------------------------------------------
                             49 ; absolute ram data
                             50 ;--------------------------------------------------------
                             51 	.area _DABS (ABS)
                             52 	.area _DABS (ABS)
                             53 ;--------------------------------------------------------
                             54 ; global & static initialisations
                             55 ;--------------------------------------------------------
                             56 	.area _HOME
                             57 	.area _GSINIT
                             58 	.area _GSFINAL
                             59 	.area _GSINIT
                             60 ;cases/./../tests/gcc-torture-execute-20010915-1.c:80: static char c[2] = "b";
                             61 ;	genAddrOf
   0000 21r04s00      [10]   62 	ld	hl, #_r_c_10000_61+0
                             63 ;	genPointerSet
   0003 36 62         [10]   64 	ld	(hl), #0x62
                             65 ;	genPlus
   0005 23            [ 6]   66 	inc	hl
                             67 ;	genPointerSet
   0006 36 00         [10]   68 	ld	(hl), #0x00
                             69 ;cases/./../tests/gcc-torture-execute-20010915-1.c:81: static int cnt = 0;
                             70 ;	genAssign
                             71 ;fetchPairLong
   0008 21 00 00      [10]   72 	ld	hl, #0x0000
                             73 ;	genMove_o size 2 result type 10 source type 2 a_dead 1 hl_dead 1 de_dead 1 iy_dead 1 f_dead 1
   000B 22r06s00      [16]   74 	ld	(_r_cnt_10000_61), hl
                             75 ;--------------------------------------------------------
                             76 ; Home
                             77 ;--------------------------------------------------------
                             78 	.area _HOME (BANK=_CSEG)
                             79 	.area _HOME (BANK=_CSEG)
                             80 ;--------------------------------------------------------
                             81 ; code
                             82 ;--------------------------------------------------------
                             83 	.area _CODE (BANK=_CSEG)
                             84 ;cases/./../tests/gcc-torture-execute-20010915-1.c:28: testTortureExecute (void)
                             85 ;	genLabel
                             86 ;	genFunction
                             87 ;	---------------------------------
                             88 ; Function testTortureExecute
                             89 ; ---------------------------------
                             90 ;	Register assignment might be sub-optimal.
                             91 ; Stack space usage: 10 bytes.
   0000                      92 _testTortureExecute::
   0000 DD E5         [15]   93 	push	ix
   0002 DD 21 00 00   [14]   94 	ld	ix,	#0
   0006 DD 39         [15]   95 	add	ix, sp
                             96 ;	adjustStack by -10
   0008 21 F6 FF      [10]   97 	ld	hl, #-10
   000B 39            [11]   98 	add	hl, sp
                             99 ;cases/./../tests/gcc-torture-execute-20010915-1.c:31: const char *args[] = {"a", "b", "c", "d", "e"};
                            100 ;	genAddrOf
   000C F9            [ 6]  101 	ld	sp, hl
                            102 ; common peephole 9c reused value still in hl.
                            103 ;	skipping iCode since result will be rematerialized
                            104 ;	skipping iCode since result will be rematerialized
                            105 ;	genPointerSet
   000D 36r71         [10]  106 	ld	(hl), #<(___str_0)
   000F 23            [ 6]  107 	inc	hl
   0010 36s00         [10]  108 	ld	(hl), #>(___str_0)
   0012 2B            [ 6]  109 	dec	hl
                            110 ;	skipping iCode since result will be rematerialized
                            111 ;	skipping iCode since result will be rematerialized
                            112 ;	skipping iCode since result will be rematerialized
                            113 ;	genPointerSet
                            114 ;	genMove_o size 2 result type 6 source type 7 a_dead 1 hl_dead 0 de_dead 1 iy_dead 1 f_dead 1
   0013 DD 36 F8r73   [19]  115 	ld	-8 (ix), #<(___str_1)
   0017 DD 36 F9s00   [19]  116 	ld	-7 (ix), #>(___str_1)
                            117 ;	skipping iCode since result will be rematerialized
                            118 ;	skipping iCode since result will be rematerialized
                            119 ;	skipping iCode since result will be rematerialized
                            120 ;	genPointerSet
                            121 ;	genMove_o size 2 result type 6 source type 7 a_dead 1 hl_dead 0 de_dead 1 iy_dead 1 f_dead 1
   001B DD 36 FAr75   [19]  122 	ld	-6 (ix), #<(___str_2)
   001F DD 36 FBs00   [19]  123 	ld	-5 (ix), #>(___str_2)
                            124 ;	skipping iCode since result will be rematerialized
                            125 ;	skipping iCode since result will be rematerialized
                            126 ;	skipping iCode since result will be rematerialized
                            127 ;	genPointerSet
                            128 ;	genMove_o size 2 result type 6 source type 7 a_dead 1 hl_dead 0 de_dead 1 iy_dead 1 f_dead 1
   0023 DD 36 FCr77   [19]  129 	ld	-4 (ix), #<(___str_3)
   0027 DD 36 FDs00   [19]  130 	ld	-3 (ix), #>(___str_3)
                            131 ;	skipping iCode since result will be rematerialized
                            132 ;	skipping iCode since result will be rematerialized
                            133 ;	skipping iCode since result will be rematerialized
                            134 ;	genPointerSet
                            135 ;	genMove_o size 2 result type 6 source type 7 a_dead 1 hl_dead 0 de_dead 1 iy_dead 1 f_dead 1
   002B DD 36 FEr79   [19]  136 	ld	-2 (ix), #<(___str_4)
   002F DD 36 FFs00   [19]  137 	ld	-1 (ix), #>(___str_4)
                            138 ;cases/./../tests/gcc-torture-execute-20010915-1.c:32: if (x (5, args) != 0 || check != 2 || o != 5)
                            139 ;	genCast
                            140 ;	genMove_o size 2 result type 2 source type 2 a_dead 1 hl_dead 1 de_dead 1 iy_dead 1 f_dead 1
   0033 EB            [ 4]  141 	ex	de, hl
                            142 ;	genMove_o size 0 result type 2 source type 1 a_dead 1 hl_dead 1 de_dead 1 iy_dead 1 f_dead 1
                            143 ;	genSend
                            144 ;	genMove_o size 2 result type 2 source type 2 a_dead 1 hl_dead 1 de_dead 1 iy_dead 1 f_dead 1
                            145 ;	genSend
                            146 ;	genMove_o size 2 result type 2 source type 1 a_dead 1 hl_dead 1 de_dead 0 iy_dead 1 f_dead 1
   0034 21 05 00      [10]  147 	ld	hl, #0x0005
                            148 ;	genCall
   0037 CDrC0s00      [17]  149 	call	_x
                            150 ;	genMove_o size 2 result type 2 source type 2 a_dead 1 hl_dead 1 de_dead 1 iy_dead 1 f_dead 1
                            151 ;	genIfx
   003A 7A            [ 4]  152 	ld	a, d
   003B B3            [ 4]  153 	or	a, e
                            154 ; common peephole 163 changed absolute to relative conditional jump.
   003C 20 16         [12]  155 	jr	nz, 00101$
                            156 ;	genCmpEq
                            157 ;	genMove_o size 1 result type 2 source type 10 a_dead 1 hl_dead 1 de_dead 0 iy_dead 0 f_dead 1
   003E 3Ar00s00      [13]  158 	ld	a, (_check)
   0041 D6 02         [ 7]  159 	sub	a, #0x02
                            160 ; common peephole 54 used hl instead of iy.
   0043 21r01s00      [10]  161 	ld	hl, #_check + 1
   0046 B6            [ 7]  162 	or	a, (hl)
                            163 ; common peephole 81 removed jp by using inverse jump logic
                            164 ; common peephole 159 removed unused label 00123$.
                            165 ; common peephole 163 changed absolute to relative conditional jump.
   0047 20 0B         [12]  166 	jr	nz, 00101$
                            167 ; common peephole 82 removed jp by using inverse jump logic
                            168 ; common peephole 159 removed unused label 00124$.
                            169 ;	skipping generated iCode
                            170 ;	genCmpEq
                            171 ;	genMove_o size 1 result type 2 source type 10 a_dead 1 hl_dead 1 de_dead 0 iy_dead 0 f_dead 1
   0049 3Ar02s00      [13]  172 	ld	a, (_o)
   004C D6 05         [ 7]  173 	sub	a, #0x05
                            174 ; common peephole 54 used hl instead of iy.
   004E 21r03s00      [10]  175 	ld	hl, #_o + 1
   0051 B6            [ 7]  176 	or	a, (hl)
                            177 ; common peephole 163 changed absolute to relative conditional jump.
   0052 28 18         [12]  178 	jr	z, 00102$
                            179 ; common peephole 81 removed jp by using inverse jump logic
                            180 ; common peephole 159 removed unused label 00125$.
                            181 ;	skipping generated iCode
                            182 ;	genLabel
   0054                     183 00101$:
                            184 ;cases/./../tests/gcc-torture-execute-20010915-1.c:33: ASSERT (0);
                            185 ;	genPlus
                            186 ;	genMove_o size 2 result type 2 source type 10 a_dead 1 hl_dead 1 de_dead 1 iy_dead 1 f_dead 1
   0054 2Ar00s00      [16]  187 	ld	hl, (___numTests)
   0057 23            [ 6]  188 	inc	hl
                            189 ;	genMove_o size 2 result type 10 source type 2 a_dead 1 hl_dead 1 de_dead 1 iy_dead 1 f_dead 1
   0058 22r00s00      [16]  190 	ld	(___numTests), hl
                            191 ;	skipping iCode since result will be rematerialized
                            192 ;	skipping iCode since result will be rematerialized
                            193 ;	skipping iCode since result will be rematerialized
                            194 ;	skipping iCode since result will be rematerialized
                            195 ;	skipping iCode since result will be rematerialized
                            196 ;	skipping iCode since result will be rematerialized
                            197 ;	genIpush
                            198 ;	genMove_o size 2 result type 2 source type 1 a_dead 1 hl_dead 1 de_dead 1 iy_dead 1 f_dead 1
   005B 21 21 00      [10]  199 	ld	hl, #0x0021
   005E E5            [11]  200 	push	hl
                            201 ;	genIpush
                            202 ;	genMove_o size 2 result type 2 source type 7 a_dead 1 hl_dead 1 de_dead 1 iy_dead 1 f_dead 1
   005F 21r8Es00      [10]  203 	ld	hl, #__str_7
   0062 E5            [11]  204 	push	hl
                            205 ;	genSend
                            206 ;	genMove_o size 2 result type 2 source type 7 a_dead 1 hl_dead 1 de_dead 1 iy_dead 1 f_dead 1
   0063 11r8Cs00      [10]  207 	ld	de, #__str_6
                            208 ;	genSend
                            209 ;	genMove_o size 2 result type 2 source type 7 a_dead 1 hl_dead 1 de_dead 0 iy_dead 1 f_dead 1
   0066 21r7Bs00      [10]  210 	ld	hl, #__str_5
                            211 ;	genCall
   0069 CDr00s00      [17]  212 	call	___fail
                            213 ;	genLabel
   006C                     214 00102$:
                            215 ;cases/./../tests/gcc-torture-execute-20010915-1.c:34: return;
                            216 ;	genRet
                            217 ;	genLabel
                            218 ; common peephole 159 removed unused label 00105$.
                            219 ;cases/./../tests/gcc-torture-execute-20010915-1.c:36: }
                            220 ;	genEndFunction
   006C DD F9         [10]  221 	ld	sp, ix
   006E DD E1         [14]  222 	pop	ix
   0070 C9            [10]  223 	ret
                            224 ;	Total testTortureExecute function size at codegen: 5 bytes.
   0071                     225 ___str_0:
   0071 61                  226 	.ascii "a"
   0072 00                  227 	.db 0x00
   0073                     228 ___str_1:
   0073 62                  229 	.ascii "b"
   0074 00                  230 	.db 0x00
   0075                     231 ___str_2:
   0075 63                  232 	.ascii "c"
   0076 00                  233 	.db 0x00
   0077                     234 ___str_3:
   0077 64                  235 	.ascii "d"
   0078 00                  236 	.db 0x00
   0079                     237 ___str_4:
   0079 65                  238 	.ascii "e"
   007A 00                  239 	.db 0x00
   007B                     240 __str_5:
   007B 41 73 73 65 72 74   241 	.ascii "Assertion failed"
        69 6F 6E 20 66 61
        69 6C 65 64
   008B 00                  242 	.db 0x00
   008C                     243 __str_6:
   008C 30                  244 	.ascii "0"
   008D 00                  245 	.db 0x00
   008E                     246 __str_7:
   008E 63 61 73 65 73 2F   247 	.ascii "cases/./../tests/gcc-torture-execute-20010915-1.c"
        2E 2F 2E 2E 2F 74
        65 73 74 73 2F 67
        63 63 2D 74 6F 72
        74 75 72 65 2D 65
        78 65 63 75 74 65
        2D 32 30 30 31 30
        39 31 35 2D 31 2E
        63
   00BF 00                  248 	.db 0x00
                            249 ;cases/./../tests/gcc-torture-execute-20010915-1.c:39: int x (int argc, const char **argv)
                            250 ;	genLabel
                            251 ;	genFunction
                            252 ;	---------------------------------
                            253 ; Function x
                            254 ; ---------------------------------
                            255 ;	Register assignment might be sub-optimal.
                            256 ; Stack space usage: 6 bytes.
   00C0                     257 _x::
   00C0 DD E5         [15]  258 	push	ix
   00C2 DD 21 00 00   [14]  259 	ld	ix,	#0
   00C6 DD 39         [15]  260 	add	ix, sp
                            261 ;	adjustStack by -6
   00C8 F5            [11]  262 	push	af
   00C9 F5            [11]  263 	push	af
   00CA F5            [11]  264 	push	af
                            265 ;	genReceive
                            266 ;	genMove_o size 2 result type 6 source type 2 a_dead 1 hl_dead 1 de_dead 0 iy_dead 1 f_dead 1
   00CB DD 75 FE      [19]  267 	ld	-2 (ix), l
   00CE DD 74 FF      [19]  268 	ld	-1 (ix), h
                            269 ;	genMove_o size 0 result type 6 source type 1 a_dead 1 hl_dead 1 de_dead 0 iy_dead 1 f_dead 1
                            270 ;	genReceive
                            271 ;	genMove_o size 2 result type 6 source type 2 a_dead 1 hl_dead 1 de_dead 1 iy_dead 1 f_dead 1
   00D1 DD 73 FC      [19]  272 	ld	-4 (ix), e
   00D4 DD 72 FD      [19]  273 	ld	-3 (ix), d
                            274 ;	genMove_o size 0 result type 6 source type 1 a_dead 1 hl_dead 1 de_dead 1 iy_dead 1 f_dead 1
                            275 ;cases/./../tests/gcc-torture-execute-20010915-1.c:43: const char *p = 0;
                            276 ;	genAssign
                            277 ;fetchPairLong
   00D7 21 00 00      [10]  278 	ld	hl, #0x0000
                            279 ;	genMove_o size 2 result type 6 source type 2 a_dead 1 hl_dead 1 de_dead 1 iy_dead 1 f_dead 1
   00DA E3            [19]  280 	ex	(sp), hl
                            281 ;	genMove_o size 0 result type 6 source type 1 a_dead 1 hl_dead 1 de_dead 1 iy_dead 1 f_dead 1
                            282 ;cases/./../tests/gcc-torture-execute-20010915-1.c:45: if (argc > o && argc > 2 && argv[o])
                            283 ;	genCmpGt
                            284 ;	Shift into pair
   00DB 21r02s00      [10]  285 	ld	hl, #_o
   00DE 7E            [ 7]  286 	ld	a, (hl)
   00DF DD 96 FE      [19]  287 	sub	a, -2 (ix)
   00E2 23            [ 6]  288 	inc	hl
   00E3 7E            [ 7]  289 	ld	a, (hl)
   00E4 DD 9E FF      [19]  290 	sbc	a, -1 (ix)
   00E7 E2rECs00      [10]  291 	jp	po, 00191$
   00EA EE 80         [ 7]  292 	xor	a, #0x80
   00EC                     293 00191$:
   00EC F2r7Ds01      [10]  294 	jp	p, 00108$
                            295 ;	skipping generated iCode
                            296 ;	genCmpGt
   00EF 3E 02         [ 7]  297 	ld	a, #0x02
   00F1 DD BE FE      [19]  298 	cp	a, -2 (ix)
   00F4 3E 00         [ 7]  299 	ld	a, #0x00
   00F6 DD 9E FF      [19]  300 	sbc	a, -1 (ix)
   00F9 E2rFEs00      [10]  301 	jp	po, 00192$
   00FC EE 80         [ 7]  302 	xor	a, #0x80
   00FE                     303 00192$:
   00FE F2r7Ds01      [10]  304 	jp	p, 00108$
                            305 ;	skipping generated iCode
                            306 ;	genLeftShift
                            307 ;	genMove_o size 2 result type 2 source type 10 a_dead 1 hl_dead 1 de_dead 1 iy_dead 1 f_dead 1
   0101 2Ar02s00      [16]  308 	ld	hl, (_o)
   0104 29            [11]  309 	add	hl, hl
                            310 ;	genPlus
                            311 ;	genMove_o size 2 result type 2 source type 6 a_dead 0 hl_dead 0 de_dead 0 iy_dead 0 f_dead 1
   0105 DD 5E FC      [19]  312 	ld	e, -4 (ix)
   0108 DD 56 FD      [19]  313 	ld	d, -3 (ix)
                            314 ;	genMove_o size 0 result type 2 source type 1 a_dead 0 hl_dead 0 de_dead 1 iy_dead 0 f_dead 1
   010B 19            [11]  315 	add	hl, de
                            316 ;	genPointerGet
                            317 ;fetchPairLong
   010C 7E            [ 7]  318 	ld	a, (hl)
   010D 23            [ 6]  319 	inc	hl
   010E 66            [ 7]  320 	ld	h, (hl)
                            321 ;	genIfx
   010F 6F            [ 4]  322 	ld	l, a
   0110 B4            [ 4]  323 	or	a, h
                            324 ; common peephole 99 removed load by reordering or arguments.
                            325 ; common peephole 163 changed absolute to relative conditional jump.
   0111 28 6A         [12]  326 	jr	z, 00108$
                            327 ;cases/./../tests/gcc-torture-execute-20010915-1.c:47: g = s (argv[o], &p);
                            328 ;	skipping iCode since result will be rematerialized
                            329 ;	genCast
                            330 ;	genMove_o size 2 result type 2 source type 8 a_dead 1 hl_dead 0 de_dead 1 iy_dead 1 f_dead 1
   0113 EB            [ 4]  331 	ex	de, hl
   0114 21 00 00      [10]  332 	ld	hl, #0
   0117 39            [11]  333 	add	hl, sp
   0118 EB            [ 4]  334 	ex	de, hl
                            335 ;	genSend
   0119 D5            [11]  336 	push	de
                            337 ;	genMove_o size 2 result type 2 source type 2 a_dead 1 hl_dead 0 de_dead 0 iy_dead 1 f_dead 1
                            338 ;	genSend
                            339 ;	genMove_o size 2 result type 2 source type 2 a_dead 1 hl_dead 1 de_dead 0 iy_dead 1 f_dead 1
                            340 ;	genCall
   011A CDr79s02      [17]  341 	call	_s
                            342 ;	genMove_o size 2 result type 2 source type 2 a_dead 1 hl_dead 1 de_dead 1 iy_dead 1 f_dead 1
   011D EB            [ 4]  343 	ex	de, hl
                            344 ;	genMove_o size 0 result type 2 source type 1 a_dead 1 hl_dead 1 de_dead 1 iy_dead 1 f_dead 1
   011E D1            [10]  345 	pop	de
                            346 ;cases/./../tests/gcc-torture-execute-20010915-1.c:48: if (g)
                            347 ;	genIfx
   011F 7C            [ 4]  348 	ld	a, h
   0120 B5            [ 4]  349 	or	a, l
                            350 ; common peephole 163 changed absolute to relative conditional jump.
   0121 28 25         [12]  351 	jr	z, 00104$
                            352 ;cases/./../tests/gcc-torture-execute-20010915-1.c:50: *g++ = '\0';
                            353 ;	genPointerSet
   0123 36 00         [10]  354 	ld	(hl), #0x00
                            355 ;	genPlus
   0125 23            [ 6]  356 	inc	hl
                            357 ;cases/./../tests/gcc-torture-execute-20010915-1.c:51: h = s (g, &p);
                            358 ;	genSend
   0126 E5            [11]  359 	push	hl
   0127 D5            [11]  360 	push	de
                            361 ;	genMove_o size 2 result type 2 source type 2 a_dead 1 hl_dead 0 de_dead 0 iy_dead 1 f_dead 1
                            362 ;	genSend
                            363 ;	genMove_o size 2 result type 2 source type 2 a_dead 1 hl_dead 0 de_dead 0 iy_dead 1 f_dead 1
                            364 ;	genCall
   0128 CDr79s02      [17]  365 	call	_s
                            366 ;	genMove_o size 2 result type 2 source type 2 a_dead 1 hl_dead 1 de_dead 1 iy_dead 1 f_dead 1
   012B 4B            [ 4]  367 	ld	c, e
   012C 42            [ 4]  368 	ld	b, d
                            369 ;	genMove_o size 0 result type 2 source type 1 a_dead 1 hl_dead 1 de_dead 1 iy_dead 1 f_dead 1
   012D D1            [10]  370 	pop	de
   012E E1            [10]  371 	pop	hl
                            372 ;	genAssign
                            373 ;	genMove_o size 2 result type 10 source type 2 a_dead 1 hl_dead 0 de_dead 0 iy_dead 1 f_dead 1
   012F ED 43r02s00   [20]  374 	ld	(_h), bc
                            375 ;cases/./../tests/gcc-torture-execute-20010915-1.c:52: if (g == p)
                            376 ;	genCmpEq
                            377 ;	genMove_o size 1 result type 2 source type 2 a_dead 1 hl_dead 0 de_dead 0 iy_dead 1 f_dead 1
   0133 7D            [ 4]  378 	ld	a, l
                            379 ;	genMove_o size 0 result type 2 source type 1 a_dead 1 hl_dead 0 de_dead 0 iy_dead 1 f_dead 1
   0134 DD 96 FA      [19]  380 	sub	a, -6 (ix)
                            381 ; common peephole 163 changed absolute to relative conditional jump.
   0137 20 0F         [12]  382 	jr	nz, 00104$
                            383 ; common peephole 84 jumped to 00104$ directly instead of via 00193$.
                            384 ;	genMove_o size 1 result type 2 source type 2 a_dead 1 hl_dead 0 de_dead 0 iy_dead 1 f_dead 1
   0139 7C            [ 4]  385 	ld	a, h
                            386 ;	genMove_o size 0 result type 2 source type 1 a_dead 1 hl_dead 0 de_dead 0 iy_dead 1 f_dead 1
   013A DD 96 FB      [19]  387 	sub	a, -5 (ix)
                            388 ; common peephole 81 removed jp by using inverse jump logic
                            389 ; common peephole 159 removed unused label 00193$.
                            390 ; common peephole 163 changed absolute to relative conditional jump.
   013D 20 09         [12]  391 	jr	nz, 00104$
                            392 ; common peephole 82 removed jp by using inverse jump logic
                            393 ; common peephole 159 removed unused label 00194$.
                            394 ;	skipping generated iCode
                            395 ;cases/./../tests/gcc-torture-execute-20010915-1.c:53: h = m (g);
                            396 ;	genSend
   013F D5            [11]  397 	push	de
                            398 ;	genMove_o size 2 result type 2 source type 2 a_dead 1 hl_dead 1 de_dead 0 iy_dead 1 f_dead 1
                            399 ;	genCall
   0140 CDr18s02      [17]  400 	call	_m
                            401 ;	genMove_o size 2 result type 2 source type 2 a_dead 1 hl_dead 1 de_dead 1 iy_dead 1 f_dead 1
   0143 EB            [ 4]  402 	ex	de, hl
                            403 ;	genMove_o size 0 result type 2 source type 1 a_dead 1 hl_dead 1 de_dead 1 iy_dead 1 f_dead 1
   0144 D1            [10]  404 	pop	de
                            405 ;	genAssign
                            406 ;	genMove_o size 2 result type 10 source type 2 a_dead 1 hl_dead 1 de_dead 0 iy_dead 1 f_dead 1
   0145 22r02s00      [16]  407 	ld	(_h), hl
                            408 ;	genLabel
   0148                     409 00104$:
                            410 ;cases/./../tests/gcc-torture-execute-20010915-1.c:55: u = s (argv[o], &p);
                            411 ;	genLeftShift
                            412 ;	genMove_o size 2 result type 2 source type 10 a_dead 1 hl_dead 1 de_dead 0 iy_dead 1 f_dead 1
   0148 2Ar02s00      [16]  413 	ld	hl, (_o)
   014B 29            [11]  414 	add	hl, hl
                            415 ;	genPlus
                            416 ;	genMove_o size 2 result type 2 source type 6 a_dead 0 hl_dead 0 de_dead 0 iy_dead 0 f_dead 1
   014C DD 4E FC      [19]  417 	ld	c, -4 (ix)
   014F DD 46 FD      [19]  418 	ld	b, -3 (ix)
                            419 ;	genMove_o size 0 result type 2 source type 1 a_dead 0 hl_dead 0 de_dead 0 iy_dead 0 f_dead 1
   0152 09            [11]  420 	add	hl, bc
                            421 ;	genPointerGet
                            422 ;fetchPairLong
   0153 7E            [ 7]  423 	ld	a, (hl)
   0154 23            [ 6]  424 	inc	hl
   0155 66            [ 7]  425 	ld	h, (hl)
   0156 6F            [ 4]  426 	ld	l, a
                            427 ;	genSend
                            428 ;	genMove_o size 2 result type 2 source type 2 a_dead 1 hl_dead 0 de_dead 1 iy_dead 1 f_dead 1
                            429 ;	genSend
                            430 ;	genMove_o size 2 result type 2 source type 2 a_dead 1 hl_dead 1 de_dead 0 iy_dead 1 f_dead 1
                            431 ;	genCall
   0157 CDr79s02      [17]  432 	call	_s
                            433 ;	genMove_o size 2 result type 2 source type 2 a_dead 1 hl_dead 1 de_dead 1 iy_dead 1 f_dead 1
                            434 ;	genAssign
                            435 ;	genMove_o size 2 result type 10 source type 2 a_dead 1 hl_dead 1 de_dead 1 iy_dead 1 f_dead 1
   015A ED 53r00s00   [20]  436 	ld	(_u), de
                            437 ;cases/./../tests/gcc-torture-execute-20010915-1.c:56: if (argv[o] == p)
                            438 ;	genLeftShift
                            439 ;	genMove_o size 2 result type 2 source type 10 a_dead 1 hl_dead 1 de_dead 1 iy_dead 1 f_dead 1
   015E 2Ar02s00      [16]  440 	ld	hl, (_o)
   0161 29            [11]  441 	add	hl, hl
                            442 ;	genPlus
                            443 ;	genMove_o size 2 result type 2 source type 6 a_dead 0 hl_dead 0 de_dead 0 iy_dead 0 f_dead 1
   0162 DD 5E FC      [19]  444 	ld	e, -4 (ix)
   0165 DD 56 FD      [19]  445 	ld	d, -3 (ix)
                            446 ;	genMove_o size 0 result type 2 source type 1 a_dead 0 hl_dead 0 de_dead 1 iy_dead 0 f_dead 1
   0168 19            [11]  447 	add	hl, de
                            448 ;	genPointerGet
                            449 ;fetchPairLong
                            450 ;	_moveFrom_tpair_()
   0169 5E            [ 7]  451 	ld	e, (hl)
   016A 23            [ 6]  452 	inc	hl
                            453 ;	_moveFrom_tpair_()
   016B 56            [ 7]  454 	ld	d, (hl)
                            455 ;	genCmpEq
                            456 ;	genMove_o size 2 result type 2 source type 6 a_dead 1 hl_dead 1 de_dead 0 iy_dead 1 f_dead 1
   016C E1            [10]  457 	pop	hl
   016D E5            [11]  458 	push	hl
                            459 ;	genMove_o size 0 result type 2 source type 1 a_dead 1 hl_dead 1 de_dead 0 iy_dead 1 f_dead 1
   016E AF            [ 4]  460 	xor	a, a
   016F ED 52         [15]  461 	sbc	hl, de
                            462 ; common peephole 81 removed jp by using inverse jump logic
                            463 ; common peephole 159 removed unused label 00195$.
                            464 ; common peephole 163 changed absolute to relative conditional jump.
   0171 20 22         [12]  465 	jr	nz, 00114$
                            466 ; common peephole 82 removed jp by using inverse jump logic
                            467 ; common peephole 159 removed unused label 00196$.
                            468 ;	skipping generated iCode
                            469 ;cases/./../tests/gcc-torture-execute-20010915-1.c:57: u = m (argv[o]);
                            470 ;	genSend
                            471 ;	genMove_o size 2 result type 2 source type 2 a_dead 1 hl_dead 1 de_dead 1 iy_dead 1 f_dead 1
   0173 EB            [ 4]  472 	ex	de, hl
                            473 ;	genMove_o size 0 result type 2 source type 1 a_dead 1 hl_dead 1 de_dead 1 iy_dead 1 f_dead 1
                            474 ;	genCall
   0174 CDr18s02      [17]  475 	call	_m
                            476 ;	genMove_o size 2 result type 2 source type 2 a_dead 1 hl_dead 1 de_dead 1 iy_dead 1 f_dead 1
                            477 ;	genAssign
                            478 ;	genMove_o size 2 result type 10 source type 2 a_dead 1 hl_dead 1 de_dead 1 iy_dead 1 f_dead 1
   0177 ED 53r00s00   [20]  479 	ld	(_u), de
                            480 ;	genGoto
                            481 ; common peephole 162 changed absolute to relative unconditional jump.
   017B 18 18         [12]  482 	jr	00114$
                            483 ;	genLabel
   017D                     484 00108$:
                            485 ;cases/./../tests/gcc-torture-execute-20010915-1.c:60: ASSERT (0);
                            486 ;	genPlus
                            487 ;	genMove_o size 2 result type 2 source type 10 a_dead 1 hl_dead 1 de_dead 1 iy_dead 1 f_dead 1
   017D 2Ar00s00      [16]  488 	ld	hl, (___numTests)
   0180 23            [ 6]  489 	inc	hl
                            490 ;	genMove_o size 2 result type 10 source type 2 a_dead 1 hl_dead 1 de_dead 1 iy_dead 1 f_dead 1
   0181 22r00s00      [16]  491 	ld	(___numTests), hl
                            492 ;	skipping iCode since result will be rematerialized
                            493 ;	skipping iCode since result will be rematerialized
                            494 ;	skipping iCode since result will be rematerialized
                            495 ;	skipping iCode since result will be rematerialized
                            496 ;	skipping iCode since result will be rematerialized
                            497 ;	skipping iCode since result will be rematerialized
                            498 ;	genIpush
                            499 ;	genMove_o size 2 result type 2 source type 1 a_dead 1 hl_dead 1 de_dead 1 iy_dead 1 f_dead 1
   0184 21 3C 00      [10]  500 	ld	hl, #0x003c
   0187 E5            [11]  501 	push	hl
                            502 ;	genIpush
                            503 ;	genMove_o size 2 result type 2 source type 7 a_dead 1 hl_dead 1 de_dead 1 iy_dead 1 f_dead 1
   0188 21rE6s01      [10]  504 	ld	hl, #__str_10
   018B E5            [11]  505 	push	hl
                            506 ;	genSend
                            507 ;	genMove_o size 2 result type 2 source type 7 a_dead 1 hl_dead 1 de_dead 1 iy_dead 1 f_dead 1
   018C 11rE4s01      [10]  508 	ld	de, #__str_9
                            509 ;	genSend
                            510 ;	genMove_o size 2 result type 2 source type 7 a_dead 1 hl_dead 1 de_dead 0 iy_dead 1 f_dead 1
   018F 21rD3s01      [10]  511 	ld	hl, #__str_8
                            512 ;	genCall
   0192 CDr00s00      [17]  513 	call	___fail
                            514 ;cases/./../tests/gcc-torture-execute-20010915-1.c:62: while (++o < argc)
                            515 ;	genLabel
   0195                     516 00114$:
                            517 ;	genPlus
                            518 ;	genMove_o size 2 result type 2 source type 10 a_dead 1 hl_dead 1 de_dead 1 iy_dead 1 f_dead 1
   0195 2Ar02s00      [16]  519 	ld	hl, (_o)
   0198 23            [ 6]  520 	inc	hl
                            521 ;	genMove_o size 2 result type 10 source type 2 a_dead 1 hl_dead 1 de_dead 1 iy_dead 1 f_dead 1
   0199 22r02s00      [16]  522 	ld	(_o), hl
                            523 ;	genCmpLt
   019C 3Ar02s00      [13]  524 	ld	a, (_o+0)
   019F DD 96 FE      [19]  525 	sub	a, -2 (ix)
   01A2 3Ar03s00      [13]  526 	ld	a, (_o+1)
   01A5 DD 9E FF      [19]  527 	sbc	a, -1 (ix)
   01A8 E2rADs01      [10]  528 	jp	po, 00197$
   01AB EE 80         [ 7]  529 	xor	a, #0x80
   01AD                     530 00197$:
   01AD F2rCBs01      [10]  531 	jp	p, 00116$
                            532 ;	skipping generated iCode
                            533 ;cases/./../tests/gcc-torture-execute-20010915-1.c:63: if (r (argv[o]) == 0)
                            534 ;	genLeftShift
                            535 ;	genMove_o size 2 result type 2 source type 10 a_dead 1 hl_dead 1 de_dead 1 iy_dead 1 f_dead 1
   01B0 2Ar02s00      [16]  536 	ld	hl, (_o)
   01B3 29            [11]  537 	add	hl, hl
                            538 ;	genPlus
                            539 ;	genMove_o size 2 result type 2 source type 6 a_dead 0 hl_dead 0 de_dead 0 iy_dead 0 f_dead 1
   01B4 DD 5E FC      [19]  540 	ld	e, -4 (ix)
   01B7 DD 56 FD      [19]  541 	ld	d, -3 (ix)
                            542 ;	genMove_o size 0 result type 2 source type 1 a_dead 0 hl_dead 0 de_dead 1 iy_dead 0 f_dead 1
   01BA 19            [11]  543 	add	hl, de
                            544 ;	genPointerGet
                            545 ;fetchPairLong
   01BB 7E            [ 7]  546 	ld	a, (hl)
   01BC 23            [ 6]  547 	inc	hl
   01BD 66            [ 7]  548 	ld	h, (hl)
   01BE 6F            [ 4]  549 	ld	l, a
                            550 ;	genSend
                            551 ;	genMove_o size 2 result type 2 source type 2 a_dead 1 hl_dead 1 de_dead 1 iy_dead 1 f_dead 1
                            552 ;	genCall
   01BF CDr1Cs03      [17]  553 	call	_r
                            554 ;	genMove_o size 2 result type 2 source type 2 a_dead 1 hl_dead 1 de_dead 1 iy_dead 1 f_dead 1
                            555 ;	genIfx
   01C2 7A            [ 4]  556 	ld	a, d
   01C3 B3            [ 4]  557 	or	a, e
                            558 ; common peephole 163 changed absolute to relative conditional jump.
   01C4 20 CF         [12]  559 	jr	nz, 00114$
                            560 ;cases/./../tests/gcc-torture-execute-20010915-1.c:64: return 1;
                            561 ;	genRet
                            562 ;	genMove_o size 2 result type 2 source type 1 a_dead 1 hl_dead 1 de_dead 1 iy_dead 1 f_dead 1
   01C6 11 01 00      [10]  563 	ld	de, #0x0001
                            564 ; common peephole 162 changed absolute to relative unconditional jump.
   01C9 18 03         [12]  565 	jr	00117$
                            566 ;	genLabel
   01CB                     567 00116$:
                            568 ;cases/./../tests/gcc-torture-execute-20010915-1.c:66: return 0;
                            569 ;	genRet
                            570 ;	genMove_o size 2 result type 2 source type 1 a_dead 1 hl_dead 1 de_dead 1 iy_dead 1 f_dead 1
   01CB 11 00 00      [10]  571 	ld	de, #0x0000
                            572 ;	genLabel
   01CE                     573 00117$:
                            574 ;cases/./../tests/gcc-torture-execute-20010915-1.c:67: }
                            575 ;	genEndFunction
   01CE DD F9         [10]  576 	ld	sp, ix
   01D0 DD E1         [14]  577 	pop	ix
   01D2 C9            [10]  578 	ret
                            579 ;	Total x function size at codegen: 14 bytes.
   01D3                     580 __str_8:
   01D3 41 73 73 65 72 74   581 	.ascii "Assertion failed"
        69 6F 6E 20 66 61
        69 6C 65 64
   01E3 00                  582 	.db 0x00
   01E4                     583 __str_9:
   01E4 30                  584 	.ascii "0"
   01E5 00                  585 	.db 0x00
   01E6                     586 __str_10:
   01E6 63 61 73 65 73 2F   587 	.ascii "cases/./../tests/gcc-torture-execute-20010915-1.c"
        2E 2F 2E 2E 2F 74
        65 73 74 73 2F 67
        63 63 2D 74 6F 72
        74 75 72 65 2D 65
        78 65 63 75 74 65
        2D 32 30 30 31 30
        39 31 35 2D 31 2E
        63
   0217 00                  588 	.db 0x00
                            589 ;cases/./../tests/gcc-torture-execute-20010915-1.c:69: char *m (const char *x) { ASSERT (0); return 0;}
                            590 ;	genLabel
                            591 ;	genFunction
                            592 ;	---------------------------------
                            593 ; Function m
                            594 ; ---------------------------------
                            595 ;	Register assignment might be sub-optimal.
                            596 ; Stack space usage: 0 bytes.
   0218                     597 _m::
                            598 ;	genPlus
                            599 ;	genMove_o size 2 result type 2 source type 10 a_dead 1 hl_dead 1 de_dead 1 iy_dead 1 f_dead 1
   0218 2Ar00s00      [16]  600 	ld	hl, (___numTests)
   021B 23            [ 6]  601 	inc	hl
                            602 ;	genMove_o size 2 result type 10 source type 2 a_dead 1 hl_dead 1 de_dead 1 iy_dead 1 f_dead 1
   021C 22r00s00      [16]  603 	ld	(___numTests), hl
                            604 ;	skipping iCode since result will be rematerialized
                            605 ;	skipping iCode since result will be rematerialized
                            606 ;	skipping iCode since result will be rematerialized
                            607 ;	skipping iCode since result will be rematerialized
                            608 ;	skipping iCode since result will be rematerialized
                            609 ;	skipping iCode since result will be rematerialized
                            610 ;	genIpush
                            611 ;	genMove_o size 2 result type 2 source type 1 a_dead 1 hl_dead 1 de_dead 1 iy_dead 1 f_dead 1
   021F 21 45 00      [10]  612 	ld	hl, #0x0045
   0222 E5            [11]  613 	push	hl
                            614 ;	genIpush
                            615 ;	genMove_o size 2 result type 2 source type 7 a_dead 1 hl_dead 1 de_dead 1 iy_dead 1 f_dead 1
   0223 21r47s02      [10]  616 	ld	hl, #__str_13
   0226 E5            [11]  617 	push	hl
                            618 ;	genSend
                            619 ;	genMove_o size 2 result type 2 source type 7 a_dead 1 hl_dead 1 de_dead 1 iy_dead 1 f_dead 1
   0227 11r45s02      [10]  620 	ld	de, #__str_12
                            621 ;	genSend
                            622 ;	genMove_o size 2 result type 2 source type 7 a_dead 1 hl_dead 1 de_dead 0 iy_dead 1 f_dead 1
   022A 21r34s02      [10]  623 	ld	hl, #__str_11
                            624 ;	genCall
   022D CDr00s00      [17]  625 	call	___fail
                            626 ;	genRet
                            627 ;	genMove_o size 2 result type 2 source type 1 a_dead 1 hl_dead 1 de_dead 1 iy_dead 1 f_dead 1
   0230 11 00 00      [10]  628 	ld	de, #0x0000
                            629 ;	genLabel
                            630 ; common peephole 159 removed unused label 00101$.
                            631 ;	genEndFunction
   0233 C9            [10]  632 	ret
                            633 ;	Total m function size at codegen: 1 bytes.
   0234                     634 __str_11:
   0234 41 73 73 65 72 74   635 	.ascii "Assertion failed"
        69 6F 6E 20 66 61
        69 6C 65 64
   0244 00                  636 	.db 0x00
   0245                     637 __str_12:
   0245 30                  638 	.ascii "0"
   0246 00                  639 	.db 0x00
   0247                     640 __str_13:
   0247 63 61 73 65 73 2F   641 	.ascii "cases/./../tests/gcc-torture-execute-20010915-1.c"
        2E 2F 2E 2E 2F 74
        65 73 74 73 2F 67
        63 63 2D 74 6F 72
        74 75 72 65 2D 65
        78 65 63 75 74 65
        2D 32 30 30 31 30
        39 31 35 2D 31 2E
        63
   0278 00                  642 	.db 0x00
                            643 ;cases/./../tests/gcc-torture-execute-20010915-1.c:70: char *s (const char *v, const char **pp)
                            644 ;	genLabel
                            645 ;	genFunction
                            646 ;	---------------------------------
                            647 ; Function s
                            648 ; ---------------------------------
                            649 ;	Register assignment might be sub-optimal.
                            650 ; Stack space usage: 2 bytes.
   0279                     651 _s::
   0279 DD E5         [15]  652 	push	ix
   027B DD 21 00 00   [14]  653 	ld	ix,	#0
   027F DD 39         [15]  654 	add	ix, sp
                            655 ;	adjustStack by -2
   0281 F5            [11]  656 	push	af
                            657 ;	genReceive
                            658 ;	genMove_o size 2 result type 2 source type 2 a_dead 1 hl_dead 1 de_dead 0 iy_dead 1 f_dead 1
   0282 4D            [ 4]  659 	ld	c, l
   0283 44            [ 4]  660 	ld	b, h
                            661 ;	genMove_o size 0 result type 2 source type 1 a_dead 1 hl_dead 1 de_dead 0 iy_dead 1 f_dead 1
                            662 ;	genReceive
                            663 ;	genMove_o size 2 result type 6 source type 2 a_dead 1 hl_dead 1 de_dead 1 iy_dead 1 f_dead 1
   0284 E1            [10]  664 	pop	hl
   0285 D5            [11]  665 	push	de
                            666 ;	genMove_o size 0 result type 6 source type 1 a_dead 1 hl_dead 1 de_dead 1 iy_dead 1 f_dead 1
                            667 ;cases/./../tests/gcc-torture-execute-20010915-1.c:72: if (strcmp (v, "a") != 0 || check++ > 1)
                            668 ;	skipping iCode since result will be rematerialized
                            669 ;	skipping iCode since result will be rematerialized
                            670 ;	genSend
   0286 C5            [11]  671 	push	bc
                            672 ;	genMove_o size 2 result type 2 source type 7 a_dead 1 hl_dead 1 de_dead 1 iy_dead 1 f_dead 1
   0287 11rD5s02      [10]  673 	ld	de, #___str_14
                            674 ;	genSend
                            675 ;	genMove_o size 2 result type 2 source type 2 a_dead 1 hl_dead 1 de_dead 0 iy_dead 1 f_dead 1
   028A 69            [ 4]  676 	ld	l, c
   028B 60            [ 4]  677 	ld	h, b
                            678 ;	genMove_o size 0 result type 2 source type 1 a_dead 1 hl_dead 1 de_dead 0 iy_dead 1 f_dead 1
                            679 ;	genCall
   028C CDr00s00      [17]  680 	call	_strcmp
                            681 ;	genMove_o size 2 result type 2 source type 2 a_dead 1 hl_dead 1 de_dead 1 iy_dead 1 f_dead 1
   028F C1            [10]  682 	pop	bc
                            683 ;	genIfx
   0290 7A            [ 4]  684 	ld	a, d
   0291 B3            [ 4]  685 	or	a, e
                            686 ; common peephole 163 changed absolute to relative conditional jump.
   0292 20 19         [12]  687 	jr	nz, 00101$
                            688 ;	genAssign
                            689 ;	genMove_o size 2 result type 2 source type 10 a_dead 1 hl_dead 1 de_dead 1 iy_dead 1 f_dead 1
   0294 ED 5Br00s00   [20]  690 	ld	de, (_check)
                            691 ;	genPlus
                            692 ;	genMove_o size 2 result type 2 source type 10 a_dead 1 hl_dead 1 de_dead 0 iy_dead 1 f_dead 1
   0298 2Ar00s00      [16]  693 	ld	hl, (_check)
   029B 23            [ 6]  694 	inc	hl
                            695 ;	genMove_o size 2 result type 10 source type 2 a_dead 1 hl_dead 1 de_dead 0 iy_dead 1 f_dead 1
   029C 22r00s00      [16]  696 	ld	(_check), hl
                            697 ;	genCmpGt
   029F 3E 01         [ 7]  698 	ld	a, #0x01
   02A1 BB            [ 4]  699 	cp	a, e
   02A2 3E 00         [ 7]  700 	ld	a, #0x00
   02A4 9A            [ 4]  701 	sbc	a, d
   02A5 E2rAAs02      [10]  702 	jp	po, 00114$
   02A8 EE 80         [ 7]  703 	xor	a, #0x80
   02AA                     704 00114$:
   02AA F2rC7s02      [10]  705 	jp	p, 00102$
                            706 ;	skipping generated iCode
                            707 ;	genLabel
   02AD                     708 00101$:
                            709 ;cases/./../tests/gcc-torture-execute-20010915-1.c:73: ASSERT (0);
                            710 ;	genPlus
                            711 ;	genMove_o size 2 result type 2 source type 10 a_dead 1 hl_dead 1 de_dead 1 iy_dead 1 f_dead 1
   02AD 2Ar00s00      [16]  712 	ld	hl, (___numTests)
   02B0 23            [ 6]  713 	inc	hl
                            714 ;	genMove_o size 2 result type 10 source type 2 a_dead 1 hl_dead 1 de_dead 1 iy_dead 1 f_dead 1
   02B1 22r00s00      [16]  715 	ld	(___numTests), hl
                            716 ;	skipping iCode since result will be rematerialized
                            717 ;	skipping iCode since result will be rematerialized
                            718 ;	skipping iCode since result will be rematerialized
                            719 ;	skipping iCode since result will be rematerialized
                            720 ;	skipping iCode since result will be rematerialized
                            721 ;	skipping iCode since result will be rematerialized
                            722 ;	genIpush
   02B4 C5            [11]  723 	push	bc
                            724 ;	genMove_o size 2 result type 2 source type 1 a_dead 1 hl_dead 1 de_dead 1 iy_dead 1 f_dead 1
   02B5 21 49 00      [10]  725 	ld	hl, #0x0049
   02B8 E5            [11]  726 	push	hl
                            727 ;	genIpush
                            728 ;	genMove_o size 2 result type 2 source type 7 a_dead 1 hl_dead 1 de_dead 1 iy_dead 1 f_dead 1
   02B9 21rEAs02      [10]  729 	ld	hl, #__str_17
   02BC E5            [11]  730 	push	hl
                            731 ;	genSend
                            732 ;	genMove_o size 2 result type 2 source type 7 a_dead 1 hl_dead 1 de_dead 1 iy_dead 1 f_dead 1
   02BD 11rE8s02      [10]  733 	ld	de, #__str_16
                            734 ;	genSend
                            735 ;	genMove_o size 2 result type 2 source type 7 a_dead 1 hl_dead 1 de_dead 0 iy_dead 1 f_dead 1
   02C0 21rD7s02      [10]  736 	ld	hl, #__str_15
                            737 ;	genCall
   02C3 CDr00s00      [17]  738 	call	___fail
   02C6 C1            [10]  739 	pop	bc
                            740 ;	genLabel
   02C7                     741 00102$:
                            742 ;cases/./../tests/gcc-torture-execute-20010915-1.c:74: *pp = v+1;
                            743 ;	genPlus
   02C7 03            [ 6]  744 	inc	bc
                            745 ;	genPointerSet
                            746 ;	genMove_o size 2 result type 2 source type 6 a_dead 1 hl_dead 1 de_dead 1 iy_dead 1 f_dead 1
   02C8 E1            [10]  747 	pop	hl
   02C9 E5            [11]  748 	push	hl
                            749 ;	genMove_o size 0 result type 2 source type 1 a_dead 1 hl_dead 1 de_dead 1 iy_dead 1 f_dead 1
   02CA 71            [ 7]  750 	ld	(hl), c
   02CB 23            [ 6]  751 	inc	hl
   02CC 70            [ 7]  752 	ld	(hl), b
                            753 ;cases/./../tests/gcc-torture-execute-20010915-1.c:75: return 0;
                            754 ;	genRet
                            755 ;	genMove_o size 2 result type 2 source type 1 a_dead 1 hl_dead 1 de_dead 1 iy_dead 1 f_dead 1
   02CD 11 00 00      [10]  756 	ld	de, #0x0000
                            757 ;	genLabel
                            758 ; common peephole 159 removed unused label 00104$.
                            759 ;cases/./../tests/gcc-torture-execute-20010915-1.c:76: }
                            760 ;	genEndFunction
   02D0 DD F9         [10]  761 	ld	sp, ix
   02D2 DD E1         [14]  762 	pop	ix
   02D4 C9            [10]  763 	ret
                            764 ;	Total s function size at codegen: 5 bytes.
   02D5                     765 ___str_14:
   02D5 61                  766 	.ascii "a"
   02D6 00                  767 	.db 0x00
   02D7                     768 __str_15:
   02D7 41 73 73 65 72 74   769 	.ascii "Assertion failed"
        69 6F 6E 20 66 61
        69 6C 65 64
   02E7 00                  770 	.db 0x00
   02E8                     771 __str_16:
   02E8 30                  772 	.ascii "0"
   02E9 00                  773 	.db 0x00
   02EA                     774 __str_17:
   02EA 63 61 73 65 73 2F   775 	.ascii "cases/./../tests/gcc-torture-execute-20010915-1.c"
        2E 2F 2E 2E 2F 74
        65 73 74 73 2F 67
        63 63 2D 74 6F 72
        74 75 72 65 2D 65
        78 65 63 75 74 65
        2D 32 30 30 31 30
        39 31 35 2D 31 2E
        63
   031B 00                  776 	.db 0x00
                            777 ;cases/./../tests/gcc-torture-execute-20010915-1.c:78: int r (const char *f)
                            778 ;	genLabel
                            779 ;	genFunction
                            780 ;	---------------------------------
                            781 ; Function r
                            782 ; ---------------------------------
                            783 ;	Register assignment might be sub-optimal.
                            784 ; Stack space usage: 0 bytes.
   031C                     785 _r::
                            786 ;	genReceive
                            787 ;	genMove_o size 2 result type 2 source type 2 a_dead 1 hl_dead 1 de_dead 1 iy_dead 1 f_dead 1
                            788 ;cases/./../tests/gcc-torture-execute-20010915-1.c:83: if (*f != *c || f[1] != c[1] || cnt > 3)
                            789 ;	genPointerGet
   031C 5E            [ 7]  790 	ld	e, (hl)
                            791 ;	genAddrOf
   031D 01r04s00      [10]  792 	ld	bc, #_r_c_10000_61+0
                            793 ;	genPointerGet
   0320 0A            [ 7]  794 	ld	a, (bc)
                            795 ;	genMove_o size 1 result type 2 source type 2 a_dead 1 hl_dead 0 de_dead 0 iy_dead 1 f_dead 1
                            796 ;	genCmpEq
                            797 ;	genMove_o size 1 result type 2 source type 2 a_dead 1 hl_dead 0 de_dead 0 iy_dead 1 f_dead 1
   0321 93            [ 4]  798 	sub	a, e
                            799 ; common peephole 81 removed jp by using inverse jump logic
                            800 ; common peephole 159 removed unused label 00123$.
                            801 ; common peephole 163 changed absolute to relative conditional jump.
   0322 20 1D         [12]  802 	jr	nz, 00101$
                            803 ; common peephole 82 removed jp by using inverse jump logic
                            804 ; common peephole 159 removed unused label 00124$.
                            805 ;	skipping generated iCode
                            806 ;	genAssign
                            807 ;	(locations are the same)
                            808 ;	genPointerGet
                            809 ;fetchPairLong
   0324 23            [ 6]  810 	inc	hl
                            811 ;	_moveFrom_tpair_()
                            812 ;	skipping iCode since result will be rematerialized
                            813 ;	genPointerGet
                            814 ;	genCmpEq
                            815 ;	genMove_o size 1 result type 2 source type 2 a_dead 1 hl_dead 1 de_dead 0 iy_dead 1 f_dead 1
   0325 3Ar05s00      [13]  816 	ld	a, (#_r_c_10000_61 + 1)
                            817 ; common peephole 115a used (hl) in sub instead of going through e.
   0328 96            [ 7]  818 	sub	a, (hl)
                            819 ; common peephole 81 removed jp by using inverse jump logic
                            820 ; common peephole 159 removed unused label 00125$.
                            821 ; common peephole 163 changed absolute to relative conditional jump.
   0329 20 16         [12]  822 	jr	nz, 00101$
                            823 ; common peephole 82 removed jp by using inverse jump logic
                            824 ; common peephole 159 removed unused label 00126$.
                            825 ;	skipping generated iCode
                            826 ;	genCmpGt
   032B 3E 03         [ 7]  827 	ld	a, #0x03
   032D FD 21r06s00   [14]  828 	ld	iy, #_r_cnt_10000_61
   0331 FD BE 00      [19]  829 	cp	a, 0 (iy)
   0334 3E 00         [ 7]  830 	ld	a, #0x00
   0336 FD 9E 01      [19]  831 	sbc	a, 1 (iy)
   0339 E2r3Es03      [10]  832 	jp	po, 00127$
   033C EE 80         [ 7]  833 	xor	a, #0x80
   033E                     834 00127$:
   033E F2r5Bs03      [10]  835 	jp	p, 00102$
                            836 ;	skipping generated iCode
                            837 ;	genLabel
   0341                     838 00101$:
                            839 ;cases/./../tests/gcc-torture-execute-20010915-1.c:84: ASSERT (0);
                            840 ;	genPlus
                            841 ;	genMove_o size 2 result type 2 source type 10 a_dead 1 hl_dead 1 de_dead 1 iy_dead 1 f_dead 1
   0341 2Ar00s00      [16]  842 	ld	hl, (___numTests)
   0344 23            [ 6]  843 	inc	hl
                            844 ;	genMove_o size 2 result type 10 source type 2 a_dead 1 hl_dead 1 de_dead 1 iy_dead 1 f_dead 1
   0345 22r00s00      [16]  845 	ld	(___numTests), hl
                            846 ;	skipping iCode since result will be rematerialized
                            847 ;	skipping iCode since result will be rematerialized
                            848 ;	skipping iCode since result will be rematerialized
                            849 ;	skipping iCode since result will be rematerialized
                            850 ;	skipping iCode since result will be rematerialized
                            851 ;	skipping iCode since result will be rematerialized
                            852 ;	genIpush
   0348 C5            [11]  853 	push	bc
                            854 ;	genMove_o size 2 result type 2 source type 1 a_dead 1 hl_dead 1 de_dead 1 iy_dead 1 f_dead 1
   0349 21 54 00      [10]  855 	ld	hl, #0x0054
   034C E5            [11]  856 	push	hl
                            857 ;	genIpush
                            858 ;	genMove_o size 2 result type 2 source type 7 a_dead 1 hl_dead 1 de_dead 1 iy_dead 1 f_dead 1
   034D 21r7Cs03      [10]  859 	ld	hl, #__str_21
   0350 E5            [11]  860 	push	hl
                            861 ;	genSend
                            862 ;	genMove_o size 2 result type 2 source type 7 a_dead 1 hl_dead 1 de_dead 1 iy_dead 1 f_dead 1
   0351 11r7As03      [10]  863 	ld	de, #__str_20
                            864 ;	genSend
                            865 ;	genMove_o size 2 result type 2 source type 7 a_dead 1 hl_dead 1 de_dead 0 iy_dead 1 f_dead 1
   0354 21r69s03      [10]  866 	ld	hl, #__str_19
                            867 ;	genCall
   0357 CDr00s00      [17]  868 	call	___fail
   035A C1            [10]  869 	pop	bc
                            870 ;	genLabel
   035B                     871 00102$:
                            872 ;cases/./../tests/gcc-torture-execute-20010915-1.c:85: c[0]++;
                            873 ;	genPointerGet
   035B 0A            [ 7]  874 	ld	a, (bc)
                            875 ;	genMove_o size 1 result type 2 source type 2 a_dead 1 hl_dead 1 de_dead 1 iy_dead 1 f_dead 1
                            876 ;	genPlus
   035C 3C            [ 4]  877 	inc	a
                            878 ;	genPointerSet
                            879 ;	genMove_o size 1 result type 2 source type 2 a_dead 1 hl_dead 1 de_dead 0 iy_dead 1 f_dead 1
   035D 02            [ 7]  880 	ld	(bc), a
                            881 ;cases/./../tests/gcc-torture-execute-20010915-1.c:86: cnt++;
                            882 ;	genPlus
                            883 ;	genMove_o size 2 result type 2 source type 10 a_dead 1 hl_dead 1 de_dead 1 iy_dead 1 f_dead 1
   035E 2Ar06s00      [16]  884 	ld	hl, (_r_cnt_10000_61)
   0361 23            [ 6]  885 	inc	hl
                            886 ;	genMove_o size 2 result type 10 source type 2 a_dead 1 hl_dead 1 de_dead 1 iy_dead 1 f_dead 1
   0362 22r06s00      [16]  887 	ld	(_r_cnt_10000_61), hl
                            888 ;cases/./../tests/gcc-torture-execute-20010915-1.c:87: return 1;
                            889 ;	genRet
                            890 ;	genMove_o size 2 result type 2 source type 1 a_dead 1 hl_dead 1 de_dead 1 iy_dead 1 f_dead 1
   0365 11 01 00      [10]  891 	ld	de, #0x0001
                            892 ;	genLabel
                            893 ; common peephole 159 removed unused label 00105$.
                            894 ;cases/./../tests/gcc-torture-execute-20010915-1.c:88: }
                            895 ;	genEndFunction
   0368 C9            [10]  896 	ret
                            897 ;	Total r function size at codegen: 1 bytes.
   0369                     898 __str_19:
   0369 41 73 73 65 72 74   899 	.ascii "Assertion failed"
        69 6F 6E 20 66 61
        69 6C 65 64
   0379 00                  900 	.db 0x00
   037A                     901 __str_20:
   037A 30                  902 	.ascii "0"
   037B 00                  903 	.db 0x00
   037C                     904 __str_21:
   037C 63 61 73 65 73 2F   905 	.ascii "cases/./../tests/gcc-torture-execute-20010915-1.c"
        2E 2F 2E 2E 2F 74
        65 73 74 73 2F 67
        63 63 2D 74 6F 72
        74 75 72 65 2D 65
        78 65 63 75 74 65
        2D 32 30 30 31 30
        39 31 35 2D 31 2E
        63
   03AD 00                  906 	.db 0x00
                            907 ;cases/tst_gcc-torture-execute-20010915-1.c:4: __runSuite(void)
                            908 ;	genLabel
                            909 ;	genFunction
                            910 ;	---------------------------------
                            911 ; Function __runSuite
                            912 ; ---------------------------------
                            913 ;	Register assignment is optimal.
                            914 ; Stack space usage: 0 bytes.
   03AE                     915 ___runSuite::
                            916 ;cases/tst_gcc-torture-execute-20010915-1.c:6: __prints("Running testTortureExecute\n");
                            917 ;	skipping iCode since result will be rematerialized
                            918 ;	skipping iCode since result will be rematerialized
                            919 ;	genSend
                            920 ;	genMove_o size 2 result type 2 source type 7 a_dead 1 hl_dead 1 de_dead 1 iy_dead 1 f_dead 1
   03AE 21rB7s03      [10]  921 	ld	hl, #___str_22
                            922 ;	genCall
   03B1 CDr00s00      [17]  923 	call	___prints
                            924 ;cases/tst_gcc-torture-execute-20010915-1.c:7: testTortureExecute();
                            925 ;	genCall
                            926 ;	genLabel
                            927 ; common peephole 159 removed unused label 00101$.
                            928 ;cases/tst_gcc-torture-execute-20010915-1.c:8: }
                            929 ;	genEndFunction
   03B4 C3r00s00      [10]  930 	jp	_testTortureExecute
                            931 ; common peephole 152 removed unused ret.
                            932 ;	Total __runSuite function size at codegen: 1 bytes.
   03B7                     933 ___str_22:
   03B7 52 75 6E 6E 69 6E   934 	.ascii "Running testTortureExecute"
        67 20 74 65 73 74
        54 6F 72 74 75 72
        65 45 78 65 63 75
        74 65
   03D1 0A                  935 	.db 0x0a
   03D2 00                  936 	.db 0x00
                            937 ;cases/tst_gcc-torture-execute-20010915-1.c:13: __getSuiteName(void)
                            938 ;	genLabel
                            939 ;	genFunction
                            940 ;	---------------------------------
                            941 ; Function __getSuiteName
                            942 ; ---------------------------------
                            943 ;	Register assignment is optimal.
                            944 ; Stack space usage: 0 bytes.
   03D3                     945 ___getSuiteName::
                            946 ;cases/tst_gcc-torture-execute-20010915-1.c:15: return "gcc-torture-execute-20010915-1.c";
                            947 ;	skipping iCode since result will be rematerialized
                            948 ;	skipping iCode since result will be rematerialized
                            949 ;	genRet
                            950 ;	genMove_o size 2 result type 2 source type 7 a_dead 1 hl_dead 1 de_dead 1 iy_dead 1 f_dead 1
   03D3 11rD9s03      [10]  951 	ld	de, #___str_23
                            952 ;	genLabel
                            953 ; common peephole 159 removed unused label 00101$.
                            954 ;cases/tst_gcc-torture-execute-20010915-1.c:16: }
                            955 ;	genEndFunction
   03D6 C9            [10]  956 	ret
                            957 ;	Total __getSuiteName function size at codegen: 1 bytes.
   03D7                     958 ___numCases:
   03D7 01 00               959 	.dw #0x0001
   03D9                     960 ___str_23:
   03D9 67 63 63 2D 74 6F   961 	.ascii "gcc-torture-execute-20010915-1.c"
        72 74 75 72 65 2D
        65 78 65 63 75 74
        65 2D 32 30 30 31
        30 39 31 35 2D 31
        2E 63
   03F9 00                  962 	.db 0x00
                            963 	.area _CODE (BANK=_CSEG)
                            964 	.area _INITIALIZER
   0000                     965 __xinit__check:
   0000 00 00               966 	.dw #0x0000
   0002                     967 __xinit__o:
   0002 00 00               968 	.dw #0x0000
                            969 	.area _CABS (ABS)
