                              1 ;--------------------------------------------------------
                              2 ; File Created by SDCC : free open source ISO C Compiler
                              3 ; Version 4.6.2 #16710 (Linux)
                              4 ;--------------------------------------------------------
                              5 	.module tst_bug_2625
                              6 	
                              7 ;--------------------------------------------------------
                              8 ; Public variables in this module
                              9 ;--------------------------------------------------------
                             10 	.globl _testBug
                             11 	.globl _check_ptr
                             12 	.globl ___prints
                             13 	.globl ___fail
                             14 	.globl _teststruct
                             15 	.globl ___numCases
                             16 	.globl ___runSuite
                             17 	.globl ___getSuiteName
                             18 ;--------------------------------------------------------
                             19 ; special function registers
                             20 ;--------------------------------------------------------
                             21 ;--------------------------------------------------------
                             22 ; ram data
                             23 ;--------------------------------------------------------
                             24 	.area _DATA (BANK=_DSEG)
   0000                      25 _teststruct::
   0000                      26 	.ds 512
                             27 ;--------------------------------------------------------
                             28 ; ram data
                             29 ;--------------------------------------------------------
                             30 	.area _INITIALIZED
                             31 ;--------------------------------------------------------
                             32 ; absolute ram data
                             33 ;--------------------------------------------------------
                             34 	.area _DABS (ABS)
                             35 	.area _DABS (ABS)
                             36 ;--------------------------------------------------------
                             37 ; global & static initialisations
                             38 ;--------------------------------------------------------
                             39 	.area _HOME
                             40 	.area _GSINIT
                             41 	.area _GSFINAL
                             42 	.area _GSINIT
                             43 ;--------------------------------------------------------
                             44 ; Home
                             45 ;--------------------------------------------------------
                             46 	.area _HOME (BANK=_CSEG)
                             47 	.area _HOME (BANK=_CSEG)
                             48 ;--------------------------------------------------------
                             49 ; code
                             50 ;--------------------------------------------------------
                             51 	.area _CODE (BANK=_CSEG)
                             52 ;cases/./../tests/bug-2625.c:12: int check_ptr(unsigned char *p, struct s *sp)
                             53 ;	genLabel
                             54 ;	genFunction
                             55 ;	---------------------------------
                             56 ; Function check_ptr
                             57 ; ---------------------------------
                             58 ;	Register assignment might be sub-optimal.
                             59 ; Stack space usage: 0 bytes.
   0000                      60 _check_ptr::
                             61 ;	genReceive
                             62 ;	genMove_o size 2 result type 2 source type 2 a_dead 1 hl_dead 1 de_dead 0 iy_dead 1 f_dead 1
   0000 4D            [ 4]   63 	ld	c, l
   0001 44            [ 4]   64 	ld	b, h
                             65 ;	genMove_o size 0 result type 2 source type 1 a_dead 1 hl_dead 1 de_dead 0 iy_dead 1 f_dead 1
                             66 ;	genReceive
                             67 ;	genMove_o size 2 result type 2 source type 2 a_dead 1 hl_dead 1 de_dead 1 iy_dead 1 f_dead 1
                             68 ;cases/./../tests/bug-2625.c:14: if (p > sp->array + 400) /* Converting the array to its address for the add  */
                             69 ;	genPlus
                             70 ;fetchPairLong
   0002 21 96 01      [10]   71 	ld	hl, #0x0196
   0005 19            [11]   72 	add	hl, de
                             73 ;	genCmpGt
   0006 AF            [ 4]   74 	xor	a, a
   0007 ED 42         [15]   75 	sbc	hl, bc
                             76 ; common peephole 163 changed absolute to relative conditional jump.
   0009 30 04         [12]   77 	jr	nc, 00102$
                             78 ;	skipping generated iCode
                             79 ;cases/./../tests/bug-2625.c:15: return 1;              /* incorrectly used the size of the array to        */
                             80 ;	genRet
                             81 ;	genMove_o size 2 result type 2 source type 1 a_dead 1 hl_dead 1 de_dead 1 iy_dead 1 f_dead 1
   000B 11 01 00      [10]   82 	ld	de, #0x0001
   000E C9            [10]   83 	ret
                             84 ; common peephole 160 replaced jump by return.
                             85 ;	genLabel
   000F                      86 00102$:
                             87 ;cases/./../tests/bug-2625.c:17: return 0;
                             88 ;	genRet
                             89 ;	genMove_o size 2 result type 2 source type 1 a_dead 1 hl_dead 1 de_dead 1 iy_dead 1 f_dead 1
   000F 11 00 00      [10]   90 	ld	de, #0x0000
                             91 ;	genLabel
                             92 ; common peephole 159 removed unused label 00104$.
                             93 ;cases/./../tests/bug-2625.c:18: }
                             94 ;	genEndFunction
   0012 C9            [10]   95 	ret
                             96 ;	Total check_ptr function size at codegen: 1 bytes.
                             97 ;cases/./../tests/bug-2625.c:24: void testBug (void)
                             98 ;	genLabel
                             99 ;	genFunction
                            100 ;	---------------------------------
                            101 ; Function testBug
                            102 ; ---------------------------------
                            103 ;	Register assignment might be sub-optimal.
                            104 ; Stack space usage: 0 bytes.
   0013                     105 _testBug::
                            106 ;cases/./../tests/bug-2625.c:27: struct s * sp = &teststruct;
                            107 ;	skipping iCode since result will be rematerialized
                            108 ;	skipping iCode since result will be rematerialized
                            109 ;cases/./../tests/bug-2625.c:29: ASSERT (check_ptr(&(sp->array[400]),sp) == 0);
                            110 ;	genPlus
                            111 ;	genMove_o size 2 result type 2 source type 10 a_dead 1 hl_dead 1 de_dead 1 iy_dead 1 f_dead 1
   0013 2Ar00s00      [16]  112 	ld	hl, (___numTests)
   0016 23            [ 6]  113 	inc	hl
                            114 ;	genMove_o size 2 result type 10 source type 2 a_dead 1 hl_dead 1 de_dead 1 iy_dead 1 f_dead 1
   0017 22r00s00      [16]  115 	ld	(___numTests), hl
                            116 ;	skipping iCode since result will be rematerialized
                            117 ;	genSend
                            118 ;	genMove_o size 2 result type 2 source type 7 a_dead 1 hl_dead 1 de_dead 1 iy_dead 1 f_dead 1
   001A 11r00s00      [10]  119 	ld	de, #_teststruct
                            120 ;	genSend
                            121 ;	genMove_o size 2 result type 2 source type 7 a_dead 1 hl_dead 1 de_dead 0 iy_dead 1 f_dead 1
   001D 21r96s01      [10]  122 	ld	hl, #(_teststruct + 406)
                            123 ;	genCall
   0020 CDr00s00      [17]  124 	call	_check_ptr
                            125 ;	genMove_o size 2 result type 2 source type 2 a_dead 1 hl_dead 1 de_dead 1 iy_dead 1 f_dead 1
                            126 ;	genIfx
   0023 7A            [ 4]  127 	ld	a, d
   0024 B3            [ 4]  128 	or	a, e
                            129 ; common peephole 163 changed absolute to relative conditional jump.
   0025 28 11         [12]  130 	jr	z, 00104$
                            131 ;	skipping iCode since result will be rematerialized
                            132 ;	skipping iCode since result will be rematerialized
                            133 ;	skipping iCode since result will be rematerialized
                            134 ;	skipping iCode since result will be rematerialized
                            135 ;	skipping iCode since result will be rematerialized
                            136 ;	skipping iCode since result will be rematerialized
                            137 ;	genIpush
                            138 ;	genMove_o size 2 result type 2 source type 1 a_dead 1 hl_dead 1 de_dead 1 iy_dead 1 f_dead 1
   0027 21 1D 00      [10]  139 	ld	hl, #0x001d
   002A E5            [11]  140 	push	hl
                            141 ;	genIpush
                            142 ;	genMove_o size 2 result type 2 source type 7 a_dead 1 hl_dead 1 de_dead 1 iy_dead 1 f_dead 1
   002B 21r94s00      [10]  143 	ld	hl, #___str_2
   002E E5            [11]  144 	push	hl
                            145 ;	genSend
                            146 ;	genMove_o size 2 result type 2 source type 7 a_dead 1 hl_dead 1 de_dead 1 iy_dead 1 f_dead 1
   002F 11r6Fs00      [10]  147 	ld	de, #___str_1
                            148 ;	genSend
                            149 ;	genMove_o size 2 result type 2 source type 7 a_dead 1 hl_dead 1 de_dead 0 iy_dead 1 f_dead 1
   0032 21r5Es00      [10]  150 	ld	hl, #___str_0
                            151 ;	genCall
   0035 CDr00s00      [17]  152 	call	___fail
                            153 ;	genLabel
   0038                     154 00104$:
                            155 ;cases/./../tests/bug-2625.c:30: ASSERT (check_ptr(&(sp->array[401]),sp) == 1);
                            156 ;	genPlus
                            157 ;	genMove_o size 2 result type 2 source type 10 a_dead 1 hl_dead 1 de_dead 1 iy_dead 1 f_dead 1
   0038 2Ar00s00      [16]  158 	ld	hl, (___numTests)
   003B 23            [ 6]  159 	inc	hl
                            160 ;	genMove_o size 2 result type 10 source type 2 a_dead 1 hl_dead 1 de_dead 1 iy_dead 1 f_dead 1
   003C 22r00s00      [16]  161 	ld	(___numTests), hl
                            162 ;	skipping iCode since result will be rematerialized
                            163 ;	genSend
                            164 ;	genMove_o size 2 result type 2 source type 7 a_dead 1 hl_dead 1 de_dead 1 iy_dead 1 f_dead 1
   003F 11r00s00      [10]  165 	ld	de, #_teststruct
                            166 ;	genSend
                            167 ;	genMove_o size 2 result type 2 source type 7 a_dead 1 hl_dead 1 de_dead 0 iy_dead 1 f_dead 1
   0042 21r97s01      [10]  168 	ld	hl, #(_teststruct + 407)
                            169 ;	genCall
   0045 CDr00s00      [17]  170 	call	_check_ptr
                            171 ;	genMove_o size 2 result type 2 source type 2 a_dead 1 hl_dead 1 de_dead 1 iy_dead 1 f_dead 1
                            172 ;	genCmpEq
                            173 ;	genMove_o size 1 result type 2 source type 2 a_dead 1 hl_dead 1 de_dead 0 iy_dead 0 f_dead 1
   0048 7B            [ 4]  174 	ld	a, e
                            175 ;	genMove_o size 0 result type 2 source type 1 a_dead 1 hl_dead 1 de_dead 0 iy_dead 0 f_dead 1
   0049 3D            [ 4]  176 	dec	a
   004A B2            [ 4]  177 	or	a, d
   004B C8            [11]  178 	ret	z
                            179 ; common peephole 161 replaced jump by return.
                            180 ; common peephole 81 removed jp by using inverse jump logic
                            181 ; common peephole 159 removed unused label 00123$.
                            182 ;	skipping generated iCode
                            183 ;	skipping iCode since result will be rematerialized
                            184 ;	skipping iCode since result will be rematerialized
                            185 ;	skipping iCode since result will be rematerialized
                            186 ;	skipping iCode since result will be rematerialized
                            187 ;	skipping iCode since result will be rematerialized
                            188 ;	skipping iCode since result will be rematerialized
                            189 ;	genIpush
                            190 ;	genMove_o size 2 result type 2 source type 1 a_dead 1 hl_dead 1 de_dead 1 iy_dead 1 f_dead 1
   004C 21 1E 00      [10]  191 	ld	hl, #0x001e
   004F E5            [11]  192 	push	hl
                            193 ;	genIpush
                            194 ;	genMove_o size 2 result type 2 source type 7 a_dead 1 hl_dead 1 de_dead 1 iy_dead 1 f_dead 1
   0050 21r94s00      [10]  195 	ld	hl, #___str_2
   0053 E5            [11]  196 	push	hl
                            197 ;	genSend
                            198 ;	genMove_o size 2 result type 2 source type 7 a_dead 1 hl_dead 1 de_dead 1 iy_dead 1 f_dead 1
   0054 11rB0s00      [10]  199 	ld	de, #___str_3
                            200 ;	genSend
                            201 ;	genMove_o size 2 result type 2 source type 7 a_dead 1 hl_dead 1 de_dead 0 iy_dead 1 f_dead 1
   0057 21r5Es00      [10]  202 	ld	hl, #___str_0
                            203 ;	genCall
   005A CDr00s00      [17]  204 	call	___fail
                            205 ;	genLabel
                            206 ; common peephole 159 removed unused label 00101$.
                            207 ;cases/./../tests/bug-2625.c:32: }
                            208 ;	genEndFunction
   005D C9            [10]  209 	ret
                            210 ;	Total testBug function size at codegen: 1 bytes.
   005E                     211 ___str_0:
   005E 41 73 73 65 72 74   212 	.ascii "Assertion failed"
        69 6F 6E 20 66 61
        69 6C 65 64
   006E 00                  213 	.db 0x00
   006F                     214 ___str_1:
   006F 63 68 65 63 6B 5F   215 	.ascii "check_ptr(&(sp->array[400]),sp) == 0"
        70 74 72 28 26 28
        73 70 2D 3E 61 72
        72 61 79 5B 34 30
        30 5D 29 2C 73 70
        29 20 3D 3D 20 30
   0093 00                  216 	.db 0x00
   0094                     217 ___str_2:
   0094 63 61 73 65 73 2F   218 	.ascii "cases/./../tests/bug-2625.c"
        2E 2F 2E 2E 2F 74
        65 73 74 73 2F 62
        75 67 2D 32 36 32
        35 2E 63
   00AF 00                  219 	.db 0x00
   00B0                     220 ___str_3:
   00B0 63 68 65 63 6B 5F   221 	.ascii "check_ptr(&(sp->array[401]),sp) == 1"
        70 74 72 28 26 28
        73 70 2D 3E 61 72
        72 61 79 5B 34 30
        31 5D 29 2C 73 70
        29 20 3D 3D 20 31
   00D4 00                  222 	.db 0x00
                            223 ;cases/tst_bug-2625.c:4: __runSuite(void)
                            224 ;	genLabel
                            225 ;	genFunction
                            226 ;	---------------------------------
                            227 ; Function __runSuite
                            228 ; ---------------------------------
                            229 ;	Register assignment is optimal.
                            230 ; Stack space usage: 0 bytes.
   00D5                     231 ___runSuite::
                            232 ;cases/tst_bug-2625.c:6: __prints("Running testBug\n");
                            233 ;	skipping iCode since result will be rematerialized
                            234 ;	skipping iCode since result will be rematerialized
                            235 ;	genSend
                            236 ;	genMove_o size 2 result type 2 source type 7 a_dead 1 hl_dead 1 de_dead 1 iy_dead 1 f_dead 1
   00D5 21rDEs00      [10]  237 	ld	hl, #___str_4
                            238 ;	genCall
   00D8 CDr00s00      [17]  239 	call	___prints
                            240 ;cases/tst_bug-2625.c:7: testBug();
                            241 ;	genCall
                            242 ;	genLabel
                            243 ; common peephole 159 removed unused label 00101$.
                            244 ;cases/tst_bug-2625.c:8: }
                            245 ;	genEndFunction
   00DB C3r13s00      [10]  246 	jp	_testBug
                            247 ; common peephole 152 removed unused ret.
                            248 ;	Total __runSuite function size at codegen: 1 bytes.
   00DE                     249 ___str_4:
   00DE 52 75 6E 6E 69 6E   250 	.ascii "Running testBug"
        67 20 74 65 73 74
        42 75 67
   00ED 0A                  251 	.db 0x0a
   00EE 00                  252 	.db 0x00
                            253 ;cases/tst_bug-2625.c:13: __getSuiteName(void)
                            254 ;	genLabel
                            255 ;	genFunction
                            256 ;	---------------------------------
                            257 ; Function __getSuiteName
                            258 ; ---------------------------------
                            259 ;	Register assignment is optimal.
                            260 ; Stack space usage: 0 bytes.
   00EF                     261 ___getSuiteName::
                            262 ;cases/tst_bug-2625.c:15: return "bug-2625.c";
                            263 ;	skipping iCode since result will be rematerialized
                            264 ;	skipping iCode since result will be rematerialized
                            265 ;	genRet
                            266 ;	genMove_o size 2 result type 2 source type 7 a_dead 1 hl_dead 1 de_dead 1 iy_dead 1 f_dead 1
   00EF 11rF5s00      [10]  267 	ld	de, #___str_5
                            268 ;	genLabel
                            269 ; common peephole 159 removed unused label 00101$.
                            270 ;cases/tst_bug-2625.c:16: }
                            271 ;	genEndFunction
   00F2 C9            [10]  272 	ret
                            273 ;	Total __getSuiteName function size at codegen: 1 bytes.
   00F3                     274 ___numCases:
   00F3 01 00               275 	.dw #0x0001
   00F5                     276 ___str_5:
   00F5 62 75 67 2D 32 36   277 	.ascii "bug-2625.c"
        32 35 2E 63
   00FF 00                  278 	.db 0x00
                            279 	.area _CODE (BANK=_CSEG)
                            280 	.area _INITIALIZER
                            281 	.area _CABS (ABS)
