                              1 ;--------------------------------------------------------
                              2 ; File Created by SDCC : free open source ISO C Compiler
                              3 ; Version 4.6.2 #16710 (Linux)
                              4 ;--------------------------------------------------------
                              5 	.module tst_gcc_torture_execute_921124_1
                              6 	
                              7 ;--------------------------------------------------------
                              8 ; Public variables in this module
                              9 ;--------------------------------------------------------
                             10 	.globl _testTortureExecute
                             11 	.globl _g
                             12 	.globl _f
                             13 	.globl ___prints
                             14 	.globl ___fail
                             15 	.globl ___numCases
                             16 	.globl ___runSuite
                             17 	.globl ___getSuiteName
                             18 ;--------------------------------------------------------
                             19 ; special function registers
                             20 ;--------------------------------------------------------
                             21 ;--------------------------------------------------------
                             22 ; ram data
                             23 ;--------------------------------------------------------
                             24 	.area _DATA (BANK=_DSEG)
                             25 ;--------------------------------------------------------
                             26 ; ram data
                             27 ;--------------------------------------------------------
                             28 	.area _INITIALIZED
                             29 ;--------------------------------------------------------
                             30 ; absolute ram data
                             31 ;--------------------------------------------------------
                             32 	.area _DABS (ABS)
                             33 	.area _DABS (ABS)
                             34 ;--------------------------------------------------------
                             35 ; global & static initialisations
                             36 ;--------------------------------------------------------
                             37 	.area _HOME
                             38 	.area _GSINIT
                             39 	.area _GSFINAL
                             40 	.area _GSINIT
                             41 ;--------------------------------------------------------
                             42 ; Home
                             43 ;--------------------------------------------------------
                             44 	.area _HOME (BANK=_CSEG)
                             45 	.area _HOME (BANK=_CSEG)
                             46 ;--------------------------------------------------------
                             47 ; code
                             48 ;--------------------------------------------------------
                             49 	.area _CODE (BANK=_CSEG)
                             50 ;cases/./../tests/gcc-torture-execute-921124-1.c:13: int f(int x, double d1, double d2, double d3)
                             51 ;	genLabel
                             52 ;	genFunction
                             53 ;	---------------------------------
                             54 ; Function f
                             55 ; ---------------------------------
                             56 ;	Register assignment is optimal.
                             57 ; Stack space usage: 0 bytes.
   0000                      58 _f::
                             59 ;	genReceive
                             60 ;	genMove_o size 2 result type 2 source type 2 a_dead 1 hl_dead 1 de_dead 1 iy_dead 1 f_dead 1
   0000 EB            [ 4]   61 	ex	de, hl
                             62 ;	genMove_o size 0 result type 2 source type 1 a_dead 1 hl_dead 1 de_dead 1 iy_dead 1 f_dead 1
                             63 ;cases/./../tests/gcc-torture-execute-921124-1.c:15: return x;
                             64 ;	genRet
                             65 ;	genMove_o size 2 result type 2 source type 2 a_dead 1 hl_dead 1 de_dead 1 iy_dead 1 f_dead 1
                             66 ;	genLabel
                             67 ; common peephole 159 removed unused label 00101$.
                             68 ;cases/./../tests/gcc-torture-execute-921124-1.c:16: }
                             69 ;	genEndFunction
   0001 E1            [10]   70 	pop	hl
                             71 ;	adjustStack by 12
   0002 F1            [10]   72 	pop	af
   0003 F1            [10]   73 	pop	af
   0004 F1            [10]   74 	pop	af
   0005 F1            [10]   75 	pop	af
   0006 F1            [10]   76 	pop	af
   0007 F1            [10]   77 	pop	af
   0008 E9            [ 4]   78 	jp	(hl)
                             79 ;	Total f function size at codegen: 8 bytes.
                             80 ;cases/./../tests/gcc-torture-execute-921124-1.c:18: void g(char *b, char *s, double x, double y, int i, int j)
                             81 ;	genLabel
                             82 ;	genFunction
                             83 ;	---------------------------------
                             84 ; Function g
                             85 ; ---------------------------------
                             86 ;	Register assignment might be sub-optimal.
                             87 ; Stack space usage: 0 bytes.
   0009                      88 _g::
   0009 DD E5         [15]   89 	push	ix
   000B DD 21 00 00   [14]   90 	ld	ix,	#0
   000F DD 39         [15]   91 	add	ix, sp
                             92 ;cases/./../tests/gcc-torture-execute-921124-1.c:21: if (x != 1.0 || y != 2.0 || i != 3 || j != 4)
                             93 ;	genIpush
                             94 ;	genMove_o size 2 result type 2 source type 1 a_dead 1 hl_dead 1 de_dead 1 iy_dead 1 f_dead 1
   0011 21 80 3F      [10]   95 	ld	hl, #0x3f80
   0014 E5            [11]   96 	push	hl
                             97 ;	genMove_o size 2 result type 2 source type 1 a_dead 1 hl_dead 1 de_dead 1 iy_dead 1 f_dead 1
   0015 21 00 00      [10]   98 	ld	hl, #0x0000
   0018 E5            [11]   99 	push	hl
                            100 ;	genSend
                            101 ;	genMove_o size 4 result type 2 source type 6 a_dead 1 hl_dead 1 de_dead 1 iy_dead 1 f_dead 1
   0019 DD 5E 04      [19]  102 	ld	e, 4 (ix)
   001C DD 56 05      [19]  103 	ld	d, 5 (ix)
   001F DD 6E 06      [19]  104 	ld	l, 6 (ix)
   0022 DD 66 07      [19]  105 	ld	h, 7 (ix)
                            106 ;	genMove_o size 0 result type 2 source type 1 a_dead 1 hl_dead 1 de_dead 1 iy_dead 1 f_dead 1
                            107 ;	genCall
   0025 CDr00s00      [17]  108 	call	___fseq
                            109 ;	genMove_o size 1 result type 2 source type 2 a_dead 1 hl_dead 1 de_dead 1 iy_dead 1 f_dead 1
                            110 ;	genMove_o size 0 result type 2 source type 1 a_dead 1 hl_dead 1 de_dead 1 iy_dead 1 f_dead 1
                            111 ;	genIfx
   0028 CB 47         [ 8]  112 	bit	0,a
                            113 ; common peephole 149 tested bit 0 of a directly instead of going through c.
                            114 ; common peephole 163 changed absolute to relative conditional jump.
   002A 28 2E         [12]  115 	jr	z, 00101$
                            116 ;	genIpush
                            117 ;	genMove_o size 2 result type 2 source type 1 a_dead 1 hl_dead 1 de_dead 1 iy_dead 1 f_dead 1
   002C 21 00 40      [10]  118 	ld	hl, #0x4000
   002F E5            [11]  119 	push	hl
                            120 ;	genMove_o size 2 result type 2 source type 1 a_dead 1 hl_dead 1 de_dead 1 iy_dead 1 f_dead 1
   0030 65            [ 4]  121 	ld	h, l
   0031 E5            [11]  122 	push	hl
                            123 ;	genSend
                            124 ;	genMove_o size 4 result type 2 source type 6 a_dead 1 hl_dead 1 de_dead 1 iy_dead 1 f_dead 1
   0032 DD 5E 08      [19]  125 	ld	e, 8 (ix)
   0035 DD 56 09      [19]  126 	ld	d, 9 (ix)
   0038 DD 6E 0A      [19]  127 	ld	l, 10 (ix)
   003B DD 66 0B      [19]  128 	ld	h, 11 (ix)
                            129 ;	genMove_o size 0 result type 2 source type 1 a_dead 1 hl_dead 1 de_dead 1 iy_dead 1 f_dead 1
                            130 ;	genCall
   003E CDr00s00      [17]  131 	call	___fseq
                            132 ;	genMove_o size 1 result type 2 source type 2 a_dead 1 hl_dead 1 de_dead 1 iy_dead 1 f_dead 1
   0041 4F            [ 4]  133 	ld	c, a
                            134 ;	genMove_o size 0 result type 2 source type 1 a_dead 1 hl_dead 1 de_dead 1 iy_dead 1 f_dead 1
                            135 ;	genIfx
   0042 CB 41         [ 8]  136 	bit	0, c
                            137 ; common peephole 163 changed absolute to relative conditional jump.
   0044 28 14         [12]  138 	jr	z, 00101$
                            139 ;	genCmpEq
                            140 ;	genMove_o size 1 result type 2 source type 6 a_dead 1 hl_dead 1 de_dead 0 iy_dead 0 f_dead 1
   0046 DD 7E 0C      [19]  141 	ld	a, 12 (ix)
                            142 ;	genMove_o size 0 result type 2 source type 1 a_dead 1 hl_dead 1 de_dead 0 iy_dead 0 f_dead 1
   0049 D6 03         [ 7]  143 	sub	a, #0x03
   004B DD B6 0D      [19]  144 	or	a, 13 (ix)
                            145 ; common peephole 81 removed jp by using inverse jump logic
                            146 ; common peephole 159 removed unused label 00132$.
                            147 ; common peephole 163 changed absolute to relative conditional jump.
   004E 20 0A         [12]  148 	jr	nz, 00101$
                            149 ; common peephole 82 removed jp by using inverse jump logic
                            150 ; common peephole 159 removed unused label 00133$.
                            151 ;	skipping generated iCode
                            152 ;	genCmpEq
                            153 ;	genMove_o size 1 result type 2 source type 6 a_dead 1 hl_dead 1 de_dead 0 iy_dead 0 f_dead 1
   0050 DD 7E 0E      [19]  154 	ld	a, 14 (ix)
                            155 ;	genMove_o size 0 result type 2 source type 1 a_dead 1 hl_dead 1 de_dead 0 iy_dead 0 f_dead 1
   0053 D6 04         [ 7]  156 	sub	a, #0x04
   0055 DD B6 0F      [19]  157 	or	a, 15 (ix)
                            158 ; common peephole 163 changed absolute to relative conditional jump.
   0058 28 18         [12]  159 	jr	z, 00106$
                            160 ; common peephole 81 removed jp by using inverse jump logic
                            161 ; common peephole 159 removed unused label 00134$.
                            162 ;	skipping generated iCode
                            163 ;	genLabel
   005A                     164 00101$:
                            165 ;cases/./../tests/gcc-torture-execute-921124-1.c:22: ASSERT(0);
                            166 ;	genPlus
                            167 ;	genMove_o size 2 result type 2 source type 10 a_dead 1 hl_dead 1 de_dead 1 iy_dead 1 f_dead 1
   005A 2Ar00s00      [16]  168 	ld	hl, (___numTests)
   005D 23            [ 6]  169 	inc	hl
                            170 ;	genMove_o size 2 result type 10 source type 2 a_dead 1 hl_dead 1 de_dead 1 iy_dead 1 f_dead 1
   005E 22r00s00      [16]  171 	ld	(___numTests), hl
                            172 ;	skipping iCode since result will be rematerialized
                            173 ;	skipping iCode since result will be rematerialized
                            174 ;	skipping iCode since result will be rematerialized
                            175 ;	skipping iCode since result will be rematerialized
                            176 ;	skipping iCode since result will be rematerialized
                            177 ;	skipping iCode since result will be rematerialized
                            178 ;	genIpush
                            179 ;	genMove_o size 2 result type 2 source type 1 a_dead 1 hl_dead 1 de_dead 1 iy_dead 1 f_dead 1
   0061 21 16 00      [10]  180 	ld	hl, #0x0016
   0064 E5            [11]  181 	push	hl
                            182 ;	genIpush
                            183 ;	genMove_o size 2 result type 2 source type 7 a_dead 1 hl_dead 1 de_dead 1 iy_dead 1 f_dead 1
   0065 21r8Fs00      [10]  184 	ld	hl, #__str_2
   0068 E5            [11]  185 	push	hl
                            186 ;	genSend
                            187 ;	genMove_o size 2 result type 2 source type 7 a_dead 1 hl_dead 1 de_dead 1 iy_dead 1 f_dead 1
   0069 11r8Ds00      [10]  188 	ld	de, #__str_1
                            189 ;	genSend
                            190 ;	genMove_o size 2 result type 2 source type 7 a_dead 1 hl_dead 1 de_dead 0 iy_dead 1 f_dead 1
   006C 21r7Cs00      [10]  191 	ld	hl, #__str_0
                            192 ;	genCall
   006F CDr00s00      [17]  193 	call	___fail
                            194 ;	genLabel
   0072                     195 00106$:
                            196 ;cases/./../tests/gcc-torture-execute-921124-1.c:24: }
                            197 ;	genEndFunction
   0072 DD E1         [14]  198 	pop	ix
   0074 E1            [10]  199 	pop	hl
                            200 ;	adjustStack by 12
   0075 F1            [10]  201 	pop	af
   0076 F1            [10]  202 	pop	af
   0077 F1            [10]  203 	pop	af
   0078 F1            [10]  204 	pop	af
   0079 F1            [10]  205 	pop	af
   007A F1            [10]  206 	pop	af
   007B E9            [ 4]  207 	jp	(hl)
                            208 ;	Total g function size at codegen: 10 bytes.
   007C                     209 __str_0:
   007C 41 73 73 65 72 74   210 	.ascii "Assertion failed"
        69 6F 6E 20 66 61
        69 6C 65 64
   008C 00                  211 	.db 0x00
   008D                     212 __str_1:
   008D 30                  213 	.ascii "0"
   008E 00                  214 	.db 0x00
   008F                     215 __str_2:
   008F 63 61 73 65 73 2F   216 	.ascii "cases/./../tests/gcc-torture-execute-921124-1.c"
        2E 2F 2E 2E 2F 74
        65 73 74 73 2F 67
        63 63 2D 74 6F 72
        74 75 72 65 2D 65
        78 65 63 75 74 65
        2D 39 32 31 31 32
        34 2D 31 2E 63
   00BE 00                  217 	.db 0x00
                            218 ;cases/./../tests/gcc-torture-execute-921124-1.c:28: testTortureExecute (void)
                            219 ;	genLabel
                            220 ;	genFunction
                            221 ;	---------------------------------
                            222 ; Function testTortureExecute
                            223 ; ---------------------------------
                            224 ;	Register assignment might be sub-optimal.
                            225 ; Stack space usage: 0 bytes.
   00BF                     226 _testTortureExecute::
                            227 ;cases/./../tests/gcc-torture-execute-921124-1.c:31: g("","", 1.0, 2.0, f(3, 0.0, 0.0, 0.0), f(4, 0.0, 0.0, 0.0));
                            228 ;	genIpush
                            229 ;	genMove_o size 2 result type 2 source type 1 a_dead 1 hl_dead 1 de_dead 1 iy_dead 1 f_dead 1
   00BF 21 00 00      [10]  230 	ld	hl, #0x0000
   00C2 E5            [11]  231 	push	hl
                            232 ;	genMove_o size 2 result type 2 source type 1 a_dead 1 hl_dead 1 de_dead 1 iy_dead 1 f_dead 1
   00C3 E5            [11]  233 	push	hl
                            234 ;	genIpush
                            235 ;	genMove_o size 2 result type 2 source type 1 a_dead 1 hl_dead 1 de_dead 1 iy_dead 1 f_dead 1
   00C4 E5            [11]  236 	push	hl
                            237 ;	genMove_o size 2 result type 2 source type 1 a_dead 1 hl_dead 1 de_dead 1 iy_dead 1 f_dead 1
   00C5 E5            [11]  238 	push	hl
                            239 ;	genIpush
                            240 ;	genMove_o size 2 result type 2 source type 1 a_dead 1 hl_dead 1 de_dead 1 iy_dead 1 f_dead 1
   00C6 E5            [11]  241 	push	hl
                            242 ;	genMove_o size 2 result type 2 source type 1 a_dead 1 hl_dead 1 de_dead 1 iy_dead 1 f_dead 1
   00C7 E5            [11]  243 	push	hl
                            244 ;	genSend
                            245 ;	genMove_o size 2 result type 2 source type 1 a_dead 1 hl_dead 1 de_dead 1 iy_dead 1 f_dead 1
   00C8 2E 04         [ 7]  246 	ld	l, #0x04
                            247 ;	genCall
   00CA CDr00s00      [17]  248 	call	_f
                            249 ;	genMove_o size 2 result type 2 source type 2 a_dead 1 hl_dead 1 de_dead 1 iy_dead 1 f_dead 1
                            250 ;	genIpush
   00CD D5            [11]  251 	push	de
                            252 ;	genMove_o size 2 result type 2 source type 1 a_dead 1 hl_dead 1 de_dead 0 iy_dead 1 f_dead 1
   00CE 21 00 00      [10]  253 	ld	hl, #0x0000
   00D1 E5            [11]  254 	push	hl
                            255 ;	genMove_o size 2 result type 2 source type 1 a_dead 1 hl_dead 1 de_dead 0 iy_dead 1 f_dead 1
   00D2 E5            [11]  256 	push	hl
                            257 ;	genIpush
                            258 ;	genMove_o size 2 result type 2 source type 1 a_dead 1 hl_dead 1 de_dead 0 iy_dead 1 f_dead 1
   00D3 E5            [11]  259 	push	hl
                            260 ;	genMove_o size 2 result type 2 source type 1 a_dead 1 hl_dead 1 de_dead 0 iy_dead 1 f_dead 1
   00D4 E5            [11]  261 	push	hl
                            262 ;	genIpush
                            263 ;	genMove_o size 2 result type 2 source type 1 a_dead 1 hl_dead 1 de_dead 0 iy_dead 1 f_dead 1
   00D5 E5            [11]  264 	push	hl
                            265 ;	genMove_o size 2 result type 2 source type 1 a_dead 1 hl_dead 1 de_dead 0 iy_dead 1 f_dead 1
   00D6 E5            [11]  266 	push	hl
                            267 ;	genSend
                            268 ;	genMove_o size 2 result type 2 source type 1 a_dead 1 hl_dead 1 de_dead 0 iy_dead 1 f_dead 1
   00D7 2E 03         [ 7]  269 	ld	l, #0x03
                            270 ;	genCall
   00D9 CDr00s00      [17]  271 	call	_f
                            272 ;	genMove_o size 2 result type 2 source type 2 a_dead 1 hl_dead 1 de_dead 1 iy_dead 1 f_dead 1
                            273 ;	genMove_o size 0 result type 2 source type 1 a_dead 1 hl_dead 1 de_dead 1 iy_dead 1 f_dead 1
                            274 ;	skipping iCode since result will be rematerialized
                            275 ;	skipping iCode since result will be rematerialized
                            276 ;	genIpush
                            277 ; common peephole 50a eliminated dead pop/push de pair.
                            278 ;	genIpush
                            279 ; common peephole 140c removed ex before push
   00DC D5            [11]  280 	push	de
                            281 ;	genIpush
                            282 ;	genMove_o size 2 result type 2 source type 1 a_dead 1 hl_dead 1 de_dead 1 iy_dead 1 f_dead 1
   00DD 21 00 40      [10]  283 	ld	hl, #0x4000
   00E0 E5            [11]  284 	push	hl
                            285 ;	genMove_o size 2 result type 2 source type 1 a_dead 1 hl_dead 1 de_dead 1 iy_dead 1 f_dead 1
   00E1 65            [ 4]  286 	ld	h, l
   00E2 E5            [11]  287 	push	hl
                            288 ;	genIpush
                            289 ;	genMove_o size 2 result type 2 source type 1 a_dead 1 hl_dead 1 de_dead 1 iy_dead 1 f_dead 1
   00E3 21 80 3F      [10]  290 	ld	hl, #0x3f80
   00E6 E5            [11]  291 	push	hl
                            292 ;	genMove_o size 2 result type 2 source type 1 a_dead 1 hl_dead 1 de_dead 1 iy_dead 1 f_dead 1
   00E7 21 00 00      [10]  293 	ld	hl, #0x0000
   00EA E5            [11]  294 	push	hl
                            295 ;	genSend
                            296 ;	genMove_o size 2 result type 2 source type 7 a_dead 1 hl_dead 1 de_dead 1 iy_dead 1 f_dead 1
   00EB 11rF5s00      [10]  297 	ld	de, #___str_3
                            298 ;	genSend
                            299 ;	genMove_o size 2 result type 2 source type 7 a_dead 1 hl_dead 1 de_dead 0 iy_dead 1 f_dead 1
   00EE 21rF5s00      [10]  300 	ld	hl, #___str_3
                            301 ;	genCall
   00F1 CDr09s00      [17]  302 	call	_g
                            303 ;cases/./../tests/gcc-torture-execute-921124-1.c:32: return;
                            304 ;	genRet
                            305 ;	genLabel
                            306 ; common peephole 159 removed unused label 00101$.
                            307 ;cases/./../tests/gcc-torture-execute-921124-1.c:34: }
                            308 ;	genEndFunction
   00F4 C9            [10]  309 	ret
                            310 ;	Total testTortureExecute function size at codegen: 1 bytes.
   00F5                     311 ___str_3:
   00F5 00                  312 	.db 0x00
                            313 ;cases/tst_gcc-torture-execute-921124-1.c:4: __runSuite(void)
                            314 ;	genLabel
                            315 ;	genFunction
                            316 ;	---------------------------------
                            317 ; Function __runSuite
                            318 ; ---------------------------------
                            319 ;	Register assignment is optimal.
                            320 ; Stack space usage: 0 bytes.
   00F6                     321 ___runSuite::
                            322 ;cases/tst_gcc-torture-execute-921124-1.c:6: __prints("Running testTortureExecute\n");
                            323 ;	skipping iCode since result will be rematerialized
                            324 ;	skipping iCode since result will be rematerialized
                            325 ;	genSend
                            326 ;	genMove_o size 2 result type 2 source type 7 a_dead 1 hl_dead 1 de_dead 1 iy_dead 1 f_dead 1
   00F6 21rFFs00      [10]  327 	ld	hl, #___str_4
                            328 ;	genCall
   00F9 CDr00s00      [17]  329 	call	___prints
                            330 ;cases/tst_gcc-torture-execute-921124-1.c:7: testTortureExecute();
                            331 ;	genCall
                            332 ;	genLabel
                            333 ; common peephole 159 removed unused label 00101$.
                            334 ;cases/tst_gcc-torture-execute-921124-1.c:8: }
                            335 ;	genEndFunction
   00FC C3rBFs00      [10]  336 	jp	_testTortureExecute
                            337 ; common peephole 152 removed unused ret.
                            338 ;	Total __runSuite function size at codegen: 1 bytes.
   00FF                     339 ___str_4:
   00FF 52 75 6E 6E 69 6E   340 	.ascii "Running testTortureExecute"
        67 20 74 65 73 74
        54 6F 72 74 75 72
        65 45 78 65 63 75
        74 65
   0119 0A                  341 	.db 0x0a
   011A 00                  342 	.db 0x00
                            343 ;cases/tst_gcc-torture-execute-921124-1.c:13: __getSuiteName(void)
                            344 ;	genLabel
                            345 ;	genFunction
                            346 ;	---------------------------------
                            347 ; Function __getSuiteName
                            348 ; ---------------------------------
                            349 ;	Register assignment is optimal.
                            350 ; Stack space usage: 0 bytes.
   011B                     351 ___getSuiteName::
                            352 ;cases/tst_gcc-torture-execute-921124-1.c:15: return "gcc-torture-execute-921124-1.c";
                            353 ;	skipping iCode since result will be rematerialized
                            354 ;	skipping iCode since result will be rematerialized
                            355 ;	genRet
                            356 ;	genMove_o size 2 result type 2 source type 7 a_dead 1 hl_dead 1 de_dead 1 iy_dead 1 f_dead 1
   011B 11r21s01      [10]  357 	ld	de, #___str_5
                            358 ;	genLabel
                            359 ; common peephole 159 removed unused label 00101$.
                            360 ;cases/tst_gcc-torture-execute-921124-1.c:16: }
                            361 ;	genEndFunction
   011E C9            [10]  362 	ret
                            363 ;	Total __getSuiteName function size at codegen: 1 bytes.
   011F                     364 ___numCases:
   011F 01 00               365 	.dw #0x0001
   0121                     366 ___str_5:
   0121 67 63 63 2D 74 6F   367 	.ascii "gcc-torture-execute-921124-1.c"
        72 74 75 72 65 2D
        65 78 65 63 75 74
        65 2D 39 32 31 31
        32 34 2D 31 2E 63
   013F 00                  368 	.db 0x00
                            369 	.area _CODE (BANK=_CSEG)
                            370 	.area _INITIALIZER
                            371 	.area _CABS (ABS)
