                              1 ;--------------------------------------------------------
                              2 ; File Created by SDCC : free open source ISO C Compiler
                              3 ; Version 4.6.2 #16710 (Linux)
                              4 ;--------------------------------------------------------
                              5 	.module tst_gcc_torture_execute_20080604_1
                              6 	
                              7 ;--------------------------------------------------------
                              8 ; Public variables in this module
                              9 ;--------------------------------------------------------
                             10 	.globl _testTortureExecute
                             11 	.globl _baz
                             12 	.globl _foo
                             13 	.globl ___prints
                             14 	.globl ___fail
                             15 	.globl _x
                             16 	.globl ___numCases
                             17 	.globl ___runSuite
                             18 	.globl ___getSuiteName
                             19 ;--------------------------------------------------------
                             20 ; special function registers
                             21 ;--------------------------------------------------------
                             22 ;--------------------------------------------------------
                             23 ; ram data
                             24 ;--------------------------------------------------------
                             25 	.area _DATA (BANK=_DSEG)
   0000                      26 _x::
   0000                      27 	.ds 2
                             28 ;--------------------------------------------------------
                             29 ; ram data
                             30 ;--------------------------------------------------------
                             31 	.area _INITIALIZED
                             32 ;--------------------------------------------------------
                             33 ; absolute ram data
                             34 ;--------------------------------------------------------
                             35 	.area _DABS (ABS)
                             36 	.area _DABS (ABS)
                             37 ;--------------------------------------------------------
                             38 ; global & static initialisations
                             39 ;--------------------------------------------------------
                             40 	.area _HOME
                             41 	.area _GSINIT
                             42 	.area _GSFINAL
                             43 	.area _GSINIT
                             44 ;--------------------------------------------------------
                             45 ; Home
                             46 ;--------------------------------------------------------
                             47 	.area _HOME (BANK=_CSEG)
                             48 	.area _HOME (BANK=_CSEG)
                             49 ;--------------------------------------------------------
                             50 ; code
                             51 ;--------------------------------------------------------
                             52 	.area _CODE (BANK=_CSEG)
                             53 ;cases/./../tests/gcc-torture-execute-20080604-1.c:14: foo(void)
                             54 ;	genLabel
                             55 ;	genFunction
                             56 ;	---------------------------------
                             57 ; Function foo
                             58 ; ---------------------------------
                             59 ;	Register assignment might be sub-optimal.
                             60 ; Stack space usage: 0 bytes.
   0000                      61 _foo::
                             62 ;cases/./../tests/gcc-torture-execute-20080604-1.c:16: if (!x.some_string)
                             63 ;	skipping iCode since result will be rematerialized
                             64 ;	genPointerGet
   0000 2Ar00s00      [16]   65 	ld	hl, (#_x + 0)
                             66 ;	genIfx
   0003 7C            [ 4]   67 	ld	a, h
   0004 B5            [ 4]   68 	or	a, l
   0005 C0            [11]   69 	ret	nz
                             70 ; common peephole 161 replaced jump by return.
                             71 ;cases/./../tests/gcc-torture-execute-20080604-1.c:17: ASSERT (0);
                             72 ;	genPlus
                             73 ;	genMove_o size 2 result type 2 source type 10 a_dead 1 hl_dead 1 de_dead 1 iy_dead 1 f_dead 1
   0006 2Ar00s00      [16]   74 	ld	hl, (___numTests)
   0009 23            [ 6]   75 	inc	hl
                             76 ;	genMove_o size 2 result type 10 source type 2 a_dead 1 hl_dead 1 de_dead 1 iy_dead 1 f_dead 1
   000A 22r00s00      [16]   77 	ld	(___numTests), hl
                             78 ;	skipping iCode since result will be rematerialized
                             79 ;	skipping iCode since result will be rematerialized
                             80 ;	skipping iCode since result will be rematerialized
                             81 ;	skipping iCode since result will be rematerialized
                             82 ;	skipping iCode since result will be rematerialized
                             83 ;	skipping iCode since result will be rematerialized
                             84 ;	genIpush
                             85 ;	genMove_o size 2 result type 2 source type 1 a_dead 1 hl_dead 1 de_dead 1 iy_dead 1 f_dead 1
   000D 21 11 00      [10]   86 	ld	hl, #0x0011
   0010 E5            [11]   87 	push	hl
                             88 ;	genIpush
                             89 ;	genMove_o size 2 result type 2 source type 7 a_dead 1 hl_dead 1 de_dead 1 iy_dead 1 f_dead 1
   0011 21r32s00      [10]   90 	ld	hl, #__str_2
   0014 E5            [11]   91 	push	hl
                             92 ;	genSend
                             93 ;	genMove_o size 2 result type 2 source type 7 a_dead 1 hl_dead 1 de_dead 1 iy_dead 1 f_dead 1
   0015 11r30s00      [10]   94 	ld	de, #__str_1
                             95 ;	genSend
                             96 ;	genMove_o size 2 result type 2 source type 7 a_dead 1 hl_dead 1 de_dead 0 iy_dead 1 f_dead 1
   0018 21r1Fs00      [10]   97 	ld	hl, #__str_0
                             98 ;	genCall
   001B CDr00s00      [17]   99 	call	___fail
                            100 ;	genLabel
                            101 ; common peephole 159 removed unused label 00103$.
                            102 ;cases/./../tests/gcc-torture-execute-20080604-1.c:18: }
                            103 ;	genEndFunction
   001E C9            [10]  104 	ret
                            105 ;	Total foo function size at codegen: 1 bytes.
   001F                     106 __str_0:
   001F 41 73 73 65 72 74   107 	.ascii "Assertion failed"
        69 6F 6E 20 66 61
        69 6C 65 64
   002F 00                  108 	.db 0x00
   0030                     109 __str_1:
   0030 30                  110 	.ascii "0"
   0031 00                  111 	.db 0x00
   0032                     112 __str_2:
   0032 63 61 73 65 73 2F   113 	.ascii "cases/./../tests/gcc-torture-execute-20080604-1.c"
        2E 2F 2E 2E 2F 74
        65 73 74 73 2F 67
        63 63 2D 74 6F 72
        74 75 72 65 2D 65
        78 65 63 75 74 65
        2D 32 30 30 38 30
        36 30 34 2D 31 2E
        63
   0063 00                  114 	.db 0x00
                            115 ;cases/./../tests/gcc-torture-execute-20080604-1.c:19: void baz(int b)
                            116 ;	genLabel
                            117 ;	genFunction
                            118 ;	---------------------------------
                            119 ; Function baz
                            120 ; ---------------------------------
                            121 ;	Register assignment might be sub-optimal.
                            122 ; Stack space usage: 2 bytes.
   0064                     123 _baz::
   0064 DD E5         [15]  124 	push	ix
   0066 DD 21 00 00   [14]  125 	ld	ix,	#0
   006A DD 39         [15]  126 	add	ix, sp
                            127 ;	adjustStack by -2
   006C F5            [11]  128 	push	af
                            129 ;	genReceive
                            130 ;	genMove_o size 2 result type 2 source type 2 a_dead 1 hl_dead 1 de_dead 1 iy_dead 1 f_dead 1
   006D 4D            [ 4]  131 	ld	c, l
                            132 ;	genMove_o size 0 result type 2 source type 1 a_dead 1 hl_dead 1 de_dead 1 iy_dead 1 f_dead 1
                            133 ;cases/./../tests/gcc-torture-execute-20080604-1.c:23: if (b)
                            134 ;	genIfx
                            135 ; common peephole 9 loaded a from h directly instead of going through b.
   006E 7C            [ 4]  136 	ld	a, h
   006F B1            [ 4]  137 	or	a, c
                            138 ; common peephole 163 changed absolute to relative conditional jump.
   0070 28 06         [12]  139 	jr	z, 00102$
                            140 ;cases/./../tests/gcc-torture-execute-20080604-1.c:24: barptr = &bar;
                            141 ;	genAddrOf
   0072 21 00 00      [10]  142 	ld	hl, #0
   0075 39            [11]  143 	add	hl, sp
                            144 ;	genCast
                            145 ;	(locations are the same)
                            146 ;	genGoto
                            147 ; common peephole 162 changed absolute to relative unconditional jump.
   0076 18 05         [12]  148 	jr	00103$
                            149 ;	genLabel
   0078                     150 00102$:
                            151 ;cases/./../tests/gcc-torture-execute-20080604-1.c:27: barptr = &x + 1;
                            152 ;	skipping iCode since result will be rematerialized
                            153 ;	skipping iCode since result will be rematerialized
                            154 ;cases/./../tests/gcc-torture-execute-20080604-1.c:28: barptr = barptr - 1;
                            155 ;	genMinus
                            156 ;fetchPairLong
   0078 21r02s00      [10]  157 	ld	hl, #(_x + 2)
   007B 2B            [ 6]  158 	dec	hl
   007C 2B            [ 6]  159 	dec	hl
                            160 ;	genLabel
   007D                     161 00103$:
                            162 ;cases/./../tests/gcc-torture-execute-20080604-1.c:30: barptr->some_string = "Everything OK";
                            163 ;	genCast
                            164 ;	(locations are the same)
                            165 ;	skipping iCode since result will be rematerialized
                            166 ;	skipping iCode since result will be rematerialized
                            167 ;	genPointerSet
   007D 36r92         [10]  168 	ld	(hl), #<(___str_3)
   007F 23            [ 6]  169 	inc	hl
   0080 36s00         [10]  170 	ld	(hl), #>(___str_3)
   0082 2B            [ 6]  171 	dec	hl
                            172 ;cases/./../tests/gcc-torture-execute-20080604-1.c:31: foo();
                            173 ;	genCall
   0083 E5            [11]  174 	push	hl
   0084 CDr00s00      [17]  175 	call	_foo
   0087 E1            [10]  176 	pop	hl
                            177 ;cases/./../tests/gcc-torture-execute-20080604-1.c:32: barptr->some_string = "Everything OK";
                            178 ;	genPointerSet
                            179 ;	genMove_o size 2 result type 2 source type 2 a_dead 1 hl_dead 1 de_dead 1 iy_dead 1 f_dead 1
   0088 36r92         [10]  180 	ld	(hl), #<(___str_3)
   008A 23            [ 6]  181 	inc	hl
   008B 36s00         [10]  182 	ld	(hl), #>(___str_3)
                            183 ;	genLabel
                            184 ; common peephole 159 removed unused label 00104$.
                            185 ;cases/./../tests/gcc-torture-execute-20080604-1.c:33: }
                            186 ;	genEndFunction
   008D DD F9         [10]  187 	ld	sp, ix
   008F DD E1         [14]  188 	pop	ix
   0091 C9            [10]  189 	ret
                            190 ;	Total baz function size at codegen: 5 bytes.
   0092                     191 ___str_3:
   0092 45 76 65 72 79 74   192 	.ascii "Everything OK"
        68 69 6E 67 20 4F
        4B
   009F 00                  193 	.db 0x00
                            194 ;cases/./../tests/gcc-torture-execute-20080604-1.c:36: testTortureExecute (void)
                            195 ;	genLabel
                            196 ;	genFunction
                            197 ;	---------------------------------
                            198 ; Function testTortureExecute
                            199 ; ---------------------------------
                            200 ;	Register assignment might be sub-optimal.
                            201 ; Stack space usage: 0 bytes.
   00A0                     202 _testTortureExecute::
                            203 ;cases/./../tests/gcc-torture-execute-20080604-1.c:38: x.some_string = (void *)0;
                            204 ;	skipping iCode since result will be rematerialized
                            205 ;	genPointerSet
                            206 ;fetchPairLong
   00A0 21 00 00      [10]  207 	ld	hl, #0x0000
   00A3 22r00s00      [16]  208 	ld	(_x), hl
                            209 ;cases/./../tests/gcc-torture-execute-20080604-1.c:39: baz(0);
                            210 ;	genSend
                            211 ;	genMove_o size 2 result type 2 source type 1 a_dead 1 hl_dead 1 de_dead 1 iy_dead 1 f_dead 1
                            212 ;	genCall
   00A6 CDr64s00      [17]  213 	call	_baz
                            214 ;cases/./../tests/gcc-torture-execute-20080604-1.c:40: if (!x.some_string)
                            215 ;	genPointerGet
   00A9 2Ar00s00      [16]  216 	ld	hl, (#_x + 0)
                            217 ;	genIfx
   00AC 7C            [ 4]  218 	ld	a, h
   00AD B5            [ 4]  219 	or	a, l
   00AE C0            [11]  220 	ret	nz
                            221 ; common peephole 161 replaced jump by return.
                            222 ;cases/./../tests/gcc-torture-execute-20080604-1.c:41: ASSERT (0);
                            223 ;	genPlus
                            224 ;	genMove_o size 2 result type 2 source type 10 a_dead 1 hl_dead 1 de_dead 1 iy_dead 1 f_dead 1
   00AF 2Ar00s00      [16]  225 	ld	hl, (___numTests)
   00B2 23            [ 6]  226 	inc	hl
                            227 ;	genMove_o size 2 result type 10 source type 2 a_dead 1 hl_dead 1 de_dead 1 iy_dead 1 f_dead 1
   00B3 22r00s00      [16]  228 	ld	(___numTests), hl
                            229 ;	skipping iCode since result will be rematerialized
                            230 ;	skipping iCode since result will be rematerialized
                            231 ;	skipping iCode since result will be rematerialized
                            232 ;	skipping iCode since result will be rematerialized
                            233 ;	skipping iCode since result will be rematerialized
                            234 ;	skipping iCode since result will be rematerialized
                            235 ;	genIpush
                            236 ;	genMove_o size 2 result type 2 source type 1 a_dead 1 hl_dead 1 de_dead 1 iy_dead 1 f_dead 1
   00B6 21 29 00      [10]  237 	ld	hl, #0x0029
   00B9 E5            [11]  238 	push	hl
                            239 ;	genIpush
                            240 ;	genMove_o size 2 result type 2 source type 7 a_dead 1 hl_dead 1 de_dead 1 iy_dead 1 f_dead 1
   00BA 21rDBs00      [10]  241 	ld	hl, #__str_6
   00BD E5            [11]  242 	push	hl
                            243 ;	genSend
                            244 ;	genMove_o size 2 result type 2 source type 7 a_dead 1 hl_dead 1 de_dead 1 iy_dead 1 f_dead 1
   00BE 11rD9s00      [10]  245 	ld	de, #__str_5
                            246 ;	genSend
                            247 ;	genMove_o size 2 result type 2 source type 7 a_dead 1 hl_dead 1 de_dead 0 iy_dead 1 f_dead 1
   00C1 21rC8s00      [10]  248 	ld	hl, #__str_4
                            249 ;	genCall
   00C4 CDr00s00      [17]  250 	call	___fail
                            251 ;	genLabel
                            252 ; common peephole 159 removed unused label 00102$.
                            253 ;cases/./../tests/gcc-torture-execute-20080604-1.c:42: return;
                            254 ;	genRet
                            255 ;	genLabel
                            256 ; common peephole 159 removed unused label 00103$.
                            257 ;cases/./../tests/gcc-torture-execute-20080604-1.c:43: }
                            258 ;	genEndFunction
   00C7 C9            [10]  259 	ret
                            260 ;	Total testTortureExecute function size at codegen: 1 bytes.
   00C8                     261 __str_4:
   00C8 41 73 73 65 72 74   262 	.ascii "Assertion failed"
        69 6F 6E 20 66 61
        69 6C 65 64
   00D8 00                  263 	.db 0x00
   00D9                     264 __str_5:
   00D9 30                  265 	.ascii "0"
   00DA 00                  266 	.db 0x00
   00DB                     267 __str_6:
   00DB 63 61 73 65 73 2F   268 	.ascii "cases/./../tests/gcc-torture-execute-20080604-1.c"
        2E 2F 2E 2E 2F 74
        65 73 74 73 2F 67
        63 63 2D 74 6F 72
        74 75 72 65 2D 65
        78 65 63 75 74 65
        2D 32 30 30 38 30
        36 30 34 2D 31 2E
        63
   010C 00                  269 	.db 0x00
                            270 ;cases/tst_gcc-torture-execute-20080604-1.c:4: __runSuite(void)
                            271 ;	genLabel
                            272 ;	genFunction
                            273 ;	---------------------------------
                            274 ; Function __runSuite
                            275 ; ---------------------------------
                            276 ;	Register assignment is optimal.
                            277 ; Stack space usage: 0 bytes.
   010D                     278 ___runSuite::
                            279 ;cases/tst_gcc-torture-execute-20080604-1.c:6: __prints("Running testTortureExecute\n");
                            280 ;	skipping iCode since result will be rematerialized
                            281 ;	skipping iCode since result will be rematerialized
                            282 ;	genSend
                            283 ;	genMove_o size 2 result type 2 source type 7 a_dead 1 hl_dead 1 de_dead 1 iy_dead 1 f_dead 1
   010D 21r16s01      [10]  284 	ld	hl, #___str_7
                            285 ;	genCall
   0110 CDr00s00      [17]  286 	call	___prints
                            287 ;cases/tst_gcc-torture-execute-20080604-1.c:7: testTortureExecute();
                            288 ;	genCall
                            289 ;	genLabel
                            290 ; common peephole 159 removed unused label 00101$.
                            291 ;cases/tst_gcc-torture-execute-20080604-1.c:8: }
                            292 ;	genEndFunction
   0113 C3rA0s00      [10]  293 	jp	_testTortureExecute
                            294 ; common peephole 152 removed unused ret.
                            295 ;	Total __runSuite function size at codegen: 1 bytes.
   0116                     296 ___str_7:
   0116 52 75 6E 6E 69 6E   297 	.ascii "Running testTortureExecute"
        67 20 74 65 73 74
        54 6F 72 74 75 72
        65 45 78 65 63 75
        74 65
   0130 0A                  298 	.db 0x0a
   0131 00                  299 	.db 0x00
                            300 ;cases/tst_gcc-torture-execute-20080604-1.c:13: __getSuiteName(void)
                            301 ;	genLabel
                            302 ;	genFunction
                            303 ;	---------------------------------
                            304 ; Function __getSuiteName
                            305 ; ---------------------------------
                            306 ;	Register assignment is optimal.
                            307 ; Stack space usage: 0 bytes.
   0132                     308 ___getSuiteName::
                            309 ;cases/tst_gcc-torture-execute-20080604-1.c:15: return "gcc-torture-execute-20080604-1.c";
                            310 ;	skipping iCode since result will be rematerialized
                            311 ;	skipping iCode since result will be rematerialized
                            312 ;	genRet
                            313 ;	genMove_o size 2 result type 2 source type 7 a_dead 1 hl_dead 1 de_dead 1 iy_dead 1 f_dead 1
   0132 11r38s01      [10]  314 	ld	de, #___str_8
                            315 ;	genLabel
                            316 ; common peephole 159 removed unused label 00101$.
                            317 ;cases/tst_gcc-torture-execute-20080604-1.c:16: }
                            318 ;	genEndFunction
   0135 C9            [10]  319 	ret
                            320 ;	Total __getSuiteName function size at codegen: 1 bytes.
   0136                     321 ___numCases:
   0136 01 00               322 	.dw #0x0001
   0138                     323 ___str_8:
   0138 67 63 63 2D 74 6F   324 	.ascii "gcc-torture-execute-20080604-1.c"
        72 74 75 72 65 2D
        65 78 65 63 75 74
        65 2D 32 30 30 38
        30 36 30 34 2D 31
        2E 63
   0158 00                  325 	.db 0x00
                            326 	.area _CODE (BANK=_CSEG)
                            327 	.area _INITIALIZER
                            328 	.area _CABS (ABS)
