                              1 ;--------------------------------------------------------
                              2 ; File Created by SDCC : free open source ISO C Compiler
                              3 ; Version 4.6.2 #16710 (Linux)
                              4 ;--------------------------------------------------------
                              5 	.module tst_gcc_torture_execute_990804_1
                              6 	
                              7 ;--------------------------------------------------------
                              8 ; Public variables in this module
                              9 ;--------------------------------------------------------
                             10 	.globl _testTortureExecute
                             11 	.globl _gfbyte
                             12 	.globl ___prints
                             13 	.globl ___fail
                             14 	.globl ___numCases
                             15 	.globl ___runSuite
                             16 	.globl ___getSuiteName
                             17 ;--------------------------------------------------------
                             18 ; special function registers
                             19 ;--------------------------------------------------------
                             20 ;--------------------------------------------------------
                             21 ; ram data
                             22 ;--------------------------------------------------------
                             23 	.area _DATA (BANK=_DSEG)
                             24 ;--------------------------------------------------------
                             25 ; ram data
                             26 ;--------------------------------------------------------
                             27 	.area _INITIALIZED
                             28 ;--------------------------------------------------------
                             29 ; absolute ram data
                             30 ;--------------------------------------------------------
                             31 	.area _DABS (ABS)
                             32 	.area _DABS (ABS)
                             33 ;--------------------------------------------------------
                             34 ; global & static initialisations
                             35 ;--------------------------------------------------------
                             36 	.area _HOME
                             37 	.area _GSINIT
                             38 	.area _GSFINAL
                             39 	.area _GSINIT
                             40 ;--------------------------------------------------------
                             41 ; Home
                             42 ;--------------------------------------------------------
                             43 	.area _HOME (BANK=_CSEG)
                             44 	.area _HOME (BANK=_CSEG)
                             45 ;--------------------------------------------------------
                             46 ; code
                             47 ;--------------------------------------------------------
                             48 	.area _CODE (BANK=_CSEG)
                             49 ;cases/./../tests/gcc-torture-execute-990804-1.c:11: int gfbyte ( void ) 
                             50 ;	genLabel
                             51 ;	genFunction
                             52 ;	---------------------------------
                             53 ; Function gfbyte
                             54 ; ---------------------------------
                             55 ;	Register assignment is optimal.
                             56 ; Stack space usage: 0 bytes.
   0000                      57 _gfbyte::
                             58 ;cases/./../tests/gcc-torture-execute-990804-1.c:13: return 0;
                             59 ;	genRet
                             60 ;	genMove_o size 2 result type 2 source type 1 a_dead 1 hl_dead 1 de_dead 1 iy_dead 1 f_dead 1
   0000 11 00 00      [10]   61 	ld	de, #0x0000
                             62 ;	genLabel
                             63 ; common peephole 159 removed unused label 00101$.
                             64 ;cases/./../tests/gcc-torture-execute-990804-1.c:14: } 
                             65 ;	genEndFunction
   0003 C9            [10]   66 	ret
                             67 ;	Total gfbyte function size at codegen: 1 bytes.
                             68 ;cases/./../tests/gcc-torture-execute-990804-1.c:17: testTortureExecute (void)
                             69 ;	genLabel
                             70 ;	genFunction
                             71 ;	---------------------------------
                             72 ; Function testTortureExecute
                             73 ; ---------------------------------
                             74 ;	Register assignment might be sub-optimal.
                             75 ; Stack space usage: 0 bytes.
   0004                      76 _testTortureExecute::
                             77 ;cases/./../tests/gcc-torture-execute-990804-1.c:21: i = gfbyte();
                             78 ;	genCall
   0004 CDr00s00      [17]   79 	call	_gfbyte
                             80 ;	genMove_o size 2 result type 2 source type 2 a_dead 1 hl_dead 1 de_dead 1 iy_dead 1 f_dead 1
   0007 4B            [ 4]   81 	ld	c, e
   0008 42            [ 4]   82 	ld	b, d
                             83 ;	genMove_o size 0 result type 2 source type 1 a_dead 1 hl_dead 1 de_dead 1 iy_dead 1 f_dead 1
                             84 ;cases/./../tests/gcc-torture-execute-990804-1.c:23: i = i + 1 ;
                             85 ;	genPlus
   0009 03            [ 6]   86 	inc	bc
                             87 ;cases/./../tests/gcc-torture-execute-990804-1.c:30: if (i != 1)
                             88 ;	genCmpEq
                             89 ;	genMove_o size 1 result type 2 source type 2 a_dead 1 hl_dead 1 de_dead 0 iy_dead 0 f_dead 1
   000A 79            [ 4]   90 	ld	a, c
                             91 ;	genMove_o size 0 result type 2 source type 1 a_dead 1 hl_dead 1 de_dead 0 iy_dead 0 f_dead 1
   000B 3D            [ 4]   92 	dec	a
   000C B0            [ 4]   93 	or	a, b
                             94 ; common peephole 163 changed absolute to relative conditional jump.
   000D 28 1A         [12]   95 	jr	z, 00105$
                             96 ; common peephole 81 removed jp by using inverse jump logic
                             97 ; common peephole 159 removed unused label 00137$.
                             98 ;	skipping generated iCode
                             99 ;cases/./../tests/gcc-torture-execute-990804-1.c:31: ASSERT (0);
                            100 ;	genPlus
                            101 ;	genMove_o size 2 result type 2 source type 10 a_dead 1 hl_dead 1 de_dead 1 iy_dead 1 f_dead 1
   000F 2Ar00s00      [16]  102 	ld	hl, (___numTests)
   0012 23            [ 6]  103 	inc	hl
                            104 ;	genMove_o size 2 result type 10 source type 2 a_dead 1 hl_dead 1 de_dead 1 iy_dead 1 f_dead 1
   0013 22r00s00      [16]  105 	ld	(___numTests), hl
                            106 ;	skipping iCode since result will be rematerialized
                            107 ;	skipping iCode since result will be rematerialized
                            108 ;	skipping iCode since result will be rematerialized
                            109 ;	skipping iCode since result will be rematerialized
                            110 ;	skipping iCode since result will be rematerialized
                            111 ;	skipping iCode since result will be rematerialized
                            112 ;	genIpush
   0016 C5            [11]  113 	push	bc
                            114 ;	genMove_o size 2 result type 2 source type 1 a_dead 1 hl_dead 1 de_dead 1 iy_dead 1 f_dead 1
   0017 21 1F 00      [10]  115 	ld	hl, #0x001f
   001A E5            [11]  116 	push	hl
                            117 ;	genIpush
                            118 ;	genMove_o size 2 result type 2 source type 7 a_dead 1 hl_dead 1 de_dead 1 iy_dead 1 f_dead 1
   001B 21r59s00      [10]  119 	ld	hl, #__str_2
   001E E5            [11]  120 	push	hl
                            121 ;	genSend
                            122 ;	genMove_o size 2 result type 2 source type 7 a_dead 1 hl_dead 1 de_dead 1 iy_dead 1 f_dead 1
   001F 11r57s00      [10]  123 	ld	de, #__str_1
                            124 ;	genSend
                            125 ;	genMove_o size 2 result type 2 source type 7 a_dead 1 hl_dead 1 de_dead 0 iy_dead 1 f_dead 1
   0022 21r46s00      [10]  126 	ld	hl, #__str_0
                            127 ;	genCall
   0025 CDr00s00      [17]  128 	call	___fail
   0028 C1            [10]  129 	pop	bc
                            130 ;	genLabel
   0029                     131 00105$:
                            132 ;cases/./../tests/gcc-torture-execute-990804-1.c:34: if ( k <= i)
                            133 ;	genCmpGt
   0029 79            [ 4]  134 	ld	a, c
   002A D6 01         [ 7]  135 	sub	a, #0x01
   002C 78            [ 4]  136 	ld	a, b
   002D 17            [ 4]  137 	rla
   002E 3F            [ 4]  138 	ccf
   002F 1F            [ 4]  139 	rra
   0030 DE 80         [ 7]  140 	sbc	a, #0x80
   0032 D8            [11]  141 	ret	c
                            142 ; common peephole 161 replaced jump by return.
                            143 ;	skipping generated iCode
                            144 ;cases/./../tests/gcc-torture-execute-990804-1.c:35: do 
                            145 ;	genAssign
                            146 ;	genMove_o size 2 result type 2 source type 1 a_dead 1 hl_dead 1 de_dead 1 iy_dead 1 f_dead 1
   0033 11 01 00      [10]  147 	ld	de, #0x0001
                            148 ;	genLabel
   0036                     149 00106$:
                            150 ;cases/./../tests/gcc-torture-execute-990804-1.c:37: while ( k++ < i ) ;
                            151 ;	genAssign
                            152 ;	genMove_o size 2 result type 2 source type 2 a_dead 1 hl_dead 1 de_dead 0 iy_dead 1 f_dead 1
   0036 6B            [ 4]  153 	ld	l, e
   0037 62            [ 4]  154 	ld	h, d
                            155 ;	genMove_o size 0 result type 2 source type 1 a_dead 1 hl_dead 1 de_dead 0 iy_dead 1 f_dead 1
                            156 ;	genPlus
   0038 13            [ 6]  157 	inc	de
                            158 ;	genCmpLt
   0039 7D            [ 4]  159 	ld	a, l
   003A 91            [ 4]  160 	sub	a, c
   003B 7C            [ 4]  161 	ld	a, h
   003C 98            [ 4]  162 	sbc	a, b
   003D E2r42s00      [10]  163 	jp	po, 00138$
   0040 EE 80         [ 7]  164 	xor	a, #0x80
   0042                     165 00138$:
   0042 FAr36s00      [10]  166 	jp	m, 00106$
                            167 ;	skipping generated iCode
                            168 ;	genLabel
                            169 ; common peephole 159 removed unused label 00110$.
                            170 ;cases/./../tests/gcc-torture-execute-990804-1.c:39: return;
                            171 ;	genRet
                            172 ;	genLabel
                            173 ; common peephole 159 removed unused label 00111$.
                            174 ;cases/./../tests/gcc-torture-execute-990804-1.c:40: } 
                            175 ;	genEndFunction
   0045 C9            [10]  176 	ret
                            177 ;	Total testTortureExecute function size at codegen: 1 bytes.
   0046                     178 __str_0:
   0046 41 73 73 65 72 74   179 	.ascii "Assertion failed"
        69 6F 6E 20 66 61
        69 6C 65 64
   0056 00                  180 	.db 0x00
   0057                     181 __str_1:
   0057 30                  182 	.ascii "0"
   0058 00                  183 	.db 0x00
   0059                     184 __str_2:
   0059 63 61 73 65 73 2F   185 	.ascii "cases/./../tests/gcc-torture-execute-990804-1.c"
        2E 2F 2E 2E 2F 74
        65 73 74 73 2F 67
        63 63 2D 74 6F 72
        74 75 72 65 2D 65
        78 65 63 75 74 65
        2D 39 39 30 38 30
        34 2D 31 2E 63
   0088 00                  186 	.db 0x00
                            187 ;cases/tst_gcc-torture-execute-990804-1.c:4: __runSuite(void)
                            188 ;	genLabel
                            189 ;	genFunction
                            190 ;	---------------------------------
                            191 ; Function __runSuite
                            192 ; ---------------------------------
                            193 ;	Register assignment is optimal.
                            194 ; Stack space usage: 0 bytes.
   0089                     195 ___runSuite::
                            196 ;cases/tst_gcc-torture-execute-990804-1.c:6: __prints("Running testTortureExecute\n");
                            197 ;	skipping iCode since result will be rematerialized
                            198 ;	skipping iCode since result will be rematerialized
                            199 ;	genSend
                            200 ;	genMove_o size 2 result type 2 source type 7 a_dead 1 hl_dead 1 de_dead 1 iy_dead 1 f_dead 1
   0089 21r92s00      [10]  201 	ld	hl, #___str_3
                            202 ;	genCall
   008C CDr00s00      [17]  203 	call	___prints
                            204 ;cases/tst_gcc-torture-execute-990804-1.c:7: testTortureExecute();
                            205 ;	genCall
                            206 ;	genLabel
                            207 ; common peephole 159 removed unused label 00101$.
                            208 ;cases/tst_gcc-torture-execute-990804-1.c:8: }
                            209 ;	genEndFunction
   008F C3r04s00      [10]  210 	jp	_testTortureExecute
                            211 ; common peephole 152 removed unused ret.
                            212 ;	Total __runSuite function size at codegen: 1 bytes.
   0092                     213 ___str_3:
   0092 52 75 6E 6E 69 6E   214 	.ascii "Running testTortureExecute"
        67 20 74 65 73 74
        54 6F 72 74 75 72
        65 45 78 65 63 75
        74 65
   00AC 0A                  215 	.db 0x0a
   00AD 00                  216 	.db 0x00
                            217 ;cases/tst_gcc-torture-execute-990804-1.c:13: __getSuiteName(void)
                            218 ;	genLabel
                            219 ;	genFunction
                            220 ;	---------------------------------
                            221 ; Function __getSuiteName
                            222 ; ---------------------------------
                            223 ;	Register assignment is optimal.
                            224 ; Stack space usage: 0 bytes.
   00AE                     225 ___getSuiteName::
                            226 ;cases/tst_gcc-torture-execute-990804-1.c:15: return "gcc-torture-execute-990804-1.c";
                            227 ;	skipping iCode since result will be rematerialized
                            228 ;	skipping iCode since result will be rematerialized
                            229 ;	genRet
                            230 ;	genMove_o size 2 result type 2 source type 7 a_dead 1 hl_dead 1 de_dead 1 iy_dead 1 f_dead 1
   00AE 11rB4s00      [10]  231 	ld	de, #___str_4
                            232 ;	genLabel
                            233 ; common peephole 159 removed unused label 00101$.
                            234 ;cases/tst_gcc-torture-execute-990804-1.c:16: }
                            235 ;	genEndFunction
   00B1 C9            [10]  236 	ret
                            237 ;	Total __getSuiteName function size at codegen: 1 bytes.
   00B2                     238 ___numCases:
   00B2 01 00               239 	.dw #0x0001
   00B4                     240 ___str_4:
   00B4 67 63 63 2D 74 6F   241 	.ascii "gcc-torture-execute-990804-1.c"
        72 74 75 72 65 2D
        65 78 65 63 75 74
        65 2D 39 39 30 38
        30 34 2D 31 2E 63
   00D2 00                  242 	.db 0x00
                            243 	.area _CODE (BANK=_CSEG)
                            244 	.area _INITIALIZER
                            245 	.area _CABS (ABS)
