                              1 ;--------------------------------------------------------
                              2 ; File Created by SDCC : free open source ISO C Compiler
                              3 ; Version 4.6.2 #16710 (Linux)
                              4 ;--------------------------------------------------------
                              5 	.module tst_gcc_torture_execute_stdarg_2
                              6 	
                              7 ;--------------------------------------------------------
                              8 ; Public variables in this module
                              9 ;--------------------------------------------------------
                             10 	.globl _testTortureExecute
                             11 	.globl ___prints
                             12 	.globl _gap
                             13 	.globl _d
                             14 	.globl _x
                             15 	.globl _bar_arg
                             16 	.globl _foo_arg
                             17 	.globl ___numCases
                             18 	.globl ___runSuite
                             19 	.globl ___getSuiteName
                             20 ;--------------------------------------------------------
                             21 ; special function registers
                             22 ;--------------------------------------------------------
                             23 ;--------------------------------------------------------
                             24 ; ram data
                             25 ;--------------------------------------------------------
                             26 	.area _DATA (BANK=_DSEG)
   0000                      27 _foo_arg::
   0000                      28 	.ds 2
   0002                      29 _bar_arg::
   0002                      30 	.ds 2
   0004                      31 _x::
   0004                      32 	.ds 4
   0008                      33 _d::
   0008                      34 	.ds 4
   000C                      35 _gap::
   000C                      36 	.ds 2
                             37 ;--------------------------------------------------------
                             38 ; ram data
                             39 ;--------------------------------------------------------
                             40 	.area _INITIALIZED
                             41 ;--------------------------------------------------------
                             42 ; absolute ram data
                             43 ;--------------------------------------------------------
                             44 	.area _DABS (ABS)
                             45 	.area _DABS (ABS)
                             46 ;--------------------------------------------------------
                             47 ; global & static initialisations
                             48 ;--------------------------------------------------------
                             49 	.area _HOME
                             50 	.area _GSINIT
                             51 	.area _GSFINAL
                             52 	.area _GSINIT
                             53 ;--------------------------------------------------------
                             54 ; Home
                             55 ;--------------------------------------------------------
                             56 	.area _HOME (BANK=_CSEG)
                             57 	.area _HOME (BANK=_CSEG)
                             58 ;--------------------------------------------------------
                             59 ; code
                             60 ;--------------------------------------------------------
                             61 	.area _CODE (BANK=_CSEG)
                             62 ;cases/./../tests/gcc-torture-execute-stdarg-2.c:148: testTortureExecute (void)
                             63 ;	genLabel
                             64 ;	genFunction
                             65 ;	---------------------------------
                             66 ; Function testTortureExecute
                             67 ; ---------------------------------
                             68 ;	Register assignment is optimal.
                             69 ; Stack space usage: 0 bytes.
   0000                      70 _testTortureExecute::
                             71 ;cases/./../tests/gcc-torture-execute-stdarg-2.c:185: return;
                             72 ;	genRet
                             73 ;	genLabel
                             74 ; common peephole 159 removed unused label 00101$.
                             75 ;cases/./../tests/gcc-torture-execute-stdarg-2.c:186: }
                             76 ;	genEndFunction
   0000 C9            [10]   77 	ret
                             78 ;	Total testTortureExecute function size at codegen: 1 bytes.
                             79 ;cases/tst_gcc-torture-execute-stdarg-2.c:4: __runSuite(void)
                             80 ;	genLabel
                             81 ;	genFunction
                             82 ;	---------------------------------
                             83 ; Function __runSuite
                             84 ; ---------------------------------
                             85 ;	Register assignment is optimal.
                             86 ; Stack space usage: 0 bytes.
   0001                      87 ___runSuite::
                             88 ;cases/tst_gcc-torture-execute-stdarg-2.c:6: __prints("Running testTortureExecute\n");
                             89 ;	skipping iCode since result will be rematerialized
                             90 ;	skipping iCode since result will be rematerialized
                             91 ;	genSend
                             92 ;	genMove_o size 2 result type 2 source type 7 a_dead 1 hl_dead 1 de_dead 1 iy_dead 1 f_dead 1
   0001 21r07s00      [10]   93 	ld	hl, #___str_0
                             94 ;	genCall
                             95 ;cases/tst_gcc-torture-execute-stdarg-2.c:7: testTortureExecute();
                             96 ;	genLabel
                             97 ; common peephole 159 removed unused label 00101$.
                             98 ;cases/tst_gcc-torture-execute-stdarg-2.c:8: }
                             99 ;	genEndFunction
   0004 C3r00s00      [10]  100 	jp	___prints
                            101 ; common peephole 152 removed unused ret.
                            102 ;	Total __runSuite function size at codegen: 1 bytes.
   0007                     103 ___str_0:
   0007 52 75 6E 6E 69 6E   104 	.ascii "Running testTortureExecute"
        67 20 74 65 73 74
        54 6F 72 74 75 72
        65 45 78 65 63 75
        74 65
   0021 0A                  105 	.db 0x0a
   0022 00                  106 	.db 0x00
                            107 ;cases/tst_gcc-torture-execute-stdarg-2.c:13: __getSuiteName(void)
                            108 ;	genLabel
                            109 ;	genFunction
                            110 ;	---------------------------------
                            111 ; Function __getSuiteName
                            112 ; ---------------------------------
                            113 ;	Register assignment is optimal.
                            114 ; Stack space usage: 0 bytes.
   0023                     115 ___getSuiteName::
                            116 ;cases/tst_gcc-torture-execute-stdarg-2.c:15: return "gcc-torture-execute-stdarg-2.c";
                            117 ;	skipping iCode since result will be rematerialized
                            118 ;	skipping iCode since result will be rematerialized
                            119 ;	genRet
                            120 ;	genMove_o size 2 result type 2 source type 7 a_dead 1 hl_dead 1 de_dead 1 iy_dead 1 f_dead 1
   0023 11r29s00      [10]  121 	ld	de, #___str_1
                            122 ;	genLabel
                            123 ; common peephole 159 removed unused label 00101$.
                            124 ;cases/tst_gcc-torture-execute-stdarg-2.c:16: }
                            125 ;	genEndFunction
   0026 C9            [10]  126 	ret
                            127 ;	Total __getSuiteName function size at codegen: 1 bytes.
   0027                     128 ___numCases:
   0027 01 00               129 	.dw #0x0001
   0029                     130 ___str_1:
   0029 67 63 63 2D 74 6F   131 	.ascii "gcc-torture-execute-stdarg-2.c"
        72 74 75 72 65 2D
        65 78 65 63 75 74
        65 2D 73 74 64 61
        72 67 2D 32 2E 63
   0047 00                  132 	.db 0x00
                            133 	.area _CODE (BANK=_CSEG)
                            134 	.area _INITIALIZER
                            135 	.area _CABS (ABS)
