                              1 ;--------------------------------------------------------
                              2 ; File Created by SDCC : free open source ISO C Compiler
                              3 ; Version 4.6.2 #16710 (Linux)
                              4 ;--------------------------------------------------------
                              5 	.module tst_gcc_torture_execute_strct_varg_1
                              6 	
                              7 ;--------------------------------------------------------
                              8 ; Public variables in this module
                              9 ;--------------------------------------------------------
                             10 	.globl _testTortureExecute
                             11 	.globl _f
                             12 	.globl ___prints
                             13 	.globl ___fail
                             14 	.globl ___numCases
                             15 	.globl ___runSuite
                             16 	.globl ___getSuiteName
                             17 ;--------------------------------------------------------
                             18 ; special function registers
                             19 ;--------------------------------------------------------
                             20 ;--------------------------------------------------------
                             21 ; ram data
                             22 ;--------------------------------------------------------
                             23 	.area _DATA (BANK=_DSEG)
                             24 ;--------------------------------------------------------
                             25 ; ram data
                             26 ;--------------------------------------------------------
                             27 	.area _INITIALIZED
                             28 ;--------------------------------------------------------
                             29 ; absolute ram data
                             30 ;--------------------------------------------------------
                             31 	.area _DABS (ABS)
                             32 	.area _DABS (ABS)
                             33 ;--------------------------------------------------------
                             34 ; global & static initialisations
                             35 ;--------------------------------------------------------
                             36 	.area _HOME
                             37 	.area _GSINIT
                             38 	.area _GSFINAL
                             39 	.area _GSINIT
                             40 ;--------------------------------------------------------
                             41 ; Home
                             42 ;--------------------------------------------------------
                             43 	.area _HOME (BANK=_CSEG)
                             44 	.area _HOME (BANK=_CSEG)
                             45 ;--------------------------------------------------------
                             46 ; code
                             47 ;--------------------------------------------------------
                             48 	.area _CODE (BANK=_CSEG)
                             49 ;cases/./../tests/gcc-torture-execute-strct-varg-1.c:12: f (int attr, ...)
                             50 ;	genLabel
                             51 ;	genFunction
                             52 ;	---------------------------------
                             53 ; Function f
                             54 ; ---------------------------------
                             55 ;	Register assignment might be sub-optimal.
                             56 ; Stack space usage: 4 bytes.
   0000                      57 _f::
   0000 DD E5         [15]   58 	push	ix
   0002 DD 21 00 00   [14]   59 	ld	ix,	#0
   0006 DD 39         [15]   60 	add	ix, sp
                             61 ;	adjustStack by -4
   0008 F5            [11]   62 	push	af
   0009 F5            [11]   63 	push	af
                             64 ;cases/./../tests/gcc-torture-execute-strct-varg-1.c:17: va_start (va, attr);
                             65 ;	skipping iCode since result will be rematerialized
                             66 ;	skipping iCode since result will be rematerialized
                             67 ;cases/./../tests/gcc-torture-execute-strct-varg-1.c:19: ASSERT(attr == 2);
                             68 ;	genPlus
                             69 ;	genMove_o size 2 result type 2 source type 10 a_dead 1 hl_dead 1 de_dead 1 iy_dead 1 f_dead 1
   000A 2Ar00s00      [16]   70 	ld	hl, (___numTests)
   000D 23            [ 6]   71 	inc	hl
                             72 ;	genMove_o size 2 result type 10 source type 2 a_dead 1 hl_dead 1 de_dead 1 iy_dead 1 f_dead 1
   000E 22r00s00      [16]   73 	ld	(___numTests), hl
                             74 ;	genCmpEq
                             75 ;	genMove_o size 1 result type 2 source type 6 a_dead 1 hl_dead 1 de_dead 0 iy_dead 0 f_dead 1
   0011 DD 7E 04      [19]   76 	ld	a, 4 (ix)
                             77 ;	genMove_o size 0 result type 2 source type 1 a_dead 1 hl_dead 1 de_dead 0 iy_dead 0 f_dead 1
   0014 D6 02         [ 7]   78 	sub	a, #0x02
   0016 DD B6 05      [19]   79 	or	a, 5 (ix)
                             80 ; common peephole 163 changed absolute to relative conditional jump.
   0019 28 11         [12]   81 	jr	z, 00107$
                             82 ; common peephole 81 removed jp by using inverse jump logic
                             83 ; common peephole 159 removed unused label 00158$.
                             84 ;	skipping generated iCode
                             85 ;	skipping iCode since result will be rematerialized
                             86 ;	skipping iCode since result will be rematerialized
                             87 ;	skipping iCode since result will be rematerialized
                             88 ;	skipping iCode since result will be rematerialized
                             89 ;	skipping iCode since result will be rematerialized
                             90 ;	skipping iCode since result will be rematerialized
                             91 ;	genIpush
                             92 ;	genMove_o size 2 result type 2 source type 1 a_dead 1 hl_dead 1 de_dead 1 iy_dead 1 f_dead 1
   001B 21 13 00      [10]   93 	ld	hl, #0x0013
   001E E5            [11]   94 	push	hl
                             95 ;	genIpush
                             96 ;	genMove_o size 2 result type 2 source type 7 a_dead 1 hl_dead 1 de_dead 1 iy_dead 1 f_dead 1
   001F 21rE5s00      [10]   97 	ld	hl, #___str_2
   0022 E5            [11]   98 	push	hl
                             99 ;	genSend
                            100 ;	genMove_o size 2 result type 2 source type 7 a_dead 1 hl_dead 1 de_dead 1 iy_dead 1 f_dead 1
   0023 11rDBs00      [10]  101 	ld	de, #___str_1
                            102 ;	genSend
                            103 ;	genMove_o size 2 result type 2 source type 7 a_dead 1 hl_dead 1 de_dead 0 iy_dead 1 f_dead 1
   0026 21rCAs00      [10]  104 	ld	hl, #___str_0
                            105 ;	genCall
   0029 CDr00s00      [17]  106 	call	___fail
                            107 ;	genLabel
   002C                     108 00107$:
                            109 ;cases/./../tests/gcc-torture-execute-strct-varg-1.c:21: va_values = va_arg (va, struct s);
                            110 ;	skipping iCode since result will be rematerialized
                            111 ;	skipping iCode since result will be rematerialized
                            112 ;	skipping iCode since result will be rematerialized
                            113 ;	skipping iCode since result will be rematerialized
                            114 ;	skipping iCode since result will be rematerialized
                            115 ;	skipping iCode since result will be rematerialized
                            116 ;	genBuiltIn
                            117 ;	genMove_o size 2 result type 2 source type 8 a_dead 1 hl_dead 1 de_dead 1 iy_dead 1 f_dead 1
   002C 21 00 00      [10]  118 	ld	hl, #0
   002F 39            [11]  119 	add	hl, sp
   0030 EB            [ 4]  120 	ex	de, hl
                            121 ;	genMove_o size 2 result type 2 source type 8 a_dead 1 hl_dead 1 de_dead 0 iy_dead 1 f_dead 1
   0031 21 0A 00      [10]  122 	ld	hl, #10
   0034 39            [11]  123 	add	hl, sp
                            124 ;	genMove_o size 2 result type 2 source type 2 a_dead 1 hl_dead 1 de_dead 0 iy_dead 1 f_dead 1
                            125 ;fetchPairLong
   0035 01 04 00      [10]  126 	ld	bc, #0x0004
   0038 ED B0         [21]  127 	ldir
                            128 ;	skipping generated iCode
                            129 ;	skipping generated iCode
                            130 ;	skipping generated iCode
                            131 ;cases/./../tests/gcc-torture-execute-strct-varg-1.c:22: ASSERT(!(va_values.x != 0xaaaa || va_values.y != 0x5555));
                            132 ;	genPlus
                            133 ;	genMove_o size 2 result type 2 source type 10 a_dead 1 hl_dead 1 de_dead 1 iy_dead 1 f_dead 1
   003A 2Ar00s00      [16]  134 	ld	hl, (___numTests)
   003D 23            [ 6]  135 	inc	hl
                            136 ;	genMove_o size 2 result type 10 source type 2 a_dead 1 hl_dead 1 de_dead 1 iy_dead 1 f_dead 1
   003E 22r00s00      [16]  137 	ld	(___numTests), hl
                            138 ;	skipping iCode since result will be rematerialized
                            139 ;	genPointerGet
                            140 ;	genMove_o size 2 result type 2 source type 6 a_dead 1 hl_dead 1 de_dead 1 iy_dead 1 f_dead 1
   0041 E1            [10]  141 	pop	hl
   0042 E5            [11]  142 	push	hl
                            143 ;	genMove_o size 0 result type 2 source type 1 a_dead 1 hl_dead 1 de_dead 1 iy_dead 1 f_dead 1
                            144 ;	genCast
                            145 ;	(locations are the same)
                            146 ;	skipping iCode since result will be rematerialized
                            147 ;	genCmpEq
   0043 11 AA AA      [10]  148 	ld	de, #0xaaaa
   0046 BF            [ 4]  149 	cp	a, a
   0047 ED 52         [15]  150 	sbc	hl, de
                            151 ; common peephole 81 removed jp by using inverse jump logic
                            152 ; common peephole 159 removed unused label 00159$.
                            153 ; common peephole 163 changed absolute to relative conditional jump.
   0049 20 0C         [12]  154 	jr	nz, 00111$
                            155 ; common peephole 82 removed jp by using inverse jump logic
                            156 ; common peephole 159 removed unused label 00160$.
                            157 ;	skipping generated iCode
                            158 ;	genPointerGet
                            159 ;	genMove_o size 2 result type 2 source type 6 a_dead 1 hl_dead 1 de_dead 1 iy_dead 1 f_dead 1
   004B D1            [10]  160 	pop	de
   004C E1            [10]  161 	pop	hl
   004D E5            [11]  162 	push	hl
   004E D5            [11]  163 	push	de
                            164 ;	genMove_o size 0 result type 2 source type 1 a_dead 1 hl_dead 1 de_dead 1 iy_dead 1 f_dead 1
                            165 ;	genCmpEq
   004F 11 55 55      [10]  166 	ld	de, #0x5555
   0052 BF            [ 4]  167 	cp	a, a
   0053 ED 52         [15]  168 	sbc	hl, de
                            169 ; common peephole 163 changed absolute to relative conditional jump.
   0055 28 11         [12]  170 	jr	z, 00109$
                            171 ; common peephole 81 removed jp by using inverse jump logic
                            172 ; common peephole 159 removed unused label 00161$.
                            173 ;	skipping generated iCode
                            174 ;	genLabel
   0057                     175 00111$:
                            176 ;	skipping iCode since result will be rematerialized
                            177 ;	skipping iCode since result will be rematerialized
                            178 ;	skipping iCode since result will be rematerialized
                            179 ;	skipping iCode since result will be rematerialized
                            180 ;	skipping iCode since result will be rematerialized
                            181 ;	skipping iCode since result will be rematerialized
                            182 ;	genIpush
                            183 ;	genMove_o size 2 result type 2 source type 1 a_dead 1 hl_dead 1 de_dead 1 iy_dead 1 f_dead 1
   0057 21 16 00      [10]  184 	ld	hl, #0x0016
   005A E5            [11]  185 	push	hl
                            186 ;	genIpush
                            187 ;	genMove_o size 2 result type 2 source type 7 a_dead 1 hl_dead 1 de_dead 1 iy_dead 1 f_dead 1
   005B 21rE5s00      [10]  188 	ld	hl, #___str_2
   005E E5            [11]  189 	push	hl
                            190 ;	genSend
                            191 ;	genMove_o size 2 result type 2 source type 7 a_dead 1 hl_dead 1 de_dead 1 iy_dead 1 f_dead 1
   005F 11r19s01      [10]  192 	ld	de, #___str_3
                            193 ;	genSend
                            194 ;	genMove_o size 2 result type 2 source type 7 a_dead 1 hl_dead 1 de_dead 0 iy_dead 1 f_dead 1
   0062 21rCAs00      [10]  195 	ld	hl, #___str_0
                            196 ;	genCall
   0065 CDr00s00      [17]  197 	call	___fail
                            198 ;	genLabel
   0068                     199 00109$:
                            200 ;cases/./../tests/gcc-torture-execute-strct-varg-1.c:24: attr = va_arg (va, int);
                            201 ;	skipping iCode since result will be rematerialized
                            202 ;	skipping iCode since result will be rematerialized
                            203 ;	skipping iCode since result will be rematerialized
                            204 ;	genPointerGet
                            205 ;	genMove_o size 2 result type 2 source type 6 a_dead 1 hl_dead 1 de_dead 1 iy_dead 1 f_dead 1
   0068 DD 4E 0A      [19]  206 	ld	c, 10 (ix)
   006B DD 46 0B      [19]  207 	ld	b, 11 (ix)
                            208 ;	genMove_o size 0 result type 2 source type 1 a_dead 1 hl_dead 1 de_dead 1 iy_dead 1 f_dead 1
                            209 ;cases/./../tests/gcc-torture-execute-strct-varg-1.c:25: ASSERT(attr == 3);
                            210 ;	genPlus
                            211 ;	genMove_o size 2 result type 2 source type 10 a_dead 1 hl_dead 1 de_dead 1 iy_dead 1 f_dead 1
   006E 2Ar00s00      [16]  212 	ld	hl, (___numTests)
   0071 23            [ 6]  213 	inc	hl
                            214 ;	genMove_o size 2 result type 10 source type 2 a_dead 1 hl_dead 1 de_dead 1 iy_dead 1 f_dead 1
   0072 22r00s00      [16]  215 	ld	(___numTests), hl
                            216 ;	genCmpEq
                            217 ;	genMove_o size 1 result type 2 source type 2 a_dead 1 hl_dead 1 de_dead 0 iy_dead 0 f_dead 1
   0075 79            [ 4]  218 	ld	a, c
                            219 ;	genMove_o size 0 result type 2 source type 1 a_dead 1 hl_dead 1 de_dead 0 iy_dead 0 f_dead 1
   0076 D6 03         [ 7]  220 	sub	a, #0x03
   0078 B0            [ 4]  221 	or	a, b
                            222 ; common peephole 163 changed absolute to relative conditional jump.
   0079 28 11         [12]  223 	jr	z, 00114$
                            224 ; common peephole 81 removed jp by using inverse jump logic
                            225 ; common peephole 159 removed unused label 00162$.
                            226 ;	skipping generated iCode
                            227 ;	skipping iCode since result will be rematerialized
                            228 ;	skipping iCode since result will be rematerialized
                            229 ;	skipping iCode since result will be rematerialized
                            230 ;	skipping iCode since result will be rematerialized
                            231 ;	skipping iCode since result will be rematerialized
                            232 ;	skipping iCode since result will be rematerialized
                            233 ;	genIpush
                            234 ;	genMove_o size 2 result type 2 source type 1 a_dead 1 hl_dead 1 de_dead 1 iy_dead 1 f_dead 1
   007B 21 19 00      [10]  235 	ld	hl, #0x0019
   007E E5            [11]  236 	push	hl
                            237 ;	genIpush
                            238 ;	genMove_o size 2 result type 2 source type 7 a_dead 1 hl_dead 1 de_dead 1 iy_dead 1 f_dead 1
   007F 21rE5s00      [10]  239 	ld	hl, #___str_2
   0082 E5            [11]  240 	push	hl
                            241 ;	genSend
                            242 ;	genMove_o size 2 result type 2 source type 7 a_dead 1 hl_dead 1 de_dead 1 iy_dead 1 f_dead 1
   0083 11r4Bs01      [10]  243 	ld	de, #___str_4
                            244 ;	genSend
                            245 ;	genMove_o size 2 result type 2 source type 7 a_dead 1 hl_dead 1 de_dead 0 iy_dead 1 f_dead 1
   0086 21rCAs00      [10]  246 	ld	hl, #___str_0
                            247 ;	genCall
   0089 CDr00s00      [17]  248 	call	___fail
                            249 ;	genLabel
   008C                     250 00114$:
                            251 ;cases/./../tests/gcc-torture-execute-strct-varg-1.c:27: va_values = va_arg (va, struct s);
                            252 ;	skipping iCode since result will be rematerialized
                            253 ;	skipping iCode since result will be rematerialized
                            254 ;	skipping iCode since result will be rematerialized
                            255 ;	genBuiltIn
                            256 ;	genMove_o size 2 result type 2 source type 8 a_dead 1 hl_dead 1 de_dead 1 iy_dead 1 f_dead 1
   008C 21 00 00      [10]  257 	ld	hl, #0
   008F 39            [11]  258 	add	hl, sp
   0090 EB            [ 4]  259 	ex	de, hl
                            260 ;	genMove_o size 2 result type 2 source type 8 a_dead 1 hl_dead 1 de_dead 0 iy_dead 1 f_dead 1
   0091 21 10 00      [10]  261 	ld	hl, #16
   0094 39            [11]  262 	add	hl, sp
                            263 ;	genMove_o size 2 result type 2 source type 2 a_dead 1 hl_dead 1 de_dead 0 iy_dead 1 f_dead 1
                            264 ;fetchPairLong
   0095 01 04 00      [10]  265 	ld	bc, #0x0004
   0098 ED B0         [21]  266 	ldir
                            267 ;	skipping generated iCode
                            268 ;	skipping generated iCode
                            269 ;	skipping generated iCode
                            270 ;cases/./../tests/gcc-torture-execute-strct-varg-1.c:28: ASSERT(!(va_values.x != 0xffff || va_values.y != 0x1111));
                            271 ;	genPlus
                            272 ;	genMove_o size 2 result type 2 source type 10 a_dead 1 hl_dead 1 de_dead 1 iy_dead 1 f_dead 1
   009A 2Ar00s00      [16]  273 	ld	hl, (___numTests)
   009D 23            [ 6]  274 	inc	hl
                            275 ;	genMove_o size 2 result type 10 source type 2 a_dead 1 hl_dead 1 de_dead 1 iy_dead 1 f_dead 1
   009E 22r00s00      [16]  276 	ld	(___numTests), hl
                            277 ;	genPointerGet
                            278 ;	genMove_o size 2 result type 2 source type 6 a_dead 1 hl_dead 1 de_dead 1 iy_dead 1 f_dead 1
   00A1 C1            [10]  279 	pop	bc
   00A2 C5            [11]  280 	push	bc
                            281 ;	genMove_o size 0 result type 2 source type 1 a_dead 1 hl_dead 1 de_dead 1 iy_dead 1 f_dead 1
                            282 ;	genCast
                            283 ;	(locations are the same)
                            284 ;	genCmpEq
   00A3 79            [ 4]  285 	ld	a, c
   00A4 A0            [ 4]  286 	and	a, b
   00A5 3C            [ 4]  287 	inc	a
                            288 ; common peephole 81 removed jp by using inverse jump logic
                            289 ; common peephole 159 removed unused label 00163$.
                            290 ; common peephole 163 changed absolute to relative conditional jump.
   00A6 20 0C         [12]  291 	jr	nz, 00118$
                            292 ; common peephole 82 removed jp by using inverse jump logic
                            293 ; common peephole 159 removed unused label 00164$.
                            294 ;	skipping generated iCode
                            295 ;	genPointerGet
                            296 ;	genMove_o size 2 result type 2 source type 6 a_dead 1 hl_dead 1 de_dead 1 iy_dead 1 f_dead 1
   00A8 D1            [10]  297 	pop	de
   00A9 E1            [10]  298 	pop	hl
   00AA E5            [11]  299 	push	hl
   00AB D5            [11]  300 	push	de
                            301 ;	genMove_o size 0 result type 2 source type 1 a_dead 1 hl_dead 1 de_dead 1 iy_dead 1 f_dead 1
                            302 ;	genCmpEq
   00AC 11 11 11      [10]  303 	ld	de, #0x1111
   00AF BF            [ 4]  304 	cp	a, a
   00B0 ED 52         [15]  305 	sbc	hl, de
                            306 ; common peephole 163 changed absolute to relative conditional jump.
   00B2 28 11         [12]  307 	jr	z, 00104$
                            308 ; common peephole 81 removed jp by using inverse jump logic
                            309 ; common peephole 159 removed unused label 00165$.
                            310 ;	skipping generated iCode
                            311 ;	genLabel
   00B4                     312 00118$:
                            313 ;	skipping iCode since result will be rematerialized
                            314 ;	skipping iCode since result will be rematerialized
                            315 ;	skipping iCode since result will be rematerialized
                            316 ;	skipping iCode since result will be rematerialized
                            317 ;	skipping iCode since result will be rematerialized
                            318 ;	skipping iCode since result will be rematerialized
                            319 ;	genIpush
                            320 ;	genMove_o size 2 result type 2 source type 1 a_dead 1 hl_dead 1 de_dead 1 iy_dead 1 f_dead 1
   00B4 21 1C 00      [10]  321 	ld	hl, #0x001c
   00B7 E5            [11]  322 	push	hl
                            323 ;	genIpush
                            324 ;	genMove_o size 2 result type 2 source type 7 a_dead 1 hl_dead 1 de_dead 1 iy_dead 1 f_dead 1
   00B8 21rE5s00      [10]  325 	ld	hl, #___str_2
   00BB E5            [11]  326 	push	hl
                            327 ;	genSend
                            328 ;	genMove_o size 2 result type 2 source type 7 a_dead 1 hl_dead 1 de_dead 1 iy_dead 1 f_dead 1
   00BC 11r55s01      [10]  329 	ld	de, #___str_5
                            330 ;	genSend
                            331 ;	genMove_o size 2 result type 2 source type 7 a_dead 1 hl_dead 1 de_dead 0 iy_dead 1 f_dead 1
   00BF 21rCAs00      [10]  332 	ld	hl, #___str_0
                            333 ;	genCall
   00C2 CDr00s00      [17]  334 	call	___fail
                            335 ;cases/./../tests/gcc-torture-execute-strct-varg-1.c:29: va_end (va);
                            336 ;	genLabel
   00C5                     337 00104$:
                            338 ;cases/./../tests/gcc-torture-execute-strct-varg-1.c:30: }
                            339 ;	genEndFunction
   00C5 DD F9         [10]  340 	ld	sp, ix
   00C7 DD E1         [14]  341 	pop	ix
   00C9 C9            [10]  342 	ret
                            343 ;	Total f function size at codegen: 9 bytes.
   00CA                     344 ___str_0:
   00CA 41 73 73 65 72 74   345 	.ascii "Assertion failed"
        69 6F 6E 20 66 61
        69 6C 65 64
   00DA 00                  346 	.db 0x00
   00DB                     347 ___str_1:
   00DB 61 74 74 72 20 3D   348 	.ascii "attr == 2"
        3D 20 32
   00E4 00                  349 	.db 0x00
   00E5                     350 ___str_2:
   00E5 63 61 73 65 73 2F   351 	.ascii "cases/./../tests/gcc-torture-execute-strct-varg-1.c"
        2E 2F 2E 2E 2F 74
        65 73 74 73 2F 67
        63 63 2D 74 6F 72
        74 75 72 65 2D 65
        78 65 63 75 74 65
        2D 73 74 72 63 74
        2D 76 61 72 67 2D
        31 2E 63
   0118 00                  352 	.db 0x00
   0119                     353 ___str_3:
   0119 21 28 76 61 5F 76   354 	.ascii "!(va_values.x != 0xaaaa || va_values.y != 0x5555)"
        61 6C 75 65 73 2E
        78 20 21 3D 20 30
        78 61 61 61 61 20
        7C 7C 20 76 61 5F
        76 61 6C 75 65 73
        2E 79 20 21 3D 20
        30 78 35 35 35 35
        29
   014A 00                  355 	.db 0x00
   014B                     356 ___str_4:
   014B 61 74 74 72 20 3D   357 	.ascii "attr == 3"
        3D 20 33
   0154 00                  358 	.db 0x00
   0155                     359 ___str_5:
   0155 21 28 76 61 5F 76   360 	.ascii "!(va_values.x != 0xffff || va_values.y != 0x1111)"
        61 6C 75 65 73 2E
        78 20 21 3D 20 30
        78 66 66 66 66 20
        7C 7C 20 76 61 5F
        76 61 6C 75 65 73
        2E 79 20 21 3D 20
        30 78 31 31 31 31
        29
   0186 00                  361 	.db 0x00
                            362 ;cases/./../tests/gcc-torture-execute-strct-varg-1.c:33: testTortureExecute (void)
                            363 ;	genLabel
                            364 ;	genFunction
                            365 ;	---------------------------------
                            366 ; Function testTortureExecute
                            367 ; ---------------------------------
                            368 ;	Register assignment might be sub-optimal.
                            369 ; Stack space usage: 8 bytes.
   0187                     370 _testTortureExecute::
   0187 DD E5         [15]  371 	push	ix
   0189 DD 21 00 00   [14]  372 	ld	ix,	#0
   018D DD 39         [15]  373 	add	ix, sp
                            374 ;	adjustStack by -8
   018F 21 F8 FF      [10]  375 	ld	hl, #-8
   0192 39            [11]  376 	add	hl, sp
   0193 F9            [ 6]  377 	ld	sp, hl
                            378 ;cases/./../tests/gcc-torture-execute-strct-varg-1.c:37: a.x = 0xaaaa;
                            379 ;	skipping iCode since result will be rematerialized
                            380 ;	genPointerSet
                            381 ;	genMove_o size 2 result type 6 source type 1 a_dead 1 hl_dead 1 de_dead 1 iy_dead 1 f_dead 1
   0194 DD 36 F8 AA   [19]  382 	ld	-8 (ix), #0xaa
   0198 DD 36 F9 AA   [19]  383 	ld	-7 (ix), #0xaa
                            384 ;cases/./../tests/gcc-torture-execute-strct-varg-1.c:38: a.y = 0x5555;
                            385 ;	skipping iCode since result will be rematerialized
                            386 ;	genPointerSet
                            387 ;	genMove_o size 2 result type 6 source type 1 a_dead 1 hl_dead 1 de_dead 1 iy_dead 1 f_dead 1
   019C DD 36 FA 55   [19]  388 	ld	-6 (ix), #0x55
   01A0 DD 36 FB 55   [19]  389 	ld	-5 (ix), #0x55
                            390 ;cases/./../tests/gcc-torture-execute-strct-varg-1.c:39: b.x = 0xffff;
                            391 ;	genAddrOf
   01A4 21 04 00      [10]  392 	ld	hl, #4
   01A7 39            [11]  393 	add	hl, sp
                            394 ;	genPointerSet
   01A8 36 FF         [10]  395 	ld	(hl), #0xff
   01AA 23            [ 6]  396 	inc	hl
   01AB 36 FF         [10]  397 	ld	(hl), #0xff
   01AD 2B            [ 6]  398 	dec	hl
                            399 ;cases/./../tests/gcc-torture-execute-strct-varg-1.c:40: b.y = 0x1111;
                            400 ;	skipping iCode since result will be rematerialized
                            401 ;	genPointerSet
                            402 ;	genMove_o size 2 result type 6 source type 1 a_dead 1 hl_dead 0 de_dead 1 iy_dead 1 f_dead 1
   01AE DD 36 FE 11   [19]  403 	ld	-2 (ix), #0x11
   01B2 DD 36 FF 11   [19]  404 	ld	-1 (ix), #0x11
                            405 ;cases/./../tests/gcc-torture-execute-strct-varg-1.c:42: f (2, a, 3, b);
                            406 ;	genPointerPush
                            407 ;	genMove_o size 2 result type 2 source type 2 a_dead 1 hl_dead 1 de_dead 1 iy_dead 1 f_dead 1
   01B6 23            [ 6]  408 	inc	hl
   01B7 23            [ 6]  409 	inc	hl
   01B8 23            [ 6]  410 	inc	hl
   01B9 46            [ 7]  411 	ld	b, (hl)
   01BA 2B            [ 6]  412 	dec	hl
   01BB 4E            [ 7]  413 	ld	c, (hl)
                            414 ; common peephole 96d move dec hl before push bc
   01BC 2B            [ 6]  415 	dec	hl
   01BD C5            [11]  416 	push	bc
   01BE 46            [ 7]  417 	ld	b, (hl)
   01BF 2B            [ 6]  418 	dec	hl
   01C0 4E            [ 7]  419 	ld	c, (hl)
   01C1 C5            [11]  420 	push	bc
                            421 ;	genIpush
                            422 ;	genMove_o size 2 result type 2 source type 1 a_dead 1 hl_dead 1 de_dead 1 iy_dead 1 f_dead 1
   01C2 21 03 00      [10]  423 	ld	hl, #0x0003
   01C5 E5            [11]  424 	push	hl
                            425 ;	genPointerPush
                            426 ;	genMove_o size 2 result type 2 source type 8 a_dead 1 hl_dead 1 de_dead 1 iy_dead 1 f_dead 1
                            427 ;	genMove_o size 2 result type 2 source type 2 a_dead 1 hl_dead 1 de_dead 1 iy_dead 1 f_dead 1
                            428 ; common peephole 129a moved increment of hl to constant.
                            429 ; common peephole 129a moved increment of hl to constant.
   01C6 21 09 00      [10]  430 	ld	hl,#0x9
   01C9 39            [11]  431 	add	hl,sp
                            432 ; common peephole 129a moved increment of hl to constant.
   01CA 46            [ 7]  433 	ld	b, (hl)
   01CB 2B            [ 6]  434 	dec	hl
   01CC 4E            [ 7]  435 	ld	c, (hl)
                            436 ; common peephole 96d move dec hl before push bc
   01CD 2B            [ 6]  437 	dec	hl
   01CE C5            [11]  438 	push	bc
   01CF 46            [ 7]  439 	ld	b, (hl)
   01D0 2B            [ 6]  440 	dec	hl
   01D1 4E            [ 7]  441 	ld	c, (hl)
   01D2 C5            [11]  442 	push	bc
                            443 ;	genIpush
                            444 ;	genMove_o size 2 result type 2 source type 1 a_dead 1 hl_dead 1 de_dead 1 iy_dead 1 f_dead 1
   01D3 21 02 00      [10]  445 	ld	hl, #0x0002
   01D6 E5            [11]  446 	push	hl
                            447 ;	genCall
   01D7 CDr00s00      [17]  448 	call	_f
                            449 ;	adjustStack by 12
                            450 ; common peephole 1 removed dead load from #12 into hl.
                            451 ; common peephole 2b removed add hl, sp due to unused result.
                            452 ; common peephole 1 removed dead load from hl into sp.
                            453 ;cases/./../tests/gcc-torture-execute-strct-varg-1.c:43: return;
                            454 ;	genRet
                            455 ;	genLabel
                            456 ; common peephole 159 removed unused label 00101$.
                            457 ;cases/./../tests/gcc-torture-execute-strct-varg-1.c:44: }
                            458 ;	genEndFunction
   01DA DD F9         [10]  459 	ld	sp, ix
   01DC DD E1         [14]  460 	pop	ix
   01DE C9            [10]  461 	ret
                            462 ;	Total testTortureExecute function size at codegen: 5 bytes.
                            463 ;cases/tst_gcc-torture-execute-strct-varg-1.c:4: __runSuite(void)
                            464 ;	genLabel
                            465 ;	genFunction
                            466 ;	---------------------------------
                            467 ; Function __runSuite
                            468 ; ---------------------------------
                            469 ;	Register assignment is optimal.
                            470 ; Stack space usage: 0 bytes.
   01DF                     471 ___runSuite::
                            472 ;cases/tst_gcc-torture-execute-strct-varg-1.c:6: __prints("Running testTortureExecute\n");
                            473 ;	skipping iCode since result will be rematerialized
                            474 ;	skipping iCode since result will be rematerialized
                            475 ;	genSend
                            476 ;	genMove_o size 2 result type 2 source type 7 a_dead 1 hl_dead 1 de_dead 1 iy_dead 1 f_dead 1
   01DF 21rE8s01      [10]  477 	ld	hl, #___str_6
                            478 ;	genCall
   01E2 CDr00s00      [17]  479 	call	___prints
                            480 ;cases/tst_gcc-torture-execute-strct-varg-1.c:7: testTortureExecute();
                            481 ;	genCall
                            482 ;	genLabel
                            483 ; common peephole 159 removed unused label 00101$.
                            484 ;cases/tst_gcc-torture-execute-strct-varg-1.c:8: }
                            485 ;	genEndFunction
   01E5 C3r87s01      [10]  486 	jp	_testTortureExecute
                            487 ; common peephole 152 removed unused ret.
                            488 ;	Total __runSuite function size at codegen: 1 bytes.
   01E8                     489 ___str_6:
   01E8 52 75 6E 6E 69 6E   490 	.ascii "Running testTortureExecute"
        67 20 74 65 73 74
        54 6F 72 74 75 72
        65 45 78 65 63 75
        74 65
   0202 0A                  491 	.db 0x0a
   0203 00                  492 	.db 0x00
                            493 ;cases/tst_gcc-torture-execute-strct-varg-1.c:13: __getSuiteName(void)
                            494 ;	genLabel
                            495 ;	genFunction
                            496 ;	---------------------------------
                            497 ; Function __getSuiteName
                            498 ; ---------------------------------
                            499 ;	Register assignment is optimal.
                            500 ; Stack space usage: 0 bytes.
   0204                     501 ___getSuiteName::
                            502 ;cases/tst_gcc-torture-execute-strct-varg-1.c:15: return "gcc-torture-execute-strct-varg-1.c";
                            503 ;	skipping iCode since result will be rematerialized
                            504 ;	skipping iCode since result will be rematerialized
                            505 ;	genRet
                            506 ;	genMove_o size 2 result type 2 source type 7 a_dead 1 hl_dead 1 de_dead 1 iy_dead 1 f_dead 1
   0204 11r0As02      [10]  507 	ld	de, #___str_7
                            508 ;	genLabel
                            509 ; common peephole 159 removed unused label 00101$.
                            510 ;cases/tst_gcc-torture-execute-strct-varg-1.c:16: }
                            511 ;	genEndFunction
   0207 C9            [10]  512 	ret
                            513 ;	Total __getSuiteName function size at codegen: 1 bytes.
   0208                     514 ___numCases:
   0208 01 00               515 	.dw #0x0001
   020A                     516 ___str_7:
   020A 67 63 63 2D 74 6F   517 	.ascii "gcc-torture-execute-strct-varg-1.c"
        72 74 75 72 65 2D
        65 78 65 63 75 74
        65 2D 73 74 72 63
        74 2D 76 61 72 67
        2D 31 2E 63
   022C 00                  518 	.db 0x00
                            519 	.area _CODE (BANK=_CSEG)
                            520 	.area _INITIALIZER
                            521 	.area _CABS (ABS)
