                              1 ;--------------------------------------------------------
                              2 ; File Created by SDCC : free open source ISO C Compiler
                              3 ; Version 4.6.2 #16710 (Linux)
                              4 ;--------------------------------------------------------
                              5 	.module tst_gcc_torture_execute_920411_1
                              6 	
                              7 ;--------------------------------------------------------
                              8 ; Public variables in this module
                              9 ;--------------------------------------------------------
                             10 	.globl _testTortureExecute
                             11 	.globl _f
                             12 	.globl ___prints
                             13 	.globl ___fail
                             14 	.globl ___numCases
                             15 	.globl ___runSuite
                             16 	.globl ___getSuiteName
                             17 ;--------------------------------------------------------
                             18 ; special function registers
                             19 ;--------------------------------------------------------
                             20 ;--------------------------------------------------------
                             21 ; ram data
                             22 ;--------------------------------------------------------
                             23 	.area _DATA (BANK=_DSEG)
                             24 ;--------------------------------------------------------
                             25 ; ram data
                             26 ;--------------------------------------------------------
                             27 	.area _INITIALIZED
                             28 ;--------------------------------------------------------
                             29 ; absolute ram data
                             30 ;--------------------------------------------------------
                             31 	.area _DABS (ABS)
                             32 	.area _DABS (ABS)
                             33 ;--------------------------------------------------------
                             34 ; global & static initialisations
                             35 ;--------------------------------------------------------
                             36 	.area _HOME
                             37 	.area _GSINIT
                             38 	.area _GSFINAL
                             39 	.area _GSINIT
                             40 ;--------------------------------------------------------
                             41 ; Home
                             42 ;--------------------------------------------------------
                             43 	.area _HOME (BANK=_CSEG)
                             44 	.area _HOME (BANK=_CSEG)
                             45 ;--------------------------------------------------------
                             46 ; code
                             47 ;--------------------------------------------------------
                             48 	.area _CODE (BANK=_CSEG)
                             49 ;cases/./../tests/gcc-torture-execute-920411-1.c:11: long f (char *w)
                             50 ;	genLabel
                             51 ;	genFunction
                             52 ;	---------------------------------
                             53 ; Function f
                             54 ; ---------------------------------
                             55 ;	Register assignment might be sub-optimal.
                             56 ; Stack space usage: 6 bytes.
   0000                      57 _f::
   0000 DD E5         [15]   58 	push	ix
   0002 DD 21 00 00   [14]   59 	ld	ix,	#0
   0006 DD 39         [15]   60 	add	ix, sp
                             61 ;	adjustStack by -6
   0008 F5            [11]   62 	push	af
   0009 F5            [11]   63 	push	af
   000A F5            [11]   64 	push	af
                             65 ;	genReceive
                             66 ;	genMove_o size 2 result type 6 source type 2 a_dead 1 hl_dead 1 de_dead 1 iy_dead 1 f_dead 1
   000B DD 75 FE      [19]   67 	ld	-2 (ix), l
   000E DD 74 FF      [19]   68 	ld	-1 (ix), h
                             69 ;	genMove_o size 0 result type 6 source type 1 a_dead 1 hl_dead 1 de_dead 1 iy_dead 1 f_dead 1
                             70 ;cases/./../tests/gcc-torture-execute-920411-1.c:14: char *p = (char*) &x;
                             71 ;	skipping iCode since result will be rematerialized
                             72 ;	skipping iCode since result will be rematerialized
                             73 ;cases/./../tests/gcc-torture-execute-920411-1.c:17: for (k = 0; k < sizeof (long); k++)
                             74 ;	genAssign
                             75 ;	genMove_o size 1 result type 2 source type 1 a_dead 1 hl_dead 1 de_dead 1 iy_dead 1 f_dead 1
   0011 0E 00         [ 7]   76 	ld	c, #0x00
                             77 ;	genLabel
   0013                      78 00103$:
                             79 ;cases/./../tests/gcc-torture-execute-920411-1.c:18: p[k] = w[k];
                             80 ;	genPlus
                             81 ;	genMove_o size 2 result type 2 source type 2 a_dead 1 hl_dead 1 de_dead 1 iy_dead 0 f_dead 1
   0013 59            [ 4]   82 	ld	e, c
                             83 ;	genMove_o size 1 result type 2 source type 1 a_dead 1 hl_dead 1 de_dead 0 iy_dead 0 f_dead 1
   0014 16 00         [ 7]   84 	ld	d, #0x00
                             85 ;	genMove_o size 2 result type 2 source type 8 a_dead 1 hl_dead 1 de_dead 0 iy_dead 0 f_dead 1
   0016 21 00 00      [10]   86 	ld	hl, #0
   0019 39            [11]   87 	add	hl, sp
                             88 ;	genMove_o size 2 result type 2 source type 2 a_dead 1 hl_dead 1 de_dead 0 iy_dead 0 f_dead 1
   001A 19            [11]   89 	add	hl, de
                             90 ;	genMove_o size 2 result type 2 source type 2 a_dead 1 hl_dead 1 de_dead 1 iy_dead 0 f_dead 1
                             91 ;	genPlus
   001B 79            [ 4]   92 	ld	a, c
   001C DD 86 FE      [19]   93 	add	a, -2 (ix)
   001F 5F            [ 4]   94 	ld	e, a
   0020 3E 00         [ 7]   95 	ld	a, #0x00
   0022 DD 8E FF      [19]   96 	adc	a, -1 (ix)
   0025 57            [ 4]   97 	ld	d, a
                             98 ;	genPointerGet
   0026 1A            [ 7]   99 	ld	a, (de)
                            100 ;	genMove_o size 1 result type 2 source type 2 a_dead 1 hl_dead 0 de_dead 1 iy_dead 1 f_dead 1
                            101 ;	genPointerSet
   0027 77            [ 7]  102 	ld	(hl), a
                            103 ;cases/./../tests/gcc-torture-execute-920411-1.c:17: for (k = 0; k < sizeof (long); k++)
                            104 ;	genPlus
   0028 0C            [ 4]  105 	inc	c
                            106 ;	genCmpLt
   0029 79            [ 4]  107 	ld	a, c
   002A D6 04         [ 7]  108 	sub	a, #0x04
                            109 ; common peephole 163 changed absolute to relative conditional jump.
   002C 38 E5         [12]  110 	jr	c, 00103$
                            111 ;	skipping generated iCode
                            112 ;cases/./../tests/gcc-torture-execute-920411-1.c:19: c += x;
                            113 ;	genPlus
   002E DD 5E FA      [19]  114 	ld	e, -6 (ix)
   0031 DD 56 FB      [19]  115 	ld	d, -5 (ix)
   0034 DD 6E FC      [19]  116 	ld	l, -4 (ix)
   0037 DD 66 FD      [19]  117 	ld	h, -3 (ix)
                            118 ;cases/./../tests/gcc-torture-execute-920411-1.c:21: return c;
                            119 ;	genRet
                            120 ;	genMove_o size 4 result type 2 source type 2 a_dead 1 hl_dead 1 de_dead 1 iy_dead 1 f_dead 1
                            121 ;	genLabel
                            122 ; common peephole 159 removed unused label 00108$.
                            123 ;cases/./../tests/gcc-torture-execute-920411-1.c:22: }
                            124 ;	genEndFunction
   003A DD F9         [10]  125 	ld	sp, ix
   003C DD E1         [14]  126 	pop	ix
   003E C9            [10]  127 	ret
                            128 ;	Total f function size at codegen: 5 bytes.
                            129 ;cases/./../tests/gcc-torture-execute-920411-1.c:25: testTortureExecute (void)
                            130 ;	genLabel
                            131 ;	genFunction
                            132 ;	---------------------------------
                            133 ; Function testTortureExecute
                            134 ; ---------------------------------
                            135 ;	Register assignment might be sub-optimal.
                            136 ; Stack space usage: 4 bytes.
   003F                     137 _testTortureExecute::
   003F DD E5         [15]  138 	push	ix
   0041 DD 21 00 00   [14]  139 	ld	ix,	#0
   0045 DD 39         [15]  140 	add	ix, sp
                            141 ;	adjustStack by -4
   0047 F5            [11]  142 	push	af
   0048 F5            [11]  143 	push	af
                            144 ;cases/./../tests/gcc-torture-execute-920411-1.c:30: for (i = sizeof (long); --i >= 0;) a[i] = ' ';
                            145 ;	genAddrOf
   0049 21 00 00      [10]  146 	ld	hl, #0
   004C 39            [11]  147 	add	hl, sp
   004D EB            [ 4]  148 	ex	de, hl
                            149 ;	genAssign
                            150 ;	genMove_o size 2 result type 2 source type 1 a_dead 1 hl_dead 1 de_dead 0 iy_dead 1 f_dead 1
   004E 01 04 00      [10]  151 	ld	bc, #0x0004
                            152 ;	genLabel
   0051                     153 00105$:
                            154 ;	genMinus
   0051 0B            [ 6]  155 	dec	bc
                            156 ;	genCmpLt
   0052 CB 78         [ 8]  157 	bit	7, b
                            158 ; common peephole 163 changed absolute to relative conditional jump.
   0054 20 07         [12]  159 	jr	nz, 00101$
                            160 ;	skipping generated iCode
                            161 ;	genPlus
                            162 ;	genMove_o size 2 result type 2 source type 2 a_dead 1 hl_dead 1 de_dead 0 iy_dead 1 f_dead 1
   0056 6B            [ 4]  163 	ld	l, e
   0057 62            [ 4]  164 	ld	h, d
                            165 ;	genMove_o size 0 result type 2 source type 1 a_dead 1 hl_dead 1 de_dead 0 iy_dead 1 f_dead 1
   0058 09            [11]  166 	add	hl, bc
                            167 ;	genPointerSet
   0059 36 20         [10]  168 	ld	(hl), #0x20
                            169 ;	genGoto
                            170 ; common peephole 162 changed absolute to relative unconditional jump.
   005B 18 F4         [12]  171 	jr	00105$
                            172 ;	genLabel
   005D                     173 00101$:
                            174 ;cases/./../tests/gcc-torture-execute-920411-1.c:31: if (f (a) != ~0UL / (unsigned char) ~0 * ' ')
                            175 ;	genCast
                            176 ;	(locations are the same)
                            177 ;	genSend
                            178 ;	genMove_o size 2 result type 2 source type 2 a_dead 1 hl_dead 1 de_dead 1 iy_dead 1 f_dead 1
   005D EB            [ 4]  179 	ex	de, hl
                            180 ;	genMove_o size 0 result type 2 source type 1 a_dead 1 hl_dead 1 de_dead 1 iy_dead 1 f_dead 1
                            181 ;	genCall
   005E CDr00s00      [17]  182 	call	_f
                            183 ;	genMove_o size 4 result type 2 source type 2 a_dead 1 hl_dead 1 de_dead 1 iy_dead 1 f_dead 1
                            184 ;	genCast
                            185 ;	(locations are the same)
                            186 ;	genCmpEq
                            187 ;	genMove_o size 1 result type 2 source type 2 a_dead 1 hl_dead 0 de_dead 0 iy_dead 0 f_dead 1
   0061 7B            [ 4]  188 	ld	a, e
                            189 ;	genMove_o size 0 result type 2 source type 1 a_dead 1 hl_dead 0 de_dead 0 iy_dead 0 f_dead 1
   0062 D6 20         [ 7]  190 	sub	a, #0x20
                            191 ; common peephole 163 changed absolute to relative conditional jump.
   0064 20 0D         [12]  192 	jr	nz, 00134$
                            193 ;	genMove_o size 1 result type 2 source type 2 a_dead 1 hl_dead 0 de_dead 0 iy_dead 0 f_dead 1
   0066 7A            [ 4]  194 	ld	a, d
                            195 ;	genMove_o size 0 result type 2 source type 1 a_dead 1 hl_dead 0 de_dead 0 iy_dead 0 f_dead 1
   0067 D6 20         [ 7]  196 	sub	a, #0x20
                            197 ; common peephole 163 changed absolute to relative conditional jump.
   0069 20 08         [12]  198 	jr	nz, 00134$
   006B 11 20 20      [10]  199 	ld	de, #0x2020
   006E BF            [ 4]  200 	cp	a, a
   006F ED 52         [15]  201 	sbc	hl, de
                            202 ; common peephole 163 changed absolute to relative conditional jump.
   0071 28 18         [12]  203 	jr	z, 00103$
                            204 ; common peephole 81 removed jp by using inverse jump logic
   0073                     205 00134$:
                            206 ;	skipping generated iCode
                            207 ;cases/./../tests/gcc-torture-execute-920411-1.c:32: ASSERT (0);
                            208 ;	genPlus
                            209 ;	genMove_o size 2 result type 2 source type 10 a_dead 1 hl_dead 1 de_dead 1 iy_dead 1 f_dead 1
   0073 2Ar00s00      [16]  210 	ld	hl, (___numTests)
   0076 23            [ 6]  211 	inc	hl
                            212 ;	genMove_o size 2 result type 10 source type 2 a_dead 1 hl_dead 1 de_dead 1 iy_dead 1 f_dead 1
   0077 22r00s00      [16]  213 	ld	(___numTests), hl
                            214 ;	skipping iCode since result will be rematerialized
                            215 ;	skipping iCode since result will be rematerialized
                            216 ;	skipping iCode since result will be rematerialized
                            217 ;	skipping iCode since result will be rematerialized
                            218 ;	skipping iCode since result will be rematerialized
                            219 ;	skipping iCode since result will be rematerialized
                            220 ;	genIpush
                            221 ;	genMove_o size 2 result type 2 source type 1 a_dead 1 hl_dead 1 de_dead 1 iy_dead 1 f_dead 1
   007A 21 20 00      [10]  222 	ld	hl, #0x0020
   007D E5            [11]  223 	push	hl
                            224 ;	genIpush
                            225 ;	genMove_o size 2 result type 2 source type 7 a_dead 1 hl_dead 1 de_dead 1 iy_dead 1 f_dead 1
   007E 21rA3s00      [10]  226 	ld	hl, #__str_2
   0081 E5            [11]  227 	push	hl
                            228 ;	genSend
                            229 ;	genMove_o size 2 result type 2 source type 7 a_dead 1 hl_dead 1 de_dead 1 iy_dead 1 f_dead 1
   0082 11rA1s00      [10]  230 	ld	de, #__str_1
                            231 ;	genSend
                            232 ;	genMove_o size 2 result type 2 source type 7 a_dead 1 hl_dead 1 de_dead 0 iy_dead 1 f_dead 1
   0085 21r90s00      [10]  233 	ld	hl, #__str_0
                            234 ;	genCall
   0088 CDr00s00      [17]  235 	call	___fail
                            236 ;	genLabel
   008B                     237 00103$:
                            238 ;cases/./../tests/gcc-torture-execute-920411-1.c:33: return;
                            239 ;	genRet
                            240 ;	genLabel
                            241 ; common peephole 159 removed unused label 00107$.
                            242 ;cases/./../tests/gcc-torture-execute-920411-1.c:34: }
                            243 ;	genEndFunction
   008B DD F9         [10]  244 	ld	sp, ix
   008D DD E1         [14]  245 	pop	ix
   008F C9            [10]  246 	ret
                            247 ;	Total testTortureExecute function size at codegen: 5 bytes.
   0090                     248 __str_0:
   0090 41 73 73 65 72 74   249 	.ascii "Assertion failed"
        69 6F 6E 20 66 61
        69 6C 65 64
   00A0 00                  250 	.db 0x00
   00A1                     251 __str_1:
   00A1 30                  252 	.ascii "0"
   00A2 00                  253 	.db 0x00
   00A3                     254 __str_2:
   00A3 63 61 73 65 73 2F   255 	.ascii "cases/./../tests/gcc-torture-execute-920411-1.c"
        2E 2F 2E 2E 2F 74
        65 73 74 73 2F 67
        63 63 2D 74 6F 72
        74 75 72 65 2D 65
        78 65 63 75 74 65
        2D 39 32 30 34 31
        31 2D 31 2E 63
   00D2 00                  256 	.db 0x00
                            257 ;cases/tst_gcc-torture-execute-920411-1.c:4: __runSuite(void)
                            258 ;	genLabel
                            259 ;	genFunction
                            260 ;	---------------------------------
                            261 ; Function __runSuite
                            262 ; ---------------------------------
                            263 ;	Register assignment is optimal.
                            264 ; Stack space usage: 0 bytes.
   00D3                     265 ___runSuite::
                            266 ;cases/tst_gcc-torture-execute-920411-1.c:6: __prints("Running testTortureExecute\n");
                            267 ;	skipping iCode since result will be rematerialized
                            268 ;	skipping iCode since result will be rematerialized
                            269 ;	genSend
                            270 ;	genMove_o size 2 result type 2 source type 7 a_dead 1 hl_dead 1 de_dead 1 iy_dead 1 f_dead 1
   00D3 21rDCs00      [10]  271 	ld	hl, #___str_3
                            272 ;	genCall
   00D6 CDr00s00      [17]  273 	call	___prints
                            274 ;cases/tst_gcc-torture-execute-920411-1.c:7: testTortureExecute();
                            275 ;	genCall
                            276 ;	genLabel
                            277 ; common peephole 159 removed unused label 00101$.
                            278 ;cases/tst_gcc-torture-execute-920411-1.c:8: }
                            279 ;	genEndFunction
   00D9 C3r3Fs00      [10]  280 	jp	_testTortureExecute
                            281 ; common peephole 152 removed unused ret.
                            282 ;	Total __runSuite function size at codegen: 1 bytes.
   00DC                     283 ___str_3:
   00DC 52 75 6E 6E 69 6E   284 	.ascii "Running testTortureExecute"
        67 20 74 65 73 74
        54 6F 72 74 75 72
        65 45 78 65 63 75
        74 65
   00F6 0A                  285 	.db 0x0a
   00F7 00                  286 	.db 0x00
                            287 ;cases/tst_gcc-torture-execute-920411-1.c:13: __getSuiteName(void)
                            288 ;	genLabel
                            289 ;	genFunction
                            290 ;	---------------------------------
                            291 ; Function __getSuiteName
                            292 ; ---------------------------------
                            293 ;	Register assignment is optimal.
                            294 ; Stack space usage: 0 bytes.
   00F8                     295 ___getSuiteName::
                            296 ;cases/tst_gcc-torture-execute-920411-1.c:15: return "gcc-torture-execute-920411-1.c";
                            297 ;	skipping iCode since result will be rematerialized
                            298 ;	skipping iCode since result will be rematerialized
                            299 ;	genRet
                            300 ;	genMove_o size 2 result type 2 source type 7 a_dead 1 hl_dead 1 de_dead 1 iy_dead 1 f_dead 1
   00F8 11rFEs00      [10]  301 	ld	de, #___str_4
                            302 ;	genLabel
                            303 ; common peephole 159 removed unused label 00101$.
                            304 ;cases/tst_gcc-torture-execute-920411-1.c:16: }
                            305 ;	genEndFunction
   00FB C9            [10]  306 	ret
                            307 ;	Total __getSuiteName function size at codegen: 1 bytes.
   00FC                     308 ___numCases:
   00FC 01 00               309 	.dw #0x0001
   00FE                     310 ___str_4:
   00FE 67 63 63 2D 74 6F   311 	.ascii "gcc-torture-execute-920411-1.c"
        72 74 75 72 65 2D
        65 78 65 63 75 74
        65 2D 39 32 30 34
        31 31 2D 31 2E 63
   011C 00                  312 	.db 0x00
                            313 	.area _CODE (BANK=_CSEG)
                            314 	.area _INITIALIZER
                            315 	.area _CABS (ABS)
