                              1 ;--------------------------------------------------------
                              2 ; File Created by SDCC : free open source ISO C Compiler
                              3 ; Version 4.6.2 #16710 (Linux)
                              4 ;--------------------------------------------------------
                              5 	.module tst_long_asm_line
                              6 	
                              7 ;--------------------------------------------------------
                              8 ; Public variables in this module
                              9 ;--------------------------------------------------------
                             10 	.globl _testLongAsmLine
                             11 	.globl ___prints
                             12 	.globl _CLKCON
                             13 	.globl _U0GCR
                             14 	.globl ___numCases
                             15 	.globl ___runSuite
                             16 	.globl ___getSuiteName
                             17 ;--------------------------------------------------------
                             18 ; special function registers
                             19 ;--------------------------------------------------------
                             20 ;--------------------------------------------------------
                             21 ; ram data
                             22 ;--------------------------------------------------------
                             23 	.area _DATA (BANK=_DSEG)
   0000                      24 _U0GCR::
   0000                      25 	.ds 1
   0001                      26 _CLKCON::
   0001                      27 	.ds 1
                             28 ;--------------------------------------------------------
                             29 ; ram data
                             30 ;--------------------------------------------------------
                             31 	.area _INITIALIZED
                             32 ;--------------------------------------------------------
                             33 ; absolute ram data
                             34 ;--------------------------------------------------------
                             35 	.area _DABS (ABS)
                             36 	.area _DABS (ABS)
                             37 ;--------------------------------------------------------
                             38 ; global & static initialisations
                             39 ;--------------------------------------------------------
                             40 	.area _HOME
                             41 	.area _GSINIT
                             42 	.area _GSFINAL
                             43 	.area _GSINIT
                             44 ;--------------------------------------------------------
                             45 ; Home
                             46 ;--------------------------------------------------------
                             47 	.area _HOME (BANK=_CSEG)
                             48 	.area _HOME (BANK=_CSEG)
                             49 ;--------------------------------------------------------
                             50 ; code
                             51 ;--------------------------------------------------------
                             52 	.area _CODE (BANK=_CSEG)
                             53 ;cases/./../tests/long_asm_line.c:17: testLongAsmLine(void)
                             54 ;	genLabel
                             55 ;	genFunction
                             56 ;	---------------------------------
                             57 ; Function testLongAsmLine
                             58 ; ---------------------------------
                             59 ;	Register assignment is optimal.
                             60 ; Stack space usage: 0 bytes.
   0000                      61 _testLongAsmLine::
                             62 ;cases/./../tests/long_asm_line.c:19: U0GCR = 230400 == 2400 ? 6 + ((CLKCON & (1 << CC2430_CLKCON_OSC)) >> CC2430_CLKCON_OSC) : 230400 == 4800 ? 7 + ((CLKCON & (1 << CC2430_CLKCON_OSC)) >> CC2430_CLKCON_OSC) : 230400 == 9600 ? 8 + ((CLKCON & (1 << CC2430_CLKCON_OSC)) >> CC2430_CLKCON_OSC) : 230400 == 14400 ? 8 + ((CLKCON & (1 << CC2430_CLKCON_OSC)) >> CC2430_CLKCON_OSC) : 230400 == 19200 ? 9 + ((CLKCON & (1 << CC2430_CLKCON_OSC)) >> CC2430_CLKCON_OSC) : 230400 == 28800 ? 9 + ((CLKCON & (1 << CC2430_CLKCON_OSC)) >> CC2430_CLKCON_OSC) : 230400 == 38400 ? 10 + ((CLKCON & (1 << CC2430_CLKCON_OSC)) >> CC2430_CLKCON_OSC) : 230400 == 57600 ? 10 + ((CLKCON & (1 << CC2430_CLKCON_OSC)) >> CC2430_CLKCON_OSC) : 230400 == 76800 ? 11 + ((CLKCON & (1 << CC2430_CLKCON_OSC)) >> CC2430_CLKCON_OSC) : 230400 == 115200 ? 11 + ((CLKCON & (1 << CC2430_CLKCON_OSC)) >> CC2430_CLKCON_OSC) : 230400 == 153600 ? 12 + ((CLKCON & (1 << CC2430_CLKCON_OSC)) >> CC2430_CLKCON_OSC) : 230400 == 230400 ? 12 + ((CLKCON & (1 << CC2430_CLKCON_OSC)) >> CC2430_CLKCON_OSC) : 230400 == 307200 ? 13 + ((CLKCON & (1 << CC2430_CLKCON_OSC)) >> CC2430_CLKCON_OSC) : 0;
                             63 ;	genAnd
   0000 3Ar01s00      [13]   64 	ld	a, (_CLKCON+0)
   0003 E6 40         [ 7]   65 	and	a, #0x40
                             66 ;	genMove_o size 1 result type 2 source type 2 a_dead 1 hl_dead 1 de_dead 1 iy_dead 1 f_dead 1
                             67 ;	genRightShift
   0005 07            [ 4]   68 	rlca
   0006 07            [ 4]   69 	rlca
   0007 E6 03         [ 7]   70 	and	a, #0x03
                             71 ;	genCast
                             72 ;	(locations are the same)
                             73 ;	genPlus
   0009 C6 0C         [ 7]   74 	add	a, #0x0c
   000B 32r00s00      [13]   75 	ld	(#_U0GCR), a
                             76 ; common peephole 19 loaded (#_U0GCR) from a directly instead of using hl.
                             77 ;cases/./../tests/long_asm_line.c:20: ASSERT(1);
                             78 ;	genPlus
                             79 ;	genMove_o size 2 result type 2 source type 10 a_dead 1 hl_dead 1 de_dead 1 iy_dead 1 f_dead 1
   000E 2Ar00s00      [16]   80 	ld	hl, (___numTests)
   0011 23            [ 6]   81 	inc	hl
                             82 ;	genMove_o size 2 result type 10 source type 2 a_dead 1 hl_dead 1 de_dead 1 iy_dead 1 f_dead 1
   0012 22r00s00      [16]   83 	ld	(___numTests), hl
                             84 ;	genLabel
                             85 ; common peephole 159 removed unused label 00101$.
                             86 ;cases/./../tests/long_asm_line.c:21: }
                             87 ;	genEndFunction
   0015 C9            [10]   88 	ret
                             89 ;	Total testLongAsmLine function size at codegen: 1 bytes.
   0016                      90 __str_0:
   0016 41 73 73 65 72 74    91 	.ascii "Assertion failed"
        69 6F 6E 20 66 61
        69 6C 65 64
   0026 00                   92 	.db 0x00
   0027                      93 __str_1:
   0027 31                   94 	.ascii "1"
   0028 00                   95 	.db 0x00
   0029                      96 __str_2:
   0029 63 61 73 65 73 2F    97 	.ascii "cases/./../tests/long_asm_line.c"
        2E 2F 2E 2E 2F 74
        65 73 74 73 2F 6C
        6F 6E 67 5F 61 73
        6D 5F 6C 69 6E 65
        2E 63
   0049 00                   98 	.db 0x00
                             99 ;cases/tst_long_asm_line.c:4: __runSuite(void)
                            100 ;	genLabel
                            101 ;	genFunction
                            102 ;	---------------------------------
                            103 ; Function __runSuite
                            104 ; ---------------------------------
                            105 ;	Register assignment is optimal.
                            106 ; Stack space usage: 0 bytes.
   004A                     107 ___runSuite::
                            108 ;cases/tst_long_asm_line.c:6: __prints("Running testLongAsmLine\n");
                            109 ;	skipping iCode since result will be rematerialized
                            110 ;	skipping iCode since result will be rematerialized
                            111 ;	genSend
                            112 ;	genMove_o size 2 result type 2 source type 7 a_dead 1 hl_dead 1 de_dead 1 iy_dead 1 f_dead 1
   004A 21r53s00      [10]  113 	ld	hl, #___str_3
                            114 ;	genCall
   004D CDr00s00      [17]  115 	call	___prints
                            116 ;cases/tst_long_asm_line.c:7: testLongAsmLine();
                            117 ;	genCall
                            118 ;	genLabel
                            119 ; common peephole 159 removed unused label 00101$.
                            120 ;cases/tst_long_asm_line.c:8: }
                            121 ;	genEndFunction
   0050 C3r00s00      [10]  122 	jp	_testLongAsmLine
                            123 ; common peephole 152 removed unused ret.
                            124 ;	Total __runSuite function size at codegen: 1 bytes.
   0053                     125 ___str_3:
   0053 52 75 6E 6E 69 6E   126 	.ascii "Running testLongAsmLine"
        67 20 74 65 73 74
        4C 6F 6E 67 41 73
        6D 4C 69 6E 65
   006A 0A                  127 	.db 0x0a
   006B 00                  128 	.db 0x00
                            129 ;cases/tst_long_asm_line.c:13: __getSuiteName(void)
                            130 ;	genLabel
                            131 ;	genFunction
                            132 ;	---------------------------------
                            133 ; Function __getSuiteName
                            134 ; ---------------------------------
                            135 ;	Register assignment is optimal.
                            136 ; Stack space usage: 0 bytes.
   006C                     137 ___getSuiteName::
                            138 ;cases/tst_long_asm_line.c:15: return "long_asm_line.c";
                            139 ;	skipping iCode since result will be rematerialized
                            140 ;	skipping iCode since result will be rematerialized
                            141 ;	genRet
                            142 ;	genMove_o size 2 result type 2 source type 7 a_dead 1 hl_dead 1 de_dead 1 iy_dead 1 f_dead 1
   006C 11r72s00      [10]  143 	ld	de, #___str_4
                            144 ;	genLabel
                            145 ; common peephole 159 removed unused label 00101$.
                            146 ;cases/tst_long_asm_line.c:16: }
                            147 ;	genEndFunction
   006F C9            [10]  148 	ret
                            149 ;	Total __getSuiteName function size at codegen: 1 bytes.
   0070                     150 ___numCases:
   0070 01 00               151 	.dw #0x0001
   0072                     152 ___str_4:
   0072 6C 6F 6E 67 5F 61   153 	.ascii "long_asm_line.c"
        73 6D 5F 6C 69 6E
        65 2E 63
   0081 00                  154 	.db 0x00
                            155 	.area _CODE (BANK=_CSEG)
                            156 	.area _INITIALIZER
                            157 	.area _CABS (ABS)
