                              1 ;--------------------------------------------------------
                              2 ; File Created by SDCC : free open source ISO C Compiler
                              3 ; Version 4.6.2 #16710 (Linux)
                              4 ;--------------------------------------------------------
                              5 	.module tst_bp
                              6 	
                              7 ;--------------------------------------------------------
                              8 ; Public variables in this module
                              9 ;--------------------------------------------------------
                             10 	.globl _testBP
                             11 	.globl _spoil
                             12 	.globl _verifyBlock
                             13 	.globl ___prints
                             14 	.globl ___fail
                             15 	.globl ___numCases
                             16 	.globl ___runSuite
                             17 	.globl ___getSuiteName
                             18 ;--------------------------------------------------------
                             19 ; special function registers
                             20 ;--------------------------------------------------------
                             21 ;--------------------------------------------------------
                             22 ; ram data
                             23 ;--------------------------------------------------------
                             24 	.area _DATA (BANK=_DSEG)
                             25 ;--------------------------------------------------------
                             26 ; ram data
                             27 ;--------------------------------------------------------
                             28 	.area _INITIALIZED
                             29 ;--------------------------------------------------------
                             30 ; absolute ram data
                             31 ;--------------------------------------------------------
                             32 	.area _DABS (ABS)
                             33 	.area _DABS (ABS)
                             34 ;--------------------------------------------------------
                             35 ; global & static initialisations
                             36 ;--------------------------------------------------------
                             37 	.area _HOME
                             38 	.area _GSINIT
                             39 	.area _GSFINAL
                             40 	.area _GSINIT
                             41 ;--------------------------------------------------------
                             42 ; Home
                             43 ;--------------------------------------------------------
                             44 	.area _HOME (BANK=_CSEG)
                             45 	.area _HOME (BANK=_CSEG)
                             46 ;--------------------------------------------------------
                             47 ; code
                             48 ;--------------------------------------------------------
                             49 	.area _CODE (BANK=_CSEG)
                             50 ;cases/./../tests/bp.c:7: verifyBlock(char *p, char val, int len)
                             51 ;	genLabel
                             52 ;	genFunction
                             53 ;	---------------------------------
                             54 ; Function verifyBlock
                             55 ; ---------------------------------
                             56 ;	Register assignment might be sub-optimal.
                             57 ; Stack space usage: 0 bytes.
   0000                      58 _verifyBlock::
   0000 DD E5         [15]   59 	push	ix
   0002 DD 21 00 00   [14]   60 	ld	ix,	#0
   0006 DD 39         [15]   61 	add	ix, sp
                             62 ;	genReceive
                             63 ;	genMove_o size 2 result type 2 source type 2 a_dead 1 hl_dead 1 de_dead 1 iy_dead 1 f_dead 1
   0008 4D            [ 4]   64 	ld	c, l
   0009 44            [ 4]   65 	ld	b, h
                             66 ;	genMove_o size 0 result type 2 source type 1 a_dead 1 hl_dead 1 de_dead 1 iy_dead 1 f_dead 1
                             67 ;cases/./../tests/bp.c:9: while (len--) {
                             68 ;	genAssign
                             69 ;	genMove_o size 2 result type 2 source type 6 a_dead 1 hl_dead 1 de_dead 1 iy_dead 1 f_dead 1
   000A DD 5E 05      [19]   70 	ld	e, 5 (ix)
   000D DD 56 06      [19]   71 	ld	d, 6 (ix)
                             72 ;	genMove_o size 0 result type 2 source type 1 a_dead 1 hl_dead 1 de_dead 1 iy_dead 1 f_dead 1
                             73 ;	genLabel
   0010                      74 00103$:
                             75 ;	genAssign
                             76 ;	genMove_o size 2 result type 2 source type 2 a_dead 1 hl_dead 1 de_dead 0 iy_dead 1 f_dead 1
   0010 7B            [ 4]   77 	ld	a, e
   0011 6A            [ 4]   78 	ld	l, d
                             79 ;	genMove_o size 0 result type 2 source type 1 a_dead 1 hl_dead 1 de_dead 0 iy_dead 1 f_dead 1
                             80 ;	genMinus
   0012 1B            [ 6]   81 	dec	de
                             82 ;	genIfx
   0013 B5            [ 4]   83 	or	a, l
                             84 ; common peephole 163 changed absolute to relative conditional jump.
   0014 28 0C         [12]   85 	jr	z, 00105$
                             86 ;cases/./../tests/bp.c:10: if (*p++ != val) {
                             87 ;	genPointerGet
   0016 0A            [ 7]   88 	ld	a, (bc)
                             89 ;	genMove_o size 1 result type 2 source type 2 a_dead 1 hl_dead 1 de_dead 0 iy_dead 1 f_dead 1
                             90 ;	genPlus
   0017 03            [ 6]   91 	inc	bc
                             92 ;	genCmpEq
                             93 ;	genMove_o size 1 result type 2 source type 2 a_dead 1 hl_dead 1 de_dead 0 iy_dead 1 f_dead 1
   0018 DD 96 04      [19]   94 	sub	a, 4 (ix)
                             95 ; common peephole 163 changed absolute to relative conditional jump.
   001B 28 F3         [12]   96 	jr	z, 00103$
                             97 ; common peephole 81 removed jp by using inverse jump logic
                             98 ; common peephole 159 removed unused label 00132$.
                             99 ;	skipping generated iCode
                            100 ;cases/./../tests/bp.c:11: return 0;
                            101 ;	genRet
                            102 ;	genMove_o size 2 result type 2 source type 1 a_dead 1 hl_dead 1 de_dead 1 iy_dead 1 f_dead 1
   001D 11 00 00      [10]  103 	ld	de, #0x0000
                            104 ; common peephole 162 changed absolute to relative unconditional jump.
   0020 18 03         [12]  105 	jr	00106$
                            106 ;	genLabel
   0022                     107 00105$:
                            108 ;cases/./../tests/bp.c:14: return 1;
                            109 ;	genRet
                            110 ;	genMove_o size 2 result type 2 source type 1 a_dead 1 hl_dead 1 de_dead 1 iy_dead 1 f_dead 1
   0022 11 01 00      [10]  111 	ld	de, #0x0001
                            112 ;	genLabel
   0025                     113 00106$:
                            114 ;cases/./../tests/bp.c:15: }
                            115 ;	genEndFunction
   0025 DD E1         [14]  116 	pop	ix
   0027 E1            [10]  117 	pop	hl
                            118 ;	adjustStack by 3
   0028 F1            [10]  119 	pop	af
   0029 33            [ 6]  120 	inc	sp
   002A E9            [ 4]  121 	jp	(hl)
                            122 ;	Total verifyBlock function size at codegen: 6 bytes.
                            123 ;cases/./../tests/bp.c:18: spoil(int a)
                            124 ;	genLabel
                            125 ;	genFunction
                            126 ;	---------------------------------
                            127 ; Function spoil
                            128 ; ---------------------------------
                            129 ;	Register assignment is optimal.
                            130 ; Stack space usage: 0 bytes.
   002B                     131 _spoil::
                            132 ;	genReceive
                            133 ;	genMove_o size 2 result type 2 source type 2 a_dead 1 hl_dead 1 de_dead 1 iy_dead 1 f_dead 1
   002B EB            [ 4]  134 	ex	de, hl
                            135 ;	genMove_o size 0 result type 2 source type 1 a_dead 1 hl_dead 1 de_dead 1 iy_dead 1 f_dead 1
                            136 ;cases/./../tests/bp.c:20: return a;
                            137 ;	genRet
                            138 ;	genMove_o size 2 result type 2 source type 2 a_dead 1 hl_dead 1 de_dead 1 iy_dead 1 f_dead 1
                            139 ;	genLabel
                            140 ; common peephole 159 removed unused label 00101$.
                            141 ;cases/./../tests/bp.c:21: }
                            142 ;	genEndFunction
   002C C9            [10]  143 	ret
                            144 ;	Total spoil function size at codegen: 1 bytes.
                            145 ;cases/./../tests/bp.c:49: testBP(void)
                            146 ;	genLabel
                            147 ;	genFunction
                            148 ;	---------------------------------
                            149 ; Function testBP
                            150 ; ---------------------------------
                            151 ;	Register assignment might be sub-optimal.
                            152 ; Stack space usage: 50 bytes.
   002D                     153 _testBP::
   002D DD E5         [15]  154 	push	ix
   002F DD 21 00 00   [14]  155 	ld	ix,	#0
   0033 DD 39         [15]  156 	add	ix, sp
                            157 ;	adjustStack by -50
   0035 21 CE FF      [10]  158 	ld	hl, #-50
   0038 39            [11]  159 	add	hl, sp
                            160 ;cases/./../tests/bp.c:55: memset(above, ABOVE_MEM_TEST_SIZE, sizeof(above));
                            161 ;	skipping iCode since result will be rematerialized
                            162 ;	skipping iCode since result will be rematerialized
                            163 ;	genBuiltIn
                            164 ;	genMove_o size 2 result type 2 source type 8 a_dead 1 hl_dead 1 de_dead 0 iy_dead 0 f_dead 1
   0039 F9            [ 6]  165 	ld	sp, hl
                            166 ; common peephole 9c reused value still in hl.
                            167 ;	genMove_o size 2 result type 2 source type 2 a_dead 1 hl_dead 1 de_dead 0 iy_dead 0 f_dead 1
   003A 06 1E         [ 7]  168 	ld	b, #0x1e
   003C                     169 00143$:
   003C 36 11         [10]  170 	ld	(hl), #0x11
   003E 23            [ 6]  171 	inc	hl
   003F 10 FB         [13]  172 	djnz	00143$
                            173 ;	skipping generated iCode
                            174 ;	skipping generated iCode
                            175 ;	skipping generated iCode
                            176 ;cases/./../tests/bp.c:56: memset(below, BELOW_MEM_TEST_SIZE, sizeof(below));
                            177 ;	skipping iCode since result will be rematerialized
                            178 ;	skipping iCode since result will be rematerialized
                            179 ;	genBuiltIn
                            180 ;	genMove_o size 2 result type 2 source type 8 a_dead 1 hl_dead 1 de_dead 0 iy_dead 0 f_dead 1
   0041 21 1E 00      [10]  181 	ld	hl, #30
   0044 39            [11]  182 	add	hl, sp
                            183 ;	genMove_o size 2 result type 2 source type 2 a_dead 1 hl_dead 1 de_dead 0 iy_dead 0 f_dead 1
   0045 06 14         [ 7]  184 	ld	b, #0x14
   0047                     185 00145$:
   0047 36 07         [10]  186 	ld	(hl), #0x07
   0049 23            [ 6]  187 	inc	hl
   004A 10 FB         [13]  188 	djnz	00145$
                            189 ;	skipping generated iCode
                            190 ;	skipping generated iCode
                            191 ;	skipping generated iCode
                            192 ;cases/./../tests/bp.c:58: ASSERT(verifyBlock(above, ABOVE_MEM_TEST_SIZE, sizeof(above)));
                            193 ;	genPlus
                            194 ;	genMove_o size 2 result type 2 source type 10 a_dead 1 hl_dead 1 de_dead 1 iy_dead 1 f_dead 1
   004C 2Ar00s00      [16]  195 	ld	hl, (___numTests)
   004F 23            [ 6]  196 	inc	hl
                            197 ;	genMove_o size 2 result type 10 source type 2 a_dead 1 hl_dead 1 de_dead 1 iy_dead 1 f_dead 1
   0050 22r00s00      [16]  198 	ld	(___numTests), hl
                            199 ;	skipping iCode since result will be rematerialized
                            200 ;	genIpush
                            201 ;	genMove_o size 2 result type 2 source type 1 a_dead 1 hl_dead 1 de_dead 1 iy_dead 1 f_dead 1
   0053 21 1E 00      [10]  202 	ld	hl, #0x001e
   0056 E5            [11]  203 	push	hl
                            204 ;	genIpush
                            205 ;	genMove_o size 1 result type 2 source type 1 a_dead 1 hl_dead 1 de_dead 1 iy_dead 1 f_dead 1
   0057 3E 11         [ 7]  206 	ld	a, #0x11
   0059 F5            [11]  207 	push	af
   005A 33            [ 6]  208 	inc	sp
                            209 ;	genSend
                            210 ;	genMove_o size 2 result type 2 source type 8 a_dead 1 hl_dead 1 de_dead 1 iy_dead 1 f_dead 1
   005B 21 03 00      [10]  211 	ld	hl, #3
   005E 39            [11]  212 	add	hl, sp
                            213 ;	genMove_o size 2 result type 2 source type 2 a_dead 1 hl_dead 1 de_dead 1 iy_dead 1 f_dead 1
                            214 ;	genCall
   005F CDr00s00      [17]  215 	call	_verifyBlock
                            216 ;	genMove_o size 2 result type 2 source type 2 a_dead 1 hl_dead 1 de_dead 1 iy_dead 1 f_dead 1
                            217 ;	genIfx
   0062 7A            [ 4]  218 	ld	a, d
   0063 B3            [ 4]  219 	or	a, e
                            220 ; common peephole 163 changed absolute to relative conditional jump.
   0064 20 11         [12]  221 	jr	nz, 00104$
                            222 ;	skipping iCode since result will be rematerialized
                            223 ;	skipping iCode since result will be rematerialized
                            224 ;	skipping iCode since result will be rematerialized
                            225 ;	skipping iCode since result will be rematerialized
                            226 ;	skipping iCode since result will be rematerialized
                            227 ;	skipping iCode since result will be rematerialized
                            228 ;	genIpush
                            229 ;	genMove_o size 2 result type 2 source type 1 a_dead 1 hl_dead 1 de_dead 1 iy_dead 1 f_dead 1
   0066 21 3A 00      [10]  230 	ld	hl, #0x003a
   0069 E5            [11]  231 	push	hl
                            232 ;	genIpush
                            233 ;	genMove_o size 2 result type 2 source type 7 a_dead 1 hl_dead 1 de_dead 1 iy_dead 1 f_dead 1
   006A 21r45s01      [10]  234 	ld	hl, #___str_2
   006D E5            [11]  235 	push	hl
                            236 ;	genSend
                            237 ;	genMove_o size 2 result type 2 source type 7 a_dead 1 hl_dead 1 de_dead 1 iy_dead 1 f_dead 1
   006E 11r0Es01      [10]  238 	ld	de, #___str_1
                            239 ;	genSend
                            240 ;	genMove_o size 2 result type 2 source type 7 a_dead 1 hl_dead 1 de_dead 0 iy_dead 1 f_dead 1
   0071 21rFDs00      [10]  241 	ld	hl, #___str_0
                            242 ;	genCall
   0074 CDr00s00      [17]  243 	call	___fail
                            244 ;	genLabel
   0077                     245 00104$:
                            246 ;cases/./../tests/bp.c:59: ASSERT(verifyBlock(below, BELOW_MEM_TEST_SIZE, sizeof(below)));
                            247 ;	genPlus
                            248 ;	genMove_o size 2 result type 2 source type 10 a_dead 1 hl_dead 1 de_dead 1 iy_dead 1 f_dead 1
   0077 2Ar00s00      [16]  249 	ld	hl, (___numTests)
   007A 23            [ 6]  250 	inc	hl
                            251 ;	genMove_o size 2 result type 10 source type 2 a_dead 1 hl_dead 1 de_dead 1 iy_dead 1 f_dead 1
   007B 22r00s00      [16]  252 	ld	(___numTests), hl
                            253 ;	skipping iCode since result will be rematerialized
                            254 ;	genIpush
                            255 ;	genMove_o size 2 result type 2 source type 1 a_dead 1 hl_dead 1 de_dead 1 iy_dead 1 f_dead 1
   007E 21 14 00      [10]  256 	ld	hl, #0x0014
   0081 E5            [11]  257 	push	hl
                            258 ;	genIpush
                            259 ;	genMove_o size 1 result type 2 source type 1 a_dead 1 hl_dead 1 de_dead 1 iy_dead 1 f_dead 1
   0082 3E 07         [ 7]  260 	ld	a, #0x07
   0084 F5            [11]  261 	push	af
   0085 33            [ 6]  262 	inc	sp
                            263 ;	genSend
                            264 ;	genMove_o size 2 result type 2 source type 8 a_dead 1 hl_dead 1 de_dead 1 iy_dead 1 f_dead 1
   0086 21 21 00      [10]  265 	ld	hl, #33
   0089 39            [11]  266 	add	hl, sp
                            267 ;	genMove_o size 2 result type 2 source type 2 a_dead 1 hl_dead 1 de_dead 1 iy_dead 1 f_dead 1
                            268 ;	genCall
   008A CDr00s00      [17]  269 	call	_verifyBlock
                            270 ;	genMove_o size 2 result type 2 source type 2 a_dead 1 hl_dead 1 de_dead 1 iy_dead 1 f_dead 1
                            271 ;	genIfx
   008D 7A            [ 4]  272 	ld	a, d
   008E B3            [ 4]  273 	or	a, e
                            274 ; common peephole 163 changed absolute to relative conditional jump.
   008F 20 11         [12]  275 	jr	nz, 00106$
                            276 ;	skipping iCode since result will be rematerialized
                            277 ;	skipping iCode since result will be rematerialized
                            278 ;	skipping iCode since result will be rematerialized
                            279 ;	skipping iCode since result will be rematerialized
                            280 ;	skipping iCode since result will be rematerialized
                            281 ;	skipping iCode since result will be rematerialized
                            282 ;	genIpush
                            283 ;	genMove_o size 2 result type 2 source type 1 a_dead 1 hl_dead 1 de_dead 1 iy_dead 1 f_dead 1
   0091 21 3B 00      [10]  284 	ld	hl, #0x003b
   0094 E5            [11]  285 	push	hl
                            286 ;	genIpush
                            287 ;	genMove_o size 2 result type 2 source type 7 a_dead 1 hl_dead 1 de_dead 1 iy_dead 1 f_dead 1
   0095 21r45s01      [10]  288 	ld	hl, #___str_2
   0098 E5            [11]  289 	push	hl
                            290 ;	genSend
                            291 ;	genMove_o size 2 result type 2 source type 7 a_dead 1 hl_dead 1 de_dead 1 iy_dead 1 f_dead 1
   0099 11r5Bs01      [10]  292 	ld	de, #___str_3
                            293 ;	genSend
                            294 ;	genMove_o size 2 result type 2 source type 7 a_dead 1 hl_dead 1 de_dead 0 iy_dead 1 f_dead 1
   009C 21rFDs00      [10]  295 	ld	hl, #___str_0
                            296 ;	genCall
   009F CDr00s00      [17]  297 	call	___fail
                            298 ;	genLabel
   00A2                     299 00106$:
                            300 ;cases/./../tests/bp.c:64: ASSERT(verifyBlock(above, ABOVE_MEM_TEST_SIZE, sizeof(above)));
                            301 ;	genPlus
                            302 ;	genMove_o size 2 result type 2 source type 10 a_dead 1 hl_dead 1 de_dead 1 iy_dead 1 f_dead 1
   00A2 2Ar00s00      [16]  303 	ld	hl, (___numTests)
   00A5 23            [ 6]  304 	inc	hl
                            305 ;	genMove_o size 2 result type 10 source type 2 a_dead 1 hl_dead 1 de_dead 1 iy_dead 1 f_dead 1
   00A6 22r00s00      [16]  306 	ld	(___numTests), hl
                            307 ;	genIpush
                            308 ;	genMove_o size 2 result type 2 source type 1 a_dead 1 hl_dead 1 de_dead 1 iy_dead 1 f_dead 1
   00A9 21 1E 00      [10]  309 	ld	hl, #0x001e
   00AC E5            [11]  310 	push	hl
                            311 ;	genIpush
                            312 ;	genMove_o size 1 result type 2 source type 1 a_dead 1 hl_dead 1 de_dead 1 iy_dead 1 f_dead 1
   00AD 3E 11         [ 7]  313 	ld	a, #0x11
   00AF F5            [11]  314 	push	af
   00B0 33            [ 6]  315 	inc	sp
                            316 ;	genSend
                            317 ;	genMove_o size 2 result type 2 source type 8 a_dead 1 hl_dead 1 de_dead 1 iy_dead 1 f_dead 1
   00B1 21 03 00      [10]  318 	ld	hl, #3
   00B4 39            [11]  319 	add	hl, sp
                            320 ;	genMove_o size 2 result type 2 source type 2 a_dead 1 hl_dead 1 de_dead 1 iy_dead 1 f_dead 1
                            321 ;	genCall
   00B5 CDr00s00      [17]  322 	call	_verifyBlock
                            323 ;	genMove_o size 2 result type 2 source type 2 a_dead 1 hl_dead 1 de_dead 1 iy_dead 1 f_dead 1
                            324 ;	genIfx
   00B8 7A            [ 4]  325 	ld	a, d
   00B9 B3            [ 4]  326 	or	a, e
                            327 ; common peephole 163 changed absolute to relative conditional jump.
   00BA 20 11         [12]  328 	jr	nz, 00108$
                            329 ;	skipping iCode since result will be rematerialized
                            330 ;	skipping iCode since result will be rematerialized
                            331 ;	skipping iCode since result will be rematerialized
                            332 ;	skipping iCode since result will be rematerialized
                            333 ;	skipping iCode since result will be rematerialized
                            334 ;	skipping iCode since result will be rematerialized
                            335 ;	genIpush
                            336 ;	genMove_o size 2 result type 2 source type 1 a_dead 1 hl_dead 1 de_dead 1 iy_dead 1 f_dead 1
   00BC 21 40 00      [10]  337 	ld	hl, #0x0040
   00BF E5            [11]  338 	push	hl
                            339 ;	genIpush
                            340 ;	genMove_o size 2 result type 2 source type 7 a_dead 1 hl_dead 1 de_dead 1 iy_dead 1 f_dead 1
   00C0 21r45s01      [10]  341 	ld	hl, #___str_2
   00C3 E5            [11]  342 	push	hl
                            343 ;	genSend
                            344 ;	genMove_o size 2 result type 2 source type 7 a_dead 1 hl_dead 1 de_dead 1 iy_dead 1 f_dead 1
   00C4 11r0Es01      [10]  345 	ld	de, #___str_1
                            346 ;	genSend
                            347 ;	genMove_o size 2 result type 2 source type 7 a_dead 1 hl_dead 1 de_dead 0 iy_dead 1 f_dead 1
   00C7 21rFDs00      [10]  348 	ld	hl, #___str_0
                            349 ;	genCall
   00CA CDr00s00      [17]  350 	call	___fail
                            351 ;	genLabel
   00CD                     352 00108$:
                            353 ;cases/./../tests/bp.c:65: ASSERT(verifyBlock(below, BELOW_MEM_TEST_SIZE, sizeof(below)));
                            354 ;	genPlus
                            355 ;	genMove_o size 2 result type 2 source type 10 a_dead 1 hl_dead 1 de_dead 1 iy_dead 1 f_dead 1
   00CD 2Ar00s00      [16]  356 	ld	hl, (___numTests)
   00D0 23            [ 6]  357 	inc	hl
                            358 ;	genMove_o size 2 result type 10 source type 2 a_dead 1 hl_dead 1 de_dead 1 iy_dead 1 f_dead 1
   00D1 22r00s00      [16]  359 	ld	(___numTests), hl
                            360 ;	genIpush
                            361 ;	genMove_o size 2 result type 2 source type 1 a_dead 1 hl_dead 1 de_dead 1 iy_dead 1 f_dead 1
   00D4 21 14 00      [10]  362 	ld	hl, #0x0014
   00D7 E5            [11]  363 	push	hl
                            364 ;	genIpush
                            365 ;	genMove_o size 1 result type 2 source type 1 a_dead 1 hl_dead 1 de_dead 1 iy_dead 1 f_dead 1
   00D8 3E 07         [ 7]  366 	ld	a, #0x07
   00DA F5            [11]  367 	push	af
   00DB 33            [ 6]  368 	inc	sp
                            369 ;	genSend
                            370 ;	genMove_o size 2 result type 2 source type 8 a_dead 1 hl_dead 1 de_dead 1 iy_dead 1 f_dead 1
   00DC 21 21 00      [10]  371 	ld	hl, #33
   00DF 39            [11]  372 	add	hl, sp
                            373 ;	genMove_o size 2 result type 2 source type 2 a_dead 1 hl_dead 1 de_dead 1 iy_dead 1 f_dead 1
                            374 ;	genCall
   00E0 CDr00s00      [17]  375 	call	_verifyBlock
                            376 ;	genMove_o size 2 result type 2 source type 2 a_dead 1 hl_dead 1 de_dead 1 iy_dead 1 f_dead 1
                            377 ;	genIfx
   00E3 7A            [ 4]  378 	ld	a, d
   00E4 B3            [ 4]  379 	or	a, e
                            380 ; common peephole 163 changed absolute to relative conditional jump.
   00E5 20 11         [12]  381 	jr	nz, 00101$
                            382 ;	skipping iCode since result will be rematerialized
                            383 ;	skipping iCode since result will be rematerialized
                            384 ;	skipping iCode since result will be rematerialized
                            385 ;	skipping iCode since result will be rematerialized
                            386 ;	skipping iCode since result will be rematerialized
                            387 ;	skipping iCode since result will be rematerialized
                            388 ;	genIpush
                            389 ;	genMove_o size 2 result type 2 source type 1 a_dead 1 hl_dead 1 de_dead 1 iy_dead 1 f_dead 1
   00E7 21 41 00      [10]  390 	ld	hl, #0x0041
   00EA E5            [11]  391 	push	hl
                            392 ;	genIpush
                            393 ;	genMove_o size 2 result type 2 source type 7 a_dead 1 hl_dead 1 de_dead 1 iy_dead 1 f_dead 1
   00EB 21r45s01      [10]  394 	ld	hl, #___str_2
   00EE E5            [11]  395 	push	hl
                            396 ;	genSend
                            397 ;	genMove_o size 2 result type 2 source type 7 a_dead 1 hl_dead 1 de_dead 1 iy_dead 1 f_dead 1
   00EF 11r5Bs01      [10]  398 	ld	de, #___str_3
                            399 ;	genSend
                            400 ;	genMove_o size 2 result type 2 source type 7 a_dead 1 hl_dead 1 de_dead 0 iy_dead 1 f_dead 1
   00F2 21rFDs00      [10]  401 	ld	hl, #___str_0
                            402 ;	genCall
   00F5 CDr00s00      [17]  403 	call	___fail
                            404 ;	genLabel
   00F8                     405 00101$:
                            406 ;cases/./../tests/bp.c:66: }
                            407 ;	genEndFunction
   00F8 DD F9         [10]  408 	ld	sp, ix
   00FA DD E1         [14]  409 	pop	ix
   00FC C9            [10]  410 	ret
                            411 ;	Total testBP function size at codegen: 13 bytes.
   00FD                     412 ___str_0:
   00FD 41 73 73 65 72 74   413 	.ascii "Assertion failed"
        69 6F 6E 20 66 61
        69 6C 65 64
   010D 00                  414 	.db 0x00
   010E                     415 ___str_1:
   010E 76 65 72 69 66 79   416 	.ascii "verifyBlock(above, ABOVE_MEM_TEST_SIZE, sizeof(above))"
        42 6C 6F 63 6B 28
        61 62 6F 76 65 2C
        20 41 42 4F 56 45
        5F 4D 45 4D 5F 54
        45 53 54 5F 53 49
        5A 45 2C 20 73 69
        7A 65 6F 66 28 61
        62 6F 76 65 29 29
   0144 00                  417 	.db 0x00
   0145                     418 ___str_2:
   0145 63 61 73 65 73 2F   419 	.ascii "cases/./../tests/bp.c"
        2E 2F 2E 2E 2F 74
        65 73 74 73 2F 62
        70 2E 63
   015A 00                  420 	.db 0x00
   015B                     421 ___str_3:
   015B 76 65 72 69 66 79   422 	.ascii "verifyBlock(below, BELOW_MEM_TEST_SIZE, sizeof(below))"
        42 6C 6F 63 6B 28
        62 65 6C 6F 77 2C
        20 42 45 4C 4F 57
        5F 4D 45 4D 5F 54
        45 53 54 5F 53 49
        5A 45 2C 20 73 69
        7A 65 6F 66 28 62
        65 6C 6F 77 29 29
   0191 00                  423 	.db 0x00
                            424 ;cases/tst_bp.c:4: __runSuite(void)
                            425 ;	genLabel
                            426 ;	genFunction
                            427 ;	---------------------------------
                            428 ; Function __runSuite
                            429 ; ---------------------------------
                            430 ;	Register assignment is optimal.
                            431 ; Stack space usage: 0 bytes.
   0192                     432 ___runSuite::
                            433 ;cases/tst_bp.c:6: __prints("Running testBP\n");
                            434 ;	skipping iCode since result will be rematerialized
                            435 ;	skipping iCode since result will be rematerialized
                            436 ;	genSend
                            437 ;	genMove_o size 2 result type 2 source type 7 a_dead 1 hl_dead 1 de_dead 1 iy_dead 1 f_dead 1
   0192 21r9Bs01      [10]  438 	ld	hl, #___str_4
                            439 ;	genCall
   0195 CDr00s00      [17]  440 	call	___prints
                            441 ;cases/tst_bp.c:7: testBP();
                            442 ;	genCall
                            443 ;	genLabel
                            444 ; common peephole 159 removed unused label 00101$.
                            445 ;cases/tst_bp.c:8: }
                            446 ;	genEndFunction
   0198 C3r2Ds00      [10]  447 	jp	_testBP
                            448 ; common peephole 152 removed unused ret.
                            449 ;	Total __runSuite function size at codegen: 1 bytes.
   019B                     450 ___str_4:
   019B 52 75 6E 6E 69 6E   451 	.ascii "Running testBP"
        67 20 74 65 73 74
        42 50
   01A9 0A                  452 	.db 0x0a
   01AA 00                  453 	.db 0x00
                            454 ;cases/tst_bp.c:13: __getSuiteName(void)
                            455 ;	genLabel
                            456 ;	genFunction
                            457 ;	---------------------------------
                            458 ; Function __getSuiteName
                            459 ; ---------------------------------
                            460 ;	Register assignment is optimal.
                            461 ; Stack space usage: 0 bytes.
   01AB                     462 ___getSuiteName::
                            463 ;cases/tst_bp.c:15: return "bp.c";
                            464 ;	skipping iCode since result will be rematerialized
                            465 ;	skipping iCode since result will be rematerialized
                            466 ;	genRet
                            467 ;	genMove_o size 2 result type 2 source type 7 a_dead 1 hl_dead 1 de_dead 1 iy_dead 1 f_dead 1
   01AB 11rB1s01      [10]  468 	ld	de, #___str_5
                            469 ;	genLabel
                            470 ; common peephole 159 removed unused label 00101$.
                            471 ;cases/tst_bp.c:16: }
                            472 ;	genEndFunction
   01AE C9            [10]  473 	ret
                            474 ;	Total __getSuiteName function size at codegen: 1 bytes.
   01AF                     475 ___numCases:
   01AF 01 00               476 	.dw #0x0001
   01B1                     477 ___str_5:
   01B1 62 70 2E 63         478 	.ascii "bp.c"
   01B5 00                  479 	.db 0x00
                            480 	.area _CODE (BANK=_CSEG)
                            481 	.area _INITIALIZER
                            482 	.area _CABS (ABS)
