                              1 ;--------------------------------------------------------
                              2 ; File Created by SDCC : free open source ISO C Compiler
                              3 ; Version 4.6.2 #16710 (Linux)
                              4 ;--------------------------------------------------------
                              5 	.module tst_bug_2629
                              6 	
                              7 ;--------------------------------------------------------
                              8 ; Public variables in this module
                              9 ;--------------------------------------------------------
                             10 	.globl _testBug
                             11 	.globl _ptrs1
                             12 	.globl ___prints
                             13 	.globl ___fail
                             14 	.globl ___numCases
                             15 	.globl _data
                             16 	.globl _ptrs
                             17 	.globl ___runSuite
                             18 	.globl ___getSuiteName
                             19 ;--------------------------------------------------------
                             20 ; special function registers
                             21 ;--------------------------------------------------------
                             22 ;--------------------------------------------------------
                             23 ; ram data
                             24 ;--------------------------------------------------------
                             25 	.area _DATA (BANK=_DSEG)
                             26 ;--------------------------------------------------------
                             27 ; ram data
                             28 ;--------------------------------------------------------
                             29 	.area _INITIALIZED
                             30 ;--------------------------------------------------------
                             31 ; absolute ram data
                             32 ;--------------------------------------------------------
                             33 	.area _DABS (ABS)
                             34 	.area _DABS (ABS)
                             35 ;--------------------------------------------------------
                             36 ; global & static initialisations
                             37 ;--------------------------------------------------------
                             38 	.area _HOME
                             39 	.area _GSINIT
                             40 	.area _GSFINAL
                             41 	.area _GSINIT
                             42 ;--------------------------------------------------------
                             43 ; Home
                             44 ;--------------------------------------------------------
                             45 	.area _HOME (BANK=_CSEG)
                             46 	.area _HOME (BANK=_CSEG)
                             47 ;--------------------------------------------------------
                             48 ; code
                             49 ;--------------------------------------------------------
                             50 	.area _CODE (BANK=_CSEG)
                             51 ;cases/./../tests/bug-2629.c:13: void ptrs1()
                             52 ;	genLabel
                             53 ;	genFunction
                             54 ;	---------------------------------
                             55 ; Function ptrs1
                             56 ; ---------------------------------
                             57 ;	Register assignment is optimal.
                             58 ; Stack space usage: 0 bytes.
   0000                      59 _ptrs1::
                             60 ;cases/./../tests/bug-2629.c:15: ptrs(data); // False error on about incompatible types this line
                             61 ;	skipping iCode since result will be rematerialized
                             62 ;	skipping iCode since result will be rematerialized
                             63 ;	genSend
                             64 ;	genMove_o size 2 result type 2 source type 7 a_dead 1 hl_dead 1 de_dead 1 iy_dead 1 f_dead 1
   0000 21r06s00      [10]   65 	ld	hl, #_data
                             66 ;	genCall
                             67 ;	genLabel
                             68 ; common peephole 159 removed unused label 00101$.
                             69 ;cases/./../tests/bug-2629.c:16: }
                             70 ;	genEndFunction
   0003 C3r76s00      [10]   71 	jp	_ptrs
                             72 ; common peephole 152 removed unused ret.
                             73 ;	Total ptrs1 function size at codegen: 1 bytes.
   0006                      74 _data:
   0006r0Cs00                75 	.dw __str_0
   0008r0Es00                76 	.dw __str_1
   000Ar10s00                77 	.dw __str_2
   000C                      78 __str_0:
   000C 61                   79 	.ascii "a"
   000D 00                   80 	.db 0x00
   000E                      81 __str_1:
   000E 62                   82 	.ascii "b"
   000F 00                   83 	.db 0x00
   0010                      84 __str_2:
   0010 63                   85 	.ascii "c"
   0011 00                   86 	.db 0x00
                             87 ;cases/./../tests/bug-2629.c:18: void testBug(void)
                             88 ;	genLabel
                             89 ;	genFunction
                             90 ;	---------------------------------
                             91 ; Function testBug
                             92 ; ---------------------------------
                             93 ;	Register assignment might be sub-optimal.
                             94 ; Stack space usage: 0 bytes.
   0012                      95 _testBug::
                             96 ;cases/./../tests/bug-2629.c:20: ptrs1();
                             97 ;	genCall
   0012 CDr00s00      [17]   98 	call	_ptrs1
                             99 ;cases/./../tests/bug-2629.c:21: ASSERT (ptrs(data) == 'b');
                            100 ;	genPlus
                            101 ;	genMove_o size 2 result type 2 source type 10 a_dead 1 hl_dead 1 de_dead 1 iy_dead 1 f_dead 1
   0015 2Ar00s00      [16]  102 	ld	hl, (___numTests)
   0018 23            [ 6]  103 	inc	hl
                            104 ;	genMove_o size 2 result type 10 source type 2 a_dead 1 hl_dead 1 de_dead 1 iy_dead 1 f_dead 1
   0019 22r00s00      [16]  105 	ld	(___numTests), hl
                            106 ;	skipping iCode since result will be rematerialized
                            107 ;	skipping iCode since result will be rematerialized
                            108 ;	genSend
                            109 ;	genMove_o size 2 result type 2 source type 7 a_dead 1 hl_dead 1 de_dead 1 iy_dead 1 f_dead 1
   001C 21r06s00      [10]  110 	ld	hl, #_data
                            111 ;	genCall
   001F CDr76s00      [17]  112 	call	_ptrs
                            113 ;	genMove_o size 1 result type 2 source type 2 a_dead 1 hl_dead 1 de_dead 1 iy_dead 1 f_dead 1
                            114 ;	genCmpEq
   0022 FE 62         [ 7]  115 	cp	a, #0x62
   0024 C8            [11]  116 	ret	z
                            117 ; common peephole 161 replaced jump by return.
                            118 ; common peephole 81 removed jp by using inverse jump logic
                            119 ; common peephole 159 removed unused label 00113$.
                            120 ;	skipping generated iCode
                            121 ;	skipping iCode since result will be rematerialized
                            122 ;	skipping iCode since result will be rematerialized
                            123 ;	skipping iCode since result will be rematerialized
                            124 ;	skipping iCode since result will be rematerialized
                            125 ;	skipping iCode since result will be rematerialized
                            126 ;	skipping iCode since result will be rematerialized
                            127 ;	genIpush
                            128 ;	genMove_o size 2 result type 2 source type 1 a_dead 1 hl_dead 1 de_dead 1 iy_dead 1 f_dead 1
   0025 21 15 00      [10]  129 	ld	hl, #0x0015
   0028 E5            [11]  130 	push	hl
                            131 ;	genIpush
                            132 ;	genMove_o size 2 result type 2 source type 7 a_dead 1 hl_dead 1 de_dead 1 iy_dead 1 f_dead 1
   0029 21r5As00      [10]  133 	ld	hl, #___str_5
   002C E5            [11]  134 	push	hl
                            135 ;	genSend
                            136 ;	genMove_o size 2 result type 2 source type 7 a_dead 1 hl_dead 1 de_dead 1 iy_dead 1 f_dead 1
   002D 11r48s00      [10]  137 	ld	de, #___str_4
                            138 ;	genSend
                            139 ;	genMove_o size 2 result type 2 source type 7 a_dead 1 hl_dead 1 de_dead 0 iy_dead 1 f_dead 1
   0030 21r37s00      [10]  140 	ld	hl, #___str_3
                            141 ;	genCall
   0033 CDr00s00      [17]  142 	call	___fail
                            143 ;	genLabel
                            144 ; common peephole 159 removed unused label 00101$.
                            145 ;cases/./../tests/bug-2629.c:22: }
                            146 ;	genEndFunction
   0036 C9            [10]  147 	ret
                            148 ;	Total testBug function size at codegen: 1 bytes.
   0037                     149 ___str_3:
   0037 41 73 73 65 72 74   150 	.ascii "Assertion failed"
        69 6F 6E 20 66 61
        69 6C 65 64
   0047 00                  151 	.db 0x00
   0048                     152 ___str_4:
   0048 70 74 72 73 28 64   153 	.ascii "ptrs(data) == 'b'"
        61 74 61 29 20 3D
        3D 20 27 62 27
   0059 00                  154 	.db 0x00
   005A                     155 ___str_5:
   005A 63 61 73 65 73 2F   156 	.ascii "cases/./../tests/bug-2629.c"
        2E 2F 2E 2E 2F 74
        65 73 74 73 2F 62
        75 67 2D 32 36 32
        39 2E 63
   0075 00                  157 	.db 0x00
                            158 ;cases/./../tests/bug-2629.c:24: char ptrs(const char *const * ptr)
                            159 ;	genLabel
                            160 ;	genFunction
                            161 ;	---------------------------------
                            162 ; Function ptrs
                            163 ; ---------------------------------
                            164 ;	Register assignment might be sub-optimal.
                            165 ; Stack space usage: 0 bytes.
   0076                     166 _ptrs::
                            167 ;	genReceive
                            168 ;	genMove_o size 2 result type 2 source type 2 a_dead 1 hl_dead 1 de_dead 1 iy_dead 1 f_dead 1
                            169 ;cases/./../tests/bug-2629.c:26: return ptr[1][0];
                            170 ;	genPointerGet
                            171 ;fetchPairLong
   0076 23            [ 6]  172 	inc	hl
   0077 23            [ 6]  173 	inc	hl
                            174 ;	_moveFrom_tpair_()
   0078 4E            [ 7]  175 	ld	c, (hl)
   0079 23            [ 6]  176 	inc	hl
                            177 ;	_moveFrom_tpair_()
   007A 46            [ 7]  178 	ld	b, (hl)
                            179 ;	genPointerGet
   007B 0A            [ 7]  180 	ld	a, (bc)
                            181 ;	genMove_o size 1 result type 2 source type 2 a_dead 1 hl_dead 1 de_dead 1 iy_dead 1 f_dead 1
                            182 ;	genRet
                            183 ;	genMove_o size 1 result type 2 source type 2 a_dead 1 hl_dead 1 de_dead 1 iy_dead 1 f_dead 1
                            184 ;	genLabel
                            185 ; common peephole 159 removed unused label 00101$.
                            186 ;cases/./../tests/bug-2629.c:27: }
                            187 ;	genEndFunction
   007C C9            [10]  188 	ret
                            189 ;	Total ptrs function size at codegen: 1 bytes.
                            190 ;cases/tst_bug-2629.c:4: __runSuite(void)
                            191 ;	genLabel
                            192 ;	genFunction
                            193 ;	---------------------------------
                            194 ; Function __runSuite
                            195 ; ---------------------------------
                            196 ;	Register assignment is optimal.
                            197 ; Stack space usage: 0 bytes.
   007D                     198 ___runSuite::
                            199 ;cases/tst_bug-2629.c:6: __prints("Running testBug\n");
                            200 ;	skipping iCode since result will be rematerialized
                            201 ;	skipping iCode since result will be rematerialized
                            202 ;	genSend
                            203 ;	genMove_o size 2 result type 2 source type 7 a_dead 1 hl_dead 1 de_dead 1 iy_dead 1 f_dead 1
   007D 21r86s00      [10]  204 	ld	hl, #___str_6
                            205 ;	genCall
   0080 CDr00s00      [17]  206 	call	___prints
                            207 ;cases/tst_bug-2629.c:7: testBug();
                            208 ;	genCall
                            209 ;	genLabel
                            210 ; common peephole 159 removed unused label 00101$.
                            211 ;cases/tst_bug-2629.c:8: }
                            212 ;	genEndFunction
   0083 C3r12s00      [10]  213 	jp	_testBug
                            214 ; common peephole 152 removed unused ret.
                            215 ;	Total __runSuite function size at codegen: 1 bytes.
   0086                     216 ___str_6:
   0086 52 75 6E 6E 69 6E   217 	.ascii "Running testBug"
        67 20 74 65 73 74
        42 75 67
   0095 0A                  218 	.db 0x0a
   0096 00                  219 	.db 0x00
                            220 ;cases/tst_bug-2629.c:13: __getSuiteName(void)
                            221 ;	genLabel
                            222 ;	genFunction
                            223 ;	---------------------------------
                            224 ; Function __getSuiteName
                            225 ; ---------------------------------
                            226 ;	Register assignment is optimal.
                            227 ; Stack space usage: 0 bytes.
   0097                     228 ___getSuiteName::
                            229 ;cases/tst_bug-2629.c:15: return "bug-2629.c";
                            230 ;	skipping iCode since result will be rematerialized
                            231 ;	skipping iCode since result will be rematerialized
                            232 ;	genRet
                            233 ;	genMove_o size 2 result type 2 source type 7 a_dead 1 hl_dead 1 de_dead 1 iy_dead 1 f_dead 1
   0097 11r9Ds00      [10]  234 	ld	de, #___str_7
                            235 ;	genLabel
                            236 ; common peephole 159 removed unused label 00101$.
                            237 ;cases/tst_bug-2629.c:16: }
                            238 ;	genEndFunction
   009A C9            [10]  239 	ret
                            240 ;	Total __getSuiteName function size at codegen: 1 bytes.
   009B                     241 ___numCases:
   009B 01 00               242 	.dw #0x0001
   009D                     243 ___str_7:
   009D 62 75 67 2D 32 36   244 	.ascii "bug-2629.c"
        32 39 2E 63
   00A7 00                  245 	.db 0x00
                            246 	.area _CODE (BANK=_CSEG)
                            247 	.area _INITIALIZER
                            248 	.area _CABS (ABS)
