                              1 ;--------------------------------------------------------
                              2 ; File Created by SDCC : free open source ISO C Compiler
                              3 ; Version 4.6.2 #16710 (Linux)
                              4 ;--------------------------------------------------------
                              5 	.module tst_gcc_torture_execute_990117_1
                              6 	
                              7 ;--------------------------------------------------------
                              8 ; Public variables in this module
                              9 ;--------------------------------------------------------
                             10 	.globl _testTortureExecute
                             11 	.globl _foo
                             12 	.globl ___prints
                             13 	.globl ___fail
                             14 	.globl ___numCases
                             15 	.globl ___runSuite
                             16 	.globl ___getSuiteName
                             17 ;--------------------------------------------------------
                             18 ; special function registers
                             19 ;--------------------------------------------------------
                             20 ;--------------------------------------------------------
                             21 ; ram data
                             22 ;--------------------------------------------------------
                             23 	.area _DATA (BANK=_DSEG)
                             24 ;--------------------------------------------------------
                             25 ; ram data
                             26 ;--------------------------------------------------------
                             27 	.area _INITIALIZED
                             28 ;--------------------------------------------------------
                             29 ; absolute ram data
                             30 ;--------------------------------------------------------
                             31 	.area _DABS (ABS)
                             32 	.area _DABS (ABS)
                             33 ;--------------------------------------------------------
                             34 ; global & static initialisations
                             35 ;--------------------------------------------------------
                             36 	.area _HOME
                             37 	.area _GSINIT
                             38 	.area _GSFINAL
                             39 	.area _GSINIT
                             40 ;--------------------------------------------------------
                             41 ; Home
                             42 ;--------------------------------------------------------
                             43 	.area _HOME (BANK=_CSEG)
                             44 	.area _HOME (BANK=_CSEG)
                             45 ;--------------------------------------------------------
                             46 ; code
                             47 ;--------------------------------------------------------
                             48 	.area _CODE (BANK=_CSEG)
                             49 ;cases/./../tests/gcc-torture-execute-990117-1.c:13: foo (int x, int y, int i, int j)
                             50 ;	genLabel
                             51 ;	genFunction
                             52 ;	---------------------------------
                             53 ; Function foo
                             54 ; ---------------------------------
                             55 ;	Register assignment might be sub-optimal.
                             56 ; Stack space usage: 4 bytes.
   0000                      57 _foo::
   0000 DD E5         [15]   58 	push	ix
   0002 DD 21 00 00   [14]   59 	ld	ix,	#0
   0006 DD 39         [15]   60 	add	ix, sp
                             61 ;	adjustStack by -4
   0008 F5            [11]   62 	push	af
   0009 F5            [11]   63 	push	af
                             64 ;	genReceive
                             65 ;	genMove_o size 2 result type 2 source type 2 a_dead 1 hl_dead 1 de_dead 0 iy_dead 1 f_dead 1
                             66 ;	genReceive
                             67 ;	genMove_o size 2 result type 2 source type 2 a_dead 1 hl_dead 0 de_dead 1 iy_dead 1 f_dead 1
                             68 ;cases/./../tests/gcc-torture-execute-990117-1.c:15: double tmp1 = ((double) x / y);
                             69 ;	genSend
   000A D5            [11]   70 	push	de
                             71 ;	genMove_o size 2 result type 2 source type 2 a_dead 1 hl_dead 1 de_dead 0 iy_dead 1 f_dead 1
                             72 ;	genCall
   000B CDr00s00      [17]   73 	call	___sint2fs
                             74 ;	genMove_o size 4 result type 2 source type 2 a_dead 1 hl_dead 1 de_dead 1 iy_dead 1 f_dead 1
   000E 4B            [ 4]   75 	ld	c, e
   000F 42            [ 4]   76 	ld	b, d
                             77 ;	genMove_o size 0 result type 2 source type 1 a_dead 1 hl_dead 1 de_dead 1 iy_dead 1 f_dead 1
   0010 D1            [10]   78 	pop	de
                             79 ;	genSend
   0011 E5            [11]   80 	push	hl
   0012 C5            [11]   81 	push	bc
                             82 ;	genMove_o size 2 result type 2 source type 2 a_dead 1 hl_dead 0 de_dead 1 iy_dead 1 f_dead 1
   0013 EB            [ 4]   83 	ex	de, hl
                             84 ;	genMove_o size 0 result type 2 source type 1 a_dead 1 hl_dead 1 de_dead 1 iy_dead 1 f_dead 1
                             85 ;	genCall
   0014 CDr00s00      [17]   86 	call	___sint2fs
                             87 ;	genMove_o size 4 result type 2 source type 2 a_dead 1 hl_dead 1 de_dead 1 iy_dead 1 f_dead 1
   0017 E5            [11]   88 	push	hl
   0018 FD E1         [14]   89 	pop	iy
                             90 ;	genMove_o size 0 result type 2 source type 1 a_dead 1 hl_dead 1 de_dead 1 iy_dead 1 f_dead 1
   001A C1            [10]   91 	pop	bc
   001B E1            [10]   92 	pop	hl
                             93 ;	genIpush
   001C FD E5         [15]   94 	push	iy
   001E D5            [11]   95 	push	de
                             96 ;	genSend
                             97 ;	genMove_o size 4 result type 2 source type 2 a_dead 1 hl_dead 1 de_dead 1 iy_dead 1 f_dead 1
   001F 59            [ 4]   98 	ld	e, c
   0020 50            [ 4]   99 	ld	d, b
                            100 ;	genMove_o size 0 result type 2 source type 1 a_dead 1 hl_dead 1 de_dead 1 iy_dead 1 f_dead 1
                            101 ;cases/./../tests/gcc-torture-execute-990117-1.c:16: double tmp2 = ((double) i / j);
                            102 ;	genCall
   0021 CDr00s00      [17]  103 	call	___fsdiv
                            104 ;	genMove_o size 4 result type 6 source type 2 a_dead 1 hl_dead 1 de_dead 1 iy_dead 1 f_dead 1
   0024 33            [ 6]  105 	inc	sp
   0025 33            [ 6]  106 	inc	sp
   0026 D5            [11]  107 	push	de
   0027 DD 75 FE      [19]  108 	ld	-2 (ix), l
   002A DD 74 FF      [19]  109 	ld	-1 (ix), h
                            110 ;	genMove_o size 0 result type 6 source type 1 a_dead 1 hl_dead 1 de_dead 1 iy_dead 1 f_dead 1
                            111 ;	genSend
                            112 ;	genMove_o size 2 result type 2 source type 6 a_dead 1 hl_dead 1 de_dead 1 iy_dead 1 f_dead 1
   002D DD 6E 04      [19]  113 	ld	l, 4 (ix)
   0030 DD 66 05      [19]  114 	ld	h, 5 (ix)
                            115 ;	genMove_o size 0 result type 2 source type 1 a_dead 1 hl_dead 1 de_dead 1 iy_dead 1 f_dead 1
                            116 ;	genCall
   0033 CDr00s00      [17]  117 	call	___sint2fs
                            118 ;	genMove_o size 4 result type 2 source type 2 a_dead 1 hl_dead 1 de_dead 1 iy_dead 1 f_dead 1
                            119 ;	genSend
   0036 E5            [11]  120 	push	hl
   0037 D5            [11]  121 	push	de
                            122 ;	genMove_o size 2 result type 2 source type 6 a_dead 1 hl_dead 0 de_dead 0 iy_dead 1 f_dead 1
   0038 DD 6E 06      [19]  123 	ld	l, 6 (ix)
   003B DD 66 07      [19]  124 	ld	h, 7 (ix)
                            125 ;	genMove_o size 0 result type 2 source type 1 a_dead 1 hl_dead 1 de_dead 0 iy_dead 1 f_dead 1
                            126 ;	genCall
   003E CDr00s00      [17]  127 	call	___sint2fs
                            128 ;	genMove_o size 4 result type 2 source type 2 a_dead 1 hl_dead 1 de_dead 1 iy_dead 1 f_dead 1
   0041 E5            [11]  129 	push	hl
   0042 FD E1         [14]  130 	pop	iy
   0044 4B            [ 4]  131 	ld	c, e
   0045 42            [ 4]  132 	ld	b, d
                            133 ;	genMove_o size 0 result type 2 source type 1 a_dead 1 hl_dead 1 de_dead 1 iy_dead 1 f_dead 1
   0046 D1            [10]  134 	pop	de
   0047 E1            [10]  135 	pop	hl
                            136 ;	genIpush
   0048 FD E5         [15]  137 	push	iy
   004A C5            [11]  138 	push	bc
                            139 ;	genSend
                            140 ;	genMove_o size 4 result type 2 source type 2 a_dead 1 hl_dead 1 de_dead 1 iy_dead 1 f_dead 1
                            141 ;cases/./../tests/gcc-torture-execute-990117-1.c:18: return tmp1 < tmp2;
                            142 ;	genCall
   004B CDr00s00      [17]  143 	call	___fsdiv
                            144 ;	genMove_o size 4 result type 2 source type 2 a_dead 1 hl_dead 1 de_dead 1 iy_dead 1 f_dead 1
                            145 ;	genIpush
   004E E5            [11]  146 	push	hl
   004F D5            [11]  147 	push	de
                            148 ;	genSend
                            149 ;	genMove_o size 4 result type 2 source type 6 a_dead 1 hl_dead 1 de_dead 1 iy_dead 1 f_dead 1
   0050 DD 5E FC      [19]  150 	ld	e, -4 (ix)
   0053 DD 56 FD      [19]  151 	ld	d, -3 (ix)
   0056 DD 6E FE      [19]  152 	ld	l, -2 (ix)
   0059 DD 66 FF      [19]  153 	ld	h, -1 (ix)
                            154 ;	genMove_o size 0 result type 2 source type 1 a_dead 1 hl_dead 1 de_dead 1 iy_dead 1 f_dead 1
                            155 ;	genCall
   005C CDr00s00      [17]  156 	call	___fslt
                            157 ;	genMove_o size 1 result type 2 source type 2 a_dead 1 hl_dead 1 de_dead 1 iy_dead 1 f_dead 1
                            158 ;	genCast
                            159 ;	genMove_o size 1 result type 2 source type 2 a_dead 1 hl_dead 1 de_dead 1 iy_dead 1 f_dead 1
   005F 5F            [ 4]  160 	ld	e, a
                            161 ;	genMove_o size 0 result type 2 source type 1 a_dead 1 hl_dead 1 de_dead 0 iy_dead 1 f_dead 1
                            162 ;	genMove_o size 1 result type 2 source type 1 a_dead 1 hl_dead 1 de_dead 0 iy_dead 1 f_dead 1
   0060 16 00         [ 7]  163 	ld	d, #0x00
                            164 ;	genRet
                            165 ;	genMove_o size 2 result type 2 source type 2 a_dead 1 hl_dead 1 de_dead 1 iy_dead 1 f_dead 1
                            166 ;	genLabel
                            167 ; common peephole 159 removed unused label 00101$.
                            168 ;cases/./../tests/gcc-torture-execute-990117-1.c:19: }
                            169 ;	genEndFunction
   0062 DD F9         [10]  170 	ld	sp, ix
   0064 DD E1         [14]  171 	pop	ix
   0066 E1            [10]  172 	pop	hl
                            173 ;	adjustStack by 4
   0067 F1            [10]  174 	pop	af
   0068 F1            [10]  175 	pop	af
   0069 E9            [ 4]  176 	jp	(hl)
                            177 ;	Total foo function size at codegen: 8 bytes.
                            178 ;cases/./../tests/gcc-torture-execute-990117-1.c:23: testTortureExecute (void)
                            179 ;	genLabel
                            180 ;	genFunction
                            181 ;	---------------------------------
                            182 ; Function testTortureExecute
                            183 ; ---------------------------------
                            184 ;	Register assignment might be sub-optimal.
                            185 ; Stack space usage: 0 bytes.
   006A                     186 _testTortureExecute::
                            187 ;cases/./../tests/gcc-torture-execute-990117-1.c:26: if (foo (2, 24, 3, 4) == 0)
                            188 ;	genIpush
                            189 ;	genMove_o size 2 result type 2 source type 1 a_dead 1 hl_dead 1 de_dead 1 iy_dead 1 f_dead 1
   006A 21 04 00      [10]  190 	ld	hl, #0x0004
   006D E5            [11]  191 	push	hl
                            192 ;	genIpush
                            193 ;	genMove_o size 2 result type 2 source type 1 a_dead 1 hl_dead 1 de_dead 1 iy_dead 1 f_dead 1
   006E 2E 03         [ 7]  194 	ld	l, #0x03
   0070 E5            [11]  195 	push	hl
                            196 ;	genSend
                            197 ;	genMove_o size 2 result type 2 source type 1 a_dead 1 hl_dead 1 de_dead 1 iy_dead 1 f_dead 1
   0071 11 18 00      [10]  198 	ld	de, #0x0018
                            199 ;	genSend
                            200 ;	genMove_o size 2 result type 2 source type 1 a_dead 1 hl_dead 1 de_dead 0 iy_dead 1 f_dead 1
   0074 2E 02         [ 7]  201 	ld	l, #0x02
                            202 ;	genCall
   0076 CDr00s00      [17]  203 	call	_foo
                            204 ;	genMove_o size 2 result type 2 source type 2 a_dead 1 hl_dead 1 de_dead 1 iy_dead 1 f_dead 1
                            205 ;	genIfx
   0079 7A            [ 4]  206 	ld	a, d
   007A B3            [ 4]  207 	or	a, e
   007B C0            [11]  208 	ret	nz
                            209 ; common peephole 161 replaced jump by return.
                            210 ;cases/./../tests/gcc-torture-execute-990117-1.c:27: ASSERT (0);
                            211 ;	genPlus
                            212 ;	genMove_o size 2 result type 2 source type 10 a_dead 1 hl_dead 1 de_dead 1 iy_dead 1 f_dead 1
   007C 2Ar00s00      [16]  213 	ld	hl, (___numTests)
   007F 23            [ 6]  214 	inc	hl
                            215 ;	genMove_o size 2 result type 10 source type 2 a_dead 1 hl_dead 1 de_dead 1 iy_dead 1 f_dead 1
   0080 22r00s00      [16]  216 	ld	(___numTests), hl
                            217 ;	skipping iCode since result will be rematerialized
                            218 ;	skipping iCode since result will be rematerialized
                            219 ;	skipping iCode since result will be rematerialized
                            220 ;	skipping iCode since result will be rematerialized
                            221 ;	skipping iCode since result will be rematerialized
                            222 ;	skipping iCode since result will be rematerialized
                            223 ;	genIpush
                            224 ;	genMove_o size 2 result type 2 source type 1 a_dead 1 hl_dead 1 de_dead 1 iy_dead 1 f_dead 1
   0083 21 1B 00      [10]  225 	ld	hl, #0x001b
   0086 E5            [11]  226 	push	hl
                            227 ;	genIpush
                            228 ;	genMove_o size 2 result type 2 source type 7 a_dead 1 hl_dead 1 de_dead 1 iy_dead 1 f_dead 1
   0087 21rA8s00      [10]  229 	ld	hl, #__str_2
   008A E5            [11]  230 	push	hl
                            231 ;	genSend
                            232 ;	genMove_o size 2 result type 2 source type 7 a_dead 1 hl_dead 1 de_dead 1 iy_dead 1 f_dead 1
   008B 11rA6s00      [10]  233 	ld	de, #__str_1
                            234 ;	genSend
                            235 ;	genMove_o size 2 result type 2 source type 7 a_dead 1 hl_dead 1 de_dead 0 iy_dead 1 f_dead 1
   008E 21r95s00      [10]  236 	ld	hl, #__str_0
                            237 ;	genCall
   0091 CDr00s00      [17]  238 	call	___fail
                            239 ;	genLabel
                            240 ; common peephole 159 removed unused label 00102$.
                            241 ;cases/./../tests/gcc-torture-execute-990117-1.c:28: return;
                            242 ;	genRet
                            243 ;	genLabel
                            244 ; common peephole 159 removed unused label 00103$.
                            245 ;cases/./../tests/gcc-torture-execute-990117-1.c:30: }
                            246 ;	genEndFunction
   0094 C9            [10]  247 	ret
                            248 ;	Total testTortureExecute function size at codegen: 1 bytes.
   0095                     249 __str_0:
   0095 41 73 73 65 72 74   250 	.ascii "Assertion failed"
        69 6F 6E 20 66 61
        69 6C 65 64
   00A5 00                  251 	.db 0x00
   00A6                     252 __str_1:
   00A6 30                  253 	.ascii "0"
   00A7 00                  254 	.db 0x00
   00A8                     255 __str_2:
   00A8 63 61 73 65 73 2F   256 	.ascii "cases/./../tests/gcc-torture-execute-990117-1.c"
        2E 2F 2E 2E 2F 74
        65 73 74 73 2F 67
        63 63 2D 74 6F 72
        74 75 72 65 2D 65
        78 65 63 75 74 65
        2D 39 39 30 31 31
        37 2D 31 2E 63
   00D7 00                  257 	.db 0x00
                            258 ;cases/tst_gcc-torture-execute-990117-1.c:4: __runSuite(void)
                            259 ;	genLabel
                            260 ;	genFunction
                            261 ;	---------------------------------
                            262 ; Function __runSuite
                            263 ; ---------------------------------
                            264 ;	Register assignment is optimal.
                            265 ; Stack space usage: 0 bytes.
   00D8                     266 ___runSuite::
                            267 ;cases/tst_gcc-torture-execute-990117-1.c:6: __prints("Running testTortureExecute\n");
                            268 ;	skipping iCode since result will be rematerialized
                            269 ;	skipping iCode since result will be rematerialized
                            270 ;	genSend
                            271 ;	genMove_o size 2 result type 2 source type 7 a_dead 1 hl_dead 1 de_dead 1 iy_dead 1 f_dead 1
   00D8 21rE1s00      [10]  272 	ld	hl, #___str_3
                            273 ;	genCall
   00DB CDr00s00      [17]  274 	call	___prints
                            275 ;cases/tst_gcc-torture-execute-990117-1.c:7: testTortureExecute();
                            276 ;	genCall
                            277 ;	genLabel
                            278 ; common peephole 159 removed unused label 00101$.
                            279 ;cases/tst_gcc-torture-execute-990117-1.c:8: }
                            280 ;	genEndFunction
   00DE C3r6As00      [10]  281 	jp	_testTortureExecute
                            282 ; common peephole 152 removed unused ret.
                            283 ;	Total __runSuite function size at codegen: 1 bytes.
   00E1                     284 ___str_3:
   00E1 52 75 6E 6E 69 6E   285 	.ascii "Running testTortureExecute"
        67 20 74 65 73 74
        54 6F 72 74 75 72
        65 45 78 65 63 75
        74 65
   00FB 0A                  286 	.db 0x0a
   00FC 00                  287 	.db 0x00
                            288 ;cases/tst_gcc-torture-execute-990117-1.c:13: __getSuiteName(void)
                            289 ;	genLabel
                            290 ;	genFunction
                            291 ;	---------------------------------
                            292 ; Function __getSuiteName
                            293 ; ---------------------------------
                            294 ;	Register assignment is optimal.
                            295 ; Stack space usage: 0 bytes.
   00FD                     296 ___getSuiteName::
                            297 ;cases/tst_gcc-torture-execute-990117-1.c:15: return "gcc-torture-execute-990117-1.c";
                            298 ;	skipping iCode since result will be rematerialized
                            299 ;	skipping iCode since result will be rematerialized
                            300 ;	genRet
                            301 ;	genMove_o size 2 result type 2 source type 7 a_dead 1 hl_dead 1 de_dead 1 iy_dead 1 f_dead 1
   00FD 11r03s01      [10]  302 	ld	de, #___str_4
                            303 ;	genLabel
                            304 ; common peephole 159 removed unused label 00101$.
                            305 ;cases/tst_gcc-torture-execute-990117-1.c:16: }
                            306 ;	genEndFunction
   0100 C9            [10]  307 	ret
                            308 ;	Total __getSuiteName function size at codegen: 1 bytes.
   0101                     309 ___numCases:
   0101 01 00               310 	.dw #0x0001
   0103                     311 ___str_4:
   0103 67 63 63 2D 74 6F   312 	.ascii "gcc-torture-execute-990117-1.c"
        72 74 75 72 65 2D
        65 78 65 63 75 74
        65 2D 39 39 30 31
        31 37 2D 31 2E 63
   0121 00                  313 	.db 0x00
                            314 	.area _CODE (BANK=_CSEG)
                            315 	.area _INITIALIZER
                            316 	.area _CABS (ABS)
