                              1 ;--------------------------------------------------------
                              2 ; File Created by SDCC : free open source ISO C Compiler
                              3 ; Version 4.6.2 #16710 (Linux)
                              4 ;--------------------------------------------------------
                              5 	.module tst_gcc_torture_execute_990525_2
                              6 	
                              7 ;--------------------------------------------------------
                              8 ; Public variables in this module
                              9 ;--------------------------------------------------------
                             10 	.globl _testTortureExecute
                             11 	.globl _func1
                             12 	.globl ___prints
                             13 	.globl ___fail
                             14 	.globl ___numCases
                             15 	.globl _func2
                             16 	.globl ___runSuite
                             17 	.globl ___getSuiteName
                             18 ;--------------------------------------------------------
                             19 ; special function registers
                             20 ;--------------------------------------------------------
                             21 ;--------------------------------------------------------
                             22 ; ram data
                             23 ;--------------------------------------------------------
                             24 	.area _DATA (BANK=_DSEG)
                             25 ;--------------------------------------------------------
                             26 ; ram data
                             27 ;--------------------------------------------------------
                             28 	.area _INITIALIZED
                             29 ;--------------------------------------------------------
                             30 ; absolute ram data
                             31 ;--------------------------------------------------------
                             32 	.area _DABS (ABS)
                             33 	.area _DABS (ABS)
                             34 ;--------------------------------------------------------
                             35 ; global & static initialisations
                             36 ;--------------------------------------------------------
                             37 	.area _HOME
                             38 	.area _GSINIT
                             39 	.area _GSFINAL
                             40 	.area _GSINIT
                             41 ;--------------------------------------------------------
                             42 ; Home
                             43 ;--------------------------------------------------------
                             44 	.area _HOME (BANK=_CSEG)
                             45 	.area _HOME (BANK=_CSEG)
                             46 ;--------------------------------------------------------
                             47 ; code
                             48 ;--------------------------------------------------------
                             49 	.area _CODE (BANK=_CSEG)
                             50 ;cases/./../tests/gcc-torture-execute-990525-2.c:17: int func1()
                             51 ;	genLabel
                             52 ;	genFunction
                             53 ;	---------------------------------
                             54 ; Function func1
                             55 ; ---------------------------------
                             56 ;	Register assignment might be sub-optimal.
                             57 ; Stack space usage: 16 bytes.
   0000                      58 _func1::
   0000 DD E5         [15]   59 	push	ix
   0002 DD 21 00 00   [14]   60 	ld	ix,	#0
   0006 DD 39         [15]   61 	add	ix, sp
                             62 ;	adjustStack by -16
   0008 21 F0 FF      [10]   63 	ld	hl, #-16
   000B 39            [11]   64 	add	hl, sp
   000C F9            [ 6]   65 	ld	sp, hl
                             66 ;cases/./../tests/gcc-torture-execute-990525-2.c:20: test = func2();
                             67 ;	skipping iCode since result will be rematerialized
                             68 ;	skipping iCode since result will be rematerialized
                             69 ;	genCall
   000D 21 08 00      [10]   70 	ld	hl, #0x0008
   0010 39            [11]   71 	add	hl, sp
   0011 E5            [11]   72 	push	hl
   0012 CDrF4s00      [17]   73 	call	_func2
                             74 ;	adjustStack by 2
   0015 F1            [10]   75 	pop	af
                             76 ;	skipping iCode since result will be rematerialized
                             77 ;	skipping iCode since result will be rematerialized
                             78 ;	genBuiltIn
                             79 ;	genMove_o size 2 result type 2 source type 8 a_dead 1 hl_dead 1 de_dead 1 iy_dead 1 f_dead 1
   0016 21 00 00      [10]   80 	ld	hl, #0
   0019 39            [11]   81 	add	hl, sp
   001A EB            [ 4]   82 	ex	de, hl
                             83 ;	genMove_o size 2 result type 2 source type 8 a_dead 1 hl_dead 1 de_dead 0 iy_dead 1 f_dead 1
   001B 21 08 00      [10]   84 	ld	hl, #8
   001E 39            [11]   85 	add	hl, sp
                             86 ;	genMove_o size 2 result type 2 source type 2 a_dead 1 hl_dead 1 de_dead 0 iy_dead 1 f_dead 1
                             87 ;fetchPairLong
   001F 01 08 00      [10]   88 	ld	bc, #0x0008
   0022 ED B0         [21]   89 	ldir
                             90 ;	skipping generated iCode
                             91 ;	skipping generated iCode
                             92 ;	skipping generated iCode
                             93 ;cases/./../tests/gcc-torture-execute-990525-2.c:22: if (test.v[0] != 10)
                             94 ;	genPointerGet
                             95 ;	genMove_o size 2 result type 2 source type 6 a_dead 1 hl_dead 1 de_dead 1 iy_dead 1 f_dead 1
   0024 C1            [10]   96 	pop	bc
   0025 C5            [11]   97 	push	bc
                             98 ;	genMove_o size 0 result type 2 source type 1 a_dead 1 hl_dead 1 de_dead 1 iy_dead 1 f_dead 1
                             99 ;	genCmpEq
                            100 ;	genMove_o size 1 result type 2 source type 2 a_dead 1 hl_dead 1 de_dead 0 iy_dead 0 f_dead 1
   0026 79            [ 4]  101 	ld	a, c
                            102 ;	genMove_o size 0 result type 2 source type 1 a_dead 1 hl_dead 1 de_dead 0 iy_dead 0 f_dead 1
   0027 D6 0A         [ 7]  103 	sub	a, #0x0a
   0029 B0            [ 4]  104 	or	a, b
                            105 ; common peephole 163 changed absolute to relative conditional jump.
   002A 28 18         [12]  106 	jr	z, 00102$
                            107 ; common peephole 81 removed jp by using inverse jump logic
                            108 ; common peephole 159 removed unused label 00143$.
                            109 ;	skipping generated iCode
                            110 ;cases/./../tests/gcc-torture-execute-990525-2.c:23: ASSERT (0);
                            111 ;	genPlus
                            112 ;	genMove_o size 2 result type 2 source type 10 a_dead 1 hl_dead 1 de_dead 1 iy_dead 1 f_dead 1
   002C 2Ar00s00      [16]  113 	ld	hl, (___numTests)
   002F 23            [ 6]  114 	inc	hl
                            115 ;	genMove_o size 2 result type 10 source type 2 a_dead 1 hl_dead 1 de_dead 1 iy_dead 1 f_dead 1
   0030 22r00s00      [16]  116 	ld	(___numTests), hl
                            117 ;	skipping iCode since result will be rematerialized
                            118 ;	skipping iCode since result will be rematerialized
                            119 ;	skipping iCode since result will be rematerialized
                            120 ;	skipping iCode since result will be rematerialized
                            121 ;	skipping iCode since result will be rematerialized
                            122 ;	skipping iCode since result will be rematerialized
                            123 ;	genIpush
                            124 ;	genMove_o size 2 result type 2 source type 1 a_dead 1 hl_dead 1 de_dead 1 iy_dead 1 f_dead 1
   0033 21 17 00      [10]  125 	ld	hl, #0x0017
   0036 E5            [11]  126 	push	hl
                            127 ;	genIpush
                            128 ;	genMove_o size 2 result type 2 source type 7 a_dead 1 hl_dead 1 de_dead 1 iy_dead 1 f_dead 1
   0037 21rC4s00      [10]  129 	ld	hl, #__str_2
   003A E5            [11]  130 	push	hl
                            131 ;	genSend
                            132 ;	genMove_o size 2 result type 2 source type 7 a_dead 1 hl_dead 1 de_dead 1 iy_dead 1 f_dead 1
   003B 11rC2s00      [10]  133 	ld	de, #__str_1
                            134 ;	genSend
                            135 ;	genMove_o size 2 result type 2 source type 7 a_dead 1 hl_dead 1 de_dead 0 iy_dead 1 f_dead 1
   003E 21rB1s00      [10]  136 	ld	hl, #__str_0
                            137 ;	genCall
   0041 CDr00s00      [17]  138 	call	___fail
                            139 ;	genLabel
   0044                     140 00102$:
                            141 ;cases/./../tests/gcc-torture-execute-990525-2.c:24: if (test.v[1] != 20)
                            142 ;	skipping iCode since result will be rematerialized
                            143 ;	genPointerGet
                            144 ;	genMove_o size 2 result type 2 source type 6 a_dead 1 hl_dead 1 de_dead 1 iy_dead 1 f_dead 1
   0044 E1            [10]  145 	pop	hl
   0045 C1            [10]  146 	pop	bc
   0046 C5            [11]  147 	push	bc
   0047 E5            [11]  148 	push	hl
                            149 ;	genMove_o size 0 result type 2 source type 1 a_dead 1 hl_dead 1 de_dead 1 iy_dead 1 f_dead 1
                            150 ;	genCmpEq
                            151 ;	genMove_o size 1 result type 2 source type 2 a_dead 1 hl_dead 1 de_dead 0 iy_dead 0 f_dead 1
   0048 79            [ 4]  152 	ld	a, c
                            153 ;	genMove_o size 0 result type 2 source type 1 a_dead 1 hl_dead 1 de_dead 0 iy_dead 0 f_dead 1
   0049 D6 14         [ 7]  154 	sub	a, #0x14
   004B B0            [ 4]  155 	or	a, b
                            156 ; common peephole 163 changed absolute to relative conditional jump.
   004C 28 18         [12]  157 	jr	z, 00104$
                            158 ; common peephole 81 removed jp by using inverse jump logic
                            159 ; common peephole 159 removed unused label 00144$.
                            160 ;	skipping generated iCode
                            161 ;cases/./../tests/gcc-torture-execute-990525-2.c:25: ASSERT (0);
                            162 ;	genPlus
                            163 ;	genMove_o size 2 result type 2 source type 10 a_dead 1 hl_dead 1 de_dead 1 iy_dead 1 f_dead 1
   004E 2Ar00s00      [16]  164 	ld	hl, (___numTests)
   0051 23            [ 6]  165 	inc	hl
                            166 ;	genMove_o size 2 result type 10 source type 2 a_dead 1 hl_dead 1 de_dead 1 iy_dead 1 f_dead 1
   0052 22r00s00      [16]  167 	ld	(___numTests), hl
                            168 ;	skipping iCode since result will be rematerialized
                            169 ;	skipping iCode since result will be rematerialized
                            170 ;	skipping iCode since result will be rematerialized
                            171 ;	skipping iCode since result will be rematerialized
                            172 ;	skipping iCode since result will be rematerialized
                            173 ;	skipping iCode since result will be rematerialized
                            174 ;	genIpush
                            175 ;	genMove_o size 2 result type 2 source type 1 a_dead 1 hl_dead 1 de_dead 1 iy_dead 1 f_dead 1
   0055 21 19 00      [10]  176 	ld	hl, #0x0019
   0058 E5            [11]  177 	push	hl
                            178 ;	genIpush
                            179 ;	genMove_o size 2 result type 2 source type 7 a_dead 1 hl_dead 1 de_dead 1 iy_dead 1 f_dead 1
   0059 21rC4s00      [10]  180 	ld	hl, #__str_2
   005C E5            [11]  181 	push	hl
                            182 ;	genSend
                            183 ;	genMove_o size 2 result type 2 source type 7 a_dead 1 hl_dead 1 de_dead 1 iy_dead 1 f_dead 1
   005D 11rC2s00      [10]  184 	ld	de, #__str_1
                            185 ;	genSend
                            186 ;	genMove_o size 2 result type 2 source type 7 a_dead 1 hl_dead 1 de_dead 0 iy_dead 1 f_dead 1
   0060 21rB1s00      [10]  187 	ld	hl, #__str_0
                            188 ;	genCall
   0063 CDr00s00      [17]  189 	call	___fail
                            190 ;	genLabel
   0066                     191 00104$:
                            192 ;cases/./../tests/gcc-torture-execute-990525-2.c:26: if (test.v[2] != 30)
                            193 ;	skipping iCode since result will be rematerialized
                            194 ;	genPointerGet
                            195 ;	genMove_o size 2 result type 2 source type 6 a_dead 1 hl_dead 1 de_dead 1 iy_dead 1 f_dead 1
                            196 ;	genMove_o size 0 result type 2 source type 1 a_dead 1 hl_dead 1 de_dead 1 iy_dead 1 f_dead 1
                            197 ;	genCmpEq
                            198 ;	genMove_o size 1 result type 2 source type 2 a_dead 1 hl_dead 1 de_dead 0 iy_dead 0 f_dead 1
   0066 DD 7E F4      [19]  199 	ld	a, -12 (ix)
                            200 ; common peephole 14 loaded -12 (ix) into a directly instead of going through c.
   0069 DD 46 F5      [19]  201 	ld	b, -11 (ix)
                            202 ;	genMove_o size 0 result type 2 source type 1 a_dead 1 hl_dead 1 de_dead 0 iy_dead 0 f_dead 1
   006C D6 1E         [ 7]  203 	sub	a, #0x1e
   006E B0            [ 4]  204 	or	a, b
                            205 ; common peephole 163 changed absolute to relative conditional jump.
   006F 28 18         [12]  206 	jr	z, 00106$
                            207 ; common peephole 81 removed jp by using inverse jump logic
                            208 ; common peephole 159 removed unused label 00145$.
                            209 ;	skipping generated iCode
                            210 ;cases/./../tests/gcc-torture-execute-990525-2.c:27: ASSERT (0);
                            211 ;	genPlus
                            212 ;	genMove_o size 2 result type 2 source type 10 a_dead 1 hl_dead 1 de_dead 1 iy_dead 1 f_dead 1
   0071 2Ar00s00      [16]  213 	ld	hl, (___numTests)
   0074 23            [ 6]  214 	inc	hl
                            215 ;	genMove_o size 2 result type 10 source type 2 a_dead 1 hl_dead 1 de_dead 1 iy_dead 1 f_dead 1
   0075 22r00s00      [16]  216 	ld	(___numTests), hl
                            217 ;	skipping iCode since result will be rematerialized
                            218 ;	skipping iCode since result will be rematerialized
                            219 ;	skipping iCode since result will be rematerialized
                            220 ;	skipping iCode since result will be rematerialized
                            221 ;	skipping iCode since result will be rematerialized
                            222 ;	skipping iCode since result will be rematerialized
                            223 ;	genIpush
                            224 ;	genMove_o size 2 result type 2 source type 1 a_dead 1 hl_dead 1 de_dead 1 iy_dead 1 f_dead 1
   0078 21 1B 00      [10]  225 	ld	hl, #0x001b
   007B E5            [11]  226 	push	hl
                            227 ;	genIpush
                            228 ;	genMove_o size 2 result type 2 source type 7 a_dead 1 hl_dead 1 de_dead 1 iy_dead 1 f_dead 1
   007C 21rC4s00      [10]  229 	ld	hl, #__str_2
   007F E5            [11]  230 	push	hl
                            231 ;	genSend
                            232 ;	genMove_o size 2 result type 2 source type 7 a_dead 1 hl_dead 1 de_dead 1 iy_dead 1 f_dead 1
   0080 11rC2s00      [10]  233 	ld	de, #__str_1
                            234 ;	genSend
                            235 ;	genMove_o size 2 result type 2 source type 7 a_dead 1 hl_dead 1 de_dead 0 iy_dead 1 f_dead 1
   0083 21rB1s00      [10]  236 	ld	hl, #__str_0
                            237 ;	genCall
   0086 CDr00s00      [17]  238 	call	___fail
                            239 ;	genLabel
   0089                     240 00106$:
                            241 ;cases/./../tests/gcc-torture-execute-990525-2.c:28: if (test.v[3] != 40)
                            242 ;	skipping iCode since result will be rematerialized
                            243 ;	genPointerGet
                            244 ;	genMove_o size 2 result type 2 source type 6 a_dead 1 hl_dead 1 de_dead 1 iy_dead 1 f_dead 1
                            245 ;	genMove_o size 0 result type 2 source type 1 a_dead 1 hl_dead 1 de_dead 1 iy_dead 1 f_dead 1
                            246 ;	genCmpEq
                            247 ;	genMove_o size 1 result type 2 source type 2 a_dead 1 hl_dead 1 de_dead 0 iy_dead 0 f_dead 1
   0089 DD 7E F6      [19]  248 	ld	a, -10 (ix)
                            249 ; common peephole 14 loaded -10 (ix) into a directly instead of going through c.
   008C DD 46 F7      [19]  250 	ld	b, -9 (ix)
                            251 ;	genMove_o size 0 result type 2 source type 1 a_dead 1 hl_dead 1 de_dead 0 iy_dead 0 f_dead 1
   008F D6 28         [ 7]  252 	sub	a, #0x28
   0091 B0            [ 4]  253 	or	a, b
                            254 ; common peephole 163 changed absolute to relative conditional jump.
   0092 28 18         [12]  255 	jr	z, 00109$
                            256 ; common peephole 81 removed jp by using inverse jump logic
                            257 ; common peephole 159 removed unused label 00146$.
                            258 ;	skipping generated iCode
                            259 ;cases/./../tests/gcc-torture-execute-990525-2.c:29: ASSERT (0);
                            260 ;	genPlus
                            261 ;	genMove_o size 2 result type 2 source type 10 a_dead 1 hl_dead 1 de_dead 1 iy_dead 1 f_dead 1
   0094 2Ar00s00      [16]  262 	ld	hl, (___numTests)
   0097 23            [ 6]  263 	inc	hl
                            264 ;	genMove_o size 2 result type 10 source type 2 a_dead 1 hl_dead 1 de_dead 1 iy_dead 1 f_dead 1
   0098 22r00s00      [16]  265 	ld	(___numTests), hl
                            266 ;	skipping iCode since result will be rematerialized
                            267 ;	skipping iCode since result will be rematerialized
                            268 ;	skipping iCode since result will be rematerialized
                            269 ;	skipping iCode since result will be rematerialized
                            270 ;	skipping iCode since result will be rematerialized
                            271 ;	skipping iCode since result will be rematerialized
                            272 ;	genIpush
                            273 ;	genMove_o size 2 result type 2 source type 1 a_dead 1 hl_dead 1 de_dead 1 iy_dead 1 f_dead 1
   009B 21 1D 00      [10]  274 	ld	hl, #0x001d
   009E E5            [11]  275 	push	hl
                            276 ;	genIpush
                            277 ;	genMove_o size 2 result type 2 source type 7 a_dead 1 hl_dead 1 de_dead 1 iy_dead 1 f_dead 1
   009F 21rC4s00      [10]  278 	ld	hl, #__str_2
   00A2 E5            [11]  279 	push	hl
                            280 ;	genSend
                            281 ;	genMove_o size 2 result type 2 source type 7 a_dead 1 hl_dead 1 de_dead 1 iy_dead 1 f_dead 1
   00A3 11rC2s00      [10]  282 	ld	de, #__str_1
                            283 ;	genSend
                            284 ;	genMove_o size 2 result type 2 source type 7 a_dead 1 hl_dead 1 de_dead 0 iy_dead 1 f_dead 1
   00A6 21rB1s00      [10]  285 	ld	hl, #__str_0
                            286 ;	genCall
   00A9 CDr00s00      [17]  287 	call	___fail
                            288 ;	genLabel
   00AC                     289 00109$:
                            290 ;cases/./../tests/gcc-torture-execute-990525-2.c:30: }
                            291 ;	genEndFunction
   00AC DD F9         [10]  292 	ld	sp, ix
   00AE DD E1         [14]  293 	pop	ix
   00B0 C9            [10]  294 	ret
                            295 ;	Total func1 function size at codegen: 7 bytes.
   00B1                     296 __str_0:
   00B1 41 73 73 65 72 74   297 	.ascii "Assertion failed"
        69 6F 6E 20 66 61
        69 6C 65 64
   00C1 00                  298 	.db 0x00
   00C2                     299 __str_1:
   00C2 30                  300 	.ascii "0"
   00C3 00                  301 	.db 0x00
   00C4                     302 __str_2:
   00C4 63 61 73 65 73 2F   303 	.ascii "cases/./../tests/gcc-torture-execute-990525-2.c"
        2E 2F 2E 2E 2F 74
        65 73 74 73 2F 67
        63 63 2D 74 6F 72
        74 75 72 65 2D 65
        78 65 63 75 74 65
        2D 39 39 30 35 32
        35 2D 32 2E 63
   00F3 00                  304 	.db 0x00
                            305 ;cases/./../tests/gcc-torture-execute-990525-2.c:32: Test1 func2()
                            306 ;	genLabel
                            307 ;	genFunction
                            308 ;	---------------------------------
                            309 ; Function func2
                            310 ; ---------------------------------
                            311 ;	Register assignment might be sub-optimal.
                            312 ; Stack space usage: 8 bytes.
   00F4                     313 _func2::
                            314 ;	adjustStack by -8
   00F4 21 F8 FF      [10]  315 	ld	hl, #-8
   00F7 39            [11]  316 	add	hl, sp
   00F8 F9            [ 6]  317 	ld	sp, hl
                            318 ;cases/./../tests/gcc-torture-execute-990525-2.c:35: tmp.v[0] = 10;
                            319 ;	skipping iCode since result will be rematerialized
                            320 ;	genPointerSet
                            321 ;	genMove_o size 2 result type 12 source type 1 a_dead 1 hl_dead 1 de_dead 1 iy_dead 1 f_dead 1
   00F9 FD 21 00 00   [14]  322 	ld	iy, #0
   00FD FD 39         [15]  323 	add	iy, sp
   00FF FD 36 00 0A   [19]  324 	ld	0 (iy), #0x0a
   0103 FD 36 01 00   [19]  325 	ld	1 (iy), #0
                            326 ; peephole 178 direct load zero constant to memory addressed by index register
                            327 ;cases/./../tests/gcc-torture-execute-990525-2.c:36: tmp.v[1] = 20;
                            328 ;	skipping iCode since result will be rematerialized
                            329 ;	genPointerSet
                            330 ;	genMove_o size 2 result type 12 source type 1 a_dead 1 hl_dead 1 de_dead 1 iy_dead 1 f_dead 1
   0107 FD 23         [10]  331 	inc	iy
   0109 FD 23         [10]  332 	inc	iy
   010B FD 36 00 14   [19]  333 	ld	0 (iy), #0x14
   010F FD 36 01 00   [19]  334 	ld	1 (iy), #0
                            335 ; peephole 178 direct load zero constant to memory addressed by index register
                            336 ;cases/./../tests/gcc-torture-execute-990525-2.c:37: tmp.v[2] = 30;
                            337 ;	skipping iCode since result will be rematerialized
                            338 ;	genPointerSet
                            339 ;	genMove_o size 2 result type 12 source type 1 a_dead 1 hl_dead 1 de_dead 1 iy_dead 1 f_dead 1
   0113 FD 23         [10]  340 	inc	iy
   0115 FD 23         [10]  341 	inc	iy
   0117 FD 36 00 1E   [19]  342 	ld	0 (iy), #0x1e
   011B FD 36 01 00   [19]  343 	ld	1 (iy), #0
                            344 ; peephole 178 direct load zero constant to memory addressed by index register
                            345 ;cases/./../tests/gcc-torture-execute-990525-2.c:38: tmp.v[3] = 40;
                            346 ;	skipping iCode since result will be rematerialized
                            347 ;	genPointerSet
                            348 ;	genMove_o size 2 result type 12 source type 1 a_dead 1 hl_dead 1 de_dead 1 iy_dead 1 f_dead 1
   011F FD 23         [10]  349 	inc	iy
   0121 FD 23         [10]  350 	inc	iy
   0123 FD 36 00 28   [19]  351 	ld	0 (iy), #0x28
   0127 FD 36 01 00   [19]  352 	ld	1 (iy), #0
                            353 ; peephole 178 direct load zero constant to memory addressed by index register
                            354 ;cases/./../tests/gcc-torture-execute-990525-2.c:39: return tmp;
                            355 ;	genRet
   012B 21 0A 00      [10]  356 	ld	hl, #10
   012E 39            [11]  357 	add	hl, sp
   012F 5E            [ 7]  358 	ld	e, (hl)
   0130 23            [ 6]  359 	inc	hl
   0131 56            [ 7]  360 	ld	d, (hl)
   0132 21 00 00      [10]  361 	ld	hl, #0
   0135 39            [11]  362 	add	hl, sp
   0136 01 08 00      [10]  363 	ld	bc, #8
   0139 ED B0         [21]  364 	ldir
                            365 ;	genLabel
                            366 ; common peephole 159 removed unused label 00101$.
                            367 ;cases/./../tests/gcc-torture-execute-990525-2.c:40: }
                            368 ;	genEndFunction
                            369 ;	adjustStack by 8
   013B F1            [10]  370 	pop	af
   013C F1            [10]  371 	pop	af
   013D F1            [10]  372 	pop	af
   013E F1            [10]  373 	pop	af
   013F C9            [10]  374 	ret
                            375 ;	Total func2 function size at codegen: 13 bytes.
                            376 ;cases/./../tests/gcc-torture-execute-990525-2.c:43: testTortureExecute (void)
                            377 ;	genLabel
                            378 ;	genFunction
                            379 ;	---------------------------------
                            380 ; Function testTortureExecute
                            381 ; ---------------------------------
                            382 ;	Register assignment is optimal.
                            383 ; Stack space usage: 0 bytes.
   0140                     384 _testTortureExecute::
                            385 ;cases/./../tests/gcc-torture-execute-990525-2.c:45: func1();
                            386 ;	genCall
                            387 ;cases/./../tests/gcc-torture-execute-990525-2.c:46: return;
                            388 ;	genRet
                            389 ;	genLabel
                            390 ; common peephole 159 removed unused label 00101$.
                            391 ;cases/./../tests/gcc-torture-execute-990525-2.c:47: }
                            392 ;	genEndFunction
   0140 C3r00s00      [10]  393 	jp	_func1
                            394 ; common peephole 152 removed unused ret.
                            395 ;	Total testTortureExecute function size at codegen: 1 bytes.
                            396 ;cases/tst_gcc-torture-execute-990525-2.c:4: __runSuite(void)
                            397 ;	genLabel
                            398 ;	genFunction
                            399 ;	---------------------------------
                            400 ; Function __runSuite
                            401 ; ---------------------------------
                            402 ;	Register assignment is optimal.
                            403 ; Stack space usage: 0 bytes.
   0143                     404 ___runSuite::
                            405 ;cases/tst_gcc-torture-execute-990525-2.c:6: __prints("Running testTortureExecute\n");
                            406 ;	skipping iCode since result will be rematerialized
                            407 ;	skipping iCode since result will be rematerialized
                            408 ;	genSend
                            409 ;	genMove_o size 2 result type 2 source type 7 a_dead 1 hl_dead 1 de_dead 1 iy_dead 1 f_dead 1
   0143 21r4Cs01      [10]  410 	ld	hl, #___str_3
                            411 ;	genCall
   0146 CDr00s00      [17]  412 	call	___prints
                            413 ;cases/tst_gcc-torture-execute-990525-2.c:7: testTortureExecute();
                            414 ;	genCall
                            415 ;	genLabel
                            416 ; common peephole 159 removed unused label 00101$.
                            417 ;cases/tst_gcc-torture-execute-990525-2.c:8: }
                            418 ;	genEndFunction
   0149 C3r40s01      [10]  419 	jp	_testTortureExecute
                            420 ; common peephole 152 removed unused ret.
                            421 ;	Total __runSuite function size at codegen: 1 bytes.
   014C                     422 ___str_3:
   014C 52 75 6E 6E 69 6E   423 	.ascii "Running testTortureExecute"
        67 20 74 65 73 74
        54 6F 72 74 75 72
        65 45 78 65 63 75
        74 65
   0166 0A                  424 	.db 0x0a
   0167 00                  425 	.db 0x00
                            426 ;cases/tst_gcc-torture-execute-990525-2.c:13: __getSuiteName(void)
                            427 ;	genLabel
                            428 ;	genFunction
                            429 ;	---------------------------------
                            430 ; Function __getSuiteName
                            431 ; ---------------------------------
                            432 ;	Register assignment is optimal.
                            433 ; Stack space usage: 0 bytes.
   0168                     434 ___getSuiteName::
                            435 ;cases/tst_gcc-torture-execute-990525-2.c:15: return "gcc-torture-execute-990525-2.c";
                            436 ;	skipping iCode since result will be rematerialized
                            437 ;	skipping iCode since result will be rematerialized
                            438 ;	genRet
                            439 ;	genMove_o size 2 result type 2 source type 7 a_dead 1 hl_dead 1 de_dead 1 iy_dead 1 f_dead 1
   0168 11r6Es01      [10]  440 	ld	de, #___str_4
                            441 ;	genLabel
                            442 ; common peephole 159 removed unused label 00101$.
                            443 ;cases/tst_gcc-torture-execute-990525-2.c:16: }
                            444 ;	genEndFunction
   016B C9            [10]  445 	ret
                            446 ;	Total __getSuiteName function size at codegen: 1 bytes.
   016C                     447 ___numCases:
   016C 01 00               448 	.dw #0x0001
   016E                     449 ___str_4:
   016E 67 63 63 2D 74 6F   450 	.ascii "gcc-torture-execute-990525-2.c"
        72 74 75 72 65 2D
        65 78 65 63 75 74
        65 2D 39 39 30 35
        32 35 2D 32 2E 63
   018C 00                  451 	.db 0x00
                            452 	.area _CODE (BANK=_CSEG)
                            453 	.area _INITIALIZER
                            454 	.area _CABS (ABS)
