uCsim 0.9.9, Copyright (C) 1997 Daniel Drotos.
uCsim comes with ABSOLUTELY NO WARRANTY; for details type `show w'.
This is free software, and you are welcome to redistribute it
under certain conditions; type `show c' for details.
set error non-classified off
set error unknown_code off
set error memory off
set error stack off
set hw simif outputs 0xff
step 500000000 vclk
state
quit
1052 words read from gen/ucz80/preserves_regs/preserves_regs_type_unsigned_int.ihx
--- Running: preserves_regs_type_unsigned_int
Running testRegs
--- Summary: 0/4/1: 0 failed of 4 tests in 1 cases.

Stop at 0x000369: (110) Program stopped itself
F 0x000369
Simulated 24539 ticks (2.219e-03 sec)
Host usage: 0.001428 sec, rate=1.553956
CPU state= OK PC= 0x000369 frequency= 11059200 HZ
Operation since last reset= 5777 vclks
Inst= 3120 Fetch= 4484 Read= 707 Write= 586
Total time since last reset= 0.002219780815972 sec (24549 clks)
Time in isr = 0.000000000000000 sec (0 clks) 0.00%
Time in idle= 0.000000000000000 sec (0 clks) 0.00%
Most value of stack pointer= 0x000000
Simulation: stopped
Runtime: 0.011310 sec

--- Simulator: 1052/24549: 1052 bytes, 24549 ticks
