uCsim 0.9.9, Copyright (C) 1997 Daniel Drotos.
uCsim comes with ABSOLUTELY NO WARRANTY; for details type `show w'.
This is free software, and you are welcome to redistribute it
under certain conditions; type `show c' for details.
set error non-classified off
set error unknown_code off
set error memory off
set error stack off
set hw simif outputs 0xff
step 500000000 vclk
state
quit
2423 words read from gen/ucz80/addsub/addsub_type_long_storage_static_attr_volatile.ihx
--- Running: addsub_type_long_storage_static_attr_volatile
Running testAdd
Running testSub
--- Summary: 0/13/2: 0 failed of 13 tests in 2 cases.

Stop at 0x000369: (110) Program stopped itself
F 0x000369
Simulated 37434 ticks (3.385e-03 sec)
Host usage: 0.002055 sec, rate=1.647197
CPU state= OK PC= 0x000369 frequency= 11059200 HZ
Operation since last reset= 8889 vclks
Inst= 4606 Fetch= 6915 Read= 1066 Write= 908
Total time since last reset= 0.003385778356482 sec (37444 clks)
Time in isr = 0.000000000000000 sec (0 clks) 0.00%
Time in idle= 0.000000000000000 sec (0 clks) 0.00%
Most value of stack pointer= 0x000000
Simulation: stopped
Runtime: 0.012425 sec

--- Simulator: 2423/37444: 2423 bytes, 37444 ticks
