uCsim 0.9.9, Copyright (C) 1997 Daniel Drotos.
uCsim comes with ABSOLUTELY NO WARRANTY; for details type `show w'.
This is free software, and you are welcome to redistribute it
under certain conditions; type `show c' for details.
set error non-classified off
set error unknown_code off
set error memory off
set error stack off
set hw simif outputs 0xff
step 500000000 vclk
state
quit
1862 words read from gen/ucz80/addsub/addsub_type_int_storage_none_attr_volatile.ihx
--- Running: addsub_type_int_storage_none_attr_volatile
Running testAdd
Running testSub
--- Summary: 0/13/2: 0 failed of 13 tests in 2 cases.

Stop at 0x000369: (110) Program stopped itself
F 0x000369
Simulated 34457 ticks (3.116e-03 sec)
Host usage: 0.001565 sec, rate=1.990880
CPU state= OK PC= 0x000369 frequency= 11059200 HZ
Operation since last reset= 8019 vclks
Inst= 4244 Fetch= 6256 Read= 957 Write= 806
Total time since last reset= 0.003116590711806 sec (34467 clks)
Time in isr = 0.000000000000000 sec (0 clks) 0.00%
Time in idle= 0.000000000000000 sec (0 clks) 0.00%
Most value of stack pointer= 0x000000
Simulation: stopped
Runtime: 0.010306 sec

--- Simulator: 1862/34467: 1862 bytes, 34467 ticks
