uCsim 0.9.9, Copyright (C) 1997 Daniel Drotos.
uCsim comes with ABSOLUTELY NO WARRANTY; for details type `show w'.
This is free software, and you are welcome to redistribute it
under certain conditions; type `show c' for details.
set error non-classified off
set error unknown_code off
set error memory off
set error stack off
set hw simif outputs 0xff
step 500000000 vclk
state
quit
2034 words read from gen/ucz80/shifts2/shifts2_size_16_right_1_vol_1_sign_u_goal_1.ihx
--- Running: shifts2_size_16_right_1_vol_1_sign_u_goal_1
Running testShift
--- Summary: 0/16/1: 0 failed of 16 tests in 1 cases.

Stop at 0x000369: (110) Program stopped itself
F 0x000369
Simulated 33407 ticks (3.021e-03 sec)
Host usage: 0.001486 sec, rate=2.033041
CPU state= OK PC= 0x000369 frequency= 11059200 HZ
Operation since last reset= 7859 vclks
Inst= 4092 Fetch= 6218 Read= 883 Write= 758
Total time since last reset= 0.003021647135417 sec (33417 clks)
Time in isr = 0.000000000000000 sec (0 clks) 0.00%
Time in idle= 0.000000000000000 sec (0 clks) 0.00%
Most value of stack pointer= 0x000000
Simulation: stopped
Runtime: 0.010874 sec

--- Simulator: 2034/33417: 2034 bytes, 33417 ticks
