ASxxxx Linker V06.10                                                                Page 1
Hexadecimal [16-Bits]                                 Fri Sep  4 12:35:16 2026

Area                       Addr        Size        Decimal Bytes (Attributes)
--------------------       ----        ----        ------- ----- ------------
.  .ABS.                   0000        0000 =           0. bytes (ABS,OVR,CSEG)

         Value  Global                             Global Defined In Module
         -----  --------------------------------   ------------------------
          0000  .__.ABS.                           modunsigned

ASxxxx Linker V06.10                                                                Page 2
Hexadecimal [16-Bits]                                 Fri Sep  4 12:35:16 2026

Area                       Addr        Size        Decimal Bytes (Attributes)
--------------------       ----        ----        ------- ----- ------------
_HEADER                    0000        0110 =         272. bytes (ABS,OVR,CSEG)

         Value  Global                             Global Defined In Module
         -----  --------------------------------   ------------------------
ASxxxx Linker V06.10                                                                Page 3
Hexadecimal [16-Bits]                                 Fri Sep  4 12:35:16 2026
[ Bank == _CSEG ]

Area                       Addr        Size        Decimal Bytes (Attributes)
--------------------       ----        ----        ------- ----- ------------
_CODE                      0200        0C33 =        3123. bytes (REL,CON,CSEG)

         Value  Global                             Global Defined In Module
         -----  --------------------------------   ------------------------
          0200  __clock                            crt0
          0204  _exit                              crt0
          020A  ___prints                          testfwk
          0217  ___printu                          testfwk
          024A  ___fail                            testfwk
          02B1  _main                              testfwk
          035B  __putchar                          support
          0364  __initEmu                          support
          0365  __exitEmu                          support
          036A  _rotate_test_1                     rotate2_size_32_andCase_2_xo
          0370  _rotate_test_1_xor1                rotate2_size_32_andCase_2_xo
          038E  _rotate_test_1_xor2                rotate2_size_32_andCase_2_xo
          03EC  _rotate_test_2                     rotate2_size_32_andCase_2_xo
          03F2  _rotate_test_2_xor1                rotate2_size_32_andCase_2_xo
          0410  _rotate_test_2_xor2                rotate2_size_32_andCase_2_xo
          046E  _rotate_test_3                     rotate2_size_32_andCase_2_xo
          0496  _rotate_test_3_xor1                rotate2_size_32_andCase_2_xo
          04F2  _rotate_test_3_xor2                rotate2_size_32_andCase_2_xo
          0576  _rotate_test_4                     rotate2_size_32_andCase_2_xo
          05A2  _rotate_test_4_xor1                rotate2_size_32_andCase_2_xo
          05E7  _rotate_test_4_xor2                rotate2_size_32_andCase_2_xo
          0666  _rotate_test_load                  rotate2_size_32_andCase_2_xo
          066E  _rotate_test_5                     rotate2_size_32_andCase_2_xo
          0696  _rotate_test_5_xor1                rotate2_size_32_andCase_2_xo
          06D6  _rotate_test_5_xor2                rotate2_size_32_andCase_2_xo
          0D91  ___runSuite                        rotate2_size_32_andCase_2_xo
          0DAD  ___getSuiteName                    rotate2_size_32_andCase_2_xo
          0DB1  ___numCases                        rotate2_size_32_andCase_2_xo
          0DF3  __divuchar                         divunsigned
          0DF5  __divu8                            divunsigned
          0DF8  __divuint                          divunsigned
          0DF8  __divu16                           divunsigned
          0E27  __moduchar                         modunsigned
          0E2E  __moduint                          modunsigned

ASxxxx Linker V06.10                                                                Page 4
Hexadecimal [16-Bits]                                 Fri Sep  4 12:35:16 2026
[ Bank == _CSEG ]

Area                       Addr        Size        Decimal Bytes (Attributes)
--------------------       ----        ----        ------- ----- ------------
_HOME                      0E33        0002 =           2. bytes (REL,CON,CSEG)

         Value  Global                             Global Defined In Module
         -----  --------------------------------   ------------------------
          0E33  ___sdcc_external_startup           _startup

ASxxxx Linker V06.10                                                                Page 5
Hexadecimal [16-Bits]                                 Fri Sep  4 12:35:16 2026
[ Bank == _CSEG ]

Area                       Addr        Size        Decimal Bytes (Attributes)
--------------------       ----        ----        ------- ----- ------------
_INITIALIZER               0E35        0008 =           8. bytes (REL,CON,CSEG)

         Value  Global                             Global Defined In Module
         -----  --------------------------------   ------------------------
ASxxxx Linker V06.10                                                                Page 6
Hexadecimal [16-Bits]                                 Fri Sep  4 12:35:16 2026
[ Bank == _CSEG ]

Area                       Addr        Size        Decimal Bytes (Attributes)
--------------------       ----        ----        ------- ----- ------------
_GSINIT                    0E3D        0025 =          37. bytes (REL,CON,CSEG)

         Value  Global                             Global Defined In Module
         -----  --------------------------------   ------------------------
          0E3D  gsinit                             crt0

ASxxxx Linker V06.10                                                                Page 7
Hexadecimal [16-Bits]                                 Fri Sep  4 12:35:16 2026
[ Bank == _CSEG ]

Area                       Addr        Size        Decimal Bytes (Attributes)
--------------------       ----        ----        ------- ----- ------------
_GSFINAL                   0E62        0001 =           1. bytes (REL,CON,CSEG)

         Value  Global                             Global Defined In Module
         -----  --------------------------------   ------------------------
ASxxxx Linker V06.10                                                                Page 8
Hexadecimal [16-Bits]                                 Fri Sep  4 12:35:16 2026
[ Bank == _DSEG ]

Area                       Addr        Size        Decimal Bytes (Attributes)
--------------------       ----        ----        ------- ----- ------------
_DATA                      8000        000A =          10. bytes (REL,CON,DSEG)

         Value  Global                             Global Defined In Module
         -----  --------------------------------   ------------------------
          8006  _rotate_test_value                 rotate2_size_32_andCase_2_xo

ASxxxx Linker V06.10                                                                Page 9
Hexadecimal [16-Bits]                                 Fri Sep  4 12:35:16 2026
[ Bank == _DSEG ]

Area                       Addr        Size        Decimal Bytes (Attributes)
--------------------       ----        ----        ------- ----- ------------
_INITIALIZED               800A        0008 =           8. bytes (REL,CON,CSEG)

         Value  Global                             Global Defined In Module
         -----  --------------------------------   ------------------------
          800A  ___numTests                        testfwk
          800E  _rotate_test_value_xor             rotate2_size_32_andCase_2_xo

ASxxxx Linker V06.10                                                                 Page 10
Hexadecimal [16-Bits]                                 Fri Sep  4 12:35:16 2026

Files Linked                              [ module(s) ]

../../device/lib/build/z80/crt0.rel       [ crt0 ]
gen/ucz80/testfwk.rel                     [ testfwk ]
gen/ucz80/support.rel                     [ support ]
gen/ucz80/rotate2/rotate2_size_32_andCas  [ rotate2_size_32_andCase_2_xorLit ]


Libraries Linked                          [ object file ]

../../device/lib/build/z80/z80.lib        [ divunsigned ]
../../device/lib/build/z80/z80.lib        [ _startup ]
../../device/lib/build/z80/z80.lib        [ modunsigned ]

ASxxxx Linker V06.10                                                                 Page 11
Hexadecimal [16-Bits]                                 Fri Sep  4 12:35:16 2026

User Area Base Address Definitions

_CODE = 0x0200
_DATA = 0x8000


