ASxxxx Linker V06.10                                                                Page 1
Hexadecimal [16-Bits]                                 Fri Sep  4 12:35:09 2026

Area                       Addr        Size        Decimal Bytes (Attributes)
--------------------       ----        ----        ------- ----- ------------
.  .ABS.                   0000        0000 =           0. bytes (ABS,OVR,CSEG)

         Value  Global                             Global Defined In Module
         -----  --------------------------------   ------------------------
          0000  .__.ABS.                           modunsigned

ASxxxx Linker V06.10                                                                Page 2
Hexadecimal [16-Bits]                                 Fri Sep  4 12:35:09 2026

Area                       Addr        Size        Decimal Bytes (Attributes)
--------------------       ----        ----        ------- ----- ------------
_HEADER                    0000        0110 =         272. bytes (ABS,OVR,CSEG)

         Value  Global                             Global Defined In Module
         -----  --------------------------------   ------------------------
ASxxxx Linker V06.10                                                                Page 3
Hexadecimal [16-Bits]                                 Fri Sep  4 12:35:09 2026
[ Bank == _CSEG ]

Area                       Addr        Size        Decimal Bytes (Attributes)
--------------------       ----        ----        ------- ----- ------------
_CODE                      0200        0855 =        2133. bytes (REL,CON,CSEG)

         Value  Global                             Global Defined In Module
         -----  --------------------------------   ------------------------
          0200  __clock                            crt0
          0204  _exit                              crt0
          020A  ___prints                          testfwk
          0217  ___printu                          testfwk
          024A  ___fail                            testfwk
          02B1  _main                              testfwk
          035B  __putchar                          support
          0364  __initEmu                          support
          0365  __exitEmu                          support
          036A  _rotate_test_1                     rotate2_size_16_andCase_2_xo
          0372  _rotate_test_1_xor1                rotate2_size_16_andCase_2_xo
          037E  _rotate_test_1_xor2                rotate2_size_16_andCase_2_xo
          038A  _rotate_test_2                     rotate2_size_16_andCase_2_xo
          0392  _rotate_test_2_xor1                rotate2_size_16_andCase_2_xo
          039E  _rotate_test_2_xor2                rotate2_size_16_andCase_2_xo
          03AA  _rotate_test_3                     rotate2_size_16_andCase_2_xo
          03BF  _rotate_test_3_xor1                rotate2_size_16_andCase_2_xo
          03DE  _rotate_test_3_xor2                rotate2_size_16_andCase_2_xo
          0403  _rotate_test_4                     rotate2_size_16_andCase_2_xo
          0411  _rotate_test_4_xor1                rotate2_size_16_andCase_2_xo
          0423  _rotate_test_4_xor2                rotate2_size_16_andCase_2_xo
          0435  _rotate_test_load                  rotate2_size_16_andCase_2_xo
          0439  _rotate_test_5                     rotate2_size_16_andCase_2_xo
          044A  _rotate_test_5_xor1                rotate2_size_16_andCase_2_xo
          045F  _rotate_test_5_xor2                rotate2_size_16_andCase_2_xo
          09B3  ___runSuite                        rotate2_size_16_andCase_2_xo
          09CF  ___getSuiteName                    rotate2_size_16_andCase_2_xo
          09D3  ___numCases                        rotate2_size_16_andCase_2_xo
          0A15  __divuchar                         divunsigned
          0A17  __divu8                            divunsigned
          0A1A  __divuint                          divunsigned
          0A1A  __divu16                           divunsigned
          0A49  __moduchar                         modunsigned
          0A50  __moduint                          modunsigned

ASxxxx Linker V06.10                                                                Page 4
Hexadecimal [16-Bits]                                 Fri Sep  4 12:35:09 2026
[ Bank == _CSEG ]

Area                       Addr        Size        Decimal Bytes (Attributes)
--------------------       ----        ----        ------- ----- ------------
_HOME                      0A55        0002 =           2. bytes (REL,CON,CSEG)

         Value  Global                             Global Defined In Module
         -----  --------------------------------   ------------------------
          0A55  ___sdcc_external_startup           _startup

ASxxxx Linker V06.10                                                                Page 5
Hexadecimal [16-Bits]                                 Fri Sep  4 12:35:09 2026
[ Bank == _CSEG ]

Area                       Addr        Size        Decimal Bytes (Attributes)
--------------------       ----        ----        ------- ----- ------------
_INITIALIZER               0A57        0004 =           4. bytes (REL,CON,CSEG)

         Value  Global                             Global Defined In Module
         -----  --------------------------------   ------------------------
ASxxxx Linker V06.10                                                                Page 6
Hexadecimal [16-Bits]                                 Fri Sep  4 12:35:09 2026
[ Bank == _CSEG ]

Area                       Addr        Size        Decimal Bytes (Attributes)
--------------------       ----        ----        ------- ----- ------------
_GSINIT                    0A5B        0025 =          37. bytes (REL,CON,CSEG)

         Value  Global                             Global Defined In Module
         -----  --------------------------------   ------------------------
          0A5B  gsinit                             crt0

ASxxxx Linker V06.10                                                                Page 7
Hexadecimal [16-Bits]                                 Fri Sep  4 12:35:09 2026
[ Bank == _CSEG ]

Area                       Addr        Size        Decimal Bytes (Attributes)
--------------------       ----        ----        ------- ----- ------------
_GSFINAL                   0A80        0001 =           1. bytes (REL,CON,CSEG)

         Value  Global                             Global Defined In Module
         -----  --------------------------------   ------------------------
ASxxxx Linker V06.10                                                                Page 8
Hexadecimal [16-Bits]                                 Fri Sep  4 12:35:09 2026
[ Bank == _DSEG ]

Area                       Addr        Size        Decimal Bytes (Attributes)
--------------------       ----        ----        ------- ----- ------------
_DATA                      8000        000A =          10. bytes (REL,CON,DSEG)

         Value  Global                             Global Defined In Module
         -----  --------------------------------   ------------------------
          8006  _rotate_test_struct                rotate2_size_16_andCase_2_xo

ASxxxx Linker V06.10                                                                Page 9
Hexadecimal [16-Bits]                                 Fri Sep  4 12:35:09 2026
[ Bank == _DSEG ]

Area                       Addr        Size        Decimal Bytes (Attributes)
--------------------       ----        ----        ------- ----- ------------
_INITIALIZED               800A        0004 =           4. bytes (REL,CON,CSEG)

         Value  Global                             Global Defined In Module
         -----  --------------------------------   ------------------------
          800A  ___numTests                        testfwk

ASxxxx Linker V06.10                                                                 Page 10
Hexadecimal [16-Bits]                                 Fri Sep  4 12:35:09 2026

Files Linked                              [ module(s) ]

../../device/lib/build/z80/crt0.rel       [ crt0 ]
gen/ucz80/testfwk.rel                     [ testfwk ]
gen/ucz80/support.rel                     [ support ]
gen/ucz80/rotate2/rotate2_size_16_andCas  [ rotate2_size_16_andCase_2_xorLit ]


Libraries Linked                          [ object file ]

../../device/lib/build/z80/z80.lib        [ divunsigned ]
../../device/lib/build/z80/z80.lib        [ _startup ]
../../device/lib/build/z80/z80.lib        [ modunsigned ]

ASxxxx Linker V06.10                                                                 Page 11
Hexadecimal [16-Bits]                                 Fri Sep  4 12:35:09 2026

User Area Base Address Definitions

_CODE = 0x0200
_DATA = 0x8000


