ASxxxx Linker V06.10                                                                Page 1
Hexadecimal [16-Bits]                                 Fri Sep  4 12:35:21 2026

Area                       Addr        Size        Decimal Bytes (Attributes)
--------------------       ----        ----        ------- ----- ------------
.  .ABS.                   0000        0000 =           0. bytes (ABS,OVR,CSEG)

         Value  Global                             Global Defined In Module
         -----  --------------------------------   ------------------------
          0000  .__.ABS.                           modunsigned

ASxxxx Linker V06.10                                                                Page 2
Hexadecimal [16-Bits]                                 Fri Sep  4 12:35:21 2026

Area                       Addr        Size        Decimal Bytes (Attributes)
--------------------       ----        ----        ------- ----- ------------
_HEADER                    0000        0110 =         272. bytes (ABS,OVR,CSEG)

         Value  Global                             Global Defined In Module
         -----  --------------------------------   ------------------------
ASxxxx Linker V06.10                                                                Page 3
Hexadecimal [16-Bits]                                 Fri Sep  4 12:35:21 2026
[ Bank == _CSEG ]

Area                       Addr        Size        Decimal Bytes (Attributes)
--------------------       ----        ----        ------- ----- ------------
_CODE                      0200        0805 =        2053. bytes (REL,CON,CSEG)

         Value  Global                             Global Defined In Module
         -----  --------------------------------   ------------------------
          0200  __clock                            crt0
          0204  _exit                              crt0
          020A  ___prints                          testfwk
          0217  ___printu                          testfwk
          024A  ___fail                            testfwk
          02B1  _main                              testfwk
          035B  __putchar                          support
          0364  __initEmu                          support
          0365  __exitEmu                          support
          036A  _rotate_test_1                     rotate2_size_8_andCase_1_xor
          036E  _rotate_test_1_xor1                rotate2_size_8_andCase_1_xor
          0376  _rotate_test_1_xor2                rotate2_size_8_andCase_1_xor
          038C  _rotate_test_2                     rotate2_size_8_andCase_1_xor
          0390  _rotate_test_2_xor1                rotate2_size_8_andCase_1_xor
          0398  _rotate_test_2_xor2                rotate2_size_8_andCase_1_xor
          03AE  _rotate_test_3                     rotate2_size_8_andCase_1_xor
          03C3  _rotate_test_3_xor1                rotate2_size_8_andCase_1_xor
          03DC  _rotate_test_3_xor2                rotate2_size_8_andCase_1_xor
          0407  _rotate_test_4                     rotate2_size_8_andCase_1_xor
          0416  _rotate_test_4_xor1                rotate2_size_8_andCase_1_xor
          0429  _rotate_test_4_xor2                rotate2_size_8_andCase_1_xor
          044B  _rotate_test_load                  rotate2_size_8_andCase_1_xor
          044F  _rotate_test_5                     rotate2_size_8_andCase_1_xor
          045F  _rotate_test_5_xor1                rotate2_size_8_andCase_1_xor
          0473  _rotate_test_5_xor2                rotate2_size_8_andCase_1_xor
          0963  ___runSuite                        rotate2_size_8_andCase_1_xor
          097F  ___getSuiteName                    rotate2_size_8_andCase_1_xor
          0983  ___numCases                        rotate2_size_8_andCase_1_xor
          09C5  __divuchar                         divunsigned
          09C7  __divu8                            divunsigned
          09CA  __divuint                          divunsigned
          09CA  __divu16                           divunsigned
          09F9  __moduchar                         modunsigned
          0A00  __moduint                          modunsigned

ASxxxx Linker V06.10                                                                Page 4
Hexadecimal [16-Bits]                                 Fri Sep  4 12:35:21 2026
[ Bank == _CSEG ]

Area                       Addr        Size        Decimal Bytes (Attributes)
--------------------       ----        ----        ------- ----- ------------
_HOME                      0A05        0002 =           2. bytes (REL,CON,CSEG)

         Value  Global                             Global Defined In Module
         -----  --------------------------------   ------------------------
          0A05  ___sdcc_external_startup           _startup

ASxxxx Linker V06.10                                                                Page 5
Hexadecimal [16-Bits]                                 Fri Sep  4 12:35:21 2026
[ Bank == _CSEG ]

Area                       Addr        Size        Decimal Bytes (Attributes)
--------------------       ----        ----        ------- ----- ------------
_INITIALIZER               0A07        0005 =           5. bytes (REL,CON,CSEG)

         Value  Global                             Global Defined In Module
         -----  --------------------------------   ------------------------
ASxxxx Linker V06.10                                                                Page 6
Hexadecimal [16-Bits]                                 Fri Sep  4 12:35:21 2026
[ Bank == _CSEG ]

Area                       Addr        Size        Decimal Bytes (Attributes)
--------------------       ----        ----        ------- ----- ------------
_GSINIT                    0A0C        0025 =          37. bytes (REL,CON,CSEG)

         Value  Global                             Global Defined In Module
         -----  --------------------------------   ------------------------
          0A0C  gsinit                             crt0

ASxxxx Linker V06.10                                                                Page 7
Hexadecimal [16-Bits]                                 Fri Sep  4 12:35:21 2026
[ Bank == _CSEG ]

Area                       Addr        Size        Decimal Bytes (Attributes)
--------------------       ----        ----        ------- ----- ------------
_GSFINAL                   0A31        0001 =           1. bytes (REL,CON,CSEG)

         Value  Global                             Global Defined In Module
         -----  --------------------------------   ------------------------
ASxxxx Linker V06.10                                                                Page 8
Hexadecimal [16-Bits]                                 Fri Sep  4 12:35:21 2026
[ Bank == _DSEG ]

Area                       Addr        Size        Decimal Bytes (Attributes)
--------------------       ----        ----        ------- ----- ------------
_DATA                      8000        0007 =           7. bytes (REL,CON,DSEG)

         Value  Global                             Global Defined In Module
         -----  --------------------------------   ------------------------
          8006  _rotate_test_value                 rotate2_size_8_andCase_1_xor

ASxxxx Linker V06.10                                                                Page 9
Hexadecimal [16-Bits]                                 Fri Sep  4 12:35:21 2026
[ Bank == _DSEG ]

Area                       Addr        Size        Decimal Bytes (Attributes)
--------------------       ----        ----        ------- ----- ------------
_INITIALIZED               8007        0005 =           5. bytes (REL,CON,CSEG)

         Value  Global                             Global Defined In Module
         -----  --------------------------------   ------------------------
          8007  ___numTests                        testfwk
          800B  _rotate_test_value_xor             rotate2_size_8_andCase_1_xor

ASxxxx Linker V06.10                                                                 Page 10
Hexadecimal [16-Bits]                                 Fri Sep  4 12:35:21 2026

Files Linked                              [ module(s) ]

../../device/lib/build/z80/crt0.rel       [ crt0 ]
gen/ucz80/testfwk.rel                     [ testfwk ]
gen/ucz80/support.rel                     [ support ]
gen/ucz80/rotate2/rotate2_size_8_andCase  [ rotate2_size_8_andCase_1_xorLite ]


Libraries Linked                          [ object file ]

../../device/lib/build/z80/z80.lib        [ divunsigned ]
../../device/lib/build/z80/z80.lib        [ _startup ]
../../device/lib/build/z80/z80.lib        [ modunsigned ]

ASxxxx Linker V06.10                                                                 Page 11
Hexadecimal [16-Bits]                                 Fri Sep  4 12:35:21 2026

User Area Base Address Definitions

_CODE = 0x0200
_DATA = 0x8000


