
uCsim 0.9.9, Copyright (C) 1997 Daniel Drotos.
uCsim comes with ABSOLUTELY NO WARRANTY; for details type `show w'.
This is free software, and you are welcome to redistribute it
under certain conditions; type `show c' for details.
set error non-classified off
set error unknown_code off
set error memory off
set error stack off
set hw simif outputs 0xff
step 500000000 vclk
state
quit
1193 words read from gen/ucz80/bit_floor/bit_floor_type_unsigned_char.ihx
--- Running: bit_floor_type_unsigned_char
Running testBitFloor
--- Summary: 0/4/1: 0 failed of 4 tests in 1 cases.

Stop at 0x000369: (110) Program stopped itself
F 0x000369
Simulated 1909302 ticks (1.726e-01 sec)
Host usage: 0.071658 sec, rate=2.409278
CPU state= OK PC= 0x000369 frequency= 11059200 HZ
Operation since last reset= 472160 vclks
Inst= 97317 Fetch= 331795 Read= 71155 Write= 69210
Total time since last reset= 0.172644675925787 sec (1909312 clks)
Time in isr = 0.000000000000000 sec (0 clks) 0.00%
Time in idle= 0.000000000000000 sec (0 clks) 0.00%
Most value of stack pointer= 0x000000
Simulation: stopped
Runtime: 0.081767 sec

--- Simulator: 1193/1909312: 1193 bytes, 1909312 ticks
uCsim 0.9.9, Copyright (C) 1997 Daniel Drotos.
uCsim comes with ABSOLUTELY NO WARRANTY; for details type `show w'.
This is free software, and you are welcome to redistribute it
under certain conditions; type `show c' for details.
set error non-classified off
set error unknown_code off
set error memory off
set error stack off
set hw simif outputs 0xff
step 500000000 vclk
state
quit
1549 words read from gen/ucz80/bit_floor/bit_floor_type_unsigned_int.ihx
--- Running: bit_floor_type_unsigned_int
Running testBitFloor
--- Summary: 0/4/1: 0 failed of 4 tests in 1 cases.

Stop at 0x000369: (110) Program stopped itself
F 0x000369
Simulated 1913578 ticks (1.730e-01 sec)
Host usage: 0.060514 sec, rate=2.859347
CPU state= OK PC= 0x000369 frequency= 11059200 HZ
Operation since last reset= 473279 vclks
Inst= 97497 Fetch= 332535 Read= 71328 Write= 69416
Total time since last reset= 0.173031322337823 sec (1913588 clks)
Time in isr = 0.000000000000000 sec (0 clks) 0.00%
Time in idle= 0.000000000000000 sec (0 clks) 0.00%
Most value of stack pointer= 0x000000
Simulation: stopped
Runtime: 0.068889 sec

--- Simulator: 1549/1913588: 1549 bytes, 1913588 ticks
uCsim 0.9.9, Copyright (C) 1997 Daniel Drotos.
uCsim comes with ABSOLUTELY NO WARRANTY; for details type `show w'.
This is free software, and you are welcome to redistribute it
under certain conditions; type `show c' for details.
set error non-classified off
set error unknown_code off
set error memory off
set error stack off
set hw simif outputs 0xff
step 500000000 vclk
state
quit
1567 words read from gen/ucz80/bit_floor/bit_floor_type_unsigned_long.ihx
--- Running: bit_floor_type_unsigned_long
Running testBitFloor
--- Summary: 0/4/1: 0 failed of 4 tests in 1 cases.

Stop at 0x000369: (110) Program stopped itself
F 0x000369
Simulated 1913821 ticks (1.731e-01 sec)
Host usage: 0.062278 sec, rate=2.778707
CPU state= OK PC= 0x000369 frequency= 11059200 HZ
Operation since last reset= 473342 vclks
Inst= 97529 Fetch= 332573 Read= 71341 Write= 69428
Total time since last reset= 0.173053294994072 sec (1913831 clks)
Time in isr = 0.000000000000000 sec (0 clks) 0.00%
Time in idle= 0.000000000000000 sec (0 clks) 0.00%
Most value of stack pointer= 0x000000
Simulation: stopped
Runtime: 0.071818 sec

--- Simulator: 1567/1913831: 1567 bytes, 1913831 ticks
uCsim 0.9.9, Copyright (C) 1997 Daniel Drotos.
uCsim comes with ABSOLUTELY NO WARRANTY; for details type `show w'.
This is free software, and you are welcome to redistribute it
under certain conditions; type `show c' for details.
set error non-classified off
set error unknown_code off
set error memory off
set error stack off
set hw simif outputs 0xff
step 500000000 vclk
state
quit
1641 words read from gen/ucz80/bit_floor/bit_floor_type_unsigned_long_long.ihx
--- Running: bit_floor_type_unsigned_long_long
Running testBitFloor
--- Summary: 0/4/1: 0 failed of 4 tests in 1 cases.

Stop at 0x000369: (110) Program stopped itself
F 0x000369
Simulated 1914832 ticks (1.731e-01 sec)
Host usage: 0.064870 sec, rate=2.669094
CPU state= OK PC= 0x000369 frequency= 11059200 HZ
Operation since last reset= 473561 vclks
Inst= 97609 Fetch= 332747 Read= 71382 Write= 69432
Total time since last reset= 0.173144712094766 sec (1914842 clks)
Time in isr = 0.000000000000000 sec (0 clks) 0.00%
Time in idle= 0.000000000000000 sec (0 clks) 0.00%
Most value of stack pointer= 0x000000
Simulation: stopped
Runtime: 0.075075 sec

--- Simulator: 1641/1914842: 1641 bytes, 1914842 ticks
uCsim 0.9.9, Copyright (C) 1997 Daniel Drotos.
uCsim comes with ABSOLUTELY NO WARRANTY; for details type `show w'.
This is free software, and you are welcome to redistribute it
under certain conditions; type `show c' for details.
set error non-classified off
set error unknown_code off
set error memory off
set error stack off
set hw simif outputs 0xff
step 500000000 vclk
state
quit
1553 words read from gen/ucz80/bit_floor/bit_floor_type_unsigned_short.ihx
--- Running: bit_floor_type_unsigned_short
Running testBitFloor
--- Summary: 0/4/1: 0 failed of 4 tests in 1 cases.

Stop at 0x000369: (110) Program stopped itself
F 0x000369
Simulated 1913832 ticks (1.731e-01 sec)
Host usage: 0.064576 sec, rate=2.679834
CPU state= OK PC= 0x000369 frequency= 11059200 HZ
Operation since last reset= 473341 vclks
Inst= 97529 Fetch= 332579 Read= 71338 Write= 69424
Total time since last reset= 0.173054289641063 sec (1913842 clks)
Time in isr = 0.000000000000000 sec (0 clks) 0.00%
Time in idle= 0.000000000000000 sec (0 clks) 0.00%
Most value of stack pointer= 0x000000
Simulation: stopped
Runtime: 0.074422 sec

--- Simulator: 1553/1913842: 1553 bytes, 1913842 ticks
