
uCsim 0.9.9, Copyright (C) 1997 Daniel Drotos.
uCsim comes with ABSOLUTELY NO WARRANTY; for details type `show w'.
This is free software, and you are welcome to redistribute it
under certain conditions; type `show c' for details.
set error non-classified off
set error unknown_code off
set error memory off
set error stack off
set hw simif outputs 0xff
step 500000000 vclk
state
quit
1126 words read from gen/ucz80/bit_width/bit_width_type_unsigned_char.ihx
--- Running: bit_width_type_unsigned_char
Running testBitWidth
--- Summary: 0/4/1: 0 failed of 4 tests in 1 cases.

Stop at 0x000369: (110) Program stopped itself
F 0x000369
Simulated 1908669 ticks (1.726e-01 sec)
Host usage: 0.063505 sec, rate=2.717687
CPU state= OK PC= 0x000369 frequency= 11059200 HZ
Operation since last reset= 472055 vclks
Inst= 97252 Fetch= 331690 Read= 71155 Write= 69210
Total time since last reset= 0.172587438512594 sec (1908679 clks)
Time in isr = 0.000000000000000 sec (0 clks) 0.00%
Time in idle= 0.000000000000000 sec (0 clks) 0.00%
Most value of stack pointer= 0x000000
Simulation: stopped
Runtime: 0.072020 sec

--- Simulator: 1126/1908679: 1126 bytes, 1908679 ticks
uCsim 0.9.9, Copyright (C) 1997 Daniel Drotos.
uCsim comes with ABSOLUTELY NO WARRANTY; for details type `show w'.
This is free software, and you are welcome to redistribute it
under certain conditions; type `show c' for details.
set error non-classified off
set error unknown_code off
set error memory off
set error stack off
set hw simif outputs 0xff
step 500000000 vclk
state
quit
1124 words read from gen/ucz80/bit_width/bit_width_type_unsigned_int.ihx
--- Running: bit_width_type_unsigned_int
Running testBitWidth
--- Summary: 0/4/1: 0 failed of 4 tests in 1 cases.

Stop at 0x000369: (110) Program stopped itself
F 0x000369
Simulated 1908542 ticks (1.726e-01 sec)
Host usage: 0.067210 sec, rate=2.567701
CPU state= OK PC= 0x000369 frequency= 11059200 HZ
Operation since last reset= 472024 vclks
Inst= 97236 Fetch= 331668 Read= 71150 Write= 69206
Total time since last reset= 0.172575954860974 sec (1908552 clks)
Time in isr = 0.000000000000000 sec (0 clks) 0.00%
Time in idle= 0.000000000000000 sec (0 clks) 0.00%
Most value of stack pointer= 0x000000
Simulation: stopped
Runtime: 0.076770 sec

--- Simulator: 1124/1908552: 1124 bytes, 1908552 ticks
uCsim 0.9.9, Copyright (C) 1997 Daniel Drotos.
uCsim comes with ABSOLUTELY NO WARRANTY; for details type `show w'.
This is free software, and you are welcome to redistribute it
under certain conditions; type `show c' for details.
set error non-classified off
set error unknown_code off
set error memory off
set error stack off
set hw simif outputs 0xff
step 500000000 vclk
state
quit
1126 words read from gen/ucz80/bit_width/bit_width_type_unsigned_long.ihx
--- Running: bit_width_type_unsigned_long
Running testBitWidth
--- Summary: 0/4/1: 0 failed of 4 tests in 1 cases.

Stop at 0x000369: (110) Program stopped itself
F 0x000369
Simulated 1908669 ticks (1.726e-01 sec)
Host usage: 0.040062 sec, rate=4.307991
CPU state= OK PC= 0x000369 frequency= 11059200 HZ
Operation since last reset= 472055 vclks
Inst= 97252 Fetch= 331690 Read= 71155 Write= 69210
Total time since last reset= 0.172587438512594 sec (1908679 clks)
Time in isr = 0.000000000000000 sec (0 clks) 0.00%
Time in idle= 0.000000000000000 sec (0 clks) 0.00%
Most value of stack pointer= 0x000000
Simulation: stopped
Runtime: 0.046732 sec

--- Simulator: 1126/1908679: 1126 bytes, 1908679 ticks
uCsim 0.9.9, Copyright (C) 1997 Daniel Drotos.
uCsim comes with ABSOLUTELY NO WARRANTY; for details type `show w'.
This is free software, and you are welcome to redistribute it
under certain conditions; type `show c' for details.
set error non-classified off
set error unknown_code off
set error memory off
set error stack off
set hw simif outputs 0xff
step 500000000 vclk
state
quit
1136 words read from gen/ucz80/bit_width/bit_width_type_unsigned_long_long.ihx
--- Running: bit_width_type_unsigned_long_long
Running testBitWidth
--- Summary: 0/4/1: 0 failed of 4 tests in 1 cases.

Stop at 0x000369: (110) Program stopped itself
F 0x000369
Simulated 1909304 ticks (1.726e-01 sec)
Host usage: 0.042460 sec, rate=4.066041
CPU state= OK PC= 0x000369 frequency= 11059200 HZ
Operation since last reset= 472210 vclks
Inst= 97332 Fetch= 331800 Read= 71180 Write= 69230
Total time since last reset= 0.172644856770695 sec (1909314 clks)
Time in isr = 0.000000000000000 sec (0 clks) 0.00%
Time in idle= 0.000000000000000 sec (0 clks) 0.00%
Most value of stack pointer= 0x000000
Simulation: stopped
Runtime: 0.049164 sec

--- Simulator: 1136/1909314: 1136 bytes, 1909314 ticks
uCsim 0.9.9, Copyright (C) 1997 Daniel Drotos.
uCsim comes with ABSOLUTELY NO WARRANTY; for details type `show w'.
This is free software, and you are welcome to redistribute it
under certain conditions; type `show c' for details.
set error non-classified off
set error unknown_code off
set error memory off
set error stack off
set hw simif outputs 0xff
step 500000000 vclk
state
quit
1128 words read from gen/ucz80/bit_width/bit_width_type_unsigned_short.ihx
--- Running: bit_width_type_unsigned_short
Running testBitWidth
--- Summary: 0/4/1: 0 failed of 4 tests in 1 cases.

Stop at 0x000369: (110) Program stopped itself
F 0x000369
Simulated 1908796 ticks (1.726e-01 sec)
Host usage: 0.075113 sec, rate=2.297843
CPU state= OK PC= 0x000369 frequency= 11059200 HZ
Operation since last reset= 472086 vclks
Inst= 97268 Fetch= 331712 Read= 71160 Write= 69214
Total time since last reset= 0.172598922164214 sec (1908806 clks)
Time in isr = 0.000000000000000 sec (0 clks) 0.00%
Time in idle= 0.000000000000000 sec (0 clks) 0.00%
Most value of stack pointer= 0x000000
Simulation: stopped
Runtime: 0.085025 sec

--- Simulator: 1128/1908806: 1128 bytes, 1908806 ticks
