
uCsim 0.9.9, Copyright (C) 1997 Daniel Drotos.
uCsim comes with ABSOLUTELY NO WARRANTY; for details type `show w'.
This is free software, and you are welcome to redistribute it
under certain conditions; type `show c' for details.
set error non-classified off
set error unknown_code off
set error memory off
set error stack off
set hw simif outputs 0xff
step 500000000 vclk
state
quit
2477 words read from gen/ucz80/bitfields-bits2/bitfields-bits2_preBits_0_pattern_0.ihx
--- Running: bitfields-bits2_preBits_0_pattern_0
Running testBitfields
--- Summary: 0/12/1: 0 failed of 12 tests in 1 cases.

Stop at 0x000369: (110) Program stopped itself
F 0x000369
Simulated 68867 ticks (6.227e-03 sec)
Host usage: 0.002069 sec, rate=3.009731
CPU state= OK PC= 0x000369 frequency= 11059200 HZ
Operation since last reset= 16567 vclks
Inst= 9096 Fetch= 13548 Read= 1687 Write= 1332
Total time since last reset= 0.006228027343750 sec (68877 clks)
Time in isr = 0.000000000000000 sec (0 clks) 0.00%
Time in idle= 0.000000000000000 sec (0 clks) 0.00%
Most value of stack pointer= 0x000000
Simulation: stopped
Runtime: 0.009361 sec

--- Simulator: 2477/68877: 2477 bytes, 68877 ticks
uCsim 0.9.9, Copyright (C) 1997 Daniel Drotos.
uCsim comes with ABSOLUTELY NO WARRANTY; for details type `show w'.
This is free software, and you are welcome to redistribute it
under certain conditions; type `show c' for details.
set error non-classified off
set error unknown_code off
set error memory off
set error stack off
set hw simif outputs 0xff
step 500000000 vclk
state
quit
2477 words read from gen/ucz80/bitfields-bits2/bitfields-bits2_preBits_0_pattern_1.ihx
--- Running: bitfields-bits2_preBits_0_pattern_1
Running testBitfields
--- Summary: 0/12/1: 0 failed of 12 tests in 1 cases.

Stop at 0x000369: (110) Program stopped itself
F 0x000369
Simulated 68867 ticks (6.227e-03 sec)
Host usage: 0.003375 sec, rate=1.845044
CPU state= OK PC= 0x000369 frequency= 11059200 HZ
Operation since last reset= 16567 vclks
Inst= 9096 Fetch= 13548 Read= 1687 Write= 1332
Total time since last reset= 0.006228027343750 sec (68877 clks)
Time in isr = 0.000000000000000 sec (0 clks) 0.00%
Time in idle= 0.000000000000000 sec (0 clks) 0.00%
Most value of stack pointer= 0x000000
Simulation: stopped
Runtime: 0.013973 sec

--- Simulator: 2477/68877: 2477 bytes, 68877 ticks
uCsim 0.9.9, Copyright (C) 1997 Daniel Drotos.
uCsim comes with ABSOLUTELY NO WARRANTY; for details type `show w'.
This is free software, and you are welcome to redistribute it
under certain conditions; type `show c' for details.
set error non-classified off
set error unknown_code off
set error memory off
set error stack off
set hw simif outputs 0xff
step 500000000 vclk
state
quit
2536 words read from gen/ucz80/bitfields-bits2/bitfields-bits2_preBits_16_pattern_0.ihx
--- Running: bitfields-bits2_preBits_16_pattern_0
Running testBitfields
--- Summary: 0/12/1: 0 failed of 12 tests in 1 cases.

Stop at 0x000369: (110) Program stopped itself
F 0x000369
Simulated 73769 ticks (6.670e-03 sec)
Host usage: 0.002929 sec, rate=2.277377
CPU state= OK PC= 0x000369 frequency= 11059200 HZ
Operation since last reset= 17561 vclks
Inst= 9941 Fetch= 14483 Read= 1716 Write= 1362
Total time since last reset= 0.006671278211805 sec (73779 clks)
Time in isr = 0.000000000000000 sec (0 clks) 0.00%
Time in idle= 0.000000000000000 sec (0 clks) 0.00%
Most value of stack pointer= 0x000000
Simulation: stopped
Runtime: 0.013809 sec

--- Simulator: 2536/73779: 2536 bytes, 73779 ticks
uCsim 0.9.9, Copyright (C) 1997 Daniel Drotos.
uCsim comes with ABSOLUTELY NO WARRANTY; for details type `show w'.
This is free software, and you are welcome to redistribute it
under certain conditions; type `show c' for details.
set error non-classified off
set error unknown_code off
set error memory off
set error stack off
set hw simif outputs 0xff
step 500000000 vclk
state
quit
2536 words read from gen/ucz80/bitfields-bits2/bitfields-bits2_preBits_16_pattern_1.ihx
--- Running: bitfields-bits2_preBits_16_pattern_1
Running testBitfields
--- Summary: 0/12/1: 0 failed of 12 tests in 1 cases.

Stop at 0x000369: (110) Program stopped itself
F 0x000369
Simulated 73769 ticks (6.670e-03 sec)
Host usage: 0.002221 sec, rate=3.003175
CPU state= OK PC= 0x000369 frequency= 11059200 HZ
Operation since last reset= 17561 vclks
Inst= 9941 Fetch= 14483 Read= 1716 Write= 1362
Total time since last reset= 0.006671278211805 sec (73779 clks)
Time in isr = 0.000000000000000 sec (0 clks) 0.00%
Time in idle= 0.000000000000000 sec (0 clks) 0.00%
Most value of stack pointer= 0x000000
Simulation: stopped
Runtime: 0.010257 sec

--- Simulator: 2536/73779: 2536 bytes, 73779 ticks
uCsim 0.9.9, Copyright (C) 1997 Daniel Drotos.
uCsim comes with ABSOLUTELY NO WARRANTY; for details type `show w'.
This is free software, and you are welcome to redistribute it
under certain conditions; type `show c' for details.
set error non-classified off
set error unknown_code off
set error memory off
set error stack off
set hw simif outputs 0xff
step 500000000 vclk
state
quit
2518 words read from gen/ucz80/bitfields-bits2/bitfields-bits2_preBits_8_pattern_0.ihx
--- Running: bitfields-bits2_preBits_8_pattern_0
Running testBitfields
--- Summary: 0/12/1: 0 failed of 12 tests in 1 cases.

Stop at 0x000369: (110) Program stopped itself
F 0x000369
Simulated 71402 ticks (6.456e-03 sec)
Host usage: 0.003543 sec, rate=1.822210
CPU state= OK PC= 0x000369 frequency= 11059200 HZ
Operation since last reset= 17048 vclks
Inst= 9523 Fetch= 14005 Read= 1699 Write= 1344
Total time since last reset= 0.006457248263888 sec (71412 clks)
Time in isr = 0.000000000000000 sec (0 clks) 0.00%
Time in idle= 0.000000000000000 sec (0 clks) 0.00%
Most value of stack pointer= 0x000000
Simulation: stopped
Runtime: 0.013252 sec

--- Simulator: 2518/71412: 2518 bytes, 71412 ticks
uCsim 0.9.9, Copyright (C) 1997 Daniel Drotos.
uCsim comes with ABSOLUTELY NO WARRANTY; for details type `show w'.
This is free software, and you are welcome to redistribute it
under certain conditions; type `show c' for details.
set error non-classified off
set error unknown_code off
set error memory off
set error stack off
set hw simif outputs 0xff
step 500000000 vclk
state
quit
2518 words read from gen/ucz80/bitfields-bits2/bitfields-bits2_preBits_8_pattern_1.ihx
--- Running: bitfields-bits2_preBits_8_pattern_1
Running testBitfields
--- Summary: 0/12/1: 0 failed of 12 tests in 1 cases.

Stop at 0x000369: (110) Program stopped itself
F 0x000369
Simulated 71402 ticks (6.456e-03 sec)
Host usage: 0.003088 sec, rate=2.090787
CPU state= OK PC= 0x000369 frequency= 11059200 HZ
Operation since last reset= 17048 vclks
Inst= 9523 Fetch= 14005 Read= 1699 Write= 1344
Total time since last reset= 0.006457248263888 sec (71412 clks)
Time in isr = 0.000000000000000 sec (0 clks) 0.00%
Time in idle= 0.000000000000000 sec (0 clks) 0.00%
Most value of stack pointer= 0x000000
Simulation: stopped
Runtime: 0.010672 sec

--- Simulator: 2518/71412: 2518 bytes, 71412 ticks
