
uCsim 0.9.9, Copyright (C) 1997 Daniel Drotos.
uCsim comes with ABSOLUTELY NO WARRANTY; for details type `show w'.
This is free software, and you are welcome to redistribute it
under certain conditions; type `show c' for details.
set error non-classified off
set error unknown_code off
set error memory off
set error stack off
set hw simif outputs 0xff
step 500000000 vclk
state
quit
774 words read from gen/ucz80/bug-2601/bug-2601_mem___idata.ihx
--- Running: bug-2601_mem___idata
Running testBug
--- Summary: 0/2/1: 0 failed of 2 tests in 1 cases.

Stop at 0x000369: (110) Program stopped itself
F 0x000369
Simulated 22761 ticks (2.058e-03 sec)
Host usage: 0.001256 sec, rate=1.638633
CPU state= OK PC= 0x000369 frequency= 11059200 HZ
Operation since last reset= 5329 vclks
Inst= 2890 Fetch= 4164 Read= 637 Write= 528
Total time since last reset= 0.002059009693287 sec (22771 clks)
Time in isr = 0.000000000000000 sec (0 clks) 0.00%
Time in idle= 0.000000000000000 sec (0 clks) 0.00%
Most value of stack pointer= 0x000000
Simulation: stopped
Runtime: 0.010826 sec

--- Simulator: 774/22771: 774 bytes, 22771 ticks
uCsim 0.9.9, Copyright (C) 1997 Daniel Drotos.
uCsim comes with ABSOLUTELY NO WARRANTY; for details type `show w'.
This is free software, and you are welcome to redistribute it
under certain conditions; type `show c' for details.
set error non-classified off
set error unknown_code off
set error memory off
set error stack off
set hw simif outputs 0xff
step 500000000 vclk
state
quit
774 words read from gen/ucz80/bug-2601/bug-2601_mem___xdata.ihx
--- Running: bug-2601_mem___xdata
Running testBug
--- Summary: 0/2/1: 0 failed of 2 tests in 1 cases.

Stop at 0x000369: (110) Program stopped itself
F 0x000369
Simulated 22761 ticks (2.058e-03 sec)
Host usage: 0.001148 sec, rate=1.792798
CPU state= OK PC= 0x000369 frequency= 11059200 HZ
Operation since last reset= 5329 vclks
Inst= 2890 Fetch= 4164 Read= 637 Write= 528
Total time since last reset= 0.002059009693287 sec (22771 clks)
Time in isr = 0.000000000000000 sec (0 clks) 0.00%
Time in idle= 0.000000000000000 sec (0 clks) 0.00%
Most value of stack pointer= 0x000000
Simulation: stopped
Runtime: 0.009828 sec

--- Simulator: 774/22771: 774 bytes, 22771 ticks
uCsim 0.9.9, Copyright (C) 1997 Daniel Drotos.
uCsim comes with ABSOLUTELY NO WARRANTY; for details type `show w'.
This is free software, and you are welcome to redistribute it
under certain conditions; type `show c' for details.
set error non-classified off
set error unknown_code off
set error memory off
set error stack off
set hw simif outputs 0xff
step 500000000 vclk
state
quit
768 words read from gen/ucz80/bug-2601/bug-2601_mem_none.ihx
--- Running: bug-2601_mem_none
Running testBug
--- Summary: 0/2/1: 0 failed of 2 tests in 1 cases.

Stop at 0x000369: (110) Program stopped itself
F 0x000369
Simulated 22380 ticks (2.024e-03 sec)
Host usage: 0.001585 sec, rate=1.276748
CPU state= OK PC= 0x000369 frequency= 11059200 HZ
Operation since last reset= 5236 vclks
Inst= 2842 Fetch= 4098 Read= 622 Write= 516
Total time since last reset= 0.002024558738426 sec (22390 clks)
Time in isr = 0.000000000000000 sec (0 clks) 0.00%
Time in idle= 0.000000000000000 sec (0 clks) 0.00%
Most value of stack pointer= 0x000000
Simulation: stopped
Runtime: 0.010215 sec

--- Simulator: 768/22390: 768 bytes, 22390 ticks
