
uCsim 0.9.9, Copyright (C) 1997 Daniel Drotos.
uCsim comes with ABSOLUTELY NO WARRANTY; for details type `show w'.
This is free software, and you are welcome to redistribute it
under certain conditions; type `show c' for details.
set error non-classified off
set error unknown_code off
set error memory off
set error stack off
set hw simif outputs 0xff
step 500000000 vclk
state
quit
624 words read from gen/ucz80/bug3410620/bug3410620_bank_1.ihx
--- Running: bug3410620_bank_1
Running testBug
--- Summary: 0/1/1: 0 failed of 1 tests in 1 cases.

Stop at 0x000369: (110) Program stopped itself
F 0x000369
Simulated 21740 ticks (1.966e-03 sec)
Host usage: 0.001427 sec, rate=1.377627
CPU state= OK PC= 0x000369 frequency= 11059200 HZ
Operation since last reset= 5071 vclks
Inst= 2789 Fetch= 3982 Read= 597 Write= 492
Total time since last reset= 0.001966688368056 sec (21750 clks)
Time in isr = 0.000000000000000 sec (0 clks) 0.00%
Time in idle= 0.000000000000000 sec (0 clks) 0.00%
Most value of stack pointer= 0x000000
Simulation: stopped
Runtime: 0.011166 sec

--- Simulator: 624/21750: 624 bytes, 21750 ticks
uCsim 0.9.9, Copyright (C) 1997 Daniel Drotos.
uCsim comes with ABSOLUTELY NO WARRANTY; for details type `show w'.
This is free software, and you are welcome to redistribute it
under certain conditions; type `show c' for details.
set error non-classified off
set error unknown_code off
set error memory off
set error stack off
set hw simif outputs 0xff
step 500000000 vclk
state
quit
624 words read from gen/ucz80/bug3410620/bug3410620_bank_2.ihx
--- Running: bug3410620_bank_2
Running testBug
--- Summary: 0/1/1: 0 failed of 1 tests in 1 cases.

Stop at 0x000369: (110) Program stopped itself
F 0x000369
Simulated 21740 ticks (1.966e-03 sec)
Host usage: 0.001192 sec, rate=1.649019
CPU state= OK PC= 0x000369 frequency= 11059200 HZ
Operation since last reset= 5071 vclks
Inst= 2789 Fetch= 3982 Read= 597 Write= 492
Total time since last reset= 0.001966688368056 sec (21750 clks)
Time in isr = 0.000000000000000 sec (0 clks) 0.00%
Time in idle= 0.000000000000000 sec (0 clks) 0.00%
Most value of stack pointer= 0x000000
Simulation: stopped
Runtime: 0.010860 sec

--- Simulator: 624/21750: 624 bytes, 21750 ticks
