uCsim 0.9.9, Copyright (C) 1997 Daniel Drotos.
uCsim comes with ABSOLUTELY NO WARRANTY; for details type `show w'.
This is free software, and you are welcome to redistribute it
under certain conditions; type `show c' for details.
set error non-classified off
set error unknown_code off
set error memory off
set error stack off
set hw simif outputs 0xff
step 500000000 vclk
state
quit
698 words read from gen/ucz80/gte_pr59387.ihx
--- Running: gte/pr59387
Running main
--- Summary: 0/0/1: 0 failed of 0 tests in 1 cases.

Stop at 0x000369: (110) Program stopped itself
F 0x000369
Simulated 79833 ticks (7.219e-03 sec)
Host usage: 0.003930 sec, rate=1.836887
CPU state= OK PC= 0x000369 frequency= 11059200 HZ
Operation since last reset= 21692 vclks
Inst= 9416 Fetch= 16784 Read= 2995 Write= 1913
Total time since last reset= 0.007219599971064 sec (79843 clks)
Time in isr = 0.000000000000000 sec (0 clks) 0.00%
Time in idle= 0.000000000000000 sec (0 clks) 0.00%
Most value of stack pointer= 0x000000
Simulation: stopped
Runtime: 0.013034 sec

--- Simulator: 698/79843: 698 bytes, 79843 ticks
