uCsim 0.9.9, Copyright (C) 1997 Daniel Drotos.
uCsim comes with ABSOLUTELY NO WARRANTY; for details type `show w'.
This is free software, and you are welcome to redistribute it
under certain conditions; type `show c' for details.
set error non-classified off
set error unknown_code off
set error memory off
set error stack off
set hw simif outputs 0xff
step 500000000 vclk
state
quit
631 words read from gen/ucz80/gte_pr56051.ihx
--- Running: gte/pr56051
Running main
--- Summary: 0/0/1: 0 failed of 0 tests in 1 cases.

Stop at 0x000369: (110) Program stopped itself
F 0x000369
Simulated 16409 ticks (1.484e-03 sec)
Host usage: 0.000969 sec, rate=1.531315
CPU state= OK PC= 0x000369 frequency= 11059200 HZ
Operation since last reset= 3907 vclks
Inst= 2074 Fetch= 2974 Read= 514 Write= 419
Total time since last reset= 0.001484646267361 sec (16419 clks)
Time in isr = 0.000000000000000 sec (0 clks) 0.00%
Time in idle= 0.000000000000000 sec (0 clks) 0.00%
Most value of stack pointer= 0x000000
Simulation: stopped
Runtime: 0.008626 sec

--- Simulator: 631/16419: 631 bytes, 16419 ticks
