
uCsim 0.9.9, Copyright (C) 1997 Daniel Drotos.
uCsim comes with ABSOLUTELY NO WARRANTY; for details type `show w'.
This is free software, and you are welcome to redistribute it
under certain conditions; type `show c' for details.
set error non-classified off
set error unknown_code off
set error memory off
set error stack off
set hw simif outputs 0xff
step 500000000 vclk
state
quit
1730 words read from gen/ucz80/logical_ops/logical_ops_type_signed_char.ihx
--- Running: logical_ops_type_signed_char
Running testLogicalOr
--- Summary: 0/85/1: 0 failed of 85 tests in 1 cases.

Stop at 0x000369: (110) Program stopped itself
F 0x000369
Simulated 41131 ticks (3.719e-03 sec)
Host usage: 0.001994 sec, rate=1.865277
CPU state= OK PC= 0x000369 frequency= 11059200 HZ
Operation since last reset= 9781 vclks
Inst= 4808 Fetch= 7612 Read= 1188 Write= 981
Total time since last reset= 0.003720070167825 sec (41141 clks)
Time in isr = 0.000000000000000 sec (0 clks) 0.00%
Time in idle= 0.000000000000000 sec (0 clks) 0.00%
Most value of stack pointer= 0x000000
Simulation: stopped
Runtime: 0.010947 sec

--- Simulator: 1730/41141: 1730 bytes, 41141 ticks
uCsim 0.9.9, Copyright (C) 1997 Daniel Drotos.
uCsim comes with ABSOLUTELY NO WARRANTY; for details type `show w'.
This is free software, and you are welcome to redistribute it
under certain conditions; type `show c' for details.
set error non-classified off
set error unknown_code off
set error memory off
set error stack off
set hw simif outputs 0xff
step 500000000 vclk
state
quit
1771 words read from gen/ucz80/logical_ops/logical_ops_type_signed_int.ihx
--- Running: logical_ops_type_signed_int
Running testLogicalOr
--- Summary: 0/165/1: 0 failed of 165 tests in 1 cases.

Stop at 0x000369: (110) Program stopped itself
F 0x000369
Simulated 66135 ticks (5.980e-03 sec)
Host usage: 0.002923 sec, rate=2.045866
CPU state= OK PC= 0x000369 frequency= 11059200 HZ
Operation since last reset= 16164 vclks
Inst= 7441 Fetch= 12256 Read= 2013 Write= 1895
Total time since last reset= 0.005980993200231 sec (66145 clks)
Time in isr = 0.000000000000000 sec (0 clks) 0.00%
Time in idle= 0.000000000000000 sec (0 clks) 0.00%
Most value of stack pointer= 0x000000
Simulation: stopped
Runtime: 0.012105 sec

--- Simulator: 1771/66145: 1771 bytes, 66145 ticks
uCsim 0.9.9, Copyright (C) 1997 Daniel Drotos.
uCsim comes with ABSOLUTELY NO WARRANTY; for details type `show w'.
This is free software, and you are welcome to redistribute it
under certain conditions; type `show c' for details.
set error non-classified off
set error unknown_code off
set error memory off
set error stack off
set hw simif outputs 0xff
step 500000000 vclk
state
quit
2039 words read from gen/ucz80/logical_ops/logical_ops_type_signed_long.ihx
--- Running: logical_ops_type_signed_long
Running testLogicalOr
--- Summary: 0/325/1: 0 failed of 325 tests in 1 cases.

Stop at 0x000369: (110) Program stopped itself
F 0x000369
Simulated 210052 ticks (1.899e-02 sec)
Host usage: 0.009275 sec, rate=2.047817
CPU state= OK PC= 0x000369 frequency= 11059200 HZ
Operation since last reset= 51188 vclks
Inst= 18436 Fetch= 36513 Read= 8272 Write= 6403
Total time since last reset= 0.018994321469909 sec (210062 clks)
Time in isr = 0.000000000000000 sec (0 clks) 0.00%
Time in idle= 0.000000000000000 sec (0 clks) 0.00%
Most value of stack pointer= 0x000000
Simulation: stopped
Runtime: 0.020272 sec

--- Simulator: 2039/210062: 2039 bytes, 210062 ticks
uCsim 0.9.9, Copyright (C) 1997 Daniel Drotos.
uCsim comes with ABSOLUTELY NO WARRANTY; for details type `show w'.
This is free software, and you are welcome to redistribute it
under certain conditions; type `show c' for details.
set error non-classified off
set error unknown_code off
set error memory off
set error stack off
set hw simif outputs 0xff
step 500000000 vclk
state
quit
2855 words read from gen/ucz80/logical_ops/logical_ops_type_signed_long_long.ihx
--- Running: logical_ops_type_signed_long_long
Running testLogicalOr
--- Summary: 0/645/1: 0 failed of 645 tests in 1 cases.

Stop at 0x000369: (110) Program stopped itself
F 0x000369
Simulated 1184474 ticks (1.071e-01 sec)
Host usage: 0.047781 sec, rate=2.241541
CPU state= OK PC= 0x000369 frequency= 11059200 HZ
Operation since last reset= 276169 vclks
Inst= 80800 Fetch= 202412 Read= 40408 Write= 33349
Total time since last reset= 0.107103949652894 sec (1184484 clks)
Time in isr = 0.000000000000000 sec (0 clks) 0.00%
Time in idle= 0.000000000000000 sec (0 clks) 0.00%
Most value of stack pointer= 0x000000
Simulation: stopped
Runtime: 0.060875 sec

--- Simulator: 2855/1184484: 2855 bytes, 1184484 ticks
uCsim 0.9.9, Copyright (C) 1997 Daniel Drotos.
uCsim comes with ABSOLUTELY NO WARRANTY; for details type `show w'.
This is free software, and you are welcome to redistribute it
under certain conditions; type `show c' for details.
set error non-classified off
set error unknown_code off
set error memory off
set error stack off
set hw simif outputs 0xff
step 500000000 vclk
state
quit
1734 words read from gen/ucz80/logical_ops/logical_ops_type_unsigned_char.ihx
--- Running: logical_ops_type_unsigned_char
Running testLogicalOr
--- Summary: 0/85/1: 0 failed of 85 tests in 1 cases.

Stop at 0x000369: (110) Program stopped itself
F 0x000369
Simulated 41385 ticks (3.742e-03 sec)
Host usage: 0.002214 sec, rate=1.690248
CPU state= OK PC= 0x000369 frequency= 11059200 HZ
Operation since last reset= 9843 vclks
Inst= 4840 Fetch= 7656 Read= 1198 Write= 989
Total time since last reset= 0.003743037471065 sec (41395 clks)
Time in isr = 0.000000000000000 sec (0 clks) 0.00%
Time in idle= 0.000000000000000 sec (0 clks) 0.00%
Most value of stack pointer= 0x000000
Simulation: stopped
Runtime: 0.013210 sec

--- Simulator: 1734/41395: 1734 bytes, 41395 ticks
uCsim 0.9.9, Copyright (C) 1997 Daniel Drotos.
uCsim comes with ABSOLUTELY NO WARRANTY; for details type `show w'.
This is free software, and you are welcome to redistribute it
under certain conditions; type `show c' for details.
set error non-classified off
set error unknown_code off
set error memory off
set error stack off
set hw simif outputs 0xff
step 500000000 vclk
state
quit
1775 words read from gen/ucz80/logical_ops/logical_ops_type_unsigned_int.ihx
--- Running: logical_ops_type_unsigned_int
Running testLogicalOr
--- Summary: 0/165/1: 0 failed of 165 tests in 1 cases.

Stop at 0x000369: (110) Program stopped itself
F 0x000369
Simulated 66389 ticks (6.003e-03 sec)
Host usage: 0.003180 sec, rate=1.887738
CPU state= OK PC= 0x000369 frequency= 11059200 HZ
Operation since last reset= 16226 vclks
Inst= 7473 Fetch= 12300 Read= 2023 Write= 1903
Total time since last reset= 0.006003960503472 sec (66399 clks)
Time in isr = 0.000000000000000 sec (0 clks) 0.00%
Time in idle= 0.000000000000000 sec (0 clks) 0.00%
Most value of stack pointer= 0x000000
Simulation: stopped
Runtime: 0.013695 sec

--- Simulator: 1775/66399: 1775 bytes, 66399 ticks
uCsim 0.9.9, Copyright (C) 1997 Daniel Drotos.
uCsim comes with ABSOLUTELY NO WARRANTY; for details type `show w'.
This is free software, and you are welcome to redistribute it
under certain conditions; type `show c' for details.
set error non-classified off
set error unknown_code off
set error memory off
set error stack off
set hw simif outputs 0xff
step 500000000 vclk
state
quit
2043 words read from gen/ucz80/logical_ops/logical_ops_type_unsigned_long.ihx
--- Running: logical_ops_type_unsigned_long
Running testLogicalOr
--- Summary: 0/325/1: 0 failed of 325 tests in 1 cases.

Stop at 0x000369: (110) Program stopped itself
F 0x000369
Simulated 210306 ticks (1.902e-02 sec)
Host usage: 0.009390 sec, rate=2.025201
CPU state= OK PC= 0x000369 frequency= 11059200 HZ
Operation since last reset= 51250 vclks
Inst= 18468 Fetch= 36557 Read= 8282 Write= 6411
Total time since last reset= 0.019017288773150 sec (210316 clks)
Time in isr = 0.000000000000000 sec (0 clks) 0.00%
Time in idle= 0.000000000000000 sec (0 clks) 0.00%
Most value of stack pointer= 0x000000
Simulation: stopped
Runtime: 0.020230 sec

--- Simulator: 2043/210316: 2043 bytes, 210316 ticks
uCsim 0.9.9, Copyright (C) 1997 Daniel Drotos.
uCsim comes with ABSOLUTELY NO WARRANTY; for details type `show w'.
This is free software, and you are welcome to redistribute it
under certain conditions; type `show c' for details.
set error non-classified off
set error unknown_code off
set error memory off
set error stack off
set hw simif outputs 0xff
step 500000000 vclk
state
quit
2859 words read from gen/ucz80/logical_ops/logical_ops_type_unsigned_long_long.ihx
--- Running: logical_ops_type_unsigned_long_long
Running testLogicalOr
--- Summary: 0/645/1: 0 failed of 645 tests in 1 cases.

Stop at 0x000369: (110) Program stopped itself
F 0x000369
Simulated 1184728 ticks (1.071e-01 sec)
Host usage: 0.045663 sec, rate=2.346020
CPU state= OK PC= 0x000369 frequency= 11059200 HZ
Operation since last reset= 276231 vclks
Inst= 80832 Fetch= 202456 Read= 40418 Write= 33357
Total time since last reset= 0.107126916956135 sec (1184738 clks)
Time in isr = 0.000000000000000 sec (0 clks) 0.00%
Time in idle= 0.000000000000000 sec (0 clks) 0.00%
Most value of stack pointer= 0x000000
Simulation: stopped
Runtime: 0.056863 sec

--- Simulator: 2859/1184738: 2859 bytes, 1184738 ticks
