uCsim 0.9.9, Copyright (C) 1997 Daniel Drotos.
uCsim comes with ABSOLUTELY NO WARRANTY; for details type `show w'.
This is free software, and you are welcome to redistribute it
under certain conditions; type `show c' for details.
set error non-classified off
set error unknown_code off
set error memory off
set error stack off
set hw simif outputs 0xff
step 500000000 vclk
state
quit
738 words read from gen/ucz80/qct_0059-multistring.ihx
--- Running: qct/0059-multistring
Running main
--- Summary: 0/1/1: 0 failed of 1 tests in 1 cases.

Stop at 0x000369: (110) Program stopped itself
F 0x000369
Simulated 21997 ticks (1.989e-03 sec)
Host usage: 0.001108 sec, rate=1.795258
CPU state= OK PC= 0x000369 frequency= 11059200 HZ
Operation since last reset= 5136 vclks
Inst= 2814 Fetch= 4036 Read= 606 Write= 494
Total time since last reset= 0.001989926938657 sec (22007 clks)
Time in isr = 0.000000000000000 sec (0 clks) 0.00%
Time in idle= 0.000000000000000 sec (0 clks) 0.00%
Most value of stack pointer= 0x000000
Simulation: stopped
Runtime: 0.010221 sec

--- Simulator: 738/22007: 738 bytes, 22007 ticks
