
uCsim 0.9.9, Copyright (C) 1997 Daniel Drotos.
uCsim comes with ABSOLUTELY NO WARRANTY; for details type `show w'.
This is free software, and you are welcome to redistribute it
under certain conditions; type `show c' for details.
set error non-classified off
set error unknown_code off
set error memory off
set error stack off
set hw simif outputs 0xff
step 500000000 vclk
state
quit
1333 words read from gen/ucz80/rotate_left/rotate_left_type_unsigned_char.ihx
--- Running: rotate_left_type_unsigned_char
Running testRotateLeft
--- Summary: 0/9/1: 0 failed of 9 tests in 1 cases.

Stop at 0x000369: (110) Program stopped itself
F 0x000369
Simulated 27060 ticks (2.447e-03 sec)
Host usage: 0.001389 sec, rate=1.761544
CPU state= OK PC= 0x000369 frequency= 11059200 HZ
Operation since last reset= 6354 vclks
Inst= 3428 Fetch= 4980 Read= 756 Write= 618
Total time since last reset= 0.002447735821759 sec (27070 clks)
Time in isr = 0.000000000000000 sec (0 clks) 0.00%
Time in idle= 0.000000000000000 sec (0 clks) 0.00%
Most value of stack pointer= 0x000000
Simulation: stopped
Runtime: 0.011253 sec

--- Simulator: 1333/27070: 1333 bytes, 27070 ticks
uCsim 0.9.9, Copyright (C) 1997 Daniel Drotos.
uCsim comes with ABSOLUTELY NO WARRANTY; for details type `show w'.
This is free software, and you are welcome to redistribute it
under certain conditions; type `show c' for details.
set error non-classified off
set error unknown_code off
set error memory off
set error stack off
set hw simif outputs 0xff
step 500000000 vclk
state
quit
1415 words read from gen/ucz80/rotate_left/rotate_left_type_unsigned_int.ihx
--- Running: rotate_left_type_unsigned_int
Running testRotateLeft
--- Summary: 0/9/1: 0 failed of 9 tests in 1 cases.

Stop at 0x000369: (110) Program stopped itself
F 0x000369
Simulated 29625 ticks (2.679e-03 sec)
Host usage: 0.001729 sec, rate=1.549304
CPU state= OK PC= 0x000369 frequency= 11059200 HZ
Operation since last reset= 6894 vclks
Inst= 3717 Fetch= 5512 Read= 766 Write= 616
Total time since last reset= 0.002679669415509 sec (29635 clks)
Time in isr = 0.000000000000000 sec (0 clks) 0.00%
Time in idle= 0.000000000000000 sec (0 clks) 0.00%
Most value of stack pointer= 0x000000
Simulation: stopped
Runtime: 0.011844 sec

--- Simulator: 1415/29635: 1415 bytes, 29635 ticks
uCsim 0.9.9, Copyright (C) 1997 Daniel Drotos.
uCsim comes with ABSOLUTELY NO WARRANTY; for details type `show w'.
This is free software, and you are welcome to redistribute it
under certain conditions; type `show c' for details.
set error non-classified off
set error unknown_code off
set error memory off
set error stack off
set hw simif outputs 0xff
step 500000000 vclk
state
quit
1972 words read from gen/ucz80/rotate_left/rotate_left_type_unsigned_long.ihx
--- Running: rotate_left_type_unsigned_long
Running testRotateLeft
--- Summary: 0/9/1: 0 failed of 9 tests in 1 cases.

Stop at 0x000369: (110) Program stopped itself
F 0x000369
Simulated 47172 ticks (4.265e-03 sec)
Host usage: 0.002266 sec, rate=1.882409
CPU state= OK PC= 0x000369 frequency= 11059200 HZ
Operation since last reset= 11104 vclks
Inst= 5088 Fetch= 8860 Read= 1197 Write= 1047
Total time since last reset= 0.004266312210648 sec (47182 clks)
Time in isr = 0.000000000000000 sec (0 clks) 0.00%
Time in idle= 0.000000000000000 sec (0 clks) 0.00%
Most value of stack pointer= 0x000000
Simulation: stopped
Runtime: 0.011804 sec

--- Simulator: 1972/47182: 1972 bytes, 47182 ticks
uCsim 0.9.9, Copyright (C) 1997 Daniel Drotos.
uCsim comes with ABSOLUTELY NO WARRANTY; for details type `show w'.
This is free software, and you are welcome to redistribute it
under certain conditions; type `show c' for details.
set error non-classified off
set error unknown_code off
set error memory off
set error stack off
set hw simif outputs 0xff
step 500000000 vclk
state
quit
3457 words read from gen/ucz80/rotate_left/rotate_left_type_unsigned_long_long.ihx
--- Running: rotate_left_type_unsigned_long_long
Running testRotateLeft
--- Summary: 0/9/1: 0 failed of 9 tests in 1 cases.

Stop at 0x000369: (110) Program stopped itself
F 0x000369
Simulated 204130 ticks (1.846e-02 sec)
Host usage: 0.007888 sec, rate=2.339979
CPU state= OK PC= 0x000369 frequency= 11059200 HZ
Operation since last reset= 50571 vclks
Inst= 11726 Fetch= 35180 Read= 7859 Write= 7532
Total time since last reset= 0.018458839699075 sec (204140 clks)
Time in isr = 0.000000000000000 sec (0 clks) 0.00%
Time in idle= 0.000000000000000 sec (0 clks) 0.00%
Most value of stack pointer= 0x000000
Simulation: stopped
Runtime: 0.018371 sec

--- Simulator: 3457/204140: 3457 bytes, 204140 ticks
uCsim 0.9.9, Copyright (C) 1997 Daniel Drotos.
uCsim comes with ABSOLUTELY NO WARRANTY; for details type `show w'.
This is free software, and you are welcome to redistribute it
under certain conditions; type `show c' for details.
set error non-classified off
set error unknown_code off
set error memory off
set error stack off
set hw simif outputs 0xff
step 500000000 vclk
state
quit
1419 words read from gen/ucz80/rotate_left/rotate_left_type_unsigned_short.ihx
--- Running: rotate_left_type_unsigned_short
Running testRotateLeft
--- Summary: 0/9/1: 0 failed of 9 tests in 1 cases.

Stop at 0x000369: (110) Program stopped itself
F 0x000369
Simulated 29879 ticks (2.702e-03 sec)
Host usage: 0.001410 sec, rate=1.916112
CPU state= OK PC= 0x000369 frequency= 11059200 HZ
Operation since last reset= 6956 vclks
Inst= 3750 Fetch= 5556 Read= 776 Write= 624
Total time since last reset= 0.002702636718750 sec (29889 clks)
Time in isr = 0.000000000000000 sec (0 clks) 0.00%
Time in idle= 0.000000000000000 sec (0 clks) 0.00%
Most value of stack pointer= 0x000000
Simulation: stopped
Runtime: 0.010146 sec

--- Simulator: 1419/29889: 1419 bytes, 29889 ticks
