
uCsim 0.9.9, Copyright (C) 1997 Daniel Drotos.
uCsim comes with ABSOLUTELY NO WARRANTY; for details type `show w'.
This is free software, and you are welcome to redistribute it
under certain conditions; type `show c' for details.
set error non-classified off
set error unknown_code off
set error memory off
set error stack off
set hw simif outputs 0xff
step 500000000 vclk
state
quit
30340 words read from gen/ucz80/serpent/serpent_op_decrypt.ihx
--- Running: serpent_op_decrypt
Running testSerpent
--- Summary: 0/4/1: 0 failed of 4 tests in 1 cases.

Stop at 0x000369: (110) Program stopped itself
F 0x000369
Simulated 4601510 ticks (4.161e-01 sec)
Host usage: 0.088020 sec, rate=4.727101
CPU state= OK PC= 0x000369 frequency= 11059200 HZ
Operation since last reset= 1012367 vclks
Inst= 317276 Fetch= 743209 Read= 155866 Write= 113292
Total time since last reset= 0.416080729163692 sec (4601520 clks)
Time in isr = 0.000000000000000 sec (0 clks) 0.00%
Time in idle= 0.000000000000000 sec (0 clks) 0.00%
Most value of stack pointer= 0x000000
Simulation: stopped
Runtime: 0.105252 sec

--- Simulator: 30340/4601520: 30340 bytes, 4601520 ticks
uCsim 0.9.9, Copyright (C) 1997 Daniel Drotos.
uCsim comes with ABSOLUTELY NO WARRANTY; for details type `show w'.
This is free software, and you are welcome to redistribute it
under certain conditions; type `show c' for details.
set error non-classified off
set error unknown_code off
set error memory off
set error stack off
set hw simif outputs 0xff
step 500000000 vclk
state
quit
27997 words read from gen/ucz80/serpent/serpent_op_encrypt.ihx
--- Running: serpent_op_encrypt
Running testSerpent
--- Summary: 0/4/1: 0 failed of 4 tests in 1 cases.

Stop at 0x000369: (110) Program stopped itself
F 0x000369
Simulated 4802646 ticks (4.343e-01 sec)
Host usage: 0.090687 sec, rate=4.788634
CPU state= OK PC= 0x000369 frequency= 11059200 HZ
Operation since last reset= 1082391 vclks
Inst= 346584 Fetch= 788745 Read= 167358 Write= 126288
Total time since last reset= 0.434267939811564 sec (4802656 clks)
Time in isr = 0.000000000000000 sec (0 clks) 0.00%
Time in idle= 0.000000000000000 sec (0 clks) 0.00%
Most value of stack pointer= 0x000000
Simulation: stopped
Runtime: 0.107593 sec

--- Simulator: 27997/4802656: 27997 bytes, 4802656 ticks
