
uCsim 0.9.9, Copyright (C) 1997 Daniel Drotos.
uCsim comes with ABSOLUTELY NO WARRANTY; for details type `show w'.
This is free software, and you are welcome to redistribute it
under certain conditions; type `show c' for details.
set error non-classified off
set error unknown_code off
set error memory off
set error stack off
set hw simif outputs 0xff
step 500000000 vclk
state
quit
3835 words read from gen/ucz80/snprintf/snprintf_type_FLOAT.ihx
--- Running: snprintf_type_FLOAT
Running test_snprintf
--- Summary: 0/2/1: 0 failed of 2 tests in 1 cases.

Stop at 0x000369: (110) Program stopped itself
F 0x000369
Simulated 32955 ticks (2.980e-03 sec)
Host usage: 0.001730 sec, rate=1.722504
CPU state= OK PC= 0x000369 frequency= 11059200 HZ
Operation since last reset= 7633 vclks
Inst= 3835 Fetch= 5921 Read= 907 Write= 805
Total time since last reset= 0.002980776186343 sec (32965 clks)
Time in isr = 0.000000000000000 sec (0 clks) 0.00%
Time in idle= 0.000000000000000 sec (0 clks) 0.00%
Most value of stack pointer= 0x000000
Simulation: stopped
Runtime: 0.026144 sec

--- Simulator: 3835/32965: 3835 bytes, 32965 ticks
uCsim 0.9.9, Copyright (C) 1997 Daniel Drotos.
uCsim comes with ABSOLUTELY NO WARRANTY; for details type `show w'.
This is free software, and you are welcome to redistribute it
under certain conditions; type `show c' for details.
set error non-classified off
set error unknown_code off
set error memory off
set error stack off
set hw simif outputs 0xff
step 500000000 vclk
state
quit
4042 words read from gen/ucz80/snprintf/snprintf_type_INT.ihx
--- Running: snprintf_type_INT
Running test_snprintf
--- Summary: 0/12/1: 0 failed of 12 tests in 1 cases.

Stop at 0x000369: (110) Program stopped itself
F 0x000369
Simulated 453636 ticks (4.102e-02 sec)
Host usage: 0.018759 sec, rate=2.186623
CPU state= OK PC= 0x000369 frequency= 11059200 HZ
Operation since last reset= 106619 vclks
Inst= 38657 Fetch= 80012 Read= 15087 Write= 11520
Total time since last reset= 0.041019784432888 sec (453646 clks)
Time in isr = 0.000000000000000 sec (0 clks) 0.00%
Time in idle= 0.000000000000000 sec (0 clks) 0.00%
Most value of stack pointer= 0x000000
Simulation: stopped
Runtime: 0.032584 sec

--- Simulator: 4042/453646: 4042 bytes, 453646 ticks
uCsim 0.9.9, Copyright (C) 1997 Daniel Drotos.
uCsim comes with ABSOLUTELY NO WARRANTY; for details type `show w'.
This is free software, and you are welcome to redistribute it
under certain conditions; type `show c' for details.
set error non-classified off
set error unknown_code off
set error memory off
set error stack off
set hw simif outputs 0xff
step 500000000 vclk
state
quit
4091 words read from gen/ucz80/snprintf/snprintf_type_LONG.ihx
--- Running: snprintf_type_LONG
Running test_snprintf
--- Summary: 0/10/1: 0 failed of 10 tests in 1 cases.

Stop at 0x000369: (110) Program stopped itself
F 0x000369
Simulated 752808 ticks (6.807e-02 sec)
Host usage: 0.025040 sec, rate=2.718490
CPU state= OK PC= 0x000369 frequency= 11059200 HZ
Operation since last reset= 178749 vclks
Inst= 63828 Fetch= 133050 Read= 26244 Write= 19455
Total time since last reset= 0.068071650752354 sec (752818 clks)
Time in isr = 0.000000000000000 sec (0 clks) 0.00%
Time in idle= 0.000000000000000 sec (0 clks) 0.00%
Most value of stack pointer= 0x000000
Simulation: stopped
Runtime: 0.035326 sec

--- Simulator: 4091/752818: 4091 bytes, 752818 ticks
uCsim 0.9.9, Copyright (C) 1997 Daniel Drotos.
uCsim comes with ABSOLUTELY NO WARRANTY; for details type `show w'.
This is free software, and you are welcome to redistribute it
under certain conditions; type `show c' for details.
set error non-classified off
set error unknown_code off
set error memory off
set error stack off
set hw simif outputs 0xff
step 500000000 vclk
state
quit
3875 words read from gen/ucz80/snprintf/snprintf_type_PTR.ihx
--- Running: snprintf_type_PTR
Running test_snprintf
--- Summary: 0/3/1: 0 failed of 3 tests in 1 cases.

Stop at 0x000369: (110) Program stopped itself
F 0x000369
Simulated 38020 ticks (3.438e-03 sec)
Host usage: 0.001877 sec, rate=1.831737
CPU state= OK PC= 0x000369 frequency= 11059200 HZ
Operation since last reset= 8857 vclks
Inst= 4289 Fetch= 6813 Read= 1116 Write= 928
Total time since last reset= 0.003438765914352 sec (38030 clks)
Time in isr = 0.000000000000000 sec (0 clks) 0.00%
Time in idle= 0.000000000000000 sec (0 clks) 0.00%
Most value of stack pointer= 0x000000
Simulation: stopped
Runtime: 0.014631 sec

--- Simulator: 3875/38030: 3875 bytes, 38030 ticks
uCsim 0.9.9, Copyright (C) 1997 Daniel Drotos.
uCsim comes with ABSOLUTELY NO WARRANTY; for details type `show w'.
This is free software, and you are welcome to redistribute it
under certain conditions; type `show c' for details.
set error non-classified off
set error unknown_code off
set error memory off
set error stack off
set hw simif outputs 0xff
step 500000000 vclk
state
quit
3955 words read from gen/ucz80/snprintf/snprintf_type_STRING.ihx
--- Running: snprintf_type_STRING
Running test_snprintf
--- Summary: 0/9/1: 0 failed of 9 tests in 1 cases.

Stop at 0x000369: (110) Program stopped itself
F 0x000369
Simulated 82509 ticks (7.461e-03 sec)
Host usage: 0.003026 sec, rate=2.465514
CPU state= OK PC= 0x000369 frequency= 11059200 HZ
Operation since last reset= 18801 vclks
Inst= 7901 Fetch= 14538 Read= 2427 Write= 1836
Total time since last reset= 0.007461570457175 sec (82519 clks)
Time in isr = 0.000000000000000 sec (0 clks) 0.00%
Time in idle= 0.000000000000000 sec (0 clks) 0.00%
Most value of stack pointer= 0x000000
Simulation: stopped
Runtime: 0.013594 sec

--- Simulator: 3955/82519: 3955 bytes, 82519 ticks
