uCsim 0.9.9, Copyright (C) 1997 Daniel Drotos.
uCsim comes with ABSOLUTELY NO WARRANTY; for details type `show w'.
This is free software, and you are welcome to redistribute it
under certain conditions; type `show c' for details.
set error non-classified off
set error unknown_code off
set error memory off
set error stack off
set hw simif outputs 0xff
step 500000000 vclk
state
quit
3719 words read from gen/ucz80/tcc_31_args.ihx
--- Running: tcc/31_args
Running main
hello world 0
--- Summary: 0/1/1: 0 failed of 1 tests in 1 cases.

Stop at 0x000369: (110) Program stopped itself
F 0x000369
Simulated 38815 ticks (3.510e-03 sec)
Host usage: 0.002014 sec, rate=1.742743
CPU state= OK PC= 0x000369 frequency= 11059200 HZ
Operation since last reset= 9091 vclks
Inst= 4108 Fetch= 7008 Read= 1166 Write= 917
Total time since last reset= 0.003510651765047 sec (38825 clks)
Time in isr = 0.000000000000000 sec (0 clks) 0.00%
Time in idle= 0.000000000000000 sec (0 clks) 0.00%
Most value of stack pointer= 0x000000
Simulation: stopped
Runtime: 0.014155 sec

--- Simulator: 3719/38825: 3719 bytes, 38825 ticks
