uCsim 0.9.9, Copyright (C) 1997 Daniel Drotos.
uCsim comes with ABSOLUTELY NO WARRANTY; for details type `show w'.
This is free software, and you are welcome to redistribute it
under certain conditions; type `show c' for details.
set error non-classified off
set error unknown_code off
set error memory off
set error stack off
set hw simif outputs 0xff
step 500000000 vclk
state
quit
1759 words read from gen/ucz80/tst_dynamicc.ihx
--- Running: dynamicc.c
Running testDynamicC
--- Summary: 0/12/1: 0 failed of 12 tests in 1 cases.

Stop at 0x000369: (110) Program stopped itself
F 0x000369
Simulated 29602 ticks (2.677e-03 sec)
Host usage: 0.001612 sec, rate=1.660528
CPU state= OK PC= 0x000369 frequency= 11059200 HZ
Operation since last reset= 6887 vclks
Inst= 3677 Fetch= 5389 Read= 819 Write= 679
Total time since last reset= 0.002677589699074 sec (29612 clks)
Time in isr = 0.000000000000000 sec (0 clks) 0.00%
Time in idle= 0.000000000000000 sec (0 clks) 0.00%
Most value of stack pointer= 0x000000
Simulation: stopped
Runtime: 0.011922 sec

--- Simulator: 1759/29612: 1759 bytes, 29612 ticks
