uCsim 0.9.9, Copyright (C) 1997 Daniel Drotos.
uCsim comes with ABSOLUTELY NO WARRANTY; for details type `show w'.
This is free software, and you are welcome to redistribute it
under certain conditions; type `show c' for details.
set error non-classified off
set error unknown_code off
set error memory off
set error stack off
set hw simif outputs 0xff
step 500000000 vclk
state
quit
985 words read from gen/ucz80/tst_gcc-torture-execute-pr91137.ihx
--- Running: gcc-torture-execute-pr91137.c
Running testTortureExecute
--- Summary: 0/0/1: 0 failed of 0 tests in 1 cases.

Stop at 0x000369: (110) Program stopped itself
F 0x000369
Simulated 130250989 ticks (1.178e+01 sec)
Host usage: 5.276883 sec, rate=2.231926
CPU state= OK PC= 0x000369 frequency= 11059200 HZ
Operation since last reset= 26054597 vclks
Inst= 14789668 Fetch= 20118765 Read= 3475099 Write= 2460733
Total time since last reset= 11.777614925454877 sec (130250999 clks)
Time in isr = 0.000000000000000 sec (0 clks) 0.00%
Time in idle= 0.000000000000000 sec (0 clks) 0.00%
Most value of stack pointer= 0x000000
Simulation: stopped
Runtime: 5.285796 sec

--- Simulator: 985/130250999: 985 bytes, 130250999 ticks
