uCsim 0.9.9, Copyright (C) 1997 Daniel Drotos.
uCsim comes with ABSOLUTELY NO WARRANTY; for details type `show w'.
This is free software, and you are welcome to redistribute it
under certain conditions; type `show c' for details.
set error non-classified off
set error unknown_code off
set error memory off
set error stack off
set hw simif outputs 0xff
step 500000000 vclk
state
quit
1018 words read from gen/ucz80/tst_bug2989562.ihx
--- Running: bug2989562.c
Running testBug
--- Summary: 0/1/1: 0 failed of 1 tests in 1 cases.

Stop at 0x000369: (110) Program stopped itself
F 0x000369
Simulated 48499 ticks (4.385e-03 sec)
Host usage: 0.002442 sec, rate=1.795733
CPU state= OK PC= 0x000369 frequency= 11059200 HZ
Operation since last reset= 10788 vclks
Inst= 5012 Fetch= 8410 Read= 1370 Write= 1008
Total time since last reset= 0.004386302806713 sec (48509 clks)
Time in isr = 0.000000000000000 sec (0 clks) 0.00%
Time in idle= 0.000000000000000 sec (0 clks) 0.00%
Most value of stack pointer= 0x000000
Simulation: stopped
Runtime: 0.012349 sec

--- Simulator: 1018/48509: 1018 bytes, 48509 ticks
