uCsim 0.9.9, Copyright (C) 1997 Daniel Drotos.
uCsim comes with ABSOLUTELY NO WARRANTY; for details type `show w'.
This is free software, and you are welcome to redistribute it
under certain conditions; type `show c' for details.
set error non-classified off
set error unknown_code off
set error memory off
set error stack off
set hw simif outputs 0xff
step 500000000 vclk
state
quit
3747 words read from gen/ucz80/tst_gcc-torture-execute-960327-1.ihx
--- Running: gcc-torture-execute-960327-1.c
Running testTortureExecute
--- Summary: 0/1/1: 0 failed of 1 tests in 1 cases.

Stop at 0x000369: (110) Program stopped itself
F 0x000369
Simulated 26384 ticks (2.386e-03 sec)
Host usage: 0.001676 sec, rate=1.423382
CPU state= OK PC= 0x000369 frequency= 11059200 HZ
Operation since last reset= 6194 vclks
Inst= 3297 Fetch= 4795 Read= 760 Write= 639
Total time since last reset= 0.002386610243056 sec (26394 clks)
Time in isr = 0.000000000000000 sec (0 clks) 0.00%
Time in idle= 0.000000000000000 sec (0 clks) 0.00%
Most value of stack pointer= 0x000000
Simulation: stopped
Runtime: 0.012448 sec

--- Simulator: 3747/26394: 3747 bytes, 26394 ticks
