uCsim 0.9.9, Copyright (C) 1997 Daniel Drotos.
uCsim comes with ABSOLUTELY NO WARRANTY; for details type `show w'.
This is free software, and you are welcome to redistribute it
under certain conditions; type `show c' for details.
set error non-classified off
set error unknown_code off
set error memory off
set error stack off
set hw simif outputs 0xff
step 500000000 vclk
state
quit
673 words read from gen/ucz80/tst_containerof.ihx
--- Running: containerof.c
Running testContainerOf
--- Summary: 0/1/1: 0 failed of 1 tests in 1 cases.

Stop at 0x000369: (110) Program stopped itself
F 0x000369
Simulated 22399 ticks (2.025e-03 sec)
Host usage: 0.001169 sec, rate=1.732618
CPU state= OK PC= 0x000369 frequency= 11059200 HZ
Operation since last reset= 5226 vclks
Inst= 2867 Fetch= 4097 Read= 619 Write= 510
Total time since last reset= 0.002026276765046 sec (22409 clks)
Time in isr = 0.000000000000000 sec (0 clks) 0.00%
Time in idle= 0.000000000000000 sec (0 clks) 0.00%
Most value of stack pointer= 0x000000
Simulation: stopped
Runtime: 0.010283 sec

--- Simulator: 673/22409: 673 bytes, 22409 ticks
