uCsim 0.9.9, Copyright (C) 1997 Daniel Drotos.
uCsim comes with ABSOLUTELY NO WARRANTY; for details type `show w'.
This is free software, and you are welcome to redistribute it
under certain conditions; type `show c' for details.
set error non-classified off
set error unknown_code off
set error memory off
set error stack off
set hw simif outputs 0xff
step 500000000 vclk
state
quit
712 words read from gen/ucz80/tst_gcc-torture-execute-20111227-1.ihx
--- Running: gcc-torture-execute-20111227-1.c
Running testTortureExecute
--- Summary: 0/0/1: 0 failed of 0 tests in 1 cases.

Stop at 0x000369: (110) Program stopped itself
F 0x000369
Simulated 20931 ticks (1.893e-03 sec)
Host usage: 0.001226 sec, rate=1.543811
CPU state= OK PC= 0x000369 frequency= 11059200 HZ
Operation since last reset= 5011 vclks
Inst= 2646 Fetch= 3758 Read= 693 Write= 560
Total time since last reset= 0.001893536603009 sec (20941 clks)
Time in isr = 0.000000000000000 sec (0 clks) 0.00%
Time in idle= 0.000000000000000 sec (0 clks) 0.00%
Most value of stack pointer= 0x000000
Simulation: stopped
Runtime: 0.010859 sec

--- Simulator: 712/20941: 712 bytes, 20941 ticks
