uCsim 0.9.9, Copyright (C) 1997 Daniel Drotos.
uCsim comes with ABSOLUTELY NO WARRANTY; for details type `show w'.
This is free software, and you are welcome to redistribute it
under certain conditions; type `show c' for details.
set error non-classified off
set error unknown_code off
set error memory off
set error stack off
set hw simif outputs 0xff
step 500000000 vclk
state
quit
944 words read from gen/ucz80/tst_gcc-torture-execute-950809-1.ihx
--- Running: gcc-torture-execute-950809-1.c
Running testTortureExecute
--- Summary: 0/1/1: 0 failed of 1 tests in 1 cases.

Stop at 0x000369: (110) Program stopped itself
F 0x000369
Simulated 26419 ticks (2.389e-03 sec)
Host usage: 0.001407 sec, rate=1.697670
CPU state= OK PC= 0x000369 frequency= 11059200 HZ
Operation since last reset= 6186 vclks
Inst= 3310 Fetch= 4779 Read= 763 Write= 644
Total time since last reset= 0.002389775028935 sec (26429 clks)
Time in isr = 0.000000000000000 sec (0 clks) 0.00%
Time in idle= 0.000000000000000 sec (0 clks) 0.00%
Most value of stack pointer= 0x000000
Simulation: stopped
Runtime: 0.009591 sec

--- Simulator: 944/26429: 944 bytes, 26429 ticks
