uCsim 0.9.9, Copyright (C) 1997 Daniel Drotos.
uCsim comes with ABSOLUTELY NO WARRANTY; for details type `show w'.
This is free software, and you are welcome to redistribute it
under certain conditions; type `show c' for details.
set error non-classified off
set error unknown_code off
set error memory off
set error stack off
set hw simif outputs 0xff
step 500000000 vclk
state
quit
717 words read from gen/ucz80/tst_gcc-torture-execute-20100316-1.ihx
--- Running: gcc-torture-execute-20100316-1.c
Running testTortureExecute
--- Summary: 0/0/1: 0 failed of 0 tests in 1 cases.

Stop at 0x000369: (110) Program stopped itself
F 0x000369
Simulated 21045 ticks (1.903e-03 sec)
Host usage: 0.001287 sec, rate=1.478605
CPU state= OK PC= 0x000369 frequency= 11059200 HZ
Operation since last reset= 5040 vclks
Inst= 2655 Fetch= 3773 Read= 698 Write= 569
Total time since last reset= 0.001903844762731 sec (21055 clks)
Time in isr = 0.000000000000000 sec (0 clks) 0.00%
Time in idle= 0.000000000000000 sec (0 clks) 0.00%
Most value of stack pointer= 0x000000
Simulation: stopped
Runtime: 0.011063 sec

--- Simulator: 717/21055: 717 bytes, 21055 ticks
