uCsim 0.9.9, Copyright (C) 1997 Daniel Drotos.
uCsim comes with ABSOLUTELY NO WARRANTY; for details type `show w'.
This is free software, and you are welcome to redistribute it
under certain conditions; type `show c' for details.
set error non-classified off
set error unknown_code off
set error memory off
set error stack off
set hw simif outputs 0xff
step 500000000 vclk
state
quit
1166 words read from gen/ucz80/tst_gcc-torture-execute-pr49419.ihx
--- Running: gcc-torture-execute-pr49419.c
Running testTortureExecute
--- Summary: 0/0/1: 0 failed of 0 tests in 1 cases.

Stop at 0x000369: (110) Program stopped itself
F 0x000369
Simulated 22865 ticks (2.068e-03 sec)
Host usage: 0.001294 sec, rate=1.597893
CPU state= OK PC= 0x000369 frequency= 11059200 HZ
Operation since last reset= 5429 vclks
Inst= 2808 Fetch= 4083 Read= 742 Write= 604
Total time since last reset= 0.002068413628472 sec (22875 clks)
Time in isr = 0.000000000000000 sec (0 clks) 0.00%
Time in idle= 0.000000000000000 sec (0 clks) 0.00%
Most value of stack pointer= 0x000000
Simulation: stopped
Runtime: 0.009087 sec

--- Simulator: 1166/22875: 1166 bytes, 22875 ticks
