uCsim 0.9.9, Copyright (C) 1997 Daniel Drotos.
uCsim comes with ABSOLUTELY NO WARRANTY; for details type `show w'.
This is free software, and you are welcome to redistribute it
under certain conditions; type `show c' for details.
set error non-classified off
set error unknown_code off
set error memory off
set error stack off
set hw simif outputs 0xff
step 500000000 vclk
state
quit
766 words read from gen/ucz80/tst_bug1509084.ihx
--- Running: bug1509084.c
Running testBug
--- Summary: 0/1/1: 0 failed of 1 tests in 1 cases.

Stop at 0x000369: (110) Program stopped itself
F 0x000369
Simulated 23667 ticks (2.140e-03 sec)
Host usage: 0.001233 sec, rate=1.735485
CPU state= OK PC= 0x000369 frequency= 11059200 HZ
Operation since last reset= 5580 vclks
Inst= 2970 Fetch= 4391 Read= 638 Write= 551
Total time since last reset= 0.002140932436343 sec (23677 clks)
Time in isr = 0.000000000000000 sec (0 clks) 0.00%
Time in idle= 0.000000000000000 sec (0 clks) 0.00%
Most value of stack pointer= 0x000000
Simulation: stopped
Runtime: 0.010896 sec

--- Simulator: 766/23677: 766 bytes, 23677 ticks
