uCsim 0.9.9, Copyright (C) 1997 Daniel Drotos.
uCsim comes with ABSOLUTELY NO WARRANTY; for details type `show w'.
This is free software, and you are welcome to redistribute it
under certain conditions; type `show c' for details.
set error non-classified off
set error unknown_code off
set error memory off
set error stack off
set hw simif outputs 0xff
step 500000000 vclk
state
quit
739 words read from gen/ucz80/tst_bug-467035.ihx
--- Running: bug-467035.c
Running testForMerge
--- Summary: 0/286/1: 0 failed of 286 tests in 1 cases.

Stop at 0x000369: (110) Program stopped itself
F 0x000369
Simulated 70623 ticks (6.386e-03 sec)
Host usage: 0.002809 sec, rate=2.273527
CPU state= OK PC= 0x000369 frequency= 11059200 HZ
Operation since last reset= 17725 vclks
Inst= 7996 Fetch= 13464 Read= 2392 Write= 1869
Total time since last reset= 0.006386809172453 sec (70633 clks)
Time in isr = 0.000000000000000 sec (0 clks) 0.00%
Time in idle= 0.000000000000000 sec (0 clks) 0.00%
Most value of stack pointer= 0x000000
Simulation: stopped
Runtime: 0.011008 sec

--- Simulator: 739/70633: 739 bytes, 70633 ticks
