uCsim 0.9.9, Copyright (C) 1997 Daniel Drotos.
uCsim comes with ABSOLUTELY NO WARRANTY; for details type `show w'.
This is free software, and you are welcome to redistribute it
under certain conditions; type `show c' for details.
set error non-classified off
set error unknown_code off
set error memory off
set error stack off
set hw simif outputs 0xff
step 500000000 vclk
state
quit
718 words read from gen/ucz80/tst_bug-2664.ihx
--- Running: bug-2664.c
Running testBug
--- Summary: 0/2/1: 0 failed of 2 tests in 1 cases.

Stop at 0x000369: (110) Program stopped itself
F 0x000369
Simulated 21222 ticks (1.919e-03 sec)
Host usage: 0.001091 sec, rate=1.758881
CPU state= OK PC= 0x000369 frequency= 11059200 HZ
Operation since last reset= 4957 vclks
Inst= 2708 Fetch= 3895 Read= 580 Write= 482
Total time since last reset= 0.001919849537037 sec (21232 clks)
Time in isr = 0.000000000000000 sec (0 clks) 0.00%
Time in idle= 0.000000000000000 sec (0 clks) 0.00%
Most value of stack pointer= 0x000000
Simulation: stopped
Runtime: 0.010143 sec

--- Simulator: 718/21232: 718 bytes, 21232 ticks
