uCsim 0.9.9, Copyright (C) 1997 Daniel Drotos.
uCsim comes with ABSOLUTELY NO WARRANTY; for details type `show w'.
This is free software, and you are welcome to redistribute it
under certain conditions; type `show c' for details.
set error non-classified off
set error unknown_code off
set error memory off
set error stack off
set hw simif outputs 0xff
step 500000000 vclk
state
quit
1495 words read from gen/ucz80/tst_scott-add.ihx
--- Running: scott-add.c
Running test_add_lit2uchar
Running test_add_uchar2uchar_setup
Running test_add_uchar2uchar
Running test_add_uchar2uchar2_setup
Running test_add_uchar2uchar2
--- Summary: 0/10/5: 0 failed of 10 tests in 5 cases.

Stop at 0x000369: (110) Program stopped itself
F 0x000369
Simulated 53373 ticks (4.826e-03 sec)
Host usage: 0.002459 sec, rate=1.962595
CPU state= OK PC= 0x000369 frequency= 11059200 HZ
Operation since last reset= 13092 vclks
Inst= 6527 Fetch= 10041 Read= 1708 Write= 1343
Total time since last reset= 0.004827021846065 sec (53383 clks)
Time in isr = 0.000000000000000 sec (0 clks) 0.00%
Time in idle= 0.000000000000000 sec (0 clks) 0.00%
Most value of stack pointer= 0x000000
Simulation: stopped
Runtime: 0.010626 sec

--- Simulator: 1495/53383: 1495 bytes, 53383 ticks
