uCsim 0.9.9, Copyright (C) 1997 Daniel Drotos.
uCsim comes with ABSOLUTELY NO WARRANTY; for details type `show w'.
This is free software, and you are welcome to redistribute it
under certain conditions; type `show c' for details.
set error non-classified off
set error unknown_code off
set error memory off
set error stack off
set hw simif outputs 0xff
step 500000000 vclk
state
quit
11044 words read from gen/ucz80/tst_blake2s.ihx
--- Running: blake2s.c
Running testBlake
--- Summary: 0/0/1: 0 failed of 0 tests in 1 cases.

Stop at 0x000369: (110) Program stopped itself
F 0x000369
Simulated 16693 ticks (1.509e-03 sec)
Host usage: 0.000966 sec, rate=1.562818
CPU state= OK PC= 0x000369 frequency= 11059200 HZ
Operation since last reset= 3976 vclks
Inst= 2114 Fetch= 3021 Read= 527 Write= 428
Total time since last reset= 0.001510326244213 sec (16703 clks)
Time in isr = 0.000000000000000 sec (0 clks) 0.00%
Time in idle= 0.000000000000000 sec (0 clks) 0.00%
Most value of stack pointer= 0x000000
Simulation: stopped
Runtime: 0.017337 sec

--- Simulator: 11044/16703: 11044 bytes, 16703 ticks
