uCsim 0.9.9, Copyright (C) 1997 Daniel Drotos.
uCsim comes with ABSOLUTELY NO WARRANTY; for details type `show w'.
This is free software, and you are welcome to redistribute it
under certain conditions; type `show c' for details.
set error non-classified off
set error unknown_code off
set error memory off
set error stack off
set hw simif outputs 0xff
step 500000000 vclk
state
quit
788 words read from gen/ucz80/tst_gcc-torture-execute-pr68376-1.ihx
--- Running: gcc-torture-execute-pr68376-1.c
Running testTortureExecute
--- Summary: 0/0/1: 0 failed of 0 tests in 1 cases.

Stop at 0x000369: (110) Program stopped itself
F 0x000369
Simulated 21299 ticks (1.926e-03 sec)
Host usage: 0.001028 sec, rate=1.873340
CPU state= OK PC= 0x000369 frequency= 11059200 HZ
Operation since last reset= 5109 vclks
Inst= 2676 Fetch= 3834 Read= 709 Write= 566
Total time since last reset= 0.001926812065972 sec (21309 clks)
Time in isr = 0.000000000000000 sec (0 clks) 0.00%
Time in idle= 0.000000000000000 sec (0 clks) 0.00%
Most value of stack pointer= 0x000000
Simulation: stopped
Runtime: 0.009087 sec

--- Simulator: 788/21309: 788 bytes, 21309 ticks
