uCsim 0.9.9, Copyright (C) 1997 Daniel Drotos.
uCsim comes with ABSOLUTELY NO WARRANTY; for details type `show w'.
This is free software, and you are welcome to redistribute it
under certain conditions; type `show c' for details.
set error non-classified off
set error unknown_code off
set error memory off
set error stack off
set hw simif outputs 0xff
step 500000000 vclk
state
quit
746 words read from gen/ucz80/tst_gcc-torture-execute-990524-1.ihx
--- Running: gcc-torture-execute-990524-1.c
Running testTortureExecute
--- Summary: 0/0/1: 0 failed of 0 tests in 1 cases.

Stop at 0x000369: (110) Program stopped itself
F 0x000369
Simulated 21291 ticks (1.925e-03 sec)
Host usage: 0.001250 sec, rate=1.540112
CPU state= OK PC= 0x000369 frequency= 11059200 HZ
Operation since last reset= 5084 vclks
Inst= 2680 Fetch= 3819 Read= 697 Write= 568
Total time since last reset= 0.001926088686343 sec (21301 clks)
Time in isr = 0.000000000000000 sec (0 clks) 0.00%
Time in idle= 0.000000000000000 sec (0 clks) 0.00%
Most value of stack pointer= 0x000000
Simulation: stopped
Runtime: 0.010893 sec

--- Simulator: 746/21301: 746 bytes, 21301 ticks
