uCsim 0.9.9, Copyright (C) 1997 Daniel Drotos.
uCsim comes with ABSOLUTELY NO WARRANTY; for details type `show w'.
This is free software, and you are welcome to redistribute it
under certain conditions; type `show c' for details.
set error non-classified off
set error unknown_code off
set error memory off
set error stack off
set hw simif outputs 0xff
step 500000000 vclk
state
quit
714 words read from gen/ucz80/tst_size_t_suffix.ihx
--- Running: size_t_suffix.c
Running testSizeTSuffix
--- Summary: 0/4/1: 0 failed of 4 tests in 1 cases.

Stop at 0x000369: (110) Program stopped itself
F 0x000369
Simulated 22568 ticks (2.041e-03 sec)
Host usage: 0.001319 sec, rate=1.547202
CPU state= OK PC= 0x000369 frequency= 11059200 HZ
Operation since last reset= 5275 vclks
Inst= 2891 Fetch= 4126 Read= 627 Write= 522
Total time since last reset= 0.002041558159722 sec (22578 clks)
Time in isr = 0.000000000000000 sec (0 clks) 0.00%
Time in idle= 0.000000000000000 sec (0 clks) 0.00%
Most value of stack pointer= 0x000000
Simulation: stopped
Runtime: 0.010861 sec

--- Simulator: 714/22578: 714 bytes, 22578 ticks
