uCsim 0.9.9, Copyright (C) 1997 Daniel Drotos.
uCsim comes with ABSOLUTELY NO WARRANTY; for details type `show w'.
This is free software, and you are welcome to redistribute it
under certain conditions; type `show c' for details.
set error non-classified off
set error unknown_code off
set error memory off
set error stack off
set hw simif outputs 0xff
step 500000000 vclk
state
quit
2762 words read from gen/ucz80/tst_ato.ihx
--- Running: ato.c
Running testAto
--- Summary: 0/10/1: 0 failed of 10 tests in 1 cases.

Stop at 0x000369: (110) Program stopped itself
F 0x000369
Simulated 7224473 ticks (6.533e-01 sec)
Host usage: 0.248156 sec, rate=2.632434
CPU state= OK PC= 0x000369 frequency= 11059200 HZ
Operation since last reset= 1744407 vclks
Inst= 379232 Fetch= 1232659 Read= 255798 Write= 255950
Total time since last reset= 0.653255479599901 sec (7224483 clks)
Time in isr = 0.000000000000000 sec (0 clks) 0.00%
Time in idle= 0.000000000000000 sec (0 clks) 0.00%
Most value of stack pointer= 0x000000
Simulation: stopped
Runtime: 0.258261 sec

--- Simulator: 2762/7224483: 2762 bytes, 7224483 ticks
