uCsim 0.9.9, Copyright (C) 1997 Daniel Drotos.
uCsim comes with ABSOLUTELY NO WARRANTY; for details type `show w'.
This is free software, and you are welcome to redistribute it
under certain conditions; type `show c' for details.
set error non-classified off
set error unknown_code off
set error memory off
set error stack off
set hw simif outputs 0xff
step 500000000 vclk
state
quit
6139 words read from gen/ucz80/tst_gcc-torture-execute-pr47538.ihx
--- Running: gcc-torture-execute-pr47538.c
Running testTortureExecute
--- Summary: 0/0/1: 0 failed of 0 tests in 1 cases.

Stop at 0x000369: (110) Program stopped itself
F 0x000369
Simulated 466007 ticks (4.214e-02 sec)
Host usage: 0.013888 sec, rate=3.034068
CPU state= OK PC= 0x000369 frequency= 11059200 HZ
Operation since last reset= 104136 vclks
Inst= 32356 Fetch= 79003 Read= 13336 Write= 11797
Total time since last reset= 0.042138400607653 sec (466017 clks)
Time in isr = 0.000000000000000 sec (0 clks) 0.00%
Time in idle= 0.000000000000000 sec (0 clks) 0.00%
Most value of stack pointer= 0x000000
Simulation: stopped
Runtime: 0.023872 sec

--- Simulator: 6139/466017: 6139 bytes, 466017 ticks
