uCsim 0.9.9, Copyright (C) 1997 Daniel Drotos.
uCsim comes with ABSOLUTELY NO WARRANTY; for details type `show w'.
This is free software, and you are welcome to redistribute it
under certain conditions; type `show c' for details.
set error non-classified off
set error unknown_code off
set error memory off
set error stack off
set hw simif outputs 0xff
step 500000000 vclk
state
quit
895 words read from gen/ucz80/tst_gcc-torture-execute-divconst-1.ihx
--- Running: gcc-torture-execute-divconst-1.c
Running testTortureExecute
--- Summary: 0/1/1: 0 failed of 1 tests in 1 cases.

Stop at 0x000369: (110) Program stopped itself
F 0x000369
Simulated 27680 ticks (2.503e-03 sec)
Host usage: 0.001434 sec, rate=1.745286
CPU state= OK PC= 0x000369 frequency= 11059200 HZ
Operation since last reset= 6431 vclks
Inst= 3527 Fetch= 5044 Read= 757 Write= 630
Total time since last reset= 0.002503797743056 sec (27690 clks)
Time in isr = 0.000000000000000 sec (0 clks) 0.00%
Time in idle= 0.000000000000000 sec (0 clks) 0.00%
Most value of stack pointer= 0x000000
Simulation: stopped
Runtime: 0.011344 sec

--- Simulator: 895/27690: 895 bytes, 27690 ticks
