uCsim 0.9.9, Copyright (C) 1997 Daniel Drotos.
uCsim comes with ABSOLUTELY NO WARRANTY; for details type `show w'.
This is free software, and you are welcome to redistribute it
under certain conditions; type `show c' for details.
set error non-classified off
set error unknown_code off
set error memory off
set error stack off
set hw simif outputs 0xff
step 500000000 vclk
state
quit
553 words read from gen/ucz80/tst_bug-3998.ihx
--- Running: bug-3998.c
Running testBug
--- Summary: 0/0/1: 0 failed of 0 tests in 1 cases.

Stop at 0x000369: (110) Program stopped itself
F 0x000369
Simulated 16776 ticks (1.517e-03 sec)
Host usage: 0.001018 sec, rate=1.490036
CPU state= OK PC= 0x000369 frequency= 11059200 HZ
Operation since last reset= 3985 vclks
Inst= 2108 Fetch= 3019 Read= 532 Write= 434
Total time since last reset= 0.001517831307870 sec (16786 clks)
Time in isr = 0.000000000000000 sec (0 clks) 0.00%
Time in idle= 0.000000000000000 sec (0 clks) 0.00%
Most value of stack pointer= 0x000000
Simulation: stopped
Runtime: 0.010086 sec

--- Simulator: 553/16786: 553 bytes, 16786 ticks
