uCsim 0.9.9, Copyright (C) 1997 Daniel Drotos.
uCsim comes with ABSOLUTELY NO WARRANTY; for details type `show w'.
This is free software, and you are welcome to redistribute it
under certain conditions; type `show c' for details.
set error non-classified off
set error unknown_code off
set error memory off
set error stack off
set hw simif outputs 0xff
step 500000000 vclk
state
quit
1039 words read from gen/ucz80/tst_gcc-torture-execute-20060110-volatile.ihx
--- Running: gcc-torture-execute-20060110-volatile.c
Running testTortureExecute
--- Summary: 0/1/1: 0 failed of 1 tests in 1 cases.

Stop at 0x000369: (110) Program stopped itself
F 0x000369
Simulated 41526 ticks (3.755e-03 sec)
Host usage: 0.002025 sec, rate=1.854146
CPU state= OK PC= 0x000369 frequency= 11059200 HZ
Operation since last reset= 9947 vclks
Inst= 4111 Fetch= 7373 Read= 1372 Write= 1202
Total time since last reset= 0.003755787037037 sec (41536 clks)
Time in isr = 0.000000000000000 sec (0 clks) 0.00%
Time in idle= 0.000000000000000 sec (0 clks) 0.00%
Most value of stack pointer= 0x000000
Simulation: stopped
Runtime: 0.011954 sec

--- Simulator: 1039/41536: 1039 bytes, 41536 ticks
