uCsim 0.9.9, Copyright (C) 1997 Daniel Drotos.
uCsim comes with ABSOLUTELY NO WARRANTY; for details type `show w'.
This is free software, and you are welcome to redistribute it
under certain conditions; type `show c' for details.
set error non-classified off
set error unknown_code off
set error memory off
set error stack off
set hw simif outputs 0xff
step 500000000 vclk
state
quit
1498 words read from gen/ucz80/tst_gcc-torture-execute-960326-1.ihx
--- Running: gcc-torture-execute-960326-1.c
Running testTortureExecute
--- Summary: 0/4/1: 0 failed of 4 tests in 1 cases.

Stop at 0x000369: (110) Program stopped itself
F 0x000369
Simulated 27488 ticks (2.486e-03 sec)
Host usage: 0.001471 sec, rate=1.689640
CPU state= OK PC= 0x000369 frequency= 11059200 HZ
Operation since last reset= 6449 vclks
Inst= 3390 Fetch= 4955 Read= 830 Write= 664
Total time since last reset= 0.002486436631945 sec (27498 clks)
Time in isr = 0.000000000000000 sec (0 clks) 0.00%
Time in idle= 0.000000000000000 sec (0 clks) 0.00%
Most value of stack pointer= 0x000000
Simulation: stopped
Runtime: 0.010148 sec

--- Simulator: 1498/27498: 1498 bytes, 27498 ticks
