uCsim 0.9.9, Copyright (C) 1997 Daniel Drotos.
uCsim comes with ABSOLUTELY NO WARRANTY; for details type `show w'.
This is free software, and you are welcome to redistribute it
under certain conditions; type `show c' for details.
set error non-classified off
set error unknown_code off
set error memory off
set error stack off
set hw simif outputs 0xff
step 500000000 vclk
state
quit
4617 words read from gen/ucz80/tst_gcc-torture-execute-struct-ret-1.ihx
--- Running: gcc-torture-execute-struct-ret-1.c
Running testTortureExecute
--- Summary: 0/0/1: 0 failed of 0 tests in 1 cases.

Stop at 0x000369: (110) Program stopped itself
F 0x000369
Simulated 475298 ticks (4.298e-02 sec)
Host usage: 0.014638 sec, rate=2.936041
CPU state= OK PC= 0x000369 frequency= 11059200 HZ
Operation since last reset= 111439 vclks
Inst= 39709 Fetch= 82952 Read= 16129 Write= 12358
Total time since last reset= 0.042978515625018 sec (475308 clks)
Time in isr = 0.000000000000000 sec (0 clks) 0.00%
Time in idle= 0.000000000000000 sec (0 clks) 0.00%
Most value of stack pointer= 0x000000
Simulation: stopped
Runtime: 0.023139 sec

--- Simulator: 4617/475308: 4617 bytes, 475308 ticks
