uCsim 0.9.9, Copyright (C) 1997 Daniel Drotos.
uCsim comes with ABSOLUTELY NO WARRANTY; for details type `show w'.
This is free software, and you are welcome to redistribute it
under certain conditions; type `show c' for details.
set error non-classified off
set error unknown_code off
set error memory off
set error stack off
set hw simif outputs 0xff
step 500000000 vclk
state
quit
824 words read from gen/ucz80/tst_modulong.ihx
--- Running: modulong.c
Running testMod
--- Summary: 0/1/1: 0 failed of 1 tests in 1 cases.

Stop at 0x000369: (110) Program stopped itself
F 0x000369
Simulated 21710 ticks (1.963e-03 sec)
Host usage: 0.001125 sec, rate=1.745171
CPU state= OK PC= 0x000369 frequency= 11059200 HZ
Operation since last reset= 5066 vclks
Inst= 2753 Fetch= 3987 Read= 595 Write= 484
Total time since last reset= 0.001963975694444 sec (21720 clks)
Time in isr = 0.000000000000000 sec (0 clks) 0.00%
Time in idle= 0.000000000000000 sec (0 clks) 0.00%
Most value of stack pointer= 0x000000
Simulation: stopped
Runtime: 0.010155 sec

--- Simulator: 824/21720: 824 bytes, 21720 ticks
