uCsim 0.9.9, Copyright (C) 1997 Daniel Drotos.
uCsim comes with ABSOLUTELY NO WARRANTY; for details type `show w'.
This is free software, and you are welcome to redistribute it
under certain conditions; type `show c' for details.
set error non-classified off
set error unknown_code off
set error memory off
set error stack off
set hw simif outputs 0xff
step 500000000 vclk
state
quit
693 words read from gen/ucz80/tst_auto.ihx
--- Running: auto.c
Running testAuto
--- Summary: 0/3/1: 0 failed of 3 tests in 1 cases.

Stop at 0x000369: (110) Program stopped itself
F 0x000369
Simulated 20535 ticks (1.857e-03 sec)
Host usage: 0.001063 sec, rate=1.746600
CPU state= OK PC= 0x000369 frequency= 11059200 HZ
Operation since last reset= 4777 vclks
Inst= 2634 Fetch= 3772 Read= 548 Write= 457
Total time since last reset= 0.001857729311343 sec (20545 clks)
Time in isr = 0.000000000000000 sec (0 clks) 0.00%
Time in idle= 0.000000000000000 sec (0 clks) 0.00%
Most value of stack pointer= 0x000000
Simulation: stopped
Runtime: 0.010118 sec

--- Simulator: 693/20545: 693 bytes, 20545 ticks
