uCsim 0.9.9, Copyright (C) 1997 Daniel Drotos.
uCsim comes with ABSOLUTELY NO WARRANTY; for details type `show w'.
This is free software, and you are welcome to redistribute it
under certain conditions; type `show c' for details.
set error non-classified off
set error unknown_code off
set error memory off
set error stack off
set hw simif outputs 0xff
step 500000000 vclk
state
quit
1493 words read from gen/ucz80/bitintrot/bitintrot_width_4_dist_6_storage_auto.ihx
--- Running: bitintrot_width_4_dist_6_storage_auto
Running testRot
--- Summary: 0/12/1: 0 failed of 12 tests in 1 cases.

Stop at 0x000369: (110) Program stopped itself
F 0x000369
Simulated 30067 ticks (2.719e-03 sec)
Host usage: 0.001532 sec, rate=1.774815
CPU state= OK PC= 0x000369 frequency= 11059200 HZ
Operation since last reset= 6957 vclks
Inst= 3816 Fetch= 5540 Read= 779 Write= 638
Total time since last reset= 0.002719636140047 sec (30077 clks)
Time in isr = 0.000000000000000 sec (0 clks) 0.00%
Time in idle= 0.000000000000000 sec (0 clks) 0.00%
Most value of stack pointer= 0x000000
Simulation: stopped
Runtime: 0.011843 sec

--- Simulator: 1493/30077: 1493 bytes, 30077 ticks
