uCsim 0.9.9, Copyright (C) 1997 Daniel Drotos.
uCsim comes with ABSOLUTELY NO WARRANTY; for details type `show w'.
This is free software, and you are welcome to redistribute it
under certain conditions; type `show c' for details.
set error non-classified off
set error unknown_code off
set error memory off
set error stack off
set hw simif outputs 0xff
step 500000000 vclk
state
quit
3812 words read from gen/ucz80/bitintrot/bitintrot_width_63_dist_1_storage_static.ihx
--- Running: bitintrot_width_63_dist_1_storage_static
Running testRot
--- Summary: 0/12/1: 0 failed of 12 tests in 1 cases.

Stop at 0x000369: (110) Program stopped itself
F 0x000369
Simulated 46208 ticks (4.178e-03 sec)
Host usage: 0.002049 sec, rate=2.039192
CPU state= OK PC= 0x000369 frequency= 11059200 HZ
Operation since last reset= 10699 vclks
Inst= 4748 Fetch= 8311 Read= 1280 Write= 1108
Total time since last reset= 0.004179144965278 sec (46218 clks)
Time in isr = 0.000000000000000 sec (0 clks) 0.00%
Time in idle= 0.000000000000000 sec (0 clks) 0.00%
Most value of stack pointer= 0x000000
Simulation: stopped
Runtime: 0.013335 sec

--- Simulator: 3812/46218: 3812 bytes, 46218 ticks
