uCsim 0.9.9, Copyright (C) 1997 Daniel Drotos.
uCsim comes with ABSOLUTELY NO WARRANTY; for details type `show w'.
This is free software, and you are welcome to redistribute it
under certain conditions; type `show c' for details.
set error non-classified off
set error unknown_code off
set error memory off
set error stack off
set hw simif outputs 0xff
step 500000000 vclk
state
quit
2049 words read from gen/ucz80/bitintrot/bitintrot_width_32_dist_6_storage_auto.ihx
--- Running: bitintrot_width_32_dist_6_storage_auto
Running testRot
--- Summary: 0/12/1: 0 failed of 12 tests in 1 cases.

Stop at 0x000369: (110) Program stopped itself
F 0x000369
Simulated 35490 ticks (3.209e-03 sec)
Host usage: 0.001779 sec, rate=1.803794
CPU state= OK PC= 0x000369 frequency= 11059200 HZ
Operation since last reset= 8142 vclks
Inst= 4272 Fetch= 6528 Read= 868 Write= 746
Total time since last reset= 0.003209997106482 sec (35500 clks)
Time in isr = 0.000000000000000 sec (0 clks) 0.00%
Time in idle= 0.000000000000000 sec (0 clks) 0.00%
Most value of stack pointer= 0x000000
Simulation: stopped
Runtime: 0.012167 sec

--- Simulator: 2049/35500: 2049 bytes, 35500 ticks
