uCsim 0.9.9, Copyright (C) 1997 Daniel Drotos.
uCsim comes with ABSOLUTELY NO WARRANTY; for details type `show w'.
This is free software, and you are welcome to redistribute it
under certain conditions; type `show c' for details.
set error non-classified off
set error unknown_code off
set error memory off
set error stack off
set hw simif outputs 0xff
step 500000000 vclk
state
quit
1849 words read from gen/ucz80/bitintrot/bitintrot_width_24_dist_2_storage_auto.ihx
--- Running: bitintrot_width_24_dist_2_storage_auto
Running testRot
--- Summary: 0/12/1: 0 failed of 12 tests in 1 cases.

Stop at 0x000369: (110) Program stopped itself
F 0x000369
Simulated 33782 ticks (3.055e-03 sec)
Host usage: 0.001820 sec, rate=1.678299
CPU state= OK PC= 0x000369 frequency= 11059200 HZ
Operation since last reset= 7761 vclks
Inst= 4146 Fetch= 6233 Read= 838 Write= 690
Total time since last reset= 0.003055555555556 sec (33792 clks)
Time in isr = 0.000000000000000 sec (0 clks) 0.00%
Time in idle= 0.000000000000000 sec (0 clks) 0.00%
Most value of stack pointer= 0x000000
Simulation: stopped
Runtime: 0.012440 sec

--- Simulator: 1849/33792: 1849 bytes, 33792 ticks
