uCsim 0.9.9, Copyright (C) 1997 Daniel Drotos.
uCsim comes with ABSOLUTELY NO WARRANTY; for details type `show w'.
This is free software, and you are welcome to redistribute it
under certain conditions; type `show c' for details.
set error non-classified off
set error unknown_code off
set error memory off
set error stack off
set hw simif outputs 0xff
step 500000000 vclk
state
quit
1866 words read from gen/ucz80/bitintrot/bitintrot_width_17_dist_9_storage_auto.ihx
--- Running: bitintrot_width_17_dist_9_storage_auto
Running testRot
--- Summary: 0/12/1: 0 failed of 12 tests in 1 cases.

Stop at 0x000369: (110) Program stopped itself
F 0x000369
Simulated 32310 ticks (2.922e-03 sec)
Host usage: 0.001570 sec, rate=1.860876
CPU state= OK PC= 0x000369 frequency= 11059200 HZ
Operation since last reset= 7461 vclks
Inst= 3975 Fetch= 5933 Read= 843 Write= 685
Total time since last reset= 0.002922453703704 sec (32320 clks)
Time in isr = 0.000000000000000 sec (0 clks) 0.00%
Time in idle= 0.000000000000000 sec (0 clks) 0.00%
Most value of stack pointer= 0x000000
Simulation: stopped
Runtime: 0.011573 sec

--- Simulator: 1866/32320: 1866 bytes, 32320 ticks
