                              1 ;--------------------------------------------------------
                              2 ; File Created by SDCC : free open source ISO C Compiler
                              3 ; Version 4.6.2 #16710 (Linux)
                              4 ;--------------------------------------------------------
                              5 	.module bitfirst_type_unsigned_int
                              6 	
                              7 ;--------------------------------------------------------
                              8 ; Public variables in this module
                              9 ;--------------------------------------------------------
                             10 	.globl _testTrailing
                             11 	.globl ___stdc_first_trailing_one
                             12 	.globl ___prints
                             13 	.globl ___fail
                             14 	.globl _i
                             15 	.globl ___numCases
                             16 	.globl ___runSuite
                             17 	.globl ___getSuiteName
                             18 ;--------------------------------------------------------
                             19 ; special function registers
                             20 ;--------------------------------------------------------
                             21 ;--------------------------------------------------------
                             22 ; ram data
                             23 ;--------------------------------------------------------
                             24 	.area _DATA (BANK=_DSEG)
   0000                      25 _i::
   0000                      26 	.ds 2
                             27 ;--------------------------------------------------------
                             28 ; ram data
                             29 ;--------------------------------------------------------
                             30 	.area _INITIALIZED
                             31 ;--------------------------------------------------------
                             32 ; absolute ram data
                             33 ;--------------------------------------------------------
                             34 	.area _DABS (ABS)
                             35 	.area _DABS (ABS)
                             36 ;--------------------------------------------------------
                             37 ; global & static initialisations
                             38 ;--------------------------------------------------------
                             39 	.area _HOME
                             40 	.area _GSINIT
                             41 	.area _GSFINAL
                             42 	.area _GSINIT
                             43 ;--------------------------------------------------------
                             44 ; Home
                             45 ;--------------------------------------------------------
                             46 	.area _HOME (BANK=_CSEG)
                             47 	.area _HOME (BANK=_CSEG)
                             48 ;--------------------------------------------------------
                             49 ; code
                             50 ;--------------------------------------------------------
                             51 	.area _CODE (BANK=_CSEG)
                             52 ;cases/bitfirst/bitfirst_type_unsigned_int.c:18: testTrailing(void)
                             53 ;	genLabel
                             54 ;	genFunction
                             55 ;	---------------------------------
                             56 ; Function testTrailing
                             57 ; ---------------------------------
                             58 ;	Register assignment might be sub-optimal.
                             59 ; Stack space usage: 8 bytes.
   0000                      60 _testTrailing::
   0000 DD E5         [15]   61 	push	ix
   0002 DD 21 00 00   [14]   62 	ld	ix,	#0
   0006 DD 39         [15]   63 	add	ix, sp
                             64 ;	adjustStack by -8
   0008 21 F8 FF      [10]   65 	ld	hl, #-8
   000B 39            [11]   66 	add	hl, sp
   000C F9            [ 6]   67 	ld	sp, hl
                             68 ;cases/bitfirst/bitfirst_type_unsigned_int.c:21: i = 0x0;
                             69 ;	genAssign
                             70 ;fetchPairLong
   000D 21 00 00      [10]   71 	ld	hl, #0x0000
                             72 ;	genMove_o size 2 result type 10 source type 2 a_dead 1 hl_dead 1 de_dead 1 iy_dead 1 f_dead 1
   0010 22r00s00      [16]   73 	ld	(_i), hl
                             74 ;cases/bitfirst/bitfirst_type_unsigned_int.c:22: ASSERT (stdc_first_trailing_one(i) == 0);
                             75 ;	genPlus
                             76 ;	genMove_o size 2 result type 2 source type 10 a_dead 1 hl_dead 1 de_dead 1 iy_dead 1 f_dead 1
   0013 2Ar00s00      [16]   77 	ld	hl, (___numTests)
   0016 23            [ 6]   78 	inc	hl
                             79 ;	genMove_o size 2 result type 10 source type 2 a_dead 1 hl_dead 1 de_dead 1 iy_dead 1 f_dead 1
   0017 22r00s00      [16]   80 	ld	(___numTests), hl
                             81 ;	genCast
                             82 ;	genMove_o size 2 result type 6 source type 10 a_dead 1 hl_dead 1 de_dead 1 iy_dead 1 f_dead 1
   001A 3Ar00s00      [13]   83 	ld	a, (_i+0)
   001D DD 77 F8      [19]   84 	ld	-8 (ix), a
   0020 3Ar01s00      [13]   85 	ld	a, (_i+1)
   0023 DD 77 F9      [19]   86 	ld	-7 (ix), a
                             87 ;	genMove_o size 6 result type 6 source type 1 a_dead 1 hl_dead 1 de_dead 1 iy_dead 1 f_dead 1
   0026 AF            [ 4]   88 	xor	a, a
   0027 DD 77 FA      [19]   89 	ld	-6 (ix), a
   002A DD 77 FB      [19]   90 	ld	-5 (ix), a
   002D DD 77 FC      [19]   91 	ld	-4 (ix), a
   0030 DD 77 FD      [19]   92 	ld	-3 (ix), a
   0033 DD 77 FE      [19]   93 	ld	-2 (ix), a
   0036 DD 77 FF      [19]   94 	ld	-1 (ix), a
                             95 ;	genIpush
                             96 ;	genMove_o size 2 result type 2 source type 6 a_dead 1 hl_dead 1 de_dead 1 iy_dead 1 f_dead 1
                             97 ; common peephole 92a combined constant loads into register pair.
                             98 ;	genMove_o size 0 result type 2 source type 1 a_dead 1 hl_dead 1 de_dead 1 iy_dead 1 f_dead 1
                             99 ;	genMove_o size 2 result type 2 source type 6 a_dead 1 hl_dead 1 de_dead 1 iy_dead 1 f_dead 1
                            100 ; common peephole 92a combined constant loads into register pair.
   0039 21 00 00      [10]  101 	ld	hl, #0x0
   003C E5            [11]  102 	push	hl
                            103 ; common peephole 94d pushed register pair twice.
                            104 ;	genMove_o size 0 result type 2 source type 1 a_dead 1 hl_dead 1 de_dead 1 iy_dead 1 f_dead 1
   003D E5            [11]  105 	push	hl
                            106 ;	genMove_o size 2 result type 2 source type 6 a_dead 1 hl_dead 1 de_dead 1 iy_dead 1 f_dead 1
                            107 ; common peephole 92a combined constant loads into register pair.
   003E 21 00 00      [10]  108 	ld	hl, #0x0
                            109 ;	genMove_o size 0 result type 2 source type 1 a_dead 1 hl_dead 1 de_dead 1 iy_dead 1 f_dead 1
   0041 E5            [11]  110 	push	hl
                            111 ;	genMove_o size 2 result type 2 source type 6 a_dead 1 hl_dead 1 de_dead 1 iy_dead 1 f_dead 1
   0042 DD 6E F8      [19]  112 	ld	l, -8 (ix)
   0045 DD 66 F9      [19]  113 	ld	h, -7 (ix)
                            114 ;	genMove_o size 0 result type 2 source type 1 a_dead 1 hl_dead 1 de_dead 1 iy_dead 1 f_dead 1
   0048 E5            [11]  115 	push	hl
                            116 ;	genCall
   0049 CDr00s00      [17]  117 	call	___stdc_first_trailing_one
                            118 ;	genMove_o size 1 result type 2 source type 2 a_dead 1 hl_dead 1 de_dead 1 iy_dead 1 f_dead 1
                            119 ;	genIfx
   004C B7            [ 4]  120 	or	a, a
                            121 ; common peephole 163 changed absolute to relative conditional jump.
   004D 28 11         [12]  122 	jr	z, 00104$
                            123 ;	skipping iCode since result will be rematerialized
                            124 ;	skipping iCode since result will be rematerialized
                            125 ;	skipping iCode since result will be rematerialized
                            126 ;	skipping iCode since result will be rematerialized
                            127 ;	skipping iCode since result will be rematerialized
                            128 ;	skipping iCode since result will be rematerialized
                            129 ;	genIpush
                            130 ;	genMove_o size 2 result type 2 source type 1 a_dead 1 hl_dead 1 de_dead 1 iy_dead 1 f_dead 1
   004F 21 16 00      [10]  131 	ld	hl, #0x0016
   0052 E5            [11]  132 	push	hl
                            133 ;	genIpush
                            134 ;	genMove_o size 2 result type 2 source type 7 a_dead 1 hl_dead 1 de_dead 1 iy_dead 1 f_dead 1
   0053 21rC5s04      [10]  135 	ld	hl, #___str_2
   0056 E5            [11]  136 	push	hl
                            137 ;	genSend
                            138 ;	genMove_o size 2 result type 2 source type 7 a_dead 1 hl_dead 1 de_dead 1 iy_dead 1 f_dead 1
   0057 11rA5s04      [10]  139 	ld	de, #___str_1
                            140 ;	genSend
                            141 ;	genMove_o size 2 result type 2 source type 7 a_dead 1 hl_dead 1 de_dead 0 iy_dead 1 f_dead 1
   005A 21r94s04      [10]  142 	ld	hl, #___str_0
                            143 ;	genCall
   005D CDr00s00      [17]  144 	call	___fail
                            145 ;	genLabel
   0060                     146 00104$:
                            147 ;cases/bitfirst/bitfirst_type_unsigned_int.c:23: ASSERT (stdc_first_trailing_zero(i) == 1);
                            148 ;	genPlus
                            149 ;	genMove_o size 2 result type 2 source type 10 a_dead 1 hl_dead 1 de_dead 1 iy_dead 1 f_dead 1
   0060 2Ar00s00      [16]  150 	ld	hl, (___numTests)
   0063 23            [ 6]  151 	inc	hl
                            152 ;	genMove_o size 2 result type 10 source type 2 a_dead 1 hl_dead 1 de_dead 1 iy_dead 1 f_dead 1
   0064 22r00s00      [16]  153 	ld	(___numTests), hl
                            154 ;	genXor
   0067 3Ar00s00      [13]  155 	ld	a, (_i+0)
   006A 2F            [ 4]  156 	cpl
                            157 ;	genMove_o size 1 result type 2 source type 2 a_dead 1 hl_dead 1 de_dead 1 iy_dead 1 f_dead 1
   006B 4F            [ 4]  158 	ld	c, a
                            159 ;	genMove_o size 0 result type 2 source type 1 a_dead 0 hl_dead 1 de_dead 1 iy_dead 1 f_dead 1
   006C 3Ar01s00      [13]  160 	ld	a, (_i+1)
   006F 2F            [ 4]  161 	cpl
                            162 ;	genMove_o size 1 result type 2 source type 2 a_dead 1 hl_dead 1 de_dead 1 iy_dead 1 f_dead 1
                            163 ;	genCast
                            164 ;	genMove_o size 2 result type 6 source type 2 a_dead 1 hl_dead 1 de_dead 1 iy_dead 1 f_dead 1
   0070 DD 71 F8      [19]  165 	ld	-8 (ix), c
   0073 DD 77 F9      [19]  166 	ld	-7 (ix), a
                            167 ;	genMove_o size 0 result type 6 source type 1 a_dead 1 hl_dead 1 de_dead 1 iy_dead 1 f_dead 1
                            168 ;	genMove_o size 6 result type 6 source type 1 a_dead 1 hl_dead 1 de_dead 1 iy_dead 1 f_dead 1
   0076 AF            [ 4]  169 	xor	a, a
   0077 DD 77 FA      [19]  170 	ld	-6 (ix), a
   007A DD 77 FB      [19]  171 	ld	-5 (ix), a
   007D DD 77 FC      [19]  172 	ld	-4 (ix), a
   0080 DD 77 FD      [19]  173 	ld	-3 (ix), a
   0083 DD 77 FE      [19]  174 	ld	-2 (ix), a
   0086 DD 77 FF      [19]  175 	ld	-1 (ix), a
                            176 ;	genIpush
                            177 ;	genMove_o size 2 result type 2 source type 6 a_dead 1 hl_dead 1 de_dead 1 iy_dead 1 f_dead 1
                            178 ; common peephole 92a combined constant loads into register pair.
                            179 ;	genMove_o size 0 result type 2 source type 1 a_dead 1 hl_dead 1 de_dead 1 iy_dead 1 f_dead 1
                            180 ;	genMove_o size 2 result type 2 source type 6 a_dead 1 hl_dead 1 de_dead 1 iy_dead 1 f_dead 1
                            181 ; common peephole 92a combined constant loads into register pair.
   0089 21 00 00      [10]  182 	ld	hl, #0x0
   008C E5            [11]  183 	push	hl
                            184 ; common peephole 94d pushed register pair twice.
                            185 ;	genMove_o size 0 result type 2 source type 1 a_dead 1 hl_dead 1 de_dead 1 iy_dead 1 f_dead 1
   008D E5            [11]  186 	push	hl
                            187 ;	genMove_o size 2 result type 2 source type 6 a_dead 1 hl_dead 1 de_dead 1 iy_dead 1 f_dead 1
                            188 ; common peephole 92a combined constant loads into register pair.
   008E 21 00 00      [10]  189 	ld	hl, #0x0
                            190 ;	genMove_o size 0 result type 2 source type 1 a_dead 1 hl_dead 1 de_dead 1 iy_dead 1 f_dead 1
   0091 E5            [11]  191 	push	hl
                            192 ;	genMove_o size 2 result type 2 source type 6 a_dead 1 hl_dead 1 de_dead 1 iy_dead 1 f_dead 1
   0092 DD 6E F8      [19]  193 	ld	l, -8 (ix)
   0095 DD 66 F9      [19]  194 	ld	h, -7 (ix)
                            195 ;	genMove_o size 0 result type 2 source type 1 a_dead 1 hl_dead 1 de_dead 1 iy_dead 1 f_dead 1
   0098 E5            [11]  196 	push	hl
                            197 ;	genCall
   0099 CDr00s00      [17]  198 	call	___stdc_first_trailing_one
                            199 ;	genMove_o size 1 result type 2 source type 2 a_dead 1 hl_dead 1 de_dead 1 iy_dead 1 f_dead 1
                            200 ;	genCmpEq
   009C FE 01         [ 7]  201 	cp	a, #0x01
                            202 ; common peephole 163 changed absolute to relative conditional jump.
   009E 28 11         [12]  203 	jr	z, 00106$
                            204 ; common peephole 81 removed jp by using inverse jump logic
                            205 ; common peephole 159 removed unused label 00243$.
                            206 ;	skipping generated iCode
                            207 ;	skipping iCode since result will be rematerialized
                            208 ;	skipping iCode since result will be rematerialized
                            209 ;	skipping iCode since result will be rematerialized
                            210 ;	skipping iCode since result will be rematerialized
                            211 ;	skipping iCode since result will be rematerialized
                            212 ;	skipping iCode since result will be rematerialized
                            213 ;	genIpush
                            214 ;	genMove_o size 2 result type 2 source type 1 a_dead 1 hl_dead 1 de_dead 1 iy_dead 1 f_dead 1
   00A0 21 17 00      [10]  215 	ld	hl, #0x0017
   00A3 E5            [11]  216 	push	hl
                            217 ;	genIpush
                            218 ;	genMove_o size 2 result type 2 source type 7 a_dead 1 hl_dead 1 de_dead 1 iy_dead 1 f_dead 1
   00A4 21rC5s04      [10]  219 	ld	hl, #___str_2
   00A7 E5            [11]  220 	push	hl
                            221 ;	genSend
                            222 ;	genMove_o size 2 result type 2 source type 7 a_dead 1 hl_dead 1 de_dead 1 iy_dead 1 f_dead 1
   00A8 11rF1s04      [10]  223 	ld	de, #___str_3
                            224 ;	genSend
                            225 ;	genMove_o size 2 result type 2 source type 7 a_dead 1 hl_dead 1 de_dead 0 iy_dead 1 f_dead 1
   00AB 21r94s04      [10]  226 	ld	hl, #___str_0
                            227 ;	genCall
   00AE CDr00s00      [17]  228 	call	___fail
                            229 ;	genLabel
   00B1                     230 00106$:
                            231 ;cases/bitfirst/bitfirst_type_unsigned_int.c:25: i = 0x1;
                            232 ;	genAssign
                            233 ;fetchPairLong
   00B1 21 01 00      [10]  234 	ld	hl, #0x0001
                            235 ;	genMove_o size 2 result type 10 source type 2 a_dead 1 hl_dead 1 de_dead 1 iy_dead 1 f_dead 1
   00B4 22r00s00      [16]  236 	ld	(_i), hl
                            237 ;cases/bitfirst/bitfirst_type_unsigned_int.c:26: ASSERT (stdc_first_trailing_one(i) == 1);
                            238 ;	genPlus
                            239 ;	genMove_o size 2 result type 2 source type 10 a_dead 1 hl_dead 1 de_dead 1 iy_dead 1 f_dead 1
   00B7 2Ar00s00      [16]  240 	ld	hl, (___numTests)
   00BA 23            [ 6]  241 	inc	hl
                            242 ;	genMove_o size 2 result type 10 source type 2 a_dead 1 hl_dead 1 de_dead 1 iy_dead 1 f_dead 1
   00BB 22r00s00      [16]  243 	ld	(___numTests), hl
                            244 ;	genCast
                            245 ;	genMove_o size 2 result type 6 source type 10 a_dead 1 hl_dead 1 de_dead 1 iy_dead 1 f_dead 1
   00BE 3Ar00s00      [13]  246 	ld	a, (_i+0)
   00C1 DD 77 F8      [19]  247 	ld	-8 (ix), a
   00C4 3Ar01s00      [13]  248 	ld	a, (_i+1)
   00C7 DD 77 F9      [19]  249 	ld	-7 (ix), a
                            250 ;	genMove_o size 6 result type 6 source type 1 a_dead 1 hl_dead 1 de_dead 1 iy_dead 1 f_dead 1
   00CA AF            [ 4]  251 	xor	a, a
   00CB DD 77 FA      [19]  252 	ld	-6 (ix), a
   00CE DD 77 FB      [19]  253 	ld	-5 (ix), a
   00D1 DD 77 FC      [19]  254 	ld	-4 (ix), a
   00D4 DD 77 FD      [19]  255 	ld	-3 (ix), a
   00D7 DD 77 FE      [19]  256 	ld	-2 (ix), a
   00DA DD 77 FF      [19]  257 	ld	-1 (ix), a
                            258 ;	genIpush
                            259 ;	genMove_o size 2 result type 2 source type 6 a_dead 1 hl_dead 1 de_dead 1 iy_dead 1 f_dead 1
                            260 ; common peephole 92a combined constant loads into register pair.
                            261 ;	genMove_o size 0 result type 2 source type 1 a_dead 1 hl_dead 1 de_dead 1 iy_dead 1 f_dead 1
                            262 ;	genMove_o size 2 result type 2 source type 6 a_dead 1 hl_dead 1 de_dead 1 iy_dead 1 f_dead 1
                            263 ; common peephole 92a combined constant loads into register pair.
   00DD 21 00 00      [10]  264 	ld	hl, #0x0
   00E0 E5            [11]  265 	push	hl
                            266 ; common peephole 94d pushed register pair twice.
                            267 ;	genMove_o size 0 result type 2 source type 1 a_dead 1 hl_dead 1 de_dead 1 iy_dead 1 f_dead 1
   00E1 E5            [11]  268 	push	hl
                            269 ;	genMove_o size 2 result type 2 source type 6 a_dead 1 hl_dead 1 de_dead 1 iy_dead 1 f_dead 1
                            270 ; common peephole 92a combined constant loads into register pair.
   00E2 21 00 00      [10]  271 	ld	hl, #0x0
                            272 ;	genMove_o size 0 result type 2 source type 1 a_dead 1 hl_dead 1 de_dead 1 iy_dead 1 f_dead 1
   00E5 E5            [11]  273 	push	hl
                            274 ;	genMove_o size 2 result type 2 source type 6 a_dead 1 hl_dead 1 de_dead 1 iy_dead 1 f_dead 1
   00E6 DD 6E F8      [19]  275 	ld	l, -8 (ix)
   00E9 DD 66 F9      [19]  276 	ld	h, -7 (ix)
                            277 ;	genMove_o size 0 result type 2 source type 1 a_dead 1 hl_dead 1 de_dead 1 iy_dead 1 f_dead 1
   00EC E5            [11]  278 	push	hl
                            279 ;	genCall
   00ED CDr00s00      [17]  280 	call	___stdc_first_trailing_one
                            281 ;	genMove_o size 1 result type 2 source type 2 a_dead 1 hl_dead 1 de_dead 1 iy_dead 1 f_dead 1
                            282 ;	genCmpEq
   00F0 FE 01         [ 7]  283 	cp	a, #0x01
                            284 ; common peephole 163 changed absolute to relative conditional jump.
   00F2 28 11         [12]  285 	jr	z, 00108$
                            286 ; common peephole 81 removed jp by using inverse jump logic
                            287 ; common peephole 159 removed unused label 00244$.
                            288 ;	skipping generated iCode
                            289 ;	skipping iCode since result will be rematerialized
                            290 ;	skipping iCode since result will be rematerialized
                            291 ;	skipping iCode since result will be rematerialized
                            292 ;	skipping iCode since result will be rematerialized
                            293 ;	skipping iCode since result will be rematerialized
                            294 ;	skipping iCode since result will be rematerialized
                            295 ;	genIpush
                            296 ;	genMove_o size 2 result type 2 source type 1 a_dead 1 hl_dead 1 de_dead 1 iy_dead 1 f_dead 1
   00F4 21 1A 00      [10]  297 	ld	hl, #0x001a
   00F7 E5            [11]  298 	push	hl
                            299 ;	genIpush
                            300 ;	genMove_o size 2 result type 2 source type 7 a_dead 1 hl_dead 1 de_dead 1 iy_dead 1 f_dead 1
   00F8 21rC5s04      [10]  301 	ld	hl, #___str_2
   00FB E5            [11]  302 	push	hl
                            303 ;	genSend
                            304 ;	genMove_o size 2 result type 2 source type 7 a_dead 1 hl_dead 1 de_dead 1 iy_dead 1 f_dead 1
   00FC 11r12s05      [10]  305 	ld	de, #___str_4
                            306 ;	genSend
                            307 ;	genMove_o size 2 result type 2 source type 7 a_dead 1 hl_dead 1 de_dead 0 iy_dead 1 f_dead 1
   00FF 21r94s04      [10]  308 	ld	hl, #___str_0
                            309 ;	genCall
   0102 CDr00s00      [17]  310 	call	___fail
                            311 ;	genLabel
   0105                     312 00108$:
                            313 ;cases/bitfirst/bitfirst_type_unsigned_int.c:27: ASSERT (stdc_first_trailing_zero(i) == 2);
                            314 ;	genPlus
                            315 ;	genMove_o size 2 result type 2 source type 10 a_dead 1 hl_dead 1 de_dead 1 iy_dead 1 f_dead 1
   0105 2Ar00s00      [16]  316 	ld	hl, (___numTests)
   0108 23            [ 6]  317 	inc	hl
                            318 ;	genMove_o size 2 result type 10 source type 2 a_dead 1 hl_dead 1 de_dead 1 iy_dead 1 f_dead 1
   0109 22r00s00      [16]  319 	ld	(___numTests), hl
                            320 ;	genXor
   010C 3Ar00s00      [13]  321 	ld	a, (_i+0)
   010F 2F            [ 4]  322 	cpl
                            323 ;	genMove_o size 1 result type 2 source type 2 a_dead 1 hl_dead 1 de_dead 1 iy_dead 1 f_dead 1
   0110 4F            [ 4]  324 	ld	c, a
                            325 ;	genMove_o size 0 result type 2 source type 1 a_dead 0 hl_dead 1 de_dead 1 iy_dead 1 f_dead 1
   0111 3Ar01s00      [13]  326 	ld	a, (_i+1)
   0114 2F            [ 4]  327 	cpl
                            328 ;	genMove_o size 1 result type 2 source type 2 a_dead 1 hl_dead 1 de_dead 1 iy_dead 1 f_dead 1
                            329 ;	genCast
                            330 ;	genMove_o size 2 result type 6 source type 2 a_dead 1 hl_dead 1 de_dead 1 iy_dead 1 f_dead 1
   0115 DD 71 F8      [19]  331 	ld	-8 (ix), c
   0118 DD 77 F9      [19]  332 	ld	-7 (ix), a
                            333 ;	genMove_o size 0 result type 6 source type 1 a_dead 1 hl_dead 1 de_dead 1 iy_dead 1 f_dead 1
                            334 ;	genMove_o size 6 result type 6 source type 1 a_dead 1 hl_dead 1 de_dead 1 iy_dead 1 f_dead 1
   011B AF            [ 4]  335 	xor	a, a
   011C DD 77 FA      [19]  336 	ld	-6 (ix), a
   011F DD 77 FB      [19]  337 	ld	-5 (ix), a
   0122 DD 77 FC      [19]  338 	ld	-4 (ix), a
   0125 DD 77 FD      [19]  339 	ld	-3 (ix), a
   0128 DD 77 FE      [19]  340 	ld	-2 (ix), a
   012B DD 77 FF      [19]  341 	ld	-1 (ix), a
                            342 ;	genIpush
                            343 ;	genMove_o size 2 result type 2 source type 6 a_dead 1 hl_dead 1 de_dead 1 iy_dead 1 f_dead 1
                            344 ; common peephole 92a combined constant loads into register pair.
                            345 ;	genMove_o size 0 result type 2 source type 1 a_dead 1 hl_dead 1 de_dead 1 iy_dead 1 f_dead 1
                            346 ;	genMove_o size 2 result type 2 source type 6 a_dead 1 hl_dead 1 de_dead 1 iy_dead 1 f_dead 1
                            347 ; common peephole 92a combined constant loads into register pair.
   012E 21 00 00      [10]  348 	ld	hl, #0x0
   0131 E5            [11]  349 	push	hl
                            350 ; common peephole 94d pushed register pair twice.
                            351 ;	genMove_o size 0 result type 2 source type 1 a_dead 1 hl_dead 1 de_dead 1 iy_dead 1 f_dead 1
   0132 E5            [11]  352 	push	hl
                            353 ;	genMove_o size 2 result type 2 source type 6 a_dead 1 hl_dead 1 de_dead 1 iy_dead 1 f_dead 1
                            354 ; common peephole 92a combined constant loads into register pair.
   0133 21 00 00      [10]  355 	ld	hl, #0x0
                            356 ;	genMove_o size 0 result type 2 source type 1 a_dead 1 hl_dead 1 de_dead 1 iy_dead 1 f_dead 1
   0136 E5            [11]  357 	push	hl
                            358 ;	genMove_o size 2 result type 2 source type 6 a_dead 1 hl_dead 1 de_dead 1 iy_dead 1 f_dead 1
   0137 DD 6E F8      [19]  359 	ld	l, -8 (ix)
   013A DD 66 F9      [19]  360 	ld	h, -7 (ix)
                            361 ;	genMove_o size 0 result type 2 source type 1 a_dead 1 hl_dead 1 de_dead 1 iy_dead 1 f_dead 1
   013D E5            [11]  362 	push	hl
                            363 ;	genCall
   013E CDr00s00      [17]  364 	call	___stdc_first_trailing_one
                            365 ;	genMove_o size 1 result type 2 source type 2 a_dead 1 hl_dead 1 de_dead 1 iy_dead 1 f_dead 1
                            366 ;	genCmpEq
   0141 FE 02         [ 7]  367 	cp	a, #0x02
                            368 ; common peephole 163 changed absolute to relative conditional jump.
   0143 28 11         [12]  369 	jr	z, 00110$
                            370 ; common peephole 81 removed jp by using inverse jump logic
                            371 ; common peephole 159 removed unused label 00245$.
                            372 ;	skipping generated iCode
                            373 ;	skipping iCode since result will be rematerialized
                            374 ;	skipping iCode since result will be rematerialized
                            375 ;	skipping iCode since result will be rematerialized
                            376 ;	skipping iCode since result will be rematerialized
                            377 ;	skipping iCode since result will be rematerialized
                            378 ;	skipping iCode since result will be rematerialized
                            379 ;	genIpush
                            380 ;	genMove_o size 2 result type 2 source type 1 a_dead 1 hl_dead 1 de_dead 1 iy_dead 1 f_dead 1
   0145 21 1B 00      [10]  381 	ld	hl, #0x001b
   0148 E5            [11]  382 	push	hl
                            383 ;	genIpush
                            384 ;	genMove_o size 2 result type 2 source type 7 a_dead 1 hl_dead 1 de_dead 1 iy_dead 1 f_dead 1
   0149 21rC5s04      [10]  385 	ld	hl, #___str_2
   014C E5            [11]  386 	push	hl
                            387 ;	genSend
                            388 ;	genMove_o size 2 result type 2 source type 7 a_dead 1 hl_dead 1 de_dead 1 iy_dead 1 f_dead 1
   014D 11r32s05      [10]  389 	ld	de, #___str_5
                            390 ;	genSend
                            391 ;	genMove_o size 2 result type 2 source type 7 a_dead 1 hl_dead 1 de_dead 0 iy_dead 1 f_dead 1
   0150 21r94s04      [10]  392 	ld	hl, #___str_0
                            393 ;	genCall
   0153 CDr00s00      [17]  394 	call	___fail
                            395 ;	genLabel
   0156                     396 00110$:
                            397 ;cases/bitfirst/bitfirst_type_unsigned_int.c:29: i = 0x2;
                            398 ;	genAssign
                            399 ;fetchPairLong
   0156 21 02 00      [10]  400 	ld	hl, #0x0002
                            401 ;	genMove_o size 2 result type 10 source type 2 a_dead 1 hl_dead 1 de_dead 1 iy_dead 1 f_dead 1
   0159 22r00s00      [16]  402 	ld	(_i), hl
                            403 ;cases/bitfirst/bitfirst_type_unsigned_int.c:30: ASSERT (stdc_first_trailing_one(i) == 2);
                            404 ;	genPlus
                            405 ;	genMove_o size 2 result type 2 source type 10 a_dead 1 hl_dead 1 de_dead 1 iy_dead 1 f_dead 1
   015C 2Ar00s00      [16]  406 	ld	hl, (___numTests)
   015F 23            [ 6]  407 	inc	hl
                            408 ;	genMove_o size 2 result type 10 source type 2 a_dead 1 hl_dead 1 de_dead 1 iy_dead 1 f_dead 1
   0160 22r00s00      [16]  409 	ld	(___numTests), hl
                            410 ;	genCast
                            411 ;	genMove_o size 2 result type 6 source type 10 a_dead 1 hl_dead 1 de_dead 1 iy_dead 1 f_dead 1
   0163 3Ar00s00      [13]  412 	ld	a, (_i+0)
   0166 DD 77 F8      [19]  413 	ld	-8 (ix), a
   0169 3Ar01s00      [13]  414 	ld	a, (_i+1)
   016C DD 77 F9      [19]  415 	ld	-7 (ix), a
                            416 ;	genMove_o size 6 result type 6 source type 1 a_dead 1 hl_dead 1 de_dead 1 iy_dead 1 f_dead 1
   016F AF            [ 4]  417 	xor	a, a
   0170 DD 77 FA      [19]  418 	ld	-6 (ix), a
   0173 DD 77 FB      [19]  419 	ld	-5 (ix), a
   0176 DD 77 FC      [19]  420 	ld	-4 (ix), a
   0179 DD 77 FD      [19]  421 	ld	-3 (ix), a
   017C DD 77 FE      [19]  422 	ld	-2 (ix), a
   017F DD 77 FF      [19]  423 	ld	-1 (ix), a
                            424 ;	genIpush
                            425 ;	genMove_o size 2 result type 2 source type 6 a_dead 1 hl_dead 1 de_dead 1 iy_dead 1 f_dead 1
                            426 ; common peephole 92a combined constant loads into register pair.
                            427 ;	genMove_o size 0 result type 2 source type 1 a_dead 1 hl_dead 1 de_dead 1 iy_dead 1 f_dead 1
                            428 ;	genMove_o size 2 result type 2 source type 6 a_dead 1 hl_dead 1 de_dead 1 iy_dead 1 f_dead 1
                            429 ; common peephole 92a combined constant loads into register pair.
   0182 21 00 00      [10]  430 	ld	hl, #0x0
   0185 E5            [11]  431 	push	hl
                            432 ; common peephole 94d pushed register pair twice.
                            433 ;	genMove_o size 0 result type 2 source type 1 a_dead 1 hl_dead 1 de_dead 1 iy_dead 1 f_dead 1
   0186 E5            [11]  434 	push	hl
                            435 ;	genMove_o size 2 result type 2 source type 6 a_dead 1 hl_dead 1 de_dead 1 iy_dead 1 f_dead 1
                            436 ; common peephole 92a combined constant loads into register pair.
   0187 21 00 00      [10]  437 	ld	hl, #0x0
                            438 ;	genMove_o size 0 result type 2 source type 1 a_dead 1 hl_dead 1 de_dead 1 iy_dead 1 f_dead 1
   018A E5            [11]  439 	push	hl
                            440 ;	genMove_o size 2 result type 2 source type 6 a_dead 1 hl_dead 1 de_dead 1 iy_dead 1 f_dead 1
   018B DD 6E F8      [19]  441 	ld	l, -8 (ix)
   018E DD 66 F9      [19]  442 	ld	h, -7 (ix)
                            443 ;	genMove_o size 0 result type 2 source type 1 a_dead 1 hl_dead 1 de_dead 1 iy_dead 1 f_dead 1
   0191 E5            [11]  444 	push	hl
                            445 ;	genCall
   0192 CDr00s00      [17]  446 	call	___stdc_first_trailing_one
                            447 ;	genMove_o size 1 result type 2 source type 2 a_dead 1 hl_dead 1 de_dead 1 iy_dead 1 f_dead 1
                            448 ;	genCmpEq
   0195 FE 02         [ 7]  449 	cp	a, #0x02
                            450 ; common peephole 163 changed absolute to relative conditional jump.
   0197 28 11         [12]  451 	jr	z, 00112$
                            452 ; common peephole 81 removed jp by using inverse jump logic
                            453 ; common peephole 159 removed unused label 00246$.
                            454 ;	skipping generated iCode
                            455 ;	skipping iCode since result will be rematerialized
                            456 ;	skipping iCode since result will be rematerialized
                            457 ;	skipping iCode since result will be rematerialized
                            458 ;	skipping iCode since result will be rematerialized
                            459 ;	skipping iCode since result will be rematerialized
                            460 ;	skipping iCode since result will be rematerialized
                            461 ;	genIpush
                            462 ;	genMove_o size 2 result type 2 source type 1 a_dead 1 hl_dead 1 de_dead 1 iy_dead 1 f_dead 1
   0199 21 1E 00      [10]  463 	ld	hl, #0x001e
   019C E5            [11]  464 	push	hl
                            465 ;	genIpush
                            466 ;	genMove_o size 2 result type 2 source type 7 a_dead 1 hl_dead 1 de_dead 1 iy_dead 1 f_dead 1
   019D 21rC5s04      [10]  467 	ld	hl, #___str_2
   01A0 E5            [11]  468 	push	hl
                            469 ;	genSend
                            470 ;	genMove_o size 2 result type 2 source type 7 a_dead 1 hl_dead 1 de_dead 1 iy_dead 1 f_dead 1
   01A1 11r53s05      [10]  471 	ld	de, #___str_6
                            472 ;	genSend
                            473 ;	genMove_o size 2 result type 2 source type 7 a_dead 1 hl_dead 1 de_dead 0 iy_dead 1 f_dead 1
   01A4 21r94s04      [10]  474 	ld	hl, #___str_0
                            475 ;	genCall
   01A7 CDr00s00      [17]  476 	call	___fail
                            477 ;	genLabel
   01AA                     478 00112$:
                            479 ;cases/bitfirst/bitfirst_type_unsigned_int.c:31: ASSERT (stdc_first_trailing_zero(i) == 1);
                            480 ;	genPlus
                            481 ;	genMove_o size 2 result type 2 source type 10 a_dead 1 hl_dead 1 de_dead 1 iy_dead 1 f_dead 1
   01AA 2Ar00s00      [16]  482 	ld	hl, (___numTests)
   01AD 23            [ 6]  483 	inc	hl
                            484 ;	genMove_o size 2 result type 10 source type 2 a_dead 1 hl_dead 1 de_dead 1 iy_dead 1 f_dead 1
   01AE 22r00s00      [16]  485 	ld	(___numTests), hl
                            486 ;	genXor
   01B1 3Ar00s00      [13]  487 	ld	a, (_i+0)
   01B4 2F            [ 4]  488 	cpl
                            489 ;	genMove_o size 1 result type 2 source type 2 a_dead 1 hl_dead 1 de_dead 1 iy_dead 1 f_dead 1
   01B5 4F            [ 4]  490 	ld	c, a
                            491 ;	genMove_o size 0 result type 2 source type 1 a_dead 0 hl_dead 1 de_dead 1 iy_dead 1 f_dead 1
   01B6 3Ar01s00      [13]  492 	ld	a, (_i+1)
   01B9 2F            [ 4]  493 	cpl
                            494 ;	genMove_o size 1 result type 2 source type 2 a_dead 1 hl_dead 1 de_dead 1 iy_dead 1 f_dead 1
                            495 ;	genCast
                            496 ;	genMove_o size 2 result type 6 source type 2 a_dead 1 hl_dead 1 de_dead 1 iy_dead 1 f_dead 1
   01BA DD 71 F8      [19]  497 	ld	-8 (ix), c
   01BD DD 77 F9      [19]  498 	ld	-7 (ix), a
                            499 ;	genMove_o size 0 result type 6 source type 1 a_dead 1 hl_dead 1 de_dead 1 iy_dead 1 f_dead 1
                            500 ;	genMove_o size 6 result type 6 source type 1 a_dead 1 hl_dead 1 de_dead 1 iy_dead 1 f_dead 1
   01C0 AF            [ 4]  501 	xor	a, a
   01C1 DD 77 FA      [19]  502 	ld	-6 (ix), a
   01C4 DD 77 FB      [19]  503 	ld	-5 (ix), a
   01C7 DD 77 FC      [19]  504 	ld	-4 (ix), a
   01CA DD 77 FD      [19]  505 	ld	-3 (ix), a
   01CD DD 77 FE      [19]  506 	ld	-2 (ix), a
   01D0 DD 77 FF      [19]  507 	ld	-1 (ix), a
                            508 ;	genIpush
                            509 ;	genMove_o size 2 result type 2 source type 6 a_dead 1 hl_dead 1 de_dead 1 iy_dead 1 f_dead 1
                            510 ; common peephole 92a combined constant loads into register pair.
                            511 ;	genMove_o size 0 result type 2 source type 1 a_dead 1 hl_dead 1 de_dead 1 iy_dead 1 f_dead 1
                            512 ;	genMove_o size 2 result type 2 source type 6 a_dead 1 hl_dead 1 de_dead 1 iy_dead 1 f_dead 1
                            513 ; common peephole 92a combined constant loads into register pair.
   01D3 21 00 00      [10]  514 	ld	hl, #0x0
   01D6 E5            [11]  515 	push	hl
                            516 ; common peephole 94d pushed register pair twice.
                            517 ;	genMove_o size 0 result type 2 source type 1 a_dead 1 hl_dead 1 de_dead 1 iy_dead 1 f_dead 1
   01D7 E5            [11]  518 	push	hl
                            519 ;	genMove_o size 2 result type 2 source type 6 a_dead 1 hl_dead 1 de_dead 1 iy_dead 1 f_dead 1
                            520 ; common peephole 92a combined constant loads into register pair.
   01D8 21 00 00      [10]  521 	ld	hl, #0x0
                            522 ;	genMove_o size 0 result type 2 source type 1 a_dead 1 hl_dead 1 de_dead 1 iy_dead 1 f_dead 1
   01DB E5            [11]  523 	push	hl
                            524 ;	genMove_o size 2 result type 2 source type 6 a_dead 1 hl_dead 1 de_dead 1 iy_dead 1 f_dead 1
   01DC DD 6E F8      [19]  525 	ld	l, -8 (ix)
   01DF DD 66 F9      [19]  526 	ld	h, -7 (ix)
                            527 ;	genMove_o size 0 result type 2 source type 1 a_dead 1 hl_dead 1 de_dead 1 iy_dead 1 f_dead 1
   01E2 E5            [11]  528 	push	hl
                            529 ;	genCall
   01E3 CDr00s00      [17]  530 	call	___stdc_first_trailing_one
                            531 ;	genMove_o size 1 result type 2 source type 2 a_dead 1 hl_dead 1 de_dead 1 iy_dead 1 f_dead 1
                            532 ;	genCmpEq
   01E6 FE 01         [ 7]  533 	cp	a, #0x01
                            534 ; common peephole 163 changed absolute to relative conditional jump.
   01E8 28 11         [12]  535 	jr	z, 00114$
                            536 ; common peephole 81 removed jp by using inverse jump logic
                            537 ; common peephole 159 removed unused label 00247$.
                            538 ;	skipping generated iCode
                            539 ;	skipping iCode since result will be rematerialized
                            540 ;	skipping iCode since result will be rematerialized
                            541 ;	skipping iCode since result will be rematerialized
                            542 ;	skipping iCode since result will be rematerialized
                            543 ;	skipping iCode since result will be rematerialized
                            544 ;	skipping iCode since result will be rematerialized
                            545 ;	genIpush
                            546 ;	genMove_o size 2 result type 2 source type 1 a_dead 1 hl_dead 1 de_dead 1 iy_dead 1 f_dead 1
   01EA 21 1F 00      [10]  547 	ld	hl, #0x001f
   01ED E5            [11]  548 	push	hl
                            549 ;	genIpush
                            550 ;	genMove_o size 2 result type 2 source type 7 a_dead 1 hl_dead 1 de_dead 1 iy_dead 1 f_dead 1
   01EE 21rC5s04      [10]  551 	ld	hl, #___str_2
   01F1 E5            [11]  552 	push	hl
                            553 ;	genSend
                            554 ;	genMove_o size 2 result type 2 source type 7 a_dead 1 hl_dead 1 de_dead 1 iy_dead 1 f_dead 1
   01F2 11rF1s04      [10]  555 	ld	de, #___str_3
                            556 ;	genSend
                            557 ;	genMove_o size 2 result type 2 source type 7 a_dead 1 hl_dead 1 de_dead 0 iy_dead 1 f_dead 1
   01F5 21r94s04      [10]  558 	ld	hl, #___str_0
                            559 ;	genCall
   01F8 CDr00s00      [17]  560 	call	___fail
                            561 ;	genLabel
   01FB                     562 00114$:
                            563 ;cases/bitfirst/bitfirst_type_unsigned_int.c:33: i = 0x3;
                            564 ;	genAssign
                            565 ;fetchPairLong
   01FB 21 03 00      [10]  566 	ld	hl, #0x0003
                            567 ;	genMove_o size 2 result type 10 source type 2 a_dead 1 hl_dead 1 de_dead 1 iy_dead 1 f_dead 1
   01FE 22r00s00      [16]  568 	ld	(_i), hl
                            569 ;cases/bitfirst/bitfirst_type_unsigned_int.c:34: ASSERT (stdc_first_trailing_one(i) == 1);
                            570 ;	genPlus
                            571 ;	genMove_o size 2 result type 2 source type 10 a_dead 1 hl_dead 1 de_dead 1 iy_dead 1 f_dead 1
   0201 2Ar00s00      [16]  572 	ld	hl, (___numTests)
   0204 23            [ 6]  573 	inc	hl
                            574 ;	genMove_o size 2 result type 10 source type 2 a_dead 1 hl_dead 1 de_dead 1 iy_dead 1 f_dead 1
   0205 22r00s00      [16]  575 	ld	(___numTests), hl
                            576 ;	genCast
                            577 ;	genMove_o size 2 result type 6 source type 10 a_dead 1 hl_dead 1 de_dead 1 iy_dead 1 f_dead 1
   0208 3Ar00s00      [13]  578 	ld	a, (_i+0)
   020B DD 77 F8      [19]  579 	ld	-8 (ix), a
   020E 3Ar01s00      [13]  580 	ld	a, (_i+1)
   0211 DD 77 F9      [19]  581 	ld	-7 (ix), a
                            582 ;	genMove_o size 6 result type 6 source type 1 a_dead 1 hl_dead 1 de_dead 1 iy_dead 1 f_dead 1
   0214 AF            [ 4]  583 	xor	a, a
   0215 DD 77 FA      [19]  584 	ld	-6 (ix), a
   0218 DD 77 FB      [19]  585 	ld	-5 (ix), a
   021B DD 77 FC      [19]  586 	ld	-4 (ix), a
   021E DD 77 FD      [19]  587 	ld	-3 (ix), a
   0221 DD 77 FE      [19]  588 	ld	-2 (ix), a
   0224 DD 77 FF      [19]  589 	ld	-1 (ix), a
                            590 ;	genIpush
                            591 ;	genMove_o size 2 result type 2 source type 6 a_dead 1 hl_dead 1 de_dead 1 iy_dead 1 f_dead 1
                            592 ; common peephole 92a combined constant loads into register pair.
                            593 ;	genMove_o size 0 result type 2 source type 1 a_dead 1 hl_dead 1 de_dead 1 iy_dead 1 f_dead 1
                            594 ;	genMove_o size 2 result type 2 source type 6 a_dead 1 hl_dead 1 de_dead 1 iy_dead 1 f_dead 1
                            595 ; common peephole 92a combined constant loads into register pair.
   0227 21 00 00      [10]  596 	ld	hl, #0x0
   022A E5            [11]  597 	push	hl
                            598 ; common peephole 94d pushed register pair twice.
                            599 ;	genMove_o size 0 result type 2 source type 1 a_dead 1 hl_dead 1 de_dead 1 iy_dead 1 f_dead 1
   022B E5            [11]  600 	push	hl
                            601 ;	genMove_o size 2 result type 2 source type 6 a_dead 1 hl_dead 1 de_dead 1 iy_dead 1 f_dead 1
                            602 ; common peephole 92a combined constant loads into register pair.
   022C 21 00 00      [10]  603 	ld	hl, #0x0
                            604 ;	genMove_o size 0 result type 2 source type 1 a_dead 1 hl_dead 1 de_dead 1 iy_dead 1 f_dead 1
   022F E5            [11]  605 	push	hl
                            606 ;	genMove_o size 2 result type 2 source type 6 a_dead 1 hl_dead 1 de_dead 1 iy_dead 1 f_dead 1
   0230 DD 6E F8      [19]  607 	ld	l, -8 (ix)
   0233 DD 66 F9      [19]  608 	ld	h, -7 (ix)
                            609 ;	genMove_o size 0 result type 2 source type 1 a_dead 1 hl_dead 1 de_dead 1 iy_dead 1 f_dead 1
   0236 E5            [11]  610 	push	hl
                            611 ;	genCall
   0237 CDr00s00      [17]  612 	call	___stdc_first_trailing_one
                            613 ;	genMove_o size 1 result type 2 source type 2 a_dead 1 hl_dead 1 de_dead 1 iy_dead 1 f_dead 1
                            614 ;	genCmpEq
   023A FE 01         [ 7]  615 	cp	a, #0x01
                            616 ; common peephole 163 changed absolute to relative conditional jump.
   023C 28 11         [12]  617 	jr	z, 00116$
                            618 ; common peephole 81 removed jp by using inverse jump logic
                            619 ; common peephole 159 removed unused label 00248$.
                            620 ;	skipping generated iCode
                            621 ;	skipping iCode since result will be rematerialized
                            622 ;	skipping iCode since result will be rematerialized
                            623 ;	skipping iCode since result will be rematerialized
                            624 ;	skipping iCode since result will be rematerialized
                            625 ;	skipping iCode since result will be rematerialized
                            626 ;	skipping iCode since result will be rematerialized
                            627 ;	genIpush
                            628 ;	genMove_o size 2 result type 2 source type 1 a_dead 1 hl_dead 1 de_dead 1 iy_dead 1 f_dead 1
   023E 21 22 00      [10]  629 	ld	hl, #0x0022
   0241 E5            [11]  630 	push	hl
                            631 ;	genIpush
                            632 ;	genMove_o size 2 result type 2 source type 7 a_dead 1 hl_dead 1 de_dead 1 iy_dead 1 f_dead 1
   0242 21rC5s04      [10]  633 	ld	hl, #___str_2
   0245 E5            [11]  634 	push	hl
                            635 ;	genSend
                            636 ;	genMove_o size 2 result type 2 source type 7 a_dead 1 hl_dead 1 de_dead 1 iy_dead 1 f_dead 1
   0246 11r12s05      [10]  637 	ld	de, #___str_4
                            638 ;	genSend
                            639 ;	genMove_o size 2 result type 2 source type 7 a_dead 1 hl_dead 1 de_dead 0 iy_dead 1 f_dead 1
   0249 21r94s04      [10]  640 	ld	hl, #___str_0
                            641 ;	genCall
   024C CDr00s00      [17]  642 	call	___fail
                            643 ;	genLabel
   024F                     644 00116$:
                            645 ;cases/bitfirst/bitfirst_type_unsigned_int.c:35: ASSERT (stdc_first_trailing_zero(i) == 3);
                            646 ;	genPlus
                            647 ;	genMove_o size 2 result type 2 source type 10 a_dead 1 hl_dead 1 de_dead 1 iy_dead 1 f_dead 1
   024F 2Ar00s00      [16]  648 	ld	hl, (___numTests)
   0252 23            [ 6]  649 	inc	hl
                            650 ;	genMove_o size 2 result type 10 source type 2 a_dead 1 hl_dead 1 de_dead 1 iy_dead 1 f_dead 1
   0253 22r00s00      [16]  651 	ld	(___numTests), hl
                            652 ;	genXor
   0256 3Ar00s00      [13]  653 	ld	a, (_i+0)
   0259 2F            [ 4]  654 	cpl
                            655 ;	genMove_o size 1 result type 2 source type 2 a_dead 1 hl_dead 1 de_dead 1 iy_dead 1 f_dead 1
   025A 4F            [ 4]  656 	ld	c, a
                            657 ;	genMove_o size 0 result type 2 source type 1 a_dead 0 hl_dead 1 de_dead 1 iy_dead 1 f_dead 1
   025B 3Ar01s00      [13]  658 	ld	a, (_i+1)
   025E 2F            [ 4]  659 	cpl
                            660 ;	genMove_o size 1 result type 2 source type 2 a_dead 1 hl_dead 1 de_dead 1 iy_dead 1 f_dead 1
                            661 ;	genCast
                            662 ;	genMove_o size 2 result type 6 source type 2 a_dead 1 hl_dead 1 de_dead 1 iy_dead 1 f_dead 1
   025F DD 71 F8      [19]  663 	ld	-8 (ix), c
   0262 DD 77 F9      [19]  664 	ld	-7 (ix), a
                            665 ;	genMove_o size 0 result type 6 source type 1 a_dead 1 hl_dead 1 de_dead 1 iy_dead 1 f_dead 1
                            666 ;	genMove_o size 6 result type 6 source type 1 a_dead 1 hl_dead 1 de_dead 1 iy_dead 1 f_dead 1
   0265 AF            [ 4]  667 	xor	a, a
   0266 DD 77 FA      [19]  668 	ld	-6 (ix), a
   0269 DD 77 FB      [19]  669 	ld	-5 (ix), a
   026C DD 77 FC      [19]  670 	ld	-4 (ix), a
   026F DD 77 FD      [19]  671 	ld	-3 (ix), a
   0272 DD 77 FE      [19]  672 	ld	-2 (ix), a
   0275 DD 77 FF      [19]  673 	ld	-1 (ix), a
                            674 ;	genIpush
                            675 ;	genMove_o size 2 result type 2 source type 6 a_dead 1 hl_dead 1 de_dead 1 iy_dead 1 f_dead 1
                            676 ; common peephole 92a combined constant loads into register pair.
                            677 ;	genMove_o size 0 result type 2 source type 1 a_dead 1 hl_dead 1 de_dead 1 iy_dead 1 f_dead 1
                            678 ;	genMove_o size 2 result type 2 source type 6 a_dead 1 hl_dead 1 de_dead 1 iy_dead 1 f_dead 1
                            679 ; common peephole 92a combined constant loads into register pair.
   0278 21 00 00      [10]  680 	ld	hl, #0x0
   027B E5            [11]  681 	push	hl
                            682 ; common peephole 94d pushed register pair twice.
                            683 ;	genMove_o size 0 result type 2 source type 1 a_dead 1 hl_dead 1 de_dead 1 iy_dead 1 f_dead 1
   027C E5            [11]  684 	push	hl
                            685 ;	genMove_o size 2 result type 2 source type 6 a_dead 1 hl_dead 1 de_dead 1 iy_dead 1 f_dead 1
                            686 ; common peephole 92a combined constant loads into register pair.
   027D 21 00 00      [10]  687 	ld	hl, #0x0
                            688 ;	genMove_o size 0 result type 2 source type 1 a_dead 1 hl_dead 1 de_dead 1 iy_dead 1 f_dead 1
   0280 E5            [11]  689 	push	hl
                            690 ;	genMove_o size 2 result type 2 source type 6 a_dead 1 hl_dead 1 de_dead 1 iy_dead 1 f_dead 1
   0281 DD 6E F8      [19]  691 	ld	l, -8 (ix)
   0284 DD 66 F9      [19]  692 	ld	h, -7 (ix)
                            693 ;	genMove_o size 0 result type 2 source type 1 a_dead 1 hl_dead 1 de_dead 1 iy_dead 1 f_dead 1
   0287 E5            [11]  694 	push	hl
                            695 ;	genCall
   0288 CDr00s00      [17]  696 	call	___stdc_first_trailing_one
                            697 ;	genMove_o size 1 result type 2 source type 2 a_dead 1 hl_dead 1 de_dead 1 iy_dead 1 f_dead 1
                            698 ;	genCmpEq
   028B FE 03         [ 7]  699 	cp	a, #0x03
                            700 ; common peephole 163 changed absolute to relative conditional jump.
   028D 28 11         [12]  701 	jr	z, 00118$
                            702 ; common peephole 81 removed jp by using inverse jump logic
                            703 ; common peephole 159 removed unused label 00249$.
                            704 ;	skipping generated iCode
                            705 ;	skipping iCode since result will be rematerialized
                            706 ;	skipping iCode since result will be rematerialized
                            707 ;	skipping iCode since result will be rematerialized
                            708 ;	skipping iCode since result will be rematerialized
                            709 ;	skipping iCode since result will be rematerialized
                            710 ;	skipping iCode since result will be rematerialized
                            711 ;	genIpush
                            712 ;	genMove_o size 2 result type 2 source type 1 a_dead 1 hl_dead 1 de_dead 1 iy_dead 1 f_dead 1
   028F 21 23 00      [10]  713 	ld	hl, #0x0023
   0292 E5            [11]  714 	push	hl
                            715 ;	genIpush
                            716 ;	genMove_o size 2 result type 2 source type 7 a_dead 1 hl_dead 1 de_dead 1 iy_dead 1 f_dead 1
   0293 21rC5s04      [10]  717 	ld	hl, #___str_2
   0296 E5            [11]  718 	push	hl
                            719 ;	genSend
                            720 ;	genMove_o size 2 result type 2 source type 7 a_dead 1 hl_dead 1 de_dead 1 iy_dead 1 f_dead 1
   0297 11r73s05      [10]  721 	ld	de, #___str_7
                            722 ;	genSend
                            723 ;	genMove_o size 2 result type 2 source type 7 a_dead 1 hl_dead 1 de_dead 0 iy_dead 1 f_dead 1
   029A 21r94s04      [10]  724 	ld	hl, #___str_0
                            725 ;	genCall
   029D CDr00s00      [17]  726 	call	___fail
                            727 ;	genLabel
   02A0                     728 00118$:
                            729 ;cases/bitfirst/bitfirst_type_unsigned_int.c:37: i = 0x7;
                            730 ;	genAssign
                            731 ;fetchPairLong
   02A0 21 07 00      [10]  732 	ld	hl, #0x0007
                            733 ;	genMove_o size 2 result type 10 source type 2 a_dead 1 hl_dead 1 de_dead 1 iy_dead 1 f_dead 1
   02A3 22r00s00      [16]  734 	ld	(_i), hl
                            735 ;cases/bitfirst/bitfirst_type_unsigned_int.c:38: ASSERT (stdc_first_trailing_one(i) == 1);
                            736 ;	genPlus
                            737 ;	genMove_o size 2 result type 2 source type 10 a_dead 1 hl_dead 1 de_dead 1 iy_dead 1 f_dead 1
   02A6 2Ar00s00      [16]  738 	ld	hl, (___numTests)
   02A9 23            [ 6]  739 	inc	hl
                            740 ;	genMove_o size 2 result type 10 source type 2 a_dead 1 hl_dead 1 de_dead 1 iy_dead 1 f_dead 1
   02AA 22r00s00      [16]  741 	ld	(___numTests), hl
                            742 ;	genCast
                            743 ;	genMove_o size 2 result type 6 source type 10 a_dead 1 hl_dead 1 de_dead 1 iy_dead 1 f_dead 1
   02AD 3Ar00s00      [13]  744 	ld	a, (_i+0)
   02B0 DD 77 F8      [19]  745 	ld	-8 (ix), a
   02B3 3Ar01s00      [13]  746 	ld	a, (_i+1)
   02B6 DD 77 F9      [19]  747 	ld	-7 (ix), a
                            748 ;	genMove_o size 6 result type 6 source type 1 a_dead 1 hl_dead 1 de_dead 1 iy_dead 1 f_dead 1
   02B9 AF            [ 4]  749 	xor	a, a
   02BA DD 77 FA      [19]  750 	ld	-6 (ix), a
   02BD DD 77 FB      [19]  751 	ld	-5 (ix), a
   02C0 DD 77 FC      [19]  752 	ld	-4 (ix), a
   02C3 DD 77 FD      [19]  753 	ld	-3 (ix), a
   02C6 DD 77 FE      [19]  754 	ld	-2 (ix), a
   02C9 DD 77 FF      [19]  755 	ld	-1 (ix), a
                            756 ;	genIpush
                            757 ;	genMove_o size 2 result type 2 source type 6 a_dead 1 hl_dead 1 de_dead 1 iy_dead 1 f_dead 1
                            758 ; common peephole 92a combined constant loads into register pair.
                            759 ;	genMove_o size 0 result type 2 source type 1 a_dead 1 hl_dead 1 de_dead 1 iy_dead 1 f_dead 1
                            760 ;	genMove_o size 2 result type 2 source type 6 a_dead 1 hl_dead 1 de_dead 1 iy_dead 1 f_dead 1
                            761 ; common peephole 92a combined constant loads into register pair.
   02CC 21 00 00      [10]  762 	ld	hl, #0x0
   02CF E5            [11]  763 	push	hl
                            764 ; common peephole 94d pushed register pair twice.
                            765 ;	genMove_o size 0 result type 2 source type 1 a_dead 1 hl_dead 1 de_dead 1 iy_dead 1 f_dead 1
   02D0 E5            [11]  766 	push	hl
                            767 ;	genMove_o size 2 result type 2 source type 6 a_dead 1 hl_dead 1 de_dead 1 iy_dead 1 f_dead 1
                            768 ; common peephole 92a combined constant loads into register pair.
   02D1 21 00 00      [10]  769 	ld	hl, #0x0
                            770 ;	genMove_o size 0 result type 2 source type 1 a_dead 1 hl_dead 1 de_dead 1 iy_dead 1 f_dead 1
   02D4 E5            [11]  771 	push	hl
                            772 ;	genMove_o size 2 result type 2 source type 6 a_dead 1 hl_dead 1 de_dead 1 iy_dead 1 f_dead 1
   02D5 DD 6E F8      [19]  773 	ld	l, -8 (ix)
   02D8 DD 66 F9      [19]  774 	ld	h, -7 (ix)
                            775 ;	genMove_o size 0 result type 2 source type 1 a_dead 1 hl_dead 1 de_dead 1 iy_dead 1 f_dead 1
   02DB E5            [11]  776 	push	hl
                            777 ;	genCall
   02DC CDr00s00      [17]  778 	call	___stdc_first_trailing_one
                            779 ;	genMove_o size 1 result type 2 source type 2 a_dead 1 hl_dead 1 de_dead 1 iy_dead 1 f_dead 1
                            780 ;	genCmpEq
   02DF FE 01         [ 7]  781 	cp	a, #0x01
                            782 ; common peephole 163 changed absolute to relative conditional jump.
   02E1 28 11         [12]  783 	jr	z, 00120$
                            784 ; common peephole 81 removed jp by using inverse jump logic
                            785 ; common peephole 159 removed unused label 00250$.
                            786 ;	skipping generated iCode
                            787 ;	skipping iCode since result will be rematerialized
                            788 ;	skipping iCode since result will be rematerialized
                            789 ;	skipping iCode since result will be rematerialized
                            790 ;	skipping iCode since result will be rematerialized
                            791 ;	skipping iCode since result will be rematerialized
                            792 ;	skipping iCode since result will be rematerialized
                            793 ;	genIpush
                            794 ;	genMove_o size 2 result type 2 source type 1 a_dead 1 hl_dead 1 de_dead 1 iy_dead 1 f_dead 1
   02E3 21 26 00      [10]  795 	ld	hl, #0x0026
   02E6 E5            [11]  796 	push	hl
                            797 ;	genIpush
                            798 ;	genMove_o size 2 result type 2 source type 7 a_dead 1 hl_dead 1 de_dead 1 iy_dead 1 f_dead 1
   02E7 21rC5s04      [10]  799 	ld	hl, #___str_2
   02EA E5            [11]  800 	push	hl
                            801 ;	genSend
                            802 ;	genMove_o size 2 result type 2 source type 7 a_dead 1 hl_dead 1 de_dead 1 iy_dead 1 f_dead 1
   02EB 11r12s05      [10]  803 	ld	de, #___str_4
                            804 ;	genSend
                            805 ;	genMove_o size 2 result type 2 source type 7 a_dead 1 hl_dead 1 de_dead 0 iy_dead 1 f_dead 1
   02EE 21r94s04      [10]  806 	ld	hl, #___str_0
                            807 ;	genCall
   02F1 CDr00s00      [17]  808 	call	___fail
                            809 ;	genLabel
   02F4                     810 00120$:
                            811 ;cases/bitfirst/bitfirst_type_unsigned_int.c:39: ASSERT (stdc_first_trailing_zero(i) == 4);
                            812 ;	genPlus
                            813 ;	genMove_o size 2 result type 2 source type 10 a_dead 1 hl_dead 1 de_dead 1 iy_dead 1 f_dead 1
   02F4 2Ar00s00      [16]  814 	ld	hl, (___numTests)
   02F7 23            [ 6]  815 	inc	hl
                            816 ;	genMove_o size 2 result type 10 source type 2 a_dead 1 hl_dead 1 de_dead 1 iy_dead 1 f_dead 1
   02F8 22r00s00      [16]  817 	ld	(___numTests), hl
                            818 ;	genXor
   02FB 3Ar00s00      [13]  819 	ld	a, (_i+0)
   02FE 2F            [ 4]  820 	cpl
                            821 ;	genMove_o size 1 result type 2 source type 2 a_dead 1 hl_dead 1 de_dead 1 iy_dead 1 f_dead 1
   02FF 4F            [ 4]  822 	ld	c, a
                            823 ;	genMove_o size 0 result type 2 source type 1 a_dead 0 hl_dead 1 de_dead 1 iy_dead 1 f_dead 1
   0300 3Ar01s00      [13]  824 	ld	a, (_i+1)
   0303 2F            [ 4]  825 	cpl
                            826 ;	genMove_o size 1 result type 2 source type 2 a_dead 1 hl_dead 1 de_dead 1 iy_dead 1 f_dead 1
                            827 ;	genCast
                            828 ;	genMove_o size 2 result type 6 source type 2 a_dead 1 hl_dead 1 de_dead 1 iy_dead 1 f_dead 1
   0304 DD 71 F8      [19]  829 	ld	-8 (ix), c
   0307 DD 77 F9      [19]  830 	ld	-7 (ix), a
                            831 ;	genMove_o size 0 result type 6 source type 1 a_dead 1 hl_dead 1 de_dead 1 iy_dead 1 f_dead 1
                            832 ;	genMove_o size 6 result type 6 source type 1 a_dead 1 hl_dead 1 de_dead 1 iy_dead 1 f_dead 1
   030A AF            [ 4]  833 	xor	a, a
   030B DD 77 FA      [19]  834 	ld	-6 (ix), a
   030E DD 77 FB      [19]  835 	ld	-5 (ix), a
   0311 DD 77 FC      [19]  836 	ld	-4 (ix), a
   0314 DD 77 FD      [19]  837 	ld	-3 (ix), a
   0317 DD 77 FE      [19]  838 	ld	-2 (ix), a
   031A DD 77 FF      [19]  839 	ld	-1 (ix), a
                            840 ;	genIpush
                            841 ;	genMove_o size 2 result type 2 source type 6 a_dead 1 hl_dead 1 de_dead 1 iy_dead 1 f_dead 1
                            842 ; common peephole 92a combined constant loads into register pair.
                            843 ;	genMove_o size 0 result type 2 source type 1 a_dead 1 hl_dead 1 de_dead 1 iy_dead 1 f_dead 1
                            844 ;	genMove_o size 2 result type 2 source type 6 a_dead 1 hl_dead 1 de_dead 1 iy_dead 1 f_dead 1
                            845 ; common peephole 92a combined constant loads into register pair.
   031D 21 00 00      [10]  846 	ld	hl, #0x0
   0320 E5            [11]  847 	push	hl
                            848 ; common peephole 94d pushed register pair twice.
                            849 ;	genMove_o size 0 result type 2 source type 1 a_dead 1 hl_dead 1 de_dead 1 iy_dead 1 f_dead 1
   0321 E5            [11]  850 	push	hl
                            851 ;	genMove_o size 2 result type 2 source type 6 a_dead 1 hl_dead 1 de_dead 1 iy_dead 1 f_dead 1
                            852 ; common peephole 92a combined constant loads into register pair.
   0322 21 00 00      [10]  853 	ld	hl, #0x0
                            854 ;	genMove_o size 0 result type 2 source type 1 a_dead 1 hl_dead 1 de_dead 1 iy_dead 1 f_dead 1
   0325 E5            [11]  855 	push	hl
                            856 ;	genMove_o size 2 result type 2 source type 6 a_dead 1 hl_dead 1 de_dead 1 iy_dead 1 f_dead 1
   0326 DD 6E F8      [19]  857 	ld	l, -8 (ix)
   0329 DD 66 F9      [19]  858 	ld	h, -7 (ix)
                            859 ;	genMove_o size 0 result type 2 source type 1 a_dead 1 hl_dead 1 de_dead 1 iy_dead 1 f_dead 1
   032C E5            [11]  860 	push	hl
                            861 ;	genCall
   032D CDr00s00      [17]  862 	call	___stdc_first_trailing_one
                            863 ;	genMove_o size 1 result type 2 source type 2 a_dead 1 hl_dead 1 de_dead 1 iy_dead 1 f_dead 1
                            864 ;	genCmpEq
   0330 FE 04         [ 7]  865 	cp	a, #0x04
                            866 ; common peephole 163 changed absolute to relative conditional jump.
   0332 28 11         [12]  867 	jr	z, 00122$
                            868 ; common peephole 81 removed jp by using inverse jump logic
                            869 ; common peephole 159 removed unused label 00251$.
                            870 ;	skipping generated iCode
                            871 ;	skipping iCode since result will be rematerialized
                            872 ;	skipping iCode since result will be rematerialized
                            873 ;	skipping iCode since result will be rematerialized
                            874 ;	skipping iCode since result will be rematerialized
                            875 ;	skipping iCode since result will be rematerialized
                            876 ;	skipping iCode since result will be rematerialized
                            877 ;	genIpush
                            878 ;	genMove_o size 2 result type 2 source type 1 a_dead 1 hl_dead 1 de_dead 1 iy_dead 1 f_dead 1
   0334 21 27 00      [10]  879 	ld	hl, #0x0027
   0337 E5            [11]  880 	push	hl
                            881 ;	genIpush
                            882 ;	genMove_o size 2 result type 2 source type 7 a_dead 1 hl_dead 1 de_dead 1 iy_dead 1 f_dead 1
   0338 21rC5s04      [10]  883 	ld	hl, #___str_2
   033B E5            [11]  884 	push	hl
                            885 ;	genSend
                            886 ;	genMove_o size 2 result type 2 source type 7 a_dead 1 hl_dead 1 de_dead 1 iy_dead 1 f_dead 1
   033C 11r94s05      [10]  887 	ld	de, #___str_8
                            888 ;	genSend
                            889 ;	genMove_o size 2 result type 2 source type 7 a_dead 1 hl_dead 1 de_dead 0 iy_dead 1 f_dead 1
   033F 21r94s04      [10]  890 	ld	hl, #___str_0
                            891 ;	genCall
   0342 CDr00s00      [17]  892 	call	___fail
                            893 ;	genLabel
   0345                     894 00122$:
                            895 ;cases/bitfirst/bitfirst_type_unsigned_int.c:41: i = 0x8;
                            896 ;	genAssign
                            897 ;fetchPairLong
   0345 21 08 00      [10]  898 	ld	hl, #0x0008
                            899 ;	genMove_o size 2 result type 10 source type 2 a_dead 1 hl_dead 1 de_dead 1 iy_dead 1 f_dead 1
   0348 22r00s00      [16]  900 	ld	(_i), hl
                            901 ;cases/bitfirst/bitfirst_type_unsigned_int.c:42: ASSERT (stdc_first_trailing_one(i) == 4);
                            902 ;	genPlus
                            903 ;	genMove_o size 2 result type 2 source type 10 a_dead 1 hl_dead 1 de_dead 1 iy_dead 1 f_dead 1
   034B 2Ar00s00      [16]  904 	ld	hl, (___numTests)
   034E 23            [ 6]  905 	inc	hl
                            906 ;	genMove_o size 2 result type 10 source type 2 a_dead 1 hl_dead 1 de_dead 1 iy_dead 1 f_dead 1
   034F 22r00s00      [16]  907 	ld	(___numTests), hl
                            908 ;	genCast
                            909 ;	genMove_o size 2 result type 6 source type 10 a_dead 1 hl_dead 1 de_dead 1 iy_dead 1 f_dead 1
   0352 3Ar00s00      [13]  910 	ld	a, (_i+0)
   0355 DD 77 F8      [19]  911 	ld	-8 (ix), a
   0358 3Ar01s00      [13]  912 	ld	a, (_i+1)
   035B DD 77 F9      [19]  913 	ld	-7 (ix), a
                            914 ;	genMove_o size 6 result type 6 source type 1 a_dead 1 hl_dead 1 de_dead 1 iy_dead 1 f_dead 1
   035E AF            [ 4]  915 	xor	a, a
   035F DD 77 FA      [19]  916 	ld	-6 (ix), a
   0362 DD 77 FB      [19]  917 	ld	-5 (ix), a
   0365 DD 77 FC      [19]  918 	ld	-4 (ix), a
   0368 DD 77 FD      [19]  919 	ld	-3 (ix), a
   036B DD 77 FE      [19]  920 	ld	-2 (ix), a
   036E DD 77 FF      [19]  921 	ld	-1 (ix), a
                            922 ;	genIpush
                            923 ;	genMove_o size 2 result type 2 source type 6 a_dead 1 hl_dead 1 de_dead 1 iy_dead 1 f_dead 1
                            924 ; common peephole 92a combined constant loads into register pair.
                            925 ;	genMove_o size 0 result type 2 source type 1 a_dead 1 hl_dead 1 de_dead 1 iy_dead 1 f_dead 1
                            926 ;	genMove_o size 2 result type 2 source type 6 a_dead 1 hl_dead 1 de_dead 1 iy_dead 1 f_dead 1
                            927 ; common peephole 92a combined constant loads into register pair.
   0371 21 00 00      [10]  928 	ld	hl, #0x0
   0374 E5            [11]  929 	push	hl
                            930 ; common peephole 94d pushed register pair twice.
                            931 ;	genMove_o size 0 result type 2 source type 1 a_dead 1 hl_dead 1 de_dead 1 iy_dead 1 f_dead 1
   0375 E5            [11]  932 	push	hl
                            933 ;	genMove_o size 2 result type 2 source type 6 a_dead 1 hl_dead 1 de_dead 1 iy_dead 1 f_dead 1
                            934 ; common peephole 92a combined constant loads into register pair.
   0376 21 00 00      [10]  935 	ld	hl, #0x0
                            936 ;	genMove_o size 0 result type 2 source type 1 a_dead 1 hl_dead 1 de_dead 1 iy_dead 1 f_dead 1
   0379 E5            [11]  937 	push	hl
                            938 ;	genMove_o size 2 result type 2 source type 6 a_dead 1 hl_dead 1 de_dead 1 iy_dead 1 f_dead 1
   037A DD 6E F8      [19]  939 	ld	l, -8 (ix)
   037D DD 66 F9      [19]  940 	ld	h, -7 (ix)
                            941 ;	genMove_o size 0 result type 2 source type 1 a_dead 1 hl_dead 1 de_dead 1 iy_dead 1 f_dead 1
   0380 E5            [11]  942 	push	hl
                            943 ;	genCall
   0381 CDr00s00      [17]  944 	call	___stdc_first_trailing_one
                            945 ;	genMove_o size 1 result type 2 source type 2 a_dead 1 hl_dead 1 de_dead 1 iy_dead 1 f_dead 1
                            946 ;	genCmpEq
   0384 FE 04         [ 7]  947 	cp	a, #0x04
                            948 ; common peephole 163 changed absolute to relative conditional jump.
   0386 28 11         [12]  949 	jr	z, 00124$
                            950 ; common peephole 81 removed jp by using inverse jump logic
                            951 ; common peephole 159 removed unused label 00252$.
                            952 ;	skipping generated iCode
                            953 ;	skipping iCode since result will be rematerialized
                            954 ;	skipping iCode since result will be rematerialized
                            955 ;	skipping iCode since result will be rematerialized
                            956 ;	skipping iCode since result will be rematerialized
                            957 ;	skipping iCode since result will be rematerialized
                            958 ;	skipping iCode since result will be rematerialized
                            959 ;	genIpush
                            960 ;	genMove_o size 2 result type 2 source type 1 a_dead 1 hl_dead 1 de_dead 1 iy_dead 1 f_dead 1
   0388 21 2A 00      [10]  961 	ld	hl, #0x002a
   038B E5            [11]  962 	push	hl
                            963 ;	genIpush
                            964 ;	genMove_o size 2 result type 2 source type 7 a_dead 1 hl_dead 1 de_dead 1 iy_dead 1 f_dead 1
   038C 21rC5s04      [10]  965 	ld	hl, #___str_2
   038F E5            [11]  966 	push	hl
                            967 ;	genSend
                            968 ;	genMove_o size 2 result type 2 source type 7 a_dead 1 hl_dead 1 de_dead 1 iy_dead 1 f_dead 1
   0390 11rB5s05      [10]  969 	ld	de, #___str_9
                            970 ;	genSend
                            971 ;	genMove_o size 2 result type 2 source type 7 a_dead 1 hl_dead 1 de_dead 0 iy_dead 1 f_dead 1
   0393 21r94s04      [10]  972 	ld	hl, #___str_0
                            973 ;	genCall
   0396 CDr00s00      [17]  974 	call	___fail
                            975 ;	genLabel
   0399                     976 00124$:
                            977 ;cases/bitfirst/bitfirst_type_unsigned_int.c:43: ASSERT (stdc_first_trailing_zero(i) == 1);
                            978 ;	genPlus
                            979 ;	genMove_o size 2 result type 2 source type 10 a_dead 1 hl_dead 1 de_dead 1 iy_dead 1 f_dead 1
   0399 2Ar00s00      [16]  980 	ld	hl, (___numTests)
   039C 23            [ 6]  981 	inc	hl
                            982 ;	genMove_o size 2 result type 10 source type 2 a_dead 1 hl_dead 1 de_dead 1 iy_dead 1 f_dead 1
   039D 22r00s00      [16]  983 	ld	(___numTests), hl
                            984 ;	genXor
   03A0 3Ar00s00      [13]  985 	ld	a, (_i+0)
   03A3 2F            [ 4]  986 	cpl
                            987 ;	genMove_o size 1 result type 2 source type 2 a_dead 1 hl_dead 1 de_dead 1 iy_dead 1 f_dead 1
   03A4 4F            [ 4]  988 	ld	c, a
                            989 ;	genMove_o size 0 result type 2 source type 1 a_dead 0 hl_dead 1 de_dead 1 iy_dead 1 f_dead 1
   03A5 3Ar01s00      [13]  990 	ld	a, (_i+1)
   03A8 2F            [ 4]  991 	cpl
                            992 ;	genMove_o size 1 result type 2 source type 2 a_dead 1 hl_dead 1 de_dead 1 iy_dead 1 f_dead 1
                            993 ;	genCast
                            994 ;	genMove_o size 2 result type 6 source type 2 a_dead 1 hl_dead 1 de_dead 1 iy_dead 1 f_dead 1
   03A9 DD 71 F8      [19]  995 	ld	-8 (ix), c
   03AC DD 77 F9      [19]  996 	ld	-7 (ix), a
                            997 ;	genMove_o size 0 result type 6 source type 1 a_dead 1 hl_dead 1 de_dead 1 iy_dead 1 f_dead 1
                            998 ;	genMove_o size 6 result type 6 source type 1 a_dead 1 hl_dead 1 de_dead 1 iy_dead 1 f_dead 1
   03AF AF            [ 4]  999 	xor	a, a
   03B0 DD 77 FA      [19] 1000 	ld	-6 (ix), a
   03B3 DD 77 FB      [19] 1001 	ld	-5 (ix), a
   03B6 DD 77 FC      [19] 1002 	ld	-4 (ix), a
   03B9 DD 77 FD      [19] 1003 	ld	-3 (ix), a
   03BC DD 77 FE      [19] 1004 	ld	-2 (ix), a
   03BF DD 77 FF      [19] 1005 	ld	-1 (ix), a
                           1006 ;	genIpush
                           1007 ;	genMove_o size 2 result type 2 source type 6 a_dead 1 hl_dead 1 de_dead 1 iy_dead 1 f_dead 1
                           1008 ; common peephole 92a combined constant loads into register pair.
                           1009 ;	genMove_o size 0 result type 2 source type 1 a_dead 1 hl_dead 1 de_dead 1 iy_dead 1 f_dead 1
                           1010 ;	genMove_o size 2 result type 2 source type 6 a_dead 1 hl_dead 1 de_dead 1 iy_dead 1 f_dead 1
                           1011 ; common peephole 92a combined constant loads into register pair.
   03C2 21 00 00      [10] 1012 	ld	hl, #0x0
   03C5 E5            [11] 1013 	push	hl
                           1014 ; common peephole 94d pushed register pair twice.
                           1015 ;	genMove_o size 0 result type 2 source type 1 a_dead 1 hl_dead 1 de_dead 1 iy_dead 1 f_dead 1
   03C6 E5            [11] 1016 	push	hl
                           1017 ;	genMove_o size 2 result type 2 source type 6 a_dead 1 hl_dead 1 de_dead 1 iy_dead 1 f_dead 1
                           1018 ; common peephole 92a combined constant loads into register pair.
   03C7 21 00 00      [10] 1019 	ld	hl, #0x0
                           1020 ;	genMove_o size 0 result type 2 source type 1 a_dead 1 hl_dead 1 de_dead 1 iy_dead 1 f_dead 1
   03CA E5            [11] 1021 	push	hl
                           1022 ;	genMove_o size 2 result type 2 source type 6 a_dead 1 hl_dead 1 de_dead 1 iy_dead 1 f_dead 1
   03CB DD 6E F8      [19] 1023 	ld	l, -8 (ix)
   03CE DD 66 F9      [19] 1024 	ld	h, -7 (ix)
                           1025 ;	genMove_o size 0 result type 2 source type 1 a_dead 1 hl_dead 1 de_dead 1 iy_dead 1 f_dead 1
   03D1 E5            [11] 1026 	push	hl
                           1027 ;	genCall
   03D2 CDr00s00      [17] 1028 	call	___stdc_first_trailing_one
                           1029 ;	genMove_o size 1 result type 2 source type 2 a_dead 1 hl_dead 1 de_dead 1 iy_dead 1 f_dead 1
                           1030 ;	genCmpEq
   03D5 FE 01         [ 7] 1031 	cp	a, #0x01
                           1032 ; common peephole 163 changed absolute to relative conditional jump.
   03D7 28 11         [12] 1033 	jr	z, 00126$
                           1034 ; common peephole 81 removed jp by using inverse jump logic
                           1035 ; common peephole 159 removed unused label 00253$.
                           1036 ;	skipping generated iCode
                           1037 ;	skipping iCode since result will be rematerialized
                           1038 ;	skipping iCode since result will be rematerialized
                           1039 ;	skipping iCode since result will be rematerialized
                           1040 ;	skipping iCode since result will be rematerialized
                           1041 ;	skipping iCode since result will be rematerialized
                           1042 ;	skipping iCode since result will be rematerialized
                           1043 ;	genIpush
                           1044 ;	genMove_o size 2 result type 2 source type 1 a_dead 1 hl_dead 1 de_dead 1 iy_dead 1 f_dead 1
   03D9 21 2B 00      [10] 1045 	ld	hl, #0x002b
   03DC E5            [11] 1046 	push	hl
                           1047 ;	genIpush
                           1048 ;	genMove_o size 2 result type 2 source type 7 a_dead 1 hl_dead 1 de_dead 1 iy_dead 1 f_dead 1
   03DD 21rC5s04      [10] 1049 	ld	hl, #___str_2
   03E0 E5            [11] 1050 	push	hl
                           1051 ;	genSend
                           1052 ;	genMove_o size 2 result type 2 source type 7 a_dead 1 hl_dead 1 de_dead 1 iy_dead 1 f_dead 1
   03E1 11rF1s04      [10] 1053 	ld	de, #___str_3
                           1054 ;	genSend
                           1055 ;	genMove_o size 2 result type 2 source type 7 a_dead 1 hl_dead 1 de_dead 0 iy_dead 1 f_dead 1
   03E4 21r94s04      [10] 1056 	ld	hl, #___str_0
                           1057 ;	genCall
   03E7 CDr00s00      [17] 1058 	call	___fail
                           1059 ;	genLabel
   03EA                    1060 00126$:
                           1061 ;cases/bitfirst/bitfirst_type_unsigned_int.c:45: i = 0x9;
                           1062 ;	genAssign
                           1063 ;fetchPairLong
   03EA 21 09 00      [10] 1064 	ld	hl, #0x0009
                           1065 ;	genMove_o size 2 result type 10 source type 2 a_dead 1 hl_dead 1 de_dead 1 iy_dead 1 f_dead 1
   03ED 22r00s00      [16] 1066 	ld	(_i), hl
                           1067 ;cases/bitfirst/bitfirst_type_unsigned_int.c:46: ASSERT (stdc_first_trailing_one(i) == 1);
                           1068 ;	genPlus
                           1069 ;	genMove_o size 2 result type 2 source type 10 a_dead 1 hl_dead 1 de_dead 1 iy_dead 1 f_dead 1
   03F0 2Ar00s00      [16] 1070 	ld	hl, (___numTests)
   03F3 23            [ 6] 1071 	inc	hl
                           1072 ;	genMove_o size 2 result type 10 source type 2 a_dead 1 hl_dead 1 de_dead 1 iy_dead 1 f_dead 1
   03F4 22r00s00      [16] 1073 	ld	(___numTests), hl
                           1074 ;	genCast
                           1075 ;	genMove_o size 2 result type 6 source type 10 a_dead 1 hl_dead 1 de_dead 1 iy_dead 1 f_dead 1
   03F7 3Ar00s00      [13] 1076 	ld	a, (_i+0)
   03FA DD 77 F8      [19] 1077 	ld	-8 (ix), a
   03FD 3Ar01s00      [13] 1078 	ld	a, (_i+1)
   0400 DD 77 F9      [19] 1079 	ld	-7 (ix), a
                           1080 ;	genMove_o size 6 result type 6 source type 1 a_dead 1 hl_dead 1 de_dead 1 iy_dead 1 f_dead 1
   0403 AF            [ 4] 1081 	xor	a, a
   0404 DD 77 FA      [19] 1082 	ld	-6 (ix), a
   0407 DD 77 FB      [19] 1083 	ld	-5 (ix), a
   040A DD 77 FC      [19] 1084 	ld	-4 (ix), a
   040D DD 77 FD      [19] 1085 	ld	-3 (ix), a
   0410 DD 77 FE      [19] 1086 	ld	-2 (ix), a
   0413 DD 77 FF      [19] 1087 	ld	-1 (ix), a
                           1088 ;	genIpush
                           1089 ;	genMove_o size 2 result type 2 source type 6 a_dead 1 hl_dead 1 de_dead 1 iy_dead 1 f_dead 1
                           1090 ; common peephole 92a combined constant loads into register pair.
                           1091 ;	genMove_o size 0 result type 2 source type 1 a_dead 1 hl_dead 1 de_dead 1 iy_dead 1 f_dead 1
                           1092 ;	genMove_o size 2 result type 2 source type 6 a_dead 1 hl_dead 1 de_dead 1 iy_dead 1 f_dead 1
                           1093 ; common peephole 92a combined constant loads into register pair.
   0416 21 00 00      [10] 1094 	ld	hl, #0x0
   0419 E5            [11] 1095 	push	hl
                           1096 ; common peephole 94d pushed register pair twice.
                           1097 ;	genMove_o size 0 result type 2 source type 1 a_dead 1 hl_dead 1 de_dead 1 iy_dead 1 f_dead 1
   041A E5            [11] 1098 	push	hl
                           1099 ;	genMove_o size 2 result type 2 source type 6 a_dead 1 hl_dead 1 de_dead 1 iy_dead 1 f_dead 1
                           1100 ; common peephole 92a combined constant loads into register pair.
   041B 21 00 00      [10] 1101 	ld	hl, #0x0
                           1102 ;	genMove_o size 0 result type 2 source type 1 a_dead 1 hl_dead 1 de_dead 1 iy_dead 1 f_dead 1
   041E E5            [11] 1103 	push	hl
                           1104 ;	genMove_o size 2 result type 2 source type 6 a_dead 1 hl_dead 1 de_dead 1 iy_dead 1 f_dead 1
   041F DD 6E F8      [19] 1105 	ld	l, -8 (ix)
   0422 DD 66 F9      [19] 1106 	ld	h, -7 (ix)
                           1107 ;	genMove_o size 0 result type 2 source type 1 a_dead 1 hl_dead 1 de_dead 1 iy_dead 1 f_dead 1
   0425 E5            [11] 1108 	push	hl
                           1109 ;	genCall
   0426 CDr00s00      [17] 1110 	call	___stdc_first_trailing_one
                           1111 ;	genMove_o size 1 result type 2 source type 2 a_dead 1 hl_dead 1 de_dead 1 iy_dead 1 f_dead 1
                           1112 ;	genCmpEq
   0429 FE 01         [ 7] 1113 	cp	a, #0x01
                           1114 ; common peephole 163 changed absolute to relative conditional jump.
   042B 28 11         [12] 1115 	jr	z, 00128$
                           1116 ; common peephole 81 removed jp by using inverse jump logic
                           1117 ; common peephole 159 removed unused label 00254$.
                           1118 ;	skipping generated iCode
                           1119 ;	skipping iCode since result will be rematerialized
                           1120 ;	skipping iCode since result will be rematerialized
                           1121 ;	skipping iCode since result will be rematerialized
                           1122 ;	skipping iCode since result will be rematerialized
                           1123 ;	skipping iCode since result will be rematerialized
                           1124 ;	skipping iCode since result will be rematerialized
                           1125 ;	genIpush
                           1126 ;	genMove_o size 2 result type 2 source type 1 a_dead 1 hl_dead 1 de_dead 1 iy_dead 1 f_dead 1
   042D 21 2E 00      [10] 1127 	ld	hl, #0x002e
   0430 E5            [11] 1128 	push	hl
                           1129 ;	genIpush
                           1130 ;	genMove_o size 2 result type 2 source type 7 a_dead 1 hl_dead 1 de_dead 1 iy_dead 1 f_dead 1
   0431 21rC5s04      [10] 1131 	ld	hl, #___str_2
   0434 E5            [11] 1132 	push	hl
                           1133 ;	genSend
                           1134 ;	genMove_o size 2 result type 2 source type 7 a_dead 1 hl_dead 1 de_dead 1 iy_dead 1 f_dead 1
   0435 11r12s05      [10] 1135 	ld	de, #___str_4
                           1136 ;	genSend
                           1137 ;	genMove_o size 2 result type 2 source type 7 a_dead 1 hl_dead 1 de_dead 0 iy_dead 1 f_dead 1
   0438 21r94s04      [10] 1138 	ld	hl, #___str_0
                           1139 ;	genCall
   043B CDr00s00      [17] 1140 	call	___fail
                           1141 ;	genLabel
   043E                    1142 00128$:
                           1143 ;cases/bitfirst/bitfirst_type_unsigned_int.c:47: ASSERT (stdc_first_trailing_zero(i) == 2);
                           1144 ;	genPlus
                           1145 ;	genMove_o size 2 result type 2 source type 10 a_dead 1 hl_dead 1 de_dead 1 iy_dead 1 f_dead 1
   043E 2Ar00s00      [16] 1146 	ld	hl, (___numTests)
   0441 23            [ 6] 1147 	inc	hl
                           1148 ;	genMove_o size 2 result type 10 source type 2 a_dead 1 hl_dead 1 de_dead 1 iy_dead 1 f_dead 1
   0442 22r00s00      [16] 1149 	ld	(___numTests), hl
                           1150 ;	genXor
   0445 3Ar00s00      [13] 1151 	ld	a, (_i+0)
   0448 2F            [ 4] 1152 	cpl
                           1153 ;	genMove_o size 1 result type 2 source type 2 a_dead 1 hl_dead 1 de_dead 1 iy_dead 1 f_dead 1
   0449 4F            [ 4] 1154 	ld	c, a
                           1155 ;	genMove_o size 0 result type 2 source type 1 a_dead 0 hl_dead 1 de_dead 1 iy_dead 1 f_dead 1
   044A 3Ar01s00      [13] 1156 	ld	a, (_i+1)
   044D 2F            [ 4] 1157 	cpl
                           1158 ;	genMove_o size 1 result type 2 source type 2 a_dead 1 hl_dead 1 de_dead 1 iy_dead 1 f_dead 1
                           1159 ;	genCast
                           1160 ;	genMove_o size 2 result type 6 source type 2 a_dead 1 hl_dead 1 de_dead 1 iy_dead 1 f_dead 1
   044E DD 71 F8      [19] 1161 	ld	-8 (ix), c
   0451 DD 77 F9      [19] 1162 	ld	-7 (ix), a
                           1163 ;	genMove_o size 0 result type 6 source type 1 a_dead 1 hl_dead 1 de_dead 1 iy_dead 1 f_dead 1
                           1164 ;	genMove_o size 6 result type 6 source type 1 a_dead 1 hl_dead 1 de_dead 1 iy_dead 1 f_dead 1
   0454 AF            [ 4] 1165 	xor	a, a
   0455 DD 77 FA      [19] 1166 	ld	-6 (ix), a
   0458 DD 77 FB      [19] 1167 	ld	-5 (ix), a
   045B DD 77 FC      [19] 1168 	ld	-4 (ix), a
   045E DD 77 FD      [19] 1169 	ld	-3 (ix), a
   0461 DD 77 FE      [19] 1170 	ld	-2 (ix), a
   0464 DD 77 FF      [19] 1171 	ld	-1 (ix), a
                           1172 ;	genIpush
                           1173 ;	genMove_o size 2 result type 2 source type 6 a_dead 1 hl_dead 1 de_dead 1 iy_dead 1 f_dead 1
                           1174 ; common peephole 92a combined constant loads into register pair.
                           1175 ;	genMove_o size 0 result type 2 source type 1 a_dead 1 hl_dead 1 de_dead 1 iy_dead 1 f_dead 1
                           1176 ;	genMove_o size 2 result type 2 source type 6 a_dead 1 hl_dead 1 de_dead 1 iy_dead 1 f_dead 1
                           1177 ; common peephole 92a combined constant loads into register pair.
   0467 21 00 00      [10] 1178 	ld	hl, #0x0
   046A E5            [11] 1179 	push	hl
                           1180 ; common peephole 94d pushed register pair twice.
                           1181 ;	genMove_o size 0 result type 2 source type 1 a_dead 1 hl_dead 1 de_dead 1 iy_dead 1 f_dead 1
   046B E5            [11] 1182 	push	hl
                           1183 ;	genMove_o size 2 result type 2 source type 6 a_dead 1 hl_dead 1 de_dead 1 iy_dead 1 f_dead 1
                           1184 ; common peephole 92a combined constant loads into register pair.
   046C 21 00 00      [10] 1185 	ld	hl, #0x0
                           1186 ;	genMove_o size 0 result type 2 source type 1 a_dead 1 hl_dead 1 de_dead 1 iy_dead 1 f_dead 1
   046F E5            [11] 1187 	push	hl
                           1188 ;	genMove_o size 2 result type 2 source type 6 a_dead 1 hl_dead 1 de_dead 1 iy_dead 1 f_dead 1
   0470 DD 6E F8      [19] 1189 	ld	l, -8 (ix)
   0473 DD 66 F9      [19] 1190 	ld	h, -7 (ix)
                           1191 ;	genMove_o size 0 result type 2 source type 1 a_dead 1 hl_dead 1 de_dead 1 iy_dead 1 f_dead 1
   0476 E5            [11] 1192 	push	hl
                           1193 ;	genCall
   0477 CDr00s00      [17] 1194 	call	___stdc_first_trailing_one
                           1195 ;	genMove_o size 1 result type 2 source type 2 a_dead 1 hl_dead 1 de_dead 1 iy_dead 1 f_dead 1
                           1196 ;	genCmpEq
   047A FE 02         [ 7] 1197 	cp	a, #0x02
                           1198 ; common peephole 163 changed absolute to relative conditional jump.
   047C 28 11         [12] 1199 	jr	z, 00101$
                           1200 ; common peephole 81 removed jp by using inverse jump logic
                           1201 ; common peephole 159 removed unused label 00255$.
                           1202 ;	skipping generated iCode
                           1203 ;	skipping iCode since result will be rematerialized
                           1204 ;	skipping iCode since result will be rematerialized
                           1205 ;	skipping iCode since result will be rematerialized
                           1206 ;	skipping iCode since result will be rematerialized
                           1207 ;	skipping iCode since result will be rematerialized
                           1208 ;	skipping iCode since result will be rematerialized
                           1209 ;	genIpush
                           1210 ;	genMove_o size 2 result type 2 source type 1 a_dead 1 hl_dead 1 de_dead 1 iy_dead 1 f_dead 1
   047E 21 2F 00      [10] 1211 	ld	hl, #0x002f
   0481 E5            [11] 1212 	push	hl
                           1213 ;	genIpush
                           1214 ;	genMove_o size 2 result type 2 source type 7 a_dead 1 hl_dead 1 de_dead 1 iy_dead 1 f_dead 1
   0482 21rC5s04      [10] 1215 	ld	hl, #___str_2
   0485 E5            [11] 1216 	push	hl
                           1217 ;	genSend
                           1218 ;	genMove_o size 2 result type 2 source type 7 a_dead 1 hl_dead 1 de_dead 1 iy_dead 1 f_dead 1
   0486 11r32s05      [10] 1219 	ld	de, #___str_5
                           1220 ;	genSend
                           1221 ;	genMove_o size 2 result type 2 source type 7 a_dead 1 hl_dead 1 de_dead 0 iy_dead 1 f_dead 1
   0489 21r94s04      [10] 1222 	ld	hl, #___str_0
                           1223 ;	genCall
   048C CDr00s00      [17] 1224 	call	___fail
                           1225 ;	genLabel
   048F                    1226 00101$:
                           1227 ;cases/bitfirst/bitfirst_type_unsigned_int.c:49: }
                           1228 ;	genEndFunction
   048F DD F9         [10] 1229 	ld	sp, ix
   0491 DD E1         [14] 1230 	pop	ix
   0493 C9            [10] 1231 	ret
                           1232 ;	Total testTrailing function size at codegen: 5 bytes.
   0494                    1233 ___str_0:
   0494 41 73 73 65 72 74  1234 	.ascii "Assertion failed"
        69 6F 6E 20 66 61
        69 6C 65 64
   04A4 00                 1235 	.db 0x00
   04A5                    1236 ___str_1:
   04A5 73 74 64 63 5F 66  1237 	.ascii "stdc_first_trailing_one(i) == 0"
        69 72 73 74 5F 74
        72 61 69 6C 69 6E
        67 5F 6F 6E 65 28
        69 29 20 3D 3D 20
        30
   04C4 00                 1238 	.db 0x00
   04C5                    1239 ___str_2:
   04C5 63 61 73 65 73 2F  1240 	.ascii "cases/bitfirst/bitfirst_type_unsigned_int.c"
        62 69 74 66 69 72
        73 74 2F 62 69 74
        66 69 72 73 74 5F
        74 79 70 65 5F 75
        6E 73 69 67 6E 65
        64 5F 69 6E 74 2E
        63
   04F0 00                 1241 	.db 0x00
   04F1                    1242 ___str_3:
   04F1 73 74 64 63 5F 66  1243 	.ascii "stdc_first_trailing_zero(i) == 1"
        69 72 73 74 5F 74
        72 61 69 6C 69 6E
        67 5F 7A 65 72 6F
        28 69 29 20 3D 3D
        20 31
   0511 00                 1244 	.db 0x00
   0512                    1245 ___str_4:
   0512 73 74 64 63 5F 66  1246 	.ascii "stdc_first_trailing_one(i) == 1"
        69 72 73 74 5F 74
        72 61 69 6C 69 6E
        67 5F 6F 6E 65 28
        69 29 20 3D 3D 20
        31
   0531 00                 1247 	.db 0x00
   0532                    1248 ___str_5:
   0532 73 74 64 63 5F 66  1249 	.ascii "stdc_first_trailing_zero(i) == 2"
        69 72 73 74 5F 74
        72 61 69 6C 69 6E
        67 5F 7A 65 72 6F
        28 69 29 20 3D 3D
        20 32
   0552 00                 1250 	.db 0x00
   0553                    1251 ___str_6:
   0553 73 74 64 63 5F 66  1252 	.ascii "stdc_first_trailing_one(i) == 2"
        69 72 73 74 5F 74
        72 61 69 6C 69 6E
        67 5F 6F 6E 65 28
        69 29 20 3D 3D 20
        32
   0572 00                 1253 	.db 0x00
   0573                    1254 ___str_7:
   0573 73 74 64 63 5F 66  1255 	.ascii "stdc_first_trailing_zero(i) == 3"
        69 72 73 74 5F 74
        72 61 69 6C 69 6E
        67 5F 7A 65 72 6F
        28 69 29 20 3D 3D
        20 33
   0593 00                 1256 	.db 0x00
   0594                    1257 ___str_8:
   0594 73 74 64 63 5F 66  1258 	.ascii "stdc_first_trailing_zero(i) == 4"
        69 72 73 74 5F 74
        72 61 69 6C 69 6E
        67 5F 7A 65 72 6F
        28 69 29 20 3D 3D
        20 34
   05B4 00                 1259 	.db 0x00
   05B5                    1260 ___str_9:
   05B5 73 74 64 63 5F 66  1261 	.ascii "stdc_first_trailing_one(i) == 4"
        69 72 73 74 5F 74
        72 61 69 6C 69 6E
        67 5F 6F 6E 65 28
        69 29 20 3D 3D 20
        34
   05D4 00                 1262 	.db 0x00
                           1263 ;cases/bitfirst/bitfirst_type_unsigned_int.c:53: __runSuite(void)
                           1264 ;	genLabel
                           1265 ;	genFunction
                           1266 ;	---------------------------------
                           1267 ; Function __runSuite
                           1268 ; ---------------------------------
                           1269 ;	Register assignment is optimal.
                           1270 ; Stack space usage: 0 bytes.
   05D5                    1271 ___runSuite::
                           1272 ;cases/bitfirst/bitfirst_type_unsigned_int.c:55: __prints("Running testTrailing\n");
                           1273 ;	skipping iCode since result will be rematerialized
                           1274 ;	skipping iCode since result will be rematerialized
                           1275 ;	genSend
                           1276 ;	genMove_o size 2 result type 2 source type 7 a_dead 1 hl_dead 1 de_dead 1 iy_dead 1 f_dead 1
   05D5 21rDEs05      [10] 1277 	ld	hl, #___str_10
                           1278 ;	genCall
   05D8 CDr00s00      [17] 1279 	call	___prints
                           1280 ;cases/bitfirst/bitfirst_type_unsigned_int.c:56: testTrailing();
                           1281 ;	genCall
                           1282 ;	genLabel
                           1283 ; common peephole 159 removed unused label 00101$.
                           1284 ;cases/bitfirst/bitfirst_type_unsigned_int.c:57: }
                           1285 ;	genEndFunction
   05DB C3r00s00      [10] 1286 	jp	_testTrailing
                           1287 ; common peephole 152 removed unused ret.
                           1288 ;	Total __runSuite function size at codegen: 1 bytes.
   05DE                    1289 ___str_10:
   05DE 52 75 6E 6E 69 6E  1290 	.ascii "Running testTrailing"
        67 20 74 65 73 74
        54 72 61 69 6C 69
        6E 67
   05F2 0A                 1291 	.db 0x0a
   05F3 00                 1292 	.db 0x00
                           1293 ;cases/bitfirst/bitfirst_type_unsigned_int.c:62: __getSuiteName(void)
                           1294 ;	genLabel
                           1295 ;	genFunction
                           1296 ;	---------------------------------
                           1297 ; Function __getSuiteName
                           1298 ; ---------------------------------
                           1299 ;	Register assignment is optimal.
                           1300 ; Stack space usage: 0 bytes.
   05F4                    1301 ___getSuiteName::
                           1302 ;cases/bitfirst/bitfirst_type_unsigned_int.c:64: return "bitfirst_type_unsigned_int";
                           1303 ;	skipping iCode since result will be rematerialized
                           1304 ;	skipping iCode since result will be rematerialized
                           1305 ;	genRet
                           1306 ;	genMove_o size 2 result type 2 source type 7 a_dead 1 hl_dead 1 de_dead 1 iy_dead 1 f_dead 1
   05F4 11rFAs05      [10] 1307 	ld	de, #___str_11
                           1308 ;	genLabel
                           1309 ; common peephole 159 removed unused label 00101$.
                           1310 ;cases/bitfirst/bitfirst_type_unsigned_int.c:65: }
                           1311 ;	genEndFunction
   05F7 C9            [10] 1312 	ret
                           1313 ;	Total __getSuiteName function size at codegen: 1 bytes.
   05F8                    1314 ___numCases:
   05F8 01 00              1315 	.dw #0x0001
   05FA                    1316 ___str_11:
   05FA 62 69 74 66 69 72  1317 	.ascii "bitfirst_type_unsigned_int"
        73 74 5F 74 79 70
        65 5F 75 6E 73 69
        67 6E 65 64 5F 69
        6E 74
   0614 00                 1318 	.db 0x00
                           1319 	.area _CODE (BANK=_CSEG)
                           1320 	.area _INITIALIZER
                           1321 	.area _CABS (ABS)
