                              1 ;--------------------------------------------------------
                              2 ; File Created by SDCC : free open source ISO C Compiler
                              3 ; Version 4.6.2 #16710 (Linux)
                              4 ;--------------------------------------------------------
                              5 	.module iso646_type_short_attr_volatile_storage_static
                              6 	
                              7 ;--------------------------------------------------------
                              8 ; Public variables in this module
                              9 ;--------------------------------------------------------
                             10 	.globl ___prints
                             11 	.globl ___fail
                             12 	.globl ___numCases
                             13 	.globl ___runSuite
                             14 	.globl ___getSuiteName
                             15 ;--------------------------------------------------------
                             16 ; special function registers
                             17 ;--------------------------------------------------------
                             18 ;--------------------------------------------------------
                             19 ; ram data
                             20 ;--------------------------------------------------------
                             21 	.area _DATA (BANK=_DSEG)
   0000                      22 _testTwoOpBitwise_left_10000_32:
   0000                      23 	.ds 2
   0002                      24 _testTwoOpBitwise_right_10000_32:
   0002                      25 	.ds 2
                             26 ;--------------------------------------------------------
                             27 ; ram data
                             28 ;--------------------------------------------------------
                             29 	.area _INITIALIZED
                             30 ;--------------------------------------------------------
                             31 ; absolute ram data
                             32 ;--------------------------------------------------------
                             33 	.area _DABS (ABS)
                             34 	.area _DABS (ABS)
                             35 ;--------------------------------------------------------
                             36 ; global & static initialisations
                             37 ;--------------------------------------------------------
                             38 	.area _HOME
                             39 	.area _GSINIT
                             40 	.area _GSFINAL
                             41 	.area _GSINIT
                             42 ;--------------------------------------------------------
                             43 ; Home
                             44 ;--------------------------------------------------------
                             45 	.area _HOME (BANK=_CSEG)
                             46 	.area _HOME (BANK=_CSEG)
                             47 ;--------------------------------------------------------
                             48 ; code
                             49 ;--------------------------------------------------------
                             50 	.area _CODE (BANK=_CSEG)
                             51 ;cases/iso646/iso646_type_short_attr_volatile_storage_static.c:13: testTwoOpBitwise(void)
                             52 ;	genLabel
                             53 ;	genFunction
                             54 ;	---------------------------------
                             55 ; Function testTwoOpBitwise
                             56 ; ---------------------------------
                             57 ;	Register assignment might be sub-optimal.
                             58 ; Stack space usage: 0 bytes.
   0000                      59 _testTwoOpBitwise:
                             60 ;cases/iso646/iso646_type_short_attr_volatile_storage_static.c:18: left = (short)0x3df7;
                             61 ;	genAssign
                             62 ;fetchPairLong
   0000 21 F7 3D      [10]   63 	ld	hl, #0x3df7
                             64 ;	genMove_o size 2 result type 10 source type 2 a_dead 1 hl_dead 1 de_dead 1 iy_dead 1 f_dead 1
   0003 22r00s00      [16]   65 	ld	(_testTwoOpBitwise_left_10000_32), hl
                             66 ;cases/iso646/iso646_type_short_attr_volatile_storage_static.c:19: right = (short)0xc1ec;
                             67 ;	genAssign
                             68 ;fetchPairLong
   0006 21 EC C1      [10]   69 	ld	hl, #0xc1ec
                             70 ;	genMove_o size 2 result type 10 source type 2 a_dead 1 hl_dead 1 de_dead 1 iy_dead 1 f_dead 1
   0009 22r02s00      [16]   71 	ld	(_testTwoOpBitwise_right_10000_32), hl
                             72 ;cases/iso646/iso646_type_short_attr_volatile_storage_static.c:21: ASSERT((short)(left bitand right) == (short)0x1E4);
                             73 ;	genPlus
                             74 ;	genMove_o size 2 result type 2 source type 10 a_dead 1 hl_dead 1 de_dead 1 iy_dead 1 f_dead 1
   000C 2Ar00s00      [16]   75 	ld	hl, (___numTests)
   000F 23            [ 6]   76 	inc	hl
                             77 ;	genMove_o size 2 result type 10 source type 2 a_dead 1 hl_dead 1 de_dead 1 iy_dead 1 f_dead 1
   0010 22r00s00      [16]   78 	ld	(___numTests), hl
                             79 ;	genAnd
   0013 3Ar00s00      [13]   80 	ld	a, (_testTwoOpBitwise_left_10000_32+0)
   0016 FD 21r02s00   [14]   81 	ld	iy, #_testTwoOpBitwise_right_10000_32
   001A FD A6 00      [19]   82 	and	a, 0 (iy)
                             83 ;	genMove_o size 1 result type 2 source type 2 a_dead 1 hl_dead 1 de_dead 1 iy_dead 1 f_dead 1
   001D 6F            [ 4]   84 	ld	l, a
                             85 ;	genMove_o size 0 result type 2 source type 1 a_dead 1 hl_dead 0 de_dead 1 iy_dead 1 f_dead 1
   001E 3Ar01s00      [13]   86 	ld	a, (_testTwoOpBitwise_left_10000_32+1)
   0021 FD A6 01      [19]   87 	and	a, 1 (iy)
                             88 ;	genMove_o size 1 result type 2 source type 2 a_dead 1 hl_dead 0 de_dead 1 iy_dead 1 f_dead 1
   0024 67            [ 4]   89 	ld	h, a
                             90 ;	genMove_o size 0 result type 2 source type 1 a_dead 1 hl_dead 0 de_dead 1 iy_dead 1 f_dead 1
                             91 ;	genCmpEq
   0025 11 E4 01      [10]   92 	ld	de, #0x01e4
   0028 BF            [ 4]   93 	cp	a, a
   0029 ED 52         [15]   94 	sbc	hl, de
                             95 ; common peephole 163 changed absolute to relative conditional jump.
   002B 28 11         [12]   96 	jr	z, 00104$
                             97 ; common peephole 81 removed jp by using inverse jump logic
                             98 ; common peephole 159 removed unused label 00223$.
                             99 ;	skipping generated iCode
                            100 ;	skipping iCode since result will be rematerialized
                            101 ;	skipping iCode since result will be rematerialized
                            102 ;	skipping iCode since result will be rematerialized
                            103 ;	skipping iCode since result will be rematerialized
                            104 ;	skipping iCode since result will be rematerialized
                            105 ;	skipping iCode since result will be rematerialized
                            106 ;	genIpush
                            107 ;	genMove_o size 2 result type 2 source type 1 a_dead 1 hl_dead 1 de_dead 1 iy_dead 1 f_dead 1
   002D 21 15 00      [10]  108 	ld	hl, #0x0015
   0030 E5            [11]  109 	push	hl
                            110 ;	genIpush
                            111 ;	genMove_o size 2 result type 2 source type 7 a_dead 1 hl_dead 1 de_dead 1 iy_dead 1 f_dead 1
   0031 21r6Es02      [10]  112 	ld	hl, #___str_2
   0034 E5            [11]  113 	push	hl
                            114 ;	genSend
                            115 ;	genMove_o size 2 result type 2 source type 7 a_dead 1 hl_dead 1 de_dead 1 iy_dead 1 f_dead 1
   0035 11r43s02      [10]  116 	ld	de, #___str_1
                            117 ;	genSend
                            118 ;	genMove_o size 2 result type 2 source type 7 a_dead 1 hl_dead 1 de_dead 0 iy_dead 1 f_dead 1
   0038 21r32s02      [10]  119 	ld	hl, #___str_0
                            120 ;	genCall
   003B CDr00s00      [17]  121 	call	___fail
                            122 ;	genLabel
   003E                     123 00104$:
                            124 ;cases/iso646/iso646_type_short_attr_volatile_storage_static.c:22: ASSERT((short)(right bitand left) == (short)0x1E4);
                            125 ;	genPlus
                            126 ;	genMove_o size 2 result type 2 source type 10 a_dead 1 hl_dead 1 de_dead 1 iy_dead 1 f_dead 1
   003E 2Ar00s00      [16]  127 	ld	hl, (___numTests)
   0041 23            [ 6]  128 	inc	hl
                            129 ;	genMove_o size 2 result type 10 source type 2 a_dead 1 hl_dead 1 de_dead 1 iy_dead 1 f_dead 1
   0042 22r00s00      [16]  130 	ld	(___numTests), hl
                            131 ;	genAnd
   0045 3Ar02s00      [13]  132 	ld	a, (_testTwoOpBitwise_right_10000_32+0)
   0048 FD 21r00s00   [14]  133 	ld	iy, #_testTwoOpBitwise_left_10000_32
   004C FD A6 00      [19]  134 	and	a, 0 (iy)
                            135 ;	genMove_o size 1 result type 2 source type 2 a_dead 1 hl_dead 1 de_dead 1 iy_dead 1 f_dead 1
   004F 6F            [ 4]  136 	ld	l, a
                            137 ;	genMove_o size 0 result type 2 source type 1 a_dead 1 hl_dead 0 de_dead 1 iy_dead 1 f_dead 1
   0050 3Ar03s00      [13]  138 	ld	a, (_testTwoOpBitwise_right_10000_32+1)
   0053 FD A6 01      [19]  139 	and	a, 1 (iy)
                            140 ;	genMove_o size 1 result type 2 source type 2 a_dead 1 hl_dead 0 de_dead 1 iy_dead 1 f_dead 1
   0056 67            [ 4]  141 	ld	h, a
                            142 ;	genMove_o size 0 result type 2 source type 1 a_dead 1 hl_dead 0 de_dead 1 iy_dead 1 f_dead 1
                            143 ;	genCmpEq
   0057 11 E4 01      [10]  144 	ld	de, #0x01e4
   005A BF            [ 4]  145 	cp	a, a
   005B ED 52         [15]  146 	sbc	hl, de
                            147 ; common peephole 163 changed absolute to relative conditional jump.
   005D 28 11         [12]  148 	jr	z, 00106$
                            149 ; common peephole 81 removed jp by using inverse jump logic
                            150 ; common peephole 159 removed unused label 00224$.
                            151 ;	skipping generated iCode
                            152 ;	skipping iCode since result will be rematerialized
                            153 ;	skipping iCode since result will be rematerialized
                            154 ;	skipping iCode since result will be rematerialized
                            155 ;	skipping iCode since result will be rematerialized
                            156 ;	skipping iCode since result will be rematerialized
                            157 ;	skipping iCode since result will be rematerialized
                            158 ;	genIpush
                            159 ;	genMove_o size 2 result type 2 source type 1 a_dead 1 hl_dead 1 de_dead 1 iy_dead 1 f_dead 1
   005F 21 16 00      [10]  160 	ld	hl, #0x0016
   0062 E5            [11]  161 	push	hl
                            162 ;	genIpush
                            163 ;	genMove_o size 2 result type 2 source type 7 a_dead 1 hl_dead 1 de_dead 1 iy_dead 1 f_dead 1
   0063 21r6Es02      [10]  164 	ld	hl, #___str_2
   0066 E5            [11]  165 	push	hl
                            166 ;	genSend
                            167 ;	genMove_o size 2 result type 2 source type 7 a_dead 1 hl_dead 1 de_dead 1 iy_dead 1 f_dead 1
   0067 11rACs02      [10]  168 	ld	de, #___str_3
                            169 ;	genSend
                            170 ;	genMove_o size 2 result type 2 source type 7 a_dead 1 hl_dead 1 de_dead 0 iy_dead 1 f_dead 1
   006A 21r32s02      [10]  171 	ld	hl, #___str_0
                            172 ;	genCall
   006D CDr00s00      [17]  173 	call	___fail
                            174 ;	genLabel
   0070                     175 00106$:
                            176 ;cases/iso646/iso646_type_short_attr_volatile_storage_static.c:23: ASSERT((short)(left bitand 0xc1ec) == (short)0x1E4);
                            177 ;	genPlus
                            178 ;	genMove_o size 2 result type 2 source type 10 a_dead 1 hl_dead 1 de_dead 1 iy_dead 1 f_dead 1
   0070 2Ar00s00      [16]  179 	ld	hl, (___numTests)
   0073 23            [ 6]  180 	inc	hl
                            181 ;	genMove_o size 2 result type 10 source type 2 a_dead 1 hl_dead 1 de_dead 1 iy_dead 1 f_dead 1
   0074 22r00s00      [16]  182 	ld	(___numTests), hl
                            183 ;	genCast
                            184 ;	genMove_o size 2 result type 2 source type 10 a_dead 1 hl_dead 1 de_dead 1 iy_dead 1 f_dead 1
   0077 2Ar00s00      [16]  185 	ld	hl, (_testTwoOpBitwise_left_10000_32)
                            186 ;	genAnd
   007A 7D            [ 4]  187 	ld	a, l
   007B E6 EC         [ 7]  188 	and	a, #0xec
                            189 ;	genMove_o size 1 result type 2 source type 2 a_dead 1 hl_dead 0 de_dead 1 iy_dead 1 f_dead 1
   007D 6F            [ 4]  190 	ld	l, a
                            191 ;	genMove_o size 0 result type 2 source type 1 a_dead 0 hl_dead 0 de_dead 1 iy_dead 1 f_dead 1
   007E 7C            [ 4]  192 	ld	a, h
   007F E6 C1         [ 7]  193 	and	a, #0xc1
                            194 ;	genMove_o size 1 result type 2 source type 2 a_dead 1 hl_dead 0 de_dead 1 iy_dead 1 f_dead 1
                            195 ;	genCast
                            196 ;	genMove_o size 2 result type 2 source type 2 a_dead 1 hl_dead 1 de_dead 1 iy_dead 1 f_dead 1
   0081 67            [ 4]  197 	ld	h, a
                            198 ;	genMove_o size 0 result type 2 source type 1 a_dead 1 hl_dead 1 de_dead 1 iy_dead 1 f_dead 1
                            199 ;	genCmpEq
   0082 11 E4 01      [10]  200 	ld	de, #0x01e4
   0085 BF            [ 4]  201 	cp	a, a
   0086 ED 52         [15]  202 	sbc	hl, de
                            203 ; common peephole 163 changed absolute to relative conditional jump.
   0088 28 11         [12]  204 	jr	z, 00108$
                            205 ; common peephole 81 removed jp by using inverse jump logic
                            206 ; common peephole 159 removed unused label 00225$.
                            207 ;	skipping generated iCode
                            208 ;	skipping iCode since result will be rematerialized
                            209 ;	skipping iCode since result will be rematerialized
                            210 ;	skipping iCode since result will be rematerialized
                            211 ;	skipping iCode since result will be rematerialized
                            212 ;	skipping iCode since result will be rematerialized
                            213 ;	skipping iCode since result will be rematerialized
                            214 ;	genIpush
                            215 ;	genMove_o size 2 result type 2 source type 1 a_dead 1 hl_dead 1 de_dead 1 iy_dead 1 f_dead 1
   008A 21 17 00      [10]  216 	ld	hl, #0x0017
   008D E5            [11]  217 	push	hl
                            218 ;	genIpush
                            219 ;	genMove_o size 2 result type 2 source type 7 a_dead 1 hl_dead 1 de_dead 1 iy_dead 1 f_dead 1
   008E 21r6Es02      [10]  220 	ld	hl, #___str_2
   0091 E5            [11]  221 	push	hl
                            222 ;	genSend
                            223 ;	genMove_o size 2 result type 2 source type 7 a_dead 1 hl_dead 1 de_dead 1 iy_dead 1 f_dead 1
   0092 11rD7s02      [10]  224 	ld	de, #___str_4
                            225 ;	genSend
                            226 ;	genMove_o size 2 result type 2 source type 7 a_dead 1 hl_dead 1 de_dead 0 iy_dead 1 f_dead 1
   0095 21r32s02      [10]  227 	ld	hl, #___str_0
                            228 ;	genCall
   0098 CDr00s00      [17]  229 	call	___fail
                            230 ;	genLabel
   009B                     231 00108$:
                            232 ;cases/iso646/iso646_type_short_attr_volatile_storage_static.c:24: ASSERT((short)(0x3df7 bitand right) == (short)0x1E4);
                            233 ;	genPlus
                            234 ;	genMove_o size 2 result type 2 source type 10 a_dead 1 hl_dead 1 de_dead 1 iy_dead 1 f_dead 1
   009B 2Ar00s00      [16]  235 	ld	hl, (___numTests)
   009E 23            [ 6]  236 	inc	hl
                            237 ;	genMove_o size 2 result type 10 source type 2 a_dead 1 hl_dead 1 de_dead 1 iy_dead 1 f_dead 1
   009F 22r00s00      [16]  238 	ld	(___numTests), hl
                            239 ;	genCast
                            240 ;	genMove_o size 2 result type 2 source type 10 a_dead 1 hl_dead 1 de_dead 1 iy_dead 1 f_dead 1
   00A2 2Ar02s00      [16]  241 	ld	hl, (_testTwoOpBitwise_right_10000_32)
                            242 ;	genAnd
   00A5 CB 9D         [ 8]  243 	res	3, l
   00A7 7C            [ 4]  244 	ld	a, h
   00A8 E6 3D         [ 7]  245 	and	a, #0x3d
                            246 ;	genMove_o size 1 result type 2 source type 2 a_dead 1 hl_dead 0 de_dead 1 iy_dead 1 f_dead 1
                            247 ;	genCast
                            248 ;	genMove_o size 2 result type 2 source type 2 a_dead 1 hl_dead 1 de_dead 1 iy_dead 1 f_dead 1
   00AA 67            [ 4]  249 	ld	h, a
                            250 ;	genMove_o size 0 result type 2 source type 1 a_dead 1 hl_dead 1 de_dead 1 iy_dead 1 f_dead 1
                            251 ;	genCmpEq
   00AB 11 E4 01      [10]  252 	ld	de, #0x01e4
   00AE BF            [ 4]  253 	cp	a, a
   00AF ED 52         [15]  254 	sbc	hl, de
                            255 ; common peephole 163 changed absolute to relative conditional jump.
   00B1 28 11         [12]  256 	jr	z, 00110$
                            257 ; common peephole 81 removed jp by using inverse jump logic
                            258 ; common peephole 159 removed unused label 00226$.
                            259 ;	skipping generated iCode
                            260 ;	skipping iCode since result will be rematerialized
                            261 ;	skipping iCode since result will be rematerialized
                            262 ;	skipping iCode since result will be rematerialized
                            263 ;	skipping iCode since result will be rematerialized
                            264 ;	skipping iCode since result will be rematerialized
                            265 ;	skipping iCode since result will be rematerialized
                            266 ;	genIpush
                            267 ;	genMove_o size 2 result type 2 source type 1 a_dead 1 hl_dead 1 de_dead 1 iy_dead 1 f_dead 1
   00B3 21 18 00      [10]  268 	ld	hl, #0x0018
   00B6 E5            [11]  269 	push	hl
                            270 ;	genIpush
                            271 ;	genMove_o size 2 result type 2 source type 7 a_dead 1 hl_dead 1 de_dead 1 iy_dead 1 f_dead 1
   00B7 21r6Es02      [10]  272 	ld	hl, #___str_2
   00BA E5            [11]  273 	push	hl
                            274 ;	genSend
                            275 ;	genMove_o size 2 result type 2 source type 7 a_dead 1 hl_dead 1 de_dead 1 iy_dead 1 f_dead 1
   00BB 11r03s03      [10]  276 	ld	de, #___str_5
                            277 ;	genSend
                            278 ;	genMove_o size 2 result type 2 source type 7 a_dead 1 hl_dead 1 de_dead 0 iy_dead 1 f_dead 1
   00BE 21r32s02      [10]  279 	ld	hl, #___str_0
                            280 ;	genCall
   00C1 CDr00s00      [17]  281 	call	___fail
                            282 ;	genLabel
   00C4                     283 00110$:
                            284 ;cases/iso646/iso646_type_short_attr_volatile_storage_static.c:26: ASSERT((short)(left bitor right) == (short)0xFDFF);
                            285 ;	genPlus
                            286 ;	genMove_o size 2 result type 2 source type 10 a_dead 1 hl_dead 1 de_dead 1 iy_dead 1 f_dead 1
   00C4 2Ar00s00      [16]  287 	ld	hl, (___numTests)
   00C7 23            [ 6]  288 	inc	hl
                            289 ;	genMove_o size 2 result type 10 source type 2 a_dead 1 hl_dead 1 de_dead 1 iy_dead 1 f_dead 1
   00C8 22r00s00      [16]  290 	ld	(___numTests), hl
                            291 ;	genOr
                            292 ;	genMove_o size 2 result type 2 source type 10 a_dead 1 hl_dead 1 de_dead 1 iy_dead 1 f_dead 1
   00CB 2Ar00s00      [16]  293 	ld	hl, (_testTwoOpBitwise_left_10000_32)
   00CE 7D            [ 4]  294 	ld	a, l
   00CF FD 21r02s00   [14]  295 	ld	iy, #_testTwoOpBitwise_right_10000_32
   00D3 FD B6 00      [19]  296 	or	a, 0 (iy)
                            297 ;	genMove_o size 1 result type 2 source type 2 a_dead 1 hl_dead 0 de_dead 1 iy_dead 1 f_dead 1
   00D6 6F            [ 4]  298 	ld	l, a
                            299 ;	genMove_o size 0 result type 2 source type 1 a_dead 1 hl_dead 0 de_dead 1 iy_dead 1 f_dead 1
   00D7 7C            [ 4]  300 	ld	a, h
   00D8 FD B6 01      [19]  301 	or	a, 1 (iy)
                            302 ;	genMove_o size 1 result type 2 source type 2 a_dead 1 hl_dead 0 de_dead 1 iy_dead 1 f_dead 1
   00DB 67            [ 4]  303 	ld	h, a
                            304 ;	genMove_o size 0 result type 2 source type 1 a_dead 1 hl_dead 0 de_dead 1 iy_dead 1 f_dead 1
                            305 ;	genCmpEq
   00DC 2C            [ 4]  306 	inc	l
                            307 ; common peephole 163 changed absolute to relative conditional jump.
   00DD 20 05         [12]  308 	jr	nz, 00227$
                            309 ;	genMove_o size 1 result type 2 source type 2 a_dead 1 hl_dead 0 de_dead 0 iy_dead 0 f_dead 1
   00DF 7C            [ 4]  310 	ld	a, h
                            311 ;	genMove_o size 0 result type 2 source type 1 a_dead 1 hl_dead 0 de_dead 0 iy_dead 0 f_dead 1
   00E0 D6 FD         [ 7]  312 	sub	a, #0xfd
                            313 ; common peephole 163 changed absolute to relative conditional jump.
   00E2 28 11         [12]  314 	jr	z, 00112$
                            315 ; common peephole 81 removed jp by using inverse jump logic
   00E4                     316 00227$:
                            317 ;	skipping generated iCode
                            318 ;	skipping iCode since result will be rematerialized
                            319 ;	skipping iCode since result will be rematerialized
                            320 ;	skipping iCode since result will be rematerialized
                            321 ;	skipping iCode since result will be rematerialized
                            322 ;	skipping iCode since result will be rematerialized
                            323 ;	skipping iCode since result will be rematerialized
                            324 ;	genIpush
                            325 ;	genMove_o size 2 result type 2 source type 1 a_dead 1 hl_dead 1 de_dead 1 iy_dead 1 f_dead 1
   00E4 21 1A 00      [10]  326 	ld	hl, #0x001a
   00E7 E5            [11]  327 	push	hl
                            328 ;	genIpush
                            329 ;	genMove_o size 2 result type 2 source type 7 a_dead 1 hl_dead 1 de_dead 1 iy_dead 1 f_dead 1
   00E8 21r6Es02      [10]  330 	ld	hl, #___str_2
   00EB E5            [11]  331 	push	hl
                            332 ;	genSend
                            333 ;	genMove_o size 2 result type 2 source type 7 a_dead 1 hl_dead 1 de_dead 1 iy_dead 1 f_dead 1
   00EC 11r30s03      [10]  334 	ld	de, #___str_6
                            335 ;	genSend
                            336 ;	genMove_o size 2 result type 2 source type 7 a_dead 1 hl_dead 1 de_dead 0 iy_dead 1 f_dead 1
   00EF 21r32s02      [10]  337 	ld	hl, #___str_0
                            338 ;	genCall
   00F2 CDr00s00      [17]  339 	call	___fail
                            340 ;	genLabel
   00F5                     341 00112$:
                            342 ;cases/iso646/iso646_type_short_attr_volatile_storage_static.c:27: ASSERT((short)(right bitor left) == (short)0xFDFF);
                            343 ;	genPlus
                            344 ;	genMove_o size 2 result type 2 source type 10 a_dead 1 hl_dead 1 de_dead 1 iy_dead 1 f_dead 1
   00F5 2Ar00s00      [16]  345 	ld	hl, (___numTests)
   00F8 23            [ 6]  346 	inc	hl
                            347 ;	genMove_o size 2 result type 10 source type 2 a_dead 1 hl_dead 1 de_dead 1 iy_dead 1 f_dead 1
   00F9 22r00s00      [16]  348 	ld	(___numTests), hl
                            349 ;	genOr
                            350 ;	genMove_o size 2 result type 2 source type 10 a_dead 1 hl_dead 1 de_dead 1 iy_dead 1 f_dead 1
   00FC 2Ar02s00      [16]  351 	ld	hl, (_testTwoOpBitwise_right_10000_32)
   00FF 7D            [ 4]  352 	ld	a, l
   0100 FD 21r00s00   [14]  353 	ld	iy, #_testTwoOpBitwise_left_10000_32
   0104 FD B6 00      [19]  354 	or	a, 0 (iy)
                            355 ;	genMove_o size 1 result type 2 source type 2 a_dead 1 hl_dead 0 de_dead 1 iy_dead 1 f_dead 1
   0107 6F            [ 4]  356 	ld	l, a
                            357 ;	genMove_o size 0 result type 2 source type 1 a_dead 1 hl_dead 0 de_dead 1 iy_dead 1 f_dead 1
   0108 7C            [ 4]  358 	ld	a, h
   0109 FD B6 01      [19]  359 	or	a, 1 (iy)
                            360 ;	genMove_o size 1 result type 2 source type 2 a_dead 1 hl_dead 0 de_dead 1 iy_dead 1 f_dead 1
   010C 67            [ 4]  361 	ld	h, a
                            362 ;	genMove_o size 0 result type 2 source type 1 a_dead 1 hl_dead 0 de_dead 1 iy_dead 1 f_dead 1
                            363 ;	genCmpEq
   010D 2C            [ 4]  364 	inc	l
                            365 ; common peephole 163 changed absolute to relative conditional jump.
   010E 20 05         [12]  366 	jr	nz, 00228$
                            367 ;	genMove_o size 1 result type 2 source type 2 a_dead 1 hl_dead 0 de_dead 0 iy_dead 0 f_dead 1
   0110 7C            [ 4]  368 	ld	a, h
                            369 ;	genMove_o size 0 result type 2 source type 1 a_dead 1 hl_dead 0 de_dead 0 iy_dead 0 f_dead 1
   0111 D6 FD         [ 7]  370 	sub	a, #0xfd
                            371 ; common peephole 163 changed absolute to relative conditional jump.
   0113 28 11         [12]  372 	jr	z, 00114$
                            373 ; common peephole 81 removed jp by using inverse jump logic
   0115                     374 00228$:
                            375 ;	skipping generated iCode
                            376 ;	skipping iCode since result will be rematerialized
                            377 ;	skipping iCode since result will be rematerialized
                            378 ;	skipping iCode since result will be rematerialized
                            379 ;	skipping iCode since result will be rematerialized
                            380 ;	skipping iCode since result will be rematerialized
                            381 ;	skipping iCode since result will be rematerialized
                            382 ;	genIpush
                            383 ;	genMove_o size 2 result type 2 source type 1 a_dead 1 hl_dead 1 de_dead 1 iy_dead 1 f_dead 1
   0115 21 1B 00      [10]  384 	ld	hl, #0x001b
   0118 E5            [11]  385 	push	hl
                            386 ;	genIpush
                            387 ;	genMove_o size 2 result type 2 source type 7 a_dead 1 hl_dead 1 de_dead 1 iy_dead 1 f_dead 1
   0119 21r6Es02      [10]  388 	ld	hl, #___str_2
   011C E5            [11]  389 	push	hl
                            390 ;	genSend
                            391 ;	genMove_o size 2 result type 2 source type 7 a_dead 1 hl_dead 1 de_dead 1 iy_dead 1 f_dead 1
   011D 11r5Bs03      [10]  392 	ld	de, #___str_7
                            393 ;	genSend
                            394 ;	genMove_o size 2 result type 2 source type 7 a_dead 1 hl_dead 1 de_dead 0 iy_dead 1 f_dead 1
   0120 21r32s02      [10]  395 	ld	hl, #___str_0
                            396 ;	genCall
   0123 CDr00s00      [17]  397 	call	___fail
                            398 ;	genLabel
   0126                     399 00114$:
                            400 ;cases/iso646/iso646_type_short_attr_volatile_storage_static.c:28: ASSERT((short)(left bitor 0xc1ec) == (short)0xFDFF);
                            401 ;	genPlus
                            402 ;	genMove_o size 2 result type 2 source type 10 a_dead 1 hl_dead 1 de_dead 1 iy_dead 1 f_dead 1
   0126 2Ar00s00      [16]  403 	ld	hl, (___numTests)
   0129 23            [ 6]  404 	inc	hl
                            405 ;	genMove_o size 2 result type 10 source type 2 a_dead 1 hl_dead 1 de_dead 1 iy_dead 1 f_dead 1
   012A 22r00s00      [16]  406 	ld	(___numTests), hl
                            407 ;	genCast
                            408 ;	genMove_o size 2 result type 2 source type 10 a_dead 1 hl_dead 1 de_dead 1 iy_dead 1 f_dead 1
   012D 2Ar00s00      [16]  409 	ld	hl, (_testTwoOpBitwise_left_10000_32)
                            410 ;	genOr
   0130 7D            [ 4]  411 	ld	a, l
   0131 F6 EC         [ 7]  412 	or	a, #0xec
                            413 ;	genMove_o size 1 result type 2 source type 2 a_dead 1 hl_dead 0 de_dead 1 iy_dead 1 f_dead 1
   0133 4F            [ 4]  414 	ld	c, a
                            415 ;	genMove_o size 0 result type 2 source type 1 a_dead 0 hl_dead 0 de_dead 1 iy_dead 1 f_dead 1
   0134 7C            [ 4]  416 	ld	a, h
   0135 F6 C1         [ 7]  417 	or	a, #0xc1
                            418 ;	genMove_o size 1 result type 2 source type 2 a_dead 1 hl_dead 1 de_dead 1 iy_dead 1 f_dead 1
                            419 ;	genCast
                            420 ;	(locations are the same)
                            421 ;	genCmpEq
   0137 FE FD         [ 7]  422 	cp	a, #0xfd
                            423 ; common peephole 163 changed absolute to relative conditional jump.
   0139 20 03         [12]  424 	jr	nz, 00229$
   013B 0C            [ 4]  425 	inc	c
                            426 ; common peephole 163 changed absolute to relative conditional jump.
   013C 28 11         [12]  427 	jr	z, 00116$
                            428 ; common peephole 81 removed jp by using inverse jump logic
   013E                     429 00229$:
                            430 ;	skipping generated iCode
                            431 ;	skipping iCode since result will be rematerialized
                            432 ;	skipping iCode since result will be rematerialized
                            433 ;	skipping iCode since result will be rematerialized
                            434 ;	skipping iCode since result will be rematerialized
                            435 ;	skipping iCode since result will be rematerialized
                            436 ;	skipping iCode since result will be rematerialized
                            437 ;	genIpush
                            438 ;	genMove_o size 2 result type 2 source type 1 a_dead 1 hl_dead 1 de_dead 1 iy_dead 1 f_dead 1
   013E 21 1C 00      [10]  439 	ld	hl, #0x001c
   0141 E5            [11]  440 	push	hl
                            441 ;	genIpush
                            442 ;	genMove_o size 2 result type 2 source type 7 a_dead 1 hl_dead 1 de_dead 1 iy_dead 1 f_dead 1
   0142 21r6Es02      [10]  443 	ld	hl, #___str_2
   0145 E5            [11]  444 	push	hl
                            445 ;	genSend
                            446 ;	genMove_o size 2 result type 2 source type 7 a_dead 1 hl_dead 1 de_dead 1 iy_dead 1 f_dead 1
   0146 11r86s03      [10]  447 	ld	de, #___str_8
                            448 ;	genSend
                            449 ;	genMove_o size 2 result type 2 source type 7 a_dead 1 hl_dead 1 de_dead 0 iy_dead 1 f_dead 1
   0149 21r32s02      [10]  450 	ld	hl, #___str_0
                            451 ;	genCall
   014C CDr00s00      [17]  452 	call	___fail
                            453 ;	genLabel
   014F                     454 00116$:
                            455 ;cases/iso646/iso646_type_short_attr_volatile_storage_static.c:29: ASSERT((short)(0x3df7 bitor right) == (short)0xFDFF);
                            456 ;	genPlus
                            457 ;	genMove_o size 2 result type 2 source type 10 a_dead 1 hl_dead 1 de_dead 1 iy_dead 1 f_dead 1
   014F 2Ar00s00      [16]  458 	ld	hl, (___numTests)
   0152 23            [ 6]  459 	inc	hl
                            460 ;	genMove_o size 2 result type 10 source type 2 a_dead 1 hl_dead 1 de_dead 1 iy_dead 1 f_dead 1
   0153 22r00s00      [16]  461 	ld	(___numTests), hl
                            462 ;	genCast
                            463 ;	genMove_o size 2 result type 2 source type 10 a_dead 1 hl_dead 1 de_dead 1 iy_dead 1 f_dead 1
   0156 2Ar02s00      [16]  464 	ld	hl, (_testTwoOpBitwise_right_10000_32)
                            465 ;	genOr
   0159 7D            [ 4]  466 	ld	a, l
   015A F6 F7         [ 7]  467 	or	a, #0xf7
                            468 ;	genMove_o size 1 result type 2 source type 2 a_dead 1 hl_dead 0 de_dead 1 iy_dead 1 f_dead 1
   015C 4F            [ 4]  469 	ld	c, a
                            470 ;	genMove_o size 0 result type 2 source type 1 a_dead 0 hl_dead 0 de_dead 1 iy_dead 1 f_dead 1
   015D 7C            [ 4]  471 	ld	a, h
   015E F6 3D         [ 7]  472 	or	a, #0x3d
                            473 ;	genMove_o size 1 result type 2 source type 2 a_dead 1 hl_dead 1 de_dead 1 iy_dead 1 f_dead 1
                            474 ;	genCast
                            475 ;	(locations are the same)
                            476 ;	genCmpEq
   0160 FE FD         [ 7]  477 	cp	a, #0xfd
                            478 ; common peephole 163 changed absolute to relative conditional jump.
   0162 20 03         [12]  479 	jr	nz, 00230$
   0164 0C            [ 4]  480 	inc	c
                            481 ; common peephole 163 changed absolute to relative conditional jump.
   0165 28 11         [12]  482 	jr	z, 00118$
                            483 ; common peephole 81 removed jp by using inverse jump logic
   0167                     484 00230$:
                            485 ;	skipping generated iCode
                            486 ;	skipping iCode since result will be rematerialized
                            487 ;	skipping iCode since result will be rematerialized
                            488 ;	skipping iCode since result will be rematerialized
                            489 ;	skipping iCode since result will be rematerialized
                            490 ;	skipping iCode since result will be rematerialized
                            491 ;	skipping iCode since result will be rematerialized
                            492 ;	genIpush
                            493 ;	genMove_o size 2 result type 2 source type 1 a_dead 1 hl_dead 1 de_dead 1 iy_dead 1 f_dead 1
   0167 21 1D 00      [10]  494 	ld	hl, #0x001d
   016A E5            [11]  495 	push	hl
                            496 ;	genIpush
                            497 ;	genMove_o size 2 result type 2 source type 7 a_dead 1 hl_dead 1 de_dead 1 iy_dead 1 f_dead 1
   016B 21r6Es02      [10]  498 	ld	hl, #___str_2
   016E E5            [11]  499 	push	hl
                            500 ;	genSend
                            501 ;	genMove_o size 2 result type 2 source type 7 a_dead 1 hl_dead 1 de_dead 1 iy_dead 1 f_dead 1
   016F 11rB2s03      [10]  502 	ld	de, #___str_9
                            503 ;	genSend
                            504 ;	genMove_o size 2 result type 2 source type 7 a_dead 1 hl_dead 1 de_dead 0 iy_dead 1 f_dead 1
   0172 21r32s02      [10]  505 	ld	hl, #___str_0
                            506 ;	genCall
   0175 CDr00s00      [17]  507 	call	___fail
                            508 ;	genLabel
   0178                     509 00118$:
                            510 ;cases/iso646/iso646_type_short_attr_volatile_storage_static.c:31: ASSERT((short)(left xor right) == (short)0xFC1B);
                            511 ;	genPlus
                            512 ;	genMove_o size 2 result type 2 source type 10 a_dead 1 hl_dead 1 de_dead 1 iy_dead 1 f_dead 1
   0178 2Ar00s00      [16]  513 	ld	hl, (___numTests)
   017B 23            [ 6]  514 	inc	hl
                            515 ;	genMove_o size 2 result type 10 source type 2 a_dead 1 hl_dead 1 de_dead 1 iy_dead 1 f_dead 1
   017C 22r00s00      [16]  516 	ld	(___numTests), hl
                            517 ;	genXor
   017F 3Ar00s00      [13]  518 	ld	a, (_testTwoOpBitwise_left_10000_32+0)
   0182 FD 21r02s00   [14]  519 	ld	iy, #_testTwoOpBitwise_right_10000_32
   0186 FD AE 00      [19]  520 	xor	a, 0 (iy)
                            521 ;	genMove_o size 1 result type 2 source type 2 a_dead 1 hl_dead 1 de_dead 1 iy_dead 1 f_dead 1
   0189 6F            [ 4]  522 	ld	l, a
                            523 ;	genMove_o size 0 result type 2 source type 1 a_dead 1 hl_dead 0 de_dead 1 iy_dead 1 f_dead 1
   018A 3Ar01s00      [13]  524 	ld	a, (_testTwoOpBitwise_left_10000_32+1)
   018D FD AE 01      [19]  525 	xor	a, 1 (iy)
                            526 ;	genMove_o size 1 result type 2 source type 2 a_dead 1 hl_dead 0 de_dead 1 iy_dead 1 f_dead 1
   0190 67            [ 4]  527 	ld	h, a
                            528 ;	genMove_o size 0 result type 2 source type 1 a_dead 1 hl_dead 0 de_dead 1 iy_dead 1 f_dead 1
                            529 ;	genCmpEq
   0191 11 1B FC      [10]  530 	ld	de, #0xfc1b
   0194 BF            [ 4]  531 	cp	a, a
   0195 ED 52         [15]  532 	sbc	hl, de
                            533 ; common peephole 163 changed absolute to relative conditional jump.
   0197 28 11         [12]  534 	jr	z, 00120$
                            535 ; common peephole 81 removed jp by using inverse jump logic
                            536 ; common peephole 159 removed unused label 00231$.
                            537 ;	skipping generated iCode
                            538 ;	skipping iCode since result will be rematerialized
                            539 ;	skipping iCode since result will be rematerialized
                            540 ;	skipping iCode since result will be rematerialized
                            541 ;	skipping iCode since result will be rematerialized
                            542 ;	skipping iCode since result will be rematerialized
                            543 ;	skipping iCode since result will be rematerialized
                            544 ;	genIpush
                            545 ;	genMove_o size 2 result type 2 source type 1 a_dead 1 hl_dead 1 de_dead 1 iy_dead 1 f_dead 1
   0199 21 1F 00      [10]  546 	ld	hl, #0x001f
   019C E5            [11]  547 	push	hl
                            548 ;	genIpush
                            549 ;	genMove_o size 2 result type 2 source type 7 a_dead 1 hl_dead 1 de_dead 1 iy_dead 1 f_dead 1
   019D 21r6Es02      [10]  550 	ld	hl, #___str_2
   01A0 E5            [11]  551 	push	hl
                            552 ;	genSend
                            553 ;	genMove_o size 2 result type 2 source type 7 a_dead 1 hl_dead 1 de_dead 1 iy_dead 1 f_dead 1
   01A1 11rDFs03      [10]  554 	ld	de, #___str_10
                            555 ;	genSend
                            556 ;	genMove_o size 2 result type 2 source type 7 a_dead 1 hl_dead 1 de_dead 0 iy_dead 1 f_dead 1
   01A4 21r32s02      [10]  557 	ld	hl, #___str_0
                            558 ;	genCall
   01A7 CDr00s00      [17]  559 	call	___fail
                            560 ;	genLabel
   01AA                     561 00120$:
                            562 ;cases/iso646/iso646_type_short_attr_volatile_storage_static.c:32: ASSERT((short)(right xor left) == (short)0xFC1B);
                            563 ;	genPlus
                            564 ;	genMove_o size 2 result type 2 source type 10 a_dead 1 hl_dead 1 de_dead 1 iy_dead 1 f_dead 1
   01AA 2Ar00s00      [16]  565 	ld	hl, (___numTests)
   01AD 23            [ 6]  566 	inc	hl
                            567 ;	genMove_o size 2 result type 10 source type 2 a_dead 1 hl_dead 1 de_dead 1 iy_dead 1 f_dead 1
   01AE 22r00s00      [16]  568 	ld	(___numTests), hl
                            569 ;	genXor
   01B1 3Ar02s00      [13]  570 	ld	a, (_testTwoOpBitwise_right_10000_32+0)
   01B4 FD 21r00s00   [14]  571 	ld	iy, #_testTwoOpBitwise_left_10000_32
   01B8 FD AE 00      [19]  572 	xor	a, 0 (iy)
                            573 ;	genMove_o size 1 result type 2 source type 2 a_dead 1 hl_dead 1 de_dead 1 iy_dead 1 f_dead 1
   01BB 6F            [ 4]  574 	ld	l, a
                            575 ;	genMove_o size 0 result type 2 source type 1 a_dead 1 hl_dead 0 de_dead 1 iy_dead 1 f_dead 1
   01BC 3Ar03s00      [13]  576 	ld	a, (_testTwoOpBitwise_right_10000_32+1)
   01BF FD AE 01      [19]  577 	xor	a, 1 (iy)
                            578 ;	genMove_o size 1 result type 2 source type 2 a_dead 1 hl_dead 0 de_dead 1 iy_dead 1 f_dead 1
   01C2 67            [ 4]  579 	ld	h, a
                            580 ;	genMove_o size 0 result type 2 source type 1 a_dead 1 hl_dead 0 de_dead 1 iy_dead 1 f_dead 1
                            581 ;	genCmpEq
   01C3 11 1B FC      [10]  582 	ld	de, #0xfc1b
   01C6 BF            [ 4]  583 	cp	a, a
   01C7 ED 52         [15]  584 	sbc	hl, de
                            585 ; common peephole 163 changed absolute to relative conditional jump.
   01C9 28 11         [12]  586 	jr	z, 00122$
                            587 ; common peephole 81 removed jp by using inverse jump logic
                            588 ; common peephole 159 removed unused label 00232$.
                            589 ;	skipping generated iCode
                            590 ;	skipping iCode since result will be rematerialized
                            591 ;	skipping iCode since result will be rematerialized
                            592 ;	skipping iCode since result will be rematerialized
                            593 ;	skipping iCode since result will be rematerialized
                            594 ;	skipping iCode since result will be rematerialized
                            595 ;	skipping iCode since result will be rematerialized
                            596 ;	genIpush
                            597 ;	genMove_o size 2 result type 2 source type 1 a_dead 1 hl_dead 1 de_dead 1 iy_dead 1 f_dead 1
   01CB 21 20 00      [10]  598 	ld	hl, #0x0020
   01CE E5            [11]  599 	push	hl
                            600 ;	genIpush
                            601 ;	genMove_o size 2 result type 2 source type 7 a_dead 1 hl_dead 1 de_dead 1 iy_dead 1 f_dead 1
   01CF 21r6Es02      [10]  602 	ld	hl, #___str_2
   01D2 E5            [11]  603 	push	hl
                            604 ;	genSend
                            605 ;	genMove_o size 2 result type 2 source type 7 a_dead 1 hl_dead 1 de_dead 1 iy_dead 1 f_dead 1
   01D3 11r08s04      [10]  606 	ld	de, #___str_11
                            607 ;	genSend
                            608 ;	genMove_o size 2 result type 2 source type 7 a_dead 1 hl_dead 1 de_dead 0 iy_dead 1 f_dead 1
   01D6 21r32s02      [10]  609 	ld	hl, #___str_0
                            610 ;	genCall
   01D9 CDr00s00      [17]  611 	call	___fail
                            612 ;	genLabel
   01DC                     613 00122$:
                            614 ;cases/iso646/iso646_type_short_attr_volatile_storage_static.c:33: ASSERT((short)(left xor 0xc1ec) == (short)0xFC1B);
                            615 ;	genPlus
                            616 ;	genMove_o size 2 result type 2 source type 10 a_dead 1 hl_dead 1 de_dead 1 iy_dead 1 f_dead 1
   01DC 2Ar00s00      [16]  617 	ld	hl, (___numTests)
   01DF 23            [ 6]  618 	inc	hl
                            619 ;	genMove_o size 2 result type 10 source type 2 a_dead 1 hl_dead 1 de_dead 1 iy_dead 1 f_dead 1
   01E0 22r00s00      [16]  620 	ld	(___numTests), hl
                            621 ;	genCast
                            622 ;	genMove_o size 2 result type 2 source type 10 a_dead 1 hl_dead 1 de_dead 1 iy_dead 1 f_dead 1
   01E3 2Ar00s00      [16]  623 	ld	hl, (_testTwoOpBitwise_left_10000_32)
                            624 ;	genXor
   01E6 7D            [ 4]  625 	ld	a, l
   01E7 EE EC         [ 7]  626 	xor	a, #0xec
                            627 ;	genMove_o size 1 result type 2 source type 2 a_dead 1 hl_dead 0 de_dead 1 iy_dead 1 f_dead 1
   01E9 6F            [ 4]  628 	ld	l, a
                            629 ;	genMove_o size 0 result type 2 source type 1 a_dead 0 hl_dead 0 de_dead 1 iy_dead 1 f_dead 1
   01EA 7C            [ 4]  630 	ld	a, h
   01EB EE C1         [ 7]  631 	xor	a, #0xc1
                            632 ;	genMove_o size 1 result type 2 source type 2 a_dead 1 hl_dead 0 de_dead 1 iy_dead 1 f_dead 1
                            633 ;	genCast
                            634 ;	genMove_o size 2 result type 2 source type 2 a_dead 1 hl_dead 1 de_dead 1 iy_dead 1 f_dead 1
   01ED 67            [ 4]  635 	ld	h, a
                            636 ;	genMove_o size 0 result type 2 source type 1 a_dead 1 hl_dead 1 de_dead 1 iy_dead 1 f_dead 1
                            637 ;	genCmpEq
   01EE 11 1B FC      [10]  638 	ld	de, #0xfc1b
   01F1 BF            [ 4]  639 	cp	a, a
   01F2 ED 52         [15]  640 	sbc	hl, de
                            641 ; common peephole 163 changed absolute to relative conditional jump.
   01F4 28 11         [12]  642 	jr	z, 00124$
                            643 ; common peephole 81 removed jp by using inverse jump logic
                            644 ; common peephole 159 removed unused label 00233$.
                            645 ;	skipping generated iCode
                            646 ;	skipping iCode since result will be rematerialized
                            647 ;	skipping iCode since result will be rematerialized
                            648 ;	skipping iCode since result will be rematerialized
                            649 ;	skipping iCode since result will be rematerialized
                            650 ;	skipping iCode since result will be rematerialized
                            651 ;	skipping iCode since result will be rematerialized
                            652 ;	genIpush
                            653 ;	genMove_o size 2 result type 2 source type 1 a_dead 1 hl_dead 1 de_dead 1 iy_dead 1 f_dead 1
   01F6 21 21 00      [10]  654 	ld	hl, #0x0021
   01F9 E5            [11]  655 	push	hl
                            656 ;	genIpush
                            657 ;	genMove_o size 2 result type 2 source type 7 a_dead 1 hl_dead 1 de_dead 1 iy_dead 1 f_dead 1
   01FA 21r6Es02      [10]  658 	ld	hl, #___str_2
   01FD E5            [11]  659 	push	hl
                            660 ;	genSend
                            661 ;	genMove_o size 2 result type 2 source type 7 a_dead 1 hl_dead 1 de_dead 1 iy_dead 1 f_dead 1
   01FE 11r31s04      [10]  662 	ld	de, #___str_12
                            663 ;	genSend
                            664 ;	genMove_o size 2 result type 2 source type 7 a_dead 1 hl_dead 1 de_dead 0 iy_dead 1 f_dead 1
   0201 21r32s02      [10]  665 	ld	hl, #___str_0
                            666 ;	genCall
   0204 CDr00s00      [17]  667 	call	___fail
                            668 ;	genLabel
   0207                     669 00124$:
                            670 ;cases/iso646/iso646_type_short_attr_volatile_storage_static.c:34: ASSERT((short)(0x3df7 xor right) == (short)0xFC1B);
                            671 ;	genPlus
                            672 ;	genMove_o size 2 result type 2 source type 10 a_dead 1 hl_dead 1 de_dead 1 iy_dead 1 f_dead 1
   0207 2Ar00s00      [16]  673 	ld	hl, (___numTests)
   020A 23            [ 6]  674 	inc	hl
                            675 ;	genMove_o size 2 result type 10 source type 2 a_dead 1 hl_dead 1 de_dead 1 iy_dead 1 f_dead 1
   020B 22r00s00      [16]  676 	ld	(___numTests), hl
                            677 ;	genCast
                            678 ;	genMove_o size 2 result type 2 source type 10 a_dead 1 hl_dead 1 de_dead 1 iy_dead 1 f_dead 1
   020E 2Ar02s00      [16]  679 	ld	hl, (_testTwoOpBitwise_right_10000_32)
                            680 ;	genXor
   0211 7D            [ 4]  681 	ld	a, l
   0212 EE F7         [ 7]  682 	xor	a, #0xf7
                            683 ;	genMove_o size 1 result type 2 source type 2 a_dead 1 hl_dead 0 de_dead 1 iy_dead 1 f_dead 1
   0214 6F            [ 4]  684 	ld	l, a
                            685 ;	genMove_o size 0 result type 2 source type 1 a_dead 0 hl_dead 0 de_dead 1 iy_dead 1 f_dead 1
   0215 7C            [ 4]  686 	ld	a, h
   0216 EE 3D         [ 7]  687 	xor	a, #0x3d
                            688 ;	genMove_o size 1 result type 2 source type 2 a_dead 1 hl_dead 0 de_dead 1 iy_dead 1 f_dead 1
                            689 ;	genCast
                            690 ;	genMove_o size 2 result type 2 source type 2 a_dead 1 hl_dead 1 de_dead 1 iy_dead 1 f_dead 1
   0218 67            [ 4]  691 	ld	h, a
                            692 ;	genMove_o size 0 result type 2 source type 1 a_dead 1 hl_dead 1 de_dead 1 iy_dead 1 f_dead 1
                            693 ;	genCmpEq
   0219 11 1B FC      [10]  694 	ld	de, #0xfc1b
   021C BF            [ 4]  695 	cp	a, a
   021D ED 52         [15]  696 	sbc	hl, de
   021F C8            [11]  697 	ret	z
                            698 ; common peephole 161 replaced jump by return.
                            699 ; common peephole 81 removed jp by using inverse jump logic
                            700 ; common peephole 159 removed unused label 00234$.
                            701 ;	skipping generated iCode
                            702 ;	skipping iCode since result will be rematerialized
                            703 ;	skipping iCode since result will be rematerialized
                            704 ;	skipping iCode since result will be rematerialized
                            705 ;	skipping iCode since result will be rematerialized
                            706 ;	skipping iCode since result will be rematerialized
                            707 ;	skipping iCode since result will be rematerialized
                            708 ;	genIpush
                            709 ;	genMove_o size 2 result type 2 source type 1 a_dead 1 hl_dead 1 de_dead 1 iy_dead 1 f_dead 1
   0220 21 22 00      [10]  710 	ld	hl, #0x0022
   0223 E5            [11]  711 	push	hl
                            712 ;	genIpush
                            713 ;	genMove_o size 2 result type 2 source type 7 a_dead 1 hl_dead 1 de_dead 1 iy_dead 1 f_dead 1
   0224 21r6Es02      [10]  714 	ld	hl, #___str_2
   0227 E5            [11]  715 	push	hl
                            716 ;	genSend
                            717 ;	genMove_o size 2 result type 2 source type 7 a_dead 1 hl_dead 1 de_dead 1 iy_dead 1 f_dead 1
   0228 11r5Bs04      [10]  718 	ld	de, #___str_13
                            719 ;	genSend
                            720 ;	genMove_o size 2 result type 2 source type 7 a_dead 1 hl_dead 1 de_dead 0 iy_dead 1 f_dead 1
   022B 21r32s02      [10]  721 	ld	hl, #___str_0
                            722 ;	genCall
   022E CDr00s00      [17]  723 	call	___fail
                            724 ;	genLabel
                            725 ; common peephole 159 removed unused label 00101$.
                            726 ;cases/iso646/iso646_type_short_attr_volatile_storage_static.c:36: }
                            727 ;	genEndFunction
   0231 C9            [10]  728 	ret
                            729 ;	Total testTwoOpBitwise function size at codegen: 1 bytes.
   0232                     730 ___str_0:
   0232 41 73 73 65 72 74   731 	.ascii "Assertion failed"
        69 6F 6E 20 66 61
        69 6C 65 64
   0242 00                  732 	.db 0x00
   0243                     733 ___str_1:
   0243 28 73 68 6F 72 74   734 	.ascii "(short)(left bitand right) == (short)0x1E4"
        29 28 6C 65 66 74
        20 62 69 74 61 6E
        64 20 72 69 67 68
        74 29 20 3D 3D 20
        28 73 68 6F 72 74
        29 30 78 31 45 34
   026D 00                  735 	.db 0x00
   026E                     736 ___str_2:
   026E 63 61 73 65 73 2F   737 	.ascii "cases/iso646/iso646_type_short_attr_volatile_storage_static."
        69 73 6F 36 34 36
        2F 69 73 6F 36 34
        36 5F 74 79 70 65
        5F 73 68 6F 72 74
        5F 61 74 74 72 5F
        76 6F 6C 61 74 69
        6C 65 5F 73 74 6F
        72 61 67 65 5F 73
        74 61 74 69 63 2E
   02AA 63                  738 	.ascii "c"
   02AB 00                  739 	.db 0x00
   02AC                     740 ___str_3:
   02AC 28 73 68 6F 72 74   741 	.ascii "(short)(right bitand left) == (short)0x1E4"
        29 28 72 69 67 68
        74 20 62 69 74 61
        6E 64 20 6C 65 66
        74 29 20 3D 3D 20
        28 73 68 6F 72 74
        29 30 78 31 45 34
   02D6 00                  742 	.db 0x00
   02D7                     743 ___str_4:
   02D7 28 73 68 6F 72 74   744 	.ascii "(short)(left bitand 0xc1ec) == (short)0x1E4"
        29 28 6C 65 66 74
        20 62 69 74 61 6E
        64 20 30 78 63 31
        65 63 29 20 3D 3D
        20 28 73 68 6F 72
        74 29 30 78 31 45
        34
   0302 00                  745 	.db 0x00
   0303                     746 ___str_5:
   0303 28 73 68 6F 72 74   747 	.ascii "(short)(0x3df7 bitand right) == (short)0x1E4"
        29 28 30 78 33 64
        66 37 20 62 69 74
        61 6E 64 20 72 69
        67 68 74 29 20 3D
        3D 20 28 73 68 6F
        72 74 29 30 78 31
        45 34
   032F 00                  748 	.db 0x00
   0330                     749 ___str_6:
   0330 28 73 68 6F 72 74   750 	.ascii "(short)(left bitor right) == (short)0xFDFF"
        29 28 6C 65 66 74
        20 62 69 74 6F 72
        20 72 69 67 68 74
        29 20 3D 3D 20 28
        73 68 6F 72 74 29
        30 78 46 44 46 46
   035A 00                  751 	.db 0x00
   035B                     752 ___str_7:
   035B 28 73 68 6F 72 74   753 	.ascii "(short)(right bitor left) == (short)0xFDFF"
        29 28 72 69 67 68
        74 20 62 69 74 6F
        72 20 6C 65 66 74
        29 20 3D 3D 20 28
        73 68 6F 72 74 29
        30 78 46 44 46 46
   0385 00                  754 	.db 0x00
   0386                     755 ___str_8:
   0386 28 73 68 6F 72 74   756 	.ascii "(short)(left bitor 0xc1ec) == (short)0xFDFF"
        29 28 6C 65 66 74
        20 62 69 74 6F 72
        20 30 78 63 31 65
        63 29 20 3D 3D 20
        28 73 68 6F 72 74
        29 30 78 46 44 46
        46
   03B1 00                  757 	.db 0x00
   03B2                     758 ___str_9:
   03B2 28 73 68 6F 72 74   759 	.ascii "(short)(0x3df7 bitor right) == (short)0xFDFF"
        29 28 30 78 33 64
        66 37 20 62 69 74
        6F 72 20 72 69 67
        68 74 29 20 3D 3D
        20 28 73 68 6F 72
        74 29 30 78 46 44
        46 46
   03DE 00                  760 	.db 0x00
   03DF                     761 ___str_10:
   03DF 28 73 68 6F 72 74   762 	.ascii "(short)(left xor right) == (short)0xFC1B"
        29 28 6C 65 66 74
        20 78 6F 72 20 72
        69 67 68 74 29 20
        3D 3D 20 28 73 68
        6F 72 74 29 30 78
        46 43 31 42
   0407 00                  763 	.db 0x00
   0408                     764 ___str_11:
   0408 28 73 68 6F 72 74   765 	.ascii "(short)(right xor left) == (short)0xFC1B"
        29 28 72 69 67 68
        74 20 78 6F 72 20
        6C 65 66 74 29 20
        3D 3D 20 28 73 68
        6F 72 74 29 30 78
        46 43 31 42
   0430 00                  766 	.db 0x00
   0431                     767 ___str_12:
   0431 28 73 68 6F 72 74   768 	.ascii "(short)(left xor 0xc1ec) == (short)0xFC1B"
        29 28 6C 65 66 74
        20 78 6F 72 20 30
        78 63 31 65 63 29
        20 3D 3D 20 28 73
        68 6F 72 74 29 30
        78 46 43 31 42
   045A 00                  769 	.db 0x00
   045B                     770 ___str_13:
   045B 28 73 68 6F 72 74   771 	.ascii "(short)(0x3df7 xor right) == (short)0xFC1B"
        29 28 30 78 33 64
        66 37 20 78 6F 72
        20 72 69 67 68 74
        29 20 3D 3D 20 28
        73 68 6F 72 74 29
        30 78 46 43 31 42
   0485 00                  772 	.db 0x00
                            773 ;cases/iso646/iso646_type_short_attr_volatile_storage_static.c:39: alwaysTrue(void)
                            774 ;	genLabel
                            775 ;	genFunction
                            776 ;	---------------------------------
                            777 ; Function alwaysTrue
                            778 ; ---------------------------------
                            779 ;	Register assignment is optimal.
                            780 ; Stack space usage: 0 bytes.
   0486                     781 _alwaysTrue:
                            782 ;cases/iso646/iso646_type_short_attr_volatile_storage_static.c:41: return (short)1;
                            783 ;	genRet
                            784 ;	genMove_o size 2 result type 2 source type 1 a_dead 1 hl_dead 1 de_dead 1 iy_dead 1 f_dead 1
   0486 11 01 00      [10]  785 	ld	de, #0x0001
                            786 ;	genLabel
                            787 ; common peephole 159 removed unused label 00101$.
                            788 ;cases/iso646/iso646_type_short_attr_volatile_storage_static.c:42: }
                            789 ;	genEndFunction
   0489 C9            [10]  790 	ret
                            791 ;	Total alwaysTrue function size at codegen: 1 bytes.
                            792 ;cases/iso646/iso646_type_short_attr_volatile_storage_static.c:45: alwaysFalse(void)
                            793 ;	genLabel
                            794 ;	genFunction
                            795 ;	---------------------------------
                            796 ; Function alwaysFalse
                            797 ; ---------------------------------
                            798 ;	Register assignment is optimal.
                            799 ; Stack space usage: 0 bytes.
   048A                     800 _alwaysFalse:
                            801 ;cases/iso646/iso646_type_short_attr_volatile_storage_static.c:47: return 0;
                            802 ;	genRet
                            803 ;	genMove_o size 2 result type 2 source type 1 a_dead 1 hl_dead 1 de_dead 1 iy_dead 1 f_dead 1
   048A 11 00 00      [10]  804 	ld	de, #0x0000
                            805 ;	genLabel
                            806 ; common peephole 159 removed unused label 00101$.
                            807 ;cases/iso646/iso646_type_short_attr_volatile_storage_static.c:48: }
                            808 ;	genEndFunction
   048D C9            [10]  809 	ret
                            810 ;	Total alwaysFalse function size at codegen: 1 bytes.
                            811 ;cases/iso646/iso646_type_short_attr_volatile_storage_static.c:51: testNot(void)
                            812 ;	genLabel
                            813 ;	genFunction
                            814 ;	---------------------------------
                            815 ; Function testNot
                            816 ; ---------------------------------
                            817 ;	Register assignment might be sub-optimal.
                            818 ; Stack space usage: 2 bytes.
   048E                     819 _testNot:
   048E DD E5         [15]  820 	push	ix
   0490 DD 21 00 00   [14]  821 	ld	ix,	#0
   0494 DD 39         [15]  822 	add	ix, sp
                            823 ;	adjustStack by -2
   0496 F5            [11]  824 	push	af
                            825 ;cases/iso646/iso646_type_short_attr_volatile_storage_static.c:53: short true_ = alwaysTrue();
                            826 ;	genCall
   0497 CDr86s04      [17]  827 	call	_alwaysTrue
                            828 ;	genMove_o size 2 result type 6 source type 2 a_dead 1 hl_dead 1 de_dead 1 iy_dead 1 f_dead 1
   049A E1            [10]  829 	pop	hl
   049B D5            [11]  830 	push	de
                            831 ;	genMove_o size 0 result type 6 source type 1 a_dead 1 hl_dead 1 de_dead 1 iy_dead 1 f_dead 1
                            832 ;cases/iso646/iso646_type_short_attr_volatile_storage_static.c:54: short false_ = alwaysFalse();
                            833 ;	genCall
   049C CDr8As04      [17]  834 	call	_alwaysFalse
                            835 ;	genMove_o size 2 result type 2 source type 2 a_dead 1 hl_dead 1 de_dead 1 iy_dead 1 f_dead 1
   049F 4B            [ 4]  836 	ld	c, e
   04A0 42            [ 4]  837 	ld	b, d
                            838 ;	genMove_o size 0 result type 2 source type 1 a_dead 1 hl_dead 1 de_dead 1 iy_dead 1 f_dead 1
                            839 ;cases/iso646/iso646_type_short_attr_volatile_storage_static.c:56: ASSERT(not false_);
                            840 ;	genPlus
                            841 ;	genMove_o size 2 result type 2 source type 10 a_dead 1 hl_dead 1 de_dead 1 iy_dead 1 f_dead 1
   04A1 2Ar00s00      [16]  842 	ld	hl, (___numTests)
   04A4 23            [ 6]  843 	inc	hl
                            844 ;	genMove_o size 2 result type 10 source type 2 a_dead 1 hl_dead 1 de_dead 1 iy_dead 1 f_dead 1
   04A5 22r00s00      [16]  845 	ld	(___numTests), hl
                            846 ;	genIfx
   04A8 78            [ 4]  847 	ld	a, b
   04A9 B1            [ 4]  848 	or	a, c
                            849 ; common peephole 163 changed absolute to relative conditional jump.
   04AA 28 13         [12]  850 	jr	z, 00104$
                            851 ;	skipping iCode since result will be rematerialized
                            852 ;	skipping iCode since result will be rematerialized
                            853 ;	skipping iCode since result will be rematerialized
                            854 ;	skipping iCode since result will be rematerialized
                            855 ;	skipping iCode since result will be rematerialized
                            856 ;	skipping iCode since result will be rematerialized
                            857 ;	genIpush
   04AC C5            [11]  858 	push	bc
                            859 ;	genMove_o size 2 result type 2 source type 1 a_dead 1 hl_dead 1 de_dead 1 iy_dead 1 f_dead 1
   04AD 21 38 00      [10]  860 	ld	hl, #0x0038
   04B0 E5            [11]  861 	push	hl
                            862 ;	genIpush
                            863 ;	genMove_o size 2 result type 2 source type 7 a_dead 1 hl_dead 1 de_dead 1 iy_dead 1 f_dead 1
   04B1 21r3Fs05      [10]  864 	ld	hl, #___str_16
   04B4 E5            [11]  865 	push	hl
                            866 ;	genSend
                            867 ;	genMove_o size 2 result type 2 source type 7 a_dead 1 hl_dead 1 de_dead 1 iy_dead 1 f_dead 1
   04B5 11r34s05      [10]  868 	ld	de, #___str_15
                            869 ;	genSend
                            870 ;	genMove_o size 2 result type 2 source type 7 a_dead 1 hl_dead 1 de_dead 0 iy_dead 1 f_dead 1
   04B8 21r23s05      [10]  871 	ld	hl, #___str_14
                            872 ;	genCall
   04BB CDr00s00      [17]  873 	call	___fail
   04BE C1            [10]  874 	pop	bc
                            875 ;	genLabel
   04BF                     876 00104$:
                            877 ;cases/iso646/iso646_type_short_attr_volatile_storage_static.c:57: ASSERT(not not true_);
                            878 ;	genPlus
                            879 ;	genMove_o size 2 result type 2 source type 10 a_dead 1 hl_dead 1 de_dead 1 iy_dead 1 f_dead 1
   04BF 2Ar00s00      [16]  880 	ld	hl, (___numTests)
   04C2 23            [ 6]  881 	inc	hl
                            882 ;	genMove_o size 2 result type 10 source type 2 a_dead 1 hl_dead 1 de_dead 1 iy_dead 1 f_dead 1
   04C3 22r00s00      [16]  883 	ld	(___numTests), hl
                            884 ;	genIfx
   04C6 DD 7E FF      [19]  885 	ld	a, -1 (ix)
   04C9 DD B6 FE      [19]  886 	or	a, -2 (ix)
                            887 ; common peephole 163 changed absolute to relative conditional jump.
   04CC 20 13         [12]  888 	jr	nz, 00106$
                            889 ;	skipping iCode since result will be rematerialized
                            890 ;	skipping iCode since result will be rematerialized
                            891 ;	skipping iCode since result will be rematerialized
                            892 ;	skipping iCode since result will be rematerialized
                            893 ;	skipping iCode since result will be rematerialized
                            894 ;	skipping iCode since result will be rematerialized
                            895 ;	genIpush
   04CE C5            [11]  896 	push	bc
                            897 ;	genMove_o size 2 result type 2 source type 1 a_dead 1 hl_dead 1 de_dead 1 iy_dead 1 f_dead 1
   04CF 21 39 00      [10]  898 	ld	hl, #0x0039
   04D2 E5            [11]  899 	push	hl
                            900 ;	genIpush
                            901 ;	genMove_o size 2 result type 2 source type 7 a_dead 1 hl_dead 1 de_dead 1 iy_dead 1 f_dead 1
   04D3 21r3Fs05      [10]  902 	ld	hl, #___str_16
   04D6 E5            [11]  903 	push	hl
                            904 ;	genSend
                            905 ;	genMove_o size 2 result type 2 source type 7 a_dead 1 hl_dead 1 de_dead 1 iy_dead 1 f_dead 1
   04D7 11r7Ds05      [10]  906 	ld	de, #___str_17
                            907 ;	genSend
                            908 ;	genMove_o size 2 result type 2 source type 7 a_dead 1 hl_dead 1 de_dead 0 iy_dead 1 f_dead 1
   04DA 21r23s05      [10]  909 	ld	hl, #___str_14
                            910 ;	genCall
   04DD CDr00s00      [17]  911 	call	___fail
   04E0 C1            [10]  912 	pop	bc
                            913 ;	genLabel
   04E1                     914 00106$:
                            915 ;cases/iso646/iso646_type_short_attr_volatile_storage_static.c:58: ASSERT(not not not false_);
                            916 ;	genPlus
                            917 ;	genMove_o size 2 result type 2 source type 10 a_dead 1 hl_dead 1 de_dead 1 iy_dead 1 f_dead 1
   04E1 2Ar00s00      [16]  918 	ld	hl, (___numTests)
   04E4 23            [ 6]  919 	inc	hl
                            920 ;	genMove_o size 2 result type 10 source type 2 a_dead 1 hl_dead 1 de_dead 1 iy_dead 1 f_dead 1
   04E5 22r00s00      [16]  921 	ld	(___numTests), hl
                            922 ;	genIfx
   04E8 78            [ 4]  923 	ld	a, b
   04E9 B1            [ 4]  924 	or	a, c
                            925 ; common peephole 163 changed absolute to relative conditional jump.
   04EA 28 13         [12]  926 	jr	z, 00108$
                            927 ;	skipping iCode since result will be rematerialized
                            928 ;	skipping iCode since result will be rematerialized
                            929 ;	skipping iCode since result will be rematerialized
                            930 ;	skipping iCode since result will be rematerialized
                            931 ;	skipping iCode since result will be rematerialized
                            932 ;	skipping iCode since result will be rematerialized
                            933 ;	genIpush
   04EC C5            [11]  934 	push	bc
                            935 ;	genMove_o size 2 result type 2 source type 1 a_dead 1 hl_dead 1 de_dead 1 iy_dead 1 f_dead 1
   04ED 21 3A 00      [10]  936 	ld	hl, #0x003a
   04F0 E5            [11]  937 	push	hl
                            938 ;	genIpush
                            939 ;	genMove_o size 2 result type 2 source type 7 a_dead 1 hl_dead 1 de_dead 1 iy_dead 1 f_dead 1
   04F1 21r3Fs05      [10]  940 	ld	hl, #___str_16
   04F4 E5            [11]  941 	push	hl
                            942 ;	genSend
                            943 ;	genMove_o size 2 result type 2 source type 7 a_dead 1 hl_dead 1 de_dead 1 iy_dead 1 f_dead 1
   04F5 11r8Bs05      [10]  944 	ld	de, #___str_18
                            945 ;	genSend
                            946 ;	genMove_o size 2 result type 2 source type 7 a_dead 1 hl_dead 1 de_dead 0 iy_dead 1 f_dead 1
   04F8 21r23s05      [10]  947 	ld	hl, #___str_14
                            948 ;	genCall
   04FB CDr00s00      [17]  949 	call	___fail
   04FE C1            [10]  950 	pop	bc
                            951 ;	genLabel
   04FF                     952 00108$:
                            953 ;cases/iso646/iso646_type_short_attr_volatile_storage_static.c:59: ASSERT(true_ not_eq false_);
                            954 ;	genPlus
                            955 ;	genMove_o size 2 result type 2 source type 10 a_dead 1 hl_dead 1 de_dead 1 iy_dead 1 f_dead 1
   04FF 2Ar00s00      [16]  956 	ld	hl, (___numTests)
   0502 23            [ 6]  957 	inc	hl
                            958 ;	genMove_o size 2 result type 10 source type 2 a_dead 1 hl_dead 1 de_dead 1 iy_dead 1 f_dead 1
   0503 22r00s00      [16]  959 	ld	(___numTests), hl
                            960 ;	genCmpEq
                            961 ;	genMove_o size 2 result type 2 source type 6 a_dead 1 hl_dead 1 de_dead 1 iy_dead 1 f_dead 1
   0506 E1            [10]  962 	pop	hl
   0507 E5            [11]  963 	push	hl
                            964 ;	genMove_o size 0 result type 2 source type 1 a_dead 1 hl_dead 1 de_dead 1 iy_dead 1 f_dead 1
   0508 AF            [ 4]  965 	xor	a, a
   0509 ED 42         [15]  966 	sbc	hl, bc
                            967 ; common peephole 81 removed jp by using inverse jump logic
                            968 ; common peephole 159 removed unused label 00143$.
                            969 ; common peephole 163 changed absolute to relative conditional jump.
   050B 20 11         [12]  970 	jr	nz, 00101$
                            971 ; common peephole 82 removed jp by using inverse jump logic
                            972 ; common peephole 159 removed unused label 00144$.
                            973 ;	skipping generated iCode
                            974 ;	skipping iCode since result will be rematerialized
                            975 ;	skipping iCode since result will be rematerialized
                            976 ;	skipping iCode since result will be rematerialized
                            977 ;	skipping iCode since result will be rematerialized
                            978 ;	skipping iCode since result will be rematerialized
                            979 ;	skipping iCode since result will be rematerialized
                            980 ;	genIpush
                            981 ;	genMove_o size 2 result type 2 source type 1 a_dead 1 hl_dead 1 de_dead 1 iy_dead 1 f_dead 1
   050D 21 3B 00      [10]  982 	ld	hl, #0x003b
   0510 E5            [11]  983 	push	hl
                            984 ;	genIpush
                            985 ;	genMove_o size 2 result type 2 source type 7 a_dead 1 hl_dead 1 de_dead 1 iy_dead 1 f_dead 1
   0511 21r3Fs05      [10]  986 	ld	hl, #___str_16
   0514 E5            [11]  987 	push	hl
                            988 ;	genSend
                            989 ;	genMove_o size 2 result type 2 source type 7 a_dead 1 hl_dead 1 de_dead 1 iy_dead 1 f_dead 1
   0515 11r9Es05      [10]  990 	ld	de, #___str_19
                            991 ;	genSend
                            992 ;	genMove_o size 2 result type 2 source type 7 a_dead 1 hl_dead 1 de_dead 0 iy_dead 1 f_dead 1
   0518 21r23s05      [10]  993 	ld	hl, #___str_14
                            994 ;	genCall
   051B CDr00s00      [17]  995 	call	___fail
                            996 ;	genLabel
   051E                     997 00101$:
                            998 ;cases/iso646/iso646_type_short_attr_volatile_storage_static.c:60: }
                            999 ;	genEndFunction
   051E DD F9         [10] 1000 	ld	sp, ix
   0520 DD E1         [14] 1001 	pop	ix
   0522 C9            [10] 1002 	ret
                           1003 ;	Total testNot function size at codegen: 5 bytes.
   0523                    1004 ___str_14:
   0523 41 73 73 65 72 74  1005 	.ascii "Assertion failed"
        69 6F 6E 20 66 61
        69 6C 65 64
   0533 00                 1006 	.db 0x00
   0534                    1007 ___str_15:
   0534 6E 6F 74 20 66 61  1008 	.ascii "not false_"
        6C 73 65 5F
   053E 00                 1009 	.db 0x00
   053F                    1010 ___str_16:
   053F 63 61 73 65 73 2F  1011 	.ascii "cases/iso646/iso646_type_short_attr_volatile_storage_static."
        69 73 6F 36 34 36
        2F 69 73 6F 36 34
        36 5F 74 79 70 65
        5F 73 68 6F 72 74
        5F 61 74 74 72 5F
        76 6F 6C 61 74 69
        6C 65 5F 73 74 6F
        72 61 67 65 5F 73
        74 61 74 69 63 2E
   057B 63                 1012 	.ascii "c"
   057C 00                 1013 	.db 0x00
   057D                    1014 ___str_17:
   057D 6E 6F 74 20 6E 6F  1015 	.ascii "not not true_"
        74 20 74 72 75 65
        5F
   058A 00                 1016 	.db 0x00
   058B                    1017 ___str_18:
   058B 6E 6F 74 20 6E 6F  1018 	.ascii "not not not false_"
        74 20 6E 6F 74 20
        66 61 6C 73 65 5F
   059D 00                 1019 	.db 0x00
   059E                    1020 ___str_19:
   059E 74 72 75 65 5F 20  1021 	.ascii "true_ not_eq false_"
        6E 6F 74 5F 65 71
        20 66 61 6C 73 65
        5F
   05B1 00                 1022 	.db 0x00
                           1023 ;cases/iso646/iso646_type_short_attr_volatile_storage_static.c:63: testUnary(void)
                           1024 ;	genLabel
                           1025 ;	genFunction
                           1026 ;	---------------------------------
                           1027 ; Function testUnary
                           1028 ; ---------------------------------
                           1029 ;	Register assignment is optimal.
                           1030 ; Stack space usage: 2 bytes.
   05B2                    1031 _testUnary:
                           1032 ;	adjustStack by -2
   05B2 F5            [11] 1033 	push	af
                           1034 ;cases/iso646/iso646_type_short_attr_volatile_storage_static.c:66: ASSERT(compl 0xaa55 == ~0xaa55);
                           1035 ;	genPlus
                           1036 ;	genMove_o size 2 result type 2 source type 10 a_dead 1 hl_dead 1 de_dead 1 iy_dead 1 f_dead 1
   05B3 2Ar00s00      [16] 1037 	ld	hl, (___numTests)
   05B6 23            [ 6] 1038 	inc	hl
                           1039 ;	genMove_o size 2 result type 10 source type 2 a_dead 1 hl_dead 1 de_dead 1 iy_dead 1 f_dead 1
                           1040 ;cases/iso646/iso646_type_short_attr_volatile_storage_static.c:67: ASSERT(bitand i == &i);
                           1041 ;	genPlus
                           1042 ;	genMove_o size 2 result type 2 source type 10 a_dead 1 hl_dead 1 de_dead 1 iy_dead 1 f_dead 1
                           1043 ; common peephole 9b reused value still in hl.
   05B7 22r00s00      [16] 1044 	ld	(___numTests), hl
   05BA 23            [ 6] 1045 	inc	hl
                           1046 ;	genMove_o size 2 result type 10 source type 2 a_dead 1 hl_dead 1 de_dead 1 iy_dead 1 f_dead 1
   05BB 22r00s00      [16] 1047 	ld	(___numTests), hl
                           1048 ;	genLabel
                           1049 ; common peephole 159 removed unused label 00101$.
                           1050 ;cases/iso646/iso646_type_short_attr_volatile_storage_static.c:68: }
                           1051 ;	genEndFunction
                           1052 ;	adjustStack by 2
   05BE F1            [10] 1053 	pop	af
   05BF C9            [10] 1054 	ret
                           1055 ;	Total testUnary function size at codegen: 2 bytes.
   05C0                    1056 __str_20:
   05C0 41 73 73 65 72 74  1057 	.ascii "Assertion failed"
        69 6F 6E 20 66 61
        69 6C 65 64
   05D0 00                 1058 	.db 0x00
   05D1                    1059 __str_21:
   05D1 63 6F 6D 70 6C 20  1060 	.ascii "compl 0xaa55 == ~0xaa55"
        30 78 61 61 35 35
        20 3D 3D 20 7E 30
        78 61 61 35 35
   05E8 00                 1061 	.db 0x00
   05E9                    1062 __str_22:
   05E9 63 61 73 65 73 2F  1063 	.ascii "cases/iso646/iso646_type_short_attr_volatile_storage_static."
        69 73 6F 36 34 36
        2F 69 73 6F 36 34
        36 5F 74 79 70 65
        5F 73 68 6F 72 74
        5F 61 74 74 72 5F
        76 6F 6C 61 74 69
        6C 65 5F 73 74 6F
        72 61 67 65 5F 73
        74 61 74 69 63 2E
   0625 63                 1064 	.ascii "c"
   0626 00                 1065 	.db 0x00
   0627                    1066 __str_23:
   0627 62 69 74 61 6E 64  1067 	.ascii "bitand i == &i"
        20 69 20 3D 3D 20
        26 69
   0635 00                 1068 	.db 0x00
                           1069 ;cases/iso646/iso646_type_short_attr_volatile_storage_static.c:72: __runSuite(void)
                           1070 ;	genLabel
                           1071 ;	genFunction
                           1072 ;	---------------------------------
                           1073 ; Function __runSuite
                           1074 ; ---------------------------------
                           1075 ;	Register assignment is optimal.
                           1076 ; Stack space usage: 0 bytes.
   0636                    1077 ___runSuite::
                           1078 ;cases/iso646/iso646_type_short_attr_volatile_storage_static.c:74: __prints("Running testTwoOpBitwise\n");
                           1079 ;	skipping iCode since result will be rematerialized
                           1080 ;	skipping iCode since result will be rematerialized
                           1081 ;	genSend
                           1082 ;	genMove_o size 2 result type 2 source type 7 a_dead 1 hl_dead 1 de_dead 1 iy_dead 1 f_dead 1
   0636 21r51s06      [10] 1083 	ld	hl, #___str_24
                           1084 ;	genCall
   0639 CDr00s00      [17] 1085 	call	___prints
                           1086 ;cases/iso646/iso646_type_short_attr_volatile_storage_static.c:75: testTwoOpBitwise();
                           1087 ;	genCall
   063C CDr00s00      [17] 1088 	call	_testTwoOpBitwise
                           1089 ;cases/iso646/iso646_type_short_attr_volatile_storage_static.c:76: __prints("Running testNot\n");
                           1090 ;	skipping iCode since result will be rematerialized
                           1091 ;	skipping iCode since result will be rematerialized
                           1092 ;	genSend
                           1093 ;	genMove_o size 2 result type 2 source type 7 a_dead 1 hl_dead 1 de_dead 1 iy_dead 1 f_dead 1
   063F 21r6Bs06      [10] 1094 	ld	hl, #___str_25
                           1095 ;	genCall
   0642 CDr00s00      [17] 1096 	call	___prints
                           1097 ;cases/iso646/iso646_type_short_attr_volatile_storage_static.c:77: testNot();
                           1098 ;	genCall
   0645 CDr8Es04      [17] 1099 	call	_testNot
                           1100 ;cases/iso646/iso646_type_short_attr_volatile_storage_static.c:78: __prints("Running testUnary\n");
                           1101 ;	skipping iCode since result will be rematerialized
                           1102 ;	skipping iCode since result will be rematerialized
                           1103 ;	genSend
                           1104 ;	genMove_o size 2 result type 2 source type 7 a_dead 1 hl_dead 1 de_dead 1 iy_dead 1 f_dead 1
   0648 21r7Cs06      [10] 1105 	ld	hl, #___str_26
                           1106 ;	genCall
   064B CDr00s00      [17] 1107 	call	___prints
                           1108 ;cases/iso646/iso646_type_short_attr_volatile_storage_static.c:79: testUnary();
                           1109 ;	genCall
                           1110 ;	genLabel
                           1111 ; common peephole 159 removed unused label 00101$.
                           1112 ;cases/iso646/iso646_type_short_attr_volatile_storage_static.c:80: }
                           1113 ;	genEndFunction
   064E C3rB2s05      [10] 1114 	jp	_testUnary
                           1115 ; common peephole 152 removed unused ret.
                           1116 ;	Total __runSuite function size at codegen: 1 bytes.
   0651                    1117 ___str_24:
   0651 52 75 6E 6E 69 6E  1118 	.ascii "Running testTwoOpBitwise"
        67 20 74 65 73 74
        54 77 6F 4F 70 42
        69 74 77 69 73 65
   0669 0A                 1119 	.db 0x0a
   066A 00                 1120 	.db 0x00
   066B                    1121 ___str_25:
   066B 52 75 6E 6E 69 6E  1122 	.ascii "Running testNot"
        67 20 74 65 73 74
        4E 6F 74
   067A 0A                 1123 	.db 0x0a
   067B 00                 1124 	.db 0x00
   067C                    1125 ___str_26:
   067C 52 75 6E 6E 69 6E  1126 	.ascii "Running testUnary"
        67 20 74 65 73 74
        55 6E 61 72 79
   068D 0A                 1127 	.db 0x0a
   068E 00                 1128 	.db 0x00
                           1129 ;cases/iso646/iso646_type_short_attr_volatile_storage_static.c:85: __getSuiteName(void)
                           1130 ;	genLabel
                           1131 ;	genFunction
                           1132 ;	---------------------------------
                           1133 ; Function __getSuiteName
                           1134 ; ---------------------------------
                           1135 ;	Register assignment is optimal.
                           1136 ; Stack space usage: 0 bytes.
   068F                    1137 ___getSuiteName::
                           1138 ;cases/iso646/iso646_type_short_attr_volatile_storage_static.c:87: return "iso646_type_short_attr_volatile_storage_static";
                           1139 ;	skipping iCode since result will be rematerialized
                           1140 ;	skipping iCode since result will be rematerialized
                           1141 ;	genRet
                           1142 ;	genMove_o size 2 result type 2 source type 7 a_dead 1 hl_dead 1 de_dead 1 iy_dead 1 f_dead 1
   068F 11r95s06      [10] 1143 	ld	de, #___str_27
                           1144 ;	genLabel
                           1145 ; common peephole 159 removed unused label 00101$.
                           1146 ;cases/iso646/iso646_type_short_attr_volatile_storage_static.c:88: }
                           1147 ;	genEndFunction
   0692 C9            [10] 1148 	ret
                           1149 ;	Total __getSuiteName function size at codegen: 1 bytes.
   0693                    1150 ___numCases:
   0693 03 00              1151 	.dw #0x0003
   0695                    1152 ___str_27:
   0695 69 73 6F 36 34 36  1153 	.ascii "iso646_type_short_attr_volatile_storage_static"
        5F 74 79 70 65 5F
        73 68 6F 72 74 5F
        61 74 74 72 5F 76
        6F 6C 61 74 69 6C
        65 5F 73 74 6F 72
        61 67 65 5F 73 74
        61 74 69 63
   06C3 00                 1154 	.db 0x00
                           1155 	.area _CODE (BANK=_CSEG)
                           1156 	.area _INITIALIZER
                           1157 	.area _CABS (ABS)
