                              1 ;--------------------------------------------------------
                              2 ; File Created by SDCC : free open source ISO C Compiler
                              3 ; Version 4.6.2 #16710 (Linux)
                              4 ;--------------------------------------------------------
                              5 	.module muldiv_type_short_storage_none_attr_none
                              6 	
                              7 ;--------------------------------------------------------
                              8 ; Public variables in this module
                              9 ;--------------------------------------------------------
                             10 	.globl _testMod
                             11 	.globl _test16to32
                             12 	.globl _testDiv
                             13 	.globl _mark
                             14 	.globl _testMul
                             15 	.globl _testUnsignedMul
                             16 	.globl _testUnsignedModDiv
                             17 	.globl ___prints
                             18 	.globl ___numCases
                             19 	.globl ___runSuite
                             20 	.globl ___getSuiteName
                             21 ;--------------------------------------------------------
                             22 ; special function registers
                             23 ;--------------------------------------------------------
                             24 ;--------------------------------------------------------
                             25 ; ram data
                             26 ;--------------------------------------------------------
                             27 	.area _DATA (BANK=_DSEG)
                             28 ;--------------------------------------------------------
                             29 ; ram data
                             30 ;--------------------------------------------------------
                             31 	.area _INITIALIZED
                             32 ;--------------------------------------------------------
                             33 ; absolute ram data
                             34 ;--------------------------------------------------------
                             35 	.area _DABS (ABS)
                             36 	.area _DABS (ABS)
                             37 ;--------------------------------------------------------
                             38 ; global & static initialisations
                             39 ;--------------------------------------------------------
                             40 	.area _HOME
                             41 	.area _GSINIT
                             42 	.area _GSFINAL
                             43 	.area _GSINIT
                             44 ;--------------------------------------------------------
                             45 ; Home
                             46 ;--------------------------------------------------------
                             47 	.area _HOME (BANK=_CSEG)
                             48 	.area _HOME (BANK=_CSEG)
                             49 ;--------------------------------------------------------
                             50 ; code
                             51 ;--------------------------------------------------------
                             52 	.area _CODE (BANK=_CSEG)
                             53 ;cases/muldiv/muldiv_type_short_storage_none_attr_none.c:10: testUnsignedModDiv(void)
                             54 ;	genLabel
                             55 ;	genFunction
                             56 ;	---------------------------------
                             57 ; Function testUnsignedModDiv
                             58 ; ---------------------------------
                             59 ;	Register assignment is optimal.
                             60 ; Stack space usage: 0 bytes.
   0000                      61 _testUnsignedModDiv::
                             62 ;cases/muldiv/muldiv_type_short_storage_none_attr_none.c:20: ASSERT(result == 33);
                             63 ;	genPlus
                             64 ;	genMove_o size 2 result type 2 source type 10 a_dead 1 hl_dead 1 de_dead 1 iy_dead 1 f_dead 1
   0000 2Ar00s00      [16]   65 	ld	hl, (___numTests)
   0003 23            [ 6]   66 	inc	hl
                             67 ;	genMove_o size 2 result type 10 source type 2 a_dead 1 hl_dead 1 de_dead 1 iy_dead 1 f_dead 1
                             68 ;cases/muldiv/muldiv_type_short_storage_none_attr_none.c:23: ASSERT(result == 8);
                             69 ;	genPlus
                             70 ;	genMove_o size 2 result type 2 source type 10 a_dead 1 hl_dead 1 de_dead 1 iy_dead 1 f_dead 1
                             71 ; common peephole 9b reused value still in hl.
   0004 22r00s00      [16]   72 	ld	(___numTests), hl
   0007 23            [ 6]   73 	inc	hl
                             74 ;	genMove_o size 2 result type 10 source type 2 a_dead 1 hl_dead 1 de_dead 1 iy_dead 1 f_dead 1
                             75 ;cases/muldiv/muldiv_type_short_storage_none_attr_none.c:26: ASSERT(result == 2);
                             76 ;	genPlus
                             77 ;	genMove_o size 2 result type 2 source type 10 a_dead 1 hl_dead 1 de_dead 1 iy_dead 1 f_dead 1
                             78 ; common peephole 9b reused value still in hl.
   0008 22r00s00      [16]   79 	ld	(___numTests), hl
   000B 23            [ 6]   80 	inc	hl
                             81 ;	genMove_o size 2 result type 10 source type 2 a_dead 1 hl_dead 1 de_dead 1 iy_dead 1 f_dead 1
                             82 ;cases/muldiv/muldiv_type_short_storage_none_attr_none.c:29: ASSERT(result == 32);
                             83 ;	genPlus
                             84 ;	genMove_o size 2 result type 2 source type 10 a_dead 1 hl_dead 1 de_dead 1 iy_dead 1 f_dead 1
                             85 ; common peephole 9b reused value still in hl.
   000C 22r00s00      [16]   86 	ld	(___numTests), hl
   000F 23            [ 6]   87 	inc	hl
                             88 ;	genMove_o size 2 result type 10 source type 2 a_dead 1 hl_dead 1 de_dead 1 iy_dead 1 f_dead 1
   0010 22r00s00      [16]   89 	ld	(___numTests), hl
                             90 ;	genLabel
                             91 ; common peephole 159 removed unused label 00101$.
                             92 ;cases/muldiv/muldiv_type_short_storage_none_attr_none.c:32: }
                             93 ;	genEndFunction
   0013 C9            [10]   94 	ret
                             95 ;	Total testUnsignedModDiv function size at codegen: 1 bytes.
   0014                      96 ___str_0:
   0014 41 73 73 65 72 74    97 	.ascii "Assertion failed"
        69 6F 6E 20 66 61
        69 6C 65 64
   0024 00                   98 	.db 0x00
   0025                      99 ___str_1:
   0025 72 65 73 75 6C 74   100 	.ascii "result == 33"
        20 3D 3D 20 33 33
   0031 00                  101 	.db 0x00
   0032                     102 ___str_2:
   0032 63 61 73 65 73 2F   103 	.ascii "cases/muldiv/muldiv_type_short_storage_none_attr_none.c"
        6D 75 6C 64 69 76
        2F 6D 75 6C 64 69
        76 5F 74 79 70 65
        5F 73 68 6F 72 74
        5F 73 74 6F 72 61
        67 65 5F 6E 6F 6E
        65 5F 61 74 74 72
        5F 6E 6F 6E 65 2E
        63
   0069 00                  104 	.db 0x00
   006A                     105 ___str_3:
   006A 72 65 73 75 6C 74   106 	.ascii "result == 8"
        20 3D 3D 20 38
   0075 00                  107 	.db 0x00
   0076                     108 ___str_4:
   0076 72 65 73 75 6C 74   109 	.ascii "result == 2"
        20 3D 3D 20 32
   0081 00                  110 	.db 0x00
   0082                     111 ___str_5:
   0082 72 65 73 75 6C 74   112 	.ascii "result == 32"
        20 3D 3D 20 33 32
   008E 00                  113 	.db 0x00
                            114 ;cases/muldiv/muldiv_type_short_storage_none_attr_none.c:35: testUnsignedMul(void)
                            115 ;	genLabel
                            116 ;	genFunction
                            117 ;	---------------------------------
                            118 ; Function testUnsignedMul
                            119 ; ---------------------------------
                            120 ;	Register assignment is optimal.
                            121 ; Stack space usage: 0 bytes.
   008F                     122 _testUnsignedMul::
                            123 ;cases/muldiv/muldiv_type_short_storage_none_attr_none.c:45: ASSERT(result == 111);
                            124 ;	genPlus
                            125 ;	genMove_o size 2 result type 2 source type 10 a_dead 1 hl_dead 1 de_dead 1 iy_dead 1 f_dead 1
   008F 2Ar00s00      [16]  126 	ld	hl, (___numTests)
   0092 23            [ 6]  127 	inc	hl
                            128 ;	genMove_o size 2 result type 10 source type 2 a_dead 1 hl_dead 1 de_dead 1 iy_dead 1 f_dead 1
                            129 ;cases/muldiv/muldiv_type_short_storage_none_attr_none.c:48: ASSERT(result == ((unsigned short)444));
                            130 ;	genPlus
                            131 ;	genMove_o size 2 result type 2 source type 10 a_dead 1 hl_dead 1 de_dead 1 iy_dead 1 f_dead 1
                            132 ; common peephole 9b reused value still in hl.
   0093 22r00s00      [16]  133 	ld	(___numTests), hl
   0096 23            [ 6]  134 	inc	hl
                            135 ;	genMove_o size 2 result type 10 source type 2 a_dead 1 hl_dead 1 de_dead 1 iy_dead 1 f_dead 1
   0097 22r00s00      [16]  136 	ld	(___numTests), hl
                            137 ;	genLabel
                            138 ; common peephole 159 removed unused label 00101$.
                            139 ;cases/muldiv/muldiv_type_short_storage_none_attr_none.c:50: }
                            140 ;	genEndFunction
   009A C9            [10]  141 	ret
                            142 ;	Total testUnsignedMul function size at codegen: 1 bytes.
   009B                     143 ___str_6:
   009B 41 73 73 65 72 74   144 	.ascii "Assertion failed"
        69 6F 6E 20 66 61
        69 6C 65 64
   00AB 00                  145 	.db 0x00
   00AC                     146 ___str_7:
   00AC 72 65 73 75 6C 74   147 	.ascii "result == 111"
        20 3D 3D 20 31 31
        31
   00B9 00                  148 	.db 0x00
   00BA                     149 ___str_8:
   00BA 63 61 73 65 73 2F   150 	.ascii "cases/muldiv/muldiv_type_short_storage_none_attr_none.c"
        6D 75 6C 64 69 76
        2F 6D 75 6C 64 69
        76 5F 74 79 70 65
        5F 73 68 6F 72 74
        5F 73 74 6F 72 61
        67 65 5F 6E 6F 6E
        65 5F 61 74 74 72
        5F 6E 6F 6E 65 2E
        63
   00F1 00                  151 	.db 0x00
   00F2                     152 ___str_9:
   00F2 72 65 73 75 6C 74   153 	.ascii "result == ((unsigned short)444)"
        20 3D 3D 20 28 28
        75 6E 73 69 67 6E
        65 64 20 73 68 6F
        72 74 29 34 34 34
        29
   0111 00                  154 	.db 0x00
                            155 ;cases/muldiv/muldiv_type_short_storage_none_attr_none.c:53: testMul(void)
                            156 ;	genLabel
                            157 ;	genFunction
                            158 ;	---------------------------------
                            159 ; Function testMul
                            160 ; ---------------------------------
                            161 ;	Register assignment is optimal.
                            162 ; Stack space usage: 0 bytes.
   0112                     163 _testMul::
                            164 ;cases/muldiv/muldiv_type_short_storage_none_attr_none.c:64: ASSERT(result == 25);
                            165 ;	genPlus
                            166 ;	genMove_o size 2 result type 2 source type 10 a_dead 1 hl_dead 1 de_dead 1 iy_dead 1 f_dead 1
   0112 2Ar00s00      [16]  167 	ld	hl, (___numTests)
   0115 23            [ 6]  168 	inc	hl
                            169 ;	genMove_o size 2 result type 10 source type 2 a_dead 1 hl_dead 1 de_dead 1 iy_dead 1 f_dead 1
                            170 ;cases/muldiv/muldiv_type_short_storage_none_attr_none.c:66: ASSERT(i*-4 == -20);
                            171 ;	genPlus
                            172 ;	genMove_o size 2 result type 2 source type 10 a_dead 1 hl_dead 1 de_dead 1 iy_dead 1 f_dead 1
                            173 ; common peephole 9b reused value still in hl.
   0116 22r00s00      [16]  174 	ld	(___numTests), hl
   0119 23            [ 6]  175 	inc	hl
                            176 ;	genMove_o size 2 result type 10 source type 2 a_dead 1 hl_dead 1 de_dead 1 iy_dead 1 f_dead 1
                            177 ;cases/muldiv/muldiv_type_short_storage_none_attr_none.c:70: ASSERT(i*12 == -120);
                            178 ;	genPlus
                            179 ;	genMove_o size 2 result type 2 source type 10 a_dead 1 hl_dead 1 de_dead 1 iy_dead 1 f_dead 1
                            180 ; common peephole 9b reused value still in hl.
   011A 22r00s00      [16]  181 	ld	(___numTests), hl
   011D 23            [ 6]  182 	inc	hl
                            183 ;	genMove_o size 2 result type 10 source type 2 a_dead 1 hl_dead 1 de_dead 1 iy_dead 1 f_dead 1
                            184 ;cases/muldiv/muldiv_type_short_storage_none_attr_none.c:72: ASSERT(i*-3 == 30);
                            185 ;	genPlus
                            186 ;	genMove_o size 2 result type 2 source type 10 a_dead 1 hl_dead 1 de_dead 1 iy_dead 1 f_dead 1
                            187 ; common peephole 9b reused value still in hl.
   011E 22r00s00      [16]  188 	ld	(___numTests), hl
   0121 23            [ 6]  189 	inc	hl
                            190 ;	genMove_o size 2 result type 10 source type 2 a_dead 1 hl_dead 1 de_dead 1 iy_dead 1 f_dead 1
   0122 22r00s00      [16]  191 	ld	(___numTests), hl
                            192 ;	genLabel
                            193 ; common peephole 159 removed unused label 00101$.
                            194 ;cases/muldiv/muldiv_type_short_storage_none_attr_none.c:76: }
                            195 ;	genEndFunction
   0125 C9            [10]  196 	ret
                            197 ;	Total testMul function size at codegen: 1 bytes.
   0126                     198 ___str_10:
   0126 41 73 73 65 72 74   199 	.ascii "Assertion failed"
        69 6F 6E 20 66 61
        69 6C 65 64
   0136 00                  200 	.db 0x00
   0137                     201 ___str_11:
   0137 72 65 73 75 6C 74   202 	.ascii "result == 25"
        20 3D 3D 20 32 35
   0143 00                  203 	.db 0x00
   0144                     204 ___str_12:
   0144 63 61 73 65 73 2F   205 	.ascii "cases/muldiv/muldiv_type_short_storage_none_attr_none.c"
        6D 75 6C 64 69 76
        2F 6D 75 6C 64 69
        76 5F 74 79 70 65
        5F 73 68 6F 72 74
        5F 73 74 6F 72 61
        67 65 5F 6E 6F 6E
        65 5F 61 74 74 72
        5F 6E 6F 6E 65 2E
        63
   017B 00                  206 	.db 0x00
   017C                     207 ___str_13:
   017C 69 2A 2D 34 20 3D   208 	.ascii "i*-4 == -20"
        3D 20 2D 32 30
   0187 00                  209 	.db 0x00
   0188                     210 ___str_14:
   0188 69 2A 31 32 20 3D   211 	.ascii "i*12 == -120"
        3D 20 2D 31 32 30
   0194 00                  212 	.db 0x00
   0195                     213 ___str_15:
   0195 69 2A 2D 33 20 3D   214 	.ascii "i*-3 == 30"
        3D 20 33 30
   019F 00                  215 	.db 0x00
                            216 ;cases/muldiv/muldiv_type_short_storage_none_attr_none.c:78: void mark(void)
                            217 ;	genLabel
                            218 ;	genFunction
                            219 ;	---------------------------------
                            220 ; Function mark
                            221 ; ---------------------------------
                            222 ;	Register assignment is optimal.
                            223 ; Stack space usage: 0 bytes.
   01A0                     224 _mark::
                            225 ;cases/muldiv/muldiv_type_short_storage_none_attr_none.c:80: }
                            226 ;	genLabel
                            227 ; common peephole 159 removed unused label 00101$.
                            228 ;	genEndFunction
   01A0 C9            [10]  229 	ret
                            230 ;	Total mark function size at codegen: 1 bytes.
                            231 ;cases/muldiv/muldiv_type_short_storage_none_attr_none.c:83: testDiv(void)
                            232 ;	genLabel
                            233 ;	genFunction
                            234 ;	---------------------------------
                            235 ; Function testDiv
                            236 ; ---------------------------------
                            237 ;	Register assignment is optimal.
                            238 ; Stack space usage: 0 bytes.
   01A1                     239 _testDiv::
                            240 ;cases/muldiv/muldiv_type_short_storage_none_attr_none.c:90: ASSERT(i/5 == 20);
                            241 ;	genPlus
                            242 ;	genMove_o size 2 result type 2 source type 10 a_dead 1 hl_dead 1 de_dead 1 iy_dead 1 f_dead 1
   01A1 2Ar00s00      [16]  243 	ld	hl, (___numTests)
   01A4 23            [ 6]  244 	inc	hl
                            245 ;	genMove_o size 2 result type 10 source type 2 a_dead 1 hl_dead 1 de_dead 1 iy_dead 1 f_dead 1
                            246 ;cases/muldiv/muldiv_type_short_storage_none_attr_none.c:93: ASSERT(i/-4 == -25);
                            247 ;	genPlus
                            248 ;	genMove_o size 2 result type 2 source type 10 a_dead 1 hl_dead 1 de_dead 1 iy_dead 1 f_dead 1
                            249 ; common peephole 9b reused value still in hl.
   01A5 22r00s00      [16]  250 	ld	(___numTests), hl
   01A8 23            [ 6]  251 	inc	hl
                            252 ;	genMove_o size 2 result type 10 source type 2 a_dead 1 hl_dead 1 de_dead 1 iy_dead 1 f_dead 1
                            253 ;cases/muldiv/muldiv_type_short_storage_none_attr_none.c:97: ASSERT(i/25 == -2);
                            254 ;	genPlus
                            255 ;	genMove_o size 2 result type 2 source type 10 a_dead 1 hl_dead 1 de_dead 1 iy_dead 1 f_dead 1
                            256 ; common peephole 9b reused value still in hl.
   01A9 22r00s00      [16]  257 	ld	(___numTests), hl
   01AC 23            [ 6]  258 	inc	hl
                            259 ;	genMove_o size 2 result type 10 source type 2 a_dead 1 hl_dead 1 de_dead 1 iy_dead 1 f_dead 1
                            260 ;cases/muldiv/muldiv_type_short_storage_none_attr_none.c:99: ASSERT(i/-12 == 4);
                            261 ;	genPlus
                            262 ;	genMove_o size 2 result type 2 source type 10 a_dead 1 hl_dead 1 de_dead 1 iy_dead 1 f_dead 1
                            263 ; common peephole 9b reused value still in hl.
   01AD 22r00s00      [16]  264 	ld	(___numTests), hl
   01B0 23            [ 6]  265 	inc	hl
                            266 ;	genMove_o size 2 result type 10 source type 2 a_dead 1 hl_dead 1 de_dead 1 iy_dead 1 f_dead 1
                            267 ;cases/muldiv/muldiv_type_short_storage_none_attr_none.c:101: ASSERT(i/4 == -12);
                            268 ;	genPlus
                            269 ;	genMove_o size 2 result type 2 source type 10 a_dead 1 hl_dead 1 de_dead 1 iy_dead 1 f_dead 1
                            270 ; common peephole 9b reused value still in hl.
   01B1 22r00s00      [16]  271 	ld	(___numTests), hl
   01B4 23            [ 6]  272 	inc	hl
                            273 ;	genMove_o size 2 result type 10 source type 2 a_dead 1 hl_dead 1 de_dead 1 iy_dead 1 f_dead 1
   01B5 22r00s00      [16]  274 	ld	(___numTests), hl
                            275 ;	genLabel
                            276 ; common peephole 159 removed unused label 00101$.
                            277 ;cases/muldiv/muldiv_type_short_storage_none_attr_none.c:103: }
                            278 ;	genEndFunction
   01B8 C9            [10]  279 	ret
                            280 ;	Total testDiv function size at codegen: 1 bytes.
   01B9                     281 ___str_16:
   01B9 41 73 73 65 72 74   282 	.ascii "Assertion failed"
        69 6F 6E 20 66 61
        69 6C 65 64
   01C9 00                  283 	.db 0x00
   01CA                     284 ___str_17:
   01CA 69 2F 35 20 3D 3D   285 	.ascii "i/5 == 20"
        20 32 30
   01D3 00                  286 	.db 0x00
   01D4                     287 ___str_18:
   01D4 63 61 73 65 73 2F   288 	.ascii "cases/muldiv/muldiv_type_short_storage_none_attr_none.c"
        6D 75 6C 64 69 76
        2F 6D 75 6C 64 69
        76 5F 74 79 70 65
        5F 73 68 6F 72 74
        5F 73 74 6F 72 61
        67 65 5F 6E 6F 6E
        65 5F 61 74 74 72
        5F 6E 6F 6E 65 2E
        63
   020B 00                  289 	.db 0x00
   020C                     290 ___str_19:
   020C 69 2F 2D 34 20 3D   291 	.ascii "i/-4 == -25"
        3D 20 2D 32 35
   0217 00                  292 	.db 0x00
   0218                     293 ___str_20:
   0218 69 2F 32 35 20 3D   294 	.ascii "i/25 == -2"
        3D 20 2D 32
   0222 00                  295 	.db 0x00
   0223                     296 ___str_21:
   0223 69 2F 2D 31 32 20   297 	.ascii "i/-12 == 4"
        3D 3D 20 34
   022D 00                  298 	.db 0x00
   022E                     299 ___str_22:
   022E 69 2F 34 20 3D 3D   300 	.ascii "i/4 == -12"
        20 2D 31 32
   0238 00                  301 	.db 0x00
                            302 ;cases/muldiv/muldiv_type_short_storage_none_attr_none.c:106: test16to32(void)
                            303 ;	genLabel
                            304 ;	genFunction
                            305 ;	---------------------------------
                            306 ; Function test16to32
                            307 ; ---------------------------------
                            308 ;	Register assignment is optimal.
                            309 ; Stack space usage: 0 bytes.
   0239                     310 _test16to32::
                            311 ;cases/muldiv/muldiv_type_short_storage_none_attr_none.c:114: ASSERT((long)i * (long)j == 123l * (long)0xaa);
                            312 ;	genPlus
                            313 ;	genMove_o size 2 result type 2 source type 10 a_dead 1 hl_dead 1 de_dead 1 iy_dead 1 f_dead 1
   0239 2Ar00s00      [16]  314 	ld	hl, (___numTests)
   023C 23            [ 6]  315 	inc	hl
                            316 ;	genMove_o size 2 result type 10 source type 2 a_dead 1 hl_dead 1 de_dead 1 iy_dead 1 f_dead 1
                            317 ;cases/muldiv/muldiv_type_short_storage_none_attr_none.c:116: ASSERT((long)i * (long)j == -123l * (long)0xaa);
                            318 ;	genPlus
                            319 ;	genMove_o size 2 result type 2 source type 10 a_dead 1 hl_dead 1 de_dead 1 iy_dead 1 f_dead 1
                            320 ; common peephole 9b reused value still in hl.
   023D 22r00s00      [16]  321 	ld	(___numTests), hl
   0240 23            [ 6]  322 	inc	hl
                            323 ;	genMove_o size 2 result type 10 source type 2 a_dead 1 hl_dead 1 de_dead 1 iy_dead 1 f_dead 1
                            324 ;cases/muldiv/muldiv_type_short_storage_none_attr_none.c:120: ASSERT((long)i * (long)j == 42l * 42l);
                            325 ;	genPlus
                            326 ;	genMove_o size 2 result type 2 source type 10 a_dead 1 hl_dead 1 de_dead 1 iy_dead 1 f_dead 1
                            327 ; common peephole 9b reused value still in hl.
   0241 22r00s00      [16]  328 	ld	(___numTests), hl
   0244 23            [ 6]  329 	inc	hl
                            330 ;	genMove_o size 2 result type 10 source type 2 a_dead 1 hl_dead 1 de_dead 1 iy_dead 1 f_dead 1
                            331 ;cases/muldiv/muldiv_type_short_storage_none_attr_none.c:122: ASSERT((long)i * (long)j == -42l * 42l);
                            332 ;	genPlus
                            333 ;	genMove_o size 2 result type 2 source type 10 a_dead 1 hl_dead 1 de_dead 1 iy_dead 1 f_dead 1
                            334 ; common peephole 9b reused value still in hl.
   0245 22r00s00      [16]  335 	ld	(___numTests), hl
   0248 23            [ 6]  336 	inc	hl
                            337 ;	genMove_o size 2 result type 10 source type 2 a_dead 1 hl_dead 1 de_dead 1 iy_dead 1 f_dead 1
                            338 ;cases/muldiv/muldiv_type_short_storage_none_attr_none.c:124: ASSERT((long)i * (long)j == -42l * -42l);
                            339 ;	genPlus
                            340 ;	genMove_o size 2 result type 2 source type 10 a_dead 1 hl_dead 1 de_dead 1 iy_dead 1 f_dead 1
                            341 ; common peephole 9b reused value still in hl.
   0249 22r00s00      [16]  342 	ld	(___numTests), hl
   024C 23            [ 6]  343 	inc	hl
                            344 ;	genMove_o size 2 result type 10 source type 2 a_dead 1 hl_dead 1 de_dead 1 iy_dead 1 f_dead 1
                            345 ;cases/muldiv/muldiv_type_short_storage_none_attr_none.c:127: ASSERT((unsigned long)i * (unsigned long)j == 2342ul * 4223ul);
                            346 ;	genPlus
                            347 ;	genMove_o size 2 result type 2 source type 10 a_dead 1 hl_dead 1 de_dead 1 iy_dead 1 f_dead 1
                            348 ; common peephole 9b reused value still in hl.
   024D 22r00s00      [16]  349 	ld	(___numTests), hl
   0250 23            [ 6]  350 	inc	hl
                            351 ;	genMove_o size 2 result type 10 source type 2 a_dead 1 hl_dead 1 de_dead 1 iy_dead 1 f_dead 1
                            352 ;cases/muldiv/muldiv_type_short_storage_none_attr_none.c:128: ASSERT((long)i * (long)j == 2342l * 4223l);
                            353 ;	genPlus
                            354 ;	genMove_o size 2 result type 2 source type 10 a_dead 1 hl_dead 1 de_dead 1 iy_dead 1 f_dead 1
                            355 ; common peephole 9b reused value still in hl.
   0251 22r00s00      [16]  356 	ld	(___numTests), hl
   0254 23            [ 6]  357 	inc	hl
                            358 ;	genMove_o size 2 result type 10 source type 2 a_dead 1 hl_dead 1 de_dead 1 iy_dead 1 f_dead 1
                            359 ;cases/muldiv/muldiv_type_short_storage_none_attr_none.c:130: ASSERT((long)i * (long)j == 2342l * -4223l);
                            360 ;	genPlus
                            361 ;	genMove_o size 2 result type 2 source type 10 a_dead 1 hl_dead 1 de_dead 1 iy_dead 1 f_dead 1
                            362 ; common peephole 9b reused value still in hl.
   0255 22r00s00      [16]  363 	ld	(___numTests), hl
   0258 23            [ 6]  364 	inc	hl
                            365 ;	genMove_o size 2 result type 10 source type 2 a_dead 1 hl_dead 1 de_dead 1 iy_dead 1 f_dead 1
                            366 ;cases/muldiv/muldiv_type_short_storage_none_attr_none.c:132: ASSERT((long)i * (long)j == -2342l * -4223l);
                            367 ;	genPlus
                            368 ;	genMove_o size 2 result type 2 source type 10 a_dead 1 hl_dead 1 de_dead 1 iy_dead 1 f_dead 1
                            369 ; common peephole 9b reused value still in hl.
   0259 22r00s00      [16]  370 	ld	(___numTests), hl
   025C 23            [ 6]  371 	inc	hl
                            372 ;	genMove_o size 2 result type 10 source type 2 a_dead 1 hl_dead 1 de_dead 1 iy_dead 1 f_dead 1
                            373 ;cases/muldiv/muldiv_type_short_storage_none_attr_none.c:136: ASSERT((unsigned long)ui * (unsigned long)uj == 42ul * 42ul);
                            374 ;	genPlus
                            375 ;	genMove_o size 2 result type 2 source type 10 a_dead 1 hl_dead 1 de_dead 1 iy_dead 1 f_dead 1
                            376 ; common peephole 9b reused value still in hl.
   025D 22r00s00      [16]  377 	ld	(___numTests), hl
   0260 23            [ 6]  378 	inc	hl
                            379 ;	genMove_o size 2 result type 10 source type 2 a_dead 1 hl_dead 1 de_dead 1 iy_dead 1 f_dead 1
                            380 ;cases/muldiv/muldiv_type_short_storage_none_attr_none.c:139: ASSERT((unsigned long)ui * (unsigned long)uj == 2342ul * 4223ul);
                            381 ;	genPlus
                            382 ;	genMove_o size 2 result type 2 source type 10 a_dead 1 hl_dead 1 de_dead 1 iy_dead 1 f_dead 1
                            383 ; common peephole 9b reused value still in hl.
   0261 22r00s00      [16]  384 	ld	(___numTests), hl
   0264 23            [ 6]  385 	inc	hl
                            386 ;	genMove_o size 2 result type 10 source type 2 a_dead 1 hl_dead 1 de_dead 1 iy_dead 1 f_dead 1
                            387 ;cases/muldiv/muldiv_type_short_storage_none_attr_none.c:142: ASSERT((unsigned long)ui * (unsigned long)uj == 0xfffful * 0x8000ul);
                            388 ;	genPlus
                            389 ;	genMove_o size 2 result type 2 source type 10 a_dead 1 hl_dead 1 de_dead 1 iy_dead 1 f_dead 1
                            390 ; common peephole 9b reused value still in hl.
   0265 22r00s00      [16]  391 	ld	(___numTests), hl
   0268 23            [ 6]  392 	inc	hl
                            393 ;	genMove_o size 2 result type 10 source type 2 a_dead 1 hl_dead 1 de_dead 1 iy_dead 1 f_dead 1
   0269 22r00s00      [16]  394 	ld	(___numTests), hl
                            395 ;	genLabel
                            396 ; common peephole 159 removed unused label 00101$.
                            397 ;cases/muldiv/muldiv_type_short_storage_none_attr_none.c:144: }
                            398 ;	genEndFunction
   026C C9            [10]  399 	ret
                            400 ;	Total test16to32 function size at codegen: 1 bytes.
   026D                     401 ___str_23:
   026D 41 73 73 65 72 74   402 	.ascii "Assertion failed"
        69 6F 6E 20 66 61
        69 6C 65 64
   027D 00                  403 	.db 0x00
   027E                     404 ___str_24:
   027E 28 6C 6F 6E 67 29   405 	.ascii "(long)i * (long)j == 123l * (long)0xaa"
        69 20 2A 20 28 6C
        6F 6E 67 29 6A 20
        3D 3D 20 31 32 33
        6C 20 2A 20 28 6C
        6F 6E 67 29 30 78
        61 61
   02A4 00                  406 	.db 0x00
   02A5                     407 ___str_25:
   02A5 63 61 73 65 73 2F   408 	.ascii "cases/muldiv/muldiv_type_short_storage_none_attr_none.c"
        6D 75 6C 64 69 76
        2F 6D 75 6C 64 69
        76 5F 74 79 70 65
        5F 73 68 6F 72 74
        5F 73 74 6F 72 61
        67 65 5F 6E 6F 6E
        65 5F 61 74 74 72
        5F 6E 6F 6E 65 2E
        63
   02DC 00                  409 	.db 0x00
   02DD                     410 ___str_26:
   02DD 28 6C 6F 6E 67 29   411 	.ascii "(long)i * (long)j == -123l * (long)0xaa"
        69 20 2A 20 28 6C
        6F 6E 67 29 6A 20
        3D 3D 20 2D 31 32
        33 6C 20 2A 20 28
        6C 6F 6E 67 29 30
        78 61 61
   0304 00                  412 	.db 0x00
   0305                     413 ___str_27:
   0305 28 6C 6F 6E 67 29   414 	.ascii "(long)i * (long)j == 42l * 42l"
        69 20 2A 20 28 6C
        6F 6E 67 29 6A 20
        3D 3D 20 34 32 6C
        20 2A 20 34 32 6C
   0323 00                  415 	.db 0x00
   0324                     416 ___str_28:
   0324 28 6C 6F 6E 67 29   417 	.ascii "(long)i * (long)j == -42l * 42l"
        69 20 2A 20 28 6C
        6F 6E 67 29 6A 20
        3D 3D 20 2D 34 32
        6C 20 2A 20 34 32
        6C
   0343 00                  418 	.db 0x00
   0344                     419 ___str_29:
   0344 28 6C 6F 6E 67 29   420 	.ascii "(long)i * (long)j == -42l * -42l"
        69 20 2A 20 28 6C
        6F 6E 67 29 6A 20
        3D 3D 20 2D 34 32
        6C 20 2A 20 2D 34
        32 6C
   0364 00                  421 	.db 0x00
   0365                     422 ___str_30:
   0365 28 75 6E 73 69 67   423 	.ascii "(unsigned long)i * (unsigned long)j == 2342ul * 4223ul"
        6E 65 64 20 6C 6F
        6E 67 29 69 20 2A
        20 28 75 6E 73 69
        67 6E 65 64 20 6C
        6F 6E 67 29 6A 20
        3D 3D 20 32 33 34
        32 75 6C 20 2A 20
        34 32 32 33 75 6C
   039B 00                  424 	.db 0x00
   039C                     425 ___str_31:
   039C 28 6C 6F 6E 67 29   426 	.ascii "(long)i * (long)j == 2342l * 4223l"
        69 20 2A 20 28 6C
        6F 6E 67 29 6A 20
        3D 3D 20 32 33 34
        32 6C 20 2A 20 34
        32 32 33 6C
   03BE 00                  427 	.db 0x00
   03BF                     428 ___str_32:
   03BF 28 6C 6F 6E 67 29   429 	.ascii "(long)i * (long)j == 2342l * -4223l"
        69 20 2A 20 28 6C
        6F 6E 67 29 6A 20
        3D 3D 20 32 33 34
        32 6C 20 2A 20 2D
        34 32 32 33 6C
   03E2 00                  430 	.db 0x00
   03E3                     431 ___str_33:
   03E3 28 6C 6F 6E 67 29   432 	.ascii "(long)i * (long)j == -2342l * -4223l"
        69 20 2A 20 28 6C
        6F 6E 67 29 6A 20
        3D 3D 20 2D 32 33
        34 32 6C 20 2A 20
        2D 34 32 32 33 6C
   0407 00                  433 	.db 0x00
   0408                     434 ___str_34:
   0408 28 75 6E 73 69 67   435 	.ascii "(unsigned long)ui * (unsigned long)uj == 42ul * 42ul"
        6E 65 64 20 6C 6F
        6E 67 29 75 69 20
        2A 20 28 75 6E 73
        69 67 6E 65 64 20
        6C 6F 6E 67 29 75
        6A 20 3D 3D 20 34
        32 75 6C 20 2A 20
        34 32 75 6C
   043C 00                  436 	.db 0x00
   043D                     437 ___str_35:
   043D 28 75 6E 73 69 67   438 	.ascii "(unsigned long)ui * (unsigned long)uj == 2342ul * 4223ul"
        6E 65 64 20 6C 6F
        6E 67 29 75 69 20
        2A 20 28 75 6E 73
        69 67 6E 65 64 20
        6C 6F 6E 67 29 75
        6A 20 3D 3D 20 32
        33 34 32 75 6C 20
        2A 20 34 32 32 33
        75 6C
   0475 00                  439 	.db 0x00
   0476                     440 ___str_36:
   0476 28 75 6E 73 69 67   441 	.ascii "(unsigned long)ui * (unsigned long)uj == 0xfffful * 0x8000ul"
        6E 65 64 20 6C 6F
        6E 67 29 75 69 20
        2A 20 28 75 6E 73
        69 67 6E 65 64 20
        6C 6F 6E 67 29 75
        6A 20 3D 3D 20 30
        78 66 66 66 66 75
        6C 20 2A 20 30 78
        38 30 30 30 75 6C
   04B2 00                  442 	.db 0x00
                            443 ;cases/muldiv/muldiv_type_short_storage_none_attr_none.c:147: testMod(void)
                            444 ;	genLabel
                            445 ;	genFunction
                            446 ;	---------------------------------
                            447 ; Function testMod
                            448 ; ---------------------------------
                            449 ;	Register assignment is optimal.
                            450 ; Stack space usage: 0 bytes.
   04B3                     451 _testMod::
                            452 ;cases/muldiv/muldiv_type_short_storage_none_attr_none.c:156: ASSERT(i%17 == 15);
                            453 ;	genPlus
                            454 ;	genMove_o size 2 result type 2 source type 10 a_dead 1 hl_dead 1 de_dead 1 iy_dead 1 f_dead 1
   04B3 2Ar00s00      [16]  455 	ld	hl, (___numTests)
   04B6 23            [ 6]  456 	inc	hl
                            457 ;	genMove_o size 2 result type 10 source type 2 a_dead 1 hl_dead 1 de_dead 1 iy_dead 1 f_dead 1
                            458 ;cases/muldiv/muldiv_type_short_storage_none_attr_none.c:157: ASSERT(i%(unsigned char)19 == 5);
                            459 ;	genPlus
                            460 ;	genMove_o size 2 result type 2 source type 10 a_dead 1 hl_dead 1 de_dead 1 iy_dead 1 f_dead 1
                            461 ; common peephole 9b reused value still in hl.
   04B7 22r00s00      [16]  462 	ld	(___numTests), hl
   04BA 23            [ 6]  463 	inc	hl
                            464 ;	genMove_o size 2 result type 10 source type 2 a_dead 1 hl_dead 1 de_dead 1 iy_dead 1 f_dead 1
                            465 ;cases/muldiv/muldiv_type_short_storage_none_attr_none.c:160: ASSERT(i%-7 == 2);
                            466 ;	genPlus
                            467 ;	genMove_o size 2 result type 2 source type 10 a_dead 1 hl_dead 1 de_dead 1 iy_dead 1 f_dead 1
                            468 ; common peephole 9b reused value still in hl.
   04BB 22r00s00      [16]  469 	ld	(___numTests), hl
   04BE 23            [ 6]  470 	inc	hl
                            471 ;	genMove_o size 2 result type 10 source type 2 a_dead 1 hl_dead 1 de_dead 1 iy_dead 1 f_dead 1
                            472 ;cases/muldiv/muldiv_type_short_storage_none_attr_none.c:162: ASSERT(i%-8 == 4);
                            473 ;	genPlus
                            474 ;	genMove_o size 2 result type 2 source type 10 a_dead 1 hl_dead 1 de_dead 1 iy_dead 1 f_dead 1
                            475 ; common peephole 9b reused value still in hl.
   04BF 22r00s00      [16]  476 	ld	(___numTests), hl
   04C2 23            [ 6]  477 	inc	hl
                            478 ;	genMove_o size 2 result type 10 source type 2 a_dead 1 hl_dead 1 de_dead 1 iy_dead 1 f_dead 1
                            479 ;cases/muldiv/muldiv_type_short_storage_none_attr_none.c:166: ASSERT(i%3 == -1);
                            480 ;	genPlus
                            481 ;	genMove_o size 2 result type 2 source type 10 a_dead 1 hl_dead 1 de_dead 1 iy_dead 1 f_dead 1
                            482 ; common peephole 9b reused value still in hl.
   04C3 22r00s00      [16]  483 	ld	(___numTests), hl
   04C6 23            [ 6]  484 	inc	hl
                            485 ;	genMove_o size 2 result type 10 source type 2 a_dead 1 hl_dead 1 de_dead 1 iy_dead 1 f_dead 1
                            486 ;cases/muldiv/muldiv_type_short_storage_none_attr_none.c:168: ASSERT(i%-5 == -4);
                            487 ;	genPlus
                            488 ;	genMove_o size 2 result type 2 source type 10 a_dead 1 hl_dead 1 de_dead 1 iy_dead 1 f_dead 1
                            489 ; common peephole 9b reused value still in hl.
   04C7 22r00s00      [16]  490 	ld	(___numTests), hl
   04CA 23            [ 6]  491 	inc	hl
                            492 ;	genMove_o size 2 result type 10 source type 2 a_dead 1 hl_dead 1 de_dead 1 iy_dead 1 f_dead 1
                            493 ;cases/muldiv/muldiv_type_short_storage_none_attr_none.c:170: ASSERT(i%4 == -1);
                            494 ;	genPlus
                            495 ;	genMove_o size 2 result type 2 source type 10 a_dead 1 hl_dead 1 de_dead 1 iy_dead 1 f_dead 1
                            496 ; common peephole 9b reused value still in hl.
   04CB 22r00s00      [16]  497 	ld	(___numTests), hl
   04CE 23            [ 6]  498 	inc	hl
                            499 ;	genMove_o size 2 result type 10 source type 2 a_dead 1 hl_dead 1 de_dead 1 iy_dead 1 f_dead 1
   04CF 22r00s00      [16]  500 	ld	(___numTests), hl
                            501 ;	genLabel
                            502 ; common peephole 159 removed unused label 00101$.
                            503 ;cases/muldiv/muldiv_type_short_storage_none_attr_none.c:172: }
                            504 ;	genEndFunction
   04D2 C9            [10]  505 	ret
                            506 ;	Total testMod function size at codegen: 1 bytes.
   04D3                     507 ___str_37:
   04D3 41 73 73 65 72 74   508 	.ascii "Assertion failed"
        69 6F 6E 20 66 61
        69 6C 65 64
   04E3 00                  509 	.db 0x00
   04E4                     510 ___str_38:
   04E4 69 25 31 37 20 3D   511 	.ascii "i%17 == 15"
        3D 20 31 35
   04EE 00                  512 	.db 0x00
   04EF                     513 ___str_39:
   04EF 63 61 73 65 73 2F   514 	.ascii "cases/muldiv/muldiv_type_short_storage_none_attr_none.c"
        6D 75 6C 64 69 76
        2F 6D 75 6C 64 69
        76 5F 74 79 70 65
        5F 73 68 6F 72 74
        5F 73 74 6F 72 61
        67 65 5F 6E 6F 6E
        65 5F 61 74 74 72
        5F 6E 6F 6E 65 2E
        63
   0526 00                  515 	.db 0x00
   0527                     516 ___str_40:
   0527 69 25 28 75 6E 73   517 	.ascii "i%(unsigned char)19 == 5"
        69 67 6E 65 64 20
        63 68 61 72 29 31
        39 20 3D 3D 20 35
   053F 00                  518 	.db 0x00
   0540                     519 ___str_41:
   0540 69 25 2D 37 20 3D   520 	.ascii "i%-7 == 2"
        3D 20 32
   0549 00                  521 	.db 0x00
   054A                     522 ___str_42:
   054A 69 25 2D 38 20 3D   523 	.ascii "i%-8 == 4"
        3D 20 34
   0553 00                  524 	.db 0x00
   0554                     525 ___str_43:
   0554 69 25 33 20 3D 3D   526 	.ascii "i%3 == -1"
        20 2D 31
   055D 00                  527 	.db 0x00
   055E                     528 ___str_44:
   055E 69 25 2D 35 20 3D   529 	.ascii "i%-5 == -4"
        3D 20 2D 34
   0568 00                  530 	.db 0x00
   0569                     531 ___str_45:
   0569 69 25 34 20 3D 3D   532 	.ascii "i%4 == -1"
        20 2D 31
   0572 00                  533 	.db 0x00
                            534 ;cases/muldiv/muldiv_type_short_storage_none_attr_none.c:176: __runSuite(void)
                            535 ;	genLabel
                            536 ;	genFunction
                            537 ;	---------------------------------
                            538 ; Function __runSuite
                            539 ; ---------------------------------
                            540 ;	Register assignment is optimal.
                            541 ; Stack space usage: 0 bytes.
   0573                     542 ___runSuite::
                            543 ;cases/muldiv/muldiv_type_short_storage_none_attr_none.c:178: __prints("Running testUnsignedModDiv\n");
                            544 ;	skipping iCode since result will be rematerialized
                            545 ;	skipping iCode since result will be rematerialized
                            546 ;	genSend
                            547 ;	genMove_o size 2 result type 2 source type 7 a_dead 1 hl_dead 1 de_dead 1 iy_dead 1 f_dead 1
   0573 21rA9s05      [10]  548 	ld	hl, #___str_46
                            549 ;	genCall
   0576 CDr00s00      [17]  550 	call	___prints
                            551 ;cases/muldiv/muldiv_type_short_storage_none_attr_none.c:179: testUnsignedModDiv();
                            552 ;	genCall
   0579 CDr00s00      [17]  553 	call	_testUnsignedModDiv
                            554 ;cases/muldiv/muldiv_type_short_storage_none_attr_none.c:180: __prints("Running testUnsignedMul\n");
                            555 ;	skipping iCode since result will be rematerialized
                            556 ;	skipping iCode since result will be rematerialized
                            557 ;	genSend
                            558 ;	genMove_o size 2 result type 2 source type 7 a_dead 1 hl_dead 1 de_dead 1 iy_dead 1 f_dead 1
   057C 21rC5s05      [10]  559 	ld	hl, #___str_47
                            560 ;	genCall
   057F CDr00s00      [17]  561 	call	___prints
                            562 ;cases/muldiv/muldiv_type_short_storage_none_attr_none.c:181: testUnsignedMul();
                            563 ;	genCall
   0582 CDr8Fs00      [17]  564 	call	_testUnsignedMul
                            565 ;cases/muldiv/muldiv_type_short_storage_none_attr_none.c:182: __prints("Running testMul\n");
                            566 ;	skipping iCode since result will be rematerialized
                            567 ;	skipping iCode since result will be rematerialized
                            568 ;	genSend
                            569 ;	genMove_o size 2 result type 2 source type 7 a_dead 1 hl_dead 1 de_dead 1 iy_dead 1 f_dead 1
   0585 21rDEs05      [10]  570 	ld	hl, #___str_48
                            571 ;	genCall
   0588 CDr00s00      [17]  572 	call	___prints
                            573 ;cases/muldiv/muldiv_type_short_storage_none_attr_none.c:183: testMul();
                            574 ;	genCall
   058B CDr12s01      [17]  575 	call	_testMul
                            576 ;cases/muldiv/muldiv_type_short_storage_none_attr_none.c:184: __prints("Running testDiv\n");
                            577 ;	skipping iCode since result will be rematerialized
                            578 ;	skipping iCode since result will be rematerialized
                            579 ;	genSend
                            580 ;	genMove_o size 2 result type 2 source type 7 a_dead 1 hl_dead 1 de_dead 1 iy_dead 1 f_dead 1
   058E 21rEFs05      [10]  581 	ld	hl, #___str_49
                            582 ;	genCall
   0591 CDr00s00      [17]  583 	call	___prints
                            584 ;cases/muldiv/muldiv_type_short_storage_none_attr_none.c:185: testDiv();
                            585 ;	genCall
   0594 CDrA1s01      [17]  586 	call	_testDiv
                            587 ;cases/muldiv/muldiv_type_short_storage_none_attr_none.c:186: __prints("Running test16to32\n");
                            588 ;	skipping iCode since result will be rematerialized
                            589 ;	skipping iCode since result will be rematerialized
                            590 ;	genSend
                            591 ;	genMove_o size 2 result type 2 source type 7 a_dead 1 hl_dead 1 de_dead 1 iy_dead 1 f_dead 1
   0597 21r00s06      [10]  592 	ld	hl, #___str_50
                            593 ;	genCall
   059A CDr00s00      [17]  594 	call	___prints
                            595 ;cases/muldiv/muldiv_type_short_storage_none_attr_none.c:187: test16to32();
                            596 ;	genCall
   059D CDr39s02      [17]  597 	call	_test16to32
                            598 ;cases/muldiv/muldiv_type_short_storage_none_attr_none.c:188: __prints("Running testMod\n");
                            599 ;	skipping iCode since result will be rematerialized
                            600 ;	skipping iCode since result will be rematerialized
                            601 ;	genSend
                            602 ;	genMove_o size 2 result type 2 source type 7 a_dead 1 hl_dead 1 de_dead 1 iy_dead 1 f_dead 1
   05A0 21r14s06      [10]  603 	ld	hl, #___str_51
                            604 ;	genCall
   05A3 CDr00s00      [17]  605 	call	___prints
                            606 ;cases/muldiv/muldiv_type_short_storage_none_attr_none.c:189: testMod();
                            607 ;	genCall
                            608 ;	genLabel
                            609 ; common peephole 159 removed unused label 00101$.
                            610 ;cases/muldiv/muldiv_type_short_storage_none_attr_none.c:190: }
                            611 ;	genEndFunction
   05A6 C3rB3s04      [10]  612 	jp	_testMod
                            613 ; common peephole 152 removed unused ret.
                            614 ;	Total __runSuite function size at codegen: 1 bytes.
   05A9                     615 ___str_46:
   05A9 52 75 6E 6E 69 6E   616 	.ascii "Running testUnsignedModDiv"
        67 20 74 65 73 74
        55 6E 73 69 67 6E
        65 64 4D 6F 64 44
        69 76
   05C3 0A                  617 	.db 0x0a
   05C4 00                  618 	.db 0x00
   05C5                     619 ___str_47:
   05C5 52 75 6E 6E 69 6E   620 	.ascii "Running testUnsignedMul"
        67 20 74 65 73 74
        55 6E 73 69 67 6E
        65 64 4D 75 6C
   05DC 0A                  621 	.db 0x0a
   05DD 00                  622 	.db 0x00
   05DE                     623 ___str_48:
   05DE 52 75 6E 6E 69 6E   624 	.ascii "Running testMul"
        67 20 74 65 73 74
        4D 75 6C
   05ED 0A                  625 	.db 0x0a
   05EE 00                  626 	.db 0x00
   05EF                     627 ___str_49:
   05EF 52 75 6E 6E 69 6E   628 	.ascii "Running testDiv"
        67 20 74 65 73 74
        44 69 76
   05FE 0A                  629 	.db 0x0a
   05FF 00                  630 	.db 0x00
   0600                     631 ___str_50:
   0600 52 75 6E 6E 69 6E   632 	.ascii "Running test16to32"
        67 20 74 65 73 74
        31 36 74 6F 33 32
   0612 0A                  633 	.db 0x0a
   0613 00                  634 	.db 0x00
   0614                     635 ___str_51:
   0614 52 75 6E 6E 69 6E   636 	.ascii "Running testMod"
        67 20 74 65 73 74
        4D 6F 64
   0623 0A                  637 	.db 0x0a
   0624 00                  638 	.db 0x00
                            639 ;cases/muldiv/muldiv_type_short_storage_none_attr_none.c:195: __getSuiteName(void)
                            640 ;	genLabel
                            641 ;	genFunction
                            642 ;	---------------------------------
                            643 ; Function __getSuiteName
                            644 ; ---------------------------------
                            645 ;	Register assignment is optimal.
                            646 ; Stack space usage: 0 bytes.
   0625                     647 ___getSuiteName::
                            648 ;cases/muldiv/muldiv_type_short_storage_none_attr_none.c:197: return "muldiv_type_short_storage_none_attr_none";
                            649 ;	skipping iCode since result will be rematerialized
                            650 ;	skipping iCode since result will be rematerialized
                            651 ;	genRet
                            652 ;	genMove_o size 2 result type 2 source type 7 a_dead 1 hl_dead 1 de_dead 1 iy_dead 1 f_dead 1
   0625 11r2Bs06      [10]  653 	ld	de, #___str_52
                            654 ;	genLabel
                            655 ; common peephole 159 removed unused label 00101$.
                            656 ;cases/muldiv/muldiv_type_short_storage_none_attr_none.c:198: }
                            657 ;	genEndFunction
   0628 C9            [10]  658 	ret
                            659 ;	Total __getSuiteName function size at codegen: 1 bytes.
   0629                     660 ___numCases:
   0629 06 00               661 	.dw #0x0006
   062B                     662 ___str_52:
   062B 6D 75 6C 64 69 76   663 	.ascii "muldiv_type_short_storage_none_attr_none"
        5F 74 79 70 65 5F
        73 68 6F 72 74 5F
        73 74 6F 72 61 67
        65 5F 6E 6F 6E 65
        5F 61 74 74 72 5F
        6E 6F 6E 65
   0653 00                  664 	.db 0x00
                            665 	.area _CODE (BANK=_CSEG)
                            666 	.area _INITIALIZER
                            667 	.area _CABS (ABS)
