                              1 ;--------------------------------------------------------
                              2 ; File Created by SDCC : free open source ISO C Compiler
                              3 ; Version 4.6.2 #16710 (Linux)
                              4 ;--------------------------------------------------------
                              5 	.module bitfields_checks_struct_0_varType_0_bit_0
                              6 	
                              7 ;--------------------------------------------------------
                              8 ; Public variables in this module
                              9 ;--------------------------------------------------------
                             10 	.globl _bit_test_byte
                             11 	.globl ___prints
                             12 	.globl ___fail
                             13 	.globl _volatileBits
                             14 	.globl ___numCases
                             15 	.globl ___runSuite
                             16 	.globl ___getSuiteName
                             17 ;--------------------------------------------------------
                             18 ; special function registers
                             19 ;--------------------------------------------------------
                             20 ;--------------------------------------------------------
                             21 ; ram data
                             22 ;--------------------------------------------------------
                             23 	.area _DATA (BANK=_DSEG)
   0000                      24 _volatileBits::
   0000                      25 	.ds 1
                             26 ;--------------------------------------------------------
                             27 ; ram data
                             28 ;--------------------------------------------------------
                             29 	.area _INITIALIZED
                             30 ;--------------------------------------------------------
                             31 ; absolute ram data
                             32 ;--------------------------------------------------------
                             33 	.area _DABS (ABS)
                             34 	.area _DABS (ABS)
                             35 ;--------------------------------------------------------
                             36 ; global & static initialisations
                             37 ;--------------------------------------------------------
                             38 	.area _HOME
                             39 	.area _GSINIT
                             40 	.area _GSFINAL
                             41 	.area _GSINIT
                             42 ;--------------------------------------------------------
                             43 ; Home
                             44 ;--------------------------------------------------------
                             45 	.area _HOME (BANK=_CSEG)
                             46 	.area _HOME (BANK=_CSEG)
                             47 ;--------------------------------------------------------
                             48 ; code
                             49 ;--------------------------------------------------------
                             50 	.area _CODE (BANK=_CSEG)
                             51 ;cases/bitfields-checks/bitfields-checks_struct_0_varType_0_bit_0.c:178: bit_test_byte(void)
                             52 ;	genLabel
                             53 ;	genFunction
                             54 ;	---------------------------------
                             55 ; Function bit_test_byte
                             56 ; ---------------------------------
                             57 ;	Register assignment might be sub-optimal.
                             58 ; Stack space usage: 1 bytes.
   0000                      59 _bit_test_byte::
   0000 DD E5         [15]   60 	push	ix
   0002 DD 21 00 00   [14]   61 	ld	ix,	#0
   0006 DD 39         [15]   62 	add	ix, sp
                             63 ;	adjustStack by -1
   0008 3B            [ 6]   64 	dec	sp
                             65 ;cases/bitfields-checks/bitfields-checks_struct_0_varType_0_bit_0.c:186: volatileBits = 1 << BIT_TO_TEST;
                             66 ;	genAssign
                             67 ;	genMove_o size 1 result type 11 source type 1 a_dead 1 hl_dead 1 de_dead 1 iy_dead 1 f_dead 1
   0009 21r00s00      [10]   68 	ld	hl, #_volatileBits
   000C 36 01         [10]   69 	ld	(hl), #0x01
                             70 ;cases/bitfields-checks/bitfields-checks_struct_0_varType_0_bit_0.c:187: ASSERT(volatileBits & (1 << BIT_TO_TEST));
                             71 ;	genPlus
                             72 ;	genMove_o size 2 result type 2 source type 10 a_dead 1 hl_dead 1 de_dead 1 iy_dead 1 f_dead 1
   000E 2Ar00s00      [16]   73 	ld	hl, (___numTests)
   0011 23            [ 6]   74 	inc	hl
                             75 ;	genMove_o size 2 result type 10 source type 2 a_dead 1 hl_dead 1 de_dead 1 iy_dead 1 f_dead 1
   0012 22r00s00      [16]   76 	ld	(___numTests), hl
                             77 ;	genAnd
                             78 ; common peephole 61 used hl instead of iy.
                             79 ; common peephole 130a removed unnecessary +0 from constant
   0015 21r00s00      [10]   80 	ld	hl, #_volatileBits
   0018 CB 46         [12]   81 	bit	0, (hl)
                             82 ; common peephole 81 removed jp by using inverse jump logic
                             83 ; common peephole 159 removed unused label 00243$.
                             84 ; common peephole 163 changed absolute to relative conditional jump.
   001A 20 11         [12]   85 	jr	nz, 00108$
                             86 ; common peephole 82 removed jp by using inverse jump logic
                             87 ; common peephole 159 removed unused label 00244$.
                             88 ;	skipping generated iCode
                             89 ;	skipping iCode since result will be rematerialized
                             90 ;	skipping iCode since result will be rematerialized
                             91 ;	skipping iCode since result will be rematerialized
                             92 ;	skipping iCode since result will be rematerialized
                             93 ;	skipping iCode since result will be rematerialized
                             94 ;	skipping iCode since result will be rematerialized
                             95 ;	genIpush
                             96 ;	genMove_o size 2 result type 2 source type 1 a_dead 1 hl_dead 1 de_dead 1 iy_dead 1 f_dead 1
   001C 21 BB 00      [10]   97 	ld	hl, #0x00bb
   001F E5            [11]   98 	push	hl
                             99 ;	genIpush
                            100 ;	genMove_o size 2 result type 2 source type 7 a_dead 1 hl_dead 1 de_dead 1 iy_dead 1 f_dead 1
   0020 21r24s02      [10]  101 	ld	hl, #___str_2
   0023 E5            [11]  102 	push	hl
                            103 ;	genSend
                            104 ;	genMove_o size 2 result type 2 source type 7 a_dead 1 hl_dead 1 de_dead 1 iy_dead 1 f_dead 1
   0024 11r02s02      [10]  105 	ld	de, #___str_1
                            106 ;	genSend
                            107 ;	genMove_o size 2 result type 2 source type 7 a_dead 1 hl_dead 1 de_dead 0 iy_dead 1 f_dead 1
   0027 21rF1s01      [10]  108 	ld	hl, #___str_0
                            109 ;	genCall
   002A CDr00s00      [17]  110 	call	___fail
                            111 ;	genLabel
   002D                     112 00108$:
                            113 ;cases/bitfields-checks/bitfields-checks_struct_0_varType_0_bit_0.c:188: ASSERT(volatileBits & (int16_t)(1 << BIT_TO_TEST));
                            114 ;	genPlus
                            115 ;	genMove_o size 2 result type 2 source type 10 a_dead 1 hl_dead 1 de_dead 1 iy_dead 1 f_dead 1
   002D 2Ar00s00      [16]  116 	ld	hl, (___numTests)
   0030 23            [ 6]  117 	inc	hl
                            118 ;	genMove_o size 2 result type 10 source type 2 a_dead 1 hl_dead 1 de_dead 1 iy_dead 1 f_dead 1
   0031 22r00s00      [16]  119 	ld	(___numTests), hl
                            120 ;	genAssign
                            121 ;	genMove_o size 1 result type 2 source type 10 a_dead 1 hl_dead 1 de_dead 1 iy_dead 1 f_dead 1
   0034 3Ar00s00      [13]  122 	ld	a, (_volatileBits)
                            123 ;	genAnd
   0037 0F            [ 4]  124 	rrca
                            125 ; common peephole 80 removed jp by using inverse jump logic
                            126 ; common peephole 159 removed unused label 00245$.
                            127 ; common peephole 163 changed absolute to relative conditional jump.
   0038 38 11         [12]  128 	jr	c, 00110$
                            129 ; common peephole 79 removed jp by using inverse jump logic
                            130 ; common peephole 159 removed unused label 00246$.
                            131 ;	skipping generated iCode
                            132 ;	skipping iCode since result will be rematerialized
                            133 ;	skipping iCode since result will be rematerialized
                            134 ;	skipping iCode since result will be rematerialized
                            135 ;	skipping iCode since result will be rematerialized
                            136 ;	skipping iCode since result will be rematerialized
                            137 ;	skipping iCode since result will be rematerialized
                            138 ;	genIpush
                            139 ;	genMove_o size 2 result type 2 source type 1 a_dead 1 hl_dead 1 de_dead 1 iy_dead 1 f_dead 1
   003A 21 BC 00      [10]  140 	ld	hl, #0x00bc
   003D E5            [11]  141 	push	hl
                            142 ;	genIpush
                            143 ;	genMove_o size 2 result type 2 source type 7 a_dead 1 hl_dead 1 de_dead 1 iy_dead 1 f_dead 1
   003E 21r24s02      [10]  144 	ld	hl, #___str_2
   0041 E5            [11]  145 	push	hl
                            146 ;	genSend
                            147 ;	genMove_o size 2 result type 2 source type 7 a_dead 1 hl_dead 1 de_dead 1 iy_dead 1 f_dead 1
   0042 11r67s02      [10]  148 	ld	de, #___str_3
                            149 ;	genSend
                            150 ;	genMove_o size 2 result type 2 source type 7 a_dead 1 hl_dead 1 de_dead 0 iy_dead 1 f_dead 1
   0045 21rF1s01      [10]  151 	ld	hl, #___str_0
                            152 ;	genCall
   0048 CDr00s00      [17]  153 	call	___fail
                            154 ;	genLabel
   004B                     155 00110$:
                            156 ;cases/bitfields-checks/bitfields-checks_struct_0_varType_0_bit_0.c:189: dummy = 0;
                            157 ;	genAssign
                            158 ;	genMove_o size 1 result type 6 source type 1 a_dead 1 hl_dead 1 de_dead 1 iy_dead 1 f_dead 1
   004B DD 36 FF 00   [19]  159 	ld	-1 (ix), #0x00
                            160 ;cases/bitfields-checks/bitfields-checks_struct_0_varType_0_bit_0.c:190: if(volatileBits & (int16_t)(1 << BIT_TO_TEST)) dummy = 1;
                            161 ;	genAssign
                            162 ;	genMove_o size 1 result type 2 source type 10 a_dead 1 hl_dead 1 de_dead 1 iy_dead 1 f_dead 1
   004F 3Ar00s00      [13]  163 	ld	a, (_volatileBits)
                            164 ;	genAnd
   0052 0F            [ 4]  165 	rrca
                            166 ; common peephole 163 changed absolute to relative conditional jump.
   0053 30 04         [12]  167 	jr	nc, 00102$
                            168 ; common peephole 80 removed jp by using inverse jump logic
                            169 ; common peephole 159 removed unused label 00247$.
                            170 ;	skipping generated iCode
                            171 ;	genAssign
                            172 ;	genMove_o size 1 result type 6 source type 1 a_dead 1 hl_dead 1 de_dead 1 iy_dead 1 f_dead 1
   0055 DD 36 FF 01   [19]  173 	ld	-1 (ix), #0x01
                            174 ;	genLabel
   0059                     175 00102$:
                            176 ;cases/bitfields-checks/bitfields-checks_struct_0_varType_0_bit_0.c:191: ASSERT(dummy);
                            177 ;	genPlus
                            178 ;	genMove_o size 2 result type 2 source type 10 a_dead 1 hl_dead 1 de_dead 1 iy_dead 1 f_dead 1
   0059 2Ar00s00      [16]  179 	ld	hl, (___numTests)
   005C 23            [ 6]  180 	inc	hl
                            181 ;	genMove_o size 2 result type 10 source type 2 a_dead 1 hl_dead 1 de_dead 1 iy_dead 1 f_dead 1
   005D 22r00s00      [16]  182 	ld	(___numTests), hl
                            183 ;	genIfx
   0060 DD 7E FF      [19]  184 	ld	a, -1 (ix)
   0063 B7            [ 4]  185 	or	a, a
                            186 ; common peephole 163 changed absolute to relative conditional jump.
   0064 20 11         [12]  187 	jr	nz, 00112$
                            188 ;	skipping iCode since result will be rematerialized
                            189 ;	skipping iCode since result will be rematerialized
                            190 ;	skipping iCode since result will be rematerialized
                            191 ;	skipping iCode since result will be rematerialized
                            192 ;	skipping iCode since result will be rematerialized
                            193 ;	skipping iCode since result will be rematerialized
                            194 ;	genIpush
                            195 ;	genMove_o size 2 result type 2 source type 1 a_dead 1 hl_dead 1 de_dead 1 iy_dead 1 f_dead 1
   0066 21 BF 00      [10]  196 	ld	hl, #0x00bf
   0069 E5            [11]  197 	push	hl
                            198 ;	genIpush
                            199 ;	genMove_o size 2 result type 2 source type 7 a_dead 1 hl_dead 1 de_dead 1 iy_dead 1 f_dead 1
   006A 21r24s02      [10]  200 	ld	hl, #___str_2
   006D E5            [11]  201 	push	hl
                            202 ;	genSend
                            203 ;	genMove_o size 2 result type 2 source type 7 a_dead 1 hl_dead 1 de_dead 1 iy_dead 1 f_dead 1
   006E 11r92s02      [10]  204 	ld	de, #___str_4
                            205 ;	genSend
                            206 ;	genMove_o size 2 result type 2 source type 7 a_dead 1 hl_dead 1 de_dead 0 iy_dead 1 f_dead 1
   0071 21rF1s01      [10]  207 	ld	hl, #___str_0
                            208 ;	genCall
   0074 CDr00s00      [17]  209 	call	___fail
                            210 ;	genLabel
   0077                     211 00112$:
                            212 ;cases/bitfields-checks/bitfields-checks_struct_0_varType_0_bit_0.c:193: volatileBits = ~(1 << BIT_TO_TEST);
                            213 ;	genAssign
                            214 ;	genMove_o size 1 result type 11 source type 1 a_dead 1 hl_dead 1 de_dead 1 iy_dead 1 f_dead 1
   0077 21r00s00      [10]  215 	ld	hl, #_volatileBits
   007A 36 FE         [10]  216 	ld	(hl), #0xfe
                            217 ;cases/bitfields-checks/bitfields-checks_struct_0_varType_0_bit_0.c:194: ASSERT(!(volatileBits & (1 << BIT_TO_TEST)));
                            218 ;	genPlus
                            219 ;	genMove_o size 2 result type 2 source type 10 a_dead 1 hl_dead 1 de_dead 1 iy_dead 1 f_dead 1
   007C 2Ar00s00      [16]  220 	ld	hl, (___numTests)
   007F 23            [ 6]  221 	inc	hl
                            222 ;	genMove_o size 2 result type 10 source type 2 a_dead 1 hl_dead 1 de_dead 1 iy_dead 1 f_dead 1
   0080 22r00s00      [16]  223 	ld	(___numTests), hl
                            224 ;	genGetAbit
   0083 3Ar00s00      [13]  225 	ld	a, (_volatileBits+0)
                            226 ;	genMove_o size 0 result type 2 source type 1 a_dead 1 hl_dead 0 de_dead 0 iy_dead 1 f_dead 1
                            227 ;	genIfx
   0086 E6 01         [ 7]  228 	and	a, #0x01
                            229 ; common peephole 100 removed redundant or after and.
                            230 ; common peephole 163 changed absolute to relative conditional jump.
   0088 28 11         [12]  231 	jr	z, 00114$
                            232 ;	skipping iCode since result will be rematerialized
                            233 ;	skipping iCode since result will be rematerialized
                            234 ;	skipping iCode since result will be rematerialized
                            235 ;	genCast
                            236 ;	genMove_o size 2 result type 2 source type 7 a_dead 1 hl_dead 1 de_dead 1 iy_dead 1 f_dead 1
   008A 11r98s02      [10]  237 	ld	de, #___str_5
                            238 ;	skipping iCode since result will be rematerialized
                            239 ;	skipping iCode since result will be rematerialized
                            240 ;	genIpush
                            241 ;	genMove_o size 2 result type 2 source type 1 a_dead 1 hl_dead 1 de_dead 0 iy_dead 1 f_dead 1
   008D 21 C2 00      [10]  242 	ld	hl, #0x00c2
   0090 E5            [11]  243 	push	hl
                            244 ;	genIpush
                            245 ;	genMove_o size 2 result type 2 source type 7 a_dead 1 hl_dead 1 de_dead 0 iy_dead 1 f_dead 1
   0091 21r24s02      [10]  246 	ld	hl, #___str_2
   0094 E5            [11]  247 	push	hl
                            248 ;	genSend
                            249 ;	genMove_o size 2 result type 2 source type 2 a_dead 1 hl_dead 1 de_dead 1 iy_dead 1 f_dead 1
                            250 ;	genSend
                            251 ;	genMove_o size 2 result type 2 source type 7 a_dead 1 hl_dead 1 de_dead 0 iy_dead 1 f_dead 1
   0095 21rF1s01      [10]  252 	ld	hl, #___str_0
                            253 ;	genCall
   0098 CDr00s00      [17]  254 	call	___fail
                            255 ;	genLabel
   009B                     256 00114$:
                            257 ;cases/bitfields-checks/bitfields-checks_struct_0_varType_0_bit_0.c:195: ASSERT(!(volatileBits & (int16_t)(1 << BIT_TO_TEST)));
                            258 ;	genPlus
                            259 ;	genMove_o size 2 result type 2 source type 10 a_dead 1 hl_dead 1 de_dead 1 iy_dead 1 f_dead 1
   009B 2Ar00s00      [16]  260 	ld	hl, (___numTests)
   009E 23            [ 6]  261 	inc	hl
                            262 ;	genMove_o size 2 result type 10 source type 2 a_dead 1 hl_dead 1 de_dead 1 iy_dead 1 f_dead 1
   009F 22r00s00      [16]  263 	ld	(___numTests), hl
                            264 ;	genGetAbit
   00A2 3Ar00s00      [13]  265 	ld	a, (_volatileBits+0)
                            266 ;	genMove_o size 0 result type 2 source type 1 a_dead 1 hl_dead 0 de_dead 0 iy_dead 1 f_dead 1
                            267 ;	genIfx
   00A5 E6 01         [ 7]  268 	and	a, #0x01
                            269 ; common peephole 100 removed redundant or after and.
                            270 ; common peephole 163 changed absolute to relative conditional jump.
   00A7 28 11         [12]  271 	jr	z, 00116$
                            272 ;	skipping iCode since result will be rematerialized
                            273 ;	skipping iCode since result will be rematerialized
                            274 ;	skipping iCode since result will be rematerialized
                            275 ;	genCast
                            276 ;	genMove_o size 2 result type 2 source type 7 a_dead 1 hl_dead 1 de_dead 1 iy_dead 1 f_dead 1
   00A9 11rBDs02      [10]  277 	ld	de, #___str_6
                            278 ;	skipping iCode since result will be rematerialized
                            279 ;	skipping iCode since result will be rematerialized
                            280 ;	genIpush
                            281 ;	genMove_o size 2 result type 2 source type 1 a_dead 1 hl_dead 1 de_dead 0 iy_dead 1 f_dead 1
   00AC 21 C3 00      [10]  282 	ld	hl, #0x00c3
   00AF E5            [11]  283 	push	hl
                            284 ;	genIpush
                            285 ;	genMove_o size 2 result type 2 source type 7 a_dead 1 hl_dead 1 de_dead 0 iy_dead 1 f_dead 1
   00B0 21r24s02      [10]  286 	ld	hl, #___str_2
   00B3 E5            [11]  287 	push	hl
                            288 ;	genSend
                            289 ;	genMove_o size 2 result type 2 source type 2 a_dead 1 hl_dead 1 de_dead 1 iy_dead 1 f_dead 1
                            290 ;	genSend
                            291 ;	genMove_o size 2 result type 2 source type 7 a_dead 1 hl_dead 1 de_dead 0 iy_dead 1 f_dead 1
   00B4 21rF1s01      [10]  292 	ld	hl, #___str_0
                            293 ;	genCall
   00B7 CDr00s00      [17]  294 	call	___fail
                            295 ;	genLabel
   00BA                     296 00116$:
                            297 ;cases/bitfields-checks/bitfields-checks_struct_0_varType_0_bit_0.c:196: dummy = 0;
                            298 ;	genAssign
                            299 ;	genMove_o size 1 result type 6 source type 1 a_dead 1 hl_dead 1 de_dead 1 iy_dead 1 f_dead 1
   00BA DD 36 FF 00   [19]  300 	ld	-1 (ix), #0x00
                            301 ;cases/bitfields-checks/bitfields-checks_struct_0_varType_0_bit_0.c:197: if(!(volatileBits & (int16_t)(1 << BIT_TO_TEST))) dummy = 1;
                            302 ;	genAssign
                            303 ;	genMove_o size 1 result type 2 source type 10 a_dead 1 hl_dead 1 de_dead 1 iy_dead 1 f_dead 1
   00BE 3Ar00s00      [13]  304 	ld	a, (_volatileBits)
                            305 ;	genAnd
   00C1 0F            [ 4]  306 	rrca
                            307 ; common peephole 80 removed jp by using inverse jump logic
                            308 ; common peephole 159 removed unused label 00248$.
                            309 ; common peephole 163 changed absolute to relative conditional jump.
   00C2 38 04         [12]  310 	jr	c, 00104$
                            311 ; common peephole 79 removed jp by using inverse jump logic
                            312 ; common peephole 159 removed unused label 00249$.
                            313 ;	skipping generated iCode
                            314 ;	genAssign
                            315 ;	genMove_o size 1 result type 6 source type 1 a_dead 1 hl_dead 1 de_dead 1 iy_dead 1 f_dead 1
   00C4 DD 36 FF 01   [19]  316 	ld	-1 (ix), #0x01
                            317 ;	genLabel
   00C8                     318 00104$:
                            319 ;cases/bitfields-checks/bitfields-checks_struct_0_varType_0_bit_0.c:198: ASSERT(dummy);
                            320 ;	genPlus
                            321 ;	genMove_o size 2 result type 2 source type 10 a_dead 1 hl_dead 1 de_dead 1 iy_dead 1 f_dead 1
   00C8 2Ar00s00      [16]  322 	ld	hl, (___numTests)
   00CB 23            [ 6]  323 	inc	hl
                            324 ;	genMove_o size 2 result type 10 source type 2 a_dead 1 hl_dead 1 de_dead 1 iy_dead 1 f_dead 1
   00CC 22r00s00      [16]  325 	ld	(___numTests), hl
                            326 ;	genIfx
   00CF DD 7E FF      [19]  327 	ld	a, -1 (ix)
   00D2 B7            [ 4]  328 	or	a, a
                            329 ; common peephole 163 changed absolute to relative conditional jump.
   00D3 20 11         [12]  330 	jr	nz, 00118$
                            331 ;	skipping iCode since result will be rematerialized
                            332 ;	skipping iCode since result will be rematerialized
                            333 ;	skipping iCode since result will be rematerialized
                            334 ;	skipping iCode since result will be rematerialized
                            335 ;	skipping iCode since result will be rematerialized
                            336 ;	skipping iCode since result will be rematerialized
                            337 ;	genIpush
                            338 ;	genMove_o size 2 result type 2 source type 1 a_dead 1 hl_dead 1 de_dead 1 iy_dead 1 f_dead 1
   00D5 21 C6 00      [10]  339 	ld	hl, #0x00c6
   00D8 E5            [11]  340 	push	hl
                            341 ;	genIpush
                            342 ;	genMove_o size 2 result type 2 source type 7 a_dead 1 hl_dead 1 de_dead 1 iy_dead 1 f_dead 1
   00D9 21r24s02      [10]  343 	ld	hl, #___str_2
   00DC E5            [11]  344 	push	hl
                            345 ;	genSend
                            346 ;	genMove_o size 2 result type 2 source type 7 a_dead 1 hl_dead 1 de_dead 1 iy_dead 1 f_dead 1
   00DD 11r92s02      [10]  347 	ld	de, #___str_4
                            348 ;	genSend
                            349 ;	genMove_o size 2 result type 2 source type 7 a_dead 1 hl_dead 1 de_dead 0 iy_dead 1 f_dead 1
   00E0 21rF1s01      [10]  350 	ld	hl, #___str_0
                            351 ;	genCall
   00E3 CDr00s00      [17]  352 	call	___fail
                            353 ;	genLabel
   00E6                     354 00118$:
                            355 ;cases/bitfields-checks/bitfields-checks_struct_0_varType_0_bit_0.c:200: volatileBits = 0x00;
                            356 ;	genAssign
                            357 ;	genMove_o size 1 result type 11 source type 1 a_dead 1 hl_dead 1 de_dead 1 iy_dead 1 f_dead 1
   00E6 AF            [ 4]  358 	xor	a, a
   00E7 32r00s00      [13]  359 	ld	(#_volatileBits), a
                            360 ; common peephole 19 loaded (#_volatileBits) from a directly instead of using hl.
                            361 ;cases/bitfields-checks/bitfields-checks_struct_0_varType_0_bit_0.c:201: volatileBits |= 1 << BIT_TO_TEST;
                            362 ;	genOr
   00EA 3Ar00s00      [13]  363 	ld	a, (_volatileBits+0)
   00ED F6 01         [ 7]  364 	or	a, #0x01
                            365 ;	genMove_o size 1 result type 10 source type 2 a_dead 1 hl_dead 1 de_dead 1 iy_dead 1 f_dead 1
   00EF 32r00s00      [13]  366 	ld	(_volatileBits+0), a
                            367 ;cases/bitfields-checks/bitfields-checks_struct_0_varType_0_bit_0.c:202: ASSERT(volatileBits == (1 << BIT_TO_TEST));
                            368 ;	genPlus
                            369 ;	genMove_o size 2 result type 2 source type 10 a_dead 1 hl_dead 1 de_dead 1 iy_dead 1 f_dead 1
   00F2 2Ar00s00      [16]  370 	ld	hl, (___numTests)
   00F5 23            [ 6]  371 	inc	hl
                            372 ;	genMove_o size 2 result type 10 source type 2 a_dead 1 hl_dead 1 de_dead 1 iy_dead 1 f_dead 1
   00F6 22r00s00      [16]  373 	ld	(___numTests), hl
                            374 ;	genCast
                            375 ;	genMove_o size 1 result type 2 source type 10 a_dead 1 hl_dead 1 de_dead 1 iy_dead 1 f_dead 1
   00F9 3Ar00s00      [13]  376 	ld	a, (_volatileBits)
                            377 ;	genCmpEq
   00FC FE 01         [ 7]  378 	cp	a, #0x01
                            379 ; common peephole 163 changed absolute to relative conditional jump.
   00FE 28 11         [12]  380 	jr	z, 00120$
                            381 ; common peephole 81 removed jp by using inverse jump logic
                            382 ; common peephole 159 removed unused label 00250$.
                            383 ;	skipping generated iCode
                            384 ;	skipping iCode since result will be rematerialized
                            385 ;	skipping iCode since result will be rematerialized
                            386 ;	skipping iCode since result will be rematerialized
                            387 ;	skipping iCode since result will be rematerialized
                            388 ;	skipping iCode since result will be rematerialized
                            389 ;	skipping iCode since result will be rematerialized
                            390 ;	genIpush
                            391 ;	genMove_o size 2 result type 2 source type 1 a_dead 1 hl_dead 1 de_dead 1 iy_dead 1 f_dead 1
   0100 21 CA 00      [10]  392 	ld	hl, #0x00ca
   0103 E5            [11]  393 	push	hl
                            394 ;	genIpush
                            395 ;	genMove_o size 2 result type 2 source type 7 a_dead 1 hl_dead 1 de_dead 1 iy_dead 1 f_dead 1
   0104 21r24s02      [10]  396 	ld	hl, #___str_2
   0107 E5            [11]  397 	push	hl
                            398 ;	genSend
                            399 ;	genMove_o size 2 result type 2 source type 7 a_dead 1 hl_dead 1 de_dead 1 iy_dead 1 f_dead 1
   0108 11rEBs02      [10]  400 	ld	de, #___str_7
                            401 ;	genSend
                            402 ;	genMove_o size 2 result type 2 source type 7 a_dead 1 hl_dead 1 de_dead 0 iy_dead 1 f_dead 1
   010B 21rF1s01      [10]  403 	ld	hl, #___str_0
                            404 ;	genCall
   010E CDr00s00      [17]  405 	call	___fail
                            406 ;	genLabel
   0111                     407 00120$:
                            408 ;cases/bitfields-checks/bitfields-checks_struct_0_varType_0_bit_0.c:204: volatileBits = 0xFF;
                            409 ;	genAssign
                            410 ;	genMove_o size 1 result type 11 source type 1 a_dead 1 hl_dead 1 de_dead 1 iy_dead 1 f_dead 1
   0111 21r00s00      [10]  411 	ld	hl, #_volatileBits
   0114 36 FF         [10]  412 	ld	(hl), #0xff
                            413 ;cases/bitfields-checks/bitfields-checks_struct_0_varType_0_bit_0.c:205: volatileBits |= 1 << BIT_TO_TEST;
                            414 ;	genOr
   0116 3Ar00s00      [13]  415 	ld	a, (_volatileBits+0)
   0119 F6 01         [ 7]  416 	or	a, #0x01
                            417 ;	genMove_o size 1 result type 10 source type 2 a_dead 1 hl_dead 1 de_dead 1 iy_dead 1 f_dead 1
   011B 32r00s00      [13]  418 	ld	(_volatileBits+0), a
                            419 ;cases/bitfields-checks/bitfields-checks_struct_0_varType_0_bit_0.c:206: ASSERT(volatileBits == 0xFF);
                            420 ;	genPlus
                            421 ;	genMove_o size 2 result type 2 source type 10 a_dead 1 hl_dead 1 de_dead 1 iy_dead 1 f_dead 1
   011E 2Ar00s00      [16]  422 	ld	hl, (___numTests)
   0121 23            [ 6]  423 	inc	hl
                            424 ;	genMove_o size 2 result type 10 source type 2 a_dead 1 hl_dead 1 de_dead 1 iy_dead 1 f_dead 1
   0122 22r00s00      [16]  425 	ld	(___numTests), hl
                            426 ;	genCmpEq
                            427 ;	genMove_o size 1 result type 2 source type 10 a_dead 1 hl_dead 1 de_dead 0 iy_dead 0 f_dead 1
   0125 3Ar00s00      [13]  428 	ld	a, (_volatileBits)
   0128 3C            [ 4]  429 	inc	a
                            430 ; common peephole 163 changed absolute to relative conditional jump.
   0129 28 11         [12]  431 	jr	z, 00122$
                            432 ; common peephole 81 removed jp by using inverse jump logic
                            433 ; common peephole 159 removed unused label 00251$.
                            434 ;	skipping generated iCode
                            435 ;	skipping iCode since result will be rematerialized
                            436 ;	skipping iCode since result will be rematerialized
                            437 ;	skipping iCode since result will be rematerialized
                            438 ;	skipping iCode since result will be rematerialized
                            439 ;	skipping iCode since result will be rematerialized
                            440 ;	skipping iCode since result will be rematerialized
                            441 ;	genIpush
                            442 ;	genMove_o size 2 result type 2 source type 1 a_dead 1 hl_dead 1 de_dead 1 iy_dead 1 f_dead 1
   012B 21 CE 00      [10]  443 	ld	hl, #0x00ce
   012E E5            [11]  444 	push	hl
                            445 ;	genIpush
                            446 ;	genMove_o size 2 result type 2 source type 7 a_dead 1 hl_dead 1 de_dead 1 iy_dead 1 f_dead 1
   012F 21r24s02      [10]  447 	ld	hl, #___str_2
   0132 E5            [11]  448 	push	hl
                            449 ;	genSend
                            450 ;	genMove_o size 2 result type 2 source type 7 a_dead 1 hl_dead 1 de_dead 1 iy_dead 1 f_dead 1
   0133 11r0Es03      [10]  451 	ld	de, #___str_8
                            452 ;	genSend
                            453 ;	genMove_o size 2 result type 2 source type 7 a_dead 1 hl_dead 1 de_dead 0 iy_dead 1 f_dead 1
   0136 21rF1s01      [10]  454 	ld	hl, #___str_0
                            455 ;	genCall
   0139 CDr00s00      [17]  456 	call	___fail
                            457 ;	genLabel
   013C                     458 00122$:
                            459 ;cases/bitfields-checks/bitfields-checks_struct_0_varType_0_bit_0.c:208: volatileBits = 0x00;
                            460 ;	genAssign
                            461 ;	genMove_o size 1 result type 11 source type 1 a_dead 1 hl_dead 1 de_dead 1 iy_dead 1 f_dead 1
   013C AF            [ 4]  462 	xor	a, a
   013D 32r00s00      [13]  463 	ld	(#_volatileBits), a
                            464 ; common peephole 19 loaded (#_volatileBits) from a directly instead of using hl.
                            465 ;cases/bitfields-checks/bitfields-checks_struct_0_varType_0_bit_0.c:209: volatileBits &= (uint8_t)(~(1 << BIT_TO_TEST));
                            466 ;	genAnd
   0140 3Ar00s00      [13]  467 	ld	a, (_volatileBits+0)
   0143 E6 FE         [ 7]  468 	and	a, #0xfe
                            469 ;	genMove_o size 1 result type 10 source type 2 a_dead 1 hl_dead 1 de_dead 1 iy_dead 1 f_dead 1
   0145 32r00s00      [13]  470 	ld	(_volatileBits+0), a
                            471 ;cases/bitfields-checks/bitfields-checks_struct_0_varType_0_bit_0.c:210: ASSERT(volatileBits == 0x00);
                            472 ;	genPlus
                            473 ;	genMove_o size 2 result type 2 source type 10 a_dead 1 hl_dead 1 de_dead 1 iy_dead 1 f_dead 1
   0148 2Ar00s00      [16]  474 	ld	hl, (___numTests)
   014B 23            [ 6]  475 	inc	hl
                            476 ;	genMove_o size 2 result type 10 source type 2 a_dead 1 hl_dead 1 de_dead 1 iy_dead 1 f_dead 1
   014C 22r00s00      [16]  477 	ld	(___numTests), hl
                            478 ;	genIfx
   014F 3Ar00s00      [13]  479 	ld	a, (_volatileBits+0)
   0152 B7            [ 4]  480 	or	a, a
                            481 ; common peephole 163 changed absolute to relative conditional jump.
   0153 28 11         [12]  482 	jr	z, 00124$
                            483 ;	skipping iCode since result will be rematerialized
                            484 ;	skipping iCode since result will be rematerialized
                            485 ;	skipping iCode since result will be rematerialized
                            486 ;	skipping iCode since result will be rematerialized
                            487 ;	skipping iCode since result will be rematerialized
                            488 ;	skipping iCode since result will be rematerialized
                            489 ;	genIpush
                            490 ;	genMove_o size 2 result type 2 source type 1 a_dead 1 hl_dead 1 de_dead 1 iy_dead 1 f_dead 1
   0155 21 D2 00      [10]  491 	ld	hl, #0x00d2
   0158 E5            [11]  492 	push	hl
                            493 ;	genIpush
                            494 ;	genMove_o size 2 result type 2 source type 7 a_dead 1 hl_dead 1 de_dead 1 iy_dead 1 f_dead 1
   0159 21r24s02      [10]  495 	ld	hl, #___str_2
   015C E5            [11]  496 	push	hl
                            497 ;	genSend
                            498 ;	genMove_o size 2 result type 2 source type 7 a_dead 1 hl_dead 1 de_dead 1 iy_dead 1 f_dead 1
   015D 11r23s03      [10]  499 	ld	de, #___str_9
                            500 ;	genSend
                            501 ;	genMove_o size 2 result type 2 source type 7 a_dead 1 hl_dead 1 de_dead 0 iy_dead 1 f_dead 1
   0160 21rF1s01      [10]  502 	ld	hl, #___str_0
                            503 ;	genCall
   0163 CDr00s00      [17]  504 	call	___fail
                            505 ;	genLabel
   0166                     506 00124$:
                            507 ;cases/bitfields-checks/bitfields-checks_struct_0_varType_0_bit_0.c:212: volatileBits = 0xFF;
                            508 ;	genAssign
                            509 ;	genMove_o size 1 result type 11 source type 1 a_dead 1 hl_dead 1 de_dead 1 iy_dead 1 f_dead 1
   0166 21r00s00      [10]  510 	ld	hl, #_volatileBits
   0169 36 FF         [10]  511 	ld	(hl), #0xff
                            512 ;cases/bitfields-checks/bitfields-checks_struct_0_varType_0_bit_0.c:213: volatileBits &= (uint8_t)(~(1 << BIT_TO_TEST));
                            513 ;	genAnd
   016B 3Ar00s00      [13]  514 	ld	a, (_volatileBits+0)
   016E E6 FE         [ 7]  515 	and	a, #0xfe
                            516 ;	genMove_o size 1 result type 10 source type 2 a_dead 1 hl_dead 1 de_dead 1 iy_dead 1 f_dead 1
   0170 32r00s00      [13]  517 	ld	(_volatileBits+0), a
                            518 ;cases/bitfields-checks/bitfields-checks_struct_0_varType_0_bit_0.c:214: ASSERT(volatileBits == (uint8_t)(~(1 << BIT_TO_TEST)));
                            519 ;	genPlus
                            520 ;	genMove_o size 2 result type 2 source type 10 a_dead 1 hl_dead 1 de_dead 1 iy_dead 1 f_dead 1
   0173 2Ar00s00      [16]  521 	ld	hl, (___numTests)
   0176 23            [ 6]  522 	inc	hl
                            523 ;	genMove_o size 2 result type 10 source type 2 a_dead 1 hl_dead 1 de_dead 1 iy_dead 1 f_dead 1
   0177 22r00s00      [16]  524 	ld	(___numTests), hl
                            525 ;	genCmpEq
                            526 ;	genMove_o size 1 result type 2 source type 10 a_dead 1 hl_dead 1 de_dead 0 iy_dead 0 f_dead 1
   017A 3Ar00s00      [13]  527 	ld	a, (_volatileBits)
   017D D6 FE         [ 7]  528 	sub	a, #0xfe
                            529 ; common peephole 163 changed absolute to relative conditional jump.
   017F 28 11         [12]  530 	jr	z, 00126$
                            531 ; common peephole 81 removed jp by using inverse jump logic
                            532 ; common peephole 159 removed unused label 00252$.
                            533 ;	skipping generated iCode
                            534 ;	skipping iCode since result will be rematerialized
                            535 ;	skipping iCode since result will be rematerialized
                            536 ;	skipping iCode since result will be rematerialized
                            537 ;	skipping iCode since result will be rematerialized
                            538 ;	skipping iCode since result will be rematerialized
                            539 ;	skipping iCode since result will be rematerialized
                            540 ;	genIpush
                            541 ;	genMove_o size 2 result type 2 source type 1 a_dead 1 hl_dead 1 de_dead 1 iy_dead 1 f_dead 1
   0181 21 D6 00      [10]  542 	ld	hl, #0x00d6
   0184 E5            [11]  543 	push	hl
                            544 ;	genIpush
                            545 ;	genMove_o size 2 result type 2 source type 7 a_dead 1 hl_dead 1 de_dead 1 iy_dead 1 f_dead 1
   0185 21r24s02      [10]  546 	ld	hl, #___str_2
   0188 E5            [11]  547 	push	hl
                            548 ;	genSend
                            549 ;	genMove_o size 2 result type 2 source type 7 a_dead 1 hl_dead 1 de_dead 1 iy_dead 1 f_dead 1
   0189 11r38s03      [10]  550 	ld	de, #___str_10
                            551 ;	genSend
                            552 ;	genMove_o size 2 result type 2 source type 7 a_dead 1 hl_dead 1 de_dead 0 iy_dead 1 f_dead 1
   018C 21rF1s01      [10]  553 	ld	hl, #___str_0
                            554 ;	genCall
   018F CDr00s00      [17]  555 	call	___fail
                            556 ;	genLabel
   0192                     557 00126$:
                            558 ;cases/bitfields-checks/bitfields-checks_struct_0_varType_0_bit_0.c:216: volatileBits = 0x00;
                            559 ;	genAssign
                            560 ;	genMove_o size 1 result type 11 source type 1 a_dead 1 hl_dead 1 de_dead 1 iy_dead 1 f_dead 1
   0192 AF            [ 4]  561 	xor	a, a
   0193 32r00s00      [13]  562 	ld	(#_volatileBits), a
                            563 ; common peephole 19 loaded (#_volatileBits) from a directly instead of using hl.
                            564 ;cases/bitfields-checks/bitfields-checks_struct_0_varType_0_bit_0.c:217: volatileBits ^= 1 << BIT_TO_TEST;
                            565 ;	genXor
   0196 3Ar00s00      [13]  566 	ld	a, (_volatileBits+0)
   0199 EE 01         [ 7]  567 	xor	a, #0x01
                            568 ;	genMove_o size 1 result type 10 source type 2 a_dead 1 hl_dead 1 de_dead 1 iy_dead 1 f_dead 1
   019B 32r00s00      [13]  569 	ld	(_volatileBits+0), a
                            570 ;cases/bitfields-checks/bitfields-checks_struct_0_varType_0_bit_0.c:218: ASSERT(volatileBits == (1 << BIT_TO_TEST));
                            571 ;	genPlus
                            572 ;	genMove_o size 2 result type 2 source type 10 a_dead 1 hl_dead 1 de_dead 1 iy_dead 1 f_dead 1
   019E 2Ar00s00      [16]  573 	ld	hl, (___numTests)
   01A1 23            [ 6]  574 	inc	hl
                            575 ;	genMove_o size 2 result type 10 source type 2 a_dead 1 hl_dead 1 de_dead 1 iy_dead 1 f_dead 1
   01A2 22r00s00      [16]  576 	ld	(___numTests), hl
                            577 ;	genCast
                            578 ;	genMove_o size 1 result type 2 source type 10 a_dead 1 hl_dead 1 de_dead 1 iy_dead 1 f_dead 1
   01A5 3Ar00s00      [13]  579 	ld	a, (_volatileBits)
                            580 ;	genCmpEq
   01A8 FE 01         [ 7]  581 	cp	a, #0x01
                            582 ; common peephole 163 changed absolute to relative conditional jump.
   01AA 28 11         [12]  583 	jr	z, 00128$
                            584 ; common peephole 81 removed jp by using inverse jump logic
                            585 ; common peephole 159 removed unused label 00253$.
                            586 ;	skipping generated iCode
                            587 ;	skipping iCode since result will be rematerialized
                            588 ;	skipping iCode since result will be rematerialized
                            589 ;	skipping iCode since result will be rematerialized
                            590 ;	skipping iCode since result will be rematerialized
                            591 ;	skipping iCode since result will be rematerialized
                            592 ;	skipping iCode since result will be rematerialized
                            593 ;	genIpush
                            594 ;	genMove_o size 2 result type 2 source type 1 a_dead 1 hl_dead 1 de_dead 1 iy_dead 1 f_dead 1
   01AC 21 DA 00      [10]  595 	ld	hl, #0x00da
   01AF E5            [11]  596 	push	hl
                            597 ;	genIpush
                            598 ;	genMove_o size 2 result type 2 source type 7 a_dead 1 hl_dead 1 de_dead 1 iy_dead 1 f_dead 1
   01B0 21r24s02      [10]  599 	ld	hl, #___str_2
   01B3 E5            [11]  600 	push	hl
                            601 ;	genSend
                            602 ;	genMove_o size 2 result type 2 source type 7 a_dead 1 hl_dead 1 de_dead 1 iy_dead 1 f_dead 1
   01B4 11rEBs02      [10]  603 	ld	de, #___str_7
                            604 ;	genSend
                            605 ;	genMove_o size 2 result type 2 source type 7 a_dead 1 hl_dead 1 de_dead 0 iy_dead 1 f_dead 1
   01B7 21rF1s01      [10]  606 	ld	hl, #___str_0
                            607 ;	genCall
   01BA CDr00s00      [17]  608 	call	___fail
                            609 ;	genLabel
   01BD                     610 00128$:
                            611 ;cases/bitfields-checks/bitfields-checks_struct_0_varType_0_bit_0.c:220: volatileBits = 0xFF;
                            612 ;	genAssign
                            613 ;	genMove_o size 1 result type 11 source type 1 a_dead 1 hl_dead 1 de_dead 1 iy_dead 1 f_dead 1
   01BD 21r00s00      [10]  614 	ld	hl, #_volatileBits
   01C0 36 FF         [10]  615 	ld	(hl), #0xff
                            616 ;cases/bitfields-checks/bitfields-checks_struct_0_varType_0_bit_0.c:221: volatileBits ^= 1 << BIT_TO_TEST;
                            617 ;	genXor
   01C2 3Ar00s00      [13]  618 	ld	a, (_volatileBits+0)
   01C5 EE 01         [ 7]  619 	xor	a, #0x01
                            620 ;	genMove_o size 1 result type 10 source type 2 a_dead 1 hl_dead 1 de_dead 1 iy_dead 1 f_dead 1
   01C7 32r00s00      [13]  621 	ld	(_volatileBits+0), a
                            622 ;cases/bitfields-checks/bitfields-checks_struct_0_varType_0_bit_0.c:222: ASSERT(volatileBits == (uint8_t)(~(1 << BIT_TO_TEST)));
                            623 ;	genPlus
                            624 ;	genMove_o size 2 result type 2 source type 10 a_dead 1 hl_dead 1 de_dead 1 iy_dead 1 f_dead 1
   01CA 2Ar00s00      [16]  625 	ld	hl, (___numTests)
   01CD 23            [ 6]  626 	inc	hl
                            627 ;	genMove_o size 2 result type 10 source type 2 a_dead 1 hl_dead 1 de_dead 1 iy_dead 1 f_dead 1
   01CE 22r00s00      [16]  628 	ld	(___numTests), hl
                            629 ;	genCmpEq
                            630 ;	genMove_o size 1 result type 2 source type 10 a_dead 1 hl_dead 1 de_dead 0 iy_dead 0 f_dead 1
   01D1 3Ar00s00      [13]  631 	ld	a, (_volatileBits)
   01D4 D6 FE         [ 7]  632 	sub	a, #0xfe
                            633 ; common peephole 163 changed absolute to relative conditional jump.
   01D6 28 11         [12]  634 	jr	z, 00130$
                            635 ; common peephole 81 removed jp by using inverse jump logic
                            636 ; common peephole 159 removed unused label 00254$.
                            637 ;	skipping generated iCode
                            638 ;	skipping iCode since result will be rematerialized
                            639 ;	skipping iCode since result will be rematerialized
                            640 ;	skipping iCode since result will be rematerialized
                            641 ;	skipping iCode since result will be rematerialized
                            642 ;	skipping iCode since result will be rematerialized
                            643 ;	skipping iCode since result will be rematerialized
                            644 ;	genIpush
                            645 ;	genMove_o size 2 result type 2 source type 1 a_dead 1 hl_dead 1 de_dead 1 iy_dead 1 f_dead 1
   01D8 21 DE 00      [10]  646 	ld	hl, #0x00de
   01DB E5            [11]  647 	push	hl
                            648 ;	genIpush
                            649 ;	genMove_o size 2 result type 2 source type 7 a_dead 1 hl_dead 1 de_dead 1 iy_dead 1 f_dead 1
   01DC 21r24s02      [10]  650 	ld	hl, #___str_2
   01DF E5            [11]  651 	push	hl
                            652 ;	genSend
                            653 ;	genMove_o size 2 result type 2 source type 7 a_dead 1 hl_dead 1 de_dead 1 iy_dead 1 f_dead 1
   01E0 11r38s03      [10]  654 	ld	de, #___str_10
                            655 ;	genSend
                            656 ;	genMove_o size 2 result type 2 source type 7 a_dead 1 hl_dead 1 de_dead 0 iy_dead 1 f_dead 1
   01E3 21rF1s01      [10]  657 	ld	hl, #___str_0
                            658 ;	genCall
   01E6 CDr00s00      [17]  659 	call	___fail
                            660 ;	genLabel
   01E9                     661 00130$:
                            662 ;cases/bitfields-checks/bitfields-checks_struct_0_varType_0_bit_0.c:224: volatileBits = 0x00; // keep it to keep environment of all assert calls the same way
                            663 ;	genAssign
                            664 ;	genMove_o size 1 result type 11 source type 1 a_dead 1 hl_dead 1 de_dead 1 iy_dead 1 f_dead 1
   01E9 AF            [ 4]  665 	xor	a, a
   01EA 32r00s00      [13]  666 	ld	(#_volatileBits), a
                            667 ; common peephole 19 loaded (#_volatileBits) from a directly instead of using hl.
                            668 ;	genLabel
                            669 ; common peephole 159 removed unused label 00105$.
                            670 ;cases/bitfields-checks/bitfields-checks_struct_0_varType_0_bit_0.c:225: }
                            671 ;	genEndFunction
                            672 ;	adjustStack by 1
   01ED 33            [ 6]  673 	inc	sp
   01EE DD E1         [14]  674 	pop	ix
   01F0 C9            [10]  675 	ret
                            676 ;	Total bit_test_byte function size at codegen: 16 bytes.
   01F1                     677 ___str_0:
   01F1 41 73 73 65 72 74   678 	.ascii "Assertion failed"
        69 6F 6E 20 66 61
        69 6C 65 64
   0201 00                  679 	.db 0x00
   0202                     680 ___str_1:
   0202 76 6F 6C 61 74 69   681 	.ascii "volatileBits & (1 << BIT_TO_TEST)"
        6C 65 42 69 74 73
        20 26 20 28 31 20
        3C 3C 20 42 49 54
        5F 54 4F 5F 54 45
        53 54 29
   0223 00                  682 	.db 0x00
   0224                     683 ___str_2:
   0224 63 61 73 65 73 2F   684 	.ascii "cases/bitfields-checks/bitfields-checks_struct_0_varType_0_b"
        62 69 74 66 69 65
        6C 64 73 2D 63 68
        65 63 6B 73 2F 62
        69 74 66 69 65 6C
        64 73 2D 63 68 65
        63 6B 73 5F 73 74
        72 75 63 74 5F 30
        5F 76 61 72 54 79
        70 65 5F 30 5F 62
   0260 69 74 5F 30 2E 63   685 	.ascii "it_0.c"
   0266 00                  686 	.db 0x00
   0267                     687 ___str_3:
   0267 76 6F 6C 61 74 69   688 	.ascii "volatileBits & (int16_t)(1 << BIT_TO_TEST)"
        6C 65 42 69 74 73
        20 26 20 28 69 6E
        74 31 36 5F 74 29
        28 31 20 3C 3C 20
        42 49 54 5F 54 4F
        5F 54 45 53 54 29
   0291 00                  689 	.db 0x00
   0292                     690 ___str_4:
   0292 64 75 6D 6D 79      691 	.ascii "dummy"
   0297 00                  692 	.db 0x00
   0298                     693 ___str_5:
   0298 21 28 76 6F 6C 61   694 	.ascii "!(volatileBits & (1 << BIT_TO_TEST))"
        74 69 6C 65 42 69
        74 73 20 26 20 28
        31 20 3C 3C 20 42
        49 54 5F 54 4F 5F
        54 45 53 54 29 29
   02BC 00                  695 	.db 0x00
   02BD                     696 ___str_6:
   02BD 21 28 76 6F 6C 61   697 	.ascii "!(volatileBits & (int16_t)(1 << BIT_TO_TEST))"
        74 69 6C 65 42 69
        74 73 20 26 20 28
        69 6E 74 31 36 5F
        74 29 28 31 20 3C
        3C 20 42 49 54 5F
        54 4F 5F 54 45 53
        54 29 29
   02EA 00                  698 	.db 0x00
   02EB                     699 ___str_7:
   02EB 76 6F 6C 61 74 69   700 	.ascii "volatileBits == (1 << BIT_TO_TEST)"
        6C 65 42 69 74 73
        20 3D 3D 20 28 31
        20 3C 3C 20 42 49
        54 5F 54 4F 5F 54
        45 53 54 29
   030D 00                  701 	.db 0x00
   030E                     702 ___str_8:
   030E 76 6F 6C 61 74 69   703 	.ascii "volatileBits == 0xFF"
        6C 65 42 69 74 73
        20 3D 3D 20 30 78
        46 46
   0322 00                  704 	.db 0x00
   0323                     705 ___str_9:
   0323 76 6F 6C 61 74 69   706 	.ascii "volatileBits == 0x00"
        6C 65 42 69 74 73
        20 3D 3D 20 30 78
        30 30
   0337 00                  707 	.db 0x00
   0338                     708 ___str_10:
   0338 76 6F 6C 61 74 69   709 	.ascii "volatileBits == (uint8_t)(~(1 << BIT_TO_TEST))"
        6C 65 42 69 74 73
        20 3D 3D 20 28 75
        69 6E 74 38 5F 74
        29 28 7E 28 31 20
        3C 3C 20 42 49 54
        5F 54 4F 5F 54 45
        53 54 29 29
   0366 00                  710 	.db 0x00
                            711 ;cases/bitfields-checks/bitfields-checks_struct_0_varType_0_bit_0.c:231: testBitfieldsChecks(void)
                            712 ;	genLabel
                            713 ;	genFunction
                            714 ;	---------------------------------
                            715 ; Function testBitfieldsChecks
                            716 ; ---------------------------------
                            717 ;	Register assignment is optimal.
                            718 ; Stack space usage: 0 bytes.
   0367                     719 _testBitfieldsChecks:
                            720 ;cases/bitfields-checks/bitfields-checks_struct_0_varType_0_bit_0.c:234: bit_test_byte();
                            721 ;	genCall
                            722 ;	genLabel
                            723 ; common peephole 159 removed unused label 00101$.
                            724 ;cases/bitfields-checks/bitfields-checks_struct_0_varType_0_bit_0.c:236: }
                            725 ;	genEndFunction
   0367 C3r00s00      [10]  726 	jp	_bit_test_byte
                            727 ; common peephole 152 removed unused ret.
                            728 ;	Total testBitfieldsChecks function size at codegen: 1 bytes.
                            729 ;cases/bitfields-checks/bitfields-checks_struct_0_varType_0_bit_0.c:240: __runSuite(void)
                            730 ;	genLabel
                            731 ;	genFunction
                            732 ;	---------------------------------
                            733 ; Function __runSuite
                            734 ; ---------------------------------
                            735 ;	Register assignment is optimal.
                            736 ; Stack space usage: 0 bytes.
   036A                     737 ___runSuite::
                            738 ;cases/bitfields-checks/bitfields-checks_struct_0_varType_0_bit_0.c:242: __prints("Running testBitfieldsChecks\n");
                            739 ;	skipping iCode since result will be rematerialized
                            740 ;	skipping iCode since result will be rematerialized
                            741 ;	genSend
                            742 ;	genMove_o size 2 result type 2 source type 7 a_dead 1 hl_dead 1 de_dead 1 iy_dead 1 f_dead 1
   036A 21r73s03      [10]  743 	ld	hl, #___str_11
                            744 ;	genCall
   036D CDr00s00      [17]  745 	call	___prints
                            746 ;cases/bitfields-checks/bitfields-checks_struct_0_varType_0_bit_0.c:243: testBitfieldsChecks();
                            747 ;	genCall
                            748 ;	genLabel
                            749 ; common peephole 159 removed unused label 00101$.
                            750 ;cases/bitfields-checks/bitfields-checks_struct_0_varType_0_bit_0.c:244: }
                            751 ;	genEndFunction
   0370 C3r67s03      [10]  752 	jp	_testBitfieldsChecks
                            753 ; common peephole 152 removed unused ret.
                            754 ;	Total __runSuite function size at codegen: 1 bytes.
   0373                     755 ___str_11:
   0373 52 75 6E 6E 69 6E   756 	.ascii "Running testBitfieldsChecks"
        67 20 74 65 73 74
        42 69 74 66 69 65
        6C 64 73 43 68 65
        63 6B 73
   038E 0A                  757 	.db 0x0a
   038F 00                  758 	.db 0x00
                            759 ;cases/bitfields-checks/bitfields-checks_struct_0_varType_0_bit_0.c:249: __getSuiteName(void)
                            760 ;	genLabel
                            761 ;	genFunction
                            762 ;	---------------------------------
                            763 ; Function __getSuiteName
                            764 ; ---------------------------------
                            765 ;	Register assignment is optimal.
                            766 ; Stack space usage: 0 bytes.
   0390                     767 ___getSuiteName::
                            768 ;cases/bitfields-checks/bitfields-checks_struct_0_varType_0_bit_0.c:251: return "bitfields-checks_struct_0_varType_0_bit_0";
                            769 ;	skipping iCode since result will be rematerialized
                            770 ;	skipping iCode since result will be rematerialized
                            771 ;	genRet
                            772 ;	genMove_o size 2 result type 2 source type 7 a_dead 1 hl_dead 1 de_dead 1 iy_dead 1 f_dead 1
   0390 11r96s03      [10]  773 	ld	de, #___str_12
                            774 ;	genLabel
                            775 ; common peephole 159 removed unused label 00101$.
                            776 ;cases/bitfields-checks/bitfields-checks_struct_0_varType_0_bit_0.c:252: }
                            777 ;	genEndFunction
   0393 C9            [10]  778 	ret
                            779 ;	Total __getSuiteName function size at codegen: 1 bytes.
   0394                     780 ___numCases:
   0394 01 00               781 	.dw #0x0001
   0396                     782 ___str_12:
   0396 62 69 74 66 69 65   783 	.ascii "bitfields-checks_struct_0_varType_0_bit_0"
        6C 64 73 2D 63 68
        65 63 6B 73 5F 73
        74 72 75 63 74 5F
        30 5F 76 61 72 54
        79 70 65 5F 30 5F
        62 69 74 5F 30
   03BF 00                  784 	.db 0x00
                            785 	.area _CODE (BANK=_CSEG)
                            786 	.area _INITIALIZER
                            787 	.area _CABS (ABS)
