                              1 ;--------------------------------------------------------
                              2 ; File Created by SDCC : free open source ISO C Compiler
                              3 ; Version 4.6.2 #16710 (Linux)
                              4 ;--------------------------------------------------------
                              5 	.module bitfields_checks_struct_0_varType_1_bit_2
                              6 	
                              7 ;--------------------------------------------------------
                              8 ; Public variables in this module
                              9 ;--------------------------------------------------------
                             10 	.globl _bit_test_byte
                             11 	.globl ___prints
                             12 	.globl ___fail
                             13 	.globl ___numCases
                             14 	.globl ___runSuite
                             15 	.globl ___getSuiteName
                             16 ;--------------------------------------------------------
                             17 ; special function registers
                             18 ;--------------------------------------------------------
                             19 ;--------------------------------------------------------
                             20 ; ram data
                             21 ;--------------------------------------------------------
                             22 	.area _DATA (BANK=_DSEG)
                             23 ;--------------------------------------------------------
                             24 ; ram data
                             25 ;--------------------------------------------------------
                             26 	.area _INITIALIZED
                             27 ;--------------------------------------------------------
                             28 ; absolute ram data
                             29 ;--------------------------------------------------------
                             30 	.area _DABS (ABS)
                             31 	.area _DABS (ABS)
                             32 ;--------------------------------------------------------
                             33 ; global & static initialisations
                             34 ;--------------------------------------------------------
                             35 	.area _HOME
                             36 	.area _GSINIT
                             37 	.area _GSFINAL
                             38 	.area _GSINIT
                             39 ;--------------------------------------------------------
                             40 ; Home
                             41 ;--------------------------------------------------------
                             42 	.area _HOME (BANK=_CSEG)
                             43 	.area _HOME (BANK=_CSEG)
                             44 ;--------------------------------------------------------
                             45 ; code
                             46 ;--------------------------------------------------------
                             47 	.area _CODE (BANK=_CSEG)
                             48 ;cases/bitfields-checks/bitfields-checks_struct_0_varType_1_bit_2.c:178: bit_test_byte(void)
                             49 ;	genLabel
                             50 ;	genFunction
                             51 ;	---------------------------------
                             52 ; Function bit_test_byte
                             53 ; ---------------------------------
                             54 ;	Register assignment might be sub-optimal.
                             55 ; Stack space usage: 1 bytes.
   0000                      56 _bit_test_byte::
   0000 DD E5         [15]   57 	push	ix
   0002 DD 21 00 00   [14]   58 	ld	ix,	#0
   0006 DD 39         [15]   59 	add	ix, sp
                             60 ;	adjustStack by -1
   0008 3B            [ 6]   61 	dec	sp
                             62 ;cases/bitfields-checks/bitfields-checks_struct_0_varType_1_bit_2.c:186: volatileBits = 1 << BIT_TO_TEST;
                             63 ;	genPointerSet
                             64 ;	genMove_o size 2 result type 2 source type 1 a_dead 1 hl_dead 1 de_dead 1 iy_dead 1 f_dead 1
   0009 21 00 CA      [10]   65 	ld	hl, #0xca00
   000C 36 04         [10]   66 	ld	(hl), #0x04
                             67 ;cases/bitfields-checks/bitfields-checks_struct_0_varType_1_bit_2.c:187: ASSERT(volatileBits & (1 << BIT_TO_TEST));
                             68 ;	genPlus
                             69 ;	genMove_o size 2 result type 2 source type 10 a_dead 1 hl_dead 1 de_dead 1 iy_dead 1 f_dead 1
   000E 2Ar00s00      [16]   70 	ld	hl, (___numTests)
   0011 23            [ 6]   71 	inc	hl
                             72 ;	genMove_o size 2 result type 10 source type 2 a_dead 1 hl_dead 1 de_dead 1 iy_dead 1 f_dead 1
   0012 22r00s00      [16]   73 	ld	(___numTests), hl
                             74 ;	genPointerGet
   0015 3A 00 CA      [13]   75 	ld	a, (#0xca00)
                             76 ;	genAnd
   0018 CB 57         [ 8]   77 	bit	2, a
                             78 ; common peephole 81 removed jp by using inverse jump logic
                             79 ; common peephole 159 removed unused label 00243$.
                             80 ; common peephole 163 changed absolute to relative conditional jump.
   001A 20 11         [12]   81 	jr	nz, 00108$
                             82 ; common peephole 82 removed jp by using inverse jump logic
                             83 ; common peephole 159 removed unused label 00244$.
                             84 ;	skipping generated iCode
                             85 ;	skipping iCode since result will be rematerialized
                             86 ;	skipping iCode since result will be rematerialized
                             87 ;	skipping iCode since result will be rematerialized
                             88 ;	skipping iCode since result will be rematerialized
                             89 ;	skipping iCode since result will be rematerialized
                             90 ;	skipping iCode since result will be rematerialized
                             91 ;	genIpush
                             92 ;	genMove_o size 2 result type 2 source type 1 a_dead 1 hl_dead 1 de_dead 1 iy_dead 1 f_dead 1
   001C 21 BB 00      [10]   93 	ld	hl, #0x00bb
   001F E5            [11]   94 	push	hl
                             95 ;	genIpush
                             96 ;	genMove_o size 2 result type 2 source type 7 a_dead 1 hl_dead 1 de_dead 1 iy_dead 1 f_dead 1
   0020 21r24s02      [10]   97 	ld	hl, #___str_2
   0023 E5            [11]   98 	push	hl
                             99 ;	genSend
                            100 ;	genMove_o size 2 result type 2 source type 7 a_dead 1 hl_dead 1 de_dead 1 iy_dead 1 f_dead 1
   0024 11r02s02      [10]  101 	ld	de, #___str_1
                            102 ;	genSend
                            103 ;	genMove_o size 2 result type 2 source type 7 a_dead 1 hl_dead 1 de_dead 0 iy_dead 1 f_dead 1
   0027 21rF1s01      [10]  104 	ld	hl, #___str_0
                            105 ;	genCall
   002A CDr00s00      [17]  106 	call	___fail
                            107 ;	genLabel
   002D                     108 00108$:
                            109 ;cases/bitfields-checks/bitfields-checks_struct_0_varType_1_bit_2.c:188: ASSERT(volatileBits & (int16_t)(1 << BIT_TO_TEST));
                            110 ;	genPlus
                            111 ;	genMove_o size 2 result type 2 source type 10 a_dead 1 hl_dead 1 de_dead 1 iy_dead 1 f_dead 1
   002D 2Ar00s00      [16]  112 	ld	hl, (___numTests)
   0030 23            [ 6]  113 	inc	hl
                            114 ;	genMove_o size 2 result type 10 source type 2 a_dead 1 hl_dead 1 de_dead 1 iy_dead 1 f_dead 1
   0031 22r00s00      [16]  115 	ld	(___numTests), hl
                            116 ;	genPointerGet
   0034 3A 00 CA      [13]  117 	ld	a, (#0xca00)
                            118 ;	genAnd
   0037 CB 57         [ 8]  119 	bit	2, a
                            120 ; common peephole 81 removed jp by using inverse jump logic
                            121 ; common peephole 159 removed unused label 00245$.
                            122 ; common peephole 163 changed absolute to relative conditional jump.
   0039 20 11         [12]  123 	jr	nz, 00110$
                            124 ; common peephole 82 removed jp by using inverse jump logic
                            125 ; common peephole 159 removed unused label 00246$.
                            126 ;	skipping generated iCode
                            127 ;	skipping iCode since result will be rematerialized
                            128 ;	skipping iCode since result will be rematerialized
                            129 ;	skipping iCode since result will be rematerialized
                            130 ;	skipping iCode since result will be rematerialized
                            131 ;	skipping iCode since result will be rematerialized
                            132 ;	skipping iCode since result will be rematerialized
                            133 ;	genIpush
                            134 ;	genMove_o size 2 result type 2 source type 1 a_dead 1 hl_dead 1 de_dead 1 iy_dead 1 f_dead 1
   003B 21 BC 00      [10]  135 	ld	hl, #0x00bc
   003E E5            [11]  136 	push	hl
                            137 ;	genIpush
                            138 ;	genMove_o size 2 result type 2 source type 7 a_dead 1 hl_dead 1 de_dead 1 iy_dead 1 f_dead 1
   003F 21r24s02      [10]  139 	ld	hl, #___str_2
   0042 E5            [11]  140 	push	hl
                            141 ;	genSend
                            142 ;	genMove_o size 2 result type 2 source type 7 a_dead 1 hl_dead 1 de_dead 1 iy_dead 1 f_dead 1
   0043 11r67s02      [10]  143 	ld	de, #___str_3
                            144 ;	genSend
                            145 ;	genMove_o size 2 result type 2 source type 7 a_dead 1 hl_dead 1 de_dead 0 iy_dead 1 f_dead 1
   0046 21rF1s01      [10]  146 	ld	hl, #___str_0
                            147 ;	genCall
   0049 CDr00s00      [17]  148 	call	___fail
                            149 ;	genLabel
   004C                     150 00110$:
                            151 ;cases/bitfields-checks/bitfields-checks_struct_0_varType_1_bit_2.c:189: dummy = 0;
                            152 ;	genAssign
                            153 ;	genMove_o size 1 result type 6 source type 1 a_dead 1 hl_dead 1 de_dead 1 iy_dead 1 f_dead 1
   004C DD 36 FF 00   [19]  154 	ld	-1 (ix), #0x00
                            155 ;cases/bitfields-checks/bitfields-checks_struct_0_varType_1_bit_2.c:190: if(volatileBits & (int16_t)(1 << BIT_TO_TEST)) dummy = 1;
                            156 ;	genPointerGet
   0050 3A 00 CA      [13]  157 	ld	a, (#0xca00)
                            158 ;	genAnd
   0053 CB 57         [ 8]  159 	bit	2, a
                            160 ; common peephole 163 changed absolute to relative conditional jump.
   0055 28 04         [12]  161 	jr	z, 00102$
                            162 ; common peephole 81 removed jp by using inverse jump logic
                            163 ; common peephole 159 removed unused label 00247$.
                            164 ;	skipping generated iCode
                            165 ;	genAssign
                            166 ;	genMove_o size 1 result type 6 source type 1 a_dead 1 hl_dead 1 de_dead 1 iy_dead 1 f_dead 1
   0057 DD 36 FF 01   [19]  167 	ld	-1 (ix), #0x01
                            168 ;	genLabel
   005B                     169 00102$:
                            170 ;cases/bitfields-checks/bitfields-checks_struct_0_varType_1_bit_2.c:191: ASSERT(dummy);
                            171 ;	genPlus
                            172 ;	genMove_o size 2 result type 2 source type 10 a_dead 1 hl_dead 1 de_dead 1 iy_dead 1 f_dead 1
   005B 2Ar00s00      [16]  173 	ld	hl, (___numTests)
   005E 23            [ 6]  174 	inc	hl
                            175 ;	genMove_o size 2 result type 10 source type 2 a_dead 1 hl_dead 1 de_dead 1 iy_dead 1 f_dead 1
   005F 22r00s00      [16]  176 	ld	(___numTests), hl
                            177 ;	genIfx
   0062 DD 7E FF      [19]  178 	ld	a, -1 (ix)
   0065 B7            [ 4]  179 	or	a, a
                            180 ; common peephole 163 changed absolute to relative conditional jump.
   0066 20 11         [12]  181 	jr	nz, 00112$
                            182 ;	skipping iCode since result will be rematerialized
                            183 ;	skipping iCode since result will be rematerialized
                            184 ;	skipping iCode since result will be rematerialized
                            185 ;	skipping iCode since result will be rematerialized
                            186 ;	skipping iCode since result will be rematerialized
                            187 ;	skipping iCode since result will be rematerialized
                            188 ;	genIpush
                            189 ;	genMove_o size 2 result type 2 source type 1 a_dead 1 hl_dead 1 de_dead 1 iy_dead 1 f_dead 1
   0068 21 BF 00      [10]  190 	ld	hl, #0x00bf
   006B E5            [11]  191 	push	hl
                            192 ;	genIpush
                            193 ;	genMove_o size 2 result type 2 source type 7 a_dead 1 hl_dead 1 de_dead 1 iy_dead 1 f_dead 1
   006C 21r24s02      [10]  194 	ld	hl, #___str_2
   006F E5            [11]  195 	push	hl
                            196 ;	genSend
                            197 ;	genMove_o size 2 result type 2 source type 7 a_dead 1 hl_dead 1 de_dead 1 iy_dead 1 f_dead 1
   0070 11r92s02      [10]  198 	ld	de, #___str_4
                            199 ;	genSend
                            200 ;	genMove_o size 2 result type 2 source type 7 a_dead 1 hl_dead 1 de_dead 0 iy_dead 1 f_dead 1
   0073 21rF1s01      [10]  201 	ld	hl, #___str_0
                            202 ;	genCall
   0076 CDr00s00      [17]  203 	call	___fail
                            204 ;	genLabel
   0079                     205 00112$:
                            206 ;cases/bitfields-checks/bitfields-checks_struct_0_varType_1_bit_2.c:193: volatileBits = ~(1 << BIT_TO_TEST);
                            207 ;	genPointerSet
                            208 ;	genMove_o size 2 result type 2 source type 1 a_dead 1 hl_dead 1 de_dead 1 iy_dead 1 f_dead 1
   0079 21 00 CA      [10]  209 	ld	hl, #0xca00
   007C 36 FB         [10]  210 	ld	(hl), #0xfb
                            211 ;cases/bitfields-checks/bitfields-checks_struct_0_varType_1_bit_2.c:194: ASSERT(!(volatileBits & (1 << BIT_TO_TEST)));
                            212 ;	genPlus
                            213 ;	genMove_o size 2 result type 2 source type 10 a_dead 1 hl_dead 1 de_dead 1 iy_dead 1 f_dead 1
   007E 2Ar00s00      [16]  214 	ld	hl, (___numTests)
   0081 23            [ 6]  215 	inc	hl
                            216 ;	genMove_o size 2 result type 10 source type 2 a_dead 1 hl_dead 1 de_dead 1 iy_dead 1 f_dead 1
   0082 22r00s00      [16]  217 	ld	(___numTests), hl
                            218 ;	genPointerGet
   0085 3A 00 CA      [13]  219 	ld	a, (#0xca00)
                            220 ;	genGetAbit
   0088 0F            [ 4]  221 	rrca
   0089 0F            [ 4]  222 	rrca
                            223 ;	genMove_o size 0 result type 2 source type 1 a_dead 1 hl_dead 0 de_dead 0 iy_dead 1 f_dead 1
                            224 ;	genIfx
   008A E6 01         [ 7]  225 	and	a, #0x01
                            226 ; common peephole 100 removed redundant or after and.
                            227 ; common peephole 163 changed absolute to relative conditional jump.
   008C 28 11         [12]  228 	jr	z, 00114$
                            229 ;	skipping iCode since result will be rematerialized
                            230 ;	skipping iCode since result will be rematerialized
                            231 ;	skipping iCode since result will be rematerialized
                            232 ;	skipping iCode since result will be rematerialized
                            233 ;	skipping iCode since result will be rematerialized
                            234 ;	skipping iCode since result will be rematerialized
                            235 ;	genIpush
                            236 ;	genMove_o size 2 result type 2 source type 1 a_dead 1 hl_dead 1 de_dead 1 iy_dead 1 f_dead 1
   008E 21 C2 00      [10]  237 	ld	hl, #0x00c2
   0091 E5            [11]  238 	push	hl
                            239 ;	genIpush
                            240 ;	genMove_o size 2 result type 2 source type 7 a_dead 1 hl_dead 1 de_dead 1 iy_dead 1 f_dead 1
   0092 21r24s02      [10]  241 	ld	hl, #___str_2
   0095 E5            [11]  242 	push	hl
                            243 ;	genSend
                            244 ;	genMove_o size 2 result type 2 source type 7 a_dead 1 hl_dead 1 de_dead 1 iy_dead 1 f_dead 1
   0096 11r98s02      [10]  245 	ld	de, #___str_5
                            246 ;	genSend
                            247 ;	genMove_o size 2 result type 2 source type 7 a_dead 1 hl_dead 1 de_dead 0 iy_dead 1 f_dead 1
   0099 21rF1s01      [10]  248 	ld	hl, #___str_0
                            249 ;	genCall
   009C CDr00s00      [17]  250 	call	___fail
                            251 ;	genLabel
   009F                     252 00114$:
                            253 ;cases/bitfields-checks/bitfields-checks_struct_0_varType_1_bit_2.c:195: ASSERT(!(volatileBits & (int16_t)(1 << BIT_TO_TEST)));
                            254 ;	genPlus
                            255 ;	genMove_o size 2 result type 2 source type 10 a_dead 1 hl_dead 1 de_dead 1 iy_dead 1 f_dead 1
   009F 2Ar00s00      [16]  256 	ld	hl, (___numTests)
   00A2 23            [ 6]  257 	inc	hl
                            258 ;	genMove_o size 2 result type 10 source type 2 a_dead 1 hl_dead 1 de_dead 1 iy_dead 1 f_dead 1
   00A3 22r00s00      [16]  259 	ld	(___numTests), hl
                            260 ;	genPointerGet
   00A6 3A 00 CA      [13]  261 	ld	a, (#0xca00)
                            262 ;	genGetAbit
   00A9 0F            [ 4]  263 	rrca
   00AA 0F            [ 4]  264 	rrca
                            265 ;	genMove_o size 0 result type 2 source type 1 a_dead 1 hl_dead 0 de_dead 0 iy_dead 1 f_dead 1
                            266 ;	genIfx
   00AB E6 01         [ 7]  267 	and	a, #0x01
                            268 ; common peephole 100 removed redundant or after and.
                            269 ; common peephole 163 changed absolute to relative conditional jump.
   00AD 28 11         [12]  270 	jr	z, 00116$
                            271 ;	skipping iCode since result will be rematerialized
                            272 ;	skipping iCode since result will be rematerialized
                            273 ;	skipping iCode since result will be rematerialized
                            274 ;	skipping iCode since result will be rematerialized
                            275 ;	skipping iCode since result will be rematerialized
                            276 ;	skipping iCode since result will be rematerialized
                            277 ;	genIpush
                            278 ;	genMove_o size 2 result type 2 source type 1 a_dead 1 hl_dead 1 de_dead 1 iy_dead 1 f_dead 1
   00AF 21 C3 00      [10]  279 	ld	hl, #0x00c3
   00B2 E5            [11]  280 	push	hl
                            281 ;	genIpush
                            282 ;	genMove_o size 2 result type 2 source type 7 a_dead 1 hl_dead 1 de_dead 1 iy_dead 1 f_dead 1
   00B3 21r24s02      [10]  283 	ld	hl, #___str_2
   00B6 E5            [11]  284 	push	hl
                            285 ;	genSend
                            286 ;	genMove_o size 2 result type 2 source type 7 a_dead 1 hl_dead 1 de_dead 1 iy_dead 1 f_dead 1
   00B7 11rBDs02      [10]  287 	ld	de, #___str_6
                            288 ;	genSend
                            289 ;	genMove_o size 2 result type 2 source type 7 a_dead 1 hl_dead 1 de_dead 0 iy_dead 1 f_dead 1
   00BA 21rF1s01      [10]  290 	ld	hl, #___str_0
                            291 ;	genCall
   00BD CDr00s00      [17]  292 	call	___fail
                            293 ;	genLabel
   00C0                     294 00116$:
                            295 ;cases/bitfields-checks/bitfields-checks_struct_0_varType_1_bit_2.c:196: dummy = 0;
                            296 ;	genAssign
                            297 ;	genMove_o size 1 result type 6 source type 1 a_dead 1 hl_dead 1 de_dead 1 iy_dead 1 f_dead 1
   00C0 DD 36 FF 00   [19]  298 	ld	-1 (ix), #0x00
                            299 ;cases/bitfields-checks/bitfields-checks_struct_0_varType_1_bit_2.c:197: if(!(volatileBits & (int16_t)(1 << BIT_TO_TEST))) dummy = 1;
                            300 ;	genPointerGet
   00C4 3A 00 CA      [13]  301 	ld	a, (#0xca00)
                            302 ;	genAnd
   00C7 CB 57         [ 8]  303 	bit	2, a
                            304 ; common peephole 81 removed jp by using inverse jump logic
                            305 ; common peephole 159 removed unused label 00248$.
                            306 ; common peephole 163 changed absolute to relative conditional jump.
   00C9 20 04         [12]  307 	jr	nz, 00104$
                            308 ; common peephole 82 removed jp by using inverse jump logic
                            309 ; common peephole 159 removed unused label 00249$.
                            310 ;	skipping generated iCode
                            311 ;	genAssign
                            312 ;	genMove_o size 1 result type 6 source type 1 a_dead 1 hl_dead 1 de_dead 1 iy_dead 1 f_dead 1
   00CB DD 36 FF 01   [19]  313 	ld	-1 (ix), #0x01
                            314 ;	genLabel
   00CF                     315 00104$:
                            316 ;cases/bitfields-checks/bitfields-checks_struct_0_varType_1_bit_2.c:198: ASSERT(dummy);
                            317 ;	genPlus
                            318 ;	genMove_o size 2 result type 2 source type 10 a_dead 1 hl_dead 1 de_dead 1 iy_dead 1 f_dead 1
   00CF 2Ar00s00      [16]  319 	ld	hl, (___numTests)
   00D2 23            [ 6]  320 	inc	hl
                            321 ;	genMove_o size 2 result type 10 source type 2 a_dead 1 hl_dead 1 de_dead 1 iy_dead 1 f_dead 1
   00D3 22r00s00      [16]  322 	ld	(___numTests), hl
                            323 ;	genIfx
   00D6 DD 7E FF      [19]  324 	ld	a, -1 (ix)
   00D9 B7            [ 4]  325 	or	a, a
                            326 ; common peephole 163 changed absolute to relative conditional jump.
   00DA 20 11         [12]  327 	jr	nz, 00118$
                            328 ;	skipping iCode since result will be rematerialized
                            329 ;	skipping iCode since result will be rematerialized
                            330 ;	skipping iCode since result will be rematerialized
                            331 ;	skipping iCode since result will be rematerialized
                            332 ;	skipping iCode since result will be rematerialized
                            333 ;	skipping iCode since result will be rematerialized
                            334 ;	genIpush
                            335 ;	genMove_o size 2 result type 2 source type 1 a_dead 1 hl_dead 1 de_dead 1 iy_dead 1 f_dead 1
   00DC 21 C6 00      [10]  336 	ld	hl, #0x00c6
   00DF E5            [11]  337 	push	hl
                            338 ;	genIpush
                            339 ;	genMove_o size 2 result type 2 source type 7 a_dead 1 hl_dead 1 de_dead 1 iy_dead 1 f_dead 1
   00E0 21r24s02      [10]  340 	ld	hl, #___str_2
   00E3 E5            [11]  341 	push	hl
                            342 ;	genSend
                            343 ;	genMove_o size 2 result type 2 source type 7 a_dead 1 hl_dead 1 de_dead 1 iy_dead 1 f_dead 1
   00E4 11r92s02      [10]  344 	ld	de, #___str_4
                            345 ;	genSend
                            346 ;	genMove_o size 2 result type 2 source type 7 a_dead 1 hl_dead 1 de_dead 0 iy_dead 1 f_dead 1
   00E7 21rF1s01      [10]  347 	ld	hl, #___str_0
                            348 ;	genCall
   00EA CDr00s00      [17]  349 	call	___fail
                            350 ;	genLabel
   00ED                     351 00118$:
                            352 ;cases/bitfields-checks/bitfields-checks_struct_0_varType_1_bit_2.c:200: volatileBits = 0x00;
                            353 ;	genPointerSet
                            354 ;	genMove_o size 2 result type 2 source type 1 a_dead 1 hl_dead 1 de_dead 1 iy_dead 1 f_dead 1
   00ED 21 00 CA      [10]  355 	ld	hl, #0xca00
   00F0 36 00         [10]  356 	ld	(hl), #0x00
                            357 ;cases/bitfields-checks/bitfields-checks_struct_0_varType_1_bit_2.c:201: volatileBits |= 1 << BIT_TO_TEST;
                            358 ;	genPointerGet
   00F2 3A 00 CA      [13]  359 	ld	a, (#0xca00)
                            360 ;	genOr
   00F5 CB D7         [ 8]  361 	set	2, a
                            362 ;	genPointerSet
                            363 ;	genMove_o size 2 result type 2 source type 1 a_dead 0 hl_dead 1 de_dead 1 iy_dead 1 f_dead 1
   00F7 77            [ 7]  364 	ld	(hl), a
                            365 ;cases/bitfields-checks/bitfields-checks_struct_0_varType_1_bit_2.c:202: ASSERT(volatileBits == (1 << BIT_TO_TEST));
                            366 ;	genPlus
                            367 ;	genMove_o size 2 result type 2 source type 10 a_dead 1 hl_dead 1 de_dead 1 iy_dead 1 f_dead 1
   00F8 2Ar00s00      [16]  368 	ld	hl, (___numTests)
   00FB 23            [ 6]  369 	inc	hl
                            370 ;	genMove_o size 2 result type 10 source type 2 a_dead 1 hl_dead 1 de_dead 1 iy_dead 1 f_dead 1
   00FC 22r00s00      [16]  371 	ld	(___numTests), hl
                            372 ;	genPointerGet
   00FF 3A 00 CA      [13]  373 	ld	a, (#0xca00)
                            374 ;	genCmpEq
   0102 FE 04         [ 7]  375 	cp	a, #0x04
                            376 ; common peephole 163 changed absolute to relative conditional jump.
   0104 28 11         [12]  377 	jr	z, 00120$
                            378 ; common peephole 81 removed jp by using inverse jump logic
                            379 ; common peephole 159 removed unused label 00250$.
                            380 ;	skipping generated iCode
                            381 ;	skipping iCode since result will be rematerialized
                            382 ;	skipping iCode since result will be rematerialized
                            383 ;	skipping iCode since result will be rematerialized
                            384 ;	skipping iCode since result will be rematerialized
                            385 ;	skipping iCode since result will be rematerialized
                            386 ;	skipping iCode since result will be rematerialized
                            387 ;	genIpush
                            388 ;	genMove_o size 2 result type 2 source type 1 a_dead 1 hl_dead 1 de_dead 1 iy_dead 1 f_dead 1
   0106 21 CA 00      [10]  389 	ld	hl, #0x00ca
   0109 E5            [11]  390 	push	hl
                            391 ;	genIpush
                            392 ;	genMove_o size 2 result type 2 source type 7 a_dead 1 hl_dead 1 de_dead 1 iy_dead 1 f_dead 1
   010A 21r24s02      [10]  393 	ld	hl, #___str_2
   010D E5            [11]  394 	push	hl
                            395 ;	genSend
                            396 ;	genMove_o size 2 result type 2 source type 7 a_dead 1 hl_dead 1 de_dead 1 iy_dead 1 f_dead 1
   010E 11rEBs02      [10]  397 	ld	de, #___str_7
                            398 ;	genSend
                            399 ;	genMove_o size 2 result type 2 source type 7 a_dead 1 hl_dead 1 de_dead 0 iy_dead 1 f_dead 1
   0111 21rF1s01      [10]  400 	ld	hl, #___str_0
                            401 ;	genCall
   0114 CDr00s00      [17]  402 	call	___fail
                            403 ;	genLabel
   0117                     404 00120$:
                            405 ;cases/bitfields-checks/bitfields-checks_struct_0_varType_1_bit_2.c:204: volatileBits = 0xFF;
                            406 ;	genPointerSet
                            407 ;	genMove_o size 2 result type 2 source type 1 a_dead 1 hl_dead 1 de_dead 1 iy_dead 1 f_dead 1
   0117 21 00 CA      [10]  408 	ld	hl, #0xca00
   011A 36 FF         [10]  409 	ld	(hl), #0xff
                            410 ;cases/bitfields-checks/bitfields-checks_struct_0_varType_1_bit_2.c:205: volatileBits |= 1 << BIT_TO_TEST;
                            411 ;	genPointerGet
   011C 3A 00 CA      [13]  412 	ld	a, (#0xca00)
                            413 ;	genOr
   011F CB D7         [ 8]  414 	set	2, a
                            415 ;	genPointerSet
                            416 ;	genMove_o size 2 result type 2 source type 1 a_dead 0 hl_dead 1 de_dead 1 iy_dead 1 f_dead 1
   0121 77            [ 7]  417 	ld	(hl), a
                            418 ;cases/bitfields-checks/bitfields-checks_struct_0_varType_1_bit_2.c:206: ASSERT(volatileBits == 0xFF);
                            419 ;	genPlus
                            420 ;	genMove_o size 2 result type 2 source type 10 a_dead 1 hl_dead 1 de_dead 1 iy_dead 1 f_dead 1
   0122 2Ar00s00      [16]  421 	ld	hl, (___numTests)
   0125 23            [ 6]  422 	inc	hl
                            423 ;	genMove_o size 2 result type 10 source type 2 a_dead 1 hl_dead 1 de_dead 1 iy_dead 1 f_dead 1
   0126 22r00s00      [16]  424 	ld	(___numTests), hl
                            425 ;	genPointerGet
                            426 ;fetchPairLong
   0129 21 00 CA      [10]  427 	ld	hl, #0xca00
                            428 ;	_moveFrom_tpair_()
   012C 4E            [ 7]  429 	ld	c, (hl)
                            430 ;	genCmpEq
   012D 0C            [ 4]  431 	inc	c
                            432 ; common peephole 163 changed absolute to relative conditional jump.
   012E 28 11         [12]  433 	jr	z, 00122$
                            434 ; common peephole 81 removed jp by using inverse jump logic
                            435 ; common peephole 159 removed unused label 00251$.
                            436 ;	skipping generated iCode
                            437 ;	skipping iCode since result will be rematerialized
                            438 ;	skipping iCode since result will be rematerialized
                            439 ;	skipping iCode since result will be rematerialized
                            440 ;	skipping iCode since result will be rematerialized
                            441 ;	skipping iCode since result will be rematerialized
                            442 ;	skipping iCode since result will be rematerialized
                            443 ;	genIpush
                            444 ;	genMove_o size 2 result type 2 source type 1 a_dead 1 hl_dead 1 de_dead 1 iy_dead 1 f_dead 1
   0130 21 CE 00      [10]  445 	ld	hl, #0x00ce
   0133 E5            [11]  446 	push	hl
                            447 ;	genIpush
                            448 ;	genMove_o size 2 result type 2 source type 7 a_dead 1 hl_dead 1 de_dead 1 iy_dead 1 f_dead 1
   0134 21r24s02      [10]  449 	ld	hl, #___str_2
   0137 E5            [11]  450 	push	hl
                            451 ;	genSend
                            452 ;	genMove_o size 2 result type 2 source type 7 a_dead 1 hl_dead 1 de_dead 1 iy_dead 1 f_dead 1
   0138 11r0Es03      [10]  453 	ld	de, #___str_8
                            454 ;	genSend
                            455 ;	genMove_o size 2 result type 2 source type 7 a_dead 1 hl_dead 1 de_dead 0 iy_dead 1 f_dead 1
   013B 21rF1s01      [10]  456 	ld	hl, #___str_0
                            457 ;	genCall
   013E CDr00s00      [17]  458 	call	___fail
                            459 ;	genLabel
   0141                     460 00122$:
                            461 ;cases/bitfields-checks/bitfields-checks_struct_0_varType_1_bit_2.c:208: volatileBits = 0x00;
                            462 ;	genPointerSet
                            463 ;	genMove_o size 2 result type 2 source type 1 a_dead 1 hl_dead 1 de_dead 1 iy_dead 1 f_dead 1
   0141 21 00 CA      [10]  464 	ld	hl, #0xca00
   0144 36 00         [10]  465 	ld	(hl), #0x00
                            466 ;cases/bitfields-checks/bitfields-checks_struct_0_varType_1_bit_2.c:209: volatileBits &= (uint8_t)(~(1 << BIT_TO_TEST));
                            467 ;	genPointerGet
   0146 3A 00 CA      [13]  468 	ld	a, (#0xca00)
                            469 ;	genAnd
   0149 CB 97         [ 8]  470 	res	2, a
                            471 ;	genPointerSet
                            472 ;	genMove_o size 2 result type 2 source type 1 a_dead 0 hl_dead 1 de_dead 1 iy_dead 1 f_dead 1
   014B 77            [ 7]  473 	ld	(hl), a
                            474 ;cases/bitfields-checks/bitfields-checks_struct_0_varType_1_bit_2.c:210: ASSERT(volatileBits == 0x00);
                            475 ;	genPlus
                            476 ;	genMove_o size 2 result type 2 source type 10 a_dead 1 hl_dead 1 de_dead 1 iy_dead 1 f_dead 1
   014C 2Ar00s00      [16]  477 	ld	hl, (___numTests)
   014F 23            [ 6]  478 	inc	hl
                            479 ;	genMove_o size 2 result type 10 source type 2 a_dead 1 hl_dead 1 de_dead 1 iy_dead 1 f_dead 1
   0150 22r00s00      [16]  480 	ld	(___numTests), hl
                            481 ;	genPointerGet
   0153 3A 00 CA      [13]  482 	ld	a, (#0xca00)
                            483 ;	genIfx
   0156 B7            [ 4]  484 	or	a, a
                            485 ; common peephole 163 changed absolute to relative conditional jump.
   0157 28 11         [12]  486 	jr	z, 00124$
                            487 ;	skipping iCode since result will be rematerialized
                            488 ;	skipping iCode since result will be rematerialized
                            489 ;	skipping iCode since result will be rematerialized
                            490 ;	skipping iCode since result will be rematerialized
                            491 ;	skipping iCode since result will be rematerialized
                            492 ;	skipping iCode since result will be rematerialized
                            493 ;	genIpush
                            494 ;	genMove_o size 2 result type 2 source type 1 a_dead 1 hl_dead 1 de_dead 1 iy_dead 1 f_dead 1
   0159 21 D2 00      [10]  495 	ld	hl, #0x00d2
   015C E5            [11]  496 	push	hl
                            497 ;	genIpush
                            498 ;	genMove_o size 2 result type 2 source type 7 a_dead 1 hl_dead 1 de_dead 1 iy_dead 1 f_dead 1
   015D 21r24s02      [10]  499 	ld	hl, #___str_2
   0160 E5            [11]  500 	push	hl
                            501 ;	genSend
                            502 ;	genMove_o size 2 result type 2 source type 7 a_dead 1 hl_dead 1 de_dead 1 iy_dead 1 f_dead 1
   0161 11r23s03      [10]  503 	ld	de, #___str_9
                            504 ;	genSend
                            505 ;	genMove_o size 2 result type 2 source type 7 a_dead 1 hl_dead 1 de_dead 0 iy_dead 1 f_dead 1
   0164 21rF1s01      [10]  506 	ld	hl, #___str_0
                            507 ;	genCall
   0167 CDr00s00      [17]  508 	call	___fail
                            509 ;	genLabel
   016A                     510 00124$:
                            511 ;cases/bitfields-checks/bitfields-checks_struct_0_varType_1_bit_2.c:212: volatileBits = 0xFF;
                            512 ;	genPointerSet
                            513 ;	genMove_o size 2 result type 2 source type 1 a_dead 1 hl_dead 1 de_dead 1 iy_dead 1 f_dead 1
   016A 21 00 CA      [10]  514 	ld	hl, #0xca00
   016D 36 FF         [10]  515 	ld	(hl), #0xff
                            516 ;cases/bitfields-checks/bitfields-checks_struct_0_varType_1_bit_2.c:213: volatileBits &= (uint8_t)(~(1 << BIT_TO_TEST));
                            517 ;	genPointerGet
   016F 3A 00 CA      [13]  518 	ld	a, (#0xca00)
                            519 ;	genAnd
   0172 CB 97         [ 8]  520 	res	2, a
                            521 ;	genPointerSet
                            522 ;	genMove_o size 2 result type 2 source type 1 a_dead 0 hl_dead 1 de_dead 1 iy_dead 1 f_dead 1
   0174 77            [ 7]  523 	ld	(hl), a
                            524 ;cases/bitfields-checks/bitfields-checks_struct_0_varType_1_bit_2.c:214: ASSERT(volatileBits == (uint8_t)(~(1 << BIT_TO_TEST)));
                            525 ;	genPlus
                            526 ;	genMove_o size 2 result type 2 source type 10 a_dead 1 hl_dead 1 de_dead 1 iy_dead 1 f_dead 1
   0175 2Ar00s00      [16]  527 	ld	hl, (___numTests)
   0178 23            [ 6]  528 	inc	hl
                            529 ;	genMove_o size 2 result type 10 source type 2 a_dead 1 hl_dead 1 de_dead 1 iy_dead 1 f_dead 1
   0179 22r00s00      [16]  530 	ld	(___numTests), hl
                            531 ;	genPointerGet
   017C 3A 00 CA      [13]  532 	ld	a, (#0xca00)
                            533 ;	genCmpEq
   017F FE FB         [ 7]  534 	cp	a, #0xfb
                            535 ; common peephole 163 changed absolute to relative conditional jump.
   0181 28 11         [12]  536 	jr	z, 00126$
                            537 ; common peephole 81 removed jp by using inverse jump logic
                            538 ; common peephole 159 removed unused label 00252$.
                            539 ;	skipping generated iCode
                            540 ;	skipping iCode since result will be rematerialized
                            541 ;	skipping iCode since result will be rematerialized
                            542 ;	skipping iCode since result will be rematerialized
                            543 ;	skipping iCode since result will be rematerialized
                            544 ;	skipping iCode since result will be rematerialized
                            545 ;	skipping iCode since result will be rematerialized
                            546 ;	genIpush
                            547 ;	genMove_o size 2 result type 2 source type 1 a_dead 1 hl_dead 1 de_dead 1 iy_dead 1 f_dead 1
   0183 21 D6 00      [10]  548 	ld	hl, #0x00d6
   0186 E5            [11]  549 	push	hl
                            550 ;	genIpush
                            551 ;	genMove_o size 2 result type 2 source type 7 a_dead 1 hl_dead 1 de_dead 1 iy_dead 1 f_dead 1
   0187 21r24s02      [10]  552 	ld	hl, #___str_2
   018A E5            [11]  553 	push	hl
                            554 ;	genSend
                            555 ;	genMove_o size 2 result type 2 source type 7 a_dead 1 hl_dead 1 de_dead 1 iy_dead 1 f_dead 1
   018B 11r38s03      [10]  556 	ld	de, #___str_10
                            557 ;	genSend
                            558 ;	genMove_o size 2 result type 2 source type 7 a_dead 1 hl_dead 1 de_dead 0 iy_dead 1 f_dead 1
   018E 21rF1s01      [10]  559 	ld	hl, #___str_0
                            560 ;	genCall
   0191 CDr00s00      [17]  561 	call	___fail
                            562 ;	genLabel
   0194                     563 00126$:
                            564 ;cases/bitfields-checks/bitfields-checks_struct_0_varType_1_bit_2.c:216: volatileBits = 0x00;
                            565 ;	genPointerSet
                            566 ;	genMove_o size 2 result type 2 source type 1 a_dead 1 hl_dead 1 de_dead 1 iy_dead 1 f_dead 1
   0194 21 00 CA      [10]  567 	ld	hl, #0xca00
   0197 36 00         [10]  568 	ld	(hl), #0x00
                            569 ;cases/bitfields-checks/bitfields-checks_struct_0_varType_1_bit_2.c:217: volatileBits ^= 1 << BIT_TO_TEST;
                            570 ;	genPointerGet
   0199 3A 00 CA      [13]  571 	ld	a, (#0xca00)
                            572 ;	genXor
   019C EE 04         [ 7]  573 	xor	a, #0x04
                            574 ;	genMove_o size 1 result type 2 source type 2 a_dead 1 hl_dead 1 de_dead 1 iy_dead 1 f_dead 1
                            575 ;	genPointerSet
                            576 ;	genMove_o size 2 result type 2 source type 1 a_dead 0 hl_dead 1 de_dead 1 iy_dead 1 f_dead 1
   019E 77            [ 7]  577 	ld	(hl), a
                            578 ;cases/bitfields-checks/bitfields-checks_struct_0_varType_1_bit_2.c:218: ASSERT(volatileBits == (1 << BIT_TO_TEST));
                            579 ;	genPlus
                            580 ;	genMove_o size 2 result type 2 source type 10 a_dead 1 hl_dead 1 de_dead 1 iy_dead 1 f_dead 1
   019F 2Ar00s00      [16]  581 	ld	hl, (___numTests)
   01A2 23            [ 6]  582 	inc	hl
                            583 ;	genMove_o size 2 result type 10 source type 2 a_dead 1 hl_dead 1 de_dead 1 iy_dead 1 f_dead 1
   01A3 22r00s00      [16]  584 	ld	(___numTests), hl
                            585 ;	genPointerGet
   01A6 3A 00 CA      [13]  586 	ld	a, (#0xca00)
                            587 ;	genCmpEq
   01A9 FE 04         [ 7]  588 	cp	a, #0x04
                            589 ; common peephole 163 changed absolute to relative conditional jump.
   01AB 28 11         [12]  590 	jr	z, 00128$
                            591 ; common peephole 81 removed jp by using inverse jump logic
                            592 ; common peephole 159 removed unused label 00253$.
                            593 ;	skipping generated iCode
                            594 ;	skipping iCode since result will be rematerialized
                            595 ;	skipping iCode since result will be rematerialized
                            596 ;	skipping iCode since result will be rematerialized
                            597 ;	skipping iCode since result will be rematerialized
                            598 ;	skipping iCode since result will be rematerialized
                            599 ;	skipping iCode since result will be rematerialized
                            600 ;	genIpush
                            601 ;	genMove_o size 2 result type 2 source type 1 a_dead 1 hl_dead 1 de_dead 1 iy_dead 1 f_dead 1
   01AD 21 DA 00      [10]  602 	ld	hl, #0x00da
   01B0 E5            [11]  603 	push	hl
                            604 ;	genIpush
                            605 ;	genMove_o size 2 result type 2 source type 7 a_dead 1 hl_dead 1 de_dead 1 iy_dead 1 f_dead 1
   01B1 21r24s02      [10]  606 	ld	hl, #___str_2
   01B4 E5            [11]  607 	push	hl
                            608 ;	genSend
                            609 ;	genMove_o size 2 result type 2 source type 7 a_dead 1 hl_dead 1 de_dead 1 iy_dead 1 f_dead 1
   01B5 11rEBs02      [10]  610 	ld	de, #___str_7
                            611 ;	genSend
                            612 ;	genMove_o size 2 result type 2 source type 7 a_dead 1 hl_dead 1 de_dead 0 iy_dead 1 f_dead 1
   01B8 21rF1s01      [10]  613 	ld	hl, #___str_0
                            614 ;	genCall
   01BB CDr00s00      [17]  615 	call	___fail
                            616 ;	genLabel
   01BE                     617 00128$:
                            618 ;cases/bitfields-checks/bitfields-checks_struct_0_varType_1_bit_2.c:220: volatileBits = 0xFF;
                            619 ;	genPointerSet
                            620 ;	genMove_o size 2 result type 2 source type 1 a_dead 1 hl_dead 1 de_dead 1 iy_dead 1 f_dead 1
   01BE 21 00 CA      [10]  621 	ld	hl, #0xca00
   01C1 36 FF         [10]  622 	ld	(hl), #0xff
                            623 ;cases/bitfields-checks/bitfields-checks_struct_0_varType_1_bit_2.c:221: volatileBits ^= 1 << BIT_TO_TEST;
                            624 ;	genPointerGet
   01C3 3A 00 CA      [13]  625 	ld	a, (#0xca00)
                            626 ;	genXor
   01C6 EE 04         [ 7]  627 	xor	a, #0x04
                            628 ;	genMove_o size 1 result type 2 source type 2 a_dead 1 hl_dead 1 de_dead 1 iy_dead 1 f_dead 1
                            629 ;	genPointerSet
                            630 ;	genMove_o size 2 result type 2 source type 1 a_dead 0 hl_dead 1 de_dead 1 iy_dead 1 f_dead 1
   01C8 77            [ 7]  631 	ld	(hl), a
                            632 ;cases/bitfields-checks/bitfields-checks_struct_0_varType_1_bit_2.c:222: ASSERT(volatileBits == (uint8_t)(~(1 << BIT_TO_TEST)));
                            633 ;	genPlus
                            634 ;	genMove_o size 2 result type 2 source type 10 a_dead 1 hl_dead 1 de_dead 1 iy_dead 1 f_dead 1
   01C9 2Ar00s00      [16]  635 	ld	hl, (___numTests)
   01CC 23            [ 6]  636 	inc	hl
                            637 ;	genMove_o size 2 result type 10 source type 2 a_dead 1 hl_dead 1 de_dead 1 iy_dead 1 f_dead 1
   01CD 22r00s00      [16]  638 	ld	(___numTests), hl
                            639 ;	genPointerGet
   01D0 3A 00 CA      [13]  640 	ld	a, (#0xca00)
                            641 ;	genCmpEq
   01D3 FE FB         [ 7]  642 	cp	a, #0xfb
                            643 ; common peephole 163 changed absolute to relative conditional jump.
   01D5 28 11         [12]  644 	jr	z, 00130$
                            645 ; common peephole 81 removed jp by using inverse jump logic
                            646 ; common peephole 159 removed unused label 00254$.
                            647 ;	skipping generated iCode
                            648 ;	skipping iCode since result will be rematerialized
                            649 ;	skipping iCode since result will be rematerialized
                            650 ;	skipping iCode since result will be rematerialized
                            651 ;	skipping iCode since result will be rematerialized
                            652 ;	skipping iCode since result will be rematerialized
                            653 ;	skipping iCode since result will be rematerialized
                            654 ;	genIpush
                            655 ;	genMove_o size 2 result type 2 source type 1 a_dead 1 hl_dead 1 de_dead 1 iy_dead 1 f_dead 1
   01D7 21 DE 00      [10]  656 	ld	hl, #0x00de
   01DA E5            [11]  657 	push	hl
                            658 ;	genIpush
                            659 ;	genMove_o size 2 result type 2 source type 7 a_dead 1 hl_dead 1 de_dead 1 iy_dead 1 f_dead 1
   01DB 21r24s02      [10]  660 	ld	hl, #___str_2
   01DE E5            [11]  661 	push	hl
                            662 ;	genSend
                            663 ;	genMove_o size 2 result type 2 source type 7 a_dead 1 hl_dead 1 de_dead 1 iy_dead 1 f_dead 1
   01DF 11r38s03      [10]  664 	ld	de, #___str_10
                            665 ;	genSend
                            666 ;	genMove_o size 2 result type 2 source type 7 a_dead 1 hl_dead 1 de_dead 0 iy_dead 1 f_dead 1
   01E2 21rF1s01      [10]  667 	ld	hl, #___str_0
                            668 ;	genCall
   01E5 CDr00s00      [17]  669 	call	___fail
                            670 ;	genLabel
   01E8                     671 00130$:
                            672 ;cases/bitfields-checks/bitfields-checks_struct_0_varType_1_bit_2.c:224: volatileBits = 0x00; // keep it to keep environment of all assert calls the same way
                            673 ;	genPointerSet
                            674 ;	genMove_o size 2 result type 2 source type 1 a_dead 1 hl_dead 1 de_dead 1 iy_dead 1 f_dead 1
   01E8 21 00 CA      [10]  675 	ld	hl, #0xca00
   01EB 36 00         [10]  676 	ld	(hl), #0x00
                            677 ;	genLabel
                            678 ; common peephole 159 removed unused label 00105$.
                            679 ;cases/bitfields-checks/bitfields-checks_struct_0_varType_1_bit_2.c:225: }
                            680 ;	genEndFunction
                            681 ;	adjustStack by 1
   01ED 33            [ 6]  682 	inc	sp
   01EE DD E1         [14]  683 	pop	ix
   01F0 C9            [10]  684 	ret
                            685 ;	Total bit_test_byte function size at codegen: 16 bytes.
   01F1                     686 ___str_0:
   01F1 41 73 73 65 72 74   687 	.ascii "Assertion failed"
        69 6F 6E 20 66 61
        69 6C 65 64
   0201 00                  688 	.db 0x00
   0202                     689 ___str_1:
   0202 76 6F 6C 61 74 69   690 	.ascii "volatileBits & (1 << BIT_TO_TEST)"
        6C 65 42 69 74 73
        20 26 20 28 31 20
        3C 3C 20 42 49 54
        5F 54 4F 5F 54 45
        53 54 29
   0223 00                  691 	.db 0x00
   0224                     692 ___str_2:
   0224 63 61 73 65 73 2F   693 	.ascii "cases/bitfields-checks/bitfields-checks_struct_0_varType_1_b"
        62 69 74 66 69 65
        6C 64 73 2D 63 68
        65 63 6B 73 2F 62
        69 74 66 69 65 6C
        64 73 2D 63 68 65
        63 6B 73 5F 73 74
        72 75 63 74 5F 30
        5F 76 61 72 54 79
        70 65 5F 31 5F 62
   0260 69 74 5F 32 2E 63   694 	.ascii "it_2.c"
   0266 00                  695 	.db 0x00
   0267                     696 ___str_3:
   0267 76 6F 6C 61 74 69   697 	.ascii "volatileBits & (int16_t)(1 << BIT_TO_TEST)"
        6C 65 42 69 74 73
        20 26 20 28 69 6E
        74 31 36 5F 74 29
        28 31 20 3C 3C 20
        42 49 54 5F 54 4F
        5F 54 45 53 54 29
   0291 00                  698 	.db 0x00
   0292                     699 ___str_4:
   0292 64 75 6D 6D 79      700 	.ascii "dummy"
   0297 00                  701 	.db 0x00
   0298                     702 ___str_5:
   0298 21 28 76 6F 6C 61   703 	.ascii "!(volatileBits & (1 << BIT_TO_TEST))"
        74 69 6C 65 42 69
        74 73 20 26 20 28
        31 20 3C 3C 20 42
        49 54 5F 54 4F 5F
        54 45 53 54 29 29
   02BC 00                  704 	.db 0x00
   02BD                     705 ___str_6:
   02BD 21 28 76 6F 6C 61   706 	.ascii "!(volatileBits & (int16_t)(1 << BIT_TO_TEST))"
        74 69 6C 65 42 69
        74 73 20 26 20 28
        69 6E 74 31 36 5F
        74 29 28 31 20 3C
        3C 20 42 49 54 5F
        54 4F 5F 54 45 53
        54 29 29
   02EA 00                  707 	.db 0x00
   02EB                     708 ___str_7:
   02EB 76 6F 6C 61 74 69   709 	.ascii "volatileBits == (1 << BIT_TO_TEST)"
        6C 65 42 69 74 73
        20 3D 3D 20 28 31
        20 3C 3C 20 42 49
        54 5F 54 4F 5F 54
        45 53 54 29
   030D 00                  710 	.db 0x00
   030E                     711 ___str_8:
   030E 76 6F 6C 61 74 69   712 	.ascii "volatileBits == 0xFF"
        6C 65 42 69 74 73
        20 3D 3D 20 30 78
        46 46
   0322 00                  713 	.db 0x00
   0323                     714 ___str_9:
   0323 76 6F 6C 61 74 69   715 	.ascii "volatileBits == 0x00"
        6C 65 42 69 74 73
        20 3D 3D 20 30 78
        30 30
   0337 00                  716 	.db 0x00
   0338                     717 ___str_10:
   0338 76 6F 6C 61 74 69   718 	.ascii "volatileBits == (uint8_t)(~(1 << BIT_TO_TEST))"
        6C 65 42 69 74 73
        20 3D 3D 20 28 75
        69 6E 74 38 5F 74
        29 28 7E 28 31 20
        3C 3C 20 42 49 54
        5F 54 4F 5F 54 45
        53 54 29 29
   0366 00                  719 	.db 0x00
                            720 ;cases/bitfields-checks/bitfields-checks_struct_0_varType_1_bit_2.c:231: testBitfieldsChecks(void)
                            721 ;	genLabel
                            722 ;	genFunction
                            723 ;	---------------------------------
                            724 ; Function testBitfieldsChecks
                            725 ; ---------------------------------
                            726 ;	Register assignment is optimal.
                            727 ; Stack space usage: 0 bytes.
   0367                     728 _testBitfieldsChecks:
                            729 ;cases/bitfields-checks/bitfields-checks_struct_0_varType_1_bit_2.c:234: bit_test_byte();
                            730 ;	genCall
                            731 ;	genLabel
                            732 ; common peephole 159 removed unused label 00101$.
                            733 ;cases/bitfields-checks/bitfields-checks_struct_0_varType_1_bit_2.c:236: }
                            734 ;	genEndFunction
   0367 C3r00s00      [10]  735 	jp	_bit_test_byte
                            736 ; common peephole 152 removed unused ret.
                            737 ;	Total testBitfieldsChecks function size at codegen: 1 bytes.
                            738 ;cases/bitfields-checks/bitfields-checks_struct_0_varType_1_bit_2.c:240: __runSuite(void)
                            739 ;	genLabel
                            740 ;	genFunction
                            741 ;	---------------------------------
                            742 ; Function __runSuite
                            743 ; ---------------------------------
                            744 ;	Register assignment is optimal.
                            745 ; Stack space usage: 0 bytes.
   036A                     746 ___runSuite::
                            747 ;cases/bitfields-checks/bitfields-checks_struct_0_varType_1_bit_2.c:242: __prints("Running testBitfieldsChecks\n");
                            748 ;	skipping iCode since result will be rematerialized
                            749 ;	skipping iCode since result will be rematerialized
                            750 ;	genSend
                            751 ;	genMove_o size 2 result type 2 source type 7 a_dead 1 hl_dead 1 de_dead 1 iy_dead 1 f_dead 1
   036A 21r73s03      [10]  752 	ld	hl, #___str_11
                            753 ;	genCall
   036D CDr00s00      [17]  754 	call	___prints
                            755 ;cases/bitfields-checks/bitfields-checks_struct_0_varType_1_bit_2.c:243: testBitfieldsChecks();
                            756 ;	genCall
                            757 ;	genLabel
                            758 ; common peephole 159 removed unused label 00101$.
                            759 ;cases/bitfields-checks/bitfields-checks_struct_0_varType_1_bit_2.c:244: }
                            760 ;	genEndFunction
   0370 C3r67s03      [10]  761 	jp	_testBitfieldsChecks
                            762 ; common peephole 152 removed unused ret.
                            763 ;	Total __runSuite function size at codegen: 1 bytes.
   0373                     764 ___str_11:
   0373 52 75 6E 6E 69 6E   765 	.ascii "Running testBitfieldsChecks"
        67 20 74 65 73 74
        42 69 74 66 69 65
        6C 64 73 43 68 65
        63 6B 73
   038E 0A                  766 	.db 0x0a
   038F 00                  767 	.db 0x00
                            768 ;cases/bitfields-checks/bitfields-checks_struct_0_varType_1_bit_2.c:249: __getSuiteName(void)
                            769 ;	genLabel
                            770 ;	genFunction
                            771 ;	---------------------------------
                            772 ; Function __getSuiteName
                            773 ; ---------------------------------
                            774 ;	Register assignment is optimal.
                            775 ; Stack space usage: 0 bytes.
   0390                     776 ___getSuiteName::
                            777 ;cases/bitfields-checks/bitfields-checks_struct_0_varType_1_bit_2.c:251: return "bitfields-checks_struct_0_varType_1_bit_2";
                            778 ;	skipping iCode since result will be rematerialized
                            779 ;	skipping iCode since result will be rematerialized
                            780 ;	genRet
                            781 ;	genMove_o size 2 result type 2 source type 7 a_dead 1 hl_dead 1 de_dead 1 iy_dead 1 f_dead 1
   0390 11r96s03      [10]  782 	ld	de, #___str_12
                            783 ;	genLabel
                            784 ; common peephole 159 removed unused label 00101$.
                            785 ;cases/bitfields-checks/bitfields-checks_struct_0_varType_1_bit_2.c:252: }
                            786 ;	genEndFunction
   0393 C9            [10]  787 	ret
                            788 ;	Total __getSuiteName function size at codegen: 1 bytes.
   0394                     789 ___numCases:
   0394 01 00               790 	.dw #0x0001
   0396                     791 ___str_12:
   0396 62 69 74 66 69 65   792 	.ascii "bitfields-checks_struct_0_varType_1_bit_2"
        6C 64 73 2D 63 68
        65 63 6B 73 5F 73
        74 72 75 63 74 5F
        30 5F 76 61 72 54
        79 70 65 5F 31 5F
        62 69 74 5F 32
   03BF 00                  793 	.db 0x00
                            794 	.area _CODE (BANK=_CSEG)
                            795 	.area _INITIALIZER
                            796 	.area _CABS (ABS)
