                              1 ;--------------------------------------------------------
                              2 ; File Created by SDCC : free open source ISO C Compiler
                              3 ; Version 4.6.2 #16710 (Linux)
                              4 ;--------------------------------------------------------
                              5 	.module bitfields_checks_struct_1_varType_1_bit_4
                              6 	
                              7 ;--------------------------------------------------------
                              8 ; Public variables in this module
                              9 ;--------------------------------------------------------
                             10 	.globl _bit_test_byte
                             11 	.globl ___prints
                             12 	.globl ___fail
                             13 	.globl ___numCases
                             14 	.globl ___runSuite
                             15 	.globl ___getSuiteName
                             16 ;--------------------------------------------------------
                             17 ; special function registers
                             18 ;--------------------------------------------------------
                             19 ;--------------------------------------------------------
                             20 ; ram data
                             21 ;--------------------------------------------------------
                             22 	.area _DATA (BANK=_DSEG)
                             23 ;--------------------------------------------------------
                             24 ; ram data
                             25 ;--------------------------------------------------------
                             26 	.area _INITIALIZED
                             27 ;--------------------------------------------------------
                             28 ; absolute ram data
                             29 ;--------------------------------------------------------
                             30 	.area _DABS (ABS)
                             31 	.area _DABS (ABS)
                             32 ;--------------------------------------------------------
                             33 ; global & static initialisations
                             34 ;--------------------------------------------------------
                             35 	.area _HOME
                             36 	.area _GSINIT
                             37 	.area _GSFINAL
                             38 	.area _GSINIT
                             39 ;--------------------------------------------------------
                             40 ; Home
                             41 ;--------------------------------------------------------
                             42 	.area _HOME (BANK=_CSEG)
                             43 	.area _HOME (BANK=_CSEG)
                             44 ;--------------------------------------------------------
                             45 ; code
                             46 ;--------------------------------------------------------
                             47 	.area _CODE (BANK=_CSEG)
                             48 ;cases/bitfields-checks/bitfields-checks_struct_1_varType_1_bit_4.c:131: bit_test_byte(void)
                             49 ;	genLabel
                             50 ;	genFunction
                             51 ;	---------------------------------
                             52 ; Function bit_test_byte
                             53 ; ---------------------------------
                             54 ;	Register assignment might be sub-optimal.
                             55 ; Stack space usage: 1 bytes.
   0000                      56 _bit_test_byte::
   0000 DD E5         [15]   57 	push	ix
   0002 DD 21 00 00   [14]   58 	ld	ix,	#0
   0006 DD 39         [15]   59 	add	ix, sp
                             60 ;	adjustStack by -1
   0008 3B            [ 6]   61 	dec	sp
                             62 ;cases/bitfields-checks/bitfields-checks_struct_1_varType_1_bit_4.c:136: AS_UINT8(volatileBits) = 1 << BIT_TO_TEST;
                             63 ;	genPointerSet
                             64 ;	genMove_o size 2 result type 2 source type 1 a_dead 1 hl_dead 1 de_dead 1 iy_dead 1 f_dead 1
   0009 21 00 CA      [10]   65 	ld	hl, #0xca00
   000C 36 10         [10]   66 	ld	(hl), #0x10
                             67 ;cases/bitfields-checks/bitfields-checks_struct_1_varType_1_bit_4.c:137: ASSERT(AS_UINT8(volatileBits) == (1 << BIT_TO_TEST));
                             68 ;	genPlus
                             69 ;	genMove_o size 2 result type 2 source type 10 a_dead 1 hl_dead 1 de_dead 1 iy_dead 1 f_dead 1
   000E 2Ar00s00      [16]   70 	ld	hl, (___numTests)
   0011 23            [ 6]   71 	inc	hl
                             72 ;	genMove_o size 2 result type 10 source type 2 a_dead 1 hl_dead 1 de_dead 1 iy_dead 1 f_dead 1
   0012 22r00s00      [16]   73 	ld	(___numTests), hl
                             74 ;	genPointerGet
   0015 3A 00 CA      [13]   75 	ld	a, (#0xca00)
                             76 ;	genCmpEq
   0018 FE 10         [ 7]   77 	cp	a, #0x10
                             78 ; common peephole 163 changed absolute to relative conditional jump.
   001A 28 11         [12]   79 	jr	z, 00108$
                             80 ; common peephole 81 removed jp by using inverse jump logic
                             81 ; common peephole 159 removed unused label 00243$.
                             82 ;	skipping generated iCode
                             83 ;	skipping iCode since result will be rematerialized
                             84 ;	skipping iCode since result will be rematerialized
                             85 ;	skipping iCode since result will be rematerialized
                             86 ;	skipping iCode since result will be rematerialized
                             87 ;	skipping iCode since result will be rematerialized
                             88 ;	skipping iCode since result will be rematerialized
                             89 ;	genIpush
                             90 ;	genMove_o size 2 result type 2 source type 1 a_dead 1 hl_dead 1 de_dead 1 iy_dead 1 f_dead 1
   001C 21 89 00      [10]   91 	ld	hl, #0x0089
   001F E5            [11]   92 	push	hl
                             93 ;	genIpush
                             94 ;	genMove_o size 2 result type 2 source type 7 a_dead 1 hl_dead 1 de_dead 1 iy_dead 1 f_dead 1
   0020 21r49s02      [10]   95 	ld	hl, #___str_2
   0023 E5            [11]   96 	push	hl
                             97 ;	genSend
                             98 ;	genMove_o size 2 result type 2 source type 7 a_dead 1 hl_dead 1 de_dead 1 iy_dead 1 f_dead 1
   0024 11r1Cs02      [10]   99 	ld	de, #___str_1
                            100 ;	genSend
                            101 ;	genMove_o size 2 result type 2 source type 7 a_dead 1 hl_dead 1 de_dead 0 iy_dead 1 f_dead 1
   0027 21r0Bs02      [10]  102 	ld	hl, #___str_0
                            103 ;	genCall
   002A CDr00s00      [17]  104 	call	___fail
                            105 ;	genLabel
   002D                     106 00108$:
                            107 ;cases/bitfields-checks/bitfields-checks_struct_1_varType_1_bit_4.c:138: ASSERT(volatileBits.bitToTest);
                            108 ;	genPlus
                            109 ;	genMove_o size 2 result type 2 source type 10 a_dead 1 hl_dead 1 de_dead 1 iy_dead 1 f_dead 1
   002D 2Ar00s00      [16]  110 	ld	hl, (___numTests)
   0030 23            [ 6]  111 	inc	hl
                            112 ;	genMove_o size 2 result type 10 source type 2 a_dead 1 hl_dead 1 de_dead 1 iy_dead 1 f_dead 1
   0031 22r00s00      [16]  113 	ld	(___numTests), hl
                            114 ;	genPointerGet
   0034 3A 00 CA      [13]  115 	ld	a, (#0xca00)
   0037 07            [ 4]  116 	rlca
   0038 07            [ 4]  117 	rlca
   0039 07            [ 4]  118 	rlca
                            119 ;	genIfx
                            120 ; common peephole 100 removed redundant or after and.
                            121 ; common peephole 90b removed and by changing jump condition.
   003A 07            [ 4]  122 	rlca
                            123 ; common peephole 163 changed absolute to relative conditional jump.
   003B 38 11         [12]  124 	jr	c, 00110$
                            125 ;	skipping iCode since result will be rematerialized
                            126 ;	skipping iCode since result will be rematerialized
                            127 ;	skipping iCode since result will be rematerialized
                            128 ;	skipping iCode since result will be rematerialized
                            129 ;	skipping iCode since result will be rematerialized
                            130 ;	skipping iCode since result will be rematerialized
                            131 ;	genIpush
                            132 ;	genMove_o size 2 result type 2 source type 1 a_dead 1 hl_dead 1 de_dead 1 iy_dead 1 f_dead 1
   003D 21 8A 00      [10]  133 	ld	hl, #0x008a
   0040 E5            [11]  134 	push	hl
                            135 ;	genIpush
                            136 ;	genMove_o size 2 result type 2 source type 7 a_dead 1 hl_dead 1 de_dead 1 iy_dead 1 f_dead 1
   0041 21r49s02      [10]  137 	ld	hl, #___str_2
   0044 E5            [11]  138 	push	hl
                            139 ;	genSend
                            140 ;	genMove_o size 2 result type 2 source type 7 a_dead 1 hl_dead 1 de_dead 1 iy_dead 1 f_dead 1
   0045 11r8Cs02      [10]  141 	ld	de, #___str_3
                            142 ;	genSend
                            143 ;	genMove_o size 2 result type 2 source type 7 a_dead 1 hl_dead 1 de_dead 0 iy_dead 1 f_dead 1
   0048 21r0Bs02      [10]  144 	ld	hl, #___str_0
                            145 ;	genCall
   004B CDr00s00      [17]  146 	call	___fail
                            147 ;	genLabel
   004E                     148 00110$:
                            149 ;cases/bitfields-checks/bitfields-checks_struct_1_varType_1_bit_4.c:139: dummy = 0;
                            150 ;	genAssign
                            151 ;	genMove_o size 1 result type 6 source type 1 a_dead 1 hl_dead 1 de_dead 1 iy_dead 1 f_dead 1
   004E DD 36 FF 00   [19]  152 	ld	-1 (ix), #0x00
                            153 ;cases/bitfields-checks/bitfields-checks_struct_1_varType_1_bit_4.c:140: if(volatileBits.bitToTest) dummy = 1;
                            154 ;	genPointerGet
   0052 3A 00 CA      [13]  155 	ld	a, (#0xca00)
   0055 07            [ 4]  156 	rlca
   0056 07            [ 4]  157 	rlca
   0057 07            [ 4]  158 	rlca
                            159 ;	genIfx
                            160 ; common peephole 100 removed redundant or after and.
   0058 07            [ 4]  161 	rlca
                            162 ; common peephole 90a removed and by changing jump condition.
                            163 ; common peephole 163 changed absolute to relative conditional jump.
   0059 30 04         [12]  164 	jr	nc, 00102$
                            165 ;	genAssign
                            166 ;	genMove_o size 1 result type 6 source type 1 a_dead 1 hl_dead 1 de_dead 1 iy_dead 1 f_dead 1
   005B DD 36 FF 01   [19]  167 	ld	-1 (ix), #0x01
                            168 ;	genLabel
   005F                     169 00102$:
                            170 ;cases/bitfields-checks/bitfields-checks_struct_1_varType_1_bit_4.c:141: ASSERT(dummy);
                            171 ;	genPlus
                            172 ;	genMove_o size 2 result type 2 source type 10 a_dead 1 hl_dead 1 de_dead 1 iy_dead 1 f_dead 1
   005F 2Ar00s00      [16]  173 	ld	hl, (___numTests)
   0062 23            [ 6]  174 	inc	hl
                            175 ;	genMove_o size 2 result type 10 source type 2 a_dead 1 hl_dead 1 de_dead 1 iy_dead 1 f_dead 1
   0063 22r00s00      [16]  176 	ld	(___numTests), hl
                            177 ;	genIfx
   0066 DD 7E FF      [19]  178 	ld	a, -1 (ix)
   0069 B7            [ 4]  179 	or	a, a
                            180 ; common peephole 163 changed absolute to relative conditional jump.
   006A 20 11         [12]  181 	jr	nz, 00112$
                            182 ;	skipping iCode since result will be rematerialized
                            183 ;	skipping iCode since result will be rematerialized
                            184 ;	skipping iCode since result will be rematerialized
                            185 ;	skipping iCode since result will be rematerialized
                            186 ;	skipping iCode since result will be rematerialized
                            187 ;	skipping iCode since result will be rematerialized
                            188 ;	genIpush
                            189 ;	genMove_o size 2 result type 2 source type 1 a_dead 1 hl_dead 1 de_dead 1 iy_dead 1 f_dead 1
   006C 21 8D 00      [10]  190 	ld	hl, #0x008d
   006F E5            [11]  191 	push	hl
                            192 ;	genIpush
                            193 ;	genMove_o size 2 result type 2 source type 7 a_dead 1 hl_dead 1 de_dead 1 iy_dead 1 f_dead 1
   0070 21r49s02      [10]  194 	ld	hl, #___str_2
   0073 E5            [11]  195 	push	hl
                            196 ;	genSend
                            197 ;	genMove_o size 2 result type 2 source type 7 a_dead 1 hl_dead 1 de_dead 1 iy_dead 1 f_dead 1
   0074 11rA3s02      [10]  198 	ld	de, #___str_4
                            199 ;	genSend
                            200 ;	genMove_o size 2 result type 2 source type 7 a_dead 1 hl_dead 1 de_dead 0 iy_dead 1 f_dead 1
   0077 21r0Bs02      [10]  201 	ld	hl, #___str_0
                            202 ;	genCall
   007A CDr00s00      [17]  203 	call	___fail
                            204 ;	genLabel
   007D                     205 00112$:
                            206 ;cases/bitfields-checks/bitfields-checks_struct_1_varType_1_bit_4.c:143: AS_UINT8(volatileBits) = ~(1 << BIT_TO_TEST);
                            207 ;	genPointerSet
                            208 ;	genMove_o size 2 result type 2 source type 1 a_dead 1 hl_dead 1 de_dead 1 iy_dead 1 f_dead 1
   007D 21 00 CA      [10]  209 	ld	hl, #0xca00
   0080 36 EF         [10]  210 	ld	(hl), #0xef
                            211 ;cases/bitfields-checks/bitfields-checks_struct_1_varType_1_bit_4.c:144: ASSERT(AS_UINT8(volatileBits) == (uint8_t)(~(1 << BIT_TO_TEST)));
                            212 ;	genPlus
                            213 ;	genMove_o size 2 result type 2 source type 10 a_dead 1 hl_dead 1 de_dead 1 iy_dead 1 f_dead 1
   0082 2Ar00s00      [16]  214 	ld	hl, (___numTests)
   0085 23            [ 6]  215 	inc	hl
                            216 ;	genMove_o size 2 result type 10 source type 2 a_dead 1 hl_dead 1 de_dead 1 iy_dead 1 f_dead 1
   0086 22r00s00      [16]  217 	ld	(___numTests), hl
                            218 ;	genPointerGet
   0089 3A 00 CA      [13]  219 	ld	a, (#0xca00)
                            220 ;	genCmpEq
   008C FE EF         [ 7]  221 	cp	a, #0xef
                            222 ; common peephole 163 changed absolute to relative conditional jump.
   008E 28 11         [12]  223 	jr	z, 00114$
                            224 ; common peephole 81 removed jp by using inverse jump logic
                            225 ; common peephole 159 removed unused label 00244$.
                            226 ;	skipping generated iCode
                            227 ;	skipping iCode since result will be rematerialized
                            228 ;	skipping iCode since result will be rematerialized
                            229 ;	skipping iCode since result will be rematerialized
                            230 ;	skipping iCode since result will be rematerialized
                            231 ;	skipping iCode since result will be rematerialized
                            232 ;	skipping iCode since result will be rematerialized
                            233 ;	genIpush
                            234 ;	genMove_o size 2 result type 2 source type 1 a_dead 1 hl_dead 1 de_dead 1 iy_dead 1 f_dead 1
   0090 21 90 00      [10]  235 	ld	hl, #0x0090
   0093 E5            [11]  236 	push	hl
                            237 ;	genIpush
                            238 ;	genMove_o size 2 result type 2 source type 7 a_dead 1 hl_dead 1 de_dead 1 iy_dead 1 f_dead 1
   0094 21r49s02      [10]  239 	ld	hl, #___str_2
   0097 E5            [11]  240 	push	hl
                            241 ;	genSend
                            242 ;	genMove_o size 2 result type 2 source type 7 a_dead 1 hl_dead 1 de_dead 1 iy_dead 1 f_dead 1
   0098 11rA9s02      [10]  243 	ld	de, #___str_5
                            244 ;	genSend
                            245 ;	genMove_o size 2 result type 2 source type 7 a_dead 1 hl_dead 1 de_dead 0 iy_dead 1 f_dead 1
   009B 21r0Bs02      [10]  246 	ld	hl, #___str_0
                            247 ;	genCall
   009E CDr00s00      [17]  248 	call	___fail
                            249 ;	genLabel
   00A1                     250 00114$:
                            251 ;cases/bitfields-checks/bitfields-checks_struct_1_varType_1_bit_4.c:145: ASSERT(!volatileBits.bitToTest);
                            252 ;	genPlus
                            253 ;	genMove_o size 2 result type 2 source type 10 a_dead 1 hl_dead 1 de_dead 1 iy_dead 1 f_dead 1
   00A1 2Ar00s00      [16]  254 	ld	hl, (___numTests)
   00A4 23            [ 6]  255 	inc	hl
                            256 ;	genMove_o size 2 result type 10 source type 2 a_dead 1 hl_dead 1 de_dead 1 iy_dead 1 f_dead 1
   00A5 22r00s00      [16]  257 	ld	(___numTests), hl
                            258 ;	genPointerGet
   00A8 3A 00 CA      [13]  259 	ld	a, (#0xca00)
   00AB 07            [ 4]  260 	rlca
   00AC 07            [ 4]  261 	rlca
   00AD 07            [ 4]  262 	rlca
                            263 ;	genIfx
                            264 ; common peephole 100 removed redundant or after and.
   00AE 07            [ 4]  265 	rlca
                            266 ; common peephole 90a removed and by changing jump condition.
                            267 ; common peephole 163 changed absolute to relative conditional jump.
   00AF 30 11         [12]  268 	jr	nc, 00116$
                            269 ;	skipping iCode since result will be rematerialized
                            270 ;	skipping iCode since result will be rematerialized
                            271 ;	skipping iCode since result will be rematerialized
                            272 ;	skipping iCode since result will be rematerialized
                            273 ;	skipping iCode since result will be rematerialized
                            274 ;	skipping iCode since result will be rematerialized
                            275 ;	genIpush
                            276 ;	genMove_o size 2 result type 2 source type 1 a_dead 1 hl_dead 1 de_dead 1 iy_dead 1 f_dead 1
   00B1 21 91 00      [10]  277 	ld	hl, #0x0091
   00B4 E5            [11]  278 	push	hl
                            279 ;	genIpush
                            280 ;	genMove_o size 2 result type 2 source type 7 a_dead 1 hl_dead 1 de_dead 1 iy_dead 1 f_dead 1
   00B5 21r49s02      [10]  281 	ld	hl, #___str_2
   00B8 E5            [11]  282 	push	hl
                            283 ;	genSend
                            284 ;	genMove_o size 2 result type 2 source type 7 a_dead 1 hl_dead 1 de_dead 1 iy_dead 1 f_dead 1
   00B9 11rE2s02      [10]  285 	ld	de, #___str_6
                            286 ;	genSend
                            287 ;	genMove_o size 2 result type 2 source type 7 a_dead 1 hl_dead 1 de_dead 0 iy_dead 1 f_dead 1
   00BC 21r0Bs02      [10]  288 	ld	hl, #___str_0
                            289 ;	genCall
   00BF CDr00s00      [17]  290 	call	___fail
                            291 ;	genLabel
   00C2                     292 00116$:
                            293 ;cases/bitfields-checks/bitfields-checks_struct_1_varType_1_bit_4.c:146: dummy = 0;
                            294 ;	genAssign
                            295 ;	genMove_o size 1 result type 6 source type 1 a_dead 1 hl_dead 1 de_dead 1 iy_dead 1 f_dead 1
   00C2 DD 36 FF 00   [19]  296 	ld	-1 (ix), #0x00
                            297 ;cases/bitfields-checks/bitfields-checks_struct_1_varType_1_bit_4.c:147: if(!volatileBits.bitToTest) dummy = 1;
                            298 ;	genPointerGet
   00C6 3A 00 CA      [13]  299 	ld	a, (#0xca00)
   00C9 07            [ 4]  300 	rlca
   00CA 07            [ 4]  301 	rlca
   00CB 07            [ 4]  302 	rlca
                            303 ;	genIfx
                            304 ; common peephole 100 removed redundant or after and.
                            305 ; common peephole 90b removed and by changing jump condition.
   00CC 07            [ 4]  306 	rlca
                            307 ; common peephole 163 changed absolute to relative conditional jump.
   00CD 38 04         [12]  308 	jr	c, 00104$
                            309 ;	genAssign
                            310 ;	genMove_o size 1 result type 6 source type 1 a_dead 1 hl_dead 1 de_dead 1 iy_dead 1 f_dead 1
   00CF DD 36 FF 01   [19]  311 	ld	-1 (ix), #0x01
                            312 ;	genLabel
   00D3                     313 00104$:
                            314 ;cases/bitfields-checks/bitfields-checks_struct_1_varType_1_bit_4.c:148: ASSERT(dummy);
                            315 ;	genPlus
                            316 ;	genMove_o size 2 result type 2 source type 10 a_dead 1 hl_dead 1 de_dead 1 iy_dead 1 f_dead 1
   00D3 2Ar00s00      [16]  317 	ld	hl, (___numTests)
   00D6 23            [ 6]  318 	inc	hl
                            319 ;	genMove_o size 2 result type 10 source type 2 a_dead 1 hl_dead 1 de_dead 1 iy_dead 1 f_dead 1
   00D7 22r00s00      [16]  320 	ld	(___numTests), hl
                            321 ;	genIfx
   00DA DD 7E FF      [19]  322 	ld	a, -1 (ix)
   00DD B7            [ 4]  323 	or	a, a
                            324 ; common peephole 163 changed absolute to relative conditional jump.
   00DE 20 11         [12]  325 	jr	nz, 00118$
                            326 ;	skipping iCode since result will be rematerialized
                            327 ;	skipping iCode since result will be rematerialized
                            328 ;	skipping iCode since result will be rematerialized
                            329 ;	skipping iCode since result will be rematerialized
                            330 ;	skipping iCode since result will be rematerialized
                            331 ;	skipping iCode since result will be rematerialized
                            332 ;	genIpush
                            333 ;	genMove_o size 2 result type 2 source type 1 a_dead 1 hl_dead 1 de_dead 1 iy_dead 1 f_dead 1
   00E0 21 94 00      [10]  334 	ld	hl, #0x0094
   00E3 E5            [11]  335 	push	hl
                            336 ;	genIpush
                            337 ;	genMove_o size 2 result type 2 source type 7 a_dead 1 hl_dead 1 de_dead 1 iy_dead 1 f_dead 1
   00E4 21r49s02      [10]  338 	ld	hl, #___str_2
   00E7 E5            [11]  339 	push	hl
                            340 ;	genSend
                            341 ;	genMove_o size 2 result type 2 source type 7 a_dead 1 hl_dead 1 de_dead 1 iy_dead 1 f_dead 1
   00E8 11rA3s02      [10]  342 	ld	de, #___str_4
                            343 ;	genSend
                            344 ;	genMove_o size 2 result type 2 source type 7 a_dead 1 hl_dead 1 de_dead 0 iy_dead 1 f_dead 1
   00EB 21r0Bs02      [10]  345 	ld	hl, #___str_0
                            346 ;	genCall
   00EE CDr00s00      [17]  347 	call	___fail
                            348 ;	genLabel
   00F1                     349 00118$:
                            350 ;cases/bitfields-checks/bitfields-checks_struct_1_varType_1_bit_4.c:150: AS_UINT8(volatileBits) = 0x00;
                            351 ;	genPointerSet
                            352 ;	genMove_o size 2 result type 2 source type 1 a_dead 1 hl_dead 1 de_dead 1 iy_dead 1 f_dead 1
   00F1 21 00 CA      [10]  353 	ld	hl, #0xca00
   00F4 36 00         [10]  354 	ld	(hl), #0x00
                            355 ;cases/bitfields-checks/bitfields-checks_struct_1_varType_1_bit_4.c:151: volatileBits.bitToTest = 1;
                            356 ;	genAssign
                            357 ;	genMove_o size 2 result type 2 source type 1 a_dead 1 hl_dead 1 de_dead 1 iy_dead 1 f_dead 1
                            358 ;	genPointerSet
   00F6 CB E6         [15]  359 	set	4, (hl)
                            360 ;cases/bitfields-checks/bitfields-checks_struct_1_varType_1_bit_4.c:152: ASSERT(AS_UINT8(volatileBits) == (1 << BIT_TO_TEST));
                            361 ;	genPlus
                            362 ;	genMove_o size 2 result type 2 source type 10 a_dead 1 hl_dead 1 de_dead 1 iy_dead 1 f_dead 1
   00F8 2Ar00s00      [16]  363 	ld	hl, (___numTests)
   00FB 23            [ 6]  364 	inc	hl
                            365 ;	genMove_o size 2 result type 10 source type 2 a_dead 1 hl_dead 1 de_dead 1 iy_dead 1 f_dead 1
   00FC 22r00s00      [16]  366 	ld	(___numTests), hl
                            367 ;	genPointerGet
   00FF 3A 00 CA      [13]  368 	ld	a, (#0xca00)
                            369 ;	genCmpEq
   0102 FE 10         [ 7]  370 	cp	a, #0x10
                            371 ; common peephole 163 changed absolute to relative conditional jump.
   0104 28 11         [12]  372 	jr	z, 00120$
                            373 ; common peephole 81 removed jp by using inverse jump logic
                            374 ; common peephole 159 removed unused label 00245$.
                            375 ;	skipping generated iCode
                            376 ;	skipping iCode since result will be rematerialized
                            377 ;	skipping iCode since result will be rematerialized
                            378 ;	skipping iCode since result will be rematerialized
                            379 ;	skipping iCode since result will be rematerialized
                            380 ;	skipping iCode since result will be rematerialized
                            381 ;	skipping iCode since result will be rematerialized
                            382 ;	genIpush
                            383 ;	genMove_o size 2 result type 2 source type 1 a_dead 1 hl_dead 1 de_dead 1 iy_dead 1 f_dead 1
   0106 21 98 00      [10]  384 	ld	hl, #0x0098
   0109 E5            [11]  385 	push	hl
                            386 ;	genIpush
                            387 ;	genMove_o size 2 result type 2 source type 7 a_dead 1 hl_dead 1 de_dead 1 iy_dead 1 f_dead 1
   010A 21r49s02      [10]  388 	ld	hl, #___str_2
   010D E5            [11]  389 	push	hl
                            390 ;	genSend
                            391 ;	genMove_o size 2 result type 2 source type 7 a_dead 1 hl_dead 1 de_dead 1 iy_dead 1 f_dead 1
   010E 11r1Cs02      [10]  392 	ld	de, #___str_1
                            393 ;	genSend
                            394 ;	genMove_o size 2 result type 2 source type 7 a_dead 1 hl_dead 1 de_dead 0 iy_dead 1 f_dead 1
   0111 21r0Bs02      [10]  395 	ld	hl, #___str_0
                            396 ;	genCall
   0114 CDr00s00      [17]  397 	call	___fail
                            398 ;	genLabel
   0117                     399 00120$:
                            400 ;cases/bitfields-checks/bitfields-checks_struct_1_varType_1_bit_4.c:154: AS_UINT8(volatileBits) = 0xFF;
                            401 ;	genPointerSet
                            402 ;	genMove_o size 2 result type 2 source type 1 a_dead 1 hl_dead 1 de_dead 1 iy_dead 1 f_dead 1
   0117 21 00 CA      [10]  403 	ld	hl, #0xca00
   011A 36 FF         [10]  404 	ld	(hl), #0xff
                            405 ;cases/bitfields-checks/bitfields-checks_struct_1_varType_1_bit_4.c:155: volatileBits.bitToTest = 1;
                            406 ;	genAssign
                            407 ;	genMove_o size 2 result type 2 source type 1 a_dead 1 hl_dead 1 de_dead 1 iy_dead 1 f_dead 1
                            408 ;	genPointerSet
   011C CB E6         [15]  409 	set	4, (hl)
                            410 ;cases/bitfields-checks/bitfields-checks_struct_1_varType_1_bit_4.c:156: ASSERT(AS_UINT8(volatileBits) == 0xFF);
                            411 ;	genPlus
                            412 ;	genMove_o size 2 result type 2 source type 10 a_dead 1 hl_dead 1 de_dead 1 iy_dead 1 f_dead 1
   011E 2Ar00s00      [16]  413 	ld	hl, (___numTests)
   0121 23            [ 6]  414 	inc	hl
                            415 ;	genMove_o size 2 result type 10 source type 2 a_dead 1 hl_dead 1 de_dead 1 iy_dead 1 f_dead 1
   0122 22r00s00      [16]  416 	ld	(___numTests), hl
                            417 ;	genPointerGet
                            418 ;fetchPairLong
   0125 21 00 CA      [10]  419 	ld	hl, #0xca00
                            420 ;	_moveFrom_tpair_()
   0128 4E            [ 7]  421 	ld	c, (hl)
                            422 ;	genCmpEq
   0129 0C            [ 4]  423 	inc	c
                            424 ; common peephole 163 changed absolute to relative conditional jump.
   012A 28 11         [12]  425 	jr	z, 00122$
                            426 ; common peephole 81 removed jp by using inverse jump logic
                            427 ; common peephole 159 removed unused label 00246$.
                            428 ;	skipping generated iCode
                            429 ;	skipping iCode since result will be rematerialized
                            430 ;	skipping iCode since result will be rematerialized
                            431 ;	skipping iCode since result will be rematerialized
                            432 ;	skipping iCode since result will be rematerialized
                            433 ;	skipping iCode since result will be rematerialized
                            434 ;	skipping iCode since result will be rematerialized
                            435 ;	genIpush
                            436 ;	genMove_o size 2 result type 2 source type 1 a_dead 1 hl_dead 1 de_dead 1 iy_dead 1 f_dead 1
   012C 21 9C 00      [10]  437 	ld	hl, #0x009c
   012F E5            [11]  438 	push	hl
                            439 ;	genIpush
                            440 ;	genMove_o size 2 result type 2 source type 7 a_dead 1 hl_dead 1 de_dead 1 iy_dead 1 f_dead 1
   0130 21r49s02      [10]  441 	ld	hl, #___str_2
   0133 E5            [11]  442 	push	hl
                            443 ;	genSend
                            444 ;	genMove_o size 2 result type 2 source type 7 a_dead 1 hl_dead 1 de_dead 1 iy_dead 1 f_dead 1
   0134 11rFAs02      [10]  445 	ld	de, #___str_7
                            446 ;	genSend
                            447 ;	genMove_o size 2 result type 2 source type 7 a_dead 1 hl_dead 1 de_dead 0 iy_dead 1 f_dead 1
   0137 21r0Bs02      [10]  448 	ld	hl, #___str_0
                            449 ;	genCall
   013A CDr00s00      [17]  450 	call	___fail
                            451 ;	genLabel
   013D                     452 00122$:
                            453 ;cases/bitfields-checks/bitfields-checks_struct_1_varType_1_bit_4.c:158: AS_UINT8(volatileBits) = 0x00;
                            454 ;	genPointerSet
                            455 ;	genMove_o size 2 result type 2 source type 1 a_dead 1 hl_dead 1 de_dead 1 iy_dead 1 f_dead 1
   013D 21 00 CA      [10]  456 	ld	hl, #0xca00
   0140 36 00         [10]  457 	ld	(hl), #0x00
                            458 ;cases/bitfields-checks/bitfields-checks_struct_1_varType_1_bit_4.c:159: volatileBits.bitToTest = 0;
                            459 ;	genAssign
                            460 ;	genMove_o size 2 result type 2 source type 1 a_dead 1 hl_dead 1 de_dead 1 iy_dead 1 f_dead 1
                            461 ;	genPointerSet
   0142 CB A6         [15]  462 	res	4, (hl)
                            463 ;cases/bitfields-checks/bitfields-checks_struct_1_varType_1_bit_4.c:160: ASSERT(AS_UINT8(volatileBits) == 0x00);
                            464 ;	genPlus
                            465 ;	genMove_o size 2 result type 2 source type 10 a_dead 1 hl_dead 1 de_dead 1 iy_dead 1 f_dead 1
   0144 2Ar00s00      [16]  466 	ld	hl, (___numTests)
   0147 23            [ 6]  467 	inc	hl
                            468 ;	genMove_o size 2 result type 10 source type 2 a_dead 1 hl_dead 1 de_dead 1 iy_dead 1 f_dead 1
   0148 22r00s00      [16]  469 	ld	(___numTests), hl
                            470 ;	genPointerGet
   014B 3A 00 CA      [13]  471 	ld	a, (#0xca00)
                            472 ;	genIfx
   014E B7            [ 4]  473 	or	a, a
                            474 ; common peephole 163 changed absolute to relative conditional jump.
   014F 28 11         [12]  475 	jr	z, 00124$
                            476 ;	skipping iCode since result will be rematerialized
                            477 ;	skipping iCode since result will be rematerialized
                            478 ;	skipping iCode since result will be rematerialized
                            479 ;	skipping iCode since result will be rematerialized
                            480 ;	skipping iCode since result will be rematerialized
                            481 ;	skipping iCode since result will be rematerialized
                            482 ;	genIpush
                            483 ;	genMove_o size 2 result type 2 source type 1 a_dead 1 hl_dead 1 de_dead 1 iy_dead 1 f_dead 1
   0151 21 A0 00      [10]  484 	ld	hl, #0x00a0
   0154 E5            [11]  485 	push	hl
                            486 ;	genIpush
                            487 ;	genMove_o size 2 result type 2 source type 7 a_dead 1 hl_dead 1 de_dead 1 iy_dead 1 f_dead 1
   0155 21r49s02      [10]  488 	ld	hl, #___str_2
   0158 E5            [11]  489 	push	hl
                            490 ;	genSend
                            491 ;	genMove_o size 2 result type 2 source type 7 a_dead 1 hl_dead 1 de_dead 1 iy_dead 1 f_dead 1
   0159 11r19s03      [10]  492 	ld	de, #___str_8
                            493 ;	genSend
                            494 ;	genMove_o size 2 result type 2 source type 7 a_dead 1 hl_dead 1 de_dead 0 iy_dead 1 f_dead 1
   015C 21r0Bs02      [10]  495 	ld	hl, #___str_0
                            496 ;	genCall
   015F CDr00s00      [17]  497 	call	___fail
                            498 ;	genLabel
   0162                     499 00124$:
                            500 ;cases/bitfields-checks/bitfields-checks_struct_1_varType_1_bit_4.c:162: AS_UINT8(volatileBits) = 0xFF;
                            501 ;	genPointerSet
                            502 ;	genMove_o size 2 result type 2 source type 1 a_dead 1 hl_dead 1 de_dead 1 iy_dead 1 f_dead 1
   0162 21 00 CA      [10]  503 	ld	hl, #0xca00
   0165 36 FF         [10]  504 	ld	(hl), #0xff
                            505 ;cases/bitfields-checks/bitfields-checks_struct_1_varType_1_bit_4.c:163: volatileBits.bitToTest = 0;
                            506 ;	genAssign
                            507 ;	genMove_o size 2 result type 2 source type 1 a_dead 1 hl_dead 1 de_dead 1 iy_dead 1 f_dead 1
                            508 ;	genPointerSet
   0167 CB A6         [15]  509 	res	4, (hl)
                            510 ;cases/bitfields-checks/bitfields-checks_struct_1_varType_1_bit_4.c:164: ASSERT(AS_UINT8(volatileBits) == (uint8_t)(~(1 << BIT_TO_TEST)));
                            511 ;	genPlus
                            512 ;	genMove_o size 2 result type 2 source type 10 a_dead 1 hl_dead 1 de_dead 1 iy_dead 1 f_dead 1
   0169 2Ar00s00      [16]  513 	ld	hl, (___numTests)
   016C 23            [ 6]  514 	inc	hl
                            515 ;	genMove_o size 2 result type 10 source type 2 a_dead 1 hl_dead 1 de_dead 1 iy_dead 1 f_dead 1
   016D 22r00s00      [16]  516 	ld	(___numTests), hl
                            517 ;	genPointerGet
   0170 3A 00 CA      [13]  518 	ld	a, (#0xca00)
                            519 ;	genCmpEq
   0173 FE EF         [ 7]  520 	cp	a, #0xef
                            521 ; common peephole 163 changed absolute to relative conditional jump.
   0175 28 11         [12]  522 	jr	z, 00126$
                            523 ; common peephole 81 removed jp by using inverse jump logic
                            524 ; common peephole 159 removed unused label 00247$.
                            525 ;	skipping generated iCode
                            526 ;	skipping iCode since result will be rematerialized
                            527 ;	skipping iCode since result will be rematerialized
                            528 ;	skipping iCode since result will be rematerialized
                            529 ;	skipping iCode since result will be rematerialized
                            530 ;	skipping iCode since result will be rematerialized
                            531 ;	skipping iCode since result will be rematerialized
                            532 ;	genIpush
                            533 ;	genMove_o size 2 result type 2 source type 1 a_dead 1 hl_dead 1 de_dead 1 iy_dead 1 f_dead 1
   0177 21 A4 00      [10]  534 	ld	hl, #0x00a4
   017A E5            [11]  535 	push	hl
                            536 ;	genIpush
                            537 ;	genMove_o size 2 result type 2 source type 7 a_dead 1 hl_dead 1 de_dead 1 iy_dead 1 f_dead 1
   017B 21r49s02      [10]  538 	ld	hl, #___str_2
   017E E5            [11]  539 	push	hl
                            540 ;	genSend
                            541 ;	genMove_o size 2 result type 2 source type 7 a_dead 1 hl_dead 1 de_dead 1 iy_dead 1 f_dead 1
   017F 11rA9s02      [10]  542 	ld	de, #___str_5
                            543 ;	genSend
                            544 ;	genMove_o size 2 result type 2 source type 7 a_dead 1 hl_dead 1 de_dead 0 iy_dead 1 f_dead 1
   0182 21r0Bs02      [10]  545 	ld	hl, #___str_0
                            546 ;	genCall
   0185 CDr00s00      [17]  547 	call	___fail
                            548 ;	genLabel
   0188                     549 00126$:
                            550 ;cases/bitfields-checks/bitfields-checks_struct_1_varType_1_bit_4.c:166: AS_UINT8(volatileBits) = 0x00;
                            551 ;	genPointerSet
                            552 ;	genMove_o size 2 result type 2 source type 1 a_dead 1 hl_dead 1 de_dead 1 iy_dead 1 f_dead 1
                            553 ;cases/bitfields-checks/bitfields-checks_struct_1_varType_1_bit_4.c:167: volatileBits.bitToTest ^= 1;
                            554 ;	genAssign
                            555 ;	genMove_o size 2 result type 2 source type 1 a_dead 1 hl_dead 1 de_dead 1 iy_dead 1 f_dead 1
                            556 ; common peephole 97a reused constant loaded into register pair. 0x00 0xca00
   0188 21 00 CA      [10]  557 	ld	hl, #0xca00
                            558 ; common peephole 174a reused value still in hl.
   018B 44            [ 4]  559 	ld	b, h
   018C 4D            [ 4]  560 	ld	c, l
   018D 71            [ 7]  561 	ld	(hl), c
                            562 ;	genPointerGet
   018E 3A 00 CA      [13]  563 	ld	a, (#0xca00)
   0191 07            [ 4]  564 	rlca
   0192 07            [ 4]  565 	rlca
   0193 07            [ 4]  566 	rlca
   0194 07            [ 4]  567 	rlca
   0195 E6 01         [ 7]  568 	and	a, #0x01
                            569 ;	genXor
   0197 EE 01         [ 7]  570 	xor	a, #0x01
                            571 ;	genMove_o size 1 result type 2 source type 2 a_dead 1 hl_dead 1 de_dead 1 iy_dead 1 f_dead 1
                            572 ;	genPointerSet
   0199 07            [ 4]  573 	rlca
   019A 07            [ 4]  574 	rlca
   019B 07            [ 4]  575 	rlca
   019C 07            [ 4]  576 	rlca
   019D E6 10         [ 7]  577 	and	a, #0x10
   019F 5F            [ 4]  578 	ld	e, a
   01A0 0A            [ 7]  579 	ld	a, (bc)
   01A1 E6 EF         [ 7]  580 	and	a, #0xef
   01A3 B3            [ 4]  581 	or	a, e
   01A4 02            [ 7]  582 	ld	(bc), a
                            583 ;cases/bitfields-checks/bitfields-checks_struct_1_varType_1_bit_4.c:168: ASSERT(AS_UINT8(volatileBits) == (1 << BIT_TO_TEST));
                            584 ;	genPlus
                            585 ;	genMove_o size 2 result type 2 source type 10 a_dead 1 hl_dead 1 de_dead 1 iy_dead 1 f_dead 1
   01A5 2Ar00s00      [16]  586 	ld	hl, (___numTests)
   01A8 23            [ 6]  587 	inc	hl
                            588 ;	genMove_o size 2 result type 10 source type 2 a_dead 1 hl_dead 1 de_dead 1 iy_dead 1 f_dead 1
   01A9 22r00s00      [16]  589 	ld	(___numTests), hl
                            590 ;	genPointerGet
   01AC 3A 00 CA      [13]  591 	ld	a, (#0xca00)
                            592 ;	genCmpEq
   01AF FE 10         [ 7]  593 	cp	a, #0x10
                            594 ; common peephole 163 changed absolute to relative conditional jump.
   01B1 28 11         [12]  595 	jr	z, 00128$
                            596 ; common peephole 81 removed jp by using inverse jump logic
                            597 ; common peephole 159 removed unused label 00248$.
                            598 ;	skipping generated iCode
                            599 ;	skipping iCode since result will be rematerialized
                            600 ;	skipping iCode since result will be rematerialized
                            601 ;	skipping iCode since result will be rematerialized
                            602 ;	skipping iCode since result will be rematerialized
                            603 ;	skipping iCode since result will be rematerialized
                            604 ;	skipping iCode since result will be rematerialized
                            605 ;	genIpush
                            606 ;	genMove_o size 2 result type 2 source type 1 a_dead 1 hl_dead 1 de_dead 1 iy_dead 1 f_dead 1
   01B3 21 A8 00      [10]  607 	ld	hl, #0x00a8
   01B6 E5            [11]  608 	push	hl
                            609 ;	genIpush
                            610 ;	genMove_o size 2 result type 2 source type 7 a_dead 1 hl_dead 1 de_dead 1 iy_dead 1 f_dead 1
   01B7 21r49s02      [10]  611 	ld	hl, #___str_2
   01BA E5            [11]  612 	push	hl
                            613 ;	genSend
                            614 ;	genMove_o size 2 result type 2 source type 7 a_dead 1 hl_dead 1 de_dead 1 iy_dead 1 f_dead 1
   01BB 11r1Cs02      [10]  615 	ld	de, #___str_1
                            616 ;	genSend
                            617 ;	genMove_o size 2 result type 2 source type 7 a_dead 1 hl_dead 1 de_dead 0 iy_dead 1 f_dead 1
   01BE 21r0Bs02      [10]  618 	ld	hl, #___str_0
                            619 ;	genCall
   01C1 CDr00s00      [17]  620 	call	___fail
                            621 ;	genLabel
   01C4                     622 00128$:
                            623 ;cases/bitfields-checks/bitfields-checks_struct_1_varType_1_bit_4.c:170: AS_UINT8(volatileBits) = 0xFF;
                            624 ;	genPointerSet
                            625 ;	genMove_o size 2 result type 2 source type 1 a_dead 1 hl_dead 1 de_dead 1 iy_dead 1 f_dead 1
   01C4 21 00 CA      [10]  626 	ld	hl, #0xca00
   01C7 36 FF         [10]  627 	ld	(hl), #0xff
                            628 ;cases/bitfields-checks/bitfields-checks_struct_1_varType_1_bit_4.c:171: volatileBits.bitToTest ^= 1;
                            629 ;	genAssign
                            630 ;	genMove_o size 2 result type 2 source type 1 a_dead 1 hl_dead 1 de_dead 1 iy_dead 1 f_dead 1
   01C9 01 00 CA      [10]  631 	ld	bc, #0xca00
                            632 ;	genPointerGet
   01CC 3A 00 CA      [13]  633 	ld	a, (#0xca00)
   01CF 07            [ 4]  634 	rlca
   01D0 07            [ 4]  635 	rlca
   01D1 07            [ 4]  636 	rlca
   01D2 07            [ 4]  637 	rlca
   01D3 E6 01         [ 7]  638 	and	a, #0x01
                            639 ;	genXor
   01D5 EE 01         [ 7]  640 	xor	a, #0x01
                            641 ;	genMove_o size 1 result type 2 source type 2 a_dead 1 hl_dead 1 de_dead 1 iy_dead 1 f_dead 1
                            642 ;	genPointerSet
   01D7 07            [ 4]  643 	rlca
   01D8 07            [ 4]  644 	rlca
   01D9 07            [ 4]  645 	rlca
   01DA 07            [ 4]  646 	rlca
   01DB E6 10         [ 7]  647 	and	a, #0x10
   01DD 5F            [ 4]  648 	ld	e, a
   01DE 0A            [ 7]  649 	ld	a, (bc)
   01DF E6 EF         [ 7]  650 	and	a, #0xef
   01E1 B3            [ 4]  651 	or	a, e
   01E2 02            [ 7]  652 	ld	(bc), a
                            653 ;cases/bitfields-checks/bitfields-checks_struct_1_varType_1_bit_4.c:172: ASSERT(AS_UINT8(volatileBits) == (uint8_t)(~(1 << BIT_TO_TEST)));
                            654 ;	genPlus
                            655 ;	genMove_o size 2 result type 2 source type 10 a_dead 1 hl_dead 1 de_dead 1 iy_dead 1 f_dead 1
   01E3 2Ar00s00      [16]  656 	ld	hl, (___numTests)
   01E6 23            [ 6]  657 	inc	hl
                            658 ;	genMove_o size 2 result type 10 source type 2 a_dead 1 hl_dead 1 de_dead 1 iy_dead 1 f_dead 1
   01E7 22r00s00      [16]  659 	ld	(___numTests), hl
                            660 ;	genPointerGet
   01EA 3A 00 CA      [13]  661 	ld	a, (#0xca00)
                            662 ;	genCmpEq
   01ED FE EF         [ 7]  663 	cp	a, #0xef
                            664 ; common peephole 163 changed absolute to relative conditional jump.
   01EF 28 11         [12]  665 	jr	z, 00130$
                            666 ; common peephole 81 removed jp by using inverse jump logic
                            667 ; common peephole 159 removed unused label 00249$.
                            668 ;	skipping generated iCode
                            669 ;	skipping iCode since result will be rematerialized
                            670 ;	skipping iCode since result will be rematerialized
                            671 ;	skipping iCode since result will be rematerialized
                            672 ;	skipping iCode since result will be rematerialized
                            673 ;	skipping iCode since result will be rematerialized
                            674 ;	skipping iCode since result will be rematerialized
                            675 ;	genIpush
                            676 ;	genMove_o size 2 result type 2 source type 1 a_dead 1 hl_dead 1 de_dead 1 iy_dead 1 f_dead 1
   01F1 21 AC 00      [10]  677 	ld	hl, #0x00ac
   01F4 E5            [11]  678 	push	hl
                            679 ;	genIpush
                            680 ;	genMove_o size 2 result type 2 source type 7 a_dead 1 hl_dead 1 de_dead 1 iy_dead 1 f_dead 1
   01F5 21r49s02      [10]  681 	ld	hl, #___str_2
   01F8 E5            [11]  682 	push	hl
                            683 ;	genSend
                            684 ;	genMove_o size 2 result type 2 source type 7 a_dead 1 hl_dead 1 de_dead 1 iy_dead 1 f_dead 1
   01F9 11rA9s02      [10]  685 	ld	de, #___str_5
                            686 ;	genSend
                            687 ;	genMove_o size 2 result type 2 source type 7 a_dead 1 hl_dead 1 de_dead 0 iy_dead 1 f_dead 1
   01FC 21r0Bs02      [10]  688 	ld	hl, #___str_0
                            689 ;	genCall
   01FF CDr00s00      [17]  690 	call	___fail
                            691 ;	genLabel
   0202                     692 00130$:
                            693 ;cases/bitfields-checks/bitfields-checks_struct_1_varType_1_bit_4.c:174: AS_UINT8(volatileBits) = 0x00; // keep it to keep environment of all assert calls the same way
                            694 ;	genPointerSet
                            695 ;	genMove_o size 2 result type 2 source type 1 a_dead 1 hl_dead 1 de_dead 1 iy_dead 1 f_dead 1
   0202 21 00 CA      [10]  696 	ld	hl, #0xca00
   0205 36 00         [10]  697 	ld	(hl), #0x00
                            698 ;	genLabel
                            699 ; common peephole 159 removed unused label 00105$.
                            700 ;cases/bitfields-checks/bitfields-checks_struct_1_varType_1_bit_4.c:175: }
                            701 ;	genEndFunction
                            702 ;	adjustStack by 1
   0207 33            [ 6]  703 	inc	sp
   0208 DD E1         [14]  704 	pop	ix
   020A C9            [10]  705 	ret
                            706 ;	Total bit_test_byte function size at codegen: 16 bytes.
   020B                     707 ___str_0:
   020B 41 73 73 65 72 74   708 	.ascii "Assertion failed"
        69 6F 6E 20 66 61
        69 6C 65 64
   021B 00                  709 	.db 0x00
   021C                     710 ___str_1:
   021C 41 53 5F 55 49 4E   711 	.ascii "AS_UINT8(volatileBits) == (1 << BIT_TO_TEST)"
        54 38 28 76 6F 6C
        61 74 69 6C 65 42
        69 74 73 29 20 3D
        3D 20 28 31 20 3C
        3C 20 42 49 54 5F
        54 4F 5F 54 45 53
        54 29
   0248 00                  712 	.db 0x00
   0249                     713 ___str_2:
   0249 63 61 73 65 73 2F   714 	.ascii "cases/bitfields-checks/bitfields-checks_struct_1_varType_1_b"
        62 69 74 66 69 65
        6C 64 73 2D 63 68
        65 63 6B 73 2F 62
        69 74 66 69 65 6C
        64 73 2D 63 68 65
        63 6B 73 5F 73 74
        72 75 63 74 5F 31
        5F 76 61 72 54 79
        70 65 5F 31 5F 62
   0285 69 74 5F 34 2E 63   715 	.ascii "it_4.c"
   028B 00                  716 	.db 0x00
   028C                     717 ___str_3:
   028C 76 6F 6C 61 74 69   718 	.ascii "volatileBits.bitToTest"
        6C 65 42 69 74 73
        2E 62 69 74 54 6F
        54 65 73 74
   02A2 00                  719 	.db 0x00
   02A3                     720 ___str_4:
   02A3 64 75 6D 6D 79      721 	.ascii "dummy"
   02A8 00                  722 	.db 0x00
   02A9                     723 ___str_5:
   02A9 41 53 5F 55 49 4E   724 	.ascii "AS_UINT8(volatileBits) == (uint8_t)(~(1 << BIT_TO_TEST))"
        54 38 28 76 6F 6C
        61 74 69 6C 65 42
        69 74 73 29 20 3D
        3D 20 28 75 69 6E
        74 38 5F 74 29 28
        7E 28 31 20 3C 3C
        20 42 49 54 5F 54
        4F 5F 54 45 53 54
        29 29
   02E1 00                  725 	.db 0x00
   02E2                     726 ___str_6:
   02E2 21 76 6F 6C 61 74   727 	.ascii "!volatileBits.bitToTest"
        69 6C 65 42 69 74
        73 2E 62 69 74 54
        6F 54 65 73 74
   02F9 00                  728 	.db 0x00
   02FA                     729 ___str_7:
   02FA 41 53 5F 55 49 4E   730 	.ascii "AS_UINT8(volatileBits) == 0xFF"
        54 38 28 76 6F 6C
        61 74 69 6C 65 42
        69 74 73 29 20 3D
        3D 20 30 78 46 46
   0318 00                  731 	.db 0x00
   0319                     732 ___str_8:
   0319 41 53 5F 55 49 4E   733 	.ascii "AS_UINT8(volatileBits) == 0x00"
        54 38 28 76 6F 6C
        61 74 69 6C 65 42
        69 74 73 29 20 3D
        3D 20 30 78 30 30
   0337 00                  734 	.db 0x00
                            735 ;cases/bitfields-checks/bitfields-checks_struct_1_varType_1_bit_4.c:231: testBitfieldsChecks(void)
                            736 ;	genLabel
                            737 ;	genFunction
                            738 ;	---------------------------------
                            739 ; Function testBitfieldsChecks
                            740 ; ---------------------------------
                            741 ;	Register assignment is optimal.
                            742 ; Stack space usage: 0 bytes.
   0338                     743 _testBitfieldsChecks:
                            744 ;cases/bitfields-checks/bitfields-checks_struct_1_varType_1_bit_4.c:234: bit_test_byte();
                            745 ;	genCall
                            746 ;	genLabel
                            747 ; common peephole 159 removed unused label 00101$.
                            748 ;cases/bitfields-checks/bitfields-checks_struct_1_varType_1_bit_4.c:236: }
                            749 ;	genEndFunction
   0338 C3r00s00      [10]  750 	jp	_bit_test_byte
                            751 ; common peephole 152 removed unused ret.
                            752 ;	Total testBitfieldsChecks function size at codegen: 1 bytes.
                            753 ;cases/bitfields-checks/bitfields-checks_struct_1_varType_1_bit_4.c:240: __runSuite(void)
                            754 ;	genLabel
                            755 ;	genFunction
                            756 ;	---------------------------------
                            757 ; Function __runSuite
                            758 ; ---------------------------------
                            759 ;	Register assignment is optimal.
                            760 ; Stack space usage: 0 bytes.
   033B                     761 ___runSuite::
                            762 ;cases/bitfields-checks/bitfields-checks_struct_1_varType_1_bit_4.c:242: __prints("Running testBitfieldsChecks\n");
                            763 ;	skipping iCode since result will be rematerialized
                            764 ;	skipping iCode since result will be rematerialized
                            765 ;	genSend
                            766 ;	genMove_o size 2 result type 2 source type 7 a_dead 1 hl_dead 1 de_dead 1 iy_dead 1 f_dead 1
   033B 21r44s03      [10]  767 	ld	hl, #___str_9
                            768 ;	genCall
   033E CDr00s00      [17]  769 	call	___prints
                            770 ;cases/bitfields-checks/bitfields-checks_struct_1_varType_1_bit_4.c:243: testBitfieldsChecks();
                            771 ;	genCall
                            772 ;	genLabel
                            773 ; common peephole 159 removed unused label 00101$.
                            774 ;cases/bitfields-checks/bitfields-checks_struct_1_varType_1_bit_4.c:244: }
                            775 ;	genEndFunction
   0341 C3r38s03      [10]  776 	jp	_testBitfieldsChecks
                            777 ; common peephole 152 removed unused ret.
                            778 ;	Total __runSuite function size at codegen: 1 bytes.
   0344                     779 ___str_9:
   0344 52 75 6E 6E 69 6E   780 	.ascii "Running testBitfieldsChecks"
        67 20 74 65 73 74
        42 69 74 66 69 65
        6C 64 73 43 68 65
        63 6B 73
   035F 0A                  781 	.db 0x0a
   0360 00                  782 	.db 0x00
                            783 ;cases/bitfields-checks/bitfields-checks_struct_1_varType_1_bit_4.c:249: __getSuiteName(void)
                            784 ;	genLabel
                            785 ;	genFunction
                            786 ;	---------------------------------
                            787 ; Function __getSuiteName
                            788 ; ---------------------------------
                            789 ;	Register assignment is optimal.
                            790 ; Stack space usage: 0 bytes.
   0361                     791 ___getSuiteName::
                            792 ;cases/bitfields-checks/bitfields-checks_struct_1_varType_1_bit_4.c:251: return "bitfields-checks_struct_1_varType_1_bit_4";
                            793 ;	skipping iCode since result will be rematerialized
                            794 ;	skipping iCode since result will be rematerialized
                            795 ;	genRet
                            796 ;	genMove_o size 2 result type 2 source type 7 a_dead 1 hl_dead 1 de_dead 1 iy_dead 1 f_dead 1
   0361 11r67s03      [10]  797 	ld	de, #___str_10
                            798 ;	genLabel
                            799 ; common peephole 159 removed unused label 00101$.
                            800 ;cases/bitfields-checks/bitfields-checks_struct_1_varType_1_bit_4.c:252: }
                            801 ;	genEndFunction
   0364 C9            [10]  802 	ret
                            803 ;	Total __getSuiteName function size at codegen: 1 bytes.
   0365                     804 ___numCases:
   0365 01 00               805 	.dw #0x0001
   0367                     806 ___str_10:
   0367 62 69 74 66 69 65   807 	.ascii "bitfields-checks_struct_1_varType_1_bit_4"
        6C 64 73 2D 63 68
        65 63 6B 73 5F 73
        74 72 75 63 74 5F
        31 5F 76 61 72 54
        79 70 65 5F 31 5F
        62 69 74 5F 34
   0390 00                  808 	.db 0x00
                            809 	.area _CODE (BANK=_CSEG)
                            810 	.area _INITIALIZER
                            811 	.area _CABS (ABS)
