                              1 ;--------------------------------------------------------
                              2 ; File Created by SDCC : free open source ISO C Compiler
                              3 ; Version 4.6.2 #16710 (Linux)
                              4 ;--------------------------------------------------------
                              5 	.module bitfields_checks_struct_0_varType_0_bit_6
                              6 	
                              7 ;--------------------------------------------------------
                              8 ; Public variables in this module
                              9 ;--------------------------------------------------------
                             10 	.globl _bit_test_byte
                             11 	.globl ___prints
                             12 	.globl ___fail
                             13 	.globl _volatileBits
                             14 	.globl ___numCases
                             15 	.globl ___runSuite
                             16 	.globl ___getSuiteName
                             17 ;--------------------------------------------------------
                             18 ; special function registers
                             19 ;--------------------------------------------------------
                             20 ;--------------------------------------------------------
                             21 ; ram data
                             22 ;--------------------------------------------------------
                             23 	.area _DATA (BANK=_DSEG)
   0000                      24 _volatileBits::
   0000                      25 	.ds 1
                             26 ;--------------------------------------------------------
                             27 ; ram data
                             28 ;--------------------------------------------------------
                             29 	.area _INITIALIZED
                             30 ;--------------------------------------------------------
                             31 ; absolute ram data
                             32 ;--------------------------------------------------------
                             33 	.area _DABS (ABS)
                             34 	.area _DABS (ABS)
                             35 ;--------------------------------------------------------
                             36 ; global & static initialisations
                             37 ;--------------------------------------------------------
                             38 	.area _HOME
                             39 	.area _GSINIT
                             40 	.area _GSFINAL
                             41 	.area _GSINIT
                             42 ;--------------------------------------------------------
                             43 ; Home
                             44 ;--------------------------------------------------------
                             45 	.area _HOME (BANK=_CSEG)
                             46 	.area _HOME (BANK=_CSEG)
                             47 ;--------------------------------------------------------
                             48 ; code
                             49 ;--------------------------------------------------------
                             50 	.area _CODE (BANK=_CSEG)
                             51 ;cases/bitfields-checks/bitfields-checks_struct_0_varType_0_bit_6.c:178: bit_test_byte(void)
                             52 ;	genLabel
                             53 ;	genFunction
                             54 ;	---------------------------------
                             55 ; Function bit_test_byte
                             56 ; ---------------------------------
                             57 ;	Register assignment might be sub-optimal.
                             58 ; Stack space usage: 1 bytes.
   0000                      59 _bit_test_byte::
   0000 DD E5         [15]   60 	push	ix
   0002 DD 21 00 00   [14]   61 	ld	ix,	#0
   0006 DD 39         [15]   62 	add	ix, sp
                             63 ;	adjustStack by -1
   0008 3B            [ 6]   64 	dec	sp
                             65 ;cases/bitfields-checks/bitfields-checks_struct_0_varType_0_bit_6.c:186: volatileBits = 1 << BIT_TO_TEST;
                             66 ;	genAssign
                             67 ;	genMove_o size 1 result type 11 source type 1 a_dead 1 hl_dead 1 de_dead 1 iy_dead 1 f_dead 1
   0009 21r00s00      [10]   68 	ld	hl, #_volatileBits
   000C 36 40         [10]   69 	ld	(hl), #0x40
                             70 ;cases/bitfields-checks/bitfields-checks_struct_0_varType_0_bit_6.c:187: ASSERT(volatileBits & (1 << BIT_TO_TEST));
                             71 ;	genPlus
                             72 ;	genMove_o size 2 result type 2 source type 10 a_dead 1 hl_dead 1 de_dead 1 iy_dead 1 f_dead 1
   000E 2Ar00s00      [16]   73 	ld	hl, (___numTests)
   0011 23            [ 6]   74 	inc	hl
                             75 ;	genMove_o size 2 result type 10 source type 2 a_dead 1 hl_dead 1 de_dead 1 iy_dead 1 f_dead 1
   0012 22r00s00      [16]   76 	ld	(___numTests), hl
                             77 ;	genAnd
                             78 ; common peephole 61 used hl instead of iy.
                             79 ; common peephole 130a removed unnecessary +0 from constant
   0015 21r00s00      [10]   80 	ld	hl, #_volatileBits
   0018 CB 76         [12]   81 	bit	6, (hl)
                             82 ; common peephole 81 removed jp by using inverse jump logic
                             83 ; common peephole 159 removed unused label 00243$.
                             84 ; common peephole 163 changed absolute to relative conditional jump.
   001A 20 11         [12]   85 	jr	nz, 00108$
                             86 ; common peephole 82 removed jp by using inverse jump logic
                             87 ; common peephole 159 removed unused label 00244$.
                             88 ;	skipping generated iCode
                             89 ;	skipping iCode since result will be rematerialized
                             90 ;	skipping iCode since result will be rematerialized
                             91 ;	skipping iCode since result will be rematerialized
                             92 ;	skipping iCode since result will be rematerialized
                             93 ;	skipping iCode since result will be rematerialized
                             94 ;	skipping iCode since result will be rematerialized
                             95 ;	genIpush
                             96 ;	genMove_o size 2 result type 2 source type 1 a_dead 1 hl_dead 1 de_dead 1 iy_dead 1 f_dead 1
   001C 21 BB 00      [10]   97 	ld	hl, #0x00bb
   001F E5            [11]   98 	push	hl
                             99 ;	genIpush
                            100 ;	genMove_o size 2 result type 2 source type 7 a_dead 1 hl_dead 1 de_dead 1 iy_dead 1 f_dead 1
   0020 21r27s02      [10]  101 	ld	hl, #___str_2
   0023 E5            [11]  102 	push	hl
                            103 ;	genSend
                            104 ;	genMove_o size 2 result type 2 source type 7 a_dead 1 hl_dead 1 de_dead 1 iy_dead 1 f_dead 1
   0024 11r05s02      [10]  105 	ld	de, #___str_1
                            106 ;	genSend
                            107 ;	genMove_o size 2 result type 2 source type 7 a_dead 1 hl_dead 1 de_dead 0 iy_dead 1 f_dead 1
   0027 21rF4s01      [10]  108 	ld	hl, #___str_0
                            109 ;	genCall
   002A CDr00s00      [17]  110 	call	___fail
                            111 ;	genLabel
   002D                     112 00108$:
                            113 ;cases/bitfields-checks/bitfields-checks_struct_0_varType_0_bit_6.c:188: ASSERT(volatileBits & (int16_t)(1 << BIT_TO_TEST));
                            114 ;	genPlus
                            115 ;	genMove_o size 2 result type 2 source type 10 a_dead 1 hl_dead 1 de_dead 1 iy_dead 1 f_dead 1
   002D 2Ar00s00      [16]  116 	ld	hl, (___numTests)
   0030 23            [ 6]  117 	inc	hl
                            118 ;	genMove_o size 2 result type 10 source type 2 a_dead 1 hl_dead 1 de_dead 1 iy_dead 1 f_dead 1
   0031 22r00s00      [16]  119 	ld	(___numTests), hl
                            120 ;	genAssign
                            121 ;	genMove_o size 1 result type 2 source type 10 a_dead 1 hl_dead 1 de_dead 1 iy_dead 1 f_dead 1
   0034 3Ar00s00      [13]  122 	ld	a, (_volatileBits)
                            123 ;	genAnd
   0037 CB 77         [ 8]  124 	bit	6, a
                            125 ; common peephole 81 removed jp by using inverse jump logic
                            126 ; common peephole 159 removed unused label 00245$.
                            127 ; common peephole 163 changed absolute to relative conditional jump.
   0039 20 11         [12]  128 	jr	nz, 00110$
                            129 ; common peephole 82 removed jp by using inverse jump logic
                            130 ; common peephole 159 removed unused label 00246$.
                            131 ;	skipping generated iCode
                            132 ;	skipping iCode since result will be rematerialized
                            133 ;	skipping iCode since result will be rematerialized
                            134 ;	skipping iCode since result will be rematerialized
                            135 ;	skipping iCode since result will be rematerialized
                            136 ;	skipping iCode since result will be rematerialized
                            137 ;	skipping iCode since result will be rematerialized
                            138 ;	genIpush
                            139 ;	genMove_o size 2 result type 2 source type 1 a_dead 1 hl_dead 1 de_dead 1 iy_dead 1 f_dead 1
   003B 21 BC 00      [10]  140 	ld	hl, #0x00bc
   003E E5            [11]  141 	push	hl
                            142 ;	genIpush
                            143 ;	genMove_o size 2 result type 2 source type 7 a_dead 1 hl_dead 1 de_dead 1 iy_dead 1 f_dead 1
   003F 21r27s02      [10]  144 	ld	hl, #___str_2
   0042 E5            [11]  145 	push	hl
                            146 ;	genSend
                            147 ;	genMove_o size 2 result type 2 source type 7 a_dead 1 hl_dead 1 de_dead 1 iy_dead 1 f_dead 1
   0043 11r6As02      [10]  148 	ld	de, #___str_3
                            149 ;	genSend
                            150 ;	genMove_o size 2 result type 2 source type 7 a_dead 1 hl_dead 1 de_dead 0 iy_dead 1 f_dead 1
   0046 21rF4s01      [10]  151 	ld	hl, #___str_0
                            152 ;	genCall
   0049 CDr00s00      [17]  153 	call	___fail
                            154 ;	genLabel
   004C                     155 00110$:
                            156 ;cases/bitfields-checks/bitfields-checks_struct_0_varType_0_bit_6.c:189: dummy = 0;
                            157 ;	genAssign
                            158 ;	genMove_o size 1 result type 6 source type 1 a_dead 1 hl_dead 1 de_dead 1 iy_dead 1 f_dead 1
   004C DD 36 FF 00   [19]  159 	ld	-1 (ix), #0x00
                            160 ;cases/bitfields-checks/bitfields-checks_struct_0_varType_0_bit_6.c:190: if(volatileBits & (int16_t)(1 << BIT_TO_TEST)) dummy = 1;
                            161 ;	genAssign
                            162 ;	genMove_o size 1 result type 2 source type 10 a_dead 1 hl_dead 1 de_dead 1 iy_dead 1 f_dead 1
   0050 3Ar00s00      [13]  163 	ld	a, (_volatileBits)
                            164 ;	genAnd
   0053 CB 77         [ 8]  165 	bit	6, a
                            166 ; common peephole 163 changed absolute to relative conditional jump.
   0055 28 04         [12]  167 	jr	z, 00102$
                            168 ; common peephole 81 removed jp by using inverse jump logic
                            169 ; common peephole 159 removed unused label 00247$.
                            170 ;	skipping generated iCode
                            171 ;	genAssign
                            172 ;	genMove_o size 1 result type 6 source type 1 a_dead 1 hl_dead 1 de_dead 1 iy_dead 1 f_dead 1
   0057 DD 36 FF 01   [19]  173 	ld	-1 (ix), #0x01
                            174 ;	genLabel
   005B                     175 00102$:
                            176 ;cases/bitfields-checks/bitfields-checks_struct_0_varType_0_bit_6.c:191: ASSERT(dummy);
                            177 ;	genPlus
                            178 ;	genMove_o size 2 result type 2 source type 10 a_dead 1 hl_dead 1 de_dead 1 iy_dead 1 f_dead 1
   005B 2Ar00s00      [16]  179 	ld	hl, (___numTests)
   005E 23            [ 6]  180 	inc	hl
                            181 ;	genMove_o size 2 result type 10 source type 2 a_dead 1 hl_dead 1 de_dead 1 iy_dead 1 f_dead 1
   005F 22r00s00      [16]  182 	ld	(___numTests), hl
                            183 ;	genIfx
   0062 DD 7E FF      [19]  184 	ld	a, -1 (ix)
   0065 B7            [ 4]  185 	or	a, a
                            186 ; common peephole 163 changed absolute to relative conditional jump.
   0066 20 11         [12]  187 	jr	nz, 00112$
                            188 ;	skipping iCode since result will be rematerialized
                            189 ;	skipping iCode since result will be rematerialized
                            190 ;	skipping iCode since result will be rematerialized
                            191 ;	skipping iCode since result will be rematerialized
                            192 ;	skipping iCode since result will be rematerialized
                            193 ;	skipping iCode since result will be rematerialized
                            194 ;	genIpush
                            195 ;	genMove_o size 2 result type 2 source type 1 a_dead 1 hl_dead 1 de_dead 1 iy_dead 1 f_dead 1
   0068 21 BF 00      [10]  196 	ld	hl, #0x00bf
   006B E5            [11]  197 	push	hl
                            198 ;	genIpush
                            199 ;	genMove_o size 2 result type 2 source type 7 a_dead 1 hl_dead 1 de_dead 1 iy_dead 1 f_dead 1
   006C 21r27s02      [10]  200 	ld	hl, #___str_2
   006F E5            [11]  201 	push	hl
                            202 ;	genSend
                            203 ;	genMove_o size 2 result type 2 source type 7 a_dead 1 hl_dead 1 de_dead 1 iy_dead 1 f_dead 1
   0070 11r95s02      [10]  204 	ld	de, #___str_4
                            205 ;	genSend
                            206 ;	genMove_o size 2 result type 2 source type 7 a_dead 1 hl_dead 1 de_dead 0 iy_dead 1 f_dead 1
   0073 21rF4s01      [10]  207 	ld	hl, #___str_0
                            208 ;	genCall
   0076 CDr00s00      [17]  209 	call	___fail
                            210 ;	genLabel
   0079                     211 00112$:
                            212 ;cases/bitfields-checks/bitfields-checks_struct_0_varType_0_bit_6.c:193: volatileBits = ~(1 << BIT_TO_TEST);
                            213 ;	genAssign
                            214 ;	genMove_o size 1 result type 11 source type 1 a_dead 1 hl_dead 1 de_dead 1 iy_dead 1 f_dead 1
   0079 21r00s00      [10]  215 	ld	hl, #_volatileBits
   007C 36 BF         [10]  216 	ld	(hl), #0xbf
                            217 ;cases/bitfields-checks/bitfields-checks_struct_0_varType_0_bit_6.c:194: ASSERT(!(volatileBits & (1 << BIT_TO_TEST)));
                            218 ;	genPlus
                            219 ;	genMove_o size 2 result type 2 source type 10 a_dead 1 hl_dead 1 de_dead 1 iy_dead 1 f_dead 1
   007E 2Ar00s00      [16]  220 	ld	hl, (___numTests)
   0081 23            [ 6]  221 	inc	hl
                            222 ;	genMove_o size 2 result type 10 source type 2 a_dead 1 hl_dead 1 de_dead 1 iy_dead 1 f_dead 1
   0082 22r00s00      [16]  223 	ld	(___numTests), hl
                            224 ;	genGetAbit
   0085 3Ar00s00      [13]  225 	ld	a, (_volatileBits+0)
   0088 07            [ 4]  226 	rlca
                            227 ;	genMove_o size 0 result type 2 source type 1 a_dead 1 hl_dead 0 de_dead 0 iy_dead 1 f_dead 1
                            228 ;	genIfx
                            229 ; common peephole 100 removed redundant or after and.
   0089 07            [ 4]  230 	rlca
                            231 ; common peephole 90a removed and by changing jump condition.
                            232 ; common peephole 163 changed absolute to relative conditional jump.
   008A 30 11         [12]  233 	jr	nc, 00114$
                            234 ;	skipping iCode since result will be rematerialized
                            235 ;	skipping iCode since result will be rematerialized
                            236 ;	skipping iCode since result will be rematerialized
                            237 ;	genCast
                            238 ;	genMove_o size 2 result type 2 source type 7 a_dead 1 hl_dead 1 de_dead 1 iy_dead 1 f_dead 1
   008C 11r9Bs02      [10]  239 	ld	de, #___str_5
                            240 ;	skipping iCode since result will be rematerialized
                            241 ;	skipping iCode since result will be rematerialized
                            242 ;	genIpush
                            243 ;	genMove_o size 2 result type 2 source type 1 a_dead 1 hl_dead 1 de_dead 0 iy_dead 1 f_dead 1
   008F 21 C2 00      [10]  244 	ld	hl, #0x00c2
   0092 E5            [11]  245 	push	hl
                            246 ;	genIpush
                            247 ;	genMove_o size 2 result type 2 source type 7 a_dead 1 hl_dead 1 de_dead 0 iy_dead 1 f_dead 1
   0093 21r27s02      [10]  248 	ld	hl, #___str_2
   0096 E5            [11]  249 	push	hl
                            250 ;	genSend
                            251 ;	genMove_o size 2 result type 2 source type 2 a_dead 1 hl_dead 1 de_dead 1 iy_dead 1 f_dead 1
                            252 ;	genSend
                            253 ;	genMove_o size 2 result type 2 source type 7 a_dead 1 hl_dead 1 de_dead 0 iy_dead 1 f_dead 1
   0097 21rF4s01      [10]  254 	ld	hl, #___str_0
                            255 ;	genCall
   009A CDr00s00      [17]  256 	call	___fail
                            257 ;	genLabel
   009D                     258 00114$:
                            259 ;cases/bitfields-checks/bitfields-checks_struct_0_varType_0_bit_6.c:195: ASSERT(!(volatileBits & (int16_t)(1 << BIT_TO_TEST)));
                            260 ;	genPlus
                            261 ;	genMove_o size 2 result type 2 source type 10 a_dead 1 hl_dead 1 de_dead 1 iy_dead 1 f_dead 1
   009D 2Ar00s00      [16]  262 	ld	hl, (___numTests)
   00A0 23            [ 6]  263 	inc	hl
                            264 ;	genMove_o size 2 result type 10 source type 2 a_dead 1 hl_dead 1 de_dead 1 iy_dead 1 f_dead 1
   00A1 22r00s00      [16]  265 	ld	(___numTests), hl
                            266 ;	genGetAbit
   00A4 3Ar00s00      [13]  267 	ld	a, (_volatileBits+0)
   00A7 07            [ 4]  268 	rlca
                            269 ;	genMove_o size 0 result type 2 source type 1 a_dead 1 hl_dead 0 de_dead 0 iy_dead 1 f_dead 1
                            270 ;	genIfx
                            271 ; common peephole 100 removed redundant or after and.
   00A8 07            [ 4]  272 	rlca
                            273 ; common peephole 90a removed and by changing jump condition.
                            274 ; common peephole 163 changed absolute to relative conditional jump.
   00A9 30 11         [12]  275 	jr	nc, 00116$
                            276 ;	skipping iCode since result will be rematerialized
                            277 ;	skipping iCode since result will be rematerialized
                            278 ;	skipping iCode since result will be rematerialized
                            279 ;	genCast
                            280 ;	genMove_o size 2 result type 2 source type 7 a_dead 1 hl_dead 1 de_dead 1 iy_dead 1 f_dead 1
   00AB 11rC0s02      [10]  281 	ld	de, #___str_6
                            282 ;	skipping iCode since result will be rematerialized
                            283 ;	skipping iCode since result will be rematerialized
                            284 ;	genIpush
                            285 ;	genMove_o size 2 result type 2 source type 1 a_dead 1 hl_dead 1 de_dead 0 iy_dead 1 f_dead 1
   00AE 21 C3 00      [10]  286 	ld	hl, #0x00c3
   00B1 E5            [11]  287 	push	hl
                            288 ;	genIpush
                            289 ;	genMove_o size 2 result type 2 source type 7 a_dead 1 hl_dead 1 de_dead 0 iy_dead 1 f_dead 1
   00B2 21r27s02      [10]  290 	ld	hl, #___str_2
   00B5 E5            [11]  291 	push	hl
                            292 ;	genSend
                            293 ;	genMove_o size 2 result type 2 source type 2 a_dead 1 hl_dead 1 de_dead 1 iy_dead 1 f_dead 1
                            294 ;	genSend
                            295 ;	genMove_o size 2 result type 2 source type 7 a_dead 1 hl_dead 1 de_dead 0 iy_dead 1 f_dead 1
   00B6 21rF4s01      [10]  296 	ld	hl, #___str_0
                            297 ;	genCall
   00B9 CDr00s00      [17]  298 	call	___fail
                            299 ;	genLabel
   00BC                     300 00116$:
                            301 ;cases/bitfields-checks/bitfields-checks_struct_0_varType_0_bit_6.c:196: dummy = 0;
                            302 ;	genAssign
                            303 ;	genMove_o size 1 result type 6 source type 1 a_dead 1 hl_dead 1 de_dead 1 iy_dead 1 f_dead 1
   00BC DD 36 FF 00   [19]  304 	ld	-1 (ix), #0x00
                            305 ;cases/bitfields-checks/bitfields-checks_struct_0_varType_0_bit_6.c:197: if(!(volatileBits & (int16_t)(1 << BIT_TO_TEST))) dummy = 1;
                            306 ;	genAssign
                            307 ;	genMove_o size 1 result type 2 source type 10 a_dead 1 hl_dead 1 de_dead 1 iy_dead 1 f_dead 1
   00C0 3Ar00s00      [13]  308 	ld	a, (_volatileBits)
                            309 ;	genAnd
   00C3 CB 77         [ 8]  310 	bit	6, a
                            311 ; common peephole 81 removed jp by using inverse jump logic
                            312 ; common peephole 159 removed unused label 00248$.
                            313 ; common peephole 163 changed absolute to relative conditional jump.
   00C5 20 04         [12]  314 	jr	nz, 00104$
                            315 ; common peephole 82 removed jp by using inverse jump logic
                            316 ; common peephole 159 removed unused label 00249$.
                            317 ;	skipping generated iCode
                            318 ;	genAssign
                            319 ;	genMove_o size 1 result type 6 source type 1 a_dead 1 hl_dead 1 de_dead 1 iy_dead 1 f_dead 1
   00C7 DD 36 FF 01   [19]  320 	ld	-1 (ix), #0x01
                            321 ;	genLabel
   00CB                     322 00104$:
                            323 ;cases/bitfields-checks/bitfields-checks_struct_0_varType_0_bit_6.c:198: ASSERT(dummy);
                            324 ;	genPlus
                            325 ;	genMove_o size 2 result type 2 source type 10 a_dead 1 hl_dead 1 de_dead 1 iy_dead 1 f_dead 1
   00CB 2Ar00s00      [16]  326 	ld	hl, (___numTests)
   00CE 23            [ 6]  327 	inc	hl
                            328 ;	genMove_o size 2 result type 10 source type 2 a_dead 1 hl_dead 1 de_dead 1 iy_dead 1 f_dead 1
   00CF 22r00s00      [16]  329 	ld	(___numTests), hl
                            330 ;	genIfx
   00D2 DD 7E FF      [19]  331 	ld	a, -1 (ix)
   00D5 B7            [ 4]  332 	or	a, a
                            333 ; common peephole 163 changed absolute to relative conditional jump.
   00D6 20 11         [12]  334 	jr	nz, 00118$
                            335 ;	skipping iCode since result will be rematerialized
                            336 ;	skipping iCode since result will be rematerialized
                            337 ;	skipping iCode since result will be rematerialized
                            338 ;	skipping iCode since result will be rematerialized
                            339 ;	skipping iCode since result will be rematerialized
                            340 ;	skipping iCode since result will be rematerialized
                            341 ;	genIpush
                            342 ;	genMove_o size 2 result type 2 source type 1 a_dead 1 hl_dead 1 de_dead 1 iy_dead 1 f_dead 1
   00D8 21 C6 00      [10]  343 	ld	hl, #0x00c6
   00DB E5            [11]  344 	push	hl
                            345 ;	genIpush
                            346 ;	genMove_o size 2 result type 2 source type 7 a_dead 1 hl_dead 1 de_dead 1 iy_dead 1 f_dead 1
   00DC 21r27s02      [10]  347 	ld	hl, #___str_2
   00DF E5            [11]  348 	push	hl
                            349 ;	genSend
                            350 ;	genMove_o size 2 result type 2 source type 7 a_dead 1 hl_dead 1 de_dead 1 iy_dead 1 f_dead 1
   00E0 11r95s02      [10]  351 	ld	de, #___str_4
                            352 ;	genSend
                            353 ;	genMove_o size 2 result type 2 source type 7 a_dead 1 hl_dead 1 de_dead 0 iy_dead 1 f_dead 1
   00E3 21rF4s01      [10]  354 	ld	hl, #___str_0
                            355 ;	genCall
   00E6 CDr00s00      [17]  356 	call	___fail
                            357 ;	genLabel
   00E9                     358 00118$:
                            359 ;cases/bitfields-checks/bitfields-checks_struct_0_varType_0_bit_6.c:200: volatileBits = 0x00;
                            360 ;	genAssign
                            361 ;	genMove_o size 1 result type 11 source type 1 a_dead 1 hl_dead 1 de_dead 1 iy_dead 1 f_dead 1
   00E9 AF            [ 4]  362 	xor	a, a
   00EA 32r00s00      [13]  363 	ld	(#_volatileBits), a
                            364 ; common peephole 19 loaded (#_volatileBits) from a directly instead of using hl.
                            365 ;cases/bitfields-checks/bitfields-checks_struct_0_varType_0_bit_6.c:201: volatileBits |= 1 << BIT_TO_TEST;
                            366 ;	genOr
   00ED 3Ar00s00      [13]  367 	ld	a, (_volatileBits+0)
   00F0 F6 40         [ 7]  368 	or	a, #0x40
                            369 ;	genMove_o size 1 result type 10 source type 2 a_dead 1 hl_dead 1 de_dead 1 iy_dead 1 f_dead 1
   00F2 32r00s00      [13]  370 	ld	(_volatileBits+0), a
                            371 ;cases/bitfields-checks/bitfields-checks_struct_0_varType_0_bit_6.c:202: ASSERT(volatileBits == (1 << BIT_TO_TEST));
                            372 ;	genPlus
                            373 ;	genMove_o size 2 result type 2 source type 10 a_dead 1 hl_dead 1 de_dead 1 iy_dead 1 f_dead 1
   00F5 2Ar00s00      [16]  374 	ld	hl, (___numTests)
   00F8 23            [ 6]  375 	inc	hl
                            376 ;	genMove_o size 2 result type 10 source type 2 a_dead 1 hl_dead 1 de_dead 1 iy_dead 1 f_dead 1
   00F9 22r00s00      [16]  377 	ld	(___numTests), hl
                            378 ;	genCmpEq
                            379 ;	genMove_o size 1 result type 2 source type 10 a_dead 1 hl_dead 1 de_dead 0 iy_dead 0 f_dead 1
   00FC 3Ar00s00      [13]  380 	ld	a, (_volatileBits)
   00FF D6 40         [ 7]  381 	sub	a, #0x40
                            382 ; common peephole 163 changed absolute to relative conditional jump.
   0101 28 11         [12]  383 	jr	z, 00120$
                            384 ; common peephole 81 removed jp by using inverse jump logic
                            385 ; common peephole 159 removed unused label 00250$.
                            386 ;	skipping generated iCode
                            387 ;	skipping iCode since result will be rematerialized
                            388 ;	skipping iCode since result will be rematerialized
                            389 ;	skipping iCode since result will be rematerialized
                            390 ;	skipping iCode since result will be rematerialized
                            391 ;	skipping iCode since result will be rematerialized
                            392 ;	skipping iCode since result will be rematerialized
                            393 ;	genIpush
                            394 ;	genMove_o size 2 result type 2 source type 1 a_dead 1 hl_dead 1 de_dead 1 iy_dead 1 f_dead 1
   0103 21 CA 00      [10]  395 	ld	hl, #0x00ca
   0106 E5            [11]  396 	push	hl
                            397 ;	genIpush
                            398 ;	genMove_o size 2 result type 2 source type 7 a_dead 1 hl_dead 1 de_dead 1 iy_dead 1 f_dead 1
   0107 21r27s02      [10]  399 	ld	hl, #___str_2
   010A E5            [11]  400 	push	hl
                            401 ;	genSend
                            402 ;	genMove_o size 2 result type 2 source type 7 a_dead 1 hl_dead 1 de_dead 1 iy_dead 1 f_dead 1
   010B 11rEEs02      [10]  403 	ld	de, #___str_7
                            404 ;	genSend
                            405 ;	genMove_o size 2 result type 2 source type 7 a_dead 1 hl_dead 1 de_dead 0 iy_dead 1 f_dead 1
   010E 21rF4s01      [10]  406 	ld	hl, #___str_0
                            407 ;	genCall
   0111 CDr00s00      [17]  408 	call	___fail
                            409 ;	genLabel
   0114                     410 00120$:
                            411 ;cases/bitfields-checks/bitfields-checks_struct_0_varType_0_bit_6.c:204: volatileBits = 0xFF;
                            412 ;	genAssign
                            413 ;	genMove_o size 1 result type 11 source type 1 a_dead 1 hl_dead 1 de_dead 1 iy_dead 1 f_dead 1
   0114 21r00s00      [10]  414 	ld	hl, #_volatileBits
   0117 36 FF         [10]  415 	ld	(hl), #0xff
                            416 ;cases/bitfields-checks/bitfields-checks_struct_0_varType_0_bit_6.c:205: volatileBits |= 1 << BIT_TO_TEST;
                            417 ;	genOr
   0119 3Ar00s00      [13]  418 	ld	a, (_volatileBits+0)
   011C F6 40         [ 7]  419 	or	a, #0x40
                            420 ;	genMove_o size 1 result type 10 source type 2 a_dead 1 hl_dead 1 de_dead 1 iy_dead 1 f_dead 1
   011E 32r00s00      [13]  421 	ld	(_volatileBits+0), a
                            422 ;cases/bitfields-checks/bitfields-checks_struct_0_varType_0_bit_6.c:206: ASSERT(volatileBits == 0xFF);
                            423 ;	genPlus
                            424 ;	genMove_o size 2 result type 2 source type 10 a_dead 1 hl_dead 1 de_dead 1 iy_dead 1 f_dead 1
   0121 2Ar00s00      [16]  425 	ld	hl, (___numTests)
   0124 23            [ 6]  426 	inc	hl
                            427 ;	genMove_o size 2 result type 10 source type 2 a_dead 1 hl_dead 1 de_dead 1 iy_dead 1 f_dead 1
   0125 22r00s00      [16]  428 	ld	(___numTests), hl
                            429 ;	genCmpEq
                            430 ;	genMove_o size 1 result type 2 source type 10 a_dead 1 hl_dead 1 de_dead 0 iy_dead 0 f_dead 1
   0128 3Ar00s00      [13]  431 	ld	a, (_volatileBits)
   012B 3C            [ 4]  432 	inc	a
                            433 ; common peephole 163 changed absolute to relative conditional jump.
   012C 28 11         [12]  434 	jr	z, 00122$
                            435 ; common peephole 81 removed jp by using inverse jump logic
                            436 ; common peephole 159 removed unused label 00251$.
                            437 ;	skipping generated iCode
                            438 ;	skipping iCode since result will be rematerialized
                            439 ;	skipping iCode since result will be rematerialized
                            440 ;	skipping iCode since result will be rematerialized
                            441 ;	skipping iCode since result will be rematerialized
                            442 ;	skipping iCode since result will be rematerialized
                            443 ;	skipping iCode since result will be rematerialized
                            444 ;	genIpush
                            445 ;	genMove_o size 2 result type 2 source type 1 a_dead 1 hl_dead 1 de_dead 1 iy_dead 1 f_dead 1
   012E 21 CE 00      [10]  446 	ld	hl, #0x00ce
   0131 E5            [11]  447 	push	hl
                            448 ;	genIpush
                            449 ;	genMove_o size 2 result type 2 source type 7 a_dead 1 hl_dead 1 de_dead 1 iy_dead 1 f_dead 1
   0132 21r27s02      [10]  450 	ld	hl, #___str_2
   0135 E5            [11]  451 	push	hl
                            452 ;	genSend
                            453 ;	genMove_o size 2 result type 2 source type 7 a_dead 1 hl_dead 1 de_dead 1 iy_dead 1 f_dead 1
   0136 11r11s03      [10]  454 	ld	de, #___str_8
                            455 ;	genSend
                            456 ;	genMove_o size 2 result type 2 source type 7 a_dead 1 hl_dead 1 de_dead 0 iy_dead 1 f_dead 1
   0139 21rF4s01      [10]  457 	ld	hl, #___str_0
                            458 ;	genCall
   013C CDr00s00      [17]  459 	call	___fail
                            460 ;	genLabel
   013F                     461 00122$:
                            462 ;cases/bitfields-checks/bitfields-checks_struct_0_varType_0_bit_6.c:208: volatileBits = 0x00;
                            463 ;	genAssign
                            464 ;	genMove_o size 1 result type 11 source type 1 a_dead 1 hl_dead 1 de_dead 1 iy_dead 1 f_dead 1
   013F AF            [ 4]  465 	xor	a, a
   0140 32r00s00      [13]  466 	ld	(#_volatileBits), a
                            467 ; common peephole 19 loaded (#_volatileBits) from a directly instead of using hl.
                            468 ;cases/bitfields-checks/bitfields-checks_struct_0_varType_0_bit_6.c:209: volatileBits &= (uint8_t)(~(1 << BIT_TO_TEST));
                            469 ;	genAnd
   0143 3Ar00s00      [13]  470 	ld	a, (_volatileBits+0)
   0146 E6 BF         [ 7]  471 	and	a, #0xbf
                            472 ;	genMove_o size 1 result type 10 source type 2 a_dead 1 hl_dead 1 de_dead 1 iy_dead 1 f_dead 1
   0148 32r00s00      [13]  473 	ld	(_volatileBits+0), a
                            474 ;cases/bitfields-checks/bitfields-checks_struct_0_varType_0_bit_6.c:210: ASSERT(volatileBits == 0x00);
                            475 ;	genPlus
                            476 ;	genMove_o size 2 result type 2 source type 10 a_dead 1 hl_dead 1 de_dead 1 iy_dead 1 f_dead 1
   014B 2Ar00s00      [16]  477 	ld	hl, (___numTests)
   014E 23            [ 6]  478 	inc	hl
                            479 ;	genMove_o size 2 result type 10 source type 2 a_dead 1 hl_dead 1 de_dead 1 iy_dead 1 f_dead 1
   014F 22r00s00      [16]  480 	ld	(___numTests), hl
                            481 ;	genIfx
   0152 3Ar00s00      [13]  482 	ld	a, (_volatileBits+0)
   0155 B7            [ 4]  483 	or	a, a
                            484 ; common peephole 163 changed absolute to relative conditional jump.
   0156 28 11         [12]  485 	jr	z, 00124$
                            486 ;	skipping iCode since result will be rematerialized
                            487 ;	skipping iCode since result will be rematerialized
                            488 ;	skipping iCode since result will be rematerialized
                            489 ;	skipping iCode since result will be rematerialized
                            490 ;	skipping iCode since result will be rematerialized
                            491 ;	skipping iCode since result will be rematerialized
                            492 ;	genIpush
                            493 ;	genMove_o size 2 result type 2 source type 1 a_dead 1 hl_dead 1 de_dead 1 iy_dead 1 f_dead 1
   0158 21 D2 00      [10]  494 	ld	hl, #0x00d2
   015B E5            [11]  495 	push	hl
                            496 ;	genIpush
                            497 ;	genMove_o size 2 result type 2 source type 7 a_dead 1 hl_dead 1 de_dead 1 iy_dead 1 f_dead 1
   015C 21r27s02      [10]  498 	ld	hl, #___str_2
   015F E5            [11]  499 	push	hl
                            500 ;	genSend
                            501 ;	genMove_o size 2 result type 2 source type 7 a_dead 1 hl_dead 1 de_dead 1 iy_dead 1 f_dead 1
   0160 11r26s03      [10]  502 	ld	de, #___str_9
                            503 ;	genSend
                            504 ;	genMove_o size 2 result type 2 source type 7 a_dead 1 hl_dead 1 de_dead 0 iy_dead 1 f_dead 1
   0163 21rF4s01      [10]  505 	ld	hl, #___str_0
                            506 ;	genCall
   0166 CDr00s00      [17]  507 	call	___fail
                            508 ;	genLabel
   0169                     509 00124$:
                            510 ;cases/bitfields-checks/bitfields-checks_struct_0_varType_0_bit_6.c:212: volatileBits = 0xFF;
                            511 ;	genAssign
                            512 ;	genMove_o size 1 result type 11 source type 1 a_dead 1 hl_dead 1 de_dead 1 iy_dead 1 f_dead 1
   0169 21r00s00      [10]  513 	ld	hl, #_volatileBits
   016C 36 FF         [10]  514 	ld	(hl), #0xff
                            515 ;cases/bitfields-checks/bitfields-checks_struct_0_varType_0_bit_6.c:213: volatileBits &= (uint8_t)(~(1 << BIT_TO_TEST));
                            516 ;	genAnd
   016E 3Ar00s00      [13]  517 	ld	a, (_volatileBits+0)
   0171 E6 BF         [ 7]  518 	and	a, #0xbf
                            519 ;	genMove_o size 1 result type 10 source type 2 a_dead 1 hl_dead 1 de_dead 1 iy_dead 1 f_dead 1
   0173 32r00s00      [13]  520 	ld	(_volatileBits+0), a
                            521 ;cases/bitfields-checks/bitfields-checks_struct_0_varType_0_bit_6.c:214: ASSERT(volatileBits == (uint8_t)(~(1 << BIT_TO_TEST)));
                            522 ;	genPlus
                            523 ;	genMove_o size 2 result type 2 source type 10 a_dead 1 hl_dead 1 de_dead 1 iy_dead 1 f_dead 1
   0176 2Ar00s00      [16]  524 	ld	hl, (___numTests)
   0179 23            [ 6]  525 	inc	hl
                            526 ;	genMove_o size 2 result type 10 source type 2 a_dead 1 hl_dead 1 de_dead 1 iy_dead 1 f_dead 1
   017A 22r00s00      [16]  527 	ld	(___numTests), hl
                            528 ;	genCmpEq
                            529 ;	genMove_o size 1 result type 2 source type 10 a_dead 1 hl_dead 1 de_dead 0 iy_dead 0 f_dead 1
   017D 3Ar00s00      [13]  530 	ld	a, (_volatileBits)
   0180 D6 BF         [ 7]  531 	sub	a, #0xbf
                            532 ; common peephole 163 changed absolute to relative conditional jump.
   0182 28 11         [12]  533 	jr	z, 00126$
                            534 ; common peephole 81 removed jp by using inverse jump logic
                            535 ; common peephole 159 removed unused label 00252$.
                            536 ;	skipping generated iCode
                            537 ;	skipping iCode since result will be rematerialized
                            538 ;	skipping iCode since result will be rematerialized
                            539 ;	skipping iCode since result will be rematerialized
                            540 ;	skipping iCode since result will be rematerialized
                            541 ;	skipping iCode since result will be rematerialized
                            542 ;	skipping iCode since result will be rematerialized
                            543 ;	genIpush
                            544 ;	genMove_o size 2 result type 2 source type 1 a_dead 1 hl_dead 1 de_dead 1 iy_dead 1 f_dead 1
   0184 21 D6 00      [10]  545 	ld	hl, #0x00d6
   0187 E5            [11]  546 	push	hl
                            547 ;	genIpush
                            548 ;	genMove_o size 2 result type 2 source type 7 a_dead 1 hl_dead 1 de_dead 1 iy_dead 1 f_dead 1
   0188 21r27s02      [10]  549 	ld	hl, #___str_2
   018B E5            [11]  550 	push	hl
                            551 ;	genSend
                            552 ;	genMove_o size 2 result type 2 source type 7 a_dead 1 hl_dead 1 de_dead 1 iy_dead 1 f_dead 1
   018C 11r3Bs03      [10]  553 	ld	de, #___str_10
                            554 ;	genSend
                            555 ;	genMove_o size 2 result type 2 source type 7 a_dead 1 hl_dead 1 de_dead 0 iy_dead 1 f_dead 1
   018F 21rF4s01      [10]  556 	ld	hl, #___str_0
                            557 ;	genCall
   0192 CDr00s00      [17]  558 	call	___fail
                            559 ;	genLabel
   0195                     560 00126$:
                            561 ;cases/bitfields-checks/bitfields-checks_struct_0_varType_0_bit_6.c:216: volatileBits = 0x00;
                            562 ;	genAssign
                            563 ;	genMove_o size 1 result type 11 source type 1 a_dead 1 hl_dead 1 de_dead 1 iy_dead 1 f_dead 1
   0195 AF            [ 4]  564 	xor	a, a
   0196 32r00s00      [13]  565 	ld	(#_volatileBits), a
                            566 ; common peephole 19 loaded (#_volatileBits) from a directly instead of using hl.
                            567 ;cases/bitfields-checks/bitfields-checks_struct_0_varType_0_bit_6.c:217: volatileBits ^= 1 << BIT_TO_TEST;
                            568 ;	genXor
   0199 3Ar00s00      [13]  569 	ld	a, (_volatileBits+0)
   019C EE 40         [ 7]  570 	xor	a, #0x40
                            571 ;	genMove_o size 1 result type 10 source type 2 a_dead 1 hl_dead 1 de_dead 1 iy_dead 1 f_dead 1
   019E 32r00s00      [13]  572 	ld	(_volatileBits+0), a
                            573 ;cases/bitfields-checks/bitfields-checks_struct_0_varType_0_bit_6.c:218: ASSERT(volatileBits == (1 << BIT_TO_TEST));
                            574 ;	genPlus
                            575 ;	genMove_o size 2 result type 2 source type 10 a_dead 1 hl_dead 1 de_dead 1 iy_dead 1 f_dead 1
   01A1 2Ar00s00      [16]  576 	ld	hl, (___numTests)
   01A4 23            [ 6]  577 	inc	hl
                            578 ;	genMove_o size 2 result type 10 source type 2 a_dead 1 hl_dead 1 de_dead 1 iy_dead 1 f_dead 1
   01A5 22r00s00      [16]  579 	ld	(___numTests), hl
                            580 ;	genCmpEq
                            581 ;	genMove_o size 1 result type 2 source type 10 a_dead 1 hl_dead 1 de_dead 0 iy_dead 0 f_dead 1
   01A8 3Ar00s00      [13]  582 	ld	a, (_volatileBits)
   01AB D6 40         [ 7]  583 	sub	a, #0x40
                            584 ; common peephole 163 changed absolute to relative conditional jump.
   01AD 28 11         [12]  585 	jr	z, 00128$
                            586 ; common peephole 81 removed jp by using inverse jump logic
                            587 ; common peephole 159 removed unused label 00253$.
                            588 ;	skipping generated iCode
                            589 ;	skipping iCode since result will be rematerialized
                            590 ;	skipping iCode since result will be rematerialized
                            591 ;	skipping iCode since result will be rematerialized
                            592 ;	skipping iCode since result will be rematerialized
                            593 ;	skipping iCode since result will be rematerialized
                            594 ;	skipping iCode since result will be rematerialized
                            595 ;	genIpush
                            596 ;	genMove_o size 2 result type 2 source type 1 a_dead 1 hl_dead 1 de_dead 1 iy_dead 1 f_dead 1
   01AF 21 DA 00      [10]  597 	ld	hl, #0x00da
   01B2 E5            [11]  598 	push	hl
                            599 ;	genIpush
                            600 ;	genMove_o size 2 result type 2 source type 7 a_dead 1 hl_dead 1 de_dead 1 iy_dead 1 f_dead 1
   01B3 21r27s02      [10]  601 	ld	hl, #___str_2
   01B6 E5            [11]  602 	push	hl
                            603 ;	genSend
                            604 ;	genMove_o size 2 result type 2 source type 7 a_dead 1 hl_dead 1 de_dead 1 iy_dead 1 f_dead 1
   01B7 11rEEs02      [10]  605 	ld	de, #___str_7
                            606 ;	genSend
                            607 ;	genMove_o size 2 result type 2 source type 7 a_dead 1 hl_dead 1 de_dead 0 iy_dead 1 f_dead 1
   01BA 21rF4s01      [10]  608 	ld	hl, #___str_0
                            609 ;	genCall
   01BD CDr00s00      [17]  610 	call	___fail
                            611 ;	genLabel
   01C0                     612 00128$:
                            613 ;cases/bitfields-checks/bitfields-checks_struct_0_varType_0_bit_6.c:220: volatileBits = 0xFF;
                            614 ;	genAssign
                            615 ;	genMove_o size 1 result type 11 source type 1 a_dead 1 hl_dead 1 de_dead 1 iy_dead 1 f_dead 1
   01C0 21r00s00      [10]  616 	ld	hl, #_volatileBits
   01C3 36 FF         [10]  617 	ld	(hl), #0xff
                            618 ;cases/bitfields-checks/bitfields-checks_struct_0_varType_0_bit_6.c:221: volatileBits ^= 1 << BIT_TO_TEST;
                            619 ;	genXor
   01C5 3Ar00s00      [13]  620 	ld	a, (_volatileBits+0)
   01C8 EE 40         [ 7]  621 	xor	a, #0x40
                            622 ;	genMove_o size 1 result type 10 source type 2 a_dead 1 hl_dead 1 de_dead 1 iy_dead 1 f_dead 1
   01CA 32r00s00      [13]  623 	ld	(_volatileBits+0), a
                            624 ;cases/bitfields-checks/bitfields-checks_struct_0_varType_0_bit_6.c:222: ASSERT(volatileBits == (uint8_t)(~(1 << BIT_TO_TEST)));
                            625 ;	genPlus
                            626 ;	genMove_o size 2 result type 2 source type 10 a_dead 1 hl_dead 1 de_dead 1 iy_dead 1 f_dead 1
   01CD 2Ar00s00      [16]  627 	ld	hl, (___numTests)
   01D0 23            [ 6]  628 	inc	hl
                            629 ;	genMove_o size 2 result type 10 source type 2 a_dead 1 hl_dead 1 de_dead 1 iy_dead 1 f_dead 1
   01D1 22r00s00      [16]  630 	ld	(___numTests), hl
                            631 ;	genCmpEq
                            632 ;	genMove_o size 1 result type 2 source type 10 a_dead 1 hl_dead 1 de_dead 0 iy_dead 0 f_dead 1
   01D4 3Ar00s00      [13]  633 	ld	a, (_volatileBits)
   01D7 D6 BF         [ 7]  634 	sub	a, #0xbf
                            635 ; common peephole 163 changed absolute to relative conditional jump.
   01D9 28 11         [12]  636 	jr	z, 00130$
                            637 ; common peephole 81 removed jp by using inverse jump logic
                            638 ; common peephole 159 removed unused label 00254$.
                            639 ;	skipping generated iCode
                            640 ;	skipping iCode since result will be rematerialized
                            641 ;	skipping iCode since result will be rematerialized
                            642 ;	skipping iCode since result will be rematerialized
                            643 ;	skipping iCode since result will be rematerialized
                            644 ;	skipping iCode since result will be rematerialized
                            645 ;	skipping iCode since result will be rematerialized
                            646 ;	genIpush
                            647 ;	genMove_o size 2 result type 2 source type 1 a_dead 1 hl_dead 1 de_dead 1 iy_dead 1 f_dead 1
   01DB 21 DE 00      [10]  648 	ld	hl, #0x00de
   01DE E5            [11]  649 	push	hl
                            650 ;	genIpush
                            651 ;	genMove_o size 2 result type 2 source type 7 a_dead 1 hl_dead 1 de_dead 1 iy_dead 1 f_dead 1
   01DF 21r27s02      [10]  652 	ld	hl, #___str_2
   01E2 E5            [11]  653 	push	hl
                            654 ;	genSend
                            655 ;	genMove_o size 2 result type 2 source type 7 a_dead 1 hl_dead 1 de_dead 1 iy_dead 1 f_dead 1
   01E3 11r3Bs03      [10]  656 	ld	de, #___str_10
                            657 ;	genSend
                            658 ;	genMove_o size 2 result type 2 source type 7 a_dead 1 hl_dead 1 de_dead 0 iy_dead 1 f_dead 1
   01E6 21rF4s01      [10]  659 	ld	hl, #___str_0
                            660 ;	genCall
   01E9 CDr00s00      [17]  661 	call	___fail
                            662 ;	genLabel
   01EC                     663 00130$:
                            664 ;cases/bitfields-checks/bitfields-checks_struct_0_varType_0_bit_6.c:224: volatileBits = 0x00; // keep it to keep environment of all assert calls the same way
                            665 ;	genAssign
                            666 ;	genMove_o size 1 result type 11 source type 1 a_dead 1 hl_dead 1 de_dead 1 iy_dead 1 f_dead 1
   01EC AF            [ 4]  667 	xor	a, a
   01ED 32r00s00      [13]  668 	ld	(#_volatileBits), a
                            669 ; common peephole 19 loaded (#_volatileBits) from a directly instead of using hl.
                            670 ;	genLabel
                            671 ; common peephole 159 removed unused label 00105$.
                            672 ;cases/bitfields-checks/bitfields-checks_struct_0_varType_0_bit_6.c:225: }
                            673 ;	genEndFunction
                            674 ;	adjustStack by 1
   01F0 33            [ 6]  675 	inc	sp
   01F1 DD E1         [14]  676 	pop	ix
   01F3 C9            [10]  677 	ret
                            678 ;	Total bit_test_byte function size at codegen: 16 bytes.
   01F4                     679 ___str_0:
   01F4 41 73 73 65 72 74   680 	.ascii "Assertion failed"
        69 6F 6E 20 66 61
        69 6C 65 64
   0204 00                  681 	.db 0x00
   0205                     682 ___str_1:
   0205 76 6F 6C 61 74 69   683 	.ascii "volatileBits & (1 << BIT_TO_TEST)"
        6C 65 42 69 74 73
        20 26 20 28 31 20
        3C 3C 20 42 49 54
        5F 54 4F 5F 54 45
        53 54 29
   0226 00                  684 	.db 0x00
   0227                     685 ___str_2:
   0227 63 61 73 65 73 2F   686 	.ascii "cases/bitfields-checks/bitfields-checks_struct_0_varType_0_b"
        62 69 74 66 69 65
        6C 64 73 2D 63 68
        65 63 6B 73 2F 62
        69 74 66 69 65 6C
        64 73 2D 63 68 65
        63 6B 73 5F 73 74
        72 75 63 74 5F 30
        5F 76 61 72 54 79
        70 65 5F 30 5F 62
   0263 69 74 5F 36 2E 63   687 	.ascii "it_6.c"
   0269 00                  688 	.db 0x00
   026A                     689 ___str_3:
   026A 76 6F 6C 61 74 69   690 	.ascii "volatileBits & (int16_t)(1 << BIT_TO_TEST)"
        6C 65 42 69 74 73
        20 26 20 28 69 6E
        74 31 36 5F 74 29
        28 31 20 3C 3C 20
        42 49 54 5F 54 4F
        5F 54 45 53 54 29
   0294 00                  691 	.db 0x00
   0295                     692 ___str_4:
   0295 64 75 6D 6D 79      693 	.ascii "dummy"
   029A 00                  694 	.db 0x00
   029B                     695 ___str_5:
   029B 21 28 76 6F 6C 61   696 	.ascii "!(volatileBits & (1 << BIT_TO_TEST))"
        74 69 6C 65 42 69
        74 73 20 26 20 28
        31 20 3C 3C 20 42
        49 54 5F 54 4F 5F
        54 45 53 54 29 29
   02BF 00                  697 	.db 0x00
   02C0                     698 ___str_6:
   02C0 21 28 76 6F 6C 61   699 	.ascii "!(volatileBits & (int16_t)(1 << BIT_TO_TEST))"
        74 69 6C 65 42 69
        74 73 20 26 20 28
        69 6E 74 31 36 5F
        74 29 28 31 20 3C
        3C 20 42 49 54 5F
        54 4F 5F 54 45 53
        54 29 29
   02ED 00                  700 	.db 0x00
   02EE                     701 ___str_7:
   02EE 76 6F 6C 61 74 69   702 	.ascii "volatileBits == (1 << BIT_TO_TEST)"
        6C 65 42 69 74 73
        20 3D 3D 20 28 31
        20 3C 3C 20 42 49
        54 5F 54 4F 5F 54
        45 53 54 29
   0310 00                  703 	.db 0x00
   0311                     704 ___str_8:
   0311 76 6F 6C 61 74 69   705 	.ascii "volatileBits == 0xFF"
        6C 65 42 69 74 73
        20 3D 3D 20 30 78
        46 46
   0325 00                  706 	.db 0x00
   0326                     707 ___str_9:
   0326 76 6F 6C 61 74 69   708 	.ascii "volatileBits == 0x00"
        6C 65 42 69 74 73
        20 3D 3D 20 30 78
        30 30
   033A 00                  709 	.db 0x00
   033B                     710 ___str_10:
   033B 76 6F 6C 61 74 69   711 	.ascii "volatileBits == (uint8_t)(~(1 << BIT_TO_TEST))"
        6C 65 42 69 74 73
        20 3D 3D 20 28 75
        69 6E 74 38 5F 74
        29 28 7E 28 31 20
        3C 3C 20 42 49 54
        5F 54 4F 5F 54 45
        53 54 29 29
   0369 00                  712 	.db 0x00
                            713 ;cases/bitfields-checks/bitfields-checks_struct_0_varType_0_bit_6.c:231: testBitfieldsChecks(void)
                            714 ;	genLabel
                            715 ;	genFunction
                            716 ;	---------------------------------
                            717 ; Function testBitfieldsChecks
                            718 ; ---------------------------------
                            719 ;	Register assignment is optimal.
                            720 ; Stack space usage: 0 bytes.
   036A                     721 _testBitfieldsChecks:
                            722 ;cases/bitfields-checks/bitfields-checks_struct_0_varType_0_bit_6.c:234: bit_test_byte();
                            723 ;	genCall
                            724 ;	genLabel
                            725 ; common peephole 159 removed unused label 00101$.
                            726 ;cases/bitfields-checks/bitfields-checks_struct_0_varType_0_bit_6.c:236: }
                            727 ;	genEndFunction
   036A C3r00s00      [10]  728 	jp	_bit_test_byte
                            729 ; common peephole 152 removed unused ret.
                            730 ;	Total testBitfieldsChecks function size at codegen: 1 bytes.
                            731 ;cases/bitfields-checks/bitfields-checks_struct_0_varType_0_bit_6.c:240: __runSuite(void)
                            732 ;	genLabel
                            733 ;	genFunction
                            734 ;	---------------------------------
                            735 ; Function __runSuite
                            736 ; ---------------------------------
                            737 ;	Register assignment is optimal.
                            738 ; Stack space usage: 0 bytes.
   036D                     739 ___runSuite::
                            740 ;cases/bitfields-checks/bitfields-checks_struct_0_varType_0_bit_6.c:242: __prints("Running testBitfieldsChecks\n");
                            741 ;	skipping iCode since result will be rematerialized
                            742 ;	skipping iCode since result will be rematerialized
                            743 ;	genSend
                            744 ;	genMove_o size 2 result type 2 source type 7 a_dead 1 hl_dead 1 de_dead 1 iy_dead 1 f_dead 1
   036D 21r76s03      [10]  745 	ld	hl, #___str_11
                            746 ;	genCall
   0370 CDr00s00      [17]  747 	call	___prints
                            748 ;cases/bitfields-checks/bitfields-checks_struct_0_varType_0_bit_6.c:243: testBitfieldsChecks();
                            749 ;	genCall
                            750 ;	genLabel
                            751 ; common peephole 159 removed unused label 00101$.
                            752 ;cases/bitfields-checks/bitfields-checks_struct_0_varType_0_bit_6.c:244: }
                            753 ;	genEndFunction
   0373 C3r6As03      [10]  754 	jp	_testBitfieldsChecks
                            755 ; common peephole 152 removed unused ret.
                            756 ;	Total __runSuite function size at codegen: 1 bytes.
   0376                     757 ___str_11:
   0376 52 75 6E 6E 69 6E   758 	.ascii "Running testBitfieldsChecks"
        67 20 74 65 73 74
        42 69 74 66 69 65
        6C 64 73 43 68 65
        63 6B 73
   0391 0A                  759 	.db 0x0a
   0392 00                  760 	.db 0x00
                            761 ;cases/bitfields-checks/bitfields-checks_struct_0_varType_0_bit_6.c:249: __getSuiteName(void)
                            762 ;	genLabel
                            763 ;	genFunction
                            764 ;	---------------------------------
                            765 ; Function __getSuiteName
                            766 ; ---------------------------------
                            767 ;	Register assignment is optimal.
                            768 ; Stack space usage: 0 bytes.
   0393                     769 ___getSuiteName::
                            770 ;cases/bitfields-checks/bitfields-checks_struct_0_varType_0_bit_6.c:251: return "bitfields-checks_struct_0_varType_0_bit_6";
                            771 ;	skipping iCode since result will be rematerialized
                            772 ;	skipping iCode since result will be rematerialized
                            773 ;	genRet
                            774 ;	genMove_o size 2 result type 2 source type 7 a_dead 1 hl_dead 1 de_dead 1 iy_dead 1 f_dead 1
   0393 11r99s03      [10]  775 	ld	de, #___str_12
                            776 ;	genLabel
                            777 ; common peephole 159 removed unused label 00101$.
                            778 ;cases/bitfields-checks/bitfields-checks_struct_0_varType_0_bit_6.c:252: }
                            779 ;	genEndFunction
   0396 C9            [10]  780 	ret
                            781 ;	Total __getSuiteName function size at codegen: 1 bytes.
   0397                     782 ___numCases:
   0397 01 00               783 	.dw #0x0001
   0399                     784 ___str_12:
   0399 62 69 74 66 69 65   785 	.ascii "bitfields-checks_struct_0_varType_0_bit_6"
        6C 64 73 2D 63 68
        65 63 6B 73 5F 73
        74 72 75 63 74 5F
        30 5F 76 61 72 54
        79 70 65 5F 30 5F
        62 69 74 5F 36
   03C2 00                  786 	.db 0x00
                            787 	.area _CODE (BANK=_CSEG)
                            788 	.area _INITIALIZER
                            789 	.area _CABS (ABS)
