                              1 ;--------------------------------------------------------
                              2 ; File Created by SDCC : free open source ISO C Compiler
                              3 ; Version 4.6.2 #16710 (Linux)
                              4 ;--------------------------------------------------------
                              5 	.module bitfields_checks_struct_1_varType_3_bit_2
                              6 	
                              7 ;--------------------------------------------------------
                              8 ; Public variables in this module
                              9 ;--------------------------------------------------------
                             10 	.globl _bit_test_byte
                             11 	.globl ___prints
                             12 	.globl ___fail
                             13 	.globl ___numCases
                             14 	.globl ___runSuite
                             15 	.globl ___getSuiteName
                             16 ;--------------------------------------------------------
                             17 ; special function registers
                             18 ;--------------------------------------------------------
                             19 ;--------------------------------------------------------
                             20 ; ram data
                             21 ;--------------------------------------------------------
                             22 	.area _DATA (BANK=_DSEG)
                             23 ;--------------------------------------------------------
                             24 ; ram data
                             25 ;--------------------------------------------------------
                             26 	.area _INITIALIZED
                             27 ;--------------------------------------------------------
                             28 ; absolute ram data
                             29 ;--------------------------------------------------------
                             30 	.area _DABS (ABS)
                             31 	.area _DABS (ABS)
                             32 ;--------------------------------------------------------
                             33 ; global & static initialisations
                             34 ;--------------------------------------------------------
                             35 	.area _HOME
                             36 	.area _GSINIT
                             37 	.area _GSFINAL
                             38 	.area _GSINIT
                             39 ;--------------------------------------------------------
                             40 ; Home
                             41 ;--------------------------------------------------------
                             42 	.area _HOME (BANK=_CSEG)
                             43 	.area _HOME (BANK=_CSEG)
                             44 ;--------------------------------------------------------
                             45 ; code
                             46 ;--------------------------------------------------------
                             47 	.area _CODE (BANK=_CSEG)
                             48 ;cases/bitfields-checks/bitfields-checks_struct_1_varType_3_bit_2.c:131: bit_test_byte(void)
                             49 ;	genLabel
                             50 ;	genFunction
                             51 ;	---------------------------------
                             52 ; Function bit_test_byte
                             53 ; ---------------------------------
                             54 ;	Register assignment might be sub-optimal.
                             55 ; Stack space usage: 2 bytes.
   0000                      56 _bit_test_byte::
   0000 DD E5         [15]   57 	push	ix
   0002 DD 21 00 00   [14]   58 	ld	ix,	#0
   0006 DD 39         [15]   59 	add	ix, sp
                             60 ;	adjustStack by -2
   0008 F5            [11]   61 	push	af
                             62 ;cases/bitfields-checks/bitfields-checks_struct_1_varType_3_bit_2.c:136: AS_UINT8(volatileBits) = 1 << BIT_TO_TEST;
                             63 ;	skipping iCode since result will be rematerialized
                             64 ;	genPointerSet
                             65 ;	genMove_o size 1 result type 6 source type 1 a_dead 1 hl_dead 1 de_dead 1 iy_dead 1 f_dead 1
   0009 DD 36 FE 04   [19]   66 	ld	-2 (ix), #0x04
                             67 ;cases/bitfields-checks/bitfields-checks_struct_1_varType_3_bit_2.c:137: ASSERT(AS_UINT8(volatileBits) == (1 << BIT_TO_TEST));
                             68 ;	genPlus
                             69 ;	genMove_o size 2 result type 2 source type 10 a_dead 1 hl_dead 1 de_dead 1 iy_dead 1 f_dead 1
   000D 2Ar00s00      [16]   70 	ld	hl, (___numTests)
   0010 23            [ 6]   71 	inc	hl
                             72 ;	genMove_o size 2 result type 10 source type 2 a_dead 1 hl_dead 1 de_dead 1 iy_dead 1 f_dead 1
   0011 22r00s00      [16]   73 	ld	(___numTests), hl
                             74 ;	skipping iCode since result will be rematerialized
                             75 ;	genPointerGet
                             76 ;	genMove_o size 1 result type 2 source type 6 a_dead 1 hl_dead 1 de_dead 1 iy_dead 1 f_dead 1
   0014 DD 7E FE      [19]   77 	ld	a, -2 (ix)
                             78 ;	genMove_o size 0 result type 2 source type 1 a_dead 1 hl_dead 1 de_dead 1 iy_dead 1 f_dead 1
                             79 ;	genCmpEq
   0017 FE 04         [ 7]   80 	cp	a, #0x04
                             81 ; common peephole 163 changed absolute to relative conditional jump.
   0019 28 11         [12]   82 	jr	z, 00108$
                             83 ; common peephole 81 removed jp by using inverse jump logic
                             84 ; common peephole 159 removed unused label 00243$.
                             85 ;	skipping generated iCode
                             86 ;	skipping iCode since result will be rematerialized
                             87 ;	skipping iCode since result will be rematerialized
                             88 ;	skipping iCode since result will be rematerialized
                             89 ;	skipping iCode since result will be rematerialized
                             90 ;	skipping iCode since result will be rematerialized
                             91 ;	skipping iCode since result will be rematerialized
                             92 ;	genIpush
                             93 ;	genMove_o size 2 result type 2 source type 1 a_dead 1 hl_dead 1 de_dead 1 iy_dead 1 f_dead 1
   001B 21 89 00      [10]   94 	ld	hl, #0x0089
   001E E5            [11]   95 	push	hl
                             96 ;	genIpush
                             97 ;	genMove_o size 2 result type 2 source type 7 a_dead 1 hl_dead 1 de_dead 1 iy_dead 1 f_dead 1
   001F 21r58s02      [10]   98 	ld	hl, #___str_2
   0022 E5            [11]   99 	push	hl
                            100 ;	genSend
                            101 ;	genMove_o size 2 result type 2 source type 7 a_dead 1 hl_dead 1 de_dead 1 iy_dead 1 f_dead 1
   0023 11r2Bs02      [10]  102 	ld	de, #___str_1
                            103 ;	genSend
                            104 ;	genMove_o size 2 result type 2 source type 7 a_dead 1 hl_dead 1 de_dead 0 iy_dead 1 f_dead 1
   0026 21r1As02      [10]  105 	ld	hl, #___str_0
                            106 ;	genCall
   0029 CDr00s00      [17]  107 	call	___fail
                            108 ;	genLabel
   002C                     109 00108$:
                            110 ;cases/bitfields-checks/bitfields-checks_struct_1_varType_3_bit_2.c:138: ASSERT(volatileBits.bitToTest);
                            111 ;	genPlus
                            112 ;	genMove_o size 2 result type 2 source type 10 a_dead 1 hl_dead 1 de_dead 1 iy_dead 1 f_dead 1
   002C 2Ar00s00      [16]  113 	ld	hl, (___numTests)
   002F 23            [ 6]  114 	inc	hl
                            115 ;	genMove_o size 2 result type 10 source type 2 a_dead 1 hl_dead 1 de_dead 1 iy_dead 1 f_dead 1
   0030 22r00s00      [16]  116 	ld	(___numTests), hl
                            117 ;	genAddrOf
   0033 21 00 00      [10]  118 	ld	hl, #0
   0036 39            [11]  119 	add	hl, sp
                            120 ;	genPointerGet
                            121 ;fetchPairLong
   0037 7E            [ 7]  122 	ld	a, (hl)
   0038 0F            [ 4]  123 	rrca
   0039 0F            [ 4]  124 	rrca
                            125 ;	genIfx
   003A E6 01         [ 7]  126 	and	a, #0x01
                            127 ; common peephole 100 removed redundant or after and.
                            128 ; common peephole 163 changed absolute to relative conditional jump.
   003C 20 11         [12]  129 	jr	nz, 00110$
                            130 ;	skipping iCode since result will be rematerialized
                            131 ;	skipping iCode since result will be rematerialized
                            132 ;	skipping iCode since result will be rematerialized
                            133 ;	skipping iCode since result will be rematerialized
                            134 ;	skipping iCode since result will be rematerialized
                            135 ;	skipping iCode since result will be rematerialized
                            136 ;	genIpush
                            137 ;	genMove_o size 2 result type 2 source type 1 a_dead 1 hl_dead 1 de_dead 1 iy_dead 1 f_dead 1
   003E 21 8A 00      [10]  138 	ld	hl, #0x008a
   0041 E5            [11]  139 	push	hl
                            140 ;	genIpush
                            141 ;	genMove_o size 2 result type 2 source type 7 a_dead 1 hl_dead 1 de_dead 1 iy_dead 1 f_dead 1
   0042 21r58s02      [10]  142 	ld	hl, #___str_2
   0045 E5            [11]  143 	push	hl
                            144 ;	genSend
                            145 ;	genMove_o size 2 result type 2 source type 7 a_dead 1 hl_dead 1 de_dead 1 iy_dead 1 f_dead 1
   0046 11r9Bs02      [10]  146 	ld	de, #___str_3
                            147 ;	genSend
                            148 ;	genMove_o size 2 result type 2 source type 7 a_dead 1 hl_dead 1 de_dead 0 iy_dead 1 f_dead 1
   0049 21r1As02      [10]  149 	ld	hl, #___str_0
                            150 ;	genCall
   004C CDr00s00      [17]  151 	call	___fail
                            152 ;	genLabel
   004F                     153 00110$:
                            154 ;cases/bitfields-checks/bitfields-checks_struct_1_varType_3_bit_2.c:139: dummy = 0;
                            155 ;	genAssign
                            156 ;	genMove_o size 1 result type 6 source type 1 a_dead 1 hl_dead 1 de_dead 1 iy_dead 1 f_dead 1
   004F DD 36 FF 00   [19]  157 	ld	-1 (ix), #0x00
                            158 ;cases/bitfields-checks/bitfields-checks_struct_1_varType_3_bit_2.c:140: if(volatileBits.bitToTest) dummy = 1;
                            159 ;	genAddrOf
   0053 21 00 00      [10]  160 	ld	hl, #0
   0056 39            [11]  161 	add	hl, sp
                            162 ;	genPointerGet
                            163 ;fetchPairLong
   0057 7E            [ 7]  164 	ld	a, (hl)
   0058 0F            [ 4]  165 	rrca
   0059 0F            [ 4]  166 	rrca
                            167 ;	genIfx
   005A E6 01         [ 7]  168 	and	a, #0x01
                            169 ; common peephole 100 removed redundant or after and.
                            170 ; common peephole 163 changed absolute to relative conditional jump.
   005C 28 04         [12]  171 	jr	z, 00102$
                            172 ;	genAssign
                            173 ;	genMove_o size 1 result type 6 source type 1 a_dead 1 hl_dead 1 de_dead 1 iy_dead 1 f_dead 1
   005E DD 36 FF 01   [19]  174 	ld	-1 (ix), #0x01
                            175 ;	genLabel
   0062                     176 00102$:
                            177 ;cases/bitfields-checks/bitfields-checks_struct_1_varType_3_bit_2.c:141: ASSERT(dummy);
                            178 ;	genPlus
                            179 ;	genMove_o size 2 result type 2 source type 10 a_dead 1 hl_dead 1 de_dead 1 iy_dead 1 f_dead 1
   0062 2Ar00s00      [16]  180 	ld	hl, (___numTests)
   0065 23            [ 6]  181 	inc	hl
                            182 ;	genMove_o size 2 result type 10 source type 2 a_dead 1 hl_dead 1 de_dead 1 iy_dead 1 f_dead 1
   0066 22r00s00      [16]  183 	ld	(___numTests), hl
                            184 ;	genIfx
   0069 DD 7E FF      [19]  185 	ld	a, -1 (ix)
   006C B7            [ 4]  186 	or	a, a
                            187 ; common peephole 163 changed absolute to relative conditional jump.
   006D 20 11         [12]  188 	jr	nz, 00112$
                            189 ;	skipping iCode since result will be rematerialized
                            190 ;	skipping iCode since result will be rematerialized
                            191 ;	skipping iCode since result will be rematerialized
                            192 ;	skipping iCode since result will be rematerialized
                            193 ;	skipping iCode since result will be rematerialized
                            194 ;	skipping iCode since result will be rematerialized
                            195 ;	genIpush
                            196 ;	genMove_o size 2 result type 2 source type 1 a_dead 1 hl_dead 1 de_dead 1 iy_dead 1 f_dead 1
   006F 21 8D 00      [10]  197 	ld	hl, #0x008d
   0072 E5            [11]  198 	push	hl
                            199 ;	genIpush
                            200 ;	genMove_o size 2 result type 2 source type 7 a_dead 1 hl_dead 1 de_dead 1 iy_dead 1 f_dead 1
   0073 21r58s02      [10]  201 	ld	hl, #___str_2
   0076 E5            [11]  202 	push	hl
                            203 ;	genSend
                            204 ;	genMove_o size 2 result type 2 source type 7 a_dead 1 hl_dead 1 de_dead 1 iy_dead 1 f_dead 1
   0077 11rB2s02      [10]  205 	ld	de, #___str_4
                            206 ;	genSend
                            207 ;	genMove_o size 2 result type 2 source type 7 a_dead 1 hl_dead 1 de_dead 0 iy_dead 1 f_dead 1
   007A 21r1As02      [10]  208 	ld	hl, #___str_0
                            209 ;	genCall
   007D CDr00s00      [17]  210 	call	___fail
                            211 ;	genLabel
   0080                     212 00112$:
                            213 ;cases/bitfields-checks/bitfields-checks_struct_1_varType_3_bit_2.c:143: AS_UINT8(volatileBits) = ~(1 << BIT_TO_TEST);
                            214 ;	skipping iCode since result will be rematerialized
                            215 ;	genPointerSet
                            216 ;	genMove_o size 1 result type 6 source type 1 a_dead 1 hl_dead 1 de_dead 1 iy_dead 1 f_dead 1
   0080 DD 36 FE FB   [19]  217 	ld	-2 (ix), #0xfb
                            218 ;cases/bitfields-checks/bitfields-checks_struct_1_varType_3_bit_2.c:144: ASSERT(AS_UINT8(volatileBits) == (uint8_t)(~(1 << BIT_TO_TEST)));
                            219 ;	genPlus
                            220 ;	genMove_o size 2 result type 2 source type 10 a_dead 1 hl_dead 1 de_dead 1 iy_dead 1 f_dead 1
   0084 2Ar00s00      [16]  221 	ld	hl, (___numTests)
   0087 23            [ 6]  222 	inc	hl
                            223 ;	genMove_o size 2 result type 10 source type 2 a_dead 1 hl_dead 1 de_dead 1 iy_dead 1 f_dead 1
   0088 22r00s00      [16]  224 	ld	(___numTests), hl
                            225 ;	skipping iCode since result will be rematerialized
                            226 ;	genPointerGet
                            227 ;	genMove_o size 1 result type 2 source type 6 a_dead 1 hl_dead 1 de_dead 1 iy_dead 1 f_dead 1
   008B DD 7E FE      [19]  228 	ld	a, -2 (ix)
                            229 ;	genMove_o size 0 result type 2 source type 1 a_dead 1 hl_dead 1 de_dead 1 iy_dead 1 f_dead 1
                            230 ;	genCmpEq
   008E FE FB         [ 7]  231 	cp	a, #0xfb
                            232 ; common peephole 163 changed absolute to relative conditional jump.
   0090 28 11         [12]  233 	jr	z, 00114$
                            234 ; common peephole 81 removed jp by using inverse jump logic
                            235 ; common peephole 159 removed unused label 00244$.
                            236 ;	skipping generated iCode
                            237 ;	skipping iCode since result will be rematerialized
                            238 ;	skipping iCode since result will be rematerialized
                            239 ;	skipping iCode since result will be rematerialized
                            240 ;	skipping iCode since result will be rematerialized
                            241 ;	skipping iCode since result will be rematerialized
                            242 ;	skipping iCode since result will be rematerialized
                            243 ;	genIpush
                            244 ;	genMove_o size 2 result type 2 source type 1 a_dead 1 hl_dead 1 de_dead 1 iy_dead 1 f_dead 1
   0092 21 90 00      [10]  245 	ld	hl, #0x0090
   0095 E5            [11]  246 	push	hl
                            247 ;	genIpush
                            248 ;	genMove_o size 2 result type 2 source type 7 a_dead 1 hl_dead 1 de_dead 1 iy_dead 1 f_dead 1
   0096 21r58s02      [10]  249 	ld	hl, #___str_2
   0099 E5            [11]  250 	push	hl
                            251 ;	genSend
                            252 ;	genMove_o size 2 result type 2 source type 7 a_dead 1 hl_dead 1 de_dead 1 iy_dead 1 f_dead 1
   009A 11rB8s02      [10]  253 	ld	de, #___str_5
                            254 ;	genSend
                            255 ;	genMove_o size 2 result type 2 source type 7 a_dead 1 hl_dead 1 de_dead 0 iy_dead 1 f_dead 1
   009D 21r1As02      [10]  256 	ld	hl, #___str_0
                            257 ;	genCall
   00A0 CDr00s00      [17]  258 	call	___fail
                            259 ;	genLabel
   00A3                     260 00114$:
                            261 ;cases/bitfields-checks/bitfields-checks_struct_1_varType_3_bit_2.c:145: ASSERT(!volatileBits.bitToTest);
                            262 ;	genPlus
                            263 ;	genMove_o size 2 result type 2 source type 10 a_dead 1 hl_dead 1 de_dead 1 iy_dead 1 f_dead 1
   00A3 2Ar00s00      [16]  264 	ld	hl, (___numTests)
   00A6 23            [ 6]  265 	inc	hl
                            266 ;	genMove_o size 2 result type 10 source type 2 a_dead 1 hl_dead 1 de_dead 1 iy_dead 1 f_dead 1
   00A7 22r00s00      [16]  267 	ld	(___numTests), hl
                            268 ;	genAddrOf
   00AA 21 00 00      [10]  269 	ld	hl, #0
   00AD 39            [11]  270 	add	hl, sp
                            271 ;	genPointerGet
                            272 ;fetchPairLong
   00AE 7E            [ 7]  273 	ld	a, (hl)
   00AF 0F            [ 4]  274 	rrca
   00B0 0F            [ 4]  275 	rrca
                            276 ;	genIfx
   00B1 E6 01         [ 7]  277 	and	a, #0x01
                            278 ; common peephole 100 removed redundant or after and.
                            279 ; common peephole 163 changed absolute to relative conditional jump.
   00B3 28 11         [12]  280 	jr	z, 00116$
                            281 ;	skipping iCode since result will be rematerialized
                            282 ;	skipping iCode since result will be rematerialized
                            283 ;	skipping iCode since result will be rematerialized
                            284 ;	skipping iCode since result will be rematerialized
                            285 ;	skipping iCode since result will be rematerialized
                            286 ;	skipping iCode since result will be rematerialized
                            287 ;	genIpush
                            288 ;	genMove_o size 2 result type 2 source type 1 a_dead 1 hl_dead 1 de_dead 1 iy_dead 1 f_dead 1
   00B5 21 91 00      [10]  289 	ld	hl, #0x0091
   00B8 E5            [11]  290 	push	hl
                            291 ;	genIpush
                            292 ;	genMove_o size 2 result type 2 source type 7 a_dead 1 hl_dead 1 de_dead 1 iy_dead 1 f_dead 1
   00B9 21r58s02      [10]  293 	ld	hl, #___str_2
   00BC E5            [11]  294 	push	hl
                            295 ;	genSend
                            296 ;	genMove_o size 2 result type 2 source type 7 a_dead 1 hl_dead 1 de_dead 1 iy_dead 1 f_dead 1
   00BD 11rF1s02      [10]  297 	ld	de, #___str_6
                            298 ;	genSend
                            299 ;	genMove_o size 2 result type 2 source type 7 a_dead 1 hl_dead 1 de_dead 0 iy_dead 1 f_dead 1
   00C0 21r1As02      [10]  300 	ld	hl, #___str_0
                            301 ;	genCall
   00C3 CDr00s00      [17]  302 	call	___fail
                            303 ;	genLabel
   00C6                     304 00116$:
                            305 ;cases/bitfields-checks/bitfields-checks_struct_1_varType_3_bit_2.c:146: dummy = 0;
                            306 ;	genAssign
                            307 ;	genMove_o size 1 result type 6 source type 1 a_dead 1 hl_dead 1 de_dead 1 iy_dead 1 f_dead 1
   00C6 DD 36 FF 00   [19]  308 	ld	-1 (ix), #0x00
                            309 ;cases/bitfields-checks/bitfields-checks_struct_1_varType_3_bit_2.c:147: if(!volatileBits.bitToTest) dummy = 1;
                            310 ;	genAddrOf
   00CA 21 00 00      [10]  311 	ld	hl, #0
   00CD 39            [11]  312 	add	hl, sp
                            313 ;	genPointerGet
                            314 ;fetchPairLong
   00CE 7E            [ 7]  315 	ld	a, (hl)
   00CF 0F            [ 4]  316 	rrca
   00D0 0F            [ 4]  317 	rrca
                            318 ;	genIfx
   00D1 E6 01         [ 7]  319 	and	a, #0x01
                            320 ; common peephole 100 removed redundant or after and.
                            321 ; common peephole 163 changed absolute to relative conditional jump.
   00D3 20 04         [12]  322 	jr	nz, 00104$
                            323 ;	genAssign
                            324 ;	genMove_o size 1 result type 6 source type 1 a_dead 1 hl_dead 1 de_dead 1 iy_dead 1 f_dead 1
   00D5 DD 36 FF 01   [19]  325 	ld	-1 (ix), #0x01
                            326 ;	genLabel
   00D9                     327 00104$:
                            328 ;cases/bitfields-checks/bitfields-checks_struct_1_varType_3_bit_2.c:148: ASSERT(dummy);
                            329 ;	genPlus
                            330 ;	genMove_o size 2 result type 2 source type 10 a_dead 1 hl_dead 1 de_dead 1 iy_dead 1 f_dead 1
   00D9 2Ar00s00      [16]  331 	ld	hl, (___numTests)
   00DC 23            [ 6]  332 	inc	hl
                            333 ;	genMove_o size 2 result type 10 source type 2 a_dead 1 hl_dead 1 de_dead 1 iy_dead 1 f_dead 1
   00DD 22r00s00      [16]  334 	ld	(___numTests), hl
                            335 ;	genIfx
   00E0 DD 7E FF      [19]  336 	ld	a, -1 (ix)
   00E3 B7            [ 4]  337 	or	a, a
                            338 ; common peephole 163 changed absolute to relative conditional jump.
   00E4 20 11         [12]  339 	jr	nz, 00118$
                            340 ;	skipping iCode since result will be rematerialized
                            341 ;	skipping iCode since result will be rematerialized
                            342 ;	skipping iCode since result will be rematerialized
                            343 ;	skipping iCode since result will be rematerialized
                            344 ;	skipping iCode since result will be rematerialized
                            345 ;	skipping iCode since result will be rematerialized
                            346 ;	genIpush
                            347 ;	genMove_o size 2 result type 2 source type 1 a_dead 1 hl_dead 1 de_dead 1 iy_dead 1 f_dead 1
   00E6 21 94 00      [10]  348 	ld	hl, #0x0094
   00E9 E5            [11]  349 	push	hl
                            350 ;	genIpush
                            351 ;	genMove_o size 2 result type 2 source type 7 a_dead 1 hl_dead 1 de_dead 1 iy_dead 1 f_dead 1
   00EA 21r58s02      [10]  352 	ld	hl, #___str_2
   00ED E5            [11]  353 	push	hl
                            354 ;	genSend
                            355 ;	genMove_o size 2 result type 2 source type 7 a_dead 1 hl_dead 1 de_dead 1 iy_dead 1 f_dead 1
   00EE 11rB2s02      [10]  356 	ld	de, #___str_4
                            357 ;	genSend
                            358 ;	genMove_o size 2 result type 2 source type 7 a_dead 1 hl_dead 1 de_dead 0 iy_dead 1 f_dead 1
   00F1 21r1As02      [10]  359 	ld	hl, #___str_0
                            360 ;	genCall
   00F4 CDr00s00      [17]  361 	call	___fail
                            362 ;	genLabel
   00F7                     363 00118$:
                            364 ;cases/bitfields-checks/bitfields-checks_struct_1_varType_3_bit_2.c:150: AS_UINT8(volatileBits) = 0x00;
                            365 ;	skipping iCode since result will be rematerialized
                            366 ;	genPointerSet
                            367 ;	genMove_o size 1 result type 6 source type 1 a_dead 1 hl_dead 1 de_dead 1 iy_dead 1 f_dead 1
   00F7 DD 36 FE 00   [19]  368 	ld	-2 (ix), #0x00
                            369 ;cases/bitfields-checks/bitfields-checks_struct_1_varType_3_bit_2.c:151: volatileBits.bitToTest = 1;
                            370 ;	skipping iCode since result will be rematerialized
                            371 ;	genPointerSet
                            372 ;	genMove_o size 2 result type 2 source type 8 a_dead 1 hl_dead 1 de_dead 1 iy_dead 1 f_dead 1
   00FB 21 00 00      [10]  373 	ld	hl, #0
   00FE 39            [11]  374 	add	hl, sp
                            375 ;	genMove_o size 2 result type 2 source type 2 a_dead 1 hl_dead 1 de_dead 1 iy_dead 1 f_dead 1
   00FF CB D6         [15]  376 	set	2, (hl)
                            377 ;cases/bitfields-checks/bitfields-checks_struct_1_varType_3_bit_2.c:152: ASSERT(AS_UINT8(volatileBits) == (1 << BIT_TO_TEST));
                            378 ;	genPlus
                            379 ;	genMove_o size 2 result type 2 source type 10 a_dead 1 hl_dead 1 de_dead 1 iy_dead 1 f_dead 1
   0101 2Ar00s00      [16]  380 	ld	hl, (___numTests)
   0104 23            [ 6]  381 	inc	hl
                            382 ;	genMove_o size 2 result type 10 source type 2 a_dead 1 hl_dead 1 de_dead 1 iy_dead 1 f_dead 1
   0105 22r00s00      [16]  383 	ld	(___numTests), hl
                            384 ;	skipping iCode since result will be rematerialized
                            385 ;	genPointerGet
                            386 ;	genMove_o size 1 result type 2 source type 6 a_dead 1 hl_dead 1 de_dead 1 iy_dead 1 f_dead 1
   0108 DD 7E FE      [19]  387 	ld	a, -2 (ix)
                            388 ;	genMove_o size 0 result type 2 source type 1 a_dead 1 hl_dead 1 de_dead 1 iy_dead 1 f_dead 1
                            389 ;	genCmpEq
   010B FE 04         [ 7]  390 	cp	a, #0x04
                            391 ; common peephole 163 changed absolute to relative conditional jump.
   010D 28 11         [12]  392 	jr	z, 00120$
                            393 ; common peephole 81 removed jp by using inverse jump logic
                            394 ; common peephole 159 removed unused label 00245$.
                            395 ;	skipping generated iCode
                            396 ;	skipping iCode since result will be rematerialized
                            397 ;	skipping iCode since result will be rematerialized
                            398 ;	skipping iCode since result will be rematerialized
                            399 ;	skipping iCode since result will be rematerialized
                            400 ;	skipping iCode since result will be rematerialized
                            401 ;	skipping iCode since result will be rematerialized
                            402 ;	genIpush
                            403 ;	genMove_o size 2 result type 2 source type 1 a_dead 1 hl_dead 1 de_dead 1 iy_dead 1 f_dead 1
   010F 21 98 00      [10]  404 	ld	hl, #0x0098
   0112 E5            [11]  405 	push	hl
                            406 ;	genIpush
                            407 ;	genMove_o size 2 result type 2 source type 7 a_dead 1 hl_dead 1 de_dead 1 iy_dead 1 f_dead 1
   0113 21r58s02      [10]  408 	ld	hl, #___str_2
   0116 E5            [11]  409 	push	hl
                            410 ;	genSend
                            411 ;	genMove_o size 2 result type 2 source type 7 a_dead 1 hl_dead 1 de_dead 1 iy_dead 1 f_dead 1
   0117 11r2Bs02      [10]  412 	ld	de, #___str_1
                            413 ;	genSend
                            414 ;	genMove_o size 2 result type 2 source type 7 a_dead 1 hl_dead 1 de_dead 0 iy_dead 1 f_dead 1
   011A 21r1As02      [10]  415 	ld	hl, #___str_0
                            416 ;	genCall
   011D CDr00s00      [17]  417 	call	___fail
                            418 ;	genLabel
   0120                     419 00120$:
                            420 ;cases/bitfields-checks/bitfields-checks_struct_1_varType_3_bit_2.c:154: AS_UINT8(volatileBits) = 0xFF;
                            421 ;	skipping iCode since result will be rematerialized
                            422 ;	genPointerSet
                            423 ;	genMove_o size 1 result type 6 source type 1 a_dead 1 hl_dead 1 de_dead 1 iy_dead 1 f_dead 1
   0120 DD 36 FE FF   [19]  424 	ld	-2 (ix), #0xff
                            425 ;cases/bitfields-checks/bitfields-checks_struct_1_varType_3_bit_2.c:155: volatileBits.bitToTest = 1;
                            426 ;	skipping iCode since result will be rematerialized
                            427 ;	genPointerSet
                            428 ;	genMove_o size 2 result type 2 source type 8 a_dead 1 hl_dead 1 de_dead 1 iy_dead 1 f_dead 1
   0124 21 00 00      [10]  429 	ld	hl, #0
   0127 39            [11]  430 	add	hl, sp
                            431 ;	genMove_o size 2 result type 2 source type 2 a_dead 1 hl_dead 1 de_dead 1 iy_dead 1 f_dead 1
   0128 CB D6         [15]  432 	set	2, (hl)
                            433 ;cases/bitfields-checks/bitfields-checks_struct_1_varType_3_bit_2.c:156: ASSERT(AS_UINT8(volatileBits) == 0xFF);
                            434 ;	genPlus
                            435 ;	genMove_o size 2 result type 2 source type 10 a_dead 1 hl_dead 1 de_dead 1 iy_dead 1 f_dead 1
   012A 2Ar00s00      [16]  436 	ld	hl, (___numTests)
   012D 23            [ 6]  437 	inc	hl
                            438 ;	genMove_o size 2 result type 10 source type 2 a_dead 1 hl_dead 1 de_dead 1 iy_dead 1 f_dead 1
   012E 22r00s00      [16]  439 	ld	(___numTests), hl
                            440 ;	skipping iCode since result will be rematerialized
                            441 ;	genPointerGet
                            442 ;	genMove_o size 1 result type 2 source type 6 a_dead 1 hl_dead 1 de_dead 1 iy_dead 1 f_dead 1
   0131 DD 4E FE      [19]  443 	ld	c, -2 (ix)
                            444 ;	genMove_o size 0 result type 2 source type 1 a_dead 1 hl_dead 1 de_dead 1 iy_dead 1 f_dead 1
                            445 ;	genCmpEq
   0134 0C            [ 4]  446 	inc	c
                            447 ; common peephole 163 changed absolute to relative conditional jump.
   0135 28 11         [12]  448 	jr	z, 00122$
                            449 ; common peephole 81 removed jp by using inverse jump logic
                            450 ; common peephole 159 removed unused label 00246$.
                            451 ;	skipping generated iCode
                            452 ;	skipping iCode since result will be rematerialized
                            453 ;	skipping iCode since result will be rematerialized
                            454 ;	skipping iCode since result will be rematerialized
                            455 ;	skipping iCode since result will be rematerialized
                            456 ;	skipping iCode since result will be rematerialized
                            457 ;	skipping iCode since result will be rematerialized
                            458 ;	genIpush
                            459 ;	genMove_o size 2 result type 2 source type 1 a_dead 1 hl_dead 1 de_dead 1 iy_dead 1 f_dead 1
   0137 21 9C 00      [10]  460 	ld	hl, #0x009c
   013A E5            [11]  461 	push	hl
                            462 ;	genIpush
                            463 ;	genMove_o size 2 result type 2 source type 7 a_dead 1 hl_dead 1 de_dead 1 iy_dead 1 f_dead 1
   013B 21r58s02      [10]  464 	ld	hl, #___str_2
   013E E5            [11]  465 	push	hl
                            466 ;	genSend
                            467 ;	genMove_o size 2 result type 2 source type 7 a_dead 1 hl_dead 1 de_dead 1 iy_dead 1 f_dead 1
   013F 11r09s03      [10]  468 	ld	de, #___str_7
                            469 ;	genSend
                            470 ;	genMove_o size 2 result type 2 source type 7 a_dead 1 hl_dead 1 de_dead 0 iy_dead 1 f_dead 1
   0142 21r1As02      [10]  471 	ld	hl, #___str_0
                            472 ;	genCall
   0145 CDr00s00      [17]  473 	call	___fail
                            474 ;	genLabel
   0148                     475 00122$:
                            476 ;cases/bitfields-checks/bitfields-checks_struct_1_varType_3_bit_2.c:158: AS_UINT8(volatileBits) = 0x00;
                            477 ;	skipping iCode since result will be rematerialized
                            478 ;	genPointerSet
                            479 ;	genMove_o size 1 result type 6 source type 1 a_dead 1 hl_dead 1 de_dead 1 iy_dead 1 f_dead 1
   0148 DD 36 FE 00   [19]  480 	ld	-2 (ix), #0x00
                            481 ;cases/bitfields-checks/bitfields-checks_struct_1_varType_3_bit_2.c:159: volatileBits.bitToTest = 0;
                            482 ;	skipping iCode since result will be rematerialized
                            483 ;	genPointerSet
                            484 ;	genMove_o size 2 result type 2 source type 8 a_dead 1 hl_dead 1 de_dead 1 iy_dead 1 f_dead 1
   014C 21 00 00      [10]  485 	ld	hl, #0
   014F 39            [11]  486 	add	hl, sp
                            487 ;	genMove_o size 2 result type 2 source type 2 a_dead 1 hl_dead 1 de_dead 1 iy_dead 1 f_dead 1
   0150 CB 96         [15]  488 	res	2, (hl)
                            489 ;cases/bitfields-checks/bitfields-checks_struct_1_varType_3_bit_2.c:160: ASSERT(AS_UINT8(volatileBits) == 0x00);
                            490 ;	genPlus
                            491 ;	genMove_o size 2 result type 2 source type 10 a_dead 1 hl_dead 1 de_dead 1 iy_dead 1 f_dead 1
   0152 2Ar00s00      [16]  492 	ld	hl, (___numTests)
   0155 23            [ 6]  493 	inc	hl
                            494 ;	genMove_o size 2 result type 10 source type 2 a_dead 1 hl_dead 1 de_dead 1 iy_dead 1 f_dead 1
   0156 22r00s00      [16]  495 	ld	(___numTests), hl
                            496 ;	skipping iCode since result will be rematerialized
                            497 ;	genPointerGet
                            498 ;	genMove_o size 1 result type 2 source type 6 a_dead 1 hl_dead 1 de_dead 1 iy_dead 1 f_dead 1
   0159 DD 7E FE      [19]  499 	ld	a, -2 (ix)
                            500 ;	genMove_o size 0 result type 2 source type 1 a_dead 1 hl_dead 1 de_dead 1 iy_dead 1 f_dead 1
                            501 ;	genIfx
   015C B7            [ 4]  502 	or	a, a
                            503 ; common peephole 163 changed absolute to relative conditional jump.
   015D 28 11         [12]  504 	jr	z, 00124$
                            505 ;	skipping iCode since result will be rematerialized
                            506 ;	skipping iCode since result will be rematerialized
                            507 ;	skipping iCode since result will be rematerialized
                            508 ;	skipping iCode since result will be rematerialized
                            509 ;	skipping iCode since result will be rematerialized
                            510 ;	skipping iCode since result will be rematerialized
                            511 ;	genIpush
                            512 ;	genMove_o size 2 result type 2 source type 1 a_dead 1 hl_dead 1 de_dead 1 iy_dead 1 f_dead 1
   015F 21 A0 00      [10]  513 	ld	hl, #0x00a0
   0162 E5            [11]  514 	push	hl
                            515 ;	genIpush
                            516 ;	genMove_o size 2 result type 2 source type 7 a_dead 1 hl_dead 1 de_dead 1 iy_dead 1 f_dead 1
   0163 21r58s02      [10]  517 	ld	hl, #___str_2
   0166 E5            [11]  518 	push	hl
                            519 ;	genSend
                            520 ;	genMove_o size 2 result type 2 source type 7 a_dead 1 hl_dead 1 de_dead 1 iy_dead 1 f_dead 1
   0167 11r28s03      [10]  521 	ld	de, #___str_8
                            522 ;	genSend
                            523 ;	genMove_o size 2 result type 2 source type 7 a_dead 1 hl_dead 1 de_dead 0 iy_dead 1 f_dead 1
   016A 21r1As02      [10]  524 	ld	hl, #___str_0
                            525 ;	genCall
   016D CDr00s00      [17]  526 	call	___fail
                            527 ;	genLabel
   0170                     528 00124$:
                            529 ;cases/bitfields-checks/bitfields-checks_struct_1_varType_3_bit_2.c:162: AS_UINT8(volatileBits) = 0xFF;
                            530 ;	skipping iCode since result will be rematerialized
                            531 ;	genPointerSet
                            532 ;	genMove_o size 1 result type 6 source type 1 a_dead 1 hl_dead 1 de_dead 1 iy_dead 1 f_dead 1
   0170 DD 36 FE FF   [19]  533 	ld	-2 (ix), #0xff
                            534 ;cases/bitfields-checks/bitfields-checks_struct_1_varType_3_bit_2.c:163: volatileBits.bitToTest = 0;
                            535 ;	skipping iCode since result will be rematerialized
                            536 ;	genPointerSet
                            537 ;	genMove_o size 2 result type 2 source type 8 a_dead 1 hl_dead 1 de_dead 1 iy_dead 1 f_dead 1
   0174 21 00 00      [10]  538 	ld	hl, #0
   0177 39            [11]  539 	add	hl, sp
                            540 ;	genMove_o size 2 result type 2 source type 2 a_dead 1 hl_dead 1 de_dead 1 iy_dead 1 f_dead 1
   0178 CB 96         [15]  541 	res	2, (hl)
                            542 ;cases/bitfields-checks/bitfields-checks_struct_1_varType_3_bit_2.c:164: ASSERT(AS_UINT8(volatileBits) == (uint8_t)(~(1 << BIT_TO_TEST)));
                            543 ;	genPlus
                            544 ;	genMove_o size 2 result type 2 source type 10 a_dead 1 hl_dead 1 de_dead 1 iy_dead 1 f_dead 1
   017A 2Ar00s00      [16]  545 	ld	hl, (___numTests)
   017D 23            [ 6]  546 	inc	hl
                            547 ;	genMove_o size 2 result type 10 source type 2 a_dead 1 hl_dead 1 de_dead 1 iy_dead 1 f_dead 1
   017E 22r00s00      [16]  548 	ld	(___numTests), hl
                            549 ;	skipping iCode since result will be rematerialized
                            550 ;	genPointerGet
                            551 ;	genMove_o size 1 result type 2 source type 6 a_dead 1 hl_dead 1 de_dead 1 iy_dead 1 f_dead 1
   0181 DD 7E FE      [19]  552 	ld	a, -2 (ix)
                            553 ;	genMove_o size 0 result type 2 source type 1 a_dead 1 hl_dead 1 de_dead 1 iy_dead 1 f_dead 1
                            554 ;	genCmpEq
   0184 FE FB         [ 7]  555 	cp	a, #0xfb
                            556 ; common peephole 163 changed absolute to relative conditional jump.
   0186 28 11         [12]  557 	jr	z, 00126$
                            558 ; common peephole 81 removed jp by using inverse jump logic
                            559 ; common peephole 159 removed unused label 00247$.
                            560 ;	skipping generated iCode
                            561 ;	skipping iCode since result will be rematerialized
                            562 ;	skipping iCode since result will be rematerialized
                            563 ;	skipping iCode since result will be rematerialized
                            564 ;	skipping iCode since result will be rematerialized
                            565 ;	skipping iCode since result will be rematerialized
                            566 ;	skipping iCode since result will be rematerialized
                            567 ;	genIpush
                            568 ;	genMove_o size 2 result type 2 source type 1 a_dead 1 hl_dead 1 de_dead 1 iy_dead 1 f_dead 1
   0188 21 A4 00      [10]  569 	ld	hl, #0x00a4
   018B E5            [11]  570 	push	hl
                            571 ;	genIpush
                            572 ;	genMove_o size 2 result type 2 source type 7 a_dead 1 hl_dead 1 de_dead 1 iy_dead 1 f_dead 1
   018C 21r58s02      [10]  573 	ld	hl, #___str_2
   018F E5            [11]  574 	push	hl
                            575 ;	genSend
                            576 ;	genMove_o size 2 result type 2 source type 7 a_dead 1 hl_dead 1 de_dead 1 iy_dead 1 f_dead 1
   0190 11rB8s02      [10]  577 	ld	de, #___str_5
                            578 ;	genSend
                            579 ;	genMove_o size 2 result type 2 source type 7 a_dead 1 hl_dead 1 de_dead 0 iy_dead 1 f_dead 1
   0193 21r1As02      [10]  580 	ld	hl, #___str_0
                            581 ;	genCall
   0196 CDr00s00      [17]  582 	call	___fail
                            583 ;	genLabel
   0199                     584 00126$:
                            585 ;cases/bitfields-checks/bitfields-checks_struct_1_varType_3_bit_2.c:166: AS_UINT8(volatileBits) = 0x00;
                            586 ;	skipping iCode since result will be rematerialized
                            587 ;	genPointerSet
                            588 ;	genMove_o size 1 result type 6 source type 1 a_dead 1 hl_dead 1 de_dead 1 iy_dead 1 f_dead 1
   0199 DD 36 FE 00   [19]  589 	ld	-2 (ix), #0x00
                            590 ;cases/bitfields-checks/bitfields-checks_struct_1_varType_3_bit_2.c:167: volatileBits.bitToTest ^= 1;
                            591 ;	skipping iCode since result will be rematerialized
                            592 ;	genAddrOf
   019D 21 00 00      [10]  593 	ld	hl, #0
   01A0 39            [11]  594 	add	hl, sp
                            595 ;	genPointerGet
                            596 ;fetchPairLong
   01A1 7E            [ 7]  597 	ld	a, (hl)
   01A2 0F            [ 4]  598 	rrca
   01A3 0F            [ 4]  599 	rrca
   01A4 E6 01         [ 7]  600 	and	a, #0x01
                            601 ;	genXor
   01A6 EE 01         [ 7]  602 	xor	a, #0x01
                            603 ;	genMove_o size 1 result type 2 source type 2 a_dead 1 hl_dead 1 de_dead 1 iy_dead 1 f_dead 1
                            604 ;	genPointerSet
                            605 ;	genMove_o size 2 result type 2 source type 8 a_dead 0 hl_dead 1 de_dead 1 iy_dead 1 f_dead 1
   01A8 21 00 00      [10]  606 	ld	hl, #0
   01AB 39            [11]  607 	add	hl, sp
                            608 ;	genMove_o size 2 result type 2 source type 2 a_dead 0 hl_dead 1 de_dead 1 iy_dead 1 f_dead 1
   01AC 07            [ 4]  609 	rlca
   01AD 07            [ 4]  610 	rlca
   01AE E6 04         [ 7]  611 	and	a, #0x04
   01B0 4F            [ 4]  612 	ld	c, a
   01B1 7E            [ 7]  613 	ld	a, (hl)
   01B2 E6 FB         [ 7]  614 	and	a, #0xfb
   01B4 B1            [ 4]  615 	or	a, c
   01B5 77            [ 7]  616 	ld	(hl), a
                            617 ;cases/bitfields-checks/bitfields-checks_struct_1_varType_3_bit_2.c:168: ASSERT(AS_UINT8(volatileBits) == (1 << BIT_TO_TEST));
                            618 ;	genPlus
                            619 ;	genMove_o size 2 result type 2 source type 10 a_dead 1 hl_dead 1 de_dead 1 iy_dead 1 f_dead 1
   01B6 2Ar00s00      [16]  620 	ld	hl, (___numTests)
   01B9 23            [ 6]  621 	inc	hl
                            622 ;	genMove_o size 2 result type 10 source type 2 a_dead 1 hl_dead 1 de_dead 1 iy_dead 1 f_dead 1
   01BA 22r00s00      [16]  623 	ld	(___numTests), hl
                            624 ;	skipping iCode since result will be rematerialized
                            625 ;	genPointerGet
                            626 ;	genMove_o size 1 result type 2 source type 6 a_dead 1 hl_dead 1 de_dead 1 iy_dead 1 f_dead 1
   01BD DD 7E FE      [19]  627 	ld	a, -2 (ix)
                            628 ;	genMove_o size 0 result type 2 source type 1 a_dead 1 hl_dead 1 de_dead 1 iy_dead 1 f_dead 1
                            629 ;	genCmpEq
   01C0 FE 04         [ 7]  630 	cp	a, #0x04
                            631 ; common peephole 163 changed absolute to relative conditional jump.
   01C2 28 11         [12]  632 	jr	z, 00128$
                            633 ; common peephole 81 removed jp by using inverse jump logic
                            634 ; common peephole 159 removed unused label 00248$.
                            635 ;	skipping generated iCode
                            636 ;	skipping iCode since result will be rematerialized
                            637 ;	skipping iCode since result will be rematerialized
                            638 ;	skipping iCode since result will be rematerialized
                            639 ;	skipping iCode since result will be rematerialized
                            640 ;	skipping iCode since result will be rematerialized
                            641 ;	skipping iCode since result will be rematerialized
                            642 ;	genIpush
                            643 ;	genMove_o size 2 result type 2 source type 1 a_dead 1 hl_dead 1 de_dead 1 iy_dead 1 f_dead 1
   01C4 21 A8 00      [10]  644 	ld	hl, #0x00a8
   01C7 E5            [11]  645 	push	hl
                            646 ;	genIpush
                            647 ;	genMove_o size 2 result type 2 source type 7 a_dead 1 hl_dead 1 de_dead 1 iy_dead 1 f_dead 1
   01C8 21r58s02      [10]  648 	ld	hl, #___str_2
   01CB E5            [11]  649 	push	hl
                            650 ;	genSend
                            651 ;	genMove_o size 2 result type 2 source type 7 a_dead 1 hl_dead 1 de_dead 1 iy_dead 1 f_dead 1
   01CC 11r2Bs02      [10]  652 	ld	de, #___str_1
                            653 ;	genSend
                            654 ;	genMove_o size 2 result type 2 source type 7 a_dead 1 hl_dead 1 de_dead 0 iy_dead 1 f_dead 1
   01CF 21r1As02      [10]  655 	ld	hl, #___str_0
                            656 ;	genCall
   01D2 CDr00s00      [17]  657 	call	___fail
                            658 ;	genLabel
   01D5                     659 00128$:
                            660 ;cases/bitfields-checks/bitfields-checks_struct_1_varType_3_bit_2.c:170: AS_UINT8(volatileBits) = 0xFF;
                            661 ;	skipping iCode since result will be rematerialized
                            662 ;	genPointerSet
                            663 ;	genMove_o size 1 result type 6 source type 1 a_dead 1 hl_dead 1 de_dead 1 iy_dead 1 f_dead 1
   01D5 DD 36 FE FF   [19]  664 	ld	-2 (ix), #0xff
                            665 ;cases/bitfields-checks/bitfields-checks_struct_1_varType_3_bit_2.c:171: volatileBits.bitToTest ^= 1;
                            666 ;	skipping iCode since result will be rematerialized
                            667 ;	genAddrOf
   01D9 21 00 00      [10]  668 	ld	hl, #0
   01DC 39            [11]  669 	add	hl, sp
                            670 ;	genPointerGet
                            671 ;fetchPairLong
   01DD 7E            [ 7]  672 	ld	a, (hl)
   01DE 0F            [ 4]  673 	rrca
   01DF 0F            [ 4]  674 	rrca
   01E0 E6 01         [ 7]  675 	and	a, #0x01
                            676 ;	genXor
   01E2 EE 01         [ 7]  677 	xor	a, #0x01
                            678 ;	genMove_o size 1 result type 2 source type 2 a_dead 1 hl_dead 1 de_dead 1 iy_dead 1 f_dead 1
                            679 ;	genPointerSet
                            680 ;	genMove_o size 2 result type 2 source type 8 a_dead 0 hl_dead 1 de_dead 1 iy_dead 1 f_dead 1
   01E4 21 00 00      [10]  681 	ld	hl, #0
   01E7 39            [11]  682 	add	hl, sp
                            683 ;	genMove_o size 2 result type 2 source type 2 a_dead 0 hl_dead 1 de_dead 1 iy_dead 1 f_dead 1
   01E8 07            [ 4]  684 	rlca
   01E9 07            [ 4]  685 	rlca
   01EA E6 04         [ 7]  686 	and	a, #0x04
   01EC 4F            [ 4]  687 	ld	c, a
   01ED 7E            [ 7]  688 	ld	a, (hl)
   01EE E6 FB         [ 7]  689 	and	a, #0xfb
   01F0 B1            [ 4]  690 	or	a, c
   01F1 77            [ 7]  691 	ld	(hl), a
                            692 ;cases/bitfields-checks/bitfields-checks_struct_1_varType_3_bit_2.c:172: ASSERT(AS_UINT8(volatileBits) == (uint8_t)(~(1 << BIT_TO_TEST)));
                            693 ;	genPlus
                            694 ;	genMove_o size 2 result type 2 source type 10 a_dead 1 hl_dead 1 de_dead 1 iy_dead 1 f_dead 1
   01F2 2Ar00s00      [16]  695 	ld	hl, (___numTests)
   01F5 23            [ 6]  696 	inc	hl
                            697 ;	genMove_o size 2 result type 10 source type 2 a_dead 1 hl_dead 1 de_dead 1 iy_dead 1 f_dead 1
   01F6 22r00s00      [16]  698 	ld	(___numTests), hl
                            699 ;	skipping iCode since result will be rematerialized
                            700 ;	genPointerGet
                            701 ;	genMove_o size 1 result type 2 source type 6 a_dead 1 hl_dead 1 de_dead 1 iy_dead 1 f_dead 1
   01F9 DD 7E FE      [19]  702 	ld	a, -2 (ix)
                            703 ;	genMove_o size 0 result type 2 source type 1 a_dead 1 hl_dead 1 de_dead 1 iy_dead 1 f_dead 1
                            704 ;	genCmpEq
   01FC FE FB         [ 7]  705 	cp	a, #0xfb
                            706 ; common peephole 163 changed absolute to relative conditional jump.
   01FE 28 11         [12]  707 	jr	z, 00130$
                            708 ; common peephole 81 removed jp by using inverse jump logic
                            709 ; common peephole 159 removed unused label 00249$.
                            710 ;	skipping generated iCode
                            711 ;	skipping iCode since result will be rematerialized
                            712 ;	skipping iCode since result will be rematerialized
                            713 ;	skipping iCode since result will be rematerialized
                            714 ;	skipping iCode since result will be rematerialized
                            715 ;	skipping iCode since result will be rematerialized
                            716 ;	skipping iCode since result will be rematerialized
                            717 ;	genIpush
                            718 ;	genMove_o size 2 result type 2 source type 1 a_dead 1 hl_dead 1 de_dead 1 iy_dead 1 f_dead 1
   0200 21 AC 00      [10]  719 	ld	hl, #0x00ac
   0203 E5            [11]  720 	push	hl
                            721 ;	genIpush
                            722 ;	genMove_o size 2 result type 2 source type 7 a_dead 1 hl_dead 1 de_dead 1 iy_dead 1 f_dead 1
   0204 21r58s02      [10]  723 	ld	hl, #___str_2
   0207 E5            [11]  724 	push	hl
                            725 ;	genSend
                            726 ;	genMove_o size 2 result type 2 source type 7 a_dead 1 hl_dead 1 de_dead 1 iy_dead 1 f_dead 1
   0208 11rB8s02      [10]  727 	ld	de, #___str_5
                            728 ;	genSend
                            729 ;	genMove_o size 2 result type 2 source type 7 a_dead 1 hl_dead 1 de_dead 0 iy_dead 1 f_dead 1
   020B 21r1As02      [10]  730 	ld	hl, #___str_0
                            731 ;	genCall
   020E CDr00s00      [17]  732 	call	___fail
                            733 ;	genLabel
   0211                     734 00130$:
                            735 ;cases/bitfields-checks/bitfields-checks_struct_1_varType_3_bit_2.c:174: AS_UINT8(volatileBits) = 0x00; // keep it to keep environment of all assert calls the same way
                            736 ;	skipping iCode since result will be rematerialized
                            737 ;	genPointerSet
                            738 ;	genMove_o size 1 result type 6 source type 1 a_dead 1 hl_dead 1 de_dead 1 iy_dead 1 f_dead 1
   0211 DD 36 FE 00   [19]  739 	ld	-2 (ix), #0x00
                            740 ;	genLabel
                            741 ; common peephole 159 removed unused label 00105$.
                            742 ;cases/bitfields-checks/bitfields-checks_struct_1_varType_3_bit_2.c:175: }
                            743 ;	genEndFunction
   0215 DD F9         [10]  744 	ld	sp, ix
   0217 DD E1         [14]  745 	pop	ix
   0219 C9            [10]  746 	ret
                            747 ;	Total bit_test_byte function size at codegen: 17 bytes.
   021A                     748 ___str_0:
   021A 41 73 73 65 72 74   749 	.ascii "Assertion failed"
        69 6F 6E 20 66 61
        69 6C 65 64
   022A 00                  750 	.db 0x00
   022B                     751 ___str_1:
   022B 41 53 5F 55 49 4E   752 	.ascii "AS_UINT8(volatileBits) == (1 << BIT_TO_TEST)"
        54 38 28 76 6F 6C
        61 74 69 6C 65 42
        69 74 73 29 20 3D
        3D 20 28 31 20 3C
        3C 20 42 49 54 5F
        54 4F 5F 54 45 53
        54 29
   0257 00                  753 	.db 0x00
   0258                     754 ___str_2:
   0258 63 61 73 65 73 2F   755 	.ascii "cases/bitfields-checks/bitfields-checks_struct_1_varType_3_b"
        62 69 74 66 69 65
        6C 64 73 2D 63 68
        65 63 6B 73 2F 62
        69 74 66 69 65 6C
        64 73 2D 63 68 65
        63 6B 73 5F 73 74
        72 75 63 74 5F 31
        5F 76 61 72 54 79
        70 65 5F 33 5F 62
   0294 69 74 5F 32 2E 63   756 	.ascii "it_2.c"
   029A 00                  757 	.db 0x00
   029B                     758 ___str_3:
   029B 76 6F 6C 61 74 69   759 	.ascii "volatileBits.bitToTest"
        6C 65 42 69 74 73
        2E 62 69 74 54 6F
        54 65 73 74
   02B1 00                  760 	.db 0x00
   02B2                     761 ___str_4:
   02B2 64 75 6D 6D 79      762 	.ascii "dummy"
   02B7 00                  763 	.db 0x00
   02B8                     764 ___str_5:
   02B8 41 53 5F 55 49 4E   765 	.ascii "AS_UINT8(volatileBits) == (uint8_t)(~(1 << BIT_TO_TEST))"
        54 38 28 76 6F 6C
        61 74 69 6C 65 42
        69 74 73 29 20 3D
        3D 20 28 75 69 6E
        74 38 5F 74 29 28
        7E 28 31 20 3C 3C
        20 42 49 54 5F 54
        4F 5F 54 45 53 54
        29 29
   02F0 00                  766 	.db 0x00
   02F1                     767 ___str_6:
   02F1 21 76 6F 6C 61 74   768 	.ascii "!volatileBits.bitToTest"
        69 6C 65 42 69 74
        73 2E 62 69 74 54
        6F 54 65 73 74
   0308 00                  769 	.db 0x00
   0309                     770 ___str_7:
   0309 41 53 5F 55 49 4E   771 	.ascii "AS_UINT8(volatileBits) == 0xFF"
        54 38 28 76 6F 6C
        61 74 69 6C 65 42
        69 74 73 29 20 3D
        3D 20 30 78 46 46
   0327 00                  772 	.db 0x00
   0328                     773 ___str_8:
   0328 41 53 5F 55 49 4E   774 	.ascii "AS_UINT8(volatileBits) == 0x00"
        54 38 28 76 6F 6C
        61 74 69 6C 65 42
        69 74 73 29 20 3D
        3D 20 30 78 30 30
   0346 00                  775 	.db 0x00
                            776 ;cases/bitfields-checks/bitfields-checks_struct_1_varType_3_bit_2.c:231: testBitfieldsChecks(void)
                            777 ;	genLabel
                            778 ;	genFunction
                            779 ;	---------------------------------
                            780 ; Function testBitfieldsChecks
                            781 ; ---------------------------------
                            782 ;	Register assignment is optimal.
                            783 ; Stack space usage: 0 bytes.
   0347                     784 _testBitfieldsChecks:
                            785 ;cases/bitfields-checks/bitfields-checks_struct_1_varType_3_bit_2.c:234: bit_test_byte();
                            786 ;	genCall
                            787 ;	genLabel
                            788 ; common peephole 159 removed unused label 00101$.
                            789 ;cases/bitfields-checks/bitfields-checks_struct_1_varType_3_bit_2.c:236: }
                            790 ;	genEndFunction
   0347 C3r00s00      [10]  791 	jp	_bit_test_byte
                            792 ; common peephole 152 removed unused ret.
                            793 ;	Total testBitfieldsChecks function size at codegen: 1 bytes.
                            794 ;cases/bitfields-checks/bitfields-checks_struct_1_varType_3_bit_2.c:240: __runSuite(void)
                            795 ;	genLabel
                            796 ;	genFunction
                            797 ;	---------------------------------
                            798 ; Function __runSuite
                            799 ; ---------------------------------
                            800 ;	Register assignment is optimal.
                            801 ; Stack space usage: 0 bytes.
   034A                     802 ___runSuite::
                            803 ;cases/bitfields-checks/bitfields-checks_struct_1_varType_3_bit_2.c:242: __prints("Running testBitfieldsChecks\n");
                            804 ;	skipping iCode since result will be rematerialized
                            805 ;	skipping iCode since result will be rematerialized
                            806 ;	genSend
                            807 ;	genMove_o size 2 result type 2 source type 7 a_dead 1 hl_dead 1 de_dead 1 iy_dead 1 f_dead 1
   034A 21r53s03      [10]  808 	ld	hl, #___str_9
                            809 ;	genCall
   034D CDr00s00      [17]  810 	call	___prints
                            811 ;cases/bitfields-checks/bitfields-checks_struct_1_varType_3_bit_2.c:243: testBitfieldsChecks();
                            812 ;	genCall
                            813 ;	genLabel
                            814 ; common peephole 159 removed unused label 00101$.
                            815 ;cases/bitfields-checks/bitfields-checks_struct_1_varType_3_bit_2.c:244: }
                            816 ;	genEndFunction
   0350 C3r47s03      [10]  817 	jp	_testBitfieldsChecks
                            818 ; common peephole 152 removed unused ret.
                            819 ;	Total __runSuite function size at codegen: 1 bytes.
   0353                     820 ___str_9:
   0353 52 75 6E 6E 69 6E   821 	.ascii "Running testBitfieldsChecks"
        67 20 74 65 73 74
        42 69 74 66 69 65
        6C 64 73 43 68 65
        63 6B 73
   036E 0A                  822 	.db 0x0a
   036F 00                  823 	.db 0x00
                            824 ;cases/bitfields-checks/bitfields-checks_struct_1_varType_3_bit_2.c:249: __getSuiteName(void)
                            825 ;	genLabel
                            826 ;	genFunction
                            827 ;	---------------------------------
                            828 ; Function __getSuiteName
                            829 ; ---------------------------------
                            830 ;	Register assignment is optimal.
                            831 ; Stack space usage: 0 bytes.
   0370                     832 ___getSuiteName::
                            833 ;cases/bitfields-checks/bitfields-checks_struct_1_varType_3_bit_2.c:251: return "bitfields-checks_struct_1_varType_3_bit_2";
                            834 ;	skipping iCode since result will be rematerialized
                            835 ;	skipping iCode since result will be rematerialized
                            836 ;	genRet
                            837 ;	genMove_o size 2 result type 2 source type 7 a_dead 1 hl_dead 1 de_dead 1 iy_dead 1 f_dead 1
   0370 11r76s03      [10]  838 	ld	de, #___str_10
                            839 ;	genLabel
                            840 ; common peephole 159 removed unused label 00101$.
                            841 ;cases/bitfields-checks/bitfields-checks_struct_1_varType_3_bit_2.c:252: }
                            842 ;	genEndFunction
   0373 C9            [10]  843 	ret
                            844 ;	Total __getSuiteName function size at codegen: 1 bytes.
   0374                     845 ___numCases:
   0374 01 00               846 	.dw #0x0001
   0376                     847 ___str_10:
   0376 62 69 74 66 69 65   848 	.ascii "bitfields-checks_struct_1_varType_3_bit_2"
        6C 64 73 2D 63 68
        65 63 6B 73 5F 73
        74 72 75 63 74 5F
        31 5F 76 61 72 54
        79 70 65 5F 33 5F
        62 69 74 5F 32
   039F 00                  849 	.db 0x00
                            850 	.area _CODE (BANK=_CSEG)
                            851 	.area _INITIALIZER
                            852 	.area _CABS (ABS)
