                              1 ;--------------------------------------------------------
                              2 ; File Created by SDCC : free open source ISO C Compiler
                              3 ; Version 4.6.2 #16710 (Linux)
                              4 ;--------------------------------------------------------
                              5 	.module bitfields_checks_struct_1_varType_1_bit_7
                              6 	
                              7 ;--------------------------------------------------------
                              8 ; Public variables in this module
                              9 ;--------------------------------------------------------
                             10 	.globl _bit_test_byte
                             11 	.globl ___prints
                             12 	.globl ___fail
                             13 	.globl ___numCases
                             14 	.globl ___runSuite
                             15 	.globl ___getSuiteName
                             16 ;--------------------------------------------------------
                             17 ; special function registers
                             18 ;--------------------------------------------------------
                             19 ;--------------------------------------------------------
                             20 ; ram data
                             21 ;--------------------------------------------------------
                             22 	.area _DATA (BANK=_DSEG)
                             23 ;--------------------------------------------------------
                             24 ; ram data
                             25 ;--------------------------------------------------------
                             26 	.area _INITIALIZED
                             27 ;--------------------------------------------------------
                             28 ; absolute ram data
                             29 ;--------------------------------------------------------
                             30 	.area _DABS (ABS)
                             31 	.area _DABS (ABS)
                             32 ;--------------------------------------------------------
                             33 ; global & static initialisations
                             34 ;--------------------------------------------------------
                             35 	.area _HOME
                             36 	.area _GSINIT
                             37 	.area _GSFINAL
                             38 	.area _GSINIT
                             39 ;--------------------------------------------------------
                             40 ; Home
                             41 ;--------------------------------------------------------
                             42 	.area _HOME (BANK=_CSEG)
                             43 	.area _HOME (BANK=_CSEG)
                             44 ;--------------------------------------------------------
                             45 ; code
                             46 ;--------------------------------------------------------
                             47 	.area _CODE (BANK=_CSEG)
                             48 ;cases/bitfields-checks/bitfields-checks_struct_1_varType_1_bit_7.c:131: bit_test_byte(void)
                             49 ;	genLabel
                             50 ;	genFunction
                             51 ;	---------------------------------
                             52 ; Function bit_test_byte
                             53 ; ---------------------------------
                             54 ;	Register assignment might be sub-optimal.
                             55 ; Stack space usage: 1 bytes.
   0000                      56 _bit_test_byte::
   0000 DD E5         [15]   57 	push	ix
   0002 DD 21 00 00   [14]   58 	ld	ix,	#0
   0006 DD 39         [15]   59 	add	ix, sp
                             60 ;	adjustStack by -1
   0008 3B            [ 6]   61 	dec	sp
                             62 ;cases/bitfields-checks/bitfields-checks_struct_1_varType_1_bit_7.c:136: AS_UINT8(volatileBits) = 1 << BIT_TO_TEST;
                             63 ;	genPointerSet
                             64 ;	genMove_o size 2 result type 2 source type 1 a_dead 1 hl_dead 1 de_dead 1 iy_dead 1 f_dead 1
   0009 21 00 CA      [10]   65 	ld	hl, #0xca00
   000C 36 80         [10]   66 	ld	(hl), #0x80
                             67 ;cases/bitfields-checks/bitfields-checks_struct_1_varType_1_bit_7.c:137: ASSERT(AS_UINT8(volatileBits) == (1 << BIT_TO_TEST));
                             68 ;	genPlus
                             69 ;	genMove_o size 2 result type 2 source type 10 a_dead 1 hl_dead 1 de_dead 1 iy_dead 1 f_dead 1
   000E 2Ar00s00      [16]   70 	ld	hl, (___numTests)
   0011 23            [ 6]   71 	inc	hl
                             72 ;	genMove_o size 2 result type 10 source type 2 a_dead 1 hl_dead 1 de_dead 1 iy_dead 1 f_dead 1
   0012 22r00s00      [16]   73 	ld	(___numTests), hl
                             74 ;	genPointerGet
   0015 3A 00 CA      [13]   75 	ld	a, (#0xca00)
                             76 ;	genCmpEq
   0018 FE 80         [ 7]   77 	cp	a, #0x80
                             78 ; common peephole 163 changed absolute to relative conditional jump.
   001A 28 11         [12]   79 	jr	z, 00108$
                             80 ; common peephole 81 removed jp by using inverse jump logic
                             81 ; common peephole 159 removed unused label 00243$.
                             82 ;	skipping generated iCode
                             83 ;	skipping iCode since result will be rematerialized
                             84 ;	skipping iCode since result will be rematerialized
                             85 ;	skipping iCode since result will be rematerialized
                             86 ;	skipping iCode since result will be rematerialized
                             87 ;	skipping iCode since result will be rematerialized
                             88 ;	skipping iCode since result will be rematerialized
                             89 ;	genIpush
                             90 ;	genMove_o size 2 result type 2 source type 1 a_dead 1 hl_dead 1 de_dead 1 iy_dead 1 f_dead 1
   001C 21 89 00      [10]   91 	ld	hl, #0x0089
   001F E5            [11]   92 	push	hl
                             93 ;	genIpush
                             94 ;	genMove_o size 2 result type 2 source type 7 a_dead 1 hl_dead 1 de_dead 1 iy_dead 1 f_dead 1
   0020 21r31s02      [10]   95 	ld	hl, #___str_2
   0023 E5            [11]   96 	push	hl
                             97 ;	genSend
                             98 ;	genMove_o size 2 result type 2 source type 7 a_dead 1 hl_dead 1 de_dead 1 iy_dead 1 f_dead 1
   0024 11r04s02      [10]   99 	ld	de, #___str_1
                            100 ;	genSend
                            101 ;	genMove_o size 2 result type 2 source type 7 a_dead 1 hl_dead 1 de_dead 0 iy_dead 1 f_dead 1
   0027 21rF3s01      [10]  102 	ld	hl, #___str_0
                            103 ;	genCall
   002A CDr00s00      [17]  104 	call	___fail
                            105 ;	genLabel
   002D                     106 00108$:
                            107 ;cases/bitfields-checks/bitfields-checks_struct_1_varType_1_bit_7.c:138: ASSERT(volatileBits.bitToTest);
                            108 ;	genPlus
                            109 ;	genMove_o size 2 result type 2 source type 10 a_dead 1 hl_dead 1 de_dead 1 iy_dead 1 f_dead 1
   002D 2Ar00s00      [16]  110 	ld	hl, (___numTests)
   0030 23            [ 6]  111 	inc	hl
                            112 ;	genMove_o size 2 result type 10 source type 2 a_dead 1 hl_dead 1 de_dead 1 iy_dead 1 f_dead 1
   0031 22r00s00      [16]  113 	ld	(___numTests), hl
                            114 ;	genPointerGet
   0034 3A 00 CA      [13]  115 	ld	a, (#0xca00)
                            116 ;	genIfx
                            117 ; common peephole 100 removed redundant or after and.
                            118 ; common peephole 90b removed and by changing jump condition.
   0037 07            [ 4]  119 	rlca
                            120 ; common peephole 163 changed absolute to relative conditional jump.
   0038 38 11         [12]  121 	jr	c, 00110$
                            122 ;	skipping iCode since result will be rematerialized
                            123 ;	skipping iCode since result will be rematerialized
                            124 ;	skipping iCode since result will be rematerialized
                            125 ;	skipping iCode since result will be rematerialized
                            126 ;	skipping iCode since result will be rematerialized
                            127 ;	skipping iCode since result will be rematerialized
                            128 ;	genIpush
                            129 ;	genMove_o size 2 result type 2 source type 1 a_dead 1 hl_dead 1 de_dead 1 iy_dead 1 f_dead 1
   003A 21 8A 00      [10]  130 	ld	hl, #0x008a
   003D E5            [11]  131 	push	hl
                            132 ;	genIpush
                            133 ;	genMove_o size 2 result type 2 source type 7 a_dead 1 hl_dead 1 de_dead 1 iy_dead 1 f_dead 1
   003E 21r31s02      [10]  134 	ld	hl, #___str_2
   0041 E5            [11]  135 	push	hl
                            136 ;	genSend
                            137 ;	genMove_o size 2 result type 2 source type 7 a_dead 1 hl_dead 1 de_dead 1 iy_dead 1 f_dead 1
   0042 11r74s02      [10]  138 	ld	de, #___str_3
                            139 ;	genSend
                            140 ;	genMove_o size 2 result type 2 source type 7 a_dead 1 hl_dead 1 de_dead 0 iy_dead 1 f_dead 1
   0045 21rF3s01      [10]  141 	ld	hl, #___str_0
                            142 ;	genCall
   0048 CDr00s00      [17]  143 	call	___fail
                            144 ;	genLabel
   004B                     145 00110$:
                            146 ;cases/bitfields-checks/bitfields-checks_struct_1_varType_1_bit_7.c:139: dummy = 0;
                            147 ;	genAssign
                            148 ;	genMove_o size 1 result type 6 source type 1 a_dead 1 hl_dead 1 de_dead 1 iy_dead 1 f_dead 1
   004B DD 36 FF 00   [19]  149 	ld	-1 (ix), #0x00
                            150 ;cases/bitfields-checks/bitfields-checks_struct_1_varType_1_bit_7.c:140: if(volatileBits.bitToTest) dummy = 1;
                            151 ;	genPointerGet
   004F 3A 00 CA      [13]  152 	ld	a, (#0xca00)
                            153 ;	genIfx
                            154 ; common peephole 100 removed redundant or after and.
   0052 07            [ 4]  155 	rlca
                            156 ; common peephole 90a removed and by changing jump condition.
                            157 ; common peephole 163 changed absolute to relative conditional jump.
   0053 30 04         [12]  158 	jr	nc, 00102$
                            159 ;	genAssign
                            160 ;	genMove_o size 1 result type 6 source type 1 a_dead 1 hl_dead 1 de_dead 1 iy_dead 1 f_dead 1
   0055 DD 36 FF 01   [19]  161 	ld	-1 (ix), #0x01
                            162 ;	genLabel
   0059                     163 00102$:
                            164 ;cases/bitfields-checks/bitfields-checks_struct_1_varType_1_bit_7.c:141: ASSERT(dummy);
                            165 ;	genPlus
                            166 ;	genMove_o size 2 result type 2 source type 10 a_dead 1 hl_dead 1 de_dead 1 iy_dead 1 f_dead 1
   0059 2Ar00s00      [16]  167 	ld	hl, (___numTests)
   005C 23            [ 6]  168 	inc	hl
                            169 ;	genMove_o size 2 result type 10 source type 2 a_dead 1 hl_dead 1 de_dead 1 iy_dead 1 f_dead 1
   005D 22r00s00      [16]  170 	ld	(___numTests), hl
                            171 ;	genIfx
   0060 DD 7E FF      [19]  172 	ld	a, -1 (ix)
   0063 B7            [ 4]  173 	or	a, a
                            174 ; common peephole 163 changed absolute to relative conditional jump.
   0064 20 11         [12]  175 	jr	nz, 00112$
                            176 ;	skipping iCode since result will be rematerialized
                            177 ;	skipping iCode since result will be rematerialized
                            178 ;	skipping iCode since result will be rematerialized
                            179 ;	skipping iCode since result will be rematerialized
                            180 ;	skipping iCode since result will be rematerialized
                            181 ;	skipping iCode since result will be rematerialized
                            182 ;	genIpush
                            183 ;	genMove_o size 2 result type 2 source type 1 a_dead 1 hl_dead 1 de_dead 1 iy_dead 1 f_dead 1
   0066 21 8D 00      [10]  184 	ld	hl, #0x008d
   0069 E5            [11]  185 	push	hl
                            186 ;	genIpush
                            187 ;	genMove_o size 2 result type 2 source type 7 a_dead 1 hl_dead 1 de_dead 1 iy_dead 1 f_dead 1
   006A 21r31s02      [10]  188 	ld	hl, #___str_2
   006D E5            [11]  189 	push	hl
                            190 ;	genSend
                            191 ;	genMove_o size 2 result type 2 source type 7 a_dead 1 hl_dead 1 de_dead 1 iy_dead 1 f_dead 1
   006E 11r8Bs02      [10]  192 	ld	de, #___str_4
                            193 ;	genSend
                            194 ;	genMove_o size 2 result type 2 source type 7 a_dead 1 hl_dead 1 de_dead 0 iy_dead 1 f_dead 1
   0071 21rF3s01      [10]  195 	ld	hl, #___str_0
                            196 ;	genCall
   0074 CDr00s00      [17]  197 	call	___fail
                            198 ;	genLabel
   0077                     199 00112$:
                            200 ;cases/bitfields-checks/bitfields-checks_struct_1_varType_1_bit_7.c:143: AS_UINT8(volatileBits) = ~(1 << BIT_TO_TEST);
                            201 ;	genPointerSet
                            202 ;	genMove_o size 2 result type 2 source type 1 a_dead 1 hl_dead 1 de_dead 1 iy_dead 1 f_dead 1
   0077 21 00 CA      [10]  203 	ld	hl, #0xca00
   007A 36 7F         [10]  204 	ld	(hl), #0x7f
                            205 ;cases/bitfields-checks/bitfields-checks_struct_1_varType_1_bit_7.c:144: ASSERT(AS_UINT8(volatileBits) == (uint8_t)(~(1 << BIT_TO_TEST)));
                            206 ;	genPlus
                            207 ;	genMove_o size 2 result type 2 source type 10 a_dead 1 hl_dead 1 de_dead 1 iy_dead 1 f_dead 1
   007C 2Ar00s00      [16]  208 	ld	hl, (___numTests)
   007F 23            [ 6]  209 	inc	hl
                            210 ;	genMove_o size 2 result type 10 source type 2 a_dead 1 hl_dead 1 de_dead 1 iy_dead 1 f_dead 1
   0080 22r00s00      [16]  211 	ld	(___numTests), hl
                            212 ;	genPointerGet
   0083 3A 00 CA      [13]  213 	ld	a, (#0xca00)
                            214 ;	genCmpEq
   0086 FE 7F         [ 7]  215 	cp	a, #0x7f
                            216 ; common peephole 163 changed absolute to relative conditional jump.
   0088 28 11         [12]  217 	jr	z, 00114$
                            218 ; common peephole 81 removed jp by using inverse jump logic
                            219 ; common peephole 159 removed unused label 00244$.
                            220 ;	skipping generated iCode
                            221 ;	skipping iCode since result will be rematerialized
                            222 ;	skipping iCode since result will be rematerialized
                            223 ;	skipping iCode since result will be rematerialized
                            224 ;	skipping iCode since result will be rematerialized
                            225 ;	skipping iCode since result will be rematerialized
                            226 ;	skipping iCode since result will be rematerialized
                            227 ;	genIpush
                            228 ;	genMove_o size 2 result type 2 source type 1 a_dead 1 hl_dead 1 de_dead 1 iy_dead 1 f_dead 1
   008A 21 90 00      [10]  229 	ld	hl, #0x0090
   008D E5            [11]  230 	push	hl
                            231 ;	genIpush
                            232 ;	genMove_o size 2 result type 2 source type 7 a_dead 1 hl_dead 1 de_dead 1 iy_dead 1 f_dead 1
   008E 21r31s02      [10]  233 	ld	hl, #___str_2
   0091 E5            [11]  234 	push	hl
                            235 ;	genSend
                            236 ;	genMove_o size 2 result type 2 source type 7 a_dead 1 hl_dead 1 de_dead 1 iy_dead 1 f_dead 1
   0092 11r91s02      [10]  237 	ld	de, #___str_5
                            238 ;	genSend
                            239 ;	genMove_o size 2 result type 2 source type 7 a_dead 1 hl_dead 1 de_dead 0 iy_dead 1 f_dead 1
   0095 21rF3s01      [10]  240 	ld	hl, #___str_0
                            241 ;	genCall
   0098 CDr00s00      [17]  242 	call	___fail
                            243 ;	genLabel
   009B                     244 00114$:
                            245 ;cases/bitfields-checks/bitfields-checks_struct_1_varType_1_bit_7.c:145: ASSERT(!volatileBits.bitToTest);
                            246 ;	genPlus
                            247 ;	genMove_o size 2 result type 2 source type 10 a_dead 1 hl_dead 1 de_dead 1 iy_dead 1 f_dead 1
   009B 2Ar00s00      [16]  248 	ld	hl, (___numTests)
   009E 23            [ 6]  249 	inc	hl
                            250 ;	genMove_o size 2 result type 10 source type 2 a_dead 1 hl_dead 1 de_dead 1 iy_dead 1 f_dead 1
   009F 22r00s00      [16]  251 	ld	(___numTests), hl
                            252 ;	genPointerGet
   00A2 3A 00 CA      [13]  253 	ld	a, (#0xca00)
                            254 ;	genIfx
                            255 ; common peephole 100 removed redundant or after and.
   00A5 07            [ 4]  256 	rlca
                            257 ; common peephole 90a removed and by changing jump condition.
                            258 ; common peephole 163 changed absolute to relative conditional jump.
   00A6 30 11         [12]  259 	jr	nc, 00116$
                            260 ;	skipping iCode since result will be rematerialized
                            261 ;	skipping iCode since result will be rematerialized
                            262 ;	skipping iCode since result will be rematerialized
                            263 ;	skipping iCode since result will be rematerialized
                            264 ;	skipping iCode since result will be rematerialized
                            265 ;	skipping iCode since result will be rematerialized
                            266 ;	genIpush
                            267 ;	genMove_o size 2 result type 2 source type 1 a_dead 1 hl_dead 1 de_dead 1 iy_dead 1 f_dead 1
   00A8 21 91 00      [10]  268 	ld	hl, #0x0091
   00AB E5            [11]  269 	push	hl
                            270 ;	genIpush
                            271 ;	genMove_o size 2 result type 2 source type 7 a_dead 1 hl_dead 1 de_dead 1 iy_dead 1 f_dead 1
   00AC 21r31s02      [10]  272 	ld	hl, #___str_2
   00AF E5            [11]  273 	push	hl
                            274 ;	genSend
                            275 ;	genMove_o size 2 result type 2 source type 7 a_dead 1 hl_dead 1 de_dead 1 iy_dead 1 f_dead 1
   00B0 11rCAs02      [10]  276 	ld	de, #___str_6
                            277 ;	genSend
                            278 ;	genMove_o size 2 result type 2 source type 7 a_dead 1 hl_dead 1 de_dead 0 iy_dead 1 f_dead 1
   00B3 21rF3s01      [10]  279 	ld	hl, #___str_0
                            280 ;	genCall
   00B6 CDr00s00      [17]  281 	call	___fail
                            282 ;	genLabel
   00B9                     283 00116$:
                            284 ;cases/bitfields-checks/bitfields-checks_struct_1_varType_1_bit_7.c:146: dummy = 0;
                            285 ;	genAssign
                            286 ;	genMove_o size 1 result type 6 source type 1 a_dead 1 hl_dead 1 de_dead 1 iy_dead 1 f_dead 1
   00B9 DD 36 FF 00   [19]  287 	ld	-1 (ix), #0x00
                            288 ;cases/bitfields-checks/bitfields-checks_struct_1_varType_1_bit_7.c:147: if(!volatileBits.bitToTest) dummy = 1;
                            289 ;	genPointerGet
   00BD 3A 00 CA      [13]  290 	ld	a, (#0xca00)
                            291 ;	genIfx
                            292 ; common peephole 100 removed redundant or after and.
                            293 ; common peephole 90b removed and by changing jump condition.
   00C0 07            [ 4]  294 	rlca
                            295 ; common peephole 163 changed absolute to relative conditional jump.
   00C1 38 04         [12]  296 	jr	c, 00104$
                            297 ;	genAssign
                            298 ;	genMove_o size 1 result type 6 source type 1 a_dead 1 hl_dead 1 de_dead 1 iy_dead 1 f_dead 1
   00C3 DD 36 FF 01   [19]  299 	ld	-1 (ix), #0x01
                            300 ;	genLabel
   00C7                     301 00104$:
                            302 ;cases/bitfields-checks/bitfields-checks_struct_1_varType_1_bit_7.c:148: ASSERT(dummy);
                            303 ;	genPlus
                            304 ;	genMove_o size 2 result type 2 source type 10 a_dead 1 hl_dead 1 de_dead 1 iy_dead 1 f_dead 1
   00C7 2Ar00s00      [16]  305 	ld	hl, (___numTests)
   00CA 23            [ 6]  306 	inc	hl
                            307 ;	genMove_o size 2 result type 10 source type 2 a_dead 1 hl_dead 1 de_dead 1 iy_dead 1 f_dead 1
   00CB 22r00s00      [16]  308 	ld	(___numTests), hl
                            309 ;	genIfx
   00CE DD 7E FF      [19]  310 	ld	a, -1 (ix)
   00D1 B7            [ 4]  311 	or	a, a
                            312 ; common peephole 163 changed absolute to relative conditional jump.
   00D2 20 11         [12]  313 	jr	nz, 00118$
                            314 ;	skipping iCode since result will be rematerialized
                            315 ;	skipping iCode since result will be rematerialized
                            316 ;	skipping iCode since result will be rematerialized
                            317 ;	skipping iCode since result will be rematerialized
                            318 ;	skipping iCode since result will be rematerialized
                            319 ;	skipping iCode since result will be rematerialized
                            320 ;	genIpush
                            321 ;	genMove_o size 2 result type 2 source type 1 a_dead 1 hl_dead 1 de_dead 1 iy_dead 1 f_dead 1
   00D4 21 94 00      [10]  322 	ld	hl, #0x0094
   00D7 E5            [11]  323 	push	hl
                            324 ;	genIpush
                            325 ;	genMove_o size 2 result type 2 source type 7 a_dead 1 hl_dead 1 de_dead 1 iy_dead 1 f_dead 1
   00D8 21r31s02      [10]  326 	ld	hl, #___str_2
   00DB E5            [11]  327 	push	hl
                            328 ;	genSend
                            329 ;	genMove_o size 2 result type 2 source type 7 a_dead 1 hl_dead 1 de_dead 1 iy_dead 1 f_dead 1
   00DC 11r8Bs02      [10]  330 	ld	de, #___str_4
                            331 ;	genSend
                            332 ;	genMove_o size 2 result type 2 source type 7 a_dead 1 hl_dead 1 de_dead 0 iy_dead 1 f_dead 1
   00DF 21rF3s01      [10]  333 	ld	hl, #___str_0
                            334 ;	genCall
   00E2 CDr00s00      [17]  335 	call	___fail
                            336 ;	genLabel
   00E5                     337 00118$:
                            338 ;cases/bitfields-checks/bitfields-checks_struct_1_varType_1_bit_7.c:150: AS_UINT8(volatileBits) = 0x00;
                            339 ;	genPointerSet
                            340 ;	genMove_o size 2 result type 2 source type 1 a_dead 1 hl_dead 1 de_dead 1 iy_dead 1 f_dead 1
   00E5 21 00 CA      [10]  341 	ld	hl, #0xca00
   00E8 36 00         [10]  342 	ld	(hl), #0x00
                            343 ;cases/bitfields-checks/bitfields-checks_struct_1_varType_1_bit_7.c:151: volatileBits.bitToTest = 1;
                            344 ;	genAssign
                            345 ;	genMove_o size 2 result type 2 source type 1 a_dead 1 hl_dead 1 de_dead 1 iy_dead 1 f_dead 1
                            346 ;	genPointerSet
   00EA CB FE         [15]  347 	set	7, (hl)
                            348 ;cases/bitfields-checks/bitfields-checks_struct_1_varType_1_bit_7.c:152: ASSERT(AS_UINT8(volatileBits) == (1 << BIT_TO_TEST));
                            349 ;	genPlus
                            350 ;	genMove_o size 2 result type 2 source type 10 a_dead 1 hl_dead 1 de_dead 1 iy_dead 1 f_dead 1
   00EC 2Ar00s00      [16]  351 	ld	hl, (___numTests)
   00EF 23            [ 6]  352 	inc	hl
                            353 ;	genMove_o size 2 result type 10 source type 2 a_dead 1 hl_dead 1 de_dead 1 iy_dead 1 f_dead 1
   00F0 22r00s00      [16]  354 	ld	(___numTests), hl
                            355 ;	genPointerGet
   00F3 3A 00 CA      [13]  356 	ld	a, (#0xca00)
                            357 ;	genCmpEq
   00F6 FE 80         [ 7]  358 	cp	a, #0x80
                            359 ; common peephole 163 changed absolute to relative conditional jump.
   00F8 28 11         [12]  360 	jr	z, 00120$
                            361 ; common peephole 81 removed jp by using inverse jump logic
                            362 ; common peephole 159 removed unused label 00245$.
                            363 ;	skipping generated iCode
                            364 ;	skipping iCode since result will be rematerialized
                            365 ;	skipping iCode since result will be rematerialized
                            366 ;	skipping iCode since result will be rematerialized
                            367 ;	skipping iCode since result will be rematerialized
                            368 ;	skipping iCode since result will be rematerialized
                            369 ;	skipping iCode since result will be rematerialized
                            370 ;	genIpush
                            371 ;	genMove_o size 2 result type 2 source type 1 a_dead 1 hl_dead 1 de_dead 1 iy_dead 1 f_dead 1
   00FA 21 98 00      [10]  372 	ld	hl, #0x0098
   00FD E5            [11]  373 	push	hl
                            374 ;	genIpush
                            375 ;	genMove_o size 2 result type 2 source type 7 a_dead 1 hl_dead 1 de_dead 1 iy_dead 1 f_dead 1
   00FE 21r31s02      [10]  376 	ld	hl, #___str_2
   0101 E5            [11]  377 	push	hl
                            378 ;	genSend
                            379 ;	genMove_o size 2 result type 2 source type 7 a_dead 1 hl_dead 1 de_dead 1 iy_dead 1 f_dead 1
   0102 11r04s02      [10]  380 	ld	de, #___str_1
                            381 ;	genSend
                            382 ;	genMove_o size 2 result type 2 source type 7 a_dead 1 hl_dead 1 de_dead 0 iy_dead 1 f_dead 1
   0105 21rF3s01      [10]  383 	ld	hl, #___str_0
                            384 ;	genCall
   0108 CDr00s00      [17]  385 	call	___fail
                            386 ;	genLabel
   010B                     387 00120$:
                            388 ;cases/bitfields-checks/bitfields-checks_struct_1_varType_1_bit_7.c:154: AS_UINT8(volatileBits) = 0xFF;
                            389 ;	genPointerSet
                            390 ;	genMove_o size 2 result type 2 source type 1 a_dead 1 hl_dead 1 de_dead 1 iy_dead 1 f_dead 1
   010B 21 00 CA      [10]  391 	ld	hl, #0xca00
   010E 36 FF         [10]  392 	ld	(hl), #0xff
                            393 ;cases/bitfields-checks/bitfields-checks_struct_1_varType_1_bit_7.c:155: volatileBits.bitToTest = 1;
                            394 ;	genAssign
                            395 ;	genMove_o size 2 result type 2 source type 1 a_dead 1 hl_dead 1 de_dead 1 iy_dead 1 f_dead 1
                            396 ;	genPointerSet
   0110 CB FE         [15]  397 	set	7, (hl)
                            398 ;cases/bitfields-checks/bitfields-checks_struct_1_varType_1_bit_7.c:156: ASSERT(AS_UINT8(volatileBits) == 0xFF);
                            399 ;	genPlus
                            400 ;	genMove_o size 2 result type 2 source type 10 a_dead 1 hl_dead 1 de_dead 1 iy_dead 1 f_dead 1
   0112 2Ar00s00      [16]  401 	ld	hl, (___numTests)
   0115 23            [ 6]  402 	inc	hl
                            403 ;	genMove_o size 2 result type 10 source type 2 a_dead 1 hl_dead 1 de_dead 1 iy_dead 1 f_dead 1
   0116 22r00s00      [16]  404 	ld	(___numTests), hl
                            405 ;	genPointerGet
                            406 ;fetchPairLong
   0119 21 00 CA      [10]  407 	ld	hl, #0xca00
                            408 ;	_moveFrom_tpair_()
   011C 4E            [ 7]  409 	ld	c, (hl)
                            410 ;	genCmpEq
   011D 0C            [ 4]  411 	inc	c
                            412 ; common peephole 163 changed absolute to relative conditional jump.
   011E 28 11         [12]  413 	jr	z, 00122$
                            414 ; common peephole 81 removed jp by using inverse jump logic
                            415 ; common peephole 159 removed unused label 00246$.
                            416 ;	skipping generated iCode
                            417 ;	skipping iCode since result will be rematerialized
                            418 ;	skipping iCode since result will be rematerialized
                            419 ;	skipping iCode since result will be rematerialized
                            420 ;	skipping iCode since result will be rematerialized
                            421 ;	skipping iCode since result will be rematerialized
                            422 ;	skipping iCode since result will be rematerialized
                            423 ;	genIpush
                            424 ;	genMove_o size 2 result type 2 source type 1 a_dead 1 hl_dead 1 de_dead 1 iy_dead 1 f_dead 1
   0120 21 9C 00      [10]  425 	ld	hl, #0x009c
   0123 E5            [11]  426 	push	hl
                            427 ;	genIpush
                            428 ;	genMove_o size 2 result type 2 source type 7 a_dead 1 hl_dead 1 de_dead 1 iy_dead 1 f_dead 1
   0124 21r31s02      [10]  429 	ld	hl, #___str_2
   0127 E5            [11]  430 	push	hl
                            431 ;	genSend
                            432 ;	genMove_o size 2 result type 2 source type 7 a_dead 1 hl_dead 1 de_dead 1 iy_dead 1 f_dead 1
   0128 11rE2s02      [10]  433 	ld	de, #___str_7
                            434 ;	genSend
                            435 ;	genMove_o size 2 result type 2 source type 7 a_dead 1 hl_dead 1 de_dead 0 iy_dead 1 f_dead 1
   012B 21rF3s01      [10]  436 	ld	hl, #___str_0
                            437 ;	genCall
   012E CDr00s00      [17]  438 	call	___fail
                            439 ;	genLabel
   0131                     440 00122$:
                            441 ;cases/bitfields-checks/bitfields-checks_struct_1_varType_1_bit_7.c:158: AS_UINT8(volatileBits) = 0x00;
                            442 ;	genPointerSet
                            443 ;	genMove_o size 2 result type 2 source type 1 a_dead 1 hl_dead 1 de_dead 1 iy_dead 1 f_dead 1
   0131 21 00 CA      [10]  444 	ld	hl, #0xca00
   0134 36 00         [10]  445 	ld	(hl), #0x00
                            446 ;cases/bitfields-checks/bitfields-checks_struct_1_varType_1_bit_7.c:159: volatileBits.bitToTest = 0;
                            447 ;	genAssign
                            448 ;	genMove_o size 2 result type 2 source type 1 a_dead 1 hl_dead 1 de_dead 1 iy_dead 1 f_dead 1
                            449 ;	genPointerSet
   0136 CB BE         [15]  450 	res	7, (hl)
                            451 ;cases/bitfields-checks/bitfields-checks_struct_1_varType_1_bit_7.c:160: ASSERT(AS_UINT8(volatileBits) == 0x00);
                            452 ;	genPlus
                            453 ;	genMove_o size 2 result type 2 source type 10 a_dead 1 hl_dead 1 de_dead 1 iy_dead 1 f_dead 1
   0138 2Ar00s00      [16]  454 	ld	hl, (___numTests)
   013B 23            [ 6]  455 	inc	hl
                            456 ;	genMove_o size 2 result type 10 source type 2 a_dead 1 hl_dead 1 de_dead 1 iy_dead 1 f_dead 1
   013C 22r00s00      [16]  457 	ld	(___numTests), hl
                            458 ;	genPointerGet
   013F 3A 00 CA      [13]  459 	ld	a, (#0xca00)
                            460 ;	genIfx
   0142 B7            [ 4]  461 	or	a, a
                            462 ; common peephole 163 changed absolute to relative conditional jump.
   0143 28 11         [12]  463 	jr	z, 00124$
                            464 ;	skipping iCode since result will be rematerialized
                            465 ;	skipping iCode since result will be rematerialized
                            466 ;	skipping iCode since result will be rematerialized
                            467 ;	skipping iCode since result will be rematerialized
                            468 ;	skipping iCode since result will be rematerialized
                            469 ;	skipping iCode since result will be rematerialized
                            470 ;	genIpush
                            471 ;	genMove_o size 2 result type 2 source type 1 a_dead 1 hl_dead 1 de_dead 1 iy_dead 1 f_dead 1
   0145 21 A0 00      [10]  472 	ld	hl, #0x00a0
   0148 E5            [11]  473 	push	hl
                            474 ;	genIpush
                            475 ;	genMove_o size 2 result type 2 source type 7 a_dead 1 hl_dead 1 de_dead 1 iy_dead 1 f_dead 1
   0149 21r31s02      [10]  476 	ld	hl, #___str_2
   014C E5            [11]  477 	push	hl
                            478 ;	genSend
                            479 ;	genMove_o size 2 result type 2 source type 7 a_dead 1 hl_dead 1 de_dead 1 iy_dead 1 f_dead 1
   014D 11r01s03      [10]  480 	ld	de, #___str_8
                            481 ;	genSend
                            482 ;	genMove_o size 2 result type 2 source type 7 a_dead 1 hl_dead 1 de_dead 0 iy_dead 1 f_dead 1
   0150 21rF3s01      [10]  483 	ld	hl, #___str_0
                            484 ;	genCall
   0153 CDr00s00      [17]  485 	call	___fail
                            486 ;	genLabel
   0156                     487 00124$:
                            488 ;cases/bitfields-checks/bitfields-checks_struct_1_varType_1_bit_7.c:162: AS_UINT8(volatileBits) = 0xFF;
                            489 ;	genPointerSet
                            490 ;	genMove_o size 2 result type 2 source type 1 a_dead 1 hl_dead 1 de_dead 1 iy_dead 1 f_dead 1
   0156 21 00 CA      [10]  491 	ld	hl, #0xca00
   0159 36 FF         [10]  492 	ld	(hl), #0xff
                            493 ;cases/bitfields-checks/bitfields-checks_struct_1_varType_1_bit_7.c:163: volatileBits.bitToTest = 0;
                            494 ;	genAssign
                            495 ;	genMove_o size 2 result type 2 source type 1 a_dead 1 hl_dead 1 de_dead 1 iy_dead 1 f_dead 1
                            496 ;	genPointerSet
   015B CB BE         [15]  497 	res	7, (hl)
                            498 ;cases/bitfields-checks/bitfields-checks_struct_1_varType_1_bit_7.c:164: ASSERT(AS_UINT8(volatileBits) == (uint8_t)(~(1 << BIT_TO_TEST)));
                            499 ;	genPlus
                            500 ;	genMove_o size 2 result type 2 source type 10 a_dead 1 hl_dead 1 de_dead 1 iy_dead 1 f_dead 1
   015D 2Ar00s00      [16]  501 	ld	hl, (___numTests)
   0160 23            [ 6]  502 	inc	hl
                            503 ;	genMove_o size 2 result type 10 source type 2 a_dead 1 hl_dead 1 de_dead 1 iy_dead 1 f_dead 1
   0161 22r00s00      [16]  504 	ld	(___numTests), hl
                            505 ;	genPointerGet
   0164 3A 00 CA      [13]  506 	ld	a, (#0xca00)
                            507 ;	genCmpEq
   0167 FE 7F         [ 7]  508 	cp	a, #0x7f
                            509 ; common peephole 163 changed absolute to relative conditional jump.
   0169 28 11         [12]  510 	jr	z, 00126$
                            511 ; common peephole 81 removed jp by using inverse jump logic
                            512 ; common peephole 159 removed unused label 00247$.
                            513 ;	skipping generated iCode
                            514 ;	skipping iCode since result will be rematerialized
                            515 ;	skipping iCode since result will be rematerialized
                            516 ;	skipping iCode since result will be rematerialized
                            517 ;	skipping iCode since result will be rematerialized
                            518 ;	skipping iCode since result will be rematerialized
                            519 ;	skipping iCode since result will be rematerialized
                            520 ;	genIpush
                            521 ;	genMove_o size 2 result type 2 source type 1 a_dead 1 hl_dead 1 de_dead 1 iy_dead 1 f_dead 1
   016B 21 A4 00      [10]  522 	ld	hl, #0x00a4
   016E E5            [11]  523 	push	hl
                            524 ;	genIpush
                            525 ;	genMove_o size 2 result type 2 source type 7 a_dead 1 hl_dead 1 de_dead 1 iy_dead 1 f_dead 1
   016F 21r31s02      [10]  526 	ld	hl, #___str_2
   0172 E5            [11]  527 	push	hl
                            528 ;	genSend
                            529 ;	genMove_o size 2 result type 2 source type 7 a_dead 1 hl_dead 1 de_dead 1 iy_dead 1 f_dead 1
   0173 11r91s02      [10]  530 	ld	de, #___str_5
                            531 ;	genSend
                            532 ;	genMove_o size 2 result type 2 source type 7 a_dead 1 hl_dead 1 de_dead 0 iy_dead 1 f_dead 1
   0176 21rF3s01      [10]  533 	ld	hl, #___str_0
                            534 ;	genCall
   0179 CDr00s00      [17]  535 	call	___fail
                            536 ;	genLabel
   017C                     537 00126$:
                            538 ;cases/bitfields-checks/bitfields-checks_struct_1_varType_1_bit_7.c:166: AS_UINT8(volatileBits) = 0x00;
                            539 ;	genPointerSet
                            540 ;	genMove_o size 2 result type 2 source type 1 a_dead 1 hl_dead 1 de_dead 1 iy_dead 1 f_dead 1
                            541 ;cases/bitfields-checks/bitfields-checks_struct_1_varType_1_bit_7.c:167: volatileBits.bitToTest ^= 1;
                            542 ;	genAssign
                            543 ;	genMove_o size 2 result type 2 source type 1 a_dead 1 hl_dead 1 de_dead 1 iy_dead 1 f_dead 1
                            544 ; common peephole 97a reused constant loaded into register pair. 0x00 0xca00
   017C 21 00 CA      [10]  545 	ld	hl, #0xca00
                            546 ; common peephole 174a reused value still in hl.
   017F 44            [ 4]  547 	ld	b, h
   0180 4D            [ 4]  548 	ld	c, l
   0181 71            [ 7]  549 	ld	(hl), c
                            550 ;	genPointerGet
   0182 3A 00 CA      [13]  551 	ld	a, (#0xca00)
   0185 07            [ 4]  552 	rlca
   0186 E6 01         [ 7]  553 	and	a, #0x01
                            554 ;	genXor
   0188 EE 01         [ 7]  555 	xor	a, #0x01
                            556 ;	genMove_o size 1 result type 2 source type 2 a_dead 1 hl_dead 1 de_dead 1 iy_dead 1 f_dead 1
                            557 ;	genPointerSet
   018A 0F            [ 4]  558 	rrca
   018B E6 80         [ 7]  559 	and	a, #0x80
   018D 5F            [ 4]  560 	ld	e, a
   018E 0A            [ 7]  561 	ld	a, (bc)
   018F E6 7F         [ 7]  562 	and	a, #0x7f
   0191 B3            [ 4]  563 	or	a, e
   0192 02            [ 7]  564 	ld	(bc), a
                            565 ;cases/bitfields-checks/bitfields-checks_struct_1_varType_1_bit_7.c:168: ASSERT(AS_UINT8(volatileBits) == (1 << BIT_TO_TEST));
                            566 ;	genPlus
                            567 ;	genMove_o size 2 result type 2 source type 10 a_dead 1 hl_dead 1 de_dead 1 iy_dead 1 f_dead 1
   0193 2Ar00s00      [16]  568 	ld	hl, (___numTests)
   0196 23            [ 6]  569 	inc	hl
                            570 ;	genMove_o size 2 result type 10 source type 2 a_dead 1 hl_dead 1 de_dead 1 iy_dead 1 f_dead 1
   0197 22r00s00      [16]  571 	ld	(___numTests), hl
                            572 ;	genPointerGet
   019A 3A 00 CA      [13]  573 	ld	a, (#0xca00)
                            574 ;	genCmpEq
   019D FE 80         [ 7]  575 	cp	a, #0x80
                            576 ; common peephole 163 changed absolute to relative conditional jump.
   019F 28 11         [12]  577 	jr	z, 00128$
                            578 ; common peephole 81 removed jp by using inverse jump logic
                            579 ; common peephole 159 removed unused label 00248$.
                            580 ;	skipping generated iCode
                            581 ;	skipping iCode since result will be rematerialized
                            582 ;	skipping iCode since result will be rematerialized
                            583 ;	skipping iCode since result will be rematerialized
                            584 ;	skipping iCode since result will be rematerialized
                            585 ;	skipping iCode since result will be rematerialized
                            586 ;	skipping iCode since result will be rematerialized
                            587 ;	genIpush
                            588 ;	genMove_o size 2 result type 2 source type 1 a_dead 1 hl_dead 1 de_dead 1 iy_dead 1 f_dead 1
   01A1 21 A8 00      [10]  589 	ld	hl, #0x00a8
   01A4 E5            [11]  590 	push	hl
                            591 ;	genIpush
                            592 ;	genMove_o size 2 result type 2 source type 7 a_dead 1 hl_dead 1 de_dead 1 iy_dead 1 f_dead 1
   01A5 21r31s02      [10]  593 	ld	hl, #___str_2
   01A8 E5            [11]  594 	push	hl
                            595 ;	genSend
                            596 ;	genMove_o size 2 result type 2 source type 7 a_dead 1 hl_dead 1 de_dead 1 iy_dead 1 f_dead 1
   01A9 11r04s02      [10]  597 	ld	de, #___str_1
                            598 ;	genSend
                            599 ;	genMove_o size 2 result type 2 source type 7 a_dead 1 hl_dead 1 de_dead 0 iy_dead 1 f_dead 1
   01AC 21rF3s01      [10]  600 	ld	hl, #___str_0
                            601 ;	genCall
   01AF CDr00s00      [17]  602 	call	___fail
                            603 ;	genLabel
   01B2                     604 00128$:
                            605 ;cases/bitfields-checks/bitfields-checks_struct_1_varType_1_bit_7.c:170: AS_UINT8(volatileBits) = 0xFF;
                            606 ;	genPointerSet
                            607 ;	genMove_o size 2 result type 2 source type 1 a_dead 1 hl_dead 1 de_dead 1 iy_dead 1 f_dead 1
   01B2 21 00 CA      [10]  608 	ld	hl, #0xca00
   01B5 36 FF         [10]  609 	ld	(hl), #0xff
                            610 ;cases/bitfields-checks/bitfields-checks_struct_1_varType_1_bit_7.c:171: volatileBits.bitToTest ^= 1;
                            611 ;	genAssign
                            612 ;	genMove_o size 2 result type 2 source type 1 a_dead 1 hl_dead 1 de_dead 1 iy_dead 1 f_dead 1
   01B7 01 00 CA      [10]  613 	ld	bc, #0xca00
                            614 ;	genPointerGet
   01BA 3A 00 CA      [13]  615 	ld	a, (#0xca00)
   01BD 07            [ 4]  616 	rlca
   01BE E6 01         [ 7]  617 	and	a, #0x01
                            618 ;	genXor
   01C0 EE 01         [ 7]  619 	xor	a, #0x01
                            620 ;	genMove_o size 1 result type 2 source type 2 a_dead 1 hl_dead 1 de_dead 1 iy_dead 1 f_dead 1
                            621 ;	genPointerSet
   01C2 0F            [ 4]  622 	rrca
   01C3 E6 80         [ 7]  623 	and	a, #0x80
   01C5 5F            [ 4]  624 	ld	e, a
   01C6 0A            [ 7]  625 	ld	a, (bc)
   01C7 E6 7F         [ 7]  626 	and	a, #0x7f
   01C9 B3            [ 4]  627 	or	a, e
   01CA 02            [ 7]  628 	ld	(bc), a
                            629 ;cases/bitfields-checks/bitfields-checks_struct_1_varType_1_bit_7.c:172: ASSERT(AS_UINT8(volatileBits) == (uint8_t)(~(1 << BIT_TO_TEST)));
                            630 ;	genPlus
                            631 ;	genMove_o size 2 result type 2 source type 10 a_dead 1 hl_dead 1 de_dead 1 iy_dead 1 f_dead 1
   01CB 2Ar00s00      [16]  632 	ld	hl, (___numTests)
   01CE 23            [ 6]  633 	inc	hl
                            634 ;	genMove_o size 2 result type 10 source type 2 a_dead 1 hl_dead 1 de_dead 1 iy_dead 1 f_dead 1
   01CF 22r00s00      [16]  635 	ld	(___numTests), hl
                            636 ;	genPointerGet
   01D2 3A 00 CA      [13]  637 	ld	a, (#0xca00)
                            638 ;	genCmpEq
   01D5 FE 7F         [ 7]  639 	cp	a, #0x7f
                            640 ; common peephole 163 changed absolute to relative conditional jump.
   01D7 28 11         [12]  641 	jr	z, 00130$
                            642 ; common peephole 81 removed jp by using inverse jump logic
                            643 ; common peephole 159 removed unused label 00249$.
                            644 ;	skipping generated iCode
                            645 ;	skipping iCode since result will be rematerialized
                            646 ;	skipping iCode since result will be rematerialized
                            647 ;	skipping iCode since result will be rematerialized
                            648 ;	skipping iCode since result will be rematerialized
                            649 ;	skipping iCode since result will be rematerialized
                            650 ;	skipping iCode since result will be rematerialized
                            651 ;	genIpush
                            652 ;	genMove_o size 2 result type 2 source type 1 a_dead 1 hl_dead 1 de_dead 1 iy_dead 1 f_dead 1
   01D9 21 AC 00      [10]  653 	ld	hl, #0x00ac
   01DC E5            [11]  654 	push	hl
                            655 ;	genIpush
                            656 ;	genMove_o size 2 result type 2 source type 7 a_dead 1 hl_dead 1 de_dead 1 iy_dead 1 f_dead 1
   01DD 21r31s02      [10]  657 	ld	hl, #___str_2
   01E0 E5            [11]  658 	push	hl
                            659 ;	genSend
                            660 ;	genMove_o size 2 result type 2 source type 7 a_dead 1 hl_dead 1 de_dead 1 iy_dead 1 f_dead 1
   01E1 11r91s02      [10]  661 	ld	de, #___str_5
                            662 ;	genSend
                            663 ;	genMove_o size 2 result type 2 source type 7 a_dead 1 hl_dead 1 de_dead 0 iy_dead 1 f_dead 1
   01E4 21rF3s01      [10]  664 	ld	hl, #___str_0
                            665 ;	genCall
   01E7 CDr00s00      [17]  666 	call	___fail
                            667 ;	genLabel
   01EA                     668 00130$:
                            669 ;cases/bitfields-checks/bitfields-checks_struct_1_varType_1_bit_7.c:174: AS_UINT8(volatileBits) = 0x00; // keep it to keep environment of all assert calls the same way
                            670 ;	genPointerSet
                            671 ;	genMove_o size 2 result type 2 source type 1 a_dead 1 hl_dead 1 de_dead 1 iy_dead 1 f_dead 1
   01EA 21 00 CA      [10]  672 	ld	hl, #0xca00
   01ED 36 00         [10]  673 	ld	(hl), #0x00
                            674 ;	genLabel
                            675 ; common peephole 159 removed unused label 00105$.
                            676 ;cases/bitfields-checks/bitfields-checks_struct_1_varType_1_bit_7.c:175: }
                            677 ;	genEndFunction
                            678 ;	adjustStack by 1
   01EF 33            [ 6]  679 	inc	sp
   01F0 DD E1         [14]  680 	pop	ix
   01F2 C9            [10]  681 	ret
                            682 ;	Total bit_test_byte function size at codegen: 16 bytes.
   01F3                     683 ___str_0:
   01F3 41 73 73 65 72 74   684 	.ascii "Assertion failed"
        69 6F 6E 20 66 61
        69 6C 65 64
   0203 00                  685 	.db 0x00
   0204                     686 ___str_1:
   0204 41 53 5F 55 49 4E   687 	.ascii "AS_UINT8(volatileBits) == (1 << BIT_TO_TEST)"
        54 38 28 76 6F 6C
        61 74 69 6C 65 42
        69 74 73 29 20 3D
        3D 20 28 31 20 3C
        3C 20 42 49 54 5F
        54 4F 5F 54 45 53
        54 29
   0230 00                  688 	.db 0x00
   0231                     689 ___str_2:
   0231 63 61 73 65 73 2F   690 	.ascii "cases/bitfields-checks/bitfields-checks_struct_1_varType_1_b"
        62 69 74 66 69 65
        6C 64 73 2D 63 68
        65 63 6B 73 2F 62
        69 74 66 69 65 6C
        64 73 2D 63 68 65
        63 6B 73 5F 73 74
        72 75 63 74 5F 31
        5F 76 61 72 54 79
        70 65 5F 31 5F 62
   026D 69 74 5F 37 2E 63   691 	.ascii "it_7.c"
   0273 00                  692 	.db 0x00
   0274                     693 ___str_3:
   0274 76 6F 6C 61 74 69   694 	.ascii "volatileBits.bitToTest"
        6C 65 42 69 74 73
        2E 62 69 74 54 6F
        54 65 73 74
   028A 00                  695 	.db 0x00
   028B                     696 ___str_4:
   028B 64 75 6D 6D 79      697 	.ascii "dummy"
   0290 00                  698 	.db 0x00
   0291                     699 ___str_5:
   0291 41 53 5F 55 49 4E   700 	.ascii "AS_UINT8(volatileBits) == (uint8_t)(~(1 << BIT_TO_TEST))"
        54 38 28 76 6F 6C
        61 74 69 6C 65 42
        69 74 73 29 20 3D
        3D 20 28 75 69 6E
        74 38 5F 74 29 28
        7E 28 31 20 3C 3C
        20 42 49 54 5F 54
        4F 5F 54 45 53 54
        29 29
   02C9 00                  701 	.db 0x00
   02CA                     702 ___str_6:
   02CA 21 76 6F 6C 61 74   703 	.ascii "!volatileBits.bitToTest"
        69 6C 65 42 69 74
        73 2E 62 69 74 54
        6F 54 65 73 74
   02E1 00                  704 	.db 0x00
   02E2                     705 ___str_7:
   02E2 41 53 5F 55 49 4E   706 	.ascii "AS_UINT8(volatileBits) == 0xFF"
        54 38 28 76 6F 6C
        61 74 69 6C 65 42
        69 74 73 29 20 3D
        3D 20 30 78 46 46
   0300 00                  707 	.db 0x00
   0301                     708 ___str_8:
   0301 41 53 5F 55 49 4E   709 	.ascii "AS_UINT8(volatileBits) == 0x00"
        54 38 28 76 6F 6C
        61 74 69 6C 65 42
        69 74 73 29 20 3D
        3D 20 30 78 30 30
   031F 00                  710 	.db 0x00
                            711 ;cases/bitfields-checks/bitfields-checks_struct_1_varType_1_bit_7.c:231: testBitfieldsChecks(void)
                            712 ;	genLabel
                            713 ;	genFunction
                            714 ;	---------------------------------
                            715 ; Function testBitfieldsChecks
                            716 ; ---------------------------------
                            717 ;	Register assignment is optimal.
                            718 ; Stack space usage: 0 bytes.
   0320                     719 _testBitfieldsChecks:
                            720 ;cases/bitfields-checks/bitfields-checks_struct_1_varType_1_bit_7.c:234: bit_test_byte();
                            721 ;	genCall
                            722 ;	genLabel
                            723 ; common peephole 159 removed unused label 00101$.
                            724 ;cases/bitfields-checks/bitfields-checks_struct_1_varType_1_bit_7.c:236: }
                            725 ;	genEndFunction
   0320 C3r00s00      [10]  726 	jp	_bit_test_byte
                            727 ; common peephole 152 removed unused ret.
                            728 ;	Total testBitfieldsChecks function size at codegen: 1 bytes.
                            729 ;cases/bitfields-checks/bitfields-checks_struct_1_varType_1_bit_7.c:240: __runSuite(void)
                            730 ;	genLabel
                            731 ;	genFunction
                            732 ;	---------------------------------
                            733 ; Function __runSuite
                            734 ; ---------------------------------
                            735 ;	Register assignment is optimal.
                            736 ; Stack space usage: 0 bytes.
   0323                     737 ___runSuite::
                            738 ;cases/bitfields-checks/bitfields-checks_struct_1_varType_1_bit_7.c:242: __prints("Running testBitfieldsChecks\n");
                            739 ;	skipping iCode since result will be rematerialized
                            740 ;	skipping iCode since result will be rematerialized
                            741 ;	genSend
                            742 ;	genMove_o size 2 result type 2 source type 7 a_dead 1 hl_dead 1 de_dead 1 iy_dead 1 f_dead 1
   0323 21r2Cs03      [10]  743 	ld	hl, #___str_9
                            744 ;	genCall
   0326 CDr00s00      [17]  745 	call	___prints
                            746 ;cases/bitfields-checks/bitfields-checks_struct_1_varType_1_bit_7.c:243: testBitfieldsChecks();
                            747 ;	genCall
                            748 ;	genLabel
                            749 ; common peephole 159 removed unused label 00101$.
                            750 ;cases/bitfields-checks/bitfields-checks_struct_1_varType_1_bit_7.c:244: }
                            751 ;	genEndFunction
   0329 C3r20s03      [10]  752 	jp	_testBitfieldsChecks
                            753 ; common peephole 152 removed unused ret.
                            754 ;	Total __runSuite function size at codegen: 1 bytes.
   032C                     755 ___str_9:
   032C 52 75 6E 6E 69 6E   756 	.ascii "Running testBitfieldsChecks"
        67 20 74 65 73 74
        42 69 74 66 69 65
        6C 64 73 43 68 65
        63 6B 73
   0347 0A                  757 	.db 0x0a
   0348 00                  758 	.db 0x00
                            759 ;cases/bitfields-checks/bitfields-checks_struct_1_varType_1_bit_7.c:249: __getSuiteName(void)
                            760 ;	genLabel
                            761 ;	genFunction
                            762 ;	---------------------------------
                            763 ; Function __getSuiteName
                            764 ; ---------------------------------
                            765 ;	Register assignment is optimal.
                            766 ; Stack space usage: 0 bytes.
   0349                     767 ___getSuiteName::
                            768 ;cases/bitfields-checks/bitfields-checks_struct_1_varType_1_bit_7.c:251: return "bitfields-checks_struct_1_varType_1_bit_7";
                            769 ;	skipping iCode since result will be rematerialized
                            770 ;	skipping iCode since result will be rematerialized
                            771 ;	genRet
                            772 ;	genMove_o size 2 result type 2 source type 7 a_dead 1 hl_dead 1 de_dead 1 iy_dead 1 f_dead 1
   0349 11r4Fs03      [10]  773 	ld	de, #___str_10
                            774 ;	genLabel
                            775 ; common peephole 159 removed unused label 00101$.
                            776 ;cases/bitfields-checks/bitfields-checks_struct_1_varType_1_bit_7.c:252: }
                            777 ;	genEndFunction
   034C C9            [10]  778 	ret
                            779 ;	Total __getSuiteName function size at codegen: 1 bytes.
   034D                     780 ___numCases:
   034D 01 00               781 	.dw #0x0001
   034F                     782 ___str_10:
   034F 62 69 74 66 69 65   783 	.ascii "bitfields-checks_struct_1_varType_1_bit_7"
        6C 64 73 2D 63 68
        65 63 6B 73 5F 73
        74 72 75 63 74 5F
        31 5F 76 61 72 54
        79 70 65 5F 31 5F
        62 69 74 5F 37
   0378 00                  784 	.db 0x00
                            785 	.area _CODE (BANK=_CSEG)
                            786 	.area _INITIALIZER
                            787 	.area _CABS (ABS)
