                              1 ;--------------------------------------------------------
                              2 ; File Created by SDCC : free open source ISO C Compiler
                              3 ; Version 4.6.2 #16710 (Linux)
                              4 ;--------------------------------------------------------
                              5 	.module bitfields_checks_struct_0_varType_2_bit_3
                              6 	
                              7 ;--------------------------------------------------------
                              8 ; Public variables in this module
                              9 ;--------------------------------------------------------
                             10 	.globl _bit_test_byte
                             11 	.globl ___prints
                             12 	.globl ___fail
                             13 	.globl ___numCases
                             14 	.globl ___runSuite
                             15 	.globl ___getSuiteName
                             16 ;--------------------------------------------------------
                             17 ; special function registers
                             18 ;--------------------------------------------------------
                             19 ;--------------------------------------------------------
                             20 ; ram data
                             21 ;--------------------------------------------------------
                             22 	.area _DATA (BANK=_DSEG)
                             23 ;--------------------------------------------------------
                             24 ; ram data
                             25 ;--------------------------------------------------------
                             26 	.area _INITIALIZED
                             27 ;--------------------------------------------------------
                             28 ; absolute ram data
                             29 ;--------------------------------------------------------
                             30 	.area _DABS (ABS)
                             31 	.area _DABS (ABS)
                             32 ;--------------------------------------------------------
                             33 ; global & static initialisations
                             34 ;--------------------------------------------------------
                             35 	.area _HOME
                             36 	.area _GSINIT
                             37 	.area _GSFINAL
                             38 	.area _GSINIT
                             39 ;--------------------------------------------------------
                             40 ; Home
                             41 ;--------------------------------------------------------
                             42 	.area _HOME (BANK=_CSEG)
                             43 	.area _HOME (BANK=_CSEG)
                             44 ;--------------------------------------------------------
                             45 ; code
                             46 ;--------------------------------------------------------
                             47 	.area _CODE (BANK=_CSEG)
                             48 ;cases/bitfields-checks/bitfields-checks_struct_0_varType_2_bit_3.c:178: bit_test_byte(void)
                             49 ;	genLabel
                             50 ;	genFunction
                             51 ;	---------------------------------
                             52 ; Function bit_test_byte
                             53 ; ---------------------------------
                             54 ;	Register assignment might be sub-optimal.
                             55 ; Stack space usage: 1 bytes.
   0000                      56 _bit_test_byte::
   0000 DD E5         [15]   57 	push	ix
   0002 DD 21 00 00   [14]   58 	ld	ix,	#0
   0006 DD 39         [15]   59 	add	ix, sp
                             60 ;	adjustStack by -1
   0008 3B            [ 6]   61 	dec	sp
                             62 ;cases/bitfields-checks/bitfields-checks_struct_0_varType_2_bit_3.c:186: volatileBits = 1 << BIT_TO_TEST;
                             63 ;	genPointerSet
                             64 ;	genMove_o size 2 result type 2 source type 1 a_dead 1 hl_dead 1 de_dead 1 iy_dead 1 f_dead 1
   0009 21 04 CA      [10]   65 	ld	hl, #0xca04
   000C 36 08         [10]   66 	ld	(hl), #0x08
                             67 ;cases/bitfields-checks/bitfields-checks_struct_0_varType_2_bit_3.c:187: ASSERT(volatileBits & (1 << BIT_TO_TEST));
                             68 ;	genPlus
                             69 ;	genMove_o size 2 result type 2 source type 10 a_dead 1 hl_dead 1 de_dead 1 iy_dead 1 f_dead 1
   000E 2Ar00s00      [16]   70 	ld	hl, (___numTests)
   0011 23            [ 6]   71 	inc	hl
                             72 ;	genMove_o size 2 result type 10 source type 2 a_dead 1 hl_dead 1 de_dead 1 iy_dead 1 f_dead 1
   0012 22r00s00      [16]   73 	ld	(___numTests), hl
                             74 ;	genPointerGet
   0015 3A 04 CA      [13]   75 	ld	a, (#0xca04)
                             76 ;	genAnd
   0018 CB 5F         [ 8]   77 	bit	3, a
                             78 ; common peephole 81 removed jp by using inverse jump logic
                             79 ; common peephole 159 removed unused label 00243$.
                             80 ; common peephole 163 changed absolute to relative conditional jump.
   001A 20 11         [12]   81 	jr	nz, 00108$
                             82 ; common peephole 82 removed jp by using inverse jump logic
                             83 ; common peephole 159 removed unused label 00244$.
                             84 ;	skipping generated iCode
                             85 ;	skipping iCode since result will be rematerialized
                             86 ;	skipping iCode since result will be rematerialized
                             87 ;	skipping iCode since result will be rematerialized
                             88 ;	skipping iCode since result will be rematerialized
                             89 ;	skipping iCode since result will be rematerialized
                             90 ;	skipping iCode since result will be rematerialized
                             91 ;	genIpush
                             92 ;	genMove_o size 2 result type 2 source type 1 a_dead 1 hl_dead 1 de_dead 1 iy_dead 1 f_dead 1
   001C 21 BB 00      [10]   93 	ld	hl, #0x00bb
   001F E5            [11]   94 	push	hl
                             95 ;	genIpush
                             96 ;	genMove_o size 2 result type 2 source type 7 a_dead 1 hl_dead 1 de_dead 1 iy_dead 1 f_dead 1
   0020 21r26s02      [10]   97 	ld	hl, #___str_2
   0023 E5            [11]   98 	push	hl
                             99 ;	genSend
                            100 ;	genMove_o size 2 result type 2 source type 7 a_dead 1 hl_dead 1 de_dead 1 iy_dead 1 f_dead 1
   0024 11r04s02      [10]  101 	ld	de, #___str_1
                            102 ;	genSend
                            103 ;	genMove_o size 2 result type 2 source type 7 a_dead 1 hl_dead 1 de_dead 0 iy_dead 1 f_dead 1
   0027 21rF3s01      [10]  104 	ld	hl, #___str_0
                            105 ;	genCall
   002A CDr00s00      [17]  106 	call	___fail
                            107 ;	genLabel
   002D                     108 00108$:
                            109 ;cases/bitfields-checks/bitfields-checks_struct_0_varType_2_bit_3.c:188: ASSERT(volatileBits & (int16_t)(1 << BIT_TO_TEST));
                            110 ;	genPlus
                            111 ;	genMove_o size 2 result type 2 source type 10 a_dead 1 hl_dead 1 de_dead 1 iy_dead 1 f_dead 1
   002D 2Ar00s00      [16]  112 	ld	hl, (___numTests)
   0030 23            [ 6]  113 	inc	hl
                            114 ;	genMove_o size 2 result type 10 source type 2 a_dead 1 hl_dead 1 de_dead 1 iy_dead 1 f_dead 1
   0031 22r00s00      [16]  115 	ld	(___numTests), hl
                            116 ;	genPointerGet
   0034 3A 04 CA      [13]  117 	ld	a, (#0xca04)
                            118 ;	genAnd
   0037 CB 5F         [ 8]  119 	bit	3, a
                            120 ; common peephole 81 removed jp by using inverse jump logic
                            121 ; common peephole 159 removed unused label 00245$.
                            122 ; common peephole 163 changed absolute to relative conditional jump.
   0039 20 11         [12]  123 	jr	nz, 00110$
                            124 ; common peephole 82 removed jp by using inverse jump logic
                            125 ; common peephole 159 removed unused label 00246$.
                            126 ;	skipping generated iCode
                            127 ;	skipping iCode since result will be rematerialized
                            128 ;	skipping iCode since result will be rematerialized
                            129 ;	skipping iCode since result will be rematerialized
                            130 ;	skipping iCode since result will be rematerialized
                            131 ;	skipping iCode since result will be rematerialized
                            132 ;	skipping iCode since result will be rematerialized
                            133 ;	genIpush
                            134 ;	genMove_o size 2 result type 2 source type 1 a_dead 1 hl_dead 1 de_dead 1 iy_dead 1 f_dead 1
   003B 21 BC 00      [10]  135 	ld	hl, #0x00bc
   003E E5            [11]  136 	push	hl
                            137 ;	genIpush
                            138 ;	genMove_o size 2 result type 2 source type 7 a_dead 1 hl_dead 1 de_dead 1 iy_dead 1 f_dead 1
   003F 21r26s02      [10]  139 	ld	hl, #___str_2
   0042 E5            [11]  140 	push	hl
                            141 ;	genSend
                            142 ;	genMove_o size 2 result type 2 source type 7 a_dead 1 hl_dead 1 de_dead 1 iy_dead 1 f_dead 1
   0043 11r69s02      [10]  143 	ld	de, #___str_3
                            144 ;	genSend
                            145 ;	genMove_o size 2 result type 2 source type 7 a_dead 1 hl_dead 1 de_dead 0 iy_dead 1 f_dead 1
   0046 21rF3s01      [10]  146 	ld	hl, #___str_0
                            147 ;	genCall
   0049 CDr00s00      [17]  148 	call	___fail
                            149 ;	genLabel
   004C                     150 00110$:
                            151 ;cases/bitfields-checks/bitfields-checks_struct_0_varType_2_bit_3.c:189: dummy = 0;
                            152 ;	genAssign
                            153 ;	genMove_o size 1 result type 6 source type 1 a_dead 1 hl_dead 1 de_dead 1 iy_dead 1 f_dead 1
   004C DD 36 FF 00   [19]  154 	ld	-1 (ix), #0x00
                            155 ;cases/bitfields-checks/bitfields-checks_struct_0_varType_2_bit_3.c:190: if(volatileBits & (int16_t)(1 << BIT_TO_TEST)) dummy = 1;
                            156 ;	genPointerGet
   0050 3A 04 CA      [13]  157 	ld	a, (#0xca04)
                            158 ;	genAnd
   0053 CB 5F         [ 8]  159 	bit	3, a
                            160 ; common peephole 163 changed absolute to relative conditional jump.
   0055 28 04         [12]  161 	jr	z, 00102$
                            162 ; common peephole 81 removed jp by using inverse jump logic
                            163 ; common peephole 159 removed unused label 00247$.
                            164 ;	skipping generated iCode
                            165 ;	genAssign
                            166 ;	genMove_o size 1 result type 6 source type 1 a_dead 1 hl_dead 1 de_dead 1 iy_dead 1 f_dead 1
   0057 DD 36 FF 01   [19]  167 	ld	-1 (ix), #0x01
                            168 ;	genLabel
   005B                     169 00102$:
                            170 ;cases/bitfields-checks/bitfields-checks_struct_0_varType_2_bit_3.c:191: ASSERT(dummy);
                            171 ;	genPlus
                            172 ;	genMove_o size 2 result type 2 source type 10 a_dead 1 hl_dead 1 de_dead 1 iy_dead 1 f_dead 1
   005B 2Ar00s00      [16]  173 	ld	hl, (___numTests)
   005E 23            [ 6]  174 	inc	hl
                            175 ;	genMove_o size 2 result type 10 source type 2 a_dead 1 hl_dead 1 de_dead 1 iy_dead 1 f_dead 1
   005F 22r00s00      [16]  176 	ld	(___numTests), hl
                            177 ;	genIfx
   0062 DD 7E FF      [19]  178 	ld	a, -1 (ix)
   0065 B7            [ 4]  179 	or	a, a
                            180 ; common peephole 163 changed absolute to relative conditional jump.
   0066 20 11         [12]  181 	jr	nz, 00112$
                            182 ;	skipping iCode since result will be rematerialized
                            183 ;	skipping iCode since result will be rematerialized
                            184 ;	skipping iCode since result will be rematerialized
                            185 ;	skipping iCode since result will be rematerialized
                            186 ;	skipping iCode since result will be rematerialized
                            187 ;	skipping iCode since result will be rematerialized
                            188 ;	genIpush
                            189 ;	genMove_o size 2 result type 2 source type 1 a_dead 1 hl_dead 1 de_dead 1 iy_dead 1 f_dead 1
   0068 21 BF 00      [10]  190 	ld	hl, #0x00bf
   006B E5            [11]  191 	push	hl
                            192 ;	genIpush
                            193 ;	genMove_o size 2 result type 2 source type 7 a_dead 1 hl_dead 1 de_dead 1 iy_dead 1 f_dead 1
   006C 21r26s02      [10]  194 	ld	hl, #___str_2
   006F E5            [11]  195 	push	hl
                            196 ;	genSend
                            197 ;	genMove_o size 2 result type 2 source type 7 a_dead 1 hl_dead 1 de_dead 1 iy_dead 1 f_dead 1
   0070 11r94s02      [10]  198 	ld	de, #___str_4
                            199 ;	genSend
                            200 ;	genMove_o size 2 result type 2 source type 7 a_dead 1 hl_dead 1 de_dead 0 iy_dead 1 f_dead 1
   0073 21rF3s01      [10]  201 	ld	hl, #___str_0
                            202 ;	genCall
   0076 CDr00s00      [17]  203 	call	___fail
                            204 ;	genLabel
   0079                     205 00112$:
                            206 ;cases/bitfields-checks/bitfields-checks_struct_0_varType_2_bit_3.c:193: volatileBits = ~(1 << BIT_TO_TEST);
                            207 ;	genPointerSet
                            208 ;	genMove_o size 2 result type 2 source type 1 a_dead 1 hl_dead 1 de_dead 1 iy_dead 1 f_dead 1
   0079 21 04 CA      [10]  209 	ld	hl, #0xca04
   007C 36 F7         [10]  210 	ld	(hl), #0xf7
                            211 ;cases/bitfields-checks/bitfields-checks_struct_0_varType_2_bit_3.c:194: ASSERT(!(volatileBits & (1 << BIT_TO_TEST)));
                            212 ;	genPlus
                            213 ;	genMove_o size 2 result type 2 source type 10 a_dead 1 hl_dead 1 de_dead 1 iy_dead 1 f_dead 1
   007E 2Ar00s00      [16]  214 	ld	hl, (___numTests)
   0081 23            [ 6]  215 	inc	hl
                            216 ;	genMove_o size 2 result type 10 source type 2 a_dead 1 hl_dead 1 de_dead 1 iy_dead 1 f_dead 1
   0082 22r00s00      [16]  217 	ld	(___numTests), hl
                            218 ;	genPointerGet
   0085 3A 04 CA      [13]  219 	ld	a, (#0xca04)
                            220 ;	genGetAbit
   0088 0F            [ 4]  221 	rrca
   0089 0F            [ 4]  222 	rrca
   008A 0F            [ 4]  223 	rrca
                            224 ;	genMove_o size 0 result type 2 source type 1 a_dead 1 hl_dead 0 de_dead 0 iy_dead 1 f_dead 1
                            225 ;	genIfx
   008B E6 01         [ 7]  226 	and	a, #0x01
                            227 ; common peephole 100 removed redundant or after and.
                            228 ; common peephole 163 changed absolute to relative conditional jump.
   008D 28 11         [12]  229 	jr	z, 00114$
                            230 ;	skipping iCode since result will be rematerialized
                            231 ;	skipping iCode since result will be rematerialized
                            232 ;	skipping iCode since result will be rematerialized
                            233 ;	skipping iCode since result will be rematerialized
                            234 ;	skipping iCode since result will be rematerialized
                            235 ;	skipping iCode since result will be rematerialized
                            236 ;	genIpush
                            237 ;	genMove_o size 2 result type 2 source type 1 a_dead 1 hl_dead 1 de_dead 1 iy_dead 1 f_dead 1
   008F 21 C2 00      [10]  238 	ld	hl, #0x00c2
   0092 E5            [11]  239 	push	hl
                            240 ;	genIpush
                            241 ;	genMove_o size 2 result type 2 source type 7 a_dead 1 hl_dead 1 de_dead 1 iy_dead 1 f_dead 1
   0093 21r26s02      [10]  242 	ld	hl, #___str_2
   0096 E5            [11]  243 	push	hl
                            244 ;	genSend
                            245 ;	genMove_o size 2 result type 2 source type 7 a_dead 1 hl_dead 1 de_dead 1 iy_dead 1 f_dead 1
   0097 11r9As02      [10]  246 	ld	de, #___str_5
                            247 ;	genSend
                            248 ;	genMove_o size 2 result type 2 source type 7 a_dead 1 hl_dead 1 de_dead 0 iy_dead 1 f_dead 1
   009A 21rF3s01      [10]  249 	ld	hl, #___str_0
                            250 ;	genCall
   009D CDr00s00      [17]  251 	call	___fail
                            252 ;	genLabel
   00A0                     253 00114$:
                            254 ;cases/bitfields-checks/bitfields-checks_struct_0_varType_2_bit_3.c:195: ASSERT(!(volatileBits & (int16_t)(1 << BIT_TO_TEST)));
                            255 ;	genPlus
                            256 ;	genMove_o size 2 result type 2 source type 10 a_dead 1 hl_dead 1 de_dead 1 iy_dead 1 f_dead 1
   00A0 2Ar00s00      [16]  257 	ld	hl, (___numTests)
   00A3 23            [ 6]  258 	inc	hl
                            259 ;	genMove_o size 2 result type 10 source type 2 a_dead 1 hl_dead 1 de_dead 1 iy_dead 1 f_dead 1
   00A4 22r00s00      [16]  260 	ld	(___numTests), hl
                            261 ;	genPointerGet
   00A7 3A 04 CA      [13]  262 	ld	a, (#0xca04)
                            263 ;	genGetAbit
   00AA 0F            [ 4]  264 	rrca
   00AB 0F            [ 4]  265 	rrca
   00AC 0F            [ 4]  266 	rrca
                            267 ;	genMove_o size 0 result type 2 source type 1 a_dead 1 hl_dead 0 de_dead 0 iy_dead 1 f_dead 1
                            268 ;	genIfx
   00AD E6 01         [ 7]  269 	and	a, #0x01
                            270 ; common peephole 100 removed redundant or after and.
                            271 ; common peephole 163 changed absolute to relative conditional jump.
   00AF 28 11         [12]  272 	jr	z, 00116$
                            273 ;	skipping iCode since result will be rematerialized
                            274 ;	skipping iCode since result will be rematerialized
                            275 ;	skipping iCode since result will be rematerialized
                            276 ;	skipping iCode since result will be rematerialized
                            277 ;	skipping iCode since result will be rematerialized
                            278 ;	skipping iCode since result will be rematerialized
                            279 ;	genIpush
                            280 ;	genMove_o size 2 result type 2 source type 1 a_dead 1 hl_dead 1 de_dead 1 iy_dead 1 f_dead 1
   00B1 21 C3 00      [10]  281 	ld	hl, #0x00c3
   00B4 E5            [11]  282 	push	hl
                            283 ;	genIpush
                            284 ;	genMove_o size 2 result type 2 source type 7 a_dead 1 hl_dead 1 de_dead 1 iy_dead 1 f_dead 1
   00B5 21r26s02      [10]  285 	ld	hl, #___str_2
   00B8 E5            [11]  286 	push	hl
                            287 ;	genSend
                            288 ;	genMove_o size 2 result type 2 source type 7 a_dead 1 hl_dead 1 de_dead 1 iy_dead 1 f_dead 1
   00B9 11rBFs02      [10]  289 	ld	de, #___str_6
                            290 ;	genSend
                            291 ;	genMove_o size 2 result type 2 source type 7 a_dead 1 hl_dead 1 de_dead 0 iy_dead 1 f_dead 1
   00BC 21rF3s01      [10]  292 	ld	hl, #___str_0
                            293 ;	genCall
   00BF CDr00s00      [17]  294 	call	___fail
                            295 ;	genLabel
   00C2                     296 00116$:
                            297 ;cases/bitfields-checks/bitfields-checks_struct_0_varType_2_bit_3.c:196: dummy = 0;
                            298 ;	genAssign
                            299 ;	genMove_o size 1 result type 6 source type 1 a_dead 1 hl_dead 1 de_dead 1 iy_dead 1 f_dead 1
   00C2 DD 36 FF 00   [19]  300 	ld	-1 (ix), #0x00
                            301 ;cases/bitfields-checks/bitfields-checks_struct_0_varType_2_bit_3.c:197: if(!(volatileBits & (int16_t)(1 << BIT_TO_TEST))) dummy = 1;
                            302 ;	genPointerGet
   00C6 3A 04 CA      [13]  303 	ld	a, (#0xca04)
                            304 ;	genAnd
   00C9 CB 5F         [ 8]  305 	bit	3, a
                            306 ; common peephole 81 removed jp by using inverse jump logic
                            307 ; common peephole 159 removed unused label 00248$.
                            308 ; common peephole 163 changed absolute to relative conditional jump.
   00CB 20 04         [12]  309 	jr	nz, 00104$
                            310 ; common peephole 82 removed jp by using inverse jump logic
                            311 ; common peephole 159 removed unused label 00249$.
                            312 ;	skipping generated iCode
                            313 ;	genAssign
                            314 ;	genMove_o size 1 result type 6 source type 1 a_dead 1 hl_dead 1 de_dead 1 iy_dead 1 f_dead 1
   00CD DD 36 FF 01   [19]  315 	ld	-1 (ix), #0x01
                            316 ;	genLabel
   00D1                     317 00104$:
                            318 ;cases/bitfields-checks/bitfields-checks_struct_0_varType_2_bit_3.c:198: ASSERT(dummy);
                            319 ;	genPlus
                            320 ;	genMove_o size 2 result type 2 source type 10 a_dead 1 hl_dead 1 de_dead 1 iy_dead 1 f_dead 1
   00D1 2Ar00s00      [16]  321 	ld	hl, (___numTests)
   00D4 23            [ 6]  322 	inc	hl
                            323 ;	genMove_o size 2 result type 10 source type 2 a_dead 1 hl_dead 1 de_dead 1 iy_dead 1 f_dead 1
   00D5 22r00s00      [16]  324 	ld	(___numTests), hl
                            325 ;	genIfx
   00D8 DD 7E FF      [19]  326 	ld	a, -1 (ix)
   00DB B7            [ 4]  327 	or	a, a
                            328 ; common peephole 163 changed absolute to relative conditional jump.
   00DC 20 11         [12]  329 	jr	nz, 00118$
                            330 ;	skipping iCode since result will be rematerialized
                            331 ;	skipping iCode since result will be rematerialized
                            332 ;	skipping iCode since result will be rematerialized
                            333 ;	skipping iCode since result will be rematerialized
                            334 ;	skipping iCode since result will be rematerialized
                            335 ;	skipping iCode since result will be rematerialized
                            336 ;	genIpush
                            337 ;	genMove_o size 2 result type 2 source type 1 a_dead 1 hl_dead 1 de_dead 1 iy_dead 1 f_dead 1
   00DE 21 C6 00      [10]  338 	ld	hl, #0x00c6
   00E1 E5            [11]  339 	push	hl
                            340 ;	genIpush
                            341 ;	genMove_o size 2 result type 2 source type 7 a_dead 1 hl_dead 1 de_dead 1 iy_dead 1 f_dead 1
   00E2 21r26s02      [10]  342 	ld	hl, #___str_2
   00E5 E5            [11]  343 	push	hl
                            344 ;	genSend
                            345 ;	genMove_o size 2 result type 2 source type 7 a_dead 1 hl_dead 1 de_dead 1 iy_dead 1 f_dead 1
   00E6 11r94s02      [10]  346 	ld	de, #___str_4
                            347 ;	genSend
                            348 ;	genMove_o size 2 result type 2 source type 7 a_dead 1 hl_dead 1 de_dead 0 iy_dead 1 f_dead 1
   00E9 21rF3s01      [10]  349 	ld	hl, #___str_0
                            350 ;	genCall
   00EC CDr00s00      [17]  351 	call	___fail
                            352 ;	genLabel
   00EF                     353 00118$:
                            354 ;cases/bitfields-checks/bitfields-checks_struct_0_varType_2_bit_3.c:200: volatileBits = 0x00;
                            355 ;	genPointerSet
                            356 ;	genMove_o size 2 result type 2 source type 1 a_dead 1 hl_dead 1 de_dead 1 iy_dead 1 f_dead 1
   00EF 21 04 CA      [10]  357 	ld	hl, #0xca04
   00F2 36 00         [10]  358 	ld	(hl), #0x00
                            359 ;cases/bitfields-checks/bitfields-checks_struct_0_varType_2_bit_3.c:201: volatileBits |= 1 << BIT_TO_TEST;
                            360 ;	genPointerGet
   00F4 3A 04 CA      [13]  361 	ld	a, (#0xca04)
                            362 ;	genOr
   00F7 CB DF         [ 8]  363 	set	3, a
                            364 ;	genPointerSet
                            365 ;	genMove_o size 2 result type 2 source type 1 a_dead 0 hl_dead 1 de_dead 1 iy_dead 1 f_dead 1
   00F9 77            [ 7]  366 	ld	(hl), a
                            367 ;cases/bitfields-checks/bitfields-checks_struct_0_varType_2_bit_3.c:202: ASSERT(volatileBits == (1 << BIT_TO_TEST));
                            368 ;	genPlus
                            369 ;	genMove_o size 2 result type 2 source type 10 a_dead 1 hl_dead 1 de_dead 1 iy_dead 1 f_dead 1
   00FA 2Ar00s00      [16]  370 	ld	hl, (___numTests)
   00FD 23            [ 6]  371 	inc	hl
                            372 ;	genMove_o size 2 result type 10 source type 2 a_dead 1 hl_dead 1 de_dead 1 iy_dead 1 f_dead 1
   00FE 22r00s00      [16]  373 	ld	(___numTests), hl
                            374 ;	genPointerGet
   0101 3A 04 CA      [13]  375 	ld	a, (#0xca04)
                            376 ;	genCmpEq
   0104 FE 08         [ 7]  377 	cp	a, #0x08
                            378 ; common peephole 163 changed absolute to relative conditional jump.
   0106 28 11         [12]  379 	jr	z, 00120$
                            380 ; common peephole 81 removed jp by using inverse jump logic
                            381 ; common peephole 159 removed unused label 00250$.
                            382 ;	skipping generated iCode
                            383 ;	skipping iCode since result will be rematerialized
                            384 ;	skipping iCode since result will be rematerialized
                            385 ;	skipping iCode since result will be rematerialized
                            386 ;	skipping iCode since result will be rematerialized
                            387 ;	skipping iCode since result will be rematerialized
                            388 ;	skipping iCode since result will be rematerialized
                            389 ;	genIpush
                            390 ;	genMove_o size 2 result type 2 source type 1 a_dead 1 hl_dead 1 de_dead 1 iy_dead 1 f_dead 1
   0108 21 CA 00      [10]  391 	ld	hl, #0x00ca
   010B E5            [11]  392 	push	hl
                            393 ;	genIpush
                            394 ;	genMove_o size 2 result type 2 source type 7 a_dead 1 hl_dead 1 de_dead 1 iy_dead 1 f_dead 1
   010C 21r26s02      [10]  395 	ld	hl, #___str_2
   010F E5            [11]  396 	push	hl
                            397 ;	genSend
                            398 ;	genMove_o size 2 result type 2 source type 7 a_dead 1 hl_dead 1 de_dead 1 iy_dead 1 f_dead 1
   0110 11rEDs02      [10]  399 	ld	de, #___str_7
                            400 ;	genSend
                            401 ;	genMove_o size 2 result type 2 source type 7 a_dead 1 hl_dead 1 de_dead 0 iy_dead 1 f_dead 1
   0113 21rF3s01      [10]  402 	ld	hl, #___str_0
                            403 ;	genCall
   0116 CDr00s00      [17]  404 	call	___fail
                            405 ;	genLabel
   0119                     406 00120$:
                            407 ;cases/bitfields-checks/bitfields-checks_struct_0_varType_2_bit_3.c:204: volatileBits = 0xFF;
                            408 ;	genPointerSet
                            409 ;	genMove_o size 2 result type 2 source type 1 a_dead 1 hl_dead 1 de_dead 1 iy_dead 1 f_dead 1
   0119 21 04 CA      [10]  410 	ld	hl, #0xca04
   011C 36 FF         [10]  411 	ld	(hl), #0xff
                            412 ;cases/bitfields-checks/bitfields-checks_struct_0_varType_2_bit_3.c:205: volatileBits |= 1 << BIT_TO_TEST;
                            413 ;	genPointerGet
   011E 3A 04 CA      [13]  414 	ld	a, (#0xca04)
                            415 ;	genOr
   0121 CB DF         [ 8]  416 	set	3, a
                            417 ;	genPointerSet
                            418 ;	genMove_o size 2 result type 2 source type 1 a_dead 0 hl_dead 1 de_dead 1 iy_dead 1 f_dead 1
   0123 77            [ 7]  419 	ld	(hl), a
                            420 ;cases/bitfields-checks/bitfields-checks_struct_0_varType_2_bit_3.c:206: ASSERT(volatileBits == 0xFF);
                            421 ;	genPlus
                            422 ;	genMove_o size 2 result type 2 source type 10 a_dead 1 hl_dead 1 de_dead 1 iy_dead 1 f_dead 1
   0124 2Ar00s00      [16]  423 	ld	hl, (___numTests)
   0127 23            [ 6]  424 	inc	hl
                            425 ;	genMove_o size 2 result type 10 source type 2 a_dead 1 hl_dead 1 de_dead 1 iy_dead 1 f_dead 1
   0128 22r00s00      [16]  426 	ld	(___numTests), hl
                            427 ;	genPointerGet
                            428 ;fetchPairLong
   012B 21 04 CA      [10]  429 	ld	hl, #0xca04
                            430 ;	_moveFrom_tpair_()
   012E 4E            [ 7]  431 	ld	c, (hl)
                            432 ;	genCmpEq
   012F 0C            [ 4]  433 	inc	c
                            434 ; common peephole 163 changed absolute to relative conditional jump.
   0130 28 11         [12]  435 	jr	z, 00122$
                            436 ; common peephole 81 removed jp by using inverse jump logic
                            437 ; common peephole 159 removed unused label 00251$.
                            438 ;	skipping generated iCode
                            439 ;	skipping iCode since result will be rematerialized
                            440 ;	skipping iCode since result will be rematerialized
                            441 ;	skipping iCode since result will be rematerialized
                            442 ;	skipping iCode since result will be rematerialized
                            443 ;	skipping iCode since result will be rematerialized
                            444 ;	skipping iCode since result will be rematerialized
                            445 ;	genIpush
                            446 ;	genMove_o size 2 result type 2 source type 1 a_dead 1 hl_dead 1 de_dead 1 iy_dead 1 f_dead 1
   0132 21 CE 00      [10]  447 	ld	hl, #0x00ce
   0135 E5            [11]  448 	push	hl
                            449 ;	genIpush
                            450 ;	genMove_o size 2 result type 2 source type 7 a_dead 1 hl_dead 1 de_dead 1 iy_dead 1 f_dead 1
   0136 21r26s02      [10]  451 	ld	hl, #___str_2
   0139 E5            [11]  452 	push	hl
                            453 ;	genSend
                            454 ;	genMove_o size 2 result type 2 source type 7 a_dead 1 hl_dead 1 de_dead 1 iy_dead 1 f_dead 1
   013A 11r10s03      [10]  455 	ld	de, #___str_8
                            456 ;	genSend
                            457 ;	genMove_o size 2 result type 2 source type 7 a_dead 1 hl_dead 1 de_dead 0 iy_dead 1 f_dead 1
   013D 21rF3s01      [10]  458 	ld	hl, #___str_0
                            459 ;	genCall
   0140 CDr00s00      [17]  460 	call	___fail
                            461 ;	genLabel
   0143                     462 00122$:
                            463 ;cases/bitfields-checks/bitfields-checks_struct_0_varType_2_bit_3.c:208: volatileBits = 0x00;
                            464 ;	genPointerSet
                            465 ;	genMove_o size 2 result type 2 source type 1 a_dead 1 hl_dead 1 de_dead 1 iy_dead 1 f_dead 1
   0143 21 04 CA      [10]  466 	ld	hl, #0xca04
   0146 36 00         [10]  467 	ld	(hl), #0x00
                            468 ;cases/bitfields-checks/bitfields-checks_struct_0_varType_2_bit_3.c:209: volatileBits &= (uint8_t)(~(1 << BIT_TO_TEST));
                            469 ;	genPointerGet
   0148 3A 04 CA      [13]  470 	ld	a, (#0xca04)
                            471 ;	genAnd
   014B CB 9F         [ 8]  472 	res	3, a
                            473 ;	genPointerSet
                            474 ;	genMove_o size 2 result type 2 source type 1 a_dead 0 hl_dead 1 de_dead 1 iy_dead 1 f_dead 1
   014D 77            [ 7]  475 	ld	(hl), a
                            476 ;cases/bitfields-checks/bitfields-checks_struct_0_varType_2_bit_3.c:210: ASSERT(volatileBits == 0x00);
                            477 ;	genPlus
                            478 ;	genMove_o size 2 result type 2 source type 10 a_dead 1 hl_dead 1 de_dead 1 iy_dead 1 f_dead 1
   014E 2Ar00s00      [16]  479 	ld	hl, (___numTests)
   0151 23            [ 6]  480 	inc	hl
                            481 ;	genMove_o size 2 result type 10 source type 2 a_dead 1 hl_dead 1 de_dead 1 iy_dead 1 f_dead 1
   0152 22r00s00      [16]  482 	ld	(___numTests), hl
                            483 ;	genPointerGet
   0155 3A 04 CA      [13]  484 	ld	a, (#0xca04)
                            485 ;	genIfx
   0158 B7            [ 4]  486 	or	a, a
                            487 ; common peephole 163 changed absolute to relative conditional jump.
   0159 28 11         [12]  488 	jr	z, 00124$
                            489 ;	skipping iCode since result will be rematerialized
                            490 ;	skipping iCode since result will be rematerialized
                            491 ;	skipping iCode since result will be rematerialized
                            492 ;	skipping iCode since result will be rematerialized
                            493 ;	skipping iCode since result will be rematerialized
                            494 ;	skipping iCode since result will be rematerialized
                            495 ;	genIpush
                            496 ;	genMove_o size 2 result type 2 source type 1 a_dead 1 hl_dead 1 de_dead 1 iy_dead 1 f_dead 1
   015B 21 D2 00      [10]  497 	ld	hl, #0x00d2
   015E E5            [11]  498 	push	hl
                            499 ;	genIpush
                            500 ;	genMove_o size 2 result type 2 source type 7 a_dead 1 hl_dead 1 de_dead 1 iy_dead 1 f_dead 1
   015F 21r26s02      [10]  501 	ld	hl, #___str_2
   0162 E5            [11]  502 	push	hl
                            503 ;	genSend
                            504 ;	genMove_o size 2 result type 2 source type 7 a_dead 1 hl_dead 1 de_dead 1 iy_dead 1 f_dead 1
   0163 11r25s03      [10]  505 	ld	de, #___str_9
                            506 ;	genSend
                            507 ;	genMove_o size 2 result type 2 source type 7 a_dead 1 hl_dead 1 de_dead 0 iy_dead 1 f_dead 1
   0166 21rF3s01      [10]  508 	ld	hl, #___str_0
                            509 ;	genCall
   0169 CDr00s00      [17]  510 	call	___fail
                            511 ;	genLabel
   016C                     512 00124$:
                            513 ;cases/bitfields-checks/bitfields-checks_struct_0_varType_2_bit_3.c:212: volatileBits = 0xFF;
                            514 ;	genPointerSet
                            515 ;	genMove_o size 2 result type 2 source type 1 a_dead 1 hl_dead 1 de_dead 1 iy_dead 1 f_dead 1
   016C 21 04 CA      [10]  516 	ld	hl, #0xca04
   016F 36 FF         [10]  517 	ld	(hl), #0xff
                            518 ;cases/bitfields-checks/bitfields-checks_struct_0_varType_2_bit_3.c:213: volatileBits &= (uint8_t)(~(1 << BIT_TO_TEST));
                            519 ;	genPointerGet
   0171 3A 04 CA      [13]  520 	ld	a, (#0xca04)
                            521 ;	genAnd
   0174 CB 9F         [ 8]  522 	res	3, a
                            523 ;	genPointerSet
                            524 ;	genMove_o size 2 result type 2 source type 1 a_dead 0 hl_dead 1 de_dead 1 iy_dead 1 f_dead 1
   0176 77            [ 7]  525 	ld	(hl), a
                            526 ;cases/bitfields-checks/bitfields-checks_struct_0_varType_2_bit_3.c:214: ASSERT(volatileBits == (uint8_t)(~(1 << BIT_TO_TEST)));
                            527 ;	genPlus
                            528 ;	genMove_o size 2 result type 2 source type 10 a_dead 1 hl_dead 1 de_dead 1 iy_dead 1 f_dead 1
   0177 2Ar00s00      [16]  529 	ld	hl, (___numTests)
   017A 23            [ 6]  530 	inc	hl
                            531 ;	genMove_o size 2 result type 10 source type 2 a_dead 1 hl_dead 1 de_dead 1 iy_dead 1 f_dead 1
   017B 22r00s00      [16]  532 	ld	(___numTests), hl
                            533 ;	genPointerGet
   017E 3A 04 CA      [13]  534 	ld	a, (#0xca04)
                            535 ;	genCmpEq
   0181 FE F7         [ 7]  536 	cp	a, #0xf7
                            537 ; common peephole 163 changed absolute to relative conditional jump.
   0183 28 11         [12]  538 	jr	z, 00126$
                            539 ; common peephole 81 removed jp by using inverse jump logic
                            540 ; common peephole 159 removed unused label 00252$.
                            541 ;	skipping generated iCode
                            542 ;	skipping iCode since result will be rematerialized
                            543 ;	skipping iCode since result will be rematerialized
                            544 ;	skipping iCode since result will be rematerialized
                            545 ;	skipping iCode since result will be rematerialized
                            546 ;	skipping iCode since result will be rematerialized
                            547 ;	skipping iCode since result will be rematerialized
                            548 ;	genIpush
                            549 ;	genMove_o size 2 result type 2 source type 1 a_dead 1 hl_dead 1 de_dead 1 iy_dead 1 f_dead 1
   0185 21 D6 00      [10]  550 	ld	hl, #0x00d6
   0188 E5            [11]  551 	push	hl
                            552 ;	genIpush
                            553 ;	genMove_o size 2 result type 2 source type 7 a_dead 1 hl_dead 1 de_dead 1 iy_dead 1 f_dead 1
   0189 21r26s02      [10]  554 	ld	hl, #___str_2
   018C E5            [11]  555 	push	hl
                            556 ;	genSend
                            557 ;	genMove_o size 2 result type 2 source type 7 a_dead 1 hl_dead 1 de_dead 1 iy_dead 1 f_dead 1
   018D 11r3As03      [10]  558 	ld	de, #___str_10
                            559 ;	genSend
                            560 ;	genMove_o size 2 result type 2 source type 7 a_dead 1 hl_dead 1 de_dead 0 iy_dead 1 f_dead 1
   0190 21rF3s01      [10]  561 	ld	hl, #___str_0
                            562 ;	genCall
   0193 CDr00s00      [17]  563 	call	___fail
                            564 ;	genLabel
   0196                     565 00126$:
                            566 ;cases/bitfields-checks/bitfields-checks_struct_0_varType_2_bit_3.c:216: volatileBits = 0x00;
                            567 ;	genPointerSet
                            568 ;	genMove_o size 2 result type 2 source type 1 a_dead 1 hl_dead 1 de_dead 1 iy_dead 1 f_dead 1
   0196 21 04 CA      [10]  569 	ld	hl, #0xca04
   0199 36 00         [10]  570 	ld	(hl), #0x00
                            571 ;cases/bitfields-checks/bitfields-checks_struct_0_varType_2_bit_3.c:217: volatileBits ^= 1 << BIT_TO_TEST;
                            572 ;	genPointerGet
   019B 3A 04 CA      [13]  573 	ld	a, (#0xca04)
                            574 ;	genXor
   019E EE 08         [ 7]  575 	xor	a, #0x08
                            576 ;	genMove_o size 1 result type 2 source type 2 a_dead 1 hl_dead 1 de_dead 1 iy_dead 1 f_dead 1
                            577 ;	genPointerSet
                            578 ;	genMove_o size 2 result type 2 source type 1 a_dead 0 hl_dead 1 de_dead 1 iy_dead 1 f_dead 1
   01A0 77            [ 7]  579 	ld	(hl), a
                            580 ;cases/bitfields-checks/bitfields-checks_struct_0_varType_2_bit_3.c:218: ASSERT(volatileBits == (1 << BIT_TO_TEST));
                            581 ;	genPlus
                            582 ;	genMove_o size 2 result type 2 source type 10 a_dead 1 hl_dead 1 de_dead 1 iy_dead 1 f_dead 1
   01A1 2Ar00s00      [16]  583 	ld	hl, (___numTests)
   01A4 23            [ 6]  584 	inc	hl
                            585 ;	genMove_o size 2 result type 10 source type 2 a_dead 1 hl_dead 1 de_dead 1 iy_dead 1 f_dead 1
   01A5 22r00s00      [16]  586 	ld	(___numTests), hl
                            587 ;	genPointerGet
   01A8 3A 04 CA      [13]  588 	ld	a, (#0xca04)
                            589 ;	genCmpEq
   01AB FE 08         [ 7]  590 	cp	a, #0x08
                            591 ; common peephole 163 changed absolute to relative conditional jump.
   01AD 28 11         [12]  592 	jr	z, 00128$
                            593 ; common peephole 81 removed jp by using inverse jump logic
                            594 ; common peephole 159 removed unused label 00253$.
                            595 ;	skipping generated iCode
                            596 ;	skipping iCode since result will be rematerialized
                            597 ;	skipping iCode since result will be rematerialized
                            598 ;	skipping iCode since result will be rematerialized
                            599 ;	skipping iCode since result will be rematerialized
                            600 ;	skipping iCode since result will be rematerialized
                            601 ;	skipping iCode since result will be rematerialized
                            602 ;	genIpush
                            603 ;	genMove_o size 2 result type 2 source type 1 a_dead 1 hl_dead 1 de_dead 1 iy_dead 1 f_dead 1
   01AF 21 DA 00      [10]  604 	ld	hl, #0x00da
   01B2 E5            [11]  605 	push	hl
                            606 ;	genIpush
                            607 ;	genMove_o size 2 result type 2 source type 7 a_dead 1 hl_dead 1 de_dead 1 iy_dead 1 f_dead 1
   01B3 21r26s02      [10]  608 	ld	hl, #___str_2
   01B6 E5            [11]  609 	push	hl
                            610 ;	genSend
                            611 ;	genMove_o size 2 result type 2 source type 7 a_dead 1 hl_dead 1 de_dead 1 iy_dead 1 f_dead 1
   01B7 11rEDs02      [10]  612 	ld	de, #___str_7
                            613 ;	genSend
                            614 ;	genMove_o size 2 result type 2 source type 7 a_dead 1 hl_dead 1 de_dead 0 iy_dead 1 f_dead 1
   01BA 21rF3s01      [10]  615 	ld	hl, #___str_0
                            616 ;	genCall
   01BD CDr00s00      [17]  617 	call	___fail
                            618 ;	genLabel
   01C0                     619 00128$:
                            620 ;cases/bitfields-checks/bitfields-checks_struct_0_varType_2_bit_3.c:220: volatileBits = 0xFF;
                            621 ;	genPointerSet
                            622 ;	genMove_o size 2 result type 2 source type 1 a_dead 1 hl_dead 1 de_dead 1 iy_dead 1 f_dead 1
   01C0 21 04 CA      [10]  623 	ld	hl, #0xca04
   01C3 36 FF         [10]  624 	ld	(hl), #0xff
                            625 ;cases/bitfields-checks/bitfields-checks_struct_0_varType_2_bit_3.c:221: volatileBits ^= 1 << BIT_TO_TEST;
                            626 ;	genPointerGet
   01C5 3A 04 CA      [13]  627 	ld	a, (#0xca04)
                            628 ;	genXor
   01C8 EE 08         [ 7]  629 	xor	a, #0x08
                            630 ;	genMove_o size 1 result type 2 source type 2 a_dead 1 hl_dead 1 de_dead 1 iy_dead 1 f_dead 1
                            631 ;	genPointerSet
                            632 ;	genMove_o size 2 result type 2 source type 1 a_dead 0 hl_dead 1 de_dead 1 iy_dead 1 f_dead 1
   01CA 77            [ 7]  633 	ld	(hl), a
                            634 ;cases/bitfields-checks/bitfields-checks_struct_0_varType_2_bit_3.c:222: ASSERT(volatileBits == (uint8_t)(~(1 << BIT_TO_TEST)));
                            635 ;	genPlus
                            636 ;	genMove_o size 2 result type 2 source type 10 a_dead 1 hl_dead 1 de_dead 1 iy_dead 1 f_dead 1
   01CB 2Ar00s00      [16]  637 	ld	hl, (___numTests)
   01CE 23            [ 6]  638 	inc	hl
                            639 ;	genMove_o size 2 result type 10 source type 2 a_dead 1 hl_dead 1 de_dead 1 iy_dead 1 f_dead 1
   01CF 22r00s00      [16]  640 	ld	(___numTests), hl
                            641 ;	genPointerGet
   01D2 3A 04 CA      [13]  642 	ld	a, (#0xca04)
                            643 ;	genCmpEq
   01D5 FE F7         [ 7]  644 	cp	a, #0xf7
                            645 ; common peephole 163 changed absolute to relative conditional jump.
   01D7 28 11         [12]  646 	jr	z, 00130$
                            647 ; common peephole 81 removed jp by using inverse jump logic
                            648 ; common peephole 159 removed unused label 00254$.
                            649 ;	skipping generated iCode
                            650 ;	skipping iCode since result will be rematerialized
                            651 ;	skipping iCode since result will be rematerialized
                            652 ;	skipping iCode since result will be rematerialized
                            653 ;	skipping iCode since result will be rematerialized
                            654 ;	skipping iCode since result will be rematerialized
                            655 ;	skipping iCode since result will be rematerialized
                            656 ;	genIpush
                            657 ;	genMove_o size 2 result type 2 source type 1 a_dead 1 hl_dead 1 de_dead 1 iy_dead 1 f_dead 1
   01D9 21 DE 00      [10]  658 	ld	hl, #0x00de
   01DC E5            [11]  659 	push	hl
                            660 ;	genIpush
                            661 ;	genMove_o size 2 result type 2 source type 7 a_dead 1 hl_dead 1 de_dead 1 iy_dead 1 f_dead 1
   01DD 21r26s02      [10]  662 	ld	hl, #___str_2
   01E0 E5            [11]  663 	push	hl
                            664 ;	genSend
                            665 ;	genMove_o size 2 result type 2 source type 7 a_dead 1 hl_dead 1 de_dead 1 iy_dead 1 f_dead 1
   01E1 11r3As03      [10]  666 	ld	de, #___str_10
                            667 ;	genSend
                            668 ;	genMove_o size 2 result type 2 source type 7 a_dead 1 hl_dead 1 de_dead 0 iy_dead 1 f_dead 1
   01E4 21rF3s01      [10]  669 	ld	hl, #___str_0
                            670 ;	genCall
   01E7 CDr00s00      [17]  671 	call	___fail
                            672 ;	genLabel
   01EA                     673 00130$:
                            674 ;cases/bitfields-checks/bitfields-checks_struct_0_varType_2_bit_3.c:224: volatileBits = 0x00; // keep it to keep environment of all assert calls the same way
                            675 ;	genPointerSet
                            676 ;	genMove_o size 2 result type 2 source type 1 a_dead 1 hl_dead 1 de_dead 1 iy_dead 1 f_dead 1
   01EA 21 04 CA      [10]  677 	ld	hl, #0xca04
   01ED 36 00         [10]  678 	ld	(hl), #0x00
                            679 ;	genLabel
                            680 ; common peephole 159 removed unused label 00105$.
                            681 ;cases/bitfields-checks/bitfields-checks_struct_0_varType_2_bit_3.c:225: }
                            682 ;	genEndFunction
                            683 ;	adjustStack by 1
   01EF 33            [ 6]  684 	inc	sp
   01F0 DD E1         [14]  685 	pop	ix
   01F2 C9            [10]  686 	ret
                            687 ;	Total bit_test_byte function size at codegen: 16 bytes.
   01F3                     688 ___str_0:
   01F3 41 73 73 65 72 74   689 	.ascii "Assertion failed"
        69 6F 6E 20 66 61
        69 6C 65 64
   0203 00                  690 	.db 0x00
   0204                     691 ___str_1:
   0204 76 6F 6C 61 74 69   692 	.ascii "volatileBits & (1 << BIT_TO_TEST)"
        6C 65 42 69 74 73
        20 26 20 28 31 20
        3C 3C 20 42 49 54
        5F 54 4F 5F 54 45
        53 54 29
   0225 00                  693 	.db 0x00
   0226                     694 ___str_2:
   0226 63 61 73 65 73 2F   695 	.ascii "cases/bitfields-checks/bitfields-checks_struct_0_varType_2_b"
        62 69 74 66 69 65
        6C 64 73 2D 63 68
        65 63 6B 73 2F 62
        69 74 66 69 65 6C
        64 73 2D 63 68 65
        63 6B 73 5F 73 74
        72 75 63 74 5F 30
        5F 76 61 72 54 79
        70 65 5F 32 5F 62
   0262 69 74 5F 33 2E 63   696 	.ascii "it_3.c"
   0268 00                  697 	.db 0x00
   0269                     698 ___str_3:
   0269 76 6F 6C 61 74 69   699 	.ascii "volatileBits & (int16_t)(1 << BIT_TO_TEST)"
        6C 65 42 69 74 73
        20 26 20 28 69 6E
        74 31 36 5F 74 29
        28 31 20 3C 3C 20
        42 49 54 5F 54 4F
        5F 54 45 53 54 29
   0293 00                  700 	.db 0x00
   0294                     701 ___str_4:
   0294 64 75 6D 6D 79      702 	.ascii "dummy"
   0299 00                  703 	.db 0x00
   029A                     704 ___str_5:
   029A 21 28 76 6F 6C 61   705 	.ascii "!(volatileBits & (1 << BIT_TO_TEST))"
        74 69 6C 65 42 69
        74 73 20 26 20 28
        31 20 3C 3C 20 42
        49 54 5F 54 4F 5F
        54 45 53 54 29 29
   02BE 00                  706 	.db 0x00
   02BF                     707 ___str_6:
   02BF 21 28 76 6F 6C 61   708 	.ascii "!(volatileBits & (int16_t)(1 << BIT_TO_TEST))"
        74 69 6C 65 42 69
        74 73 20 26 20 28
        69 6E 74 31 36 5F
        74 29 28 31 20 3C
        3C 20 42 49 54 5F
        54 4F 5F 54 45 53
        54 29 29
   02EC 00                  709 	.db 0x00
   02ED                     710 ___str_7:
   02ED 76 6F 6C 61 74 69   711 	.ascii "volatileBits == (1 << BIT_TO_TEST)"
        6C 65 42 69 74 73
        20 3D 3D 20 28 31
        20 3C 3C 20 42 49
        54 5F 54 4F 5F 54
        45 53 54 29
   030F 00                  712 	.db 0x00
   0310                     713 ___str_8:
   0310 76 6F 6C 61 74 69   714 	.ascii "volatileBits == 0xFF"
        6C 65 42 69 74 73
        20 3D 3D 20 30 78
        46 46
   0324 00                  715 	.db 0x00
   0325                     716 ___str_9:
   0325 76 6F 6C 61 74 69   717 	.ascii "volatileBits == 0x00"
        6C 65 42 69 74 73
        20 3D 3D 20 30 78
        30 30
   0339 00                  718 	.db 0x00
   033A                     719 ___str_10:
   033A 76 6F 6C 61 74 69   720 	.ascii "volatileBits == (uint8_t)(~(1 << BIT_TO_TEST))"
        6C 65 42 69 74 73
        20 3D 3D 20 28 75
        69 6E 74 38 5F 74
        29 28 7E 28 31 20
        3C 3C 20 42 49 54
        5F 54 4F 5F 54 45
        53 54 29 29
   0368 00                  721 	.db 0x00
                            722 ;cases/bitfields-checks/bitfields-checks_struct_0_varType_2_bit_3.c:231: testBitfieldsChecks(void)
                            723 ;	genLabel
                            724 ;	genFunction
                            725 ;	---------------------------------
                            726 ; Function testBitfieldsChecks
                            727 ; ---------------------------------
                            728 ;	Register assignment is optimal.
                            729 ; Stack space usage: 0 bytes.
   0369                     730 _testBitfieldsChecks:
                            731 ;cases/bitfields-checks/bitfields-checks_struct_0_varType_2_bit_3.c:234: bit_test_byte();
                            732 ;	genCall
                            733 ;	genLabel
                            734 ; common peephole 159 removed unused label 00101$.
                            735 ;cases/bitfields-checks/bitfields-checks_struct_0_varType_2_bit_3.c:236: }
                            736 ;	genEndFunction
   0369 C3r00s00      [10]  737 	jp	_bit_test_byte
                            738 ; common peephole 152 removed unused ret.
                            739 ;	Total testBitfieldsChecks function size at codegen: 1 bytes.
                            740 ;cases/bitfields-checks/bitfields-checks_struct_0_varType_2_bit_3.c:240: __runSuite(void)
                            741 ;	genLabel
                            742 ;	genFunction
                            743 ;	---------------------------------
                            744 ; Function __runSuite
                            745 ; ---------------------------------
                            746 ;	Register assignment is optimal.
                            747 ; Stack space usage: 0 bytes.
   036C                     748 ___runSuite::
                            749 ;cases/bitfields-checks/bitfields-checks_struct_0_varType_2_bit_3.c:242: __prints("Running testBitfieldsChecks\n");
                            750 ;	skipping iCode since result will be rematerialized
                            751 ;	skipping iCode since result will be rematerialized
                            752 ;	genSend
                            753 ;	genMove_o size 2 result type 2 source type 7 a_dead 1 hl_dead 1 de_dead 1 iy_dead 1 f_dead 1
   036C 21r75s03      [10]  754 	ld	hl, #___str_11
                            755 ;	genCall
   036F CDr00s00      [17]  756 	call	___prints
                            757 ;cases/bitfields-checks/bitfields-checks_struct_0_varType_2_bit_3.c:243: testBitfieldsChecks();
                            758 ;	genCall
                            759 ;	genLabel
                            760 ; common peephole 159 removed unused label 00101$.
                            761 ;cases/bitfields-checks/bitfields-checks_struct_0_varType_2_bit_3.c:244: }
                            762 ;	genEndFunction
   0372 C3r69s03      [10]  763 	jp	_testBitfieldsChecks
                            764 ; common peephole 152 removed unused ret.
                            765 ;	Total __runSuite function size at codegen: 1 bytes.
   0375                     766 ___str_11:
   0375 52 75 6E 6E 69 6E   767 	.ascii "Running testBitfieldsChecks"
        67 20 74 65 73 74
        42 69 74 66 69 65
        6C 64 73 43 68 65
        63 6B 73
   0390 0A                  768 	.db 0x0a
   0391 00                  769 	.db 0x00
                            770 ;cases/bitfields-checks/bitfields-checks_struct_0_varType_2_bit_3.c:249: __getSuiteName(void)
                            771 ;	genLabel
                            772 ;	genFunction
                            773 ;	---------------------------------
                            774 ; Function __getSuiteName
                            775 ; ---------------------------------
                            776 ;	Register assignment is optimal.
                            777 ; Stack space usage: 0 bytes.
   0392                     778 ___getSuiteName::
                            779 ;cases/bitfields-checks/bitfields-checks_struct_0_varType_2_bit_3.c:251: return "bitfields-checks_struct_0_varType_2_bit_3";
                            780 ;	skipping iCode since result will be rematerialized
                            781 ;	skipping iCode since result will be rematerialized
                            782 ;	genRet
                            783 ;	genMove_o size 2 result type 2 source type 7 a_dead 1 hl_dead 1 de_dead 1 iy_dead 1 f_dead 1
   0392 11r98s03      [10]  784 	ld	de, #___str_12
                            785 ;	genLabel
                            786 ; common peephole 159 removed unused label 00101$.
                            787 ;cases/bitfields-checks/bitfields-checks_struct_0_varType_2_bit_3.c:252: }
                            788 ;	genEndFunction
   0395 C9            [10]  789 	ret
                            790 ;	Total __getSuiteName function size at codegen: 1 bytes.
   0396                     791 ___numCases:
   0396 01 00               792 	.dw #0x0001
   0398                     793 ___str_12:
   0398 62 69 74 66 69 65   794 	.ascii "bitfields-checks_struct_0_varType_2_bit_3"
        6C 64 73 2D 63 68
        65 63 6B 73 5F 73
        74 72 75 63 74 5F
        30 5F 76 61 72 54
        79 70 65 5F 32 5F
        62 69 74 5F 33
   03C1 00                  795 	.db 0x00
                            796 	.area _CODE (BANK=_CSEG)
                            797 	.area _INITIALIZER
                            798 	.area _CABS (ABS)
