uCsim 0.9.9, Copyright (C) 1997 Daniel Drotos.
uCsim comes with ABSOLUTELY NO WARRANTY; for details type `show w'.
This is free software, and you are welcome to redistribute it
under certain conditions; type `show c' for details.
set error non-classified off
set error unknown_code off
set error memory off
set error stack off
set hw simif outputs 0xff
step 500000000 vclk
state
quit
5324 words read from gen/ucz80/bitfields-bits1/bitfields-bits1_preBits_8_pattern_0_varType_1.ihx
--- Running: bitfields-bits1_preBits_8_pattern_0_varType_1
Running testBitfields
--- Summary: 0/48/1: 0 failed of 48 tests in 1 cases.

Stop at 0x000369: (110) Program stopped itself
F 0x000369
Simulated 56199 ticks (5.082e-03 sec)
Host usage: 0.002854 sec, rate=1.780617
CPU state= OK PC= 0x000369 frequency= 11059200 HZ
Operation since last reset= 13387 vclks
Inst= 7045 Fetch= 10620 Read= 1429 Write= 1338
Total time since last reset= 0.005082555700231 sec (56209 clks)
Time in isr = 0.000000000000000 sec (0 clks) 0.00%
Time in idle= 0.000000000000000 sec (0 clks) 0.00%
Most value of stack pointer= 0x000000
Simulation: stopped
Runtime: 0.015869 sec

--- Simulator: 5324/56209: 5324 bytes, 56209 ticks
