                              1 ;--------------------------------------------------------
                              2 ; File Created by SDCC : free open source ISO C Compiler
                              3 ; Version 4.6.2 #16710 (Linux)
                              4 ;--------------------------------------------------------
                              5 	.module stack_restore_optSize_0
                              6 	
                              7 ;--------------------------------------------------------
                              8 ; Public variables in this module
                              9 ;--------------------------------------------------------
                             10 	.globl _test_stack_restore_word
                             11 	.globl _stack_restore_test_byte
                             12 	.globl ___prints
                             13 	.globl ___fail
                             14 	.globl ___numCases
                             15 	.globl ___runSuite
                             16 	.globl ___getSuiteName
                             17 ;--------------------------------------------------------
                             18 ; special function registers
                             19 ;--------------------------------------------------------
                             20 ;--------------------------------------------------------
                             21 ; ram data
                             22 ;--------------------------------------------------------
                             23 	.area _DATA (BANK=_DSEG)
   0000                      24 _globalValue:
   0000                      25 	.ds 1
                             26 ;--------------------------------------------------------
                             27 ; ram data
                             28 ;--------------------------------------------------------
                             29 	.area _INITIALIZED
                             30 ;--------------------------------------------------------
                             31 ; absolute ram data
                             32 ;--------------------------------------------------------
                             33 	.area _DABS (ABS)
                             34 	.area _DABS (ABS)
                             35 ;--------------------------------------------------------
                             36 ; global & static initialisations
                             37 ;--------------------------------------------------------
                             38 	.area _HOME
                             39 	.area _GSINIT
                             40 	.area _GSFINAL
                             41 	.area _GSINIT
                             42 ;--------------------------------------------------------
                             43 ; Home
                             44 ;--------------------------------------------------------
                             45 	.area _HOME (BANK=_CSEG)
                             46 	.area _HOME (BANK=_CSEG)
                             47 ;--------------------------------------------------------
                             48 ; code
                             49 ;--------------------------------------------------------
                             50 	.area _CODE (BANK=_CSEG)
                             51 ;cases/stack-restore/stack-restore_optSize_0.c:31: stack_restore_test_byte(const char s)
                             52 ;	genLabel
                             53 ;	genFunction
                             54 ;	---------------------------------
                             55 ; Function stack_restore_test_byte
                             56 ; ---------------------------------
                             57 ;	Register assignment is optimal.
                             58 ; Stack space usage: 1 bytes.
   0000                      59 _stack_restore_test_byte::
                             60 ;	adjustStack by -1
   0000 3B            [ 6]   61 	dec	sp
                             62 ;	genReceive
                             63 ;	genMove_o size 1 result type 2 source type 2 a_dead 1 hl_dead 1 de_dead 1 iy_dead 1 f_dead 1
   0001 4F            [ 4]   64 	ld	c, a
                             65 ;	genMove_o size 0 result type 2 source type 1 a_dead 1 hl_dead 1 de_dead 1 iy_dead 1 f_dead 1
                             66 ;cases/stack-restore/stack-restore_optSize_0.c:34: a[0] = s;
                             67 ;	skipping iCode since result will be rematerialized
                             68 ;	genPointerSet
                             69 ;	genMove_o size 1 result type 12 source type 2 a_dead 1 hl_dead 1 de_dead 1 iy_dead 1 f_dead 1
   0002 FD 21 00 00   [14]   70 	ld	iy, #0
   0006 FD 39         [15]   71 	add	iy, sp
   0008 FD 71 00      [19]   72 	ld	0 (iy), c
                             73 ;	genMove_o size 0 result type 12 source type 1 a_dead 1 hl_dead 1 de_dead 1 iy_dead 1 f_dead 1
                             74 ;cases/stack-restore/stack-restore_optSize_0.c:35: globalValue = a[0];
                             75 ;	genAssign
                             76 ;	genMove_o size 1 result type 11 source type 2 a_dead 1 hl_dead 1 de_dead 1 iy_dead 1 f_dead 1
   000B 21r00s00      [10]   77 	ld	hl, #_globalValue
   000E 71            [ 7]   78 	ld	(hl), c
                             79 ;cases/stack-restore/stack-restore_optSize_0.c:39: return 0;
                             80 ;	genRet
                             81 ;	genMove_o size 1 result type 2 source type 1 a_dead 1 hl_dead 1 de_dead 1 iy_dead 1 f_dead 1
   000F AF            [ 4]   82 	xor	a, a
                             83 ;	genLabel
                             84 ; common peephole 159 removed unused label 00101$.
                             85 ;cases/stack-restore/stack-restore_optSize_0.c:40: }
                             86 ;	genEndFunction
                             87 ;	adjustStack by 1
   0010 33            [ 6]   88 	inc	sp
   0011 C9            [10]   89 	ret
                             90 ;	Total stack_restore_test_byte function size at codegen: 2 bytes.
                             91 ;cases/stack-restore/stack-restore_optSize_0.c:51: stack_restore_test_word(void)
                             92 ;	genLabel
                             93 ;	genFunction
                             94 ;	---------------------------------
                             95 ; Function test_stack_restore_word
                             96 ; ---------------------------------
                             97 ;	Register assignment might be sub-optimal.
                             98 ; Stack space usage: 520 bytes.
   0012                      99 _test_stack_restore_word::
   0012 DD E5         [15]  100 	push	ix
   0014 DD 21 00 00   [14]  101 	ld	ix,	#0
   0018 DD 39         [15]  102 	add	ix, sp
                            103 ;	adjustStack by -520
   001A 21 F8 FD      [10]  104 	ld	hl, #-520
   001D 39            [11]  105 	add	hl, sp
   001E F9            [ 6]  106 	ld	sp, hl
                            107 ;cases/stack-restore/stack-restore_optSize_0.c:55: uint16_t casesOk = 0;
                            108 ;	genAssign
                            109 ;	genMove_o size 2 result type 6 source type 1 a_dead 1 hl_dead 1 de_dead 1 iy_dead 1 f_dead 1
   001F AF            [ 4]  110 	xor	a, a
   0020 DD 77 FC      [19]  111 	ld	-4 (ix), a
   0023 DD 77 FD      [19]  112 	ld	-3 (ix), a
                            113 ;cases/stack-restore/stack-restore_optSize_0.c:57: for (i = 0; i < 256; i++)
                            114 ;	skipping iCode since result will be rematerialized
                            115 ;	genAssign
                            116 ;	genMove_o size 2 result type 2 source type 1 a_dead 1 hl_dead 1 de_dead 1 iy_dead 1 f_dead 1
   0026 01 00 00      [10]  117 	ld	bc, #0x0000
                            118 ;	genLabel
   0029                     119 00103$:
                            120 ;cases/stack-restore/stack-restore_optSize_0.c:59: x[i] = i;
                            121 ;	genLeftShift
                            122 ;	genMove_o size 2 result type 2 source type 2 a_dead 1 hl_dead 1 de_dead 1 iy_dead 1 f_dead 1
   0029 69            [ 4]  123 	ld	l, c
   002A 60            [ 4]  124 	ld	h, b
                            125 ;	genMove_o size 0 result type 2 source type 1 a_dead 1 hl_dead 1 de_dead 1 iy_dead 1 f_dead 1
   002B 29            [11]  126 	add	hl, hl
                            127 ;fetchPairLong
                            128 ; common peephole 156 used ex to load hl into de.
   002C EB            [ 4]  129 	ex	de, hl
                            130 ;	genPlus
                            131 ;	genMove_o size 2 result type 2 source type 8 a_dead 1 hl_dead 1 de_dead 0 iy_dead 1 f_dead 1
   002D 21 00 00      [10]  132 	ld	hl, #0
   0030 39            [11]  133 	add	hl, sp
                            134 ;	genMove_o size 2 result type 2 source type 2 a_dead 1 hl_dead 1 de_dead 0 iy_dead 1 f_dead 1
   0031 19            [11]  135 	add	hl, de
                            136 ;	genCast
                            137 ;	genMove_o size 2 result type 2 source type 2 a_dead 1 hl_dead 0 de_dead 1 iy_dead 1 f_dead 1
                            138 ;	genMove_o size 0 result type 2 source type 1 a_dead 1 hl_dead 0 de_dead 1 iy_dead 1 f_dead 1
                            139 ;	genPointerSet
                            140 ;	genMove_o size 2 result type 2 source type 2 a_dead 0 hl_dead 1 de_dead 0 iy_dead 1 f_dead 1
   0032 71            [ 7]  141 	ld	(hl), c
                            142 ; common peephole 10 loaded (hl) from c directly instead of going through a.
                            143 ; common peephole 96b move inc hl before ld e, b
   0033 23            [ 6]  144 	inc	hl
                            145 ; common peephole 9a loaded (hl) from b directly instead of going through e.
   0034 70            [ 7]  146 	ld	(hl), b
                            147 ;cases/stack-restore/stack-restore_optSize_0.c:57: for (i = 0; i < 256; i++)
                            148 ;	genPlus
   0035 03            [ 6]  149 	inc	bc
                            150 ;	genCmpLt
   0036 78            [ 4]  151 	ld	a, b
   0037 D6 01         [ 7]  152 	sub	a, #0x01
                            153 ; common peephole 163 changed absolute to relative conditional jump.
   0039 38 EE         [12]  154 	jr	c, 00103$
                            155 ;	skipping generated iCode
                            156 ;cases/stack-restore/stack-restore_optSize_0.c:61: for (i = 0; i < 256; i++)
                            157 ;	skipping iCode since result will be rematerialized
                            158 ;	skipping iCode since result will be rematerialized
                            159 ;	skipping iCode since result will be rematerialized
                            160 ;	genAssign
                            161 ;	genMove_o size 2 result type 6 source type 1 a_dead 1 hl_dead 1 de_dead 1 iy_dead 1 f_dead 1
   003B AF            [ 4]  162 	xor	a, a
   003C DD 77 FE      [19]  163 	ld	-2 (ix), a
   003F DD 77 FF      [19]  164 	ld	-1 (ix), a
                            165 ;	genLabel
   0042                     166 00105$:
                            167 ;cases/stack-restore/stack-restore_optSize_0.c:63: ASSERT (x[i] == i);
                            168 ;	genPlus
                            169 ;	genMove_o size 2 result type 2 source type 10 a_dead 1 hl_dead 1 de_dead 1 iy_dead 1 f_dead 1
   0042 2Ar00s00      [16]  170 	ld	hl, (___numTests)
   0045 23            [ 6]  171 	inc	hl
                            172 ;	genMove_o size 2 result type 10 source type 2 a_dead 1 hl_dead 1 de_dead 1 iy_dead 1 f_dead 1
   0046 22r00s00      [16]  173 	ld	(___numTests), hl
                            174 ;	genLeftShift
                            175 ;	genMove_o size 2 result type 2 source type 6 a_dead 1 hl_dead 1 de_dead 1 iy_dead 1 f_dead 1
   0049 DD 4E FE      [19]  176 	ld	c, -2 (ix)
   004C 06 00         [ 7]  177 	ld	b, #0x00
                            178 ;	genMove_o size 0 result type 2 source type 1 a_dead 1 hl_dead 1 de_dead 1 iy_dead 1 f_dead 1
   004E CB 21         [ 8]  179 	sla	c
   0050 CB 10         [ 8]  180 	rl	b
                            181 ;	genPlus
                            182 ;	genMove_o size 2 result type 2 source type 2 a_dead 1 hl_dead 1 de_dead 1 iy_dead 0 f_dead 1
                            183 ;	genMove_o size 2 result type 2 source type 8 a_dead 1 hl_dead 1 de_dead 1 iy_dead 0 f_dead 1
   0052 21 00 00      [10]  184 	ld	hl, #0
   0055 39            [11]  185 	add	hl, sp
                            186 ;	genMove_o size 2 result type 2 source type 2 a_dead 1 hl_dead 1 de_dead 1 iy_dead 0 f_dead 1
   0056 09            [11]  187 	add	hl, bc
                            188 ;	genMove_o size 2 result type 6 source type 2 a_dead 1 hl_dead 1 de_dead 1 iy_dead 0 f_dead 1
                            189 ;	genMove_o size 0 result type 6 source type 1 a_dead 1 hl_dead 1 de_dead 1 iy_dead 0 f_dead 1
                            190 ;	genPointerGet
                            191 ;fetchPairLong
   0057 DD 75 FA      [19]  192 	ld	-6 (ix), l
   005A DD 74 FB      [19]  193 	ld	-5 (ix), h
                            194 ; common peephole 11 loaded lh from lh directly instead of going through -6 (ix) -5 (ix).
                            195 ; common peephole 0a removed redundant load from l into l.
                            196 ; common peephole 0a removed redundant load from h into h.
                            197 ;	_moveFrom_tpair_()
   005D 4E            [ 7]  198 	ld	c, (hl)
   005E 23            [ 6]  199 	inc	hl
                            200 ;	_moveFrom_tpair_()
   005F 46            [ 7]  201 	ld	b, (hl)
                            202 ;	genCast
                            203 ;	(locations are the same)
                            204 ;	genCast
                            205 ;	genMove_o size 2 result type 6 source type 6 a_dead 1 hl_dead 1 de_dead 1 iy_dead 1 f_dead 1
   0060 DD 7E FE      [19]  206 	ld	a, -2 (ix)
   0063 DD 77 F8      [19]  207 	ld	-8 (ix), a
   0066 DD 36 F9 00   [19]  208 	ld	-7 (ix), #0x00
                            209 ;	genMove_o size 0 result type 6 source type 1 a_dead 1 hl_dead 1 de_dead 1 iy_dead 1 f_dead 1
                            210 ;	genCmpEq
                            211 ;	genMove_o size 2 result type 2 source type 6 a_dead 1 hl_dead 1 de_dead 1 iy_dead 1 f_dead 1
   006A DD 6E F8      [19]  212 	ld	l, -8 (ix)
                            213 ;	genMove_o size 0 result type 2 source type 1 a_dead 1 hl_dead 1 de_dead 1 iy_dead 1 f_dead 1
                            214 ; common peephole 94a reused constant #0 loaded into register.
   006D AF            [ 4]  215 	xor	a, a
   006E 67            [ 4]  216 	ld	h, a
   006F ED 42         [15]  217 	sbc	hl, bc
                            218 ; common peephole 163 changed absolute to relative conditional jump.
   0071 28 11         [12]  219 	jr	z, 00110$
                            220 ; common peephole 81 removed jp by using inverse jump logic
                            221 ; common peephole 159 removed unused label 00154$.
                            222 ;	skipping generated iCode
                            223 ;	skipping iCode since result will be rematerialized
                            224 ;	skipping iCode since result will be rematerialized
                            225 ;	skipping iCode since result will be rematerialized
                            226 ;	genIpush
                            227 ;	genMove_o size 2 result type 2 source type 1 a_dead 1 hl_dead 1 de_dead 1 iy_dead 1 f_dead 1
   0073 21 3F 00      [10]  228 	ld	hl, #0x003f
   0076 E5            [11]  229 	push	hl
                            230 ;	genIpush
                            231 ;	genMove_o size 2 result type 2 source type 7 a_dead 1 hl_dead 1 de_dead 1 iy_dead 1 f_dead 1
   0077 21r02s01      [10]  232 	ld	hl, #___str_2
   007A E5            [11]  233 	push	hl
                            234 ;	genSend
                            235 ;	genMove_o size 2 result type 2 source type 7 a_dead 1 hl_dead 1 de_dead 1 iy_dead 1 f_dead 1
   007B 11rF8s00      [10]  236 	ld	de, #___str_1
                            237 ;	genSend
                            238 ;	genMove_o size 2 result type 2 source type 7 a_dead 1 hl_dead 1 de_dead 0 iy_dead 1 f_dead 1
   007E 21rE7s00      [10]  239 	ld	hl, #___str_0
                            240 ;	genCall
   0081 CDr00s00      [17]  241 	call	___fail
                            242 ;	genLabel
   0084                     243 00110$:
                            244 ;cases/stack-restore/stack-restore_optSize_0.c:64: casesOk += x[i] == i;
                            245 ;	genPointerGet
                            246 ;fetchPairLong
   0084 DD 6E FA      [19]  247 	ld	l, -6 (ix)
   0087 DD 66 FB      [19]  248 	ld	h, -5 (ix)
                            249 ;	_moveFrom_tpair_()
   008A 7E            [ 7]  250 	ld	a, (hl)
   008B 23            [ 6]  251 	inc	hl
                            252 ;	_moveFrom_tpair_()
   008C 4E            [ 7]  253 	ld	c, (hl)
                            254 ;	genCast
                            255 ;	genMove_o size 2 result type 6 source type 2 a_dead 1 hl_dead 1 de_dead 1 iy_dead 1 f_dead 1
   008D DD 77 FA      [19]  256 	ld	-6 (ix), a
   0090 DD 71 FB      [19]  257 	ld	-5 (ix), c
                            258 ;	genMove_o size 0 result type 6 source type 1 a_dead 1 hl_dead 1 de_dead 1 iy_dead 1 f_dead 1
                            259 ;	genCmpEq
                            260 ;	genMove_o size 1 result type 2 source type 6 a_dead 1 hl_dead 1 de_dead 1 iy_dead 1 f_dead 1
   0093 DD 7E FA      [19]  261 	ld	a, -6 (ix)
                            262 ;	genMove_o size 0 result type 2 source type 1 a_dead 1 hl_dead 1 de_dead 1 iy_dead 1 f_dead 1
   0096 DD 96 F8      [19]  263 	sub	a, -8 (ix)
                            264 ; common peephole 163 changed absolute to relative conditional jump.
   0099 20 08         [12]  265 	jr	nz, 00155$
                            266 ;	genMove_o size 1 result type 2 source type 6 a_dead 1 hl_dead 1 de_dead 1 iy_dead 1 f_dead 1
   009B DD 7E FB      [19]  267 	ld	a, -5 (ix)
                            268 ;	genMove_o size 0 result type 2 source type 1 a_dead 1 hl_dead 1 de_dead 1 iy_dead 1 f_dead 1
   009E B7            [ 4]  269 	or	a, a
   009F 3E 01         [ 7]  270 	ld	a, #0x01
                            271 ; common peephole 163 changed absolute to relative conditional jump.
   00A1 28 01         [12]  272 	jr	z, 00156$
                            273 ; common peephole 169xnz used double assignment in case of nz condition.
   00A3                     274 00155$:
   00A3 AF            [ 4]  275 	xor	a, a
   00A4                     276 00156$:
                            277 ;	genMove_o size 1 result type 6 source type 2 a_dead 1 hl_dead 1 de_dead 1 iy_dead 1 f_dead 1
                            278 ;	genMove_o size 0 result type 6 source type 1 a_dead 1 hl_dead 1 de_dead 1 iy_dead 1 f_dead 1
                            279 ;	genCast
                            280 ;	genMove_o size 1 result type 6 source type 6 a_dead 1 hl_dead 1 de_dead 1 iy_dead 1 f_dead 1
                            281 ; common peephole 33 loaded a from a instead of going through -5 (ix).
   00A4 DD 77 FB      [19]  282 	ld	-5 (ix), a
                            283 ; common peephole 0a removed redundant load from a into a.
   00A7 DD 77 F8      [19]  284 	ld	-8 (ix), a
                            285 ;	genMove_o size 0 result type 6 source type 1 a_dead 1 hl_dead 1 de_dead 1 iy_dead 1 f_dead 1
                            286 ;	genMove_o size 1 result type 6 source type 1 a_dead 1 hl_dead 1 de_dead 1 iy_dead 1 f_dead 1
   00AA DD 36 F9 00   [19]  287 	ld	-7 (ix), #0x00
                            288 ;	genCast
                            289 ;	genMove_o size 2 result type 6 source type 6 a_dead 1 hl_dead 1 de_dead 1 iy_dead 1 f_dead 1
   00AE DD 7E FC      [19]  290 	ld	a, -4 (ix)
   00B1 DD 77 FA      [19]  291 	ld	-6 (ix), a
   00B4 DD 7E FD      [19]  292 	ld	a, -3 (ix)
   00B7 DD 77 FB      [19]  293 	ld	-5 (ix), a
                            294 ;	genMove_o size 0 result type 6 source type 1 a_dead 1 hl_dead 1 de_dead 1 iy_dead 1 f_dead 1
                            295 ;	genPlus
                            296 ;	genMove_o size 2 result type 2 source type 6 a_dead 0 hl_dead 1 de_dead 0 iy_dead 0 f_dead 1
   00BA DD 5E F8      [19]  297 	ld	e, -8 (ix)
   00BD 16 00         [ 7]  298 	ld	d, #0x00
                            299 ;	genMove_o size 0 result type 2 source type 1 a_dead 0 hl_dead 1 de_dead 1 iy_dead 0 f_dead 1
                            300 ;	genMove_o size 2 result type 2 source type 6 a_dead 1 hl_dead 1 de_dead 0 iy_dead 0 f_dead 1
   00BF DD 6E FA      [19]  301 	ld	l, -6 (ix)
   00C2 DD 66 FB      [19]  302 	ld	h, -5 (ix)
                            303 ;	genMove_o size 0 result type 2 source type 1 a_dead 1 hl_dead 1 de_dead 0 iy_dead 0 f_dead 1
   00C5 19            [11]  304 	add	hl, de
                            305 ;	genMove_o size 2 result type 6 source type 2 a_dead 1 hl_dead 1 de_dead 0 iy_dead 0 f_dead 0
   00C6 DD 75 FC      [19]  306 	ld	-4 (ix), l
   00C9 DD 74 FD      [19]  307 	ld	-3 (ix), h
                            308 ;	genMove_o size 0 result type 6 source type 1 a_dead 1 hl_dead 1 de_dead 0 iy_dead 0 f_dead 0
                            309 ;	genCast
                            310 ;	(locations are the same)
                            311 ;cases/stack-restore/stack-restore_optSize_0.c:61: for (i = 0; i < 256; i++)
                            312 ;	genPlus
   00CC DD 34 FE      [23]  313 	inc	-2 (ix)
                            314 ; common peephole 163 changed absolute to relative conditional jump.
   00CF 20 03         [12]  315 	jr	nz, 00157$
   00D1 DD 34 FF      [23]  316 	inc	-1 (ix)
   00D4                     317 00157$:
                            318 ;	genCmpLt
   00D4 DD 7E FF      [19]  319 	ld	a, -1 (ix)
   00D7 D6 01         [ 7]  320 	sub	a, #0x01
   00D9 DAr42s00      [10]  321 	jp	c, 00105$
                            322 ;	skipping generated iCode
                            323 ;cases/stack-restore/stack-restore_optSize_0.c:66: return casesOk;
                            324 ;	genRet
                            325 ;	genMove_o size 2 result type 2 source type 6 a_dead 1 hl_dead 1 de_dead 1 iy_dead 1 f_dead 1
   00DC DD 5E FC      [19]  326 	ld	e, -4 (ix)
   00DF DD 56 FD      [19]  327 	ld	d, -3 (ix)
                            328 ;	genMove_o size 0 result type 2 source type 1 a_dead 1 hl_dead 1 de_dead 1 iy_dead 1 f_dead 1
                            329 ;	genLabel
                            330 ; common peephole 159 removed unused label 00107$.
                            331 ;cases/stack-restore/stack-restore_optSize_0.c:67: }
                            332 ;	genEndFunction
   00E2 DD F9         [10]  333 	ld	sp, ix
   00E4 DD E1         [14]  334 	pop	ix
   00E6 C9            [10]  335 	ret
                            336 ;	Total test_stack_restore_word function size at codegen: 5 bytes.
   00E7                     337 ___str_0:
   00E7 41 73 73 65 72 74   338 	.ascii "Assertion failed"
        69 6F 6E 20 66 61
        69 6C 65 64
   00F7 00                  339 	.db 0x00
   00F8                     340 ___str_1:
   00F8 78 5B 69 5D 20 3D   341 	.ascii "x[i] == i"
        3D 20 69
   0101 00                  342 	.db 0x00
   0102                     343 ___str_2:
   0102 63 61 73 65 73 2F   344 	.ascii "cases/stack-restore/stack-restore_optSize_0.c"
        73 74 61 63 6B 2D
        72 65 73 74 6F 72
        65 2F 73 74 61 63
        6B 2D 72 65 73 74
        6F 72 65 5F 6F 70
        74 53 69 7A 65 5F
        30 2E 63
   012F 00                  345 	.db 0x00
                            346 ;cases/stack-restore/stack-restore_optSize_0.c:72: testStackRestore(void)
                            347 ;	genLabel
                            348 ;	genFunction
                            349 ;	---------------------------------
                            350 ; Function testStackRestore
                            351 ; ---------------------------------
                            352 ;	Register assignment might be sub-optimal.
                            353 ; Stack space usage: 0 bytes.
   0130                     354 _testStackRestore:
                            355 ;cases/stack-restore/stack-restore_optSize_0.c:74: globalValue = 0;
                            356 ;	genAssign
                            357 ;	genMove_o size 1 result type 11 source type 1 a_dead 1 hl_dead 1 de_dead 1 iy_dead 1 f_dead 1
   0130 AF            [ 4]  358 	xor	a, a
   0131 32r00s00      [13]  359 	ld	(#_globalValue), a
                            360 ; common peephole 19 loaded (#_globalValue) from a directly instead of using hl.
                            361 ;cases/stack-restore/stack-restore_optSize_0.c:75: ASSERT(stack_restore_test_byte(0x5C) == 0);
                            362 ;	genPlus
                            363 ;	genMove_o size 2 result type 2 source type 10 a_dead 1 hl_dead 1 de_dead 1 iy_dead 1 f_dead 1
   0134 2Ar00s00      [16]  364 	ld	hl, (___numTests)
   0137 23            [ 6]  365 	inc	hl
                            366 ;	genMove_o size 2 result type 10 source type 2 a_dead 1 hl_dead 1 de_dead 1 iy_dead 1 f_dead 1
   0138 22r00s00      [16]  367 	ld	(___numTests), hl
                            368 ;	genSend
                            369 ;	genMove_o size 1 result type 2 source type 1 a_dead 1 hl_dead 1 de_dead 1 iy_dead 1 f_dead 1
   013B 3E 5C         [ 7]  370 	ld	a, #0x5c
                            371 ;	genCall
   013D CDr00s00      [17]  372 	call	_stack_restore_test_byte
                            373 ;	genMove_o size 1 result type 2 source type 2 a_dead 1 hl_dead 1 de_dead 1 iy_dead 1 f_dead 1
                            374 ;	genIfx
   0140 B7            [ 4]  375 	or	a, a
                            376 ; common peephole 163 changed absolute to relative conditional jump.
   0141 28 11         [12]  377 	jr	z, 00104$
                            378 ;	skipping iCode since result will be rematerialized
                            379 ;	skipping iCode since result will be rematerialized
                            380 ;	skipping iCode since result will be rematerialized
                            381 ;	skipping iCode since result will be rematerialized
                            382 ;	skipping iCode since result will be rematerialized
                            383 ;	skipping iCode since result will be rematerialized
                            384 ;	genIpush
                            385 ;	genMove_o size 2 result type 2 source type 1 a_dead 1 hl_dead 1 de_dead 1 iy_dead 1 f_dead 1
   0143 21 4B 00      [10]  386 	ld	hl, #0x004b
   0146 E5            [11]  387 	push	hl
                            388 ;	genIpush
                            389 ;	genMove_o size 2 result type 2 source type 7 a_dead 1 hl_dead 1 de_dead 1 iy_dead 1 f_dead 1
   0147 21rC9s01      [10]  390 	ld	hl, #___str_5
   014A E5            [11]  391 	push	hl
                            392 ;	genSend
                            393 ;	genMove_o size 2 result type 2 source type 7 a_dead 1 hl_dead 1 de_dead 1 iy_dead 1 f_dead 1
   014B 11rA6s01      [10]  394 	ld	de, #___str_4
                            395 ;	genSend
                            396 ;	genMove_o size 2 result type 2 source type 7 a_dead 1 hl_dead 1 de_dead 0 iy_dead 1 f_dead 1
   014E 21r95s01      [10]  397 	ld	hl, #___str_3
                            398 ;	genCall
   0151 CDr00s00      [17]  399 	call	___fail
                            400 ;	genLabel
   0154                     401 00104$:
                            402 ;cases/stack-restore/stack-restore_optSize_0.c:76: ASSERT(globalValue == 0x5C);
                            403 ;	genPlus
                            404 ;	genMove_o size 2 result type 2 source type 10 a_dead 1 hl_dead 1 de_dead 1 iy_dead 1 f_dead 1
   0154 2Ar00s00      [16]  405 	ld	hl, (___numTests)
   0157 23            [ 6]  406 	inc	hl
                            407 ;	genMove_o size 2 result type 10 source type 2 a_dead 1 hl_dead 1 de_dead 1 iy_dead 1 f_dead 1
   0158 22r00s00      [16]  408 	ld	(___numTests), hl
                            409 ;	genCmpEq
                            410 ;	genMove_o size 1 result type 2 source type 10 a_dead 1 hl_dead 1 de_dead 0 iy_dead 0 f_dead 1
   015B 3Ar00s00      [13]  411 	ld	a, (_globalValue)
   015E D6 5C         [ 7]  412 	sub	a, #0x5c
                            413 ; common peephole 163 changed absolute to relative conditional jump.
   0160 28 11         [12]  414 	jr	z, 00106$
                            415 ; common peephole 81 removed jp by using inverse jump logic
                            416 ; common peephole 159 removed unused label 00133$.
                            417 ;	skipping generated iCode
                            418 ;	skipping iCode since result will be rematerialized
                            419 ;	skipping iCode since result will be rematerialized
                            420 ;	skipping iCode since result will be rematerialized
                            421 ;	skipping iCode since result will be rematerialized
                            422 ;	skipping iCode since result will be rematerialized
                            423 ;	skipping iCode since result will be rematerialized
                            424 ;	genIpush
                            425 ;	genMove_o size 2 result type 2 source type 1 a_dead 1 hl_dead 1 de_dead 1 iy_dead 1 f_dead 1
   0162 21 4C 00      [10]  426 	ld	hl, #0x004c
   0165 E5            [11]  427 	push	hl
                            428 ;	genIpush
                            429 ;	genMove_o size 2 result type 2 source type 7 a_dead 1 hl_dead 1 de_dead 1 iy_dead 1 f_dead 1
   0166 21rC9s01      [10]  430 	ld	hl, #___str_5
   0169 E5            [11]  431 	push	hl
                            432 ;	genSend
                            433 ;	genMove_o size 2 result type 2 source type 7 a_dead 1 hl_dead 1 de_dead 1 iy_dead 1 f_dead 1
   016A 11rF7s01      [10]  434 	ld	de, #___str_6
                            435 ;	genSend
                            436 ;	genMove_o size 2 result type 2 source type 7 a_dead 1 hl_dead 1 de_dead 0 iy_dead 1 f_dead 1
   016D 21r95s01      [10]  437 	ld	hl, #___str_3
                            438 ;	genCall
   0170 CDr00s00      [17]  439 	call	___fail
                            440 ;	genLabel
   0173                     441 00106$:
                            442 ;cases/stack-restore/stack-restore_optSize_0.c:79: ASSERT(stack_restore_test_word() == 256);
                            443 ;	genPlus
                            444 ;	genMove_o size 2 result type 2 source type 10 a_dead 1 hl_dead 1 de_dead 1 iy_dead 1 f_dead 1
   0173 2Ar00s00      [16]  445 	ld	hl, (___numTests)
   0176 23            [ 6]  446 	inc	hl
                            447 ;	genMove_o size 2 result type 10 source type 2 a_dead 1 hl_dead 1 de_dead 1 iy_dead 1 f_dead 1
   0177 22r00s00      [16]  448 	ld	(___numTests), hl
                            449 ;	genCall
   017A CDr12s00      [17]  450 	call	_test_stack_restore_word
                            451 ;	genMove_o size 2 result type 2 source type 2 a_dead 1 hl_dead 1 de_dead 1 iy_dead 1 f_dead 1
                            452 ;	genCast
                            453 ;	genMove_o size 2 result type 2 source type 2 a_dead 1 hl_dead 1 de_dead 1 iy_dead 1 f_dead 1
   017D 7B            [ 4]  454 	ld	a, e
                            455 ;	genMove_o size 0 result type 2 source type 1 a_dead 1 hl_dead 1 de_dead 1 iy_dead 1 f_dead 1
                            456 ;	genCmpEq
   017E B7            [ 4]  457 	or	a, a
                            458 ; common peephole 163 changed absolute to relative conditional jump.
   017F 20 02         [12]  459 	jr	nz, 00134$
   0181 15            [ 4]  460 	dec	d
   0182 C8            [11]  461 	ret	z
                            462 ; common peephole 161 replaced jump by return.
                            463 ; common peephole 81 removed jp by using inverse jump logic
   0183                     464 00134$:
                            465 ;	skipping generated iCode
                            466 ;	skipping iCode since result will be rematerialized
                            467 ;	skipping iCode since result will be rematerialized
                            468 ;	skipping iCode since result will be rematerialized
                            469 ;	skipping iCode since result will be rematerialized
                            470 ;	skipping iCode since result will be rematerialized
                            471 ;	skipping iCode since result will be rematerialized
                            472 ;	genIpush
                            473 ;	genMove_o size 2 result type 2 source type 1 a_dead 1 hl_dead 1 de_dead 1 iy_dead 1 f_dead 1
   0183 21 4F 00      [10]  474 	ld	hl, #0x004f
   0186 E5            [11]  475 	push	hl
                            476 ;	genIpush
                            477 ;	genMove_o size 2 result type 2 source type 7 a_dead 1 hl_dead 1 de_dead 1 iy_dead 1 f_dead 1
   0187 21rC9s01      [10]  478 	ld	hl, #___str_5
   018A E5            [11]  479 	push	hl
                            480 ;	genSend
                            481 ;	genMove_o size 2 result type 2 source type 7 a_dead 1 hl_dead 1 de_dead 1 iy_dead 1 f_dead 1
   018B 11r0Bs02      [10]  482 	ld	de, #___str_7
                            483 ;	genSend
                            484 ;	genMove_o size 2 result type 2 source type 7 a_dead 1 hl_dead 1 de_dead 0 iy_dead 1 f_dead 1
   018E 21r95s01      [10]  485 	ld	hl, #___str_3
                            486 ;	genCall
   0191 CDr00s00      [17]  487 	call	___fail
                            488 ;	genLabel
                            489 ; common peephole 159 removed unused label 00101$.
                            490 ;cases/stack-restore/stack-restore_optSize_0.c:81: }
                            491 ;	genEndFunction
   0194 C9            [10]  492 	ret
                            493 ;	Total testStackRestore function size at codegen: 1 bytes.
   0195                     494 ___str_3:
   0195 41 73 73 65 72 74   495 	.ascii "Assertion failed"
        69 6F 6E 20 66 61
        69 6C 65 64
   01A5 00                  496 	.db 0x00
   01A6                     497 ___str_4:
   01A6 73 74 61 63 6B 5F   498 	.ascii "stack_restore_test_byte(0x5C) == 0"
        72 65 73 74 6F 72
        65 5F 74 65 73 74
        5F 62 79 74 65 28
        30 78 35 43 29 20
        3D 3D 20 30
   01C8 00                  499 	.db 0x00
   01C9                     500 ___str_5:
   01C9 63 61 73 65 73 2F   501 	.ascii "cases/stack-restore/stack-restore_optSize_0.c"
        73 74 61 63 6B 2D
        72 65 73 74 6F 72
        65 2F 73 74 61 63
        6B 2D 72 65 73 74
        6F 72 65 5F 6F 70
        74 53 69 7A 65 5F
        30 2E 63
   01F6 00                  502 	.db 0x00
   01F7                     503 ___str_6:
   01F7 67 6C 6F 62 61 6C   504 	.ascii "globalValue == 0x5C"
        56 61 6C 75 65 20
        3D 3D 20 30 78 35
        43
   020A 00                  505 	.db 0x00
   020B                     506 ___str_7:
   020B 73 74 61 63 6B 5F   507 	.ascii "stack_restore_test_word() == 256"
        72 65 73 74 6F 72
        65 5F 74 65 73 74
        5F 77 6F 72 64 28
        29 20 3D 3D 20 32
        35 36
   022B 00                  508 	.db 0x00
                            509 ;cases/stack-restore/stack-restore_optSize_0.c:85: __runSuite(void)
                            510 ;	genLabel
                            511 ;	genFunction
                            512 ;	---------------------------------
                            513 ; Function __runSuite
                            514 ; ---------------------------------
                            515 ;	Register assignment is optimal.
                            516 ; Stack space usage: 0 bytes.
   022C                     517 ___runSuite::
                            518 ;cases/stack-restore/stack-restore_optSize_0.c:87: __prints("Running testStackRestore\n");
                            519 ;	skipping iCode since result will be rematerialized
                            520 ;	skipping iCode since result will be rematerialized
                            521 ;	genSend
                            522 ;	genMove_o size 2 result type 2 source type 7 a_dead 1 hl_dead 1 de_dead 1 iy_dead 1 f_dead 1
   022C 21r35s02      [10]  523 	ld	hl, #___str_8
                            524 ;	genCall
   022F CDr00s00      [17]  525 	call	___prints
                            526 ;cases/stack-restore/stack-restore_optSize_0.c:88: testStackRestore();
                            527 ;	genCall
                            528 ;	genLabel
                            529 ; common peephole 159 removed unused label 00101$.
                            530 ;cases/stack-restore/stack-restore_optSize_0.c:89: }
                            531 ;	genEndFunction
   0232 C3r30s01      [10]  532 	jp	_testStackRestore
                            533 ; common peephole 152 removed unused ret.
                            534 ;	Total __runSuite function size at codegen: 1 bytes.
   0235                     535 ___str_8:
   0235 52 75 6E 6E 69 6E   536 	.ascii "Running testStackRestore"
        67 20 74 65 73 74
        53 74 61 63 6B 52
        65 73 74 6F 72 65
   024D 0A                  537 	.db 0x0a
   024E 00                  538 	.db 0x00
                            539 ;cases/stack-restore/stack-restore_optSize_0.c:94: __getSuiteName(void)
                            540 ;	genLabel
                            541 ;	genFunction
                            542 ;	---------------------------------
                            543 ; Function __getSuiteName
                            544 ; ---------------------------------
                            545 ;	Register assignment is optimal.
                            546 ; Stack space usage: 0 bytes.
   024F                     547 ___getSuiteName::
                            548 ;cases/stack-restore/stack-restore_optSize_0.c:96: return "stack-restore_optSize_0";
                            549 ;	skipping iCode since result will be rematerialized
                            550 ;	skipping iCode since result will be rematerialized
                            551 ;	genRet
                            552 ;	genMove_o size 2 result type 2 source type 7 a_dead 1 hl_dead 1 de_dead 1 iy_dead 1 f_dead 1
   024F 11r55s02      [10]  553 	ld	de, #___str_9
                            554 ;	genLabel
                            555 ; common peephole 159 removed unused label 00101$.
                            556 ;cases/stack-restore/stack-restore_optSize_0.c:97: }
                            557 ;	genEndFunction
   0252 C9            [10]  558 	ret
                            559 ;	Total __getSuiteName function size at codegen: 1 bytes.
   0253                     560 ___numCases:
   0253 01 00               561 	.dw #0x0001
   0255                     562 ___str_9:
   0255 73 74 61 63 6B 2D   563 	.ascii "stack-restore_optSize_0"
        72 65 73 74 6F 72
        65 5F 6F 70 74 53
        69 7A 65 5F 30
   026C 00                  564 	.db 0x00
                            565 	.area _CODE (BANK=_CSEG)
                            566 	.area _INITIALIZER
                            567 	.area _CABS (ABS)
