uCsim 0.9.9, Copyright (C) 1997 Daniel Drotos.
uCsim comes with ABSOLUTELY NO WARRANTY; for details type `show w'.
This is free software, and you are welcome to redistribute it
under certain conditions; type `show c' for details.
set error non-classified off
set error unknown_code off
set error memory off
set error stack off
set hw simif outputs 0xff
step 500000000 vclk
state
quit
1303 words read from gen/ucz80/rotate/rotate_size_8_msb_1.ihx
--- Running: rotate_size_8_msb_1
Running testRol
--- Summary: 0/7/1: 0 failed of 7 tests in 1 cases.

Stop at 0x000369: (110) Program stopped itself
F 0x000369
Simulated 22858 ticks (2.067e-03 sec)
Host usage: 0.001298 sec, rate=1.592415
CPU state= OK PC= 0x000369 frequency= 11059200 HZ
Operation since last reset= 5356 vclks
Inst= 2898 Fetch= 4182 Read= 642 Write= 532
Total time since last reset= 0.002067780671296 sec (22868 clks)
Time in isr = 0.000000000000000 sec (0 clks) 0.00%
Time in idle= 0.000000000000000 sec (0 clks) 0.00%
Most value of stack pointer= 0x000000
Simulation: stopped
Runtime: 0.011617 sec

--- Simulator: 1303/22868: 1303 bytes, 22868 ticks
