uCsim 0.9.9, Copyright (C) 1997 Daniel Drotos.
uCsim comes with ABSOLUTELY NO WARRANTY; for details type `show w'.
This is free software, and you are welcome to redistribute it
under certain conditions; type `show c' for details.
set error non-classified off
set error unknown_code off
set error memory off
set error stack off
set hw simif outputs 0xff
step 500000000 vclk
state
quit
1691 words read from gen/ucz80/iso646/iso646_type_char_attr_none_storage_static.ihx
--- Running: iso646_type_char_attr_none_storage_static
Running testTwoOpBitwise
Running testNot
Running testUnary
--- Summary: 0/18/3: 0 failed of 18 tests in 3 cases.

Stop at 0x000369: (110) Program stopped itself
F 0x000369
Simulated 35390 ticks (3.200e-03 sec)
Host usage: 0.002099 sec, rate=1.524533
CPU state= OK PC= 0x000369 frequency= 11059200 HZ
Operation since last reset= 8279 vclks
Inst= 4506 Fetch= 6432 Read= 998 Write= 849
Total time since last reset= 0.003200954861111 sec (35400 clks)
Time in isr = 0.000000000000000 sec (0 clks) 0.00%
Time in idle= 0.000000000000000 sec (0 clks) 0.00%
Most value of stack pointer= 0x000000
Simulation: stopped
Runtime: 0.013616 sec

--- Simulator: 1691/35400: 1691 bytes, 35400 ticks
