uCsim 0.9.9, Copyright (C) 1997 Daniel Drotos.
uCsim comes with ABSOLUTELY NO WARRANTY; for details type `show w'.
This is free software, and you are welcome to redistribute it
under certain conditions; type `show c' for details.
set error non-classified off
set error unknown_code off
set error memory off
set error stack off
set hw simif outputs 0xff
step 500000000 vclk
state
quit
2217 words read from gen/ucz80/rotate2/rotate2_size_16_andCase_2_xorLiteral_1_rotateLeft_1_structVar_1.ihx
--- Running: rotate2_size_16_andCase_2_xorLiteral_1_rotateLeft_1_structVar_1
Running testSwaps
--- Summary: 0/15/1: 0 failed of 15 tests in 1 cases.

Stop at 0x000369: (110) Program stopped itself
F 0x000369
Simulated 35579 ticks (3.217e-03 sec)
Host usage: 0.001829 sec, rate=1.759049
CPU state= OK PC= 0x000369 frequency= 11059200 HZ
Operation since last reset= 8333 vclks
Inst= 4488 Fetch= 6477 Read= 994 Write= 862
Total time since last reset= 0.003218044704861 sec (35589 clks)
Time in isr = 0.000000000000000 sec (0 clks) 0.00%
Time in idle= 0.000000000000000 sec (0 clks) 0.00%
Most value of stack pointer= 0x000000
Simulation: stopped
Runtime: 0.011954 sec

--- Simulator: 2217/35589: 2217 bytes, 35589 ticks
