                              1 ;--------------------------------------------------------
                              2 ; File Created by SDCC : free open source ISO C Compiler
                              3 ; Version 4.6.2 #16710 (Linux)
                              4 ;--------------------------------------------------------
                              5 	.module store8_typewidth_32
                              6 	
                              7 ;--------------------------------------------------------
                              8 ; Public variables in this module
                              9 ;--------------------------------------------------------
                             10 	.globl _testStore8
                             11 	.globl _stdc_memreverse8
                             12 	.globl ___prints
                             13 	.globl ___fail
                             14 	.globl _a
                             15 	.globl ___numCases
                             16 	.globl ___runSuite
                             17 	.globl ___getSuiteName
                             18 ;--------------------------------------------------------
                             19 ; special function registers
                             20 ;--------------------------------------------------------
                             21 ;--------------------------------------------------------
                             22 ; ram data
                             23 ;--------------------------------------------------------
                             24 	.area _DATA (BANK=_DSEG)
   0000                      25 _a::
   0000                      26 	.ds 4
                             27 ;--------------------------------------------------------
                             28 ; ram data
                             29 ;--------------------------------------------------------
                             30 	.area _INITIALIZED
                             31 ;--------------------------------------------------------
                             32 ; absolute ram data
                             33 ;--------------------------------------------------------
                             34 	.area _DABS (ABS)
                             35 	.area _DABS (ABS)
                             36 ;--------------------------------------------------------
                             37 ; global & static initialisations
                             38 ;--------------------------------------------------------
                             39 	.area _HOME
                             40 	.area _GSINIT
                             41 	.area _GSFINAL
                             42 	.area _GSINIT
                             43 ;--------------------------------------------------------
                             44 ; Home
                             45 ;--------------------------------------------------------
                             46 	.area _HOME (BANK=_CSEG)
                             47 	.area _HOME (BANK=_CSEG)
                             48 ;--------------------------------------------------------
                             49 ; code
                             50 ;--------------------------------------------------------
                             51 	.area _CODE (BANK=_CSEG)
                             52 ;cases/store8/store8_typewidth_32.c:27: void testStore8(void)
                             53 ;	genLabel
                             54 ;	genFunction
                             55 ;	---------------------------------
                             56 ; Function testStore8
                             57 ; ---------------------------------
                             58 ;	Register assignment might be sub-optimal.
                             59 ; Stack space usage: 4 bytes.
   0000                      60 _testStore8::
   0000 DD E5         [15]   61 	push	ix
   0002 DD 21 00 00   [14]   62 	ld	ix,	#0
   0006 DD 39         [15]   63 	add	ix, sp
                             64 ;	adjustStack by -4
   0008 F5            [11]   65 	push	af
   0009 F5            [11]   66 	push	af
                             67 ;cases/store8/store8_typewidth_32.c:30: STORE8LEU(UVALUE, a);
                             68 ;	skipping iCode since result will be rematerialized
                             69 ;	skipping iCode since result will be rematerialized
                             70 ;	skipping iCode since result will be rematerialized
                             71 ;	genAssign
                             72 ;	genMove_o size 4 result type 6 source type 1 a_dead 1 hl_dead 1 de_dead 1 iy_dead 1 f_dead 1
   000A DD 36 FC 55   [19]   73 	ld	-4 (ix), #0x55
   000E AF            [ 4]   74 	xor	a, a
   000F DD 77 FD      [19]   75 	ld	-3 (ix), a
   0012 DD 77 FE      [19]   76 	ld	-2 (ix), a
   0015 DD 36 FF AA   [19]   77 	ld	-1 (ix), #0xaa
                             78 ;../../device/include/stdbit.h:450: __STDC_STORE8(32)
                             79 ;	skipping iCode since result will be rematerialized
                             80 ;	skipping iCode since result will be rematerialized
                             81 ;	skipping iCode since result will be rematerialized
                             82 ;	genBuiltIn
                             83 ;	genMove_o size 2 result type 2 source type 7 a_dead 1 hl_dead 1 de_dead 1 iy_dead 1 f_dead 1
   0019 11r00s00      [10]   84 	ld	de, #_a
                             85 ;	genMove_o size 2 result type 2 source type 8 a_dead 1 hl_dead 1 de_dead 0 iy_dead 1 f_dead 1
   001C 21 00 00      [10]   86 	ld	hl, #0
   001F 39            [11]   87 	add	hl, sp
                             88 ;	genMove_o size 2 result type 2 source type 2 a_dead 1 hl_dead 1 de_dead 0 iy_dead 1 f_dead 1
                             89 ;fetchPairLong
   0020 01 04 00      [10]   90 	ld	bc, #0x0004
   0023 ED B0         [21]   91 	ldir
                             92 ;	skipping generated iCode
                             93 ;	skipping generated iCode
                             94 ;	skipping generated iCode
                             95 ;cases/store8/store8_typewidth_32.c:31: ASSERT(a[0] == 0x55 && a[sizeof(a) - 1] == 0xaa);
                             96 ;	genPlus
                             97 ;	genMove_o size 2 result type 2 source type 10 a_dead 1 hl_dead 1 de_dead 1 iy_dead 1 f_dead 1
   0025 2Ar00s00      [16]   98 	ld	hl, (___numTests)
   0028 23            [ 6]   99 	inc	hl
                            100 ;	genMove_o size 2 result type 10 source type 2 a_dead 1 hl_dead 1 de_dead 1 iy_dead 1 f_dead 1
   0029 22r00s00      [16]  101 	ld	(___numTests), hl
                            102 ;	genPointerGet
                            103 ;	_moveFrom_tpair_()
                            104 ;	skipping iCode since result will be rematerialized
                            105 ;	genCmpEq
                            106 ;	genMove_o size 1 result type 2 source type 2 a_dead 1 hl_dead 1 de_dead 0 iy_dead 0 f_dead 1
                            107 ; common peephole 9 loaded a from (hl) directly instead of going through c.
                            108 ; common peephole 18 loaded 0 into a directly instead of using hl.
   002C 3Ar00s00      [13]  109 	ld	a, (#_a + 0)
                            110 ;	genMove_o size 0 result type 2 source type 1 a_dead 1 hl_dead 1 de_dead 0 iy_dead 0 f_dead 1
   002F D6 55         [ 7]  111 	sub	a, #0x55
                            112 ; common peephole 81 removed jp by using inverse jump logic
                            113 ; common peephole 159 removed unused label 00215$.
                            114 ; common peephole 163 changed absolute to relative conditional jump.
   0031 20 07         [12]  115 	jr	nz, 00111$
                            116 ; common peephole 82 removed jp by using inverse jump logic
                            117 ; common peephole 159 removed unused label 00216$.
                            118 ;	skipping generated iCode
                            119 ;	genPointerGet
   0033 3Ar03s00      [13]  120 	ld	a, (#(_a + 3) + 0)
                            121 ;	genCmpEq
   0036 FE AA         [ 7]  122 	cp	a, #0xaa
                            123 ; common peephole 163 changed absolute to relative conditional jump.
   0038 28 11         [12]  124 	jr	z, 00112$
                            125 ; common peephole 81 removed jp by using inverse jump logic
                            126 ; common peephole 159 removed unused label 00217$.
                            127 ;	skipping generated iCode
                            128 ;	genLabel
   003A                     129 00111$:
                            130 ;	skipping iCode since result will be rematerialized
                            131 ;	skipping iCode since result will be rematerialized
                            132 ;	skipping iCode since result will be rematerialized
                            133 ;	skipping iCode since result will be rematerialized
                            134 ;	skipping iCode since result will be rematerialized
                            135 ;	skipping iCode since result will be rematerialized
                            136 ;	genIpush
                            137 ;	genMove_o size 2 result type 2 source type 1 a_dead 1 hl_dead 1 de_dead 1 iy_dead 1 f_dead 1
   003A 21 1F 00      [10]  138 	ld	hl, #0x001f
   003D E5            [11]  139 	push	hl
                            140 ;	genIpush
                            141 ;	genMove_o size 2 result type 2 source type 7 a_dead 1 hl_dead 1 de_dead 1 iy_dead 1 f_dead 1
   003E 21r75s02      [10]  142 	ld	hl, #___str_2
   0041 E5            [11]  143 	push	hl
                            144 ;	genSend
                            145 ;	genMove_o size 2 result type 2 source type 7 a_dead 1 hl_dead 1 de_dead 1 iy_dead 1 f_dead 1
   0042 11r4Cs02      [10]  146 	ld	de, #___str_1
                            147 ;	genSend
                            148 ;	genMove_o size 2 result type 2 source type 7 a_dead 1 hl_dead 1 de_dead 0 iy_dead 1 f_dead 1
   0045 21r3Bs02      [10]  149 	ld	hl, #___str_0
                            150 ;	genCall
   0048 CDr00s00      [17]  151 	call	___fail
                            152 ;	genLabel
   004B                     153 00112$:
                            154 ;cases/store8/store8_typewidth_32.c:32: STORE8BEU(UVALUE, a);
                            155 ;	skipping iCode since result will be rematerialized
                            156 ;	genAssign
                            157 ;	genMove_o size 4 result type 6 source type 1 a_dead 1 hl_dead 1 de_dead 1 iy_dead 1 f_dead 1
   004B DD 36 FC 55   [19]  158 	ld	-4 (ix), #0x55
   004F AF            [ 4]  159 	xor	a, a
   0050 DD 77 FD      [19]  160 	ld	-3 (ix), a
   0053 DD 77 FE      [19]  161 	ld	-2 (ix), a
   0056 DD 36 FF AA   [19]  162 	ld	-1 (ix), #0xaa
                            163 ;../../device/include/stdbit.h:450: __STDC_STORE8(32)
                            164 ;	skipping iCode since result will be rematerialized
                            165 ;	skipping iCode since result will be rematerialized
                            166 ;	skipping iCode since result will be rematerialized
                            167 ;	genBuiltIn
                            168 ;	genMove_o size 2 result type 2 source type 7 a_dead 1 hl_dead 1 de_dead 1 iy_dead 1 f_dead 1
   005A 11r00s00      [10]  169 	ld	de, #_a
                            170 ;	genMove_o size 2 result type 2 source type 8 a_dead 1 hl_dead 1 de_dead 0 iy_dead 1 f_dead 1
   005D 21 00 00      [10]  171 	ld	hl, #0
   0060 39            [11]  172 	add	hl, sp
                            173 ;	genMove_o size 2 result type 2 source type 2 a_dead 1 hl_dead 1 de_dead 0 iy_dead 1 f_dead 1
                            174 ;fetchPairLong
   0061 01 04 00      [10]  175 	ld	bc, #0x0004
   0064 ED B0         [21]  176 	ldir
                            177 ;	skipping generated iCode
                            178 ;	skipping generated iCode
                            179 ;	skipping generated iCode
                            180 ;	genSend
                            181 ;	genMove_o size 2 result type 2 source type 7 a_dead 1 hl_dead 1 de_dead 1 iy_dead 1 f_dead 1
   0066 11r00s00      [10]  182 	ld	de, #_a
                            183 ;	genSend
                            184 ;	genMove_o size 2 result type 2 source type 1 a_dead 1 hl_dead 1 de_dead 0 iy_dead 1 f_dead 1
   0069 21 04 00      [10]  185 	ld	hl, #0x0004
                            186 ;	genCall
   006C CDr00s00      [17]  187 	call	_stdc_memreverse8
                            188 ;cases/store8/store8_typewidth_32.c:33: ASSERT(a[0] == 0xaa && a[sizeof(a) - 1] == 0x55);
                            189 ;	genPlus
                            190 ;	genMove_o size 2 result type 2 source type 10 a_dead 1 hl_dead 1 de_dead 1 iy_dead 1 f_dead 1
   006F 2Ar00s00      [16]  191 	ld	hl, (___numTests)
   0072 23            [ 6]  192 	inc	hl
                            193 ;	genMove_o size 2 result type 10 source type 2 a_dead 1 hl_dead 1 de_dead 1 iy_dead 1 f_dead 1
   0073 22r00s00      [16]  194 	ld	(___numTests), hl
                            195 ;	genPointerGet
   0076 3Ar00s00      [13]  196 	ld	a, (#_a + 0)
                            197 ;	genCmpEq
   0079 FE AA         [ 7]  198 	cp	a, #0xaa
                            199 ; common peephole 81 removed jp by using inverse jump logic
                            200 ; common peephole 159 removed unused label 00218$.
                            201 ; common peephole 163 changed absolute to relative conditional jump.
   007B 20 07         [12]  202 	jr	nz, 00116$
                            203 ; common peephole 82 removed jp by using inverse jump logic
                            204 ; common peephole 159 removed unused label 00219$.
                            205 ;	skipping generated iCode
                            206 ;	genPointerGet
   007D 3Ar03s00      [13]  207 	ld	a, (#(_a + 3) + 0)
                            208 ;	genCmpEq
   0080 FE 55         [ 7]  209 	cp	a, #0x55
                            210 ; common peephole 163 changed absolute to relative conditional jump.
   0082 28 11         [12]  211 	jr	z, 00117$
                            212 ; common peephole 81 removed jp by using inverse jump logic
                            213 ; common peephole 159 removed unused label 00220$.
                            214 ;	skipping generated iCode
                            215 ;	genLabel
   0084                     216 00116$:
                            217 ;	skipping iCode since result will be rematerialized
                            218 ;	skipping iCode since result will be rematerialized
                            219 ;	skipping iCode since result will be rematerialized
                            220 ;	skipping iCode since result will be rematerialized
                            221 ;	skipping iCode since result will be rematerialized
                            222 ;	skipping iCode since result will be rematerialized
                            223 ;	genIpush
                            224 ;	genMove_o size 2 result type 2 source type 1 a_dead 1 hl_dead 1 de_dead 1 iy_dead 1 f_dead 1
   0084 21 21 00      [10]  225 	ld	hl, #0x0021
   0087 E5            [11]  226 	push	hl
                            227 ;	genIpush
                            228 ;	genMove_o size 2 result type 2 source type 7 a_dead 1 hl_dead 1 de_dead 1 iy_dead 1 f_dead 1
   0088 21r75s02      [10]  229 	ld	hl, #___str_2
   008B E5            [11]  230 	push	hl
                            231 ;	genSend
                            232 ;	genMove_o size 2 result type 2 source type 7 a_dead 1 hl_dead 1 de_dead 1 iy_dead 1 f_dead 1
   008C 11r98s02      [10]  233 	ld	de, #___str_3
                            234 ;	genSend
                            235 ;	genMove_o size 2 result type 2 source type 7 a_dead 1 hl_dead 1 de_dead 0 iy_dead 1 f_dead 1
   008F 21r3Bs02      [10]  236 	ld	hl, #___str_0
                            237 ;	genCall
   0092 CDr00s00      [17]  238 	call	___fail
                            239 ;	genLabel
   0095                     240 00117$:
                            241 ;cases/store8/store8_typewidth_32.c:34: STORE8LEUA(UVALUE, a);
                            242 ;	skipping iCode since result will be rematerialized
                            243 ;	genAssign
                            244 ;	genMove_o size 4 result type 6 source type 1 a_dead 1 hl_dead 1 de_dead 1 iy_dead 1 f_dead 1
   0095 DD 36 FC 55   [19]  245 	ld	-4 (ix), #0x55
   0099 AF            [ 4]  246 	xor	a, a
   009A DD 77 FD      [19]  247 	ld	-3 (ix), a
   009D DD 77 FE      [19]  248 	ld	-2 (ix), a
   00A0 DD 36 FF AA   [19]  249 	ld	-1 (ix), #0xaa
                            250 ;../../device/include/stdbit.h:450: __STDC_STORE8(32)
                            251 ;	skipping iCode since result will be rematerialized
                            252 ;	skipping iCode since result will be rematerialized
                            253 ;	skipping iCode since result will be rematerialized
                            254 ;	genBuiltIn
                            255 ;	genMove_o size 2 result type 2 source type 7 a_dead 1 hl_dead 1 de_dead 1 iy_dead 1 f_dead 1
   00A4 11r00s00      [10]  256 	ld	de, #_a
                            257 ;	genMove_o size 2 result type 2 source type 8 a_dead 1 hl_dead 1 de_dead 0 iy_dead 1 f_dead 1
   00A7 21 00 00      [10]  258 	ld	hl, #0
   00AA 39            [11]  259 	add	hl, sp
                            260 ;	genMove_o size 2 result type 2 source type 2 a_dead 1 hl_dead 1 de_dead 0 iy_dead 1 f_dead 1
                            261 ;fetchPairLong
   00AB 01 04 00      [10]  262 	ld	bc, #0x0004
   00AE ED B0         [21]  263 	ldir
                            264 ;	skipping generated iCode
                            265 ;	skipping generated iCode
                            266 ;	skipping generated iCode
                            267 ;cases/store8/store8_typewidth_32.c:35: ASSERT(a[0] == 0x55 && a[sizeof(a) - 1] == 0xaa);
                            268 ;	genPlus
                            269 ;	genMove_o size 2 result type 2 source type 10 a_dead 1 hl_dead 1 de_dead 1 iy_dead 1 f_dead 1
   00B0 2Ar00s00      [16]  270 	ld	hl, (___numTests)
   00B3 23            [ 6]  271 	inc	hl
                            272 ;	genMove_o size 2 result type 10 source type 2 a_dead 1 hl_dead 1 de_dead 1 iy_dead 1 f_dead 1
   00B4 22r00s00      [16]  273 	ld	(___numTests), hl
                            274 ;	genPointerGet
   00B7 3Ar00s00      [13]  275 	ld	a, (#_a + 0)
                            276 ;	genCmpEq
   00BA FE 55         [ 7]  277 	cp	a, #0x55
                            278 ; common peephole 81 removed jp by using inverse jump logic
                            279 ; common peephole 159 removed unused label 00221$.
                            280 ; common peephole 163 changed absolute to relative conditional jump.
   00BC 20 07         [12]  281 	jr	nz, 00121$
                            282 ; common peephole 82 removed jp by using inverse jump logic
                            283 ; common peephole 159 removed unused label 00222$.
                            284 ;	skipping generated iCode
                            285 ;	genPointerGet
   00BE 3Ar03s00      [13]  286 	ld	a, (#(_a + 3) + 0)
                            287 ;	genCmpEq
   00C1 FE AA         [ 7]  288 	cp	a, #0xaa
                            289 ; common peephole 163 changed absolute to relative conditional jump.
   00C3 28 11         [12]  290 	jr	z, 00122$
                            291 ; common peephole 81 removed jp by using inverse jump logic
                            292 ; common peephole 159 removed unused label 00223$.
                            293 ;	skipping generated iCode
                            294 ;	genLabel
   00C5                     295 00121$:
                            296 ;	skipping iCode since result will be rematerialized
                            297 ;	skipping iCode since result will be rematerialized
                            298 ;	skipping iCode since result will be rematerialized
                            299 ;	skipping iCode since result will be rematerialized
                            300 ;	skipping iCode since result will be rematerialized
                            301 ;	skipping iCode since result will be rematerialized
                            302 ;	genIpush
                            303 ;	genMove_o size 2 result type 2 source type 1 a_dead 1 hl_dead 1 de_dead 1 iy_dead 1 f_dead 1
   00C5 21 23 00      [10]  304 	ld	hl, #0x0023
   00C8 E5            [11]  305 	push	hl
                            306 ;	genIpush
                            307 ;	genMove_o size 2 result type 2 source type 7 a_dead 1 hl_dead 1 de_dead 1 iy_dead 1 f_dead 1
   00C9 21r75s02      [10]  308 	ld	hl, #___str_2
   00CC E5            [11]  309 	push	hl
                            310 ;	genSend
                            311 ;	genMove_o size 2 result type 2 source type 7 a_dead 1 hl_dead 1 de_dead 1 iy_dead 1 f_dead 1
   00CD 11r4Cs02      [10]  312 	ld	de, #___str_1
                            313 ;	genSend
                            314 ;	genMove_o size 2 result type 2 source type 7 a_dead 1 hl_dead 1 de_dead 0 iy_dead 1 f_dead 1
   00D0 21r3Bs02      [10]  315 	ld	hl, #___str_0
                            316 ;	genCall
   00D3 CDr00s00      [17]  317 	call	___fail
                            318 ;	genLabel
   00D6                     319 00122$:
                            320 ;cases/store8/store8_typewidth_32.c:36: STORE8BEUA(UVALUE, a);
                            321 ;	skipping iCode since result will be rematerialized
                            322 ;	genAssign
                            323 ;	genMove_o size 4 result type 6 source type 1 a_dead 1 hl_dead 1 de_dead 1 iy_dead 1 f_dead 1
   00D6 DD 36 FC 55   [19]  324 	ld	-4 (ix), #0x55
   00DA AF            [ 4]  325 	xor	a, a
   00DB DD 77 FD      [19]  326 	ld	-3 (ix), a
   00DE DD 77 FE      [19]  327 	ld	-2 (ix), a
   00E1 DD 36 FF AA   [19]  328 	ld	-1 (ix), #0xaa
                            329 ;../../device/include/stdbit.h:450: __STDC_STORE8(32)
                            330 ;	skipping iCode since result will be rematerialized
                            331 ;	skipping iCode since result will be rematerialized
                            332 ;	skipping iCode since result will be rematerialized
                            333 ;	genBuiltIn
                            334 ;	genMove_o size 2 result type 2 source type 7 a_dead 1 hl_dead 1 de_dead 1 iy_dead 1 f_dead 1
   00E5 11r00s00      [10]  335 	ld	de, #_a
                            336 ;	genMove_o size 2 result type 2 source type 8 a_dead 1 hl_dead 1 de_dead 0 iy_dead 1 f_dead 1
   00E8 21 00 00      [10]  337 	ld	hl, #0
   00EB 39            [11]  338 	add	hl, sp
                            339 ;	genMove_o size 2 result type 2 source type 2 a_dead 1 hl_dead 1 de_dead 0 iy_dead 1 f_dead 1
                            340 ;fetchPairLong
   00EC 01 04 00      [10]  341 	ld	bc, #0x0004
   00EF ED B0         [21]  342 	ldir
                            343 ;	skipping generated iCode
                            344 ;	skipping generated iCode
                            345 ;	skipping generated iCode
                            346 ;	genSend
                            347 ;	genMove_o size 2 result type 2 source type 7 a_dead 1 hl_dead 1 de_dead 1 iy_dead 1 f_dead 1
   00F1 11r00s00      [10]  348 	ld	de, #_a
                            349 ;	genSend
                            350 ;	genMove_o size 2 result type 2 source type 1 a_dead 1 hl_dead 1 de_dead 0 iy_dead 1 f_dead 1
   00F4 21 04 00      [10]  351 	ld	hl, #0x0004
                            352 ;	genCall
   00F7 CDr00s00      [17]  353 	call	_stdc_memreverse8
                            354 ;cases/store8/store8_typewidth_32.c:37: ASSERT(a[0] == 0xaa && a[sizeof(a) - 1] == 0x55);
                            355 ;	genPlus
                            356 ;	genMove_o size 2 result type 2 source type 10 a_dead 1 hl_dead 1 de_dead 1 iy_dead 1 f_dead 1
   00FA 2Ar00s00      [16]  357 	ld	hl, (___numTests)
   00FD 23            [ 6]  358 	inc	hl
                            359 ;	genMove_o size 2 result type 10 source type 2 a_dead 1 hl_dead 1 de_dead 1 iy_dead 1 f_dead 1
   00FE 22r00s00      [16]  360 	ld	(___numTests), hl
                            361 ;	genPointerGet
   0101 3Ar00s00      [13]  362 	ld	a, (#_a + 0)
                            363 ;	genCmpEq
   0104 FE AA         [ 7]  364 	cp	a, #0xaa
                            365 ; common peephole 81 removed jp by using inverse jump logic
                            366 ; common peephole 159 removed unused label 00224$.
                            367 ; common peephole 163 changed absolute to relative conditional jump.
   0106 20 07         [12]  368 	jr	nz, 00126$
                            369 ; common peephole 82 removed jp by using inverse jump logic
                            370 ; common peephole 159 removed unused label 00225$.
                            371 ;	skipping generated iCode
                            372 ;	genPointerGet
   0108 3Ar03s00      [13]  373 	ld	a, (#(_a + 3) + 0)
                            374 ;	genCmpEq
   010B FE 55         [ 7]  375 	cp	a, #0x55
                            376 ; common peephole 163 changed absolute to relative conditional jump.
   010D 28 11         [12]  377 	jr	z, 00127$
                            378 ; common peephole 81 removed jp by using inverse jump logic
                            379 ; common peephole 159 removed unused label 00226$.
                            380 ;	skipping generated iCode
                            381 ;	genLabel
   010F                     382 00126$:
                            383 ;	skipping iCode since result will be rematerialized
                            384 ;	skipping iCode since result will be rematerialized
                            385 ;	skipping iCode since result will be rematerialized
                            386 ;	skipping iCode since result will be rematerialized
                            387 ;	skipping iCode since result will be rematerialized
                            388 ;	skipping iCode since result will be rematerialized
                            389 ;	genIpush
                            390 ;	genMove_o size 2 result type 2 source type 1 a_dead 1 hl_dead 1 de_dead 1 iy_dead 1 f_dead 1
   010F 21 25 00      [10]  391 	ld	hl, #0x0025
   0112 E5            [11]  392 	push	hl
                            393 ;	genIpush
                            394 ;	genMove_o size 2 result type 2 source type 7 a_dead 1 hl_dead 1 de_dead 1 iy_dead 1 f_dead 1
   0113 21r75s02      [10]  395 	ld	hl, #___str_2
   0116 E5            [11]  396 	push	hl
                            397 ;	genSend
                            398 ;	genMove_o size 2 result type 2 source type 7 a_dead 1 hl_dead 1 de_dead 1 iy_dead 1 f_dead 1
   0117 11r98s02      [10]  399 	ld	de, #___str_3
                            400 ;	genSend
                            401 ;	genMove_o size 2 result type 2 source type 7 a_dead 1 hl_dead 1 de_dead 0 iy_dead 1 f_dead 1
   011A 21r3Bs02      [10]  402 	ld	hl, #___str_0
                            403 ;	genCall
   011D CDr00s00      [17]  404 	call	___fail
                            405 ;	genLabel
   0120                     406 00127$:
                            407 ;cases/store8/store8_typewidth_32.c:39: STORE8LES((STYPE)UVALUE, a);
                            408 ;	skipping iCode since result will be rematerialized
                            409 ;	genAssign
                            410 ;	genMove_o size 4 result type 6 source type 1 a_dead 1 hl_dead 1 de_dead 1 iy_dead 1 f_dead 1
   0120 DD 36 FC 55   [19]  411 	ld	-4 (ix), #0x55
   0124 AF            [ 4]  412 	xor	a, a
   0125 DD 77 FD      [19]  413 	ld	-3 (ix), a
   0128 DD 77 FE      [19]  414 	ld	-2 (ix), a
   012B DD 36 FF AA   [19]  415 	ld	-1 (ix), #0xaa
                            416 ;../../device/include/stdbit.h:450: __STDC_STORE8(32)
                            417 ;	skipping iCode since result will be rematerialized
                            418 ;	skipping iCode since result will be rematerialized
                            419 ;	skipping iCode since result will be rematerialized
                            420 ;	genBuiltIn
                            421 ;	genMove_o size 2 result type 2 source type 7 a_dead 1 hl_dead 1 de_dead 1 iy_dead 1 f_dead 1
   012F 11r00s00      [10]  422 	ld	de, #_a
                            423 ;	genMove_o size 2 result type 2 source type 8 a_dead 1 hl_dead 1 de_dead 0 iy_dead 1 f_dead 1
   0132 21 00 00      [10]  424 	ld	hl, #0
   0135 39            [11]  425 	add	hl, sp
                            426 ;	genMove_o size 2 result type 2 source type 2 a_dead 1 hl_dead 1 de_dead 0 iy_dead 1 f_dead 1
                            427 ;fetchPairLong
   0136 01 04 00      [10]  428 	ld	bc, #0x0004
   0139 ED B0         [21]  429 	ldir
                            430 ;	skipping generated iCode
                            431 ;	skipping generated iCode
                            432 ;	skipping generated iCode
                            433 ;cases/store8/store8_typewidth_32.c:40: ASSERT(a[0] == 0x55 && a[sizeof(a) - 1] == 0xaa);
                            434 ;	genPlus
                            435 ;	genMove_o size 2 result type 2 source type 10 a_dead 1 hl_dead 1 de_dead 1 iy_dead 1 f_dead 1
   013B 2Ar00s00      [16]  436 	ld	hl, (___numTests)
   013E 23            [ 6]  437 	inc	hl
                            438 ;	genMove_o size 2 result type 10 source type 2 a_dead 1 hl_dead 1 de_dead 1 iy_dead 1 f_dead 1
   013F 22r00s00      [16]  439 	ld	(___numTests), hl
                            440 ;	genPointerGet
   0142 3Ar00s00      [13]  441 	ld	a, (#_a + 0)
                            442 ;	genCmpEq
   0145 FE 55         [ 7]  443 	cp	a, #0x55
                            444 ; common peephole 81 removed jp by using inverse jump logic
                            445 ; common peephole 159 removed unused label 00227$.
                            446 ; common peephole 163 changed absolute to relative conditional jump.
   0147 20 07         [12]  447 	jr	nz, 00131$
                            448 ; common peephole 82 removed jp by using inverse jump logic
                            449 ; common peephole 159 removed unused label 00228$.
                            450 ;	skipping generated iCode
                            451 ;	genPointerGet
   0149 3Ar03s00      [13]  452 	ld	a, (#(_a + 3) + 0)
                            453 ;	genCmpEq
   014C FE AA         [ 7]  454 	cp	a, #0xaa
                            455 ; common peephole 163 changed absolute to relative conditional jump.
   014E 28 11         [12]  456 	jr	z, 00132$
                            457 ; common peephole 81 removed jp by using inverse jump logic
                            458 ; common peephole 159 removed unused label 00229$.
                            459 ;	skipping generated iCode
                            460 ;	genLabel
   0150                     461 00131$:
                            462 ;	skipping iCode since result will be rematerialized
                            463 ;	skipping iCode since result will be rematerialized
                            464 ;	skipping iCode since result will be rematerialized
                            465 ;	skipping iCode since result will be rematerialized
                            466 ;	skipping iCode since result will be rematerialized
                            467 ;	skipping iCode since result will be rematerialized
                            468 ;	genIpush
                            469 ;	genMove_o size 2 result type 2 source type 1 a_dead 1 hl_dead 1 de_dead 1 iy_dead 1 f_dead 1
   0150 21 28 00      [10]  470 	ld	hl, #0x0028
   0153 E5            [11]  471 	push	hl
                            472 ;	genIpush
                            473 ;	genMove_o size 2 result type 2 source type 7 a_dead 1 hl_dead 1 de_dead 1 iy_dead 1 f_dead 1
   0154 21r75s02      [10]  474 	ld	hl, #___str_2
   0157 E5            [11]  475 	push	hl
                            476 ;	genSend
                            477 ;	genMove_o size 2 result type 2 source type 7 a_dead 1 hl_dead 1 de_dead 1 iy_dead 1 f_dead 1
   0158 11r4Cs02      [10]  478 	ld	de, #___str_1
                            479 ;	genSend
                            480 ;	genMove_o size 2 result type 2 source type 7 a_dead 1 hl_dead 1 de_dead 0 iy_dead 1 f_dead 1
   015B 21r3Bs02      [10]  481 	ld	hl, #___str_0
                            482 ;	genCall
   015E CDr00s00      [17]  483 	call	___fail
                            484 ;	genLabel
   0161                     485 00132$:
                            486 ;cases/store8/store8_typewidth_32.c:41: STORE8BES((STYPE)UVALUE, a);
                            487 ;	skipping iCode since result will be rematerialized
                            488 ;	genAssign
                            489 ;	genMove_o size 4 result type 6 source type 1 a_dead 1 hl_dead 1 de_dead 1 iy_dead 1 f_dead 1
   0161 DD 36 FC 55   [19]  490 	ld	-4 (ix), #0x55
   0165 AF            [ 4]  491 	xor	a, a
   0166 DD 77 FD      [19]  492 	ld	-3 (ix), a
   0169 DD 77 FE      [19]  493 	ld	-2 (ix), a
   016C DD 36 FF AA   [19]  494 	ld	-1 (ix), #0xaa
                            495 ;../../device/include/stdbit.h:450: __STDC_STORE8(32)
                            496 ;	skipping iCode since result will be rematerialized
                            497 ;	skipping iCode since result will be rematerialized
                            498 ;	skipping iCode since result will be rematerialized
                            499 ;	genBuiltIn
                            500 ;	genMove_o size 2 result type 2 source type 7 a_dead 1 hl_dead 1 de_dead 1 iy_dead 1 f_dead 1
   0170 11r00s00      [10]  501 	ld	de, #_a
                            502 ;	genMove_o size 2 result type 2 source type 8 a_dead 1 hl_dead 1 de_dead 0 iy_dead 1 f_dead 1
   0173 21 00 00      [10]  503 	ld	hl, #0
   0176 39            [11]  504 	add	hl, sp
                            505 ;	genMove_o size 2 result type 2 source type 2 a_dead 1 hl_dead 1 de_dead 0 iy_dead 1 f_dead 1
                            506 ;fetchPairLong
   0177 01 04 00      [10]  507 	ld	bc, #0x0004
   017A ED B0         [21]  508 	ldir
                            509 ;	skipping generated iCode
                            510 ;	skipping generated iCode
                            511 ;	skipping generated iCode
                            512 ;	genSend
                            513 ;	genMove_o size 2 result type 2 source type 7 a_dead 1 hl_dead 1 de_dead 1 iy_dead 1 f_dead 1
   017C 11r00s00      [10]  514 	ld	de, #_a
                            515 ;	genSend
                            516 ;	genMove_o size 2 result type 2 source type 1 a_dead 1 hl_dead 1 de_dead 0 iy_dead 1 f_dead 1
   017F 21 04 00      [10]  517 	ld	hl, #0x0004
                            518 ;	genCall
   0182 CDr00s00      [17]  519 	call	_stdc_memreverse8
                            520 ;cases/store8/store8_typewidth_32.c:42: ASSERT(a[0] == 0xaa && a[sizeof(a) - 1] == 0x55);
                            521 ;	genPlus
                            522 ;	genMove_o size 2 result type 2 source type 10 a_dead 1 hl_dead 1 de_dead 1 iy_dead 1 f_dead 1
   0185 2Ar00s00      [16]  523 	ld	hl, (___numTests)
   0188 23            [ 6]  524 	inc	hl
                            525 ;	genMove_o size 2 result type 10 source type 2 a_dead 1 hl_dead 1 de_dead 1 iy_dead 1 f_dead 1
   0189 22r00s00      [16]  526 	ld	(___numTests), hl
                            527 ;	genPointerGet
   018C 3Ar00s00      [13]  528 	ld	a, (#_a + 0)
                            529 ;	genCmpEq
   018F FE AA         [ 7]  530 	cp	a, #0xaa
                            531 ; common peephole 81 removed jp by using inverse jump logic
                            532 ; common peephole 159 removed unused label 00230$.
                            533 ; common peephole 163 changed absolute to relative conditional jump.
   0191 20 07         [12]  534 	jr	nz, 00136$
                            535 ; common peephole 82 removed jp by using inverse jump logic
                            536 ; common peephole 159 removed unused label 00231$.
                            537 ;	skipping generated iCode
                            538 ;	genPointerGet
   0193 3Ar03s00      [13]  539 	ld	a, (#(_a + 3) + 0)
                            540 ;	genCmpEq
   0196 FE 55         [ 7]  541 	cp	a, #0x55
                            542 ; common peephole 163 changed absolute to relative conditional jump.
   0198 28 11         [12]  543 	jr	z, 00137$
                            544 ; common peephole 81 removed jp by using inverse jump logic
                            545 ; common peephole 159 removed unused label 00232$.
                            546 ;	skipping generated iCode
                            547 ;	genLabel
   019A                     548 00136$:
                            549 ;	skipping iCode since result will be rematerialized
                            550 ;	skipping iCode since result will be rematerialized
                            551 ;	skipping iCode since result will be rematerialized
                            552 ;	skipping iCode since result will be rematerialized
                            553 ;	skipping iCode since result will be rematerialized
                            554 ;	skipping iCode since result will be rematerialized
                            555 ;	genIpush
                            556 ;	genMove_o size 2 result type 2 source type 1 a_dead 1 hl_dead 1 de_dead 1 iy_dead 1 f_dead 1
   019A 21 2A 00      [10]  557 	ld	hl, #0x002a
   019D E5            [11]  558 	push	hl
                            559 ;	genIpush
                            560 ;	genMove_o size 2 result type 2 source type 7 a_dead 1 hl_dead 1 de_dead 1 iy_dead 1 f_dead 1
   019E 21r75s02      [10]  561 	ld	hl, #___str_2
   01A1 E5            [11]  562 	push	hl
                            563 ;	genSend
                            564 ;	genMove_o size 2 result type 2 source type 7 a_dead 1 hl_dead 1 de_dead 1 iy_dead 1 f_dead 1
   01A2 11r98s02      [10]  565 	ld	de, #___str_3
                            566 ;	genSend
                            567 ;	genMove_o size 2 result type 2 source type 7 a_dead 1 hl_dead 1 de_dead 0 iy_dead 1 f_dead 1
   01A5 21r3Bs02      [10]  568 	ld	hl, #___str_0
                            569 ;	genCall
   01A8 CDr00s00      [17]  570 	call	___fail
                            571 ;	genLabel
   01AB                     572 00137$:
                            573 ;cases/store8/store8_typewidth_32.c:43: STORE8LESA((STYPE)UVALUE, a);
                            574 ;	skipping iCode since result will be rematerialized
                            575 ;	genAssign
                            576 ;	genMove_o size 4 result type 6 source type 1 a_dead 1 hl_dead 1 de_dead 1 iy_dead 1 f_dead 1
   01AB DD 36 FC 55   [19]  577 	ld	-4 (ix), #0x55
   01AF AF            [ 4]  578 	xor	a, a
   01B0 DD 77 FD      [19]  579 	ld	-3 (ix), a
   01B3 DD 77 FE      [19]  580 	ld	-2 (ix), a
   01B6 DD 36 FF AA   [19]  581 	ld	-1 (ix), #0xaa
                            582 ;../../device/include/stdbit.h:450: __STDC_STORE8(32)
                            583 ;	skipping iCode since result will be rematerialized
                            584 ;	skipping iCode since result will be rematerialized
                            585 ;	skipping iCode since result will be rematerialized
                            586 ;	genBuiltIn
                            587 ;	genMove_o size 2 result type 2 source type 7 a_dead 1 hl_dead 1 de_dead 1 iy_dead 1 f_dead 1
   01BA 11r00s00      [10]  588 	ld	de, #_a
                            589 ;	genMove_o size 2 result type 2 source type 8 a_dead 1 hl_dead 1 de_dead 0 iy_dead 1 f_dead 1
   01BD 21 00 00      [10]  590 	ld	hl, #0
   01C0 39            [11]  591 	add	hl, sp
                            592 ;	genMove_o size 2 result type 2 source type 2 a_dead 1 hl_dead 1 de_dead 0 iy_dead 1 f_dead 1
                            593 ;fetchPairLong
   01C1 01 04 00      [10]  594 	ld	bc, #0x0004
   01C4 ED B0         [21]  595 	ldir
                            596 ;	skipping generated iCode
                            597 ;	skipping generated iCode
                            598 ;	skipping generated iCode
                            599 ;cases/store8/store8_typewidth_32.c:44: ASSERT(a[0] == 0x55 && a[sizeof(a) - 1] == 0xaa);
                            600 ;	genPlus
                            601 ;	genMove_o size 2 result type 2 source type 10 a_dead 1 hl_dead 1 de_dead 1 iy_dead 1 f_dead 1
   01C6 2Ar00s00      [16]  602 	ld	hl, (___numTests)
   01C9 23            [ 6]  603 	inc	hl
                            604 ;	genMove_o size 2 result type 10 source type 2 a_dead 1 hl_dead 1 de_dead 1 iy_dead 1 f_dead 1
   01CA 22r00s00      [16]  605 	ld	(___numTests), hl
                            606 ;	genPointerGet
   01CD 3Ar00s00      [13]  607 	ld	a, (#_a + 0)
                            608 ;	genCmpEq
   01D0 FE 55         [ 7]  609 	cp	a, #0x55
                            610 ; common peephole 81 removed jp by using inverse jump logic
                            611 ; common peephole 159 removed unused label 00233$.
                            612 ; common peephole 163 changed absolute to relative conditional jump.
   01D2 20 07         [12]  613 	jr	nz, 00141$
                            614 ; common peephole 82 removed jp by using inverse jump logic
                            615 ; common peephole 159 removed unused label 00234$.
                            616 ;	skipping generated iCode
                            617 ;	genPointerGet
   01D4 3Ar03s00      [13]  618 	ld	a, (#(_a + 3) + 0)
                            619 ;	genCmpEq
   01D7 FE AA         [ 7]  620 	cp	a, #0xaa
                            621 ; common peephole 163 changed absolute to relative conditional jump.
   01D9 28 11         [12]  622 	jr	z, 00142$
                            623 ; common peephole 81 removed jp by using inverse jump logic
                            624 ; common peephole 159 removed unused label 00235$.
                            625 ;	skipping generated iCode
                            626 ;	genLabel
   01DB                     627 00141$:
                            628 ;	skipping iCode since result will be rematerialized
                            629 ;	skipping iCode since result will be rematerialized
                            630 ;	skipping iCode since result will be rematerialized
                            631 ;	skipping iCode since result will be rematerialized
                            632 ;	skipping iCode since result will be rematerialized
                            633 ;	skipping iCode since result will be rematerialized
                            634 ;	genIpush
                            635 ;	genMove_o size 2 result type 2 source type 1 a_dead 1 hl_dead 1 de_dead 1 iy_dead 1 f_dead 1
   01DB 21 2C 00      [10]  636 	ld	hl, #0x002c
   01DE E5            [11]  637 	push	hl
                            638 ;	genIpush
                            639 ;	genMove_o size 2 result type 2 source type 7 a_dead 1 hl_dead 1 de_dead 1 iy_dead 1 f_dead 1
   01DF 21r75s02      [10]  640 	ld	hl, #___str_2
   01E2 E5            [11]  641 	push	hl
                            642 ;	genSend
                            643 ;	genMove_o size 2 result type 2 source type 7 a_dead 1 hl_dead 1 de_dead 1 iy_dead 1 f_dead 1
   01E3 11r4Cs02      [10]  644 	ld	de, #___str_1
                            645 ;	genSend
                            646 ;	genMove_o size 2 result type 2 source type 7 a_dead 1 hl_dead 1 de_dead 0 iy_dead 1 f_dead 1
   01E6 21r3Bs02      [10]  647 	ld	hl, #___str_0
                            648 ;	genCall
   01E9 CDr00s00      [17]  649 	call	___fail
                            650 ;	genLabel
   01EC                     651 00142$:
                            652 ;cases/store8/store8_typewidth_32.c:45: STORE8BESA((STYPE)UVALUE, a);
                            653 ;	skipping iCode since result will be rematerialized
                            654 ;	genAssign
                            655 ;	genMove_o size 4 result type 6 source type 1 a_dead 1 hl_dead 1 de_dead 1 iy_dead 1 f_dead 1
   01EC DD 36 FC 55   [19]  656 	ld	-4 (ix), #0x55
   01F0 AF            [ 4]  657 	xor	a, a
   01F1 DD 77 FD      [19]  658 	ld	-3 (ix), a
   01F4 DD 77 FE      [19]  659 	ld	-2 (ix), a
   01F7 DD 36 FF AA   [19]  660 	ld	-1 (ix), #0xaa
                            661 ;../../device/include/stdbit.h:450: __STDC_STORE8(32)
                            662 ;	skipping iCode since result will be rematerialized
                            663 ;	skipping iCode since result will be rematerialized
                            664 ;	skipping iCode since result will be rematerialized
                            665 ;	genBuiltIn
                            666 ;	genMove_o size 2 result type 2 source type 7 a_dead 1 hl_dead 1 de_dead 1 iy_dead 1 f_dead 1
   01FB 11r00s00      [10]  667 	ld	de, #_a
                            668 ;	genMove_o size 2 result type 2 source type 8 a_dead 1 hl_dead 1 de_dead 0 iy_dead 1 f_dead 1
   01FE 21 00 00      [10]  669 	ld	hl, #0
   0201 39            [11]  670 	add	hl, sp
                            671 ;	genMove_o size 2 result type 2 source type 2 a_dead 1 hl_dead 1 de_dead 0 iy_dead 1 f_dead 1
                            672 ;fetchPairLong
   0202 01 04 00      [10]  673 	ld	bc, #0x0004
   0205 ED B0         [21]  674 	ldir
                            675 ;	skipping generated iCode
                            676 ;	skipping generated iCode
                            677 ;	skipping generated iCode
                            678 ;	genSend
                            679 ;	genMove_o size 2 result type 2 source type 7 a_dead 1 hl_dead 1 de_dead 1 iy_dead 1 f_dead 1
   0207 11r00s00      [10]  680 	ld	de, #_a
                            681 ;	genSend
                            682 ;	genMove_o size 2 result type 2 source type 1 a_dead 1 hl_dead 1 de_dead 0 iy_dead 1 f_dead 1
   020A 21 04 00      [10]  683 	ld	hl, #0x0004
                            684 ;	genCall
   020D CDr00s00      [17]  685 	call	_stdc_memreverse8
                            686 ;cases/store8/store8_typewidth_32.c:46: ASSERT(a[0] == 0xaa && a[sizeof(a) - 1] == 0x55);
                            687 ;	genPlus
                            688 ;	genMove_o size 2 result type 2 source type 10 a_dead 1 hl_dead 1 de_dead 1 iy_dead 1 f_dead 1
   0210 2Ar00s00      [16]  689 	ld	hl, (___numTests)
   0213 23            [ 6]  690 	inc	hl
                            691 ;	genMove_o size 2 result type 10 source type 2 a_dead 1 hl_dead 1 de_dead 1 iy_dead 1 f_dead 1
   0214 22r00s00      [16]  692 	ld	(___numTests), hl
                            693 ;	genPointerGet
   0217 3Ar00s00      [13]  694 	ld	a, (#_a + 0)
                            695 ;	genCmpEq
   021A FE AA         [ 7]  696 	cp	a, #0xaa
                            697 ; common peephole 81 removed jp by using inverse jump logic
                            698 ; common peephole 159 removed unused label 00236$.
                            699 ; common peephole 163 changed absolute to relative conditional jump.
   021C 20 07         [12]  700 	jr	nz, 00146$
                            701 ; common peephole 82 removed jp by using inverse jump logic
                            702 ; common peephole 159 removed unused label 00237$.
                            703 ;	skipping generated iCode
                            704 ;	genPointerGet
   021E 3Ar03s00      [13]  705 	ld	a, (#(_a + 3) + 0)
                            706 ;	genCmpEq
   0221 FE 55         [ 7]  707 	cp	a, #0x55
                            708 ; common peephole 163 changed absolute to relative conditional jump.
   0223 28 11         [12]  709 	jr	z, 00109$
                            710 ; common peephole 81 removed jp by using inverse jump logic
                            711 ; common peephole 159 removed unused label 00238$.
                            712 ;	skipping generated iCode
                            713 ;	genLabel
   0225                     714 00146$:
                            715 ;	skipping iCode since result will be rematerialized
                            716 ;	skipping iCode since result will be rematerialized
                            717 ;	skipping iCode since result will be rematerialized
                            718 ;	skipping iCode since result will be rematerialized
                            719 ;	skipping iCode since result will be rematerialized
                            720 ;	skipping iCode since result will be rematerialized
                            721 ;	genIpush
                            722 ;	genMove_o size 2 result type 2 source type 1 a_dead 1 hl_dead 1 de_dead 1 iy_dead 1 f_dead 1
   0225 21 2E 00      [10]  723 	ld	hl, #0x002e
   0228 E5            [11]  724 	push	hl
                            725 ;	genIpush
                            726 ;	genMove_o size 2 result type 2 source type 7 a_dead 1 hl_dead 1 de_dead 1 iy_dead 1 f_dead 1
   0229 21r75s02      [10]  727 	ld	hl, #___str_2
   022C E5            [11]  728 	push	hl
                            729 ;	genSend
                            730 ;	genMove_o size 2 result type 2 source type 7 a_dead 1 hl_dead 1 de_dead 1 iy_dead 1 f_dead 1
   022D 11r98s02      [10]  731 	ld	de, #___str_3
                            732 ;	genSend
                            733 ;	genMove_o size 2 result type 2 source type 7 a_dead 1 hl_dead 1 de_dead 0 iy_dead 1 f_dead 1
   0230 21r3Bs02      [10]  734 	ld	hl, #___str_0
                            735 ;	genCall
   0233 CDr00s00      [17]  736 	call	___fail
                            737 ;	genLabel
   0236                     738 00109$:
                            739 ;cases/store8/store8_typewidth_32.c:48: }
                            740 ;	genEndFunction
   0236 DD F9         [10]  741 	ld	sp, ix
   0238 DD E1         [14]  742 	pop	ix
   023A C9            [10]  743 	ret
                            744 ;	Total testStore8 function size at codegen: 24 bytes.
   023B                     745 ___str_0:
   023B 41 73 73 65 72 74   746 	.ascii "Assertion failed"
        69 6F 6E 20 66 61
        69 6C 65 64
   024B 00                  747 	.db 0x00
   024C                     748 ___str_1:
   024C 61 5B 30 5D 20 3D   749 	.ascii "a[0] == 0x55 && a[sizeof(a) - 1] == 0xaa"
        3D 20 30 78 35 35
        20 26 26 20 61 5B
        73 69 7A 65 6F 66
        28 61 29 20 2D 20
        31 5D 20 3D 3D 20
        30 78 61 61
   0274 00                  750 	.db 0x00
   0275                     751 ___str_2:
   0275 63 61 73 65 73 2F   752 	.ascii "cases/store8/store8_typewidth_32.c"
        73 74 6F 72 65 38
        2F 73 74 6F 72 65
        38 5F 74 79 70 65
        77 69 64 74 68 5F
        33 32 2E 63
   0297 00                  753 	.db 0x00
   0298                     754 ___str_3:
   0298 61 5B 30 5D 20 3D   755 	.ascii "a[0] == 0xaa && a[sizeof(a) - 1] == 0x55"
        3D 20 30 78 61 61
        20 26 26 20 61 5B
        73 69 7A 65 6F 66
        28 61 29 20 2D 20
        31 5D 20 3D 3D 20
        30 78 35 35
   02C0 00                  756 	.db 0x00
                            757 ;cases/store8/store8_typewidth_32.c:52: __runSuite(void)
                            758 ;	genLabel
                            759 ;	genFunction
                            760 ;	---------------------------------
                            761 ; Function __runSuite
                            762 ; ---------------------------------
                            763 ;	Register assignment is optimal.
                            764 ; Stack space usage: 0 bytes.
   02C1                     765 ___runSuite::
                            766 ;cases/store8/store8_typewidth_32.c:54: __prints("Running testStore8\n");
                            767 ;	skipping iCode since result will be rematerialized
                            768 ;	skipping iCode since result will be rematerialized
                            769 ;	genSend
                            770 ;	genMove_o size 2 result type 2 source type 7 a_dead 1 hl_dead 1 de_dead 1 iy_dead 1 f_dead 1
   02C1 21rCAs02      [10]  771 	ld	hl, #___str_4
                            772 ;	genCall
   02C4 CDr00s00      [17]  773 	call	___prints
                            774 ;cases/store8/store8_typewidth_32.c:55: testStore8();
                            775 ;	genCall
                            776 ;	genLabel
                            777 ; common peephole 159 removed unused label 00101$.
                            778 ;cases/store8/store8_typewidth_32.c:56: }
                            779 ;	genEndFunction
   02C7 C3r00s00      [10]  780 	jp	_testStore8
                            781 ; common peephole 152 removed unused ret.
                            782 ;	Total __runSuite function size at codegen: 1 bytes.
   02CA                     783 ___str_4:
   02CA 52 75 6E 6E 69 6E   784 	.ascii "Running testStore8"
        67 20 74 65 73 74
        53 74 6F 72 65 38
   02DC 0A                  785 	.db 0x0a
   02DD 00                  786 	.db 0x00
                            787 ;cases/store8/store8_typewidth_32.c:61: __getSuiteName(void)
                            788 ;	genLabel
                            789 ;	genFunction
                            790 ;	---------------------------------
                            791 ; Function __getSuiteName
                            792 ; ---------------------------------
                            793 ;	Register assignment is optimal.
                            794 ; Stack space usage: 0 bytes.
   02DE                     795 ___getSuiteName::
                            796 ;cases/store8/store8_typewidth_32.c:63: return "store8_typewidth_32";
                            797 ;	skipping iCode since result will be rematerialized
                            798 ;	skipping iCode since result will be rematerialized
                            799 ;	genRet
                            800 ;	genMove_o size 2 result type 2 source type 7 a_dead 1 hl_dead 1 de_dead 1 iy_dead 1 f_dead 1
   02DE 11rE4s02      [10]  801 	ld	de, #___str_5
                            802 ;	genLabel
                            803 ; common peephole 159 removed unused label 00101$.
                            804 ;cases/store8/store8_typewidth_32.c:64: }
                            805 ;	genEndFunction
   02E1 C9            [10]  806 	ret
                            807 ;	Total __getSuiteName function size at codegen: 1 bytes.
   02E2                     808 ___numCases:
   02E2 01 00               809 	.dw #0x0001
   02E4                     810 ___str_5:
   02E4 73 74 6F 72 65 38   811 	.ascii "store8_typewidth_32"
        5F 74 79 70 65 77
        69 64 74 68 5F 33
        32
   02F7 00                  812 	.db 0x00
                            813 	.area _CODE (BANK=_CSEG)
                            814 	.area _INITIALIZER
                            815 	.area _CABS (ABS)
