                              1 ;--------------------------------------------------------
                              2 ; File Created by SDCC : free open source ISO C Compiler
                              3 ; Version 4.6.2 #16710 (Linux)
                              4 ;--------------------------------------------------------
                              5 	.module bitinttofloat_width_48_sign_signed
                              6 	
                              7 ;--------------------------------------------------------
                              8 ; Public variables in this module
                              9 ;--------------------------------------------------------
                             10 	.globl _testCast
                             11 	.globl _to_float
                             12 	.globl ___prints
                             13 	.globl ___fail
                             14 	.globl ___numCases
                             15 	.globl ___runSuite
                             16 	.globl ___getSuiteName
                             17 ;--------------------------------------------------------
                             18 ; special function registers
                             19 ;--------------------------------------------------------
                             20 ;--------------------------------------------------------
                             21 ; ram data
                             22 ;--------------------------------------------------------
                             23 	.area _DATA (BANK=_DSEG)
                             24 ;--------------------------------------------------------
                             25 ; ram data
                             26 ;--------------------------------------------------------
                             27 	.area _INITIALIZED
                             28 ;--------------------------------------------------------
                             29 ; absolute ram data
                             30 ;--------------------------------------------------------
                             31 	.area _DABS (ABS)
                             32 	.area _DABS (ABS)
                             33 ;--------------------------------------------------------
                             34 ; global & static initialisations
                             35 ;--------------------------------------------------------
                             36 	.area _HOME
                             37 	.area _GSINIT
                             38 	.area _GSFINAL
                             39 	.area _GSINIT
                             40 ;--------------------------------------------------------
                             41 ; Home
                             42 ;--------------------------------------------------------
                             43 	.area _HOME (BANK=_CSEG)
                             44 	.area _HOME (BANK=_CSEG)
                             45 ;--------------------------------------------------------
                             46 ; code
                             47 ;--------------------------------------------------------
                             48 	.area _CODE (BANK=_CSEG)
                             49 ;cases/bitinttofloat/bitinttofloat_width_48_sign_signed.c:22: float to_float(bitinttype b)
                             50 ;	genLabel
                             51 ;	genFunction
                             52 ;	---------------------------------
                             53 ; Function to_float
                             54 ; ---------------------------------
                             55 ;	Register assignment is optimal.
                             56 ; Stack space usage: 8 bytes.
   0000                      57 _to_float::
                             58 ;	adjustStack by -8
   0000 21 F8 FF      [10]   59 	ld	hl, #-8
   0003 39            [11]   60 	add	hl, sp
   0004 F9            [ 6]   61 	ld	sp, hl
                             62 ;cases/bitinttofloat/bitinttofloat_width_48_sign_signed.c:24: return(b);
                             63 ;	genCast
                             64 ;	genMove_o size 5 result type 12 source type 12 a_dead 1 hl_dead 1 de_dead 1 iy_dead 1 f_dead 1
                             65 ; common peephole 63 used hl instead of iy.
                             66 ; common peephole 130a removed unnecessary +0 from constant
   0005 21 0A 00      [10]   67 	ld	hl, #10
   0008 39            [11]   68 	add	hl, sp
   0009 7E            [ 7]   69 	ld	a, (hl)
   000A FD 21 00 00   [14]   70 	ld	iy, #0
   000E FD 39         [15]   71 	add	iy, sp
   0010 FD 77 00      [19]   72 	ld	0 (iy), a
                             73 ; common peephole 63 used hl instead of iy.
                             74 ; common peephole 130b added +1 to immediate 10
   0013 21 0B 00      [10]   75 	ld	hl, #0xb
   0016 39            [11]   76 	add	hl, sp
   0017 7E            [ 7]   77 	ld	a, (hl)
   0018 FD 21 00 00   [14]   78 	ld	iy, #0
   001C FD 39         [15]   79 	add	iy, sp
   001E FD 77 01      [19]   80 	ld	1 (iy), a
                             81 ; common peephole 63 used hl instead of iy.
                             82 ; common peephole 130b added +2 to immediate 10
   0021 21 0C 00      [10]   83 	ld	hl, #0xc
   0024 39            [11]   84 	add	hl, sp
   0025 7E            [ 7]   85 	ld	a, (hl)
   0026 FD 21 00 00   [14]   86 	ld	iy, #0
   002A FD 39         [15]   87 	add	iy, sp
   002C FD 77 02      [19]   88 	ld	2 (iy), a
                             89 ; common peephole 63 used hl instead of iy.
                             90 ; common peephole 130b added +3 to immediate 10
   002F 21 0D 00      [10]   91 	ld	hl, #0xd
   0032 39            [11]   92 	add	hl, sp
   0033 7E            [ 7]   93 	ld	a, (hl)
   0034 FD 21 00 00   [14]   94 	ld	iy, #0
   0038 FD 39         [15]   95 	add	iy, sp
   003A FD 77 03      [19]   96 	ld	3 (iy), a
                             97 ; common peephole 63 used hl instead of iy.
                             98 ; common peephole 130b added +4 to immediate 10
   003D 21 0E 00      [10]   99 	ld	hl, #0xe
   0040 39            [11]  100 	add	hl, sp
   0041 7E            [ 7]  101 	ld	a, (hl)
   0042 FD 21 00 00   [14]  102 	ld	iy, #0
   0046 FD 39         [15]  103 	add	iy, sp
   0048 FD 77 04      [19]  104 	ld	4 (iy), a
                            105 ;	genMove_o size 0 result type 12 source type 1 a_dead 1 hl_dead 1 de_dead 1 iy_dead 1 f_dead 1
                            106 ;	genMove_o size 1 result type 2 source type 12 a_dead 1 hl_dead 1 de_dead 1 iy_dead 1 f_dead 1
                            107 ; common peephole 63 used hl instead of iy.
                            108 ; common peephole 130b added +5 to immediate 10
   004B 21 0F 00      [10]  109 	ld	hl, #0xf
   004E 39            [11]  110 	add	hl, sp
   004F 7E            [ 7]  111 	ld	a, (hl)
                            112 ;	genMove_o size 0 result type 2 source type 1 a_dead 1 hl_dead 1 de_dead 1 iy_dead 1 f_dead 1
   0050 FD 21 00 00   [14]  113 	ld	iy, #0
   0054 FD 39         [15]  114 	add	iy, sp
   0056 FD 77 05      [19]  115 	ld	5 (iy), a
   0059 07            [ 4]  116 	rlca
   005A 9F            [ 4]  117 	sbc	a, a
   005B FD 77 06      [19]  118 	ld	6 (iy), a
   005E FD 77 07      [19]  119 	ld	7 (iy), a
                            120 ;	genIpush
                            121 ;	genMove_o size 2 result type 2 source type 12 a_dead 1 hl_dead 1 de_dead 1 iy_dead 1 f_dead 1
   0061 FD 6E 06      [19]  122 	ld	l, 6 (iy)
                            123 ; common peephole 14 loaded 6 (iy) into l directly instead of going through a.
   0064 FD 66 07      [19]  124 	ld	h, 7 (iy)
                            125 ;	genMove_o size 0 result type 2 source type 1 a_dead 1 hl_dead 1 de_dead 1 iy_dead 1 f_dead 1
   0067 E5            [11]  126 	push	hl
                            127 ;	genMove_o size 2 result type 2 source type 12 a_dead 1 hl_dead 1 de_dead 1 iy_dead 1 f_dead 1
   0068 FD 6E 04      [19]  128 	ld	l, 4 (iy)
                            129 ; common peephole 14 loaded 4 (iy) into l directly instead of going through a.
   006B FD 66 05      [19]  130 	ld	h, 5 (iy)
                            131 ;	genMove_o size 0 result type 2 source type 1 a_dead 1 hl_dead 1 de_dead 1 iy_dead 1 f_dead 1
   006E E5            [11]  132 	push	hl
                            133 ;	genMove_o size 2 result type 2 source type 12 a_dead 1 hl_dead 1 de_dead 1 iy_dead 1 f_dead 1
   006F FD 6E 02      [19]  134 	ld	l, 2 (iy)
                            135 ; common peephole 14 loaded 2 (iy) into l directly instead of going through a.
   0072 FD 66 03      [19]  136 	ld	h, 3 (iy)
                            137 ;	genMove_o size 0 result type 2 source type 1 a_dead 1 hl_dead 1 de_dead 1 iy_dead 1 f_dead 1
   0075 E5            [11]  138 	push	hl
                            139 ;	genMove_o size 2 result type 2 source type 12 a_dead 1 hl_dead 1 de_dead 1 iy_dead 1 f_dead 1
   0076 FD 6E 00      [19]  140 	ld	l, 0 (iy)
                            141 ; common peephole 14 loaded 0 (iy) into l directly instead of going through a.
   0079 FD 66 01      [19]  142 	ld	h, 1 (iy)
                            143 ;	genMove_o size 0 result type 2 source type 1 a_dead 1 hl_dead 1 de_dead 1 iy_dead 1 f_dead 1
   007C E5            [11]  144 	push	hl
                            145 ;	genCall
   007D CDr00s00      [17]  146 	call	___slonglong2fs
                            147 ;	adjustStack by 8
   0080 F1            [10]  148 	pop	af
   0081 F1            [10]  149 	pop	af
   0082 F1            [10]  150 	pop	af
   0083 F1            [10]  151 	pop	af
                            152 ;	genMove_o size 4 result type 2 source type 2 a_dead 1 hl_dead 1 de_dead 1 iy_dead 1 f_dead 1
                            153 ;	genRet
                            154 ;	genMove_o size 4 result type 2 source type 2 a_dead 1 hl_dead 1 de_dead 1 iy_dead 1 f_dead 1
                            155 ;	genLabel
                            156 ; common peephole 159 removed unused label 00101$.
                            157 ;cases/bitinttofloat/bitinttofloat_width_48_sign_signed.c:25: }
                            158 ;	genEndFunction
                            159 ;	adjustStack by 8
   0084 F1            [10]  160 	pop	af
   0085 F1            [10]  161 	pop	af
   0086 F1            [10]  162 	pop	af
   0087 F1            [10]  163 	pop	af
   0088 C9            [10]  164 	ret
                            165 ;	Total to_float function size at codegen: 5 bytes.
                            166 ;cases/bitinttofloat/bitinttofloat_width_48_sign_signed.c:29: void testCast (void)
                            167 ;	genLabel
                            168 ;	genFunction
                            169 ;	---------------------------------
                            170 ; Function testCast
                            171 ; ---------------------------------
                            172 ;	Register assignment might be sub-optimal.
                            173 ; Stack space usage: 0 bytes.
   0089                     174 _testCast::
                            175 ;cases/bitinttofloat/bitinttofloat_width_48_sign_signed.c:36: ASSERT (to_float (b) == (float)b);
                            176 ;	genPlus
                            177 ;	genMove_o size 2 result type 2 source type 10 a_dead 1 hl_dead 1 de_dead 1 iy_dead 1 f_dead 1
   0089 2Ar00s00      [16]  178 	ld	hl, (___numTests)
   008C 23            [ 6]  179 	inc	hl
                            180 ;	genMove_o size 2 result type 10 source type 2 a_dead 1 hl_dead 1 de_dead 1 iy_dead 1 f_dead 1
   008D 22r00s00      [16]  181 	ld	(___numTests), hl
                            182 ;	genIpush
                            183 ;	genMove_o size 2 result type 2 source type 1 a_dead 1 hl_dead 1 de_dead 1 iy_dead 1 f_dead 1
   0090 21 00 00      [10]  184 	ld	hl, #0x0000
   0093 E5            [11]  185 	push	hl
                            186 ;	genMove_o size 2 result type 2 source type 1 a_dead 1 hl_dead 1 de_dead 1 iy_dead 1 f_dead 1
   0094 E5            [11]  187 	push	hl
                            188 ;	genMove_o size 2 result type 2 source type 1 a_dead 1 hl_dead 1 de_dead 1 iy_dead 1 f_dead 1
   0095 2E 01         [ 7]  189 	ld	l, #0x01
   0097 E5            [11]  190 	push	hl
                            191 ;	genCall
   0098 CDr00s00      [17]  192 	call	_to_float
                            193 ;	adjustStack by 6
   009B F1            [10]  194 	pop	af
   009C F1            [10]  195 	pop	af
   009D F1            [10]  196 	pop	af
                            197 ;	genMove_o size 4 result type 2 source type 2 a_dead 1 hl_dead 1 de_dead 1 iy_dead 1 f_dead 1
                            198 ;	genIpush
                            199 ;	genMove_o size 2 result type 2 source type 1 a_dead 1 hl_dead 0 de_dead 0 iy_dead 1 f_dead 1
   009E 01 80 3F      [10]  200 	ld	bc, #0x3f80
   00A1 C5            [11]  201 	push	bc
                            202 ;	genMove_o size 2 result type 2 source type 1 a_dead 1 hl_dead 0 de_dead 0 iy_dead 1 f_dead 1
   00A2 01 00 00      [10]  203 	ld	bc, #0x0000
   00A5 C5            [11]  204 	push	bc
                            205 ;	genSend
                            206 ;	genMove_o size 4 result type 2 source type 2 a_dead 1 hl_dead 1 de_dead 1 iy_dead 1 f_dead 1
                            207 ;	genCall
   00A6 CDr00s00      [17]  208 	call	___fseq
                            209 ;	genMove_o size 1 result type 2 source type 2 a_dead 1 hl_dead 1 de_dead 1 iy_dead 1 f_dead 1
                            210 ;	genIfx
   00A9 B7            [ 4]  211 	or	a, a
                            212 ; common peephole 163 changed absolute to relative conditional jump.
   00AA 20 11         [12]  213 	jr	nz, 00104$
                            214 ;	skipping iCode since result will be rematerialized
                            215 ;	skipping iCode since result will be rematerialized
                            216 ;	skipping iCode since result will be rematerialized
                            217 ;	genCast
                            218 ;	genMove_o size 2 result type 2 source type 7 a_dead 1 hl_dead 1 de_dead 1 iy_dead 1 f_dead 1
   00AC 11r02s01      [10]  219 	ld	de, #___str_1
                            220 ;	skipping iCode since result will be rematerialized
                            221 ;	skipping iCode since result will be rematerialized
                            222 ;	genIpush
                            223 ;	genMove_o size 2 result type 2 source type 1 a_dead 1 hl_dead 1 de_dead 0 iy_dead 1 f_dead 1
   00AF 21 24 00      [10]  224 	ld	hl, #0x0024
   00B2 E5            [11]  225 	push	hl
                            226 ;	genIpush
                            227 ;	genMove_o size 2 result type 2 source type 7 a_dead 1 hl_dead 1 de_dead 0 iy_dead 1 f_dead 1
   00B3 21r1Bs01      [10]  228 	ld	hl, #___str_2
   00B6 E5            [11]  229 	push	hl
                            230 ;	genSend
                            231 ;	genMove_o size 2 result type 2 source type 2 a_dead 1 hl_dead 1 de_dead 1 iy_dead 1 f_dead 1
                            232 ;	genSend
                            233 ;	genMove_o size 2 result type 2 source type 7 a_dead 1 hl_dead 1 de_dead 0 iy_dead 1 f_dead 1
   00B7 21rF1s00      [10]  234 	ld	hl, #___str_0
                            235 ;	genCall
   00BA CDr00s00      [17]  236 	call	___fail
                            237 ;	genLabel
   00BD                     238 00104$:
                            239 ;cases/bitinttofloat/bitinttofloat_width_48_sign_signed.c:38: ASSERT (to_float (b) == (float)b);
                            240 ;	genPlus
                            241 ;	genMove_o size 2 result type 2 source type 10 a_dead 1 hl_dead 1 de_dead 1 iy_dead 1 f_dead 1
   00BD 2Ar00s00      [16]  242 	ld	hl, (___numTests)
   00C0 23            [ 6]  243 	inc	hl
                            244 ;	genMove_o size 2 result type 10 source type 2 a_dead 1 hl_dead 1 de_dead 1 iy_dead 1 f_dead 1
   00C1 22r00s00      [16]  245 	ld	(___numTests), hl
                            246 ;	genIpush
                            247 ;	genMove_o size 2 result type 2 source type 1 a_dead 1 hl_dead 1 de_dead 1 iy_dead 1 f_dead 1
   00C4 21 00 00      [10]  248 	ld	hl, #0x0000
   00C7 E5            [11]  249 	push	hl
                            250 ;	genMove_o size 2 result type 2 source type 1 a_dead 1 hl_dead 1 de_dead 1 iy_dead 1 f_dead 1
   00C8 E5            [11]  251 	push	hl
                            252 ;	genMove_o size 2 result type 2 source type 1 a_dead 1 hl_dead 1 de_dead 1 iy_dead 1 f_dead 1
   00C9 2E 17         [ 7]  253 	ld	l, #0x17
   00CB E5            [11]  254 	push	hl
                            255 ;	genCall
   00CC CDr00s00      [17]  256 	call	_to_float
                            257 ;	adjustStack by 6
   00CF F1            [10]  258 	pop	af
   00D0 F1            [10]  259 	pop	af
   00D1 F1            [10]  260 	pop	af
                            261 ;	genMove_o size 4 result type 2 source type 2 a_dead 1 hl_dead 1 de_dead 1 iy_dead 1 f_dead 1
                            262 ;	genIpush
                            263 ;	genMove_o size 2 result type 2 source type 1 a_dead 1 hl_dead 0 de_dead 0 iy_dead 1 f_dead 1
   00D2 01 B8 41      [10]  264 	ld	bc, #0x41b8
   00D5 C5            [11]  265 	push	bc
                            266 ;	genMove_o size 2 result type 2 source type 1 a_dead 1 hl_dead 0 de_dead 0 iy_dead 1 f_dead 1
   00D6 01 00 00      [10]  267 	ld	bc, #0x0000
   00D9 C5            [11]  268 	push	bc
                            269 ;	genSend
                            270 ;	genMove_o size 4 result type 2 source type 2 a_dead 1 hl_dead 1 de_dead 1 iy_dead 1 f_dead 1
                            271 ;	genCall
   00DA CDr00s00      [17]  272 	call	___fseq
                            273 ;	genMove_o size 1 result type 2 source type 2 a_dead 1 hl_dead 1 de_dead 1 iy_dead 1 f_dead 1
                            274 ;	genIfx
   00DD B7            [ 4]  275 	or	a, a
   00DE C0            [11]  276 	ret	nz
                            277 ; common peephole 161 replaced jump by return.
                            278 ;	skipping iCode since result will be rematerialized
                            279 ;	skipping iCode since result will be rematerialized
                            280 ;	skipping iCode since result will be rematerialized
                            281 ;	genCast
                            282 ;	genMove_o size 2 result type 2 source type 7 a_dead 1 hl_dead 1 de_dead 1 iy_dead 1 f_dead 1
   00DF 11r02s01      [10]  283 	ld	de, #___str_1
                            284 ;	skipping iCode since result will be rematerialized
                            285 ;	skipping iCode since result will be rematerialized
                            286 ;	genIpush
                            287 ;	genMove_o size 2 result type 2 source type 1 a_dead 1 hl_dead 1 de_dead 0 iy_dead 1 f_dead 1
   00E2 21 26 00      [10]  288 	ld	hl, #0x0026
   00E5 E5            [11]  289 	push	hl
                            290 ;	genIpush
                            291 ;	genMove_o size 2 result type 2 source type 7 a_dead 1 hl_dead 1 de_dead 0 iy_dead 1 f_dead 1
   00E6 21r1Bs01      [10]  292 	ld	hl, #___str_2
   00E9 E5            [11]  293 	push	hl
                            294 ;	genSend
                            295 ;	genMove_o size 2 result type 2 source type 2 a_dead 1 hl_dead 1 de_dead 1 iy_dead 1 f_dead 1
                            296 ;	genSend
                            297 ;	genMove_o size 2 result type 2 source type 7 a_dead 1 hl_dead 1 de_dead 0 iy_dead 1 f_dead 1
   00EA 21rF1s00      [10]  298 	ld	hl, #___str_0
                            299 ;	genCall
   00ED CDr00s00      [17]  300 	call	___fail
                            301 ;	genLabel
                            302 ; common peephole 159 removed unused label 00101$.
                            303 ;cases/bitinttofloat/bitinttofloat_width_48_sign_signed.c:47: }
                            304 ;	genEndFunction
   00F0 C9            [10]  305 	ret
                            306 ;	Total testCast function size at codegen: 1 bytes.
   00F1                     307 ___str_0:
   00F1 41 73 73 65 72 74   308 	.ascii "Assertion failed"
        69 6F 6E 20 66 61
        69 6C 65 64
   0101 00                  309 	.db 0x00
   0102                     310 ___str_1:
   0102 74 6F 5F 66 6C 6F   311 	.ascii "to_float (b) == (float)b"
        61 74 20 28 62 29
        20 3D 3D 20 28 66
        6C 6F 61 74 29 62
   011A 00                  312 	.db 0x00
   011B                     313 ___str_2:
   011B 63 61 73 65 73 2F   314 	.ascii "cases/bitinttofloat/bitinttofloat_width_48_sign_signed.c"
        62 69 74 69 6E 74
        74 6F 66 6C 6F 61
        74 2F 62 69 74 69
        6E 74 74 6F 66 6C
        6F 61 74 5F 77 69
        64 74 68 5F 34 38
        5F 73 69 67 6E 5F
        73 69 67 6E 65 64
        2E 63
   0153 00                  315 	.db 0x00
                            316 ;cases/bitinttofloat/bitinttofloat_width_48_sign_signed.c:51: __runSuite(void)
                            317 ;	genLabel
                            318 ;	genFunction
                            319 ;	---------------------------------
                            320 ; Function __runSuite
                            321 ; ---------------------------------
                            322 ;	Register assignment is optimal.
                            323 ; Stack space usage: 0 bytes.
   0154                     324 ___runSuite::
                            325 ;cases/bitinttofloat/bitinttofloat_width_48_sign_signed.c:53: __prints("Running testCast\n");
                            326 ;	skipping iCode since result will be rematerialized
                            327 ;	skipping iCode since result will be rematerialized
                            328 ;	genSend
                            329 ;	genMove_o size 2 result type 2 source type 7 a_dead 1 hl_dead 1 de_dead 1 iy_dead 1 f_dead 1
   0154 21r5Ds01      [10]  330 	ld	hl, #___str_3
                            331 ;	genCall
   0157 CDr00s00      [17]  332 	call	___prints
                            333 ;cases/bitinttofloat/bitinttofloat_width_48_sign_signed.c:54: testCast();
                            334 ;	genCall
                            335 ;	genLabel
                            336 ; common peephole 159 removed unused label 00101$.
                            337 ;cases/bitinttofloat/bitinttofloat_width_48_sign_signed.c:55: }
                            338 ;	genEndFunction
   015A C3r89s00      [10]  339 	jp	_testCast
                            340 ; common peephole 152 removed unused ret.
                            341 ;	Total __runSuite function size at codegen: 1 bytes.
   015D                     342 ___str_3:
   015D 52 75 6E 6E 69 6E   343 	.ascii "Running testCast"
        67 20 74 65 73 74
        43 61 73 74
   016D 0A                  344 	.db 0x0a
   016E 00                  345 	.db 0x00
                            346 ;cases/bitinttofloat/bitinttofloat_width_48_sign_signed.c:60: __getSuiteName(void)
                            347 ;	genLabel
                            348 ;	genFunction
                            349 ;	---------------------------------
                            350 ; Function __getSuiteName
                            351 ; ---------------------------------
                            352 ;	Register assignment is optimal.
                            353 ; Stack space usage: 0 bytes.
   016F                     354 ___getSuiteName::
                            355 ;cases/bitinttofloat/bitinttofloat_width_48_sign_signed.c:62: return "bitinttofloat_width_48_sign_signed";
                            356 ;	skipping iCode since result will be rematerialized
                            357 ;	skipping iCode since result will be rematerialized
                            358 ;	genRet
                            359 ;	genMove_o size 2 result type 2 source type 7 a_dead 1 hl_dead 1 de_dead 1 iy_dead 1 f_dead 1
   016F 11r75s01      [10]  360 	ld	de, #___str_4
                            361 ;	genLabel
                            362 ; common peephole 159 removed unused label 00101$.
                            363 ;cases/bitinttofloat/bitinttofloat_width_48_sign_signed.c:63: }
                            364 ;	genEndFunction
   0172 C9            [10]  365 	ret
                            366 ;	Total __getSuiteName function size at codegen: 1 bytes.
   0173                     367 ___numCases:
   0173 01 00               368 	.dw #0x0001
   0175                     369 ___str_4:
   0175 62 69 74 69 6E 74   370 	.ascii "bitinttofloat_width_48_sign_signed"
        74 6F 66 6C 6F 61
        74 5F 77 69 64 74
        68 5F 34 38 5F 73
        69 67 6E 5F 73 69
        67 6E 65 64
   0197 00                  371 	.db 0x00
                            372 	.area _CODE (BANK=_CSEG)
                            373 	.area _INITIALIZER
                            374 	.area _CABS (ABS)
