uCsim 0.9.9, Copyright (C) 1997 Daniel Drotos.
uCsim comes with ABSOLUTELY NO WARRANTY; for details type `show w'.
This is free software, and you are welcome to redistribute it
under certain conditions; type `show c' for details.
set error non-classified off
set error unknown_code off
set error memory off
set error stack off
set hw simif outputs 0xff
step 500000000 vclk
state
quit
905 words read from gen/ucz80/uminus/uminus_lefttype_signed_char_resulttype_long_storage_none_attr_volatile.ihx
--- Running: uminus_lefttype_signed_char_resulttype_long_storage_none_attr_volatile
Running testUMinus
--- Summary: 0/2/1: 0 failed of 2 tests in 1 cases.

Stop at 0x000369: (110) Program stopped itself
F 0x000369
Simulated 29478 ticks (2.665e-03 sec)
Host usage: 0.001609 sec, rate=1.656758
CPU state= OK PC= 0x000369 frequency= 11059200 HZ
Operation since last reset= 6950 vclks
Inst= 3744 Fetch= 5331 Read= 889 Write= 730
Total time since last reset= 0.002666377314815 sec (29488 clks)
Time in isr = 0.000000000000000 sec (0 clks) 0.00%
Time in idle= 0.000000000000000 sec (0 clks) 0.00%
Most value of stack pointer= 0x000000
Simulation: stopped
Runtime: 0.010929 sec

--- Simulator: 905/29488: 905 bytes, 29488 ticks
