uCsim 0.9.9, Copyright (C) 1997 Daniel Drotos.
uCsim comes with ABSOLUTELY NO WARRANTY; for details type `show w'.
This is free software, and you are welcome to redistribute it
under certain conditions; type `show c' for details.
set error non-classified off
set error unknown_code off
set error memory off
set error stack off
set hw simif outputs 0xff
step 500000000 vclk
state
quit
1561 words read from gen/ucz80/widebitintbitfield/widebitintbitfield_width_64_sign_signed.ihx
--- Running: widebitintbitfield_width_64_sign_signed
Running testWideBitIntBitField
--- Summary: 0/10/1: 0 failed of 10 tests in 1 cases.

Stop at 0x000369: (110) Program stopped itself
F 0x000369
Simulated 34100 ticks (3.083e-03 sec)
Host usage: 0.001915 sec, rate=1.610152
CPU state= OK PC= 0x000369 frequency= 11059200 HZ
Operation since last reset= 7871 vclks
Inst= 4223 Fetch= 6153 Read= 942 Write= 776
Total time since last reset= 0.003084309895834 sec (34110 clks)
Time in isr = 0.000000000000000 sec (0 clks) 0.00%
Time in idle= 0.000000000000000 sec (0 clks) 0.00%
Most value of stack pointer= 0x000000
Simulation: stopped
Runtime: 0.012017 sec

--- Simulator: 1561/34110: 1561 bytes, 34110 ticks
