uCsim 0.9.9, Copyright (C) 1997 Daniel Drotos.
uCsim comes with ABSOLUTELY NO WARRANTY; for details type `show w'.
This is free software, and you are welcome to redistribute it
under certain conditions; type `show c' for details.
set error non-classified off
set error unknown_code off
set error memory off
set error stack off
set hw simif outputs 0xff
step 500000000 vclk
state
quit
2297 words read from gen/ucz80/switch/switch_type_int_sign_unsigned_storage_static_attr_volatile.ihx
--- Running: switch_type_int_sign_unsigned_storage_static_attr_volatile
Running testSparseSwitch
Running testDenseSwitch
Running testDenseIntSwitch
--- Summary: 0/18/3: 0 failed of 18 tests in 3 cases.

Stop at 0x000369: (110) Program stopped itself
F 0x000369
Simulated 43402 ticks (3.925e-03 sec)
Host usage: 0.001544 sec, rate=2.541787
CPU state= OK PC= 0x000369 frequency= 11059200 HZ
Operation since last reset= 10318 vclks
Inst= 5495 Fetch= 7986 Read= 1272 Write= 1060
Total time since last reset= 0.003925419560186 sec (43412 clks)
Time in isr = 0.000000000000000 sec (0 clks) 0.00%
Time in idle= 0.000000000000000 sec (0 clks) 0.00%
Most value of stack pointer= 0x000000
Simulation: stopped
Runtime: 0.009888 sec

--- Simulator: 2297/43412: 2297 bytes, 43412 ticks
