uCsim 0.9.9, Copyright (C) 1997 Daniel Drotos.
uCsim comes with ABSOLUTELY NO WARRANTY; for details type `show w'.
This is free software, and you are welcome to redistribute it
under certain conditions; type `show c' for details.
set error non-classified off
set error unknown_code off
set error memory off
set error stack off
set hw simif outputs 0xff
step 500000000 vclk
state
quit
3696 words read from gen/ucz80/float/float_operation_REVDIV.ihx
--- Running: float_operation_REVDIV
Running testFloatMath
Running testFloatMulRound
--- Summary: 0/14/2: 0 failed of 14 tests in 2 cases.

Stop at 0x000369: (110) Program stopped itself
F 0x000369
Simulated 681367 ticks (6.161e-02 sec)
Host usage: 0.024426 sec, rate=2.522350
CPU state= OK PC= 0x000369 frequency= 11059200 HZ
Operation since last reset= 157665 vclks
Inst= 45774 Fetch= 116321 Read= 24327 Write= 17017
Total time since last reset= 0.061611780237287 sec (681377 clks)
Time in isr = 0.000000000000000 sec (0 clks) 0.00%
Time in idle= 0.000000000000000 sec (0 clks) 0.00%
Most value of stack pointer= 0x000000
Simulation: stopped
Runtime: 0.035463 sec

--- Simulator: 3696/681377: 3696 bytes, 681377 ticks
