ASxxxx Linker V06.10                                                                Page 1
Hexadecimal [16-Bits]                                 Fri Sep  4 12:34:20 2026

Area                       Addr        Size        Decimal Bytes (Attributes)
--------------------       ----        ----        ------- ----- ------------
.  .ABS.                   0000        0000 =           0. bytes (ABS,OVR,CSEG)

         Value  Global                             Global Defined In Module
         -----  --------------------------------   ------------------------
          0000  .__.ABS.                           modunsigned

ASxxxx Linker V06.10                                                                Page 2
Hexadecimal [16-Bits]                                 Fri Sep  4 12:34:20 2026

Area                       Addr        Size        Decimal Bytes (Attributes)
--------------------       ----        ----        ------- ----- ------------
_HEADER                    0000        0110 =         272. bytes (ABS,OVR,CSEG)

         Value  Global                             Global Defined In Module
         -----  --------------------------------   ------------------------
ASxxxx Linker V06.10                                                                Page 3
Hexadecimal [16-Bits]                                 Fri Sep  4 12:34:20 2026
[ Bank == _CSEG ]

Area                       Addr        Size        Decimal Bytes (Attributes)
--------------------       ----        ----        ------- ----- ------------
_CODE                      0200        036C =         876. bytes (REL,CON,CSEG)

         Value  Global                             Global Defined In Module
         -----  --------------------------------   ------------------------
          0200  __clock                            crt0
          0204  _exit                              crt0
          020A  ___prints                          testfwk
          0217  ___printu                          testfwk
          024A  ___fail                            testfwk
          02B1  _main                              testfwk
          035B  __putchar                          support
          0364  __initEmu                          support
          0365  __exitEmu                          support
          036A  _testPassArg                       argval_val1_0x01_val0_0x01
          04CB  _callee                            argval_val1_0x01_val0_0x01
          04ED  ___runSuite                        argval_val1_0x01_val0_0x01
          050B  ___getSuiteName                    argval_val1_0x01_val0_0x01
          050F  ___numCases                        argval_val1_0x01_val0_0x01
          052C  __divuchar                         divunsigned
          052E  __divu8                            divunsigned
          0531  __divuint                          divunsigned
          0531  __divu16                           divunsigned
          0560  __moduchar                         modunsigned
          0567  __moduint                          modunsigned
ASxxxx Linker V06.10                                                                Page 4
Hexadecimal [16-Bits]                                 Fri Sep  4 12:34:20 2026
[ Bank == _CSEG ]

Area                       Addr        Size        Decimal Bytes (Attributes)
--------------------       ----        ----        ------- ----- ------------
_HOME                      056C        0002 =           2. bytes (REL,CON,CSEG)

         Value  Global                             Global Defined In Module
         -----  --------------------------------   ------------------------
          056C  ___sdcc_external_startup           _startup

ASxxxx Linker V06.10                                                                Page 5
Hexadecimal [16-Bits]                                 Fri Sep  4 12:34:20 2026
[ Bank == _CSEG ]

Area                       Addr        Size        Decimal Bytes (Attributes)
--------------------       ----        ----        ------- ----- ------------
_INITIALIZER               056E        0004 =           4. bytes (REL,CON,CSEG)

         Value  Global                             Global Defined In Module
         -----  --------------------------------   ------------------------
ASxxxx Linker V06.10                                                                Page 6
Hexadecimal [16-Bits]                                 Fri Sep  4 12:34:20 2026
[ Bank == _CSEG ]

Area                       Addr        Size        Decimal Bytes (Attributes)
--------------------       ----        ----        ------- ----- ------------
_GSINIT                    0572        0025 =          37. bytes (REL,CON,CSEG)

         Value  Global                             Global Defined In Module
         -----  --------------------------------   ------------------------
          0572  gsinit                             crt0

ASxxxx Linker V06.10                                                                Page 7
Hexadecimal [16-Bits]                                 Fri Sep  4 12:34:20 2026
[ Bank == _CSEG ]

Area                       Addr        Size        Decimal Bytes (Attributes)
--------------------       ----        ----        ------- ----- ------------
_GSFINAL                   0597        0001 =           1. bytes (REL,CON,CSEG)

         Value  Global                             Global Defined In Module
         -----  --------------------------------   ------------------------
ASxxxx Linker V06.10                                                                Page 8
Hexadecimal [16-Bits]                                 Fri Sep  4 12:34:20 2026
[ Bank == _DSEG ]

Area                       Addr        Size        Decimal Bytes (Attributes)
--------------------       ----        ----        ------- ----- ------------
_DATA                      8000        0006 =           6. bytes (REL,CON,DSEG)

         Value  Global                             Global Defined In Module
         -----  --------------------------------   ------------------------
ASxxxx Linker V06.10                                                                Page 9
Hexadecimal [16-Bits]                                 Fri Sep  4 12:34:20 2026
[ Bank == _DSEG ]

Area                       Addr        Size        Decimal Bytes (Attributes)
--------------------       ----        ----        ------- ----- ------------
_INITIALIZED               8006        0004 =           4. bytes (REL,CON,CSEG)

         Value  Global                             Global Defined In Module
         -----  --------------------------------   ------------------------
          8006  ___numTests                        testfwk

ASxxxx Linker V06.10                                                                 Page 10
Hexadecimal [16-Bits]                                 Fri Sep  4 12:34:20 2026

Files Linked                              [ module(s) ]

../../device/lib/build/z80/crt0.rel       [ crt0 ]
gen/ucz80/testfwk.rel                     [ testfwk ]
gen/ucz80/support.rel                     [ support ]
gen/ucz80/argval/argval_val1_0x01_val0_0  [ argval_val1_0x01_val0_0x01 ]


Libraries Linked                          [ object file ]

../../device/lib/build/z80/z80.lib        [ divunsigned ]
../../device/lib/build/z80/z80.lib        [ _startup ]
../../device/lib/build/z80/z80.lib        [ modunsigned ]

ASxxxx Linker V06.10                                                                 Page 11
Hexadecimal [16-Bits]                                 Fri Sep  4 12:34:20 2026

User Area Base Address Definitions

_CODE = 0x0200
_DATA = 0x8000


