                              1 ;--------------------------------------------------------
                              2 ; File Created by SDCC : free open source ISO C Compiler
                              3 ; Version 4.6.2 #16710 (Linux)
                              4 ;--------------------------------------------------------
                              5 	.module shifts2_size_16_right_0_vol_0_sign_u_goal_2
                              6 	
                              7 ;--------------------------------------------------------
                              8 ; Public variables in this module
                              9 ;--------------------------------------------------------
                             10 	.globl ___prints
                             11 	.globl ___fail
                             12 	.globl _s
                             13 	.globl _t
                             14 	.globl ___numCases
                             15 	.globl ___runSuite
                             16 	.globl ___getSuiteName
                             17 ;--------------------------------------------------------
                             18 ; special function registers
                             19 ;--------------------------------------------------------
                             20 ;--------------------------------------------------------
                             21 ; ram data
                             22 ;--------------------------------------------------------
                             23 	.area _DATA (BANK=_DSEG)
   0000                      24 _t::
   0000                      25 	.ds 2
                             26 ;--------------------------------------------------------
                             27 ; ram data
                             28 ;--------------------------------------------------------
                             29 	.area _INITIALIZED
   0000                      30 _s::
   0000                      31 	.ds 2
                             32 ;--------------------------------------------------------
                             33 ; absolute ram data
                             34 ;--------------------------------------------------------
                             35 	.area _DABS (ABS)
                             36 	.area _DABS (ABS)
                             37 ;--------------------------------------------------------
                             38 ; global & static initialisations
                             39 ;--------------------------------------------------------
                             40 	.area _HOME
                             41 	.area _GSINIT
                             42 	.area _GSFINAL
                             43 	.area _GSINIT
                             44 ;--------------------------------------------------------
                             45 ; Home
                             46 ;--------------------------------------------------------
                             47 	.area _HOME (BANK=_CSEG)
                             48 	.area _HOME (BANK=_CSEG)
                             49 ;--------------------------------------------------------
                             50 ; code
                             51 ;--------------------------------------------------------
                             52 	.area _CODE (BANK=_CSEG)
                             53 ;cases/shifts2/shifts2_size_16_right_0_vol_0_sign_u_goal_2.c:64: testShift(void)
                             54 ;	genLabel
                             55 ;	genFunction
                             56 ;	---------------------------------
                             57 ; Function testShift
                             58 ; ---------------------------------
                             59 ;	Register assignment might be sub-optimal.
                             60 ; Stack space usage: 0 bytes.
   0000                      61 _testShift:
                             62 ;cases/shifts2/shifts2_size_16_right_0_vol_0_sign_u_goal_2.c:68: TESTSHIFT(0);
                             63 ;	genAssign
                             64 ;fetchPairLong
   0000 2Ar00s00      [16]   65 	ld	hl, (_s)
                             66 ;	genMove_o size 2 result type 10 source type 2 a_dead 1 hl_dead 1 de_dead 1 iy_dead 1 f_dead 1
   0003 22r00s00      [16]   67 	ld	(_t), hl
                             68 ;	genLeftShift
                             69 ;	genMove_o size 2 result type 10 source type 10 a_dead 1 hl_dead 1 de_dead 1 iy_dead 1 f_dead 1
                             70 ;	genPlus
                             71 ;	genMove_o size 2 result type 2 source type 10 a_dead 1 hl_dead 1 de_dead 1 iy_dead 1 f_dead 1
   0006 2Ar00s00      [16]   72 	ld	hl, (___numTests)
   0009 23            [ 6]   73 	inc	hl
                             74 ;	genMove_o size 2 result type 10 source type 2 a_dead 1 hl_dead 1 de_dead 1 iy_dead 1 f_dead 1
   000A 22r00s00      [16]   75 	ld	(___numTests), hl
                             76 ;	genCmpEq
                             77 ;	genMove_o size 1 result type 2 source type 10 a_dead 1 hl_dead 1 de_dead 0 iy_dead 0 f_dead 1
   000D 3Ar00s00      [13]   78 	ld	a, (_t)
   0010 D6 CE         [ 7]   79 	sub	a, #0xce
                             80 ; common peephole 163 changed absolute to relative conditional jump.
   0012 20 07         [12]   81 	jr	nz, 00263$
                             82 ;	genMove_o size 1 result type 2 source type 10 a_dead 1 hl_dead 1 de_dead 0 iy_dead 0 f_dead 1
   0014 3Ar01s00      [13]   83 	ld	a, (_t + 1)
   0017 D6 A8         [ 7]   84 	sub	a, #0xa8
                             85 ; common peephole 163 changed absolute to relative conditional jump.
   0019 28 11         [12]   86 	jr	z, 00104$
                             87 ; common peephole 81 removed jp by using inverse jump logic
   001B                      88 00263$:
                             89 ;	skipping generated iCode
                             90 ;	skipping iCode since result will be rematerialized
                             91 ;	skipping iCode since result will be rematerialized
                             92 ;	skipping iCode since result will be rematerialized
                             93 ;	skipping iCode since result will be rematerialized
                             94 ;	skipping iCode since result will be rematerialized
                             95 ;	skipping iCode since result will be rematerialized
                             96 ;	genIpush
                             97 ;	genMove_o size 2 result type 2 source type 1 a_dead 1 hl_dead 1 de_dead 1 iy_dead 1 f_dead 1
   001B 21 44 00      [10]   98 	ld	hl, #0x0044
   001E E5            [11]   99 	push	hl
                            100 ;	genIpush
                            101 ;	genMove_o size 2 result type 2 source type 7 a_dead 1 hl_dead 1 de_dead 1 iy_dead 1 f_dead 1
   001F 21r86s03      [10]  102 	ld	hl, #___str_2
   0022 E5            [11]  103 	push	hl
                            104 ;	genSend
                            105 ;	genMove_o size 2 result type 2 source type 7 a_dead 1 hl_dead 1 de_dead 1 iy_dead 1 f_dead 1
   0023 11r6As03      [10]  106 	ld	de, #___str_1
                            107 ;	genSend
                            108 ;	genMove_o size 2 result type 2 source type 7 a_dead 1 hl_dead 1 de_dead 0 iy_dead 1 f_dead 1
   0026 21r59s03      [10]  109 	ld	hl, #___str_0
                            110 ;	genCall
   0029 CDr00s00      [17]  111 	call	___fail
                            112 ;	genLabel
   002C                     113 00104$:
                            114 ;cases/shifts2/shifts2_size_16_right_0_vol_0_sign_u_goal_2.c:69: TESTSHIFT(1);
                            115 ;	genAssign
                            116 ;fetchPairLong
   002C 2Ar00s00      [16]  117 	ld	hl, (_s)
                            118 ;	genMove_o size 2 result type 10 source type 2 a_dead 1 hl_dead 1 de_dead 1 iy_dead 1 f_dead 1
   002F 22r00s00      [16]  119 	ld	(_t), hl
                            120 ;	genLeftShift
                            121 ;	genMove_o size 2 result type 10 source type 10 a_dead 1 hl_dead 1 de_dead 1 iy_dead 1 f_dead 1
   0032 FD 21r00s00   [14]  122 	ld	iy, #_t
   0036 FD CB 00 26   [23]  123 	sla	0 (iy)
   003A FD CB 01 16   [23]  124 	rl	1 (iy)
                            125 ;	genPlus
                            126 ;	genMove_o size 2 result type 2 source type 10 a_dead 1 hl_dead 1 de_dead 1 iy_dead 1 f_dead 1
   003E 2Ar00s00      [16]  127 	ld	hl, (___numTests)
   0041 23            [ 6]  128 	inc	hl
                            129 ;	genMove_o size 2 result type 10 source type 2 a_dead 1 hl_dead 1 de_dead 1 iy_dead 1 f_dead 1
   0042 22r00s00      [16]  130 	ld	(___numTests), hl
                            131 ;	genCmpEq
                            132 ;	genMove_o size 1 result type 2 source type 10 a_dead 1 hl_dead 1 de_dead 0 iy_dead 0 f_dead 1
   0045 3Ar00s00      [13]  133 	ld	a, (_t+0)
   0048 D6 9C         [ 7]  134 	sub	a, #0x9c
                            135 ; common peephole 163 changed absolute to relative conditional jump.
   004A 20 07         [12]  136 	jr	nz, 00265$
                            137 ;	genMove_o size 1 result type 2 source type 10 a_dead 1 hl_dead 1 de_dead 0 iy_dead 0 f_dead 1
   004C 3Ar01s00      [13]  138 	ld	a, (_t + 1)
   004F D6 51         [ 7]  139 	sub	a, #0x51
                            140 ; common peephole 163 changed absolute to relative conditional jump.
   0051 28 11         [12]  141 	jr	z, 00106$
                            142 ; common peephole 81 removed jp by using inverse jump logic
   0053                     143 00265$:
                            144 ;	skipping generated iCode
                            145 ;	skipping iCode since result will be rematerialized
                            146 ;	skipping iCode since result will be rematerialized
                            147 ;	skipping iCode since result will be rematerialized
                            148 ;	skipping iCode since result will be rematerialized
                            149 ;	skipping iCode since result will be rematerialized
                            150 ;	skipping iCode since result will be rematerialized
                            151 ;	genIpush
                            152 ;	genMove_o size 2 result type 2 source type 1 a_dead 1 hl_dead 1 de_dead 1 iy_dead 1 f_dead 1
   0053 21 45 00      [10]  153 	ld	hl, #0x0045
   0056 E5            [11]  154 	push	hl
                            155 ;	genIpush
                            156 ;	genMove_o size 2 result type 2 source type 7 a_dead 1 hl_dead 1 de_dead 1 iy_dead 1 f_dead 1
   0057 21r86s03      [10]  157 	ld	hl, #___str_2
   005A E5            [11]  158 	push	hl
                            159 ;	genSend
                            160 ;	genMove_o size 2 result type 2 source type 7 a_dead 1 hl_dead 1 de_dead 1 iy_dead 1 f_dead 1
   005B 11rC2s03      [10]  161 	ld	de, #___str_3
                            162 ;	genSend
                            163 ;	genMove_o size 2 result type 2 source type 7 a_dead 1 hl_dead 1 de_dead 0 iy_dead 1 f_dead 1
   005E 21r59s03      [10]  164 	ld	hl, #___str_0
                            165 ;	genCall
   0061 CDr00s00      [17]  166 	call	___fail
                            167 ;	genLabel
   0064                     168 00106$:
                            169 ;cases/shifts2/shifts2_size_16_right_0_vol_0_sign_u_goal_2.c:70: TESTSHIFT(2);
                            170 ;	genAssign
                            171 ;fetchPairLong
   0064 2Ar00s00      [16]  172 	ld	hl, (_s)
                            173 ;	genMove_o size 2 result type 10 source type 2 a_dead 1 hl_dead 1 de_dead 1 iy_dead 1 f_dead 1
   0067 22r00s00      [16]  174 	ld	(_t), hl
                            175 ;	genLeftShift
                            176 ;	genMove_o size 2 result type 2 source type 10 a_dead 1 hl_dead 1 de_dead 1 iy_dead 1 f_dead 1
   006A 2Ar00s00      [16]  177 	ld	hl, (_t)
   006D 29            [11]  178 	add	hl, hl
   006E 29            [11]  179 	add	hl, hl
                            180 ;	genMove_o size 2 result type 10 source type 2 a_dead 1 hl_dead 1 de_dead 1 iy_dead 1 f_dead 1
   006F 22r00s00      [16]  181 	ld	(_t), hl
                            182 ;	genPlus
                            183 ;	genMove_o size 2 result type 2 source type 10 a_dead 1 hl_dead 1 de_dead 1 iy_dead 1 f_dead 1
   0072 2Ar00s00      [16]  184 	ld	hl, (___numTests)
   0075 23            [ 6]  185 	inc	hl
                            186 ;	genMove_o size 2 result type 10 source type 2 a_dead 1 hl_dead 1 de_dead 1 iy_dead 1 f_dead 1
   0076 22r00s00      [16]  187 	ld	(___numTests), hl
                            188 ;	genCmpEq
                            189 ;	genMove_o size 1 result type 2 source type 10 a_dead 1 hl_dead 1 de_dead 0 iy_dead 0 f_dead 1
   0079 3Ar00s00      [13]  190 	ld	a, (_t)
   007C D6 38         [ 7]  191 	sub	a, #0x38
                            192 ; common peephole 163 changed absolute to relative conditional jump.
   007E 20 07         [12]  193 	jr	nz, 00266$
                            194 ;	genMove_o size 1 result type 2 source type 10 a_dead 1 hl_dead 1 de_dead 0 iy_dead 0 f_dead 1
   0080 3Ar01s00      [13]  195 	ld	a, (_t + 1)
   0083 D6 A3         [ 7]  196 	sub	a, #0xa3
                            197 ; common peephole 163 changed absolute to relative conditional jump.
   0085 28 11         [12]  198 	jr	z, 00108$
                            199 ; common peephole 81 removed jp by using inverse jump logic
   0087                     200 00266$:
                            201 ;	skipping generated iCode
                            202 ;	skipping iCode since result will be rematerialized
                            203 ;	skipping iCode since result will be rematerialized
                            204 ;	skipping iCode since result will be rematerialized
                            205 ;	skipping iCode since result will be rematerialized
                            206 ;	skipping iCode since result will be rematerialized
                            207 ;	skipping iCode since result will be rematerialized
                            208 ;	genIpush
                            209 ;	genMove_o size 2 result type 2 source type 1 a_dead 1 hl_dead 1 de_dead 1 iy_dead 1 f_dead 1
   0087 21 46 00      [10]  210 	ld	hl, #0x0046
   008A E5            [11]  211 	push	hl
                            212 ;	genIpush
                            213 ;	genMove_o size 2 result type 2 source type 7 a_dead 1 hl_dead 1 de_dead 1 iy_dead 1 f_dead 1
   008B 21r86s03      [10]  214 	ld	hl, #___str_2
   008E E5            [11]  215 	push	hl
                            216 ;	genSend
                            217 ;	genMove_o size 2 result type 2 source type 7 a_dead 1 hl_dead 1 de_dead 1 iy_dead 1 f_dead 1
   008F 11rDEs03      [10]  218 	ld	de, #___str_4
                            219 ;	genSend
                            220 ;	genMove_o size 2 result type 2 source type 7 a_dead 1 hl_dead 1 de_dead 0 iy_dead 1 f_dead 1
   0092 21r59s03      [10]  221 	ld	hl, #___str_0
                            222 ;	genCall
   0095 CDr00s00      [17]  223 	call	___fail
                            224 ;	genLabel
   0098                     225 00108$:
                            226 ;cases/shifts2/shifts2_size_16_right_0_vol_0_sign_u_goal_2.c:71: TESTSHIFT(3);
                            227 ;	genAssign
                            228 ;fetchPairLong
   0098 2Ar00s00      [16]  229 	ld	hl, (_s)
                            230 ;	genMove_o size 2 result type 10 source type 2 a_dead 1 hl_dead 1 de_dead 1 iy_dead 1 f_dead 1
   009B 22r00s00      [16]  231 	ld	(_t), hl
                            232 ;	genLeftShift
                            233 ;	genMove_o size 2 result type 2 source type 10 a_dead 1 hl_dead 1 de_dead 1 iy_dead 1 f_dead 1
   009E 2Ar00s00      [16]  234 	ld	hl, (_t)
   00A1 29            [11]  235 	add	hl, hl
   00A2 29            [11]  236 	add	hl, hl
   00A3 29            [11]  237 	add	hl, hl
                            238 ;	genMove_o size 2 result type 10 source type 2 a_dead 1 hl_dead 1 de_dead 1 iy_dead 1 f_dead 1
   00A4 22r00s00      [16]  239 	ld	(_t), hl
                            240 ;	genPlus
                            241 ;	genMove_o size 2 result type 2 source type 10 a_dead 1 hl_dead 1 de_dead 1 iy_dead 1 f_dead 1
   00A7 2Ar00s00      [16]  242 	ld	hl, (___numTests)
   00AA 23            [ 6]  243 	inc	hl
                            244 ;	genMove_o size 2 result type 10 source type 2 a_dead 1 hl_dead 1 de_dead 1 iy_dead 1 f_dead 1
   00AB 22r00s00      [16]  245 	ld	(___numTests), hl
                            246 ;	genCmpEq
                            247 ;	genMove_o size 1 result type 2 source type 10 a_dead 1 hl_dead 1 de_dead 0 iy_dead 0 f_dead 1
   00AE 3Ar00s00      [13]  248 	ld	a, (_t)
   00B1 D6 70         [ 7]  249 	sub	a, #0x70
                            250 ; common peephole 163 changed absolute to relative conditional jump.
   00B3 20 07         [12]  251 	jr	nz, 00267$
                            252 ;	genMove_o size 1 result type 2 source type 10 a_dead 1 hl_dead 1 de_dead 0 iy_dead 0 f_dead 1
   00B5 3Ar01s00      [13]  253 	ld	a, (_t + 1)
   00B8 D6 46         [ 7]  254 	sub	a, #0x46
                            255 ; common peephole 163 changed absolute to relative conditional jump.
   00BA 28 11         [12]  256 	jr	z, 00110$
                            257 ; common peephole 81 removed jp by using inverse jump logic
   00BC                     258 00267$:
                            259 ;	skipping generated iCode
                            260 ;	skipping iCode since result will be rematerialized
                            261 ;	skipping iCode since result will be rematerialized
                            262 ;	skipping iCode since result will be rematerialized
                            263 ;	skipping iCode since result will be rematerialized
                            264 ;	skipping iCode since result will be rematerialized
                            265 ;	skipping iCode since result will be rematerialized
                            266 ;	genIpush
                            267 ;	genMove_o size 2 result type 2 source type 1 a_dead 1 hl_dead 1 de_dead 1 iy_dead 1 f_dead 1
   00BC 21 47 00      [10]  268 	ld	hl, #0x0047
   00BF E5            [11]  269 	push	hl
                            270 ;	genIpush
                            271 ;	genMove_o size 2 result type 2 source type 7 a_dead 1 hl_dead 1 de_dead 1 iy_dead 1 f_dead 1
   00C0 21r86s03      [10]  272 	ld	hl, #___str_2
   00C3 E5            [11]  273 	push	hl
                            274 ;	genSend
                            275 ;	genMove_o size 2 result type 2 source type 7 a_dead 1 hl_dead 1 de_dead 1 iy_dead 1 f_dead 1
   00C4 11rFAs03      [10]  276 	ld	de, #___str_5
                            277 ;	genSend
                            278 ;	genMove_o size 2 result type 2 source type 7 a_dead 1 hl_dead 1 de_dead 0 iy_dead 1 f_dead 1
   00C7 21r59s03      [10]  279 	ld	hl, #___str_0
                            280 ;	genCall
   00CA CDr00s00      [17]  281 	call	___fail
                            282 ;	genLabel
   00CD                     283 00110$:
                            284 ;cases/shifts2/shifts2_size_16_right_0_vol_0_sign_u_goal_2.c:72: TESTSHIFT(4);
                            285 ;	genAssign
                            286 ;fetchPairLong
   00CD 2Ar00s00      [16]  287 	ld	hl, (_s)
                            288 ;	genMove_o size 2 result type 10 source type 2 a_dead 1 hl_dead 1 de_dead 1 iy_dead 1 f_dead 1
   00D0 22r00s00      [16]  289 	ld	(_t), hl
                            290 ;	genLeftShift
                            291 ;	genMove_o size 2 result type 2 source type 10 a_dead 1 hl_dead 1 de_dead 1 iy_dead 1 f_dead 1
   00D3 2Ar00s00      [16]  292 	ld	hl, (_t)
   00D6 29            [11]  293 	add	hl, hl
   00D7 29            [11]  294 	add	hl, hl
   00D8 29            [11]  295 	add	hl, hl
   00D9 29            [11]  296 	add	hl, hl
                            297 ;	genMove_o size 2 result type 10 source type 2 a_dead 1 hl_dead 1 de_dead 1 iy_dead 1 f_dead 1
   00DA 22r00s00      [16]  298 	ld	(_t), hl
                            299 ;	genPlus
                            300 ;	genMove_o size 2 result type 2 source type 10 a_dead 1 hl_dead 1 de_dead 1 iy_dead 1 f_dead 1
   00DD 2Ar00s00      [16]  301 	ld	hl, (___numTests)
   00E0 23            [ 6]  302 	inc	hl
                            303 ;	genMove_o size 2 result type 10 source type 2 a_dead 1 hl_dead 1 de_dead 1 iy_dead 1 f_dead 1
   00E1 22r00s00      [16]  304 	ld	(___numTests), hl
                            305 ;	genCmpEq
                            306 ;	genMove_o size 1 result type 2 source type 10 a_dead 1 hl_dead 1 de_dead 0 iy_dead 0 f_dead 1
   00E4 3Ar00s00      [13]  307 	ld	a, (_t)
   00E7 D6 E0         [ 7]  308 	sub	a, #0xe0
                            309 ; common peephole 163 changed absolute to relative conditional jump.
   00E9 20 07         [12]  310 	jr	nz, 00268$
                            311 ;	genMove_o size 1 result type 2 source type 10 a_dead 1 hl_dead 1 de_dead 0 iy_dead 0 f_dead 1
   00EB 3Ar01s00      [13]  312 	ld	a, (_t + 1)
   00EE D6 8C         [ 7]  313 	sub	a, #0x8c
                            314 ; common peephole 163 changed absolute to relative conditional jump.
   00F0 28 11         [12]  315 	jr	z, 00112$
                            316 ; common peephole 81 removed jp by using inverse jump logic
   00F2                     317 00268$:
                            318 ;	skipping generated iCode
                            319 ;	skipping iCode since result will be rematerialized
                            320 ;	skipping iCode since result will be rematerialized
                            321 ;	skipping iCode since result will be rematerialized
                            322 ;	skipping iCode since result will be rematerialized
                            323 ;	skipping iCode since result will be rematerialized
                            324 ;	skipping iCode since result will be rematerialized
                            325 ;	genIpush
                            326 ;	genMove_o size 2 result type 2 source type 1 a_dead 1 hl_dead 1 de_dead 1 iy_dead 1 f_dead 1
   00F2 21 48 00      [10]  327 	ld	hl, #0x0048
   00F5 E5            [11]  328 	push	hl
                            329 ;	genIpush
                            330 ;	genMove_o size 2 result type 2 source type 7 a_dead 1 hl_dead 1 de_dead 1 iy_dead 1 f_dead 1
   00F6 21r86s03      [10]  331 	ld	hl, #___str_2
   00F9 E5            [11]  332 	push	hl
                            333 ;	genSend
                            334 ;	genMove_o size 2 result type 2 source type 7 a_dead 1 hl_dead 1 de_dead 1 iy_dead 1 f_dead 1
   00FA 11r16s04      [10]  335 	ld	de, #___str_6
                            336 ;	genSend
                            337 ;	genMove_o size 2 result type 2 source type 7 a_dead 1 hl_dead 1 de_dead 0 iy_dead 1 f_dead 1
   00FD 21r59s03      [10]  338 	ld	hl, #___str_0
                            339 ;	genCall
   0100 CDr00s00      [17]  340 	call	___fail
                            341 ;	genLabel
   0103                     342 00112$:
                            343 ;cases/shifts2/shifts2_size_16_right_0_vol_0_sign_u_goal_2.c:73: TESTSHIFT(5);
                            344 ;	genAssign
                            345 ;fetchPairLong
   0103 2Ar00s00      [16]  346 	ld	hl, (_s)
                            347 ;	genMove_o size 2 result type 10 source type 2 a_dead 1 hl_dead 1 de_dead 1 iy_dead 1 f_dead 1
   0106 22r00s00      [16]  348 	ld	(_t), hl
                            349 ;	genLeftShift
                            350 ;	genMove_o size 2 result type 2 source type 10 a_dead 1 hl_dead 1 de_dead 1 iy_dead 1 f_dead 1
   0109 2Ar00s00      [16]  351 	ld	hl, (_t)
   010C 29            [11]  352 	add	hl, hl
   010D 29            [11]  353 	add	hl, hl
   010E 29            [11]  354 	add	hl, hl
   010F 29            [11]  355 	add	hl, hl
   0110 29            [11]  356 	add	hl, hl
                            357 ;	genMove_o size 2 result type 10 source type 2 a_dead 1 hl_dead 1 de_dead 1 iy_dead 1 f_dead 1
   0111 22r00s00      [16]  358 	ld	(_t), hl
                            359 ;	genPlus
                            360 ;	genMove_o size 2 result type 2 source type 10 a_dead 1 hl_dead 1 de_dead 1 iy_dead 1 f_dead 1
   0114 2Ar00s00      [16]  361 	ld	hl, (___numTests)
   0117 23            [ 6]  362 	inc	hl
                            363 ;	genMove_o size 2 result type 10 source type 2 a_dead 1 hl_dead 1 de_dead 1 iy_dead 1 f_dead 1
   0118 22r00s00      [16]  364 	ld	(___numTests), hl
                            365 ;	genCmpEq
                            366 ;	genMove_o size 1 result type 2 source type 10 a_dead 1 hl_dead 1 de_dead 0 iy_dead 0 f_dead 1
   011B 3Ar00s00      [13]  367 	ld	a, (_t)
   011E D6 C0         [ 7]  368 	sub	a, #0xc0
                            369 ; common peephole 163 changed absolute to relative conditional jump.
   0120 20 07         [12]  370 	jr	nz, 00269$
                            371 ;	genMove_o size 1 result type 2 source type 10 a_dead 1 hl_dead 1 de_dead 0 iy_dead 0 f_dead 1
   0122 3Ar01s00      [13]  372 	ld	a, (_t + 1)
   0125 D6 19         [ 7]  373 	sub	a, #0x19
                            374 ; common peephole 163 changed absolute to relative conditional jump.
   0127 28 11         [12]  375 	jr	z, 00114$
                            376 ; common peephole 81 removed jp by using inverse jump logic
   0129                     377 00269$:
                            378 ;	skipping generated iCode
                            379 ;	skipping iCode since result will be rematerialized
                            380 ;	skipping iCode since result will be rematerialized
                            381 ;	skipping iCode since result will be rematerialized
                            382 ;	skipping iCode since result will be rematerialized
                            383 ;	skipping iCode since result will be rematerialized
                            384 ;	skipping iCode since result will be rematerialized
                            385 ;	genIpush
                            386 ;	genMove_o size 2 result type 2 source type 1 a_dead 1 hl_dead 1 de_dead 1 iy_dead 1 f_dead 1
   0129 21 49 00      [10]  387 	ld	hl, #0x0049
   012C E5            [11]  388 	push	hl
                            389 ;	genIpush
                            390 ;	genMove_o size 2 result type 2 source type 7 a_dead 1 hl_dead 1 de_dead 1 iy_dead 1 f_dead 1
   012D 21r86s03      [10]  391 	ld	hl, #___str_2
   0130 E5            [11]  392 	push	hl
                            393 ;	genSend
                            394 ;	genMove_o size 2 result type 2 source type 7 a_dead 1 hl_dead 1 de_dead 1 iy_dead 1 f_dead 1
   0131 11r32s04      [10]  395 	ld	de, #___str_7
                            396 ;	genSend
                            397 ;	genMove_o size 2 result type 2 source type 7 a_dead 1 hl_dead 1 de_dead 0 iy_dead 1 f_dead 1
   0134 21r59s03      [10]  398 	ld	hl, #___str_0
                            399 ;	genCall
   0137 CDr00s00      [17]  400 	call	___fail
                            401 ;	genLabel
   013A                     402 00114$:
                            403 ;cases/shifts2/shifts2_size_16_right_0_vol_0_sign_u_goal_2.c:74: TESTSHIFT(6);
                            404 ;	genAssign
                            405 ;fetchPairLong
   013A 2Ar00s00      [16]  406 	ld	hl, (_s)
                            407 ;	genMove_o size 2 result type 10 source type 2 a_dead 1 hl_dead 1 de_dead 1 iy_dead 1 f_dead 1
   013D 22r00s00      [16]  408 	ld	(_t), hl
                            409 ;	genLeftShift
                            410 ;	genMove_o size 2 result type 2 source type 10 a_dead 1 hl_dead 1 de_dead 1 iy_dead 1 f_dead 1
   0140 2Ar00s00      [16]  411 	ld	hl, (_t)
   0143 29            [11]  412 	add	hl, hl
   0144 29            [11]  413 	add	hl, hl
   0145 29            [11]  414 	add	hl, hl
   0146 29            [11]  415 	add	hl, hl
   0147 29            [11]  416 	add	hl, hl
   0148 29            [11]  417 	add	hl, hl
                            418 ;	genMove_o size 2 result type 10 source type 2 a_dead 1 hl_dead 1 de_dead 1 iy_dead 1 f_dead 1
   0149 22r00s00      [16]  419 	ld	(_t), hl
                            420 ;	genPlus
                            421 ;	genMove_o size 2 result type 2 source type 10 a_dead 1 hl_dead 1 de_dead 1 iy_dead 1 f_dead 1
   014C 2Ar00s00      [16]  422 	ld	hl, (___numTests)
   014F 23            [ 6]  423 	inc	hl
                            424 ;	genMove_o size 2 result type 10 source type 2 a_dead 1 hl_dead 1 de_dead 1 iy_dead 1 f_dead 1
   0150 22r00s00      [16]  425 	ld	(___numTests), hl
                            426 ;	genCmpEq
                            427 ;	genMove_o size 1 result type 2 source type 10 a_dead 1 hl_dead 1 de_dead 0 iy_dead 0 f_dead 1
   0153 3Ar00s00      [13]  428 	ld	a, (_t)
   0156 D6 80         [ 7]  429 	sub	a, #0x80
                            430 ; common peephole 163 changed absolute to relative conditional jump.
   0158 20 07         [12]  431 	jr	nz, 00270$
                            432 ;	genMove_o size 1 result type 2 source type 10 a_dead 1 hl_dead 1 de_dead 0 iy_dead 0 f_dead 1
   015A 3Ar01s00      [13]  433 	ld	a, (_t + 1)
   015D D6 33         [ 7]  434 	sub	a, #0x33
                            435 ; common peephole 163 changed absolute to relative conditional jump.
   015F 28 11         [12]  436 	jr	z, 00116$
                            437 ; common peephole 81 removed jp by using inverse jump logic
   0161                     438 00270$:
                            439 ;	skipping generated iCode
                            440 ;	skipping iCode since result will be rematerialized
                            441 ;	skipping iCode since result will be rematerialized
                            442 ;	skipping iCode since result will be rematerialized
                            443 ;	skipping iCode since result will be rematerialized
                            444 ;	skipping iCode since result will be rematerialized
                            445 ;	skipping iCode since result will be rematerialized
                            446 ;	genIpush
                            447 ;	genMove_o size 2 result type 2 source type 1 a_dead 1 hl_dead 1 de_dead 1 iy_dead 1 f_dead 1
   0161 21 4A 00      [10]  448 	ld	hl, #0x004a
   0164 E5            [11]  449 	push	hl
                            450 ;	genIpush
                            451 ;	genMove_o size 2 result type 2 source type 7 a_dead 1 hl_dead 1 de_dead 1 iy_dead 1 f_dead 1
   0165 21r86s03      [10]  452 	ld	hl, #___str_2
   0168 E5            [11]  453 	push	hl
                            454 ;	genSend
                            455 ;	genMove_o size 2 result type 2 source type 7 a_dead 1 hl_dead 1 de_dead 1 iy_dead 1 f_dead 1
   0169 11r4Es04      [10]  456 	ld	de, #___str_8
                            457 ;	genSend
                            458 ;	genMove_o size 2 result type 2 source type 7 a_dead 1 hl_dead 1 de_dead 0 iy_dead 1 f_dead 1
   016C 21r59s03      [10]  459 	ld	hl, #___str_0
                            460 ;	genCall
   016F CDr00s00      [17]  461 	call	___fail
                            462 ;	genLabel
   0172                     463 00116$:
                            464 ;cases/shifts2/shifts2_size_16_right_0_vol_0_sign_u_goal_2.c:75: TESTSHIFT(7);
                            465 ;	genAssign
                            466 ;fetchPairLong
   0172 2Ar00s00      [16]  467 	ld	hl, (_s)
                            468 ;	genMove_o size 2 result type 10 source type 2 a_dead 1 hl_dead 1 de_dead 1 iy_dead 1 f_dead 1
   0175 22r00s00      [16]  469 	ld	(_t), hl
                            470 ;	genLeftShift
                            471 ;	genMove_o size 2 result type 2 source type 10 a_dead 1 hl_dead 1 de_dead 1 iy_dead 1 f_dead 1
   0178 2Ar00s00      [16]  472 	ld	hl, (_t)
   017B 29            [11]  473 	add	hl, hl
   017C 29            [11]  474 	add	hl, hl
   017D 29            [11]  475 	add	hl, hl
   017E 29            [11]  476 	add	hl, hl
   017F 29            [11]  477 	add	hl, hl
   0180 29            [11]  478 	add	hl, hl
   0181 29            [11]  479 	add	hl, hl
                            480 ;	genMove_o size 2 result type 10 source type 2 a_dead 1 hl_dead 1 de_dead 1 iy_dead 1 f_dead 1
   0182 22r00s00      [16]  481 	ld	(_t), hl
                            482 ;	genPlus
                            483 ;	genMove_o size 2 result type 2 source type 10 a_dead 1 hl_dead 1 de_dead 1 iy_dead 1 f_dead 1
   0185 2Ar00s00      [16]  484 	ld	hl, (___numTests)
   0188 23            [ 6]  485 	inc	hl
                            486 ;	genMove_o size 2 result type 10 source type 2 a_dead 1 hl_dead 1 de_dead 1 iy_dead 1 f_dead 1
   0189 22r00s00      [16]  487 	ld	(___numTests), hl
                            488 ;	genCmpEq
   018C 3Ar00s00      [13]  489 	ld	a, (_t+0)
   018F B7            [ 4]  490 	or	a, a
                            491 ; common peephole 163 changed absolute to relative conditional jump.
   0190 20 07         [12]  492 	jr	nz, 00271$
                            493 ;	genMove_o size 1 result type 2 source type 10 a_dead 1 hl_dead 1 de_dead 0 iy_dead 0 f_dead 1
   0192 3Ar01s00      [13]  494 	ld	a, (_t + 1)
   0195 D6 67         [ 7]  495 	sub	a, #0x67
                            496 ; common peephole 163 changed absolute to relative conditional jump.
   0197 28 11         [12]  497 	jr	z, 00118$
                            498 ; common peephole 81 removed jp by using inverse jump logic
   0199                     499 00271$:
                            500 ;	skipping generated iCode
                            501 ;	skipping iCode since result will be rematerialized
                            502 ;	skipping iCode since result will be rematerialized
                            503 ;	skipping iCode since result will be rematerialized
                            504 ;	skipping iCode since result will be rematerialized
                            505 ;	skipping iCode since result will be rematerialized
                            506 ;	skipping iCode since result will be rematerialized
                            507 ;	genIpush
                            508 ;	genMove_o size 2 result type 2 source type 1 a_dead 1 hl_dead 1 de_dead 1 iy_dead 1 f_dead 1
   0199 21 4B 00      [10]  509 	ld	hl, #0x004b
   019C E5            [11]  510 	push	hl
                            511 ;	genIpush
                            512 ;	genMove_o size 2 result type 2 source type 7 a_dead 1 hl_dead 1 de_dead 1 iy_dead 1 f_dead 1
   019D 21r86s03      [10]  513 	ld	hl, #___str_2
   01A0 E5            [11]  514 	push	hl
                            515 ;	genSend
                            516 ;	genMove_o size 2 result type 2 source type 7 a_dead 1 hl_dead 1 de_dead 1 iy_dead 1 f_dead 1
   01A1 11r6As04      [10]  517 	ld	de, #___str_9
                            518 ;	genSend
                            519 ;	genMove_o size 2 result type 2 source type 7 a_dead 1 hl_dead 1 de_dead 0 iy_dead 1 f_dead 1
   01A4 21r59s03      [10]  520 	ld	hl, #___str_0
                            521 ;	genCall
   01A7 CDr00s00      [17]  522 	call	___fail
                            523 ;	genLabel
   01AA                     524 00118$:
                            525 ;cases/shifts2/shifts2_size_16_right_0_vol_0_sign_u_goal_2.c:78: TESTSHIFT(8);
                            526 ;	genAssign
                            527 ;fetchPairLong
   01AA 2Ar00s00      [16]  528 	ld	hl, (_s)
                            529 ;	genMove_o size 2 result type 10 source type 2 a_dead 1 hl_dead 1 de_dead 1 iy_dead 1 f_dead 1
   01AD 22r00s00      [16]  530 	ld	(_t), hl
                            531 ;	genLeftShift
   01B0 3Ar00s00      [13]  532 	ld	a, (_t+0)
   01B3 32r01s00      [13]  533 	ld	(_t+1), a
                            534 ; common peephole 56 used hl instead of iy.
                            535 ; common peephole 130a removed unnecessary +0 from constant
   01B6 21r00s00      [10]  536 	ld	hl, #_t
   01B9 36 00         [10]  537 	ld	(hl), #0x00
                            538 ;	genPlus
                            539 ;	genMove_o size 2 result type 2 source type 10 a_dead 1 hl_dead 1 de_dead 1 iy_dead 1 f_dead 1
   01BB 2Ar00s00      [16]  540 	ld	hl, (___numTests)
   01BE 23            [ 6]  541 	inc	hl
                            542 ;	genMove_o size 2 result type 10 source type 2 a_dead 1 hl_dead 1 de_dead 1 iy_dead 1 f_dead 1
   01BF 22r00s00      [16]  543 	ld	(___numTests), hl
                            544 ;	genCmpEq
                            545 ; common peephole 123 optimize ld a, 0x00
   01C2 AF            [ 4]  546 	xor	a,a
                            547 ; common peephole 101 removed redundant or after xor.
                            548 ; common peephole 163 changed absolute to relative conditional jump.
   01C3 20 07         [12]  549 	jr	nz, 00272$
                            550 ;	genMove_o size 1 result type 2 source type 10 a_dead 1 hl_dead 1 de_dead 0 iy_dead 0 f_dead 1
   01C5 3Ar01s00      [13]  551 	ld	a, (_t + 1)
   01C8 D6 CE         [ 7]  552 	sub	a, #0xce
                            553 ; common peephole 163 changed absolute to relative conditional jump.
   01CA 28 11         [12]  554 	jr	z, 00120$
                            555 ; common peephole 81 removed jp by using inverse jump logic
   01CC                     556 00272$:
                            557 ;	skipping generated iCode
                            558 ;	skipping iCode since result will be rematerialized
                            559 ;	skipping iCode since result will be rematerialized
                            560 ;	skipping iCode since result will be rematerialized
                            561 ;	skipping iCode since result will be rematerialized
                            562 ;	skipping iCode since result will be rematerialized
                            563 ;	skipping iCode since result will be rematerialized
                            564 ;	genIpush
                            565 ;	genMove_o size 2 result type 2 source type 1 a_dead 1 hl_dead 1 de_dead 1 iy_dead 1 f_dead 1
   01CC 21 4E 00      [10]  566 	ld	hl, #0x004e
   01CF E5            [11]  567 	push	hl
                            568 ;	genIpush
                            569 ;	genMove_o size 2 result type 2 source type 7 a_dead 1 hl_dead 1 de_dead 1 iy_dead 1 f_dead 1
   01D0 21r86s03      [10]  570 	ld	hl, #___str_2
   01D3 E5            [11]  571 	push	hl
                            572 ;	genSend
                            573 ;	genMove_o size 2 result type 2 source type 7 a_dead 1 hl_dead 1 de_dead 1 iy_dead 1 f_dead 1
   01D4 11r86s04      [10]  574 	ld	de, #___str_10
                            575 ;	genSend
                            576 ;	genMove_o size 2 result type 2 source type 7 a_dead 1 hl_dead 1 de_dead 0 iy_dead 1 f_dead 1
   01D7 21r59s03      [10]  577 	ld	hl, #___str_0
                            578 ;	genCall
   01DA CDr00s00      [17]  579 	call	___fail
                            580 ;	genLabel
   01DD                     581 00120$:
                            582 ;cases/shifts2/shifts2_size_16_right_0_vol_0_sign_u_goal_2.c:79: TESTSHIFT(9);
                            583 ;	genAssign
                            584 ;fetchPairLong
   01DD 2Ar00s00      [16]  585 	ld	hl, (_s)
                            586 ;	genMove_o size 2 result type 10 source type 2 a_dead 1 hl_dead 1 de_dead 1 iy_dead 1 f_dead 1
   01E0 22r00s00      [16]  587 	ld	(_t), hl
                            588 ;	genLeftShift
   01E3 3Ar00s00      [13]  589 	ld	a, (_t+0)
   01E6 87            [ 4]  590 	add	a, a
   01E7 32r01s00      [13]  591 	ld	(_t+1), a
                            592 ; common peephole 56 used hl instead of iy.
                            593 ; common peephole 130a removed unnecessary +0 from constant
   01EA 21r00s00      [10]  594 	ld	hl, #_t
   01ED 36 00         [10]  595 	ld	(hl), #0x00
                            596 ;	genPlus
                            597 ;	genMove_o size 2 result type 2 source type 10 a_dead 1 hl_dead 1 de_dead 1 iy_dead 1 f_dead 1
   01EF 2Ar00s00      [16]  598 	ld	hl, (___numTests)
   01F2 23            [ 6]  599 	inc	hl
                            600 ;	genMove_o size 2 result type 10 source type 2 a_dead 1 hl_dead 1 de_dead 1 iy_dead 1 f_dead 1
   01F3 22r00s00      [16]  601 	ld	(___numTests), hl
                            602 ;	genCmpEq
                            603 ; common peephole 123 optimize ld a, 0x00
   01F6 AF            [ 4]  604 	xor	a,a
                            605 ; common peephole 101 removed redundant or after xor.
                            606 ; common peephole 163 changed absolute to relative conditional jump.
   01F7 20 07         [12]  607 	jr	nz, 00273$
                            608 ;	genMove_o size 1 result type 2 source type 10 a_dead 1 hl_dead 1 de_dead 0 iy_dead 0 f_dead 1
   01F9 3Ar01s00      [13]  609 	ld	a, (_t + 1)
   01FC D6 9C         [ 7]  610 	sub	a, #0x9c
                            611 ; common peephole 163 changed absolute to relative conditional jump.
   01FE 28 11         [12]  612 	jr	z, 00122$
                            613 ; common peephole 81 removed jp by using inverse jump logic
   0200                     614 00273$:
                            615 ;	skipping generated iCode
                            616 ;	skipping iCode since result will be rematerialized
                            617 ;	skipping iCode since result will be rematerialized
                            618 ;	skipping iCode since result will be rematerialized
                            619 ;	skipping iCode since result will be rematerialized
                            620 ;	skipping iCode since result will be rematerialized
                            621 ;	skipping iCode since result will be rematerialized
                            622 ;	genIpush
                            623 ;	genMove_o size 2 result type 2 source type 1 a_dead 1 hl_dead 1 de_dead 1 iy_dead 1 f_dead 1
   0200 21 4F 00      [10]  624 	ld	hl, #0x004f
   0203 E5            [11]  625 	push	hl
                            626 ;	genIpush
                            627 ;	genMove_o size 2 result type 2 source type 7 a_dead 1 hl_dead 1 de_dead 1 iy_dead 1 f_dead 1
   0204 21r86s03      [10]  628 	ld	hl, #___str_2
   0207 E5            [11]  629 	push	hl
                            630 ;	genSend
                            631 ;	genMove_o size 2 result type 2 source type 7 a_dead 1 hl_dead 1 de_dead 1 iy_dead 1 f_dead 1
   0208 11rA2s04      [10]  632 	ld	de, #___str_11
                            633 ;	genSend
                            634 ;	genMove_o size 2 result type 2 source type 7 a_dead 1 hl_dead 1 de_dead 0 iy_dead 1 f_dead 1
   020B 21r59s03      [10]  635 	ld	hl, #___str_0
                            636 ;	genCall
   020E CDr00s00      [17]  637 	call	___fail
                            638 ;	genLabel
   0211                     639 00122$:
                            640 ;cases/shifts2/shifts2_size_16_right_0_vol_0_sign_u_goal_2.c:80: TESTSHIFT(10);
                            641 ;	genAssign
                            642 ;fetchPairLong
   0211 2Ar00s00      [16]  643 	ld	hl, (_s)
                            644 ;	genMove_o size 2 result type 10 source type 2 a_dead 1 hl_dead 1 de_dead 1 iy_dead 1 f_dead 1
   0214 22r00s00      [16]  645 	ld	(_t), hl
                            646 ;	genLeftShift
   0217 3Ar00s00      [13]  647 	ld	a, (_t+0)
   021A 87            [ 4]  648 	add	a, a
   021B 87            [ 4]  649 	add	a, a
   021C 32r01s00      [13]  650 	ld	(_t+1), a
                            651 ; common peephole 56 used hl instead of iy.
                            652 ; common peephole 130a removed unnecessary +0 from constant
   021F 21r00s00      [10]  653 	ld	hl, #_t
   0222 36 00         [10]  654 	ld	(hl), #0x00
                            655 ;	genPlus
                            656 ;	genMove_o size 2 result type 2 source type 10 a_dead 1 hl_dead 1 de_dead 1 iy_dead 1 f_dead 1
   0224 2Ar00s00      [16]  657 	ld	hl, (___numTests)
   0227 23            [ 6]  658 	inc	hl
                            659 ;	genMove_o size 2 result type 10 source type 2 a_dead 1 hl_dead 1 de_dead 1 iy_dead 1 f_dead 1
   0228 22r00s00      [16]  660 	ld	(___numTests), hl
                            661 ;	genCmpEq
                            662 ; common peephole 123 optimize ld a, 0x00
   022B AF            [ 4]  663 	xor	a,a
                            664 ; common peephole 101 removed redundant or after xor.
                            665 ; common peephole 163 changed absolute to relative conditional jump.
   022C 20 07         [12]  666 	jr	nz, 00274$
                            667 ;	genMove_o size 1 result type 2 source type 10 a_dead 1 hl_dead 1 de_dead 0 iy_dead 0 f_dead 1
   022E 3Ar01s00      [13]  668 	ld	a, (_t + 1)
   0231 D6 38         [ 7]  669 	sub	a, #0x38
                            670 ; common peephole 163 changed absolute to relative conditional jump.
   0233 28 11         [12]  671 	jr	z, 00124$
                            672 ; common peephole 81 removed jp by using inverse jump logic
   0235                     673 00274$:
                            674 ;	skipping generated iCode
                            675 ;	skipping iCode since result will be rematerialized
                            676 ;	skipping iCode since result will be rematerialized
                            677 ;	skipping iCode since result will be rematerialized
                            678 ;	skipping iCode since result will be rematerialized
                            679 ;	skipping iCode since result will be rematerialized
                            680 ;	skipping iCode since result will be rematerialized
                            681 ;	genIpush
                            682 ;	genMove_o size 2 result type 2 source type 1 a_dead 1 hl_dead 1 de_dead 1 iy_dead 1 f_dead 1
   0235 21 50 00      [10]  683 	ld	hl, #0x0050
   0238 E5            [11]  684 	push	hl
                            685 ;	genIpush
                            686 ;	genMove_o size 2 result type 2 source type 7 a_dead 1 hl_dead 1 de_dead 1 iy_dead 1 f_dead 1
   0239 21r86s03      [10]  687 	ld	hl, #___str_2
   023C E5            [11]  688 	push	hl
                            689 ;	genSend
                            690 ;	genMove_o size 2 result type 2 source type 7 a_dead 1 hl_dead 1 de_dead 1 iy_dead 1 f_dead 1
   023D 11rBEs04      [10]  691 	ld	de, #___str_12
                            692 ;	genSend
                            693 ;	genMove_o size 2 result type 2 source type 7 a_dead 1 hl_dead 1 de_dead 0 iy_dead 1 f_dead 1
   0240 21r59s03      [10]  694 	ld	hl, #___str_0
                            695 ;	genCall
   0243 CDr00s00      [17]  696 	call	___fail
                            697 ;	genLabel
   0246                     698 00124$:
                            699 ;cases/shifts2/shifts2_size_16_right_0_vol_0_sign_u_goal_2.c:81: TESTSHIFT(11);
                            700 ;	genAssign
                            701 ;fetchPairLong
   0246 2Ar00s00      [16]  702 	ld	hl, (_s)
                            703 ;	genMove_o size 2 result type 10 source type 2 a_dead 1 hl_dead 1 de_dead 1 iy_dead 1 f_dead 1
   0249 22r00s00      [16]  704 	ld	(_t), hl
                            705 ;	genLeftShift
   024C 3Ar00s00      [13]  706 	ld	a, (_t+0)
   024F 87            [ 4]  707 	add	a, a
   0250 87            [ 4]  708 	add	a, a
   0251 87            [ 4]  709 	add	a, a
   0252 32r01s00      [13]  710 	ld	(_t+1), a
                            711 ; common peephole 56 used hl instead of iy.
                            712 ; common peephole 130a removed unnecessary +0 from constant
   0255 21r00s00      [10]  713 	ld	hl, #_t
   0258 36 00         [10]  714 	ld	(hl), #0x00
                            715 ;	genPlus
                            716 ;	genMove_o size 2 result type 2 source type 10 a_dead 1 hl_dead 1 de_dead 1 iy_dead 1 f_dead 1
   025A 2Ar00s00      [16]  717 	ld	hl, (___numTests)
   025D 23            [ 6]  718 	inc	hl
                            719 ;	genMove_o size 2 result type 10 source type 2 a_dead 1 hl_dead 1 de_dead 1 iy_dead 1 f_dead 1
   025E 22r00s00      [16]  720 	ld	(___numTests), hl
                            721 ;	genCmpEq
                            722 ; common peephole 123 optimize ld a, 0x00
   0261 AF            [ 4]  723 	xor	a,a
                            724 ; common peephole 101 removed redundant or after xor.
                            725 ; common peephole 163 changed absolute to relative conditional jump.
   0262 20 07         [12]  726 	jr	nz, 00275$
                            727 ;	genMove_o size 1 result type 2 source type 10 a_dead 1 hl_dead 1 de_dead 0 iy_dead 0 f_dead 1
   0264 3Ar01s00      [13]  728 	ld	a, (_t + 1)
   0267 D6 70         [ 7]  729 	sub	a, #0x70
                            730 ; common peephole 163 changed absolute to relative conditional jump.
   0269 28 11         [12]  731 	jr	z, 00126$
                            732 ; common peephole 81 removed jp by using inverse jump logic
   026B                     733 00275$:
                            734 ;	skipping generated iCode
                            735 ;	skipping iCode since result will be rematerialized
                            736 ;	skipping iCode since result will be rematerialized
                            737 ;	skipping iCode since result will be rematerialized
                            738 ;	skipping iCode since result will be rematerialized
                            739 ;	skipping iCode since result will be rematerialized
                            740 ;	skipping iCode since result will be rematerialized
                            741 ;	genIpush
                            742 ;	genMove_o size 2 result type 2 source type 1 a_dead 1 hl_dead 1 de_dead 1 iy_dead 1 f_dead 1
   026B 21 51 00      [10]  743 	ld	hl, #0x0051
   026E E5            [11]  744 	push	hl
                            745 ;	genIpush
                            746 ;	genMove_o size 2 result type 2 source type 7 a_dead 1 hl_dead 1 de_dead 1 iy_dead 1 f_dead 1
   026F 21r86s03      [10]  747 	ld	hl, #___str_2
   0272 E5            [11]  748 	push	hl
                            749 ;	genSend
                            750 ;	genMove_o size 2 result type 2 source type 7 a_dead 1 hl_dead 1 de_dead 1 iy_dead 1 f_dead 1
   0273 11rDBs04      [10]  751 	ld	de, #___str_13
                            752 ;	genSend
                            753 ;	genMove_o size 2 result type 2 source type 7 a_dead 1 hl_dead 1 de_dead 0 iy_dead 1 f_dead 1
   0276 21r59s03      [10]  754 	ld	hl, #___str_0
                            755 ;	genCall
   0279 CDr00s00      [17]  756 	call	___fail
                            757 ;	genLabel
   027C                     758 00126$:
                            759 ;cases/shifts2/shifts2_size_16_right_0_vol_0_sign_u_goal_2.c:82: TESTSHIFT(12);
                            760 ;	genAssign
                            761 ;fetchPairLong
   027C 2Ar00s00      [16]  762 	ld	hl, (_s)
                            763 ;	genMove_o size 2 result type 10 source type 2 a_dead 1 hl_dead 1 de_dead 1 iy_dead 1 f_dead 1
   027F 22r00s00      [16]  764 	ld	(_t), hl
                            765 ;	genLeftShift
   0282 3Ar00s00      [13]  766 	ld	a, (_t+0)
   0285 87            [ 4]  767 	add	a, a
   0286 87            [ 4]  768 	add	a, a
   0287 87            [ 4]  769 	add	a, a
   0288 87            [ 4]  770 	add	a, a
   0289 32r01s00      [13]  771 	ld	(_t+1), a
                            772 ; common peephole 56 used hl instead of iy.
                            773 ; common peephole 130a removed unnecessary +0 from constant
   028C 21r00s00      [10]  774 	ld	hl, #_t
   028F 36 00         [10]  775 	ld	(hl), #0x00
                            776 ;	genPlus
                            777 ;	genMove_o size 2 result type 2 source type 10 a_dead 1 hl_dead 1 de_dead 1 iy_dead 1 f_dead 1
   0291 2Ar00s00      [16]  778 	ld	hl, (___numTests)
   0294 23            [ 6]  779 	inc	hl
                            780 ;	genMove_o size 2 result type 10 source type 2 a_dead 1 hl_dead 1 de_dead 1 iy_dead 1 f_dead 1
   0295 22r00s00      [16]  781 	ld	(___numTests), hl
                            782 ;	genCmpEq
                            783 ; common peephole 123 optimize ld a, 0x00
   0298 AF            [ 4]  784 	xor	a,a
                            785 ; common peephole 101 removed redundant or after xor.
                            786 ; common peephole 163 changed absolute to relative conditional jump.
   0299 20 07         [12]  787 	jr	nz, 00276$
                            788 ;	genMove_o size 1 result type 2 source type 10 a_dead 1 hl_dead 1 de_dead 0 iy_dead 0 f_dead 1
   029B 3Ar01s00      [13]  789 	ld	a, (_t + 1)
   029E D6 E0         [ 7]  790 	sub	a, #0xe0
                            791 ; common peephole 163 changed absolute to relative conditional jump.
   02A0 28 11         [12]  792 	jr	z, 00128$
                            793 ; common peephole 81 removed jp by using inverse jump logic
   02A2                     794 00276$:
                            795 ;	skipping generated iCode
                            796 ;	skipping iCode since result will be rematerialized
                            797 ;	skipping iCode since result will be rematerialized
                            798 ;	skipping iCode since result will be rematerialized
                            799 ;	skipping iCode since result will be rematerialized
                            800 ;	skipping iCode since result will be rematerialized
                            801 ;	skipping iCode since result will be rematerialized
                            802 ;	genIpush
                            803 ;	genMove_o size 2 result type 2 source type 1 a_dead 1 hl_dead 1 de_dead 1 iy_dead 1 f_dead 1
   02A2 21 52 00      [10]  804 	ld	hl, #0x0052
   02A5 E5            [11]  805 	push	hl
                            806 ;	genIpush
                            807 ;	genMove_o size 2 result type 2 source type 7 a_dead 1 hl_dead 1 de_dead 1 iy_dead 1 f_dead 1
   02A6 21r86s03      [10]  808 	ld	hl, #___str_2
   02A9 E5            [11]  809 	push	hl
                            810 ;	genSend
                            811 ;	genMove_o size 2 result type 2 source type 7 a_dead 1 hl_dead 1 de_dead 1 iy_dead 1 f_dead 1
   02AA 11rF8s04      [10]  812 	ld	de, #___str_14
                            813 ;	genSend
                            814 ;	genMove_o size 2 result type 2 source type 7 a_dead 1 hl_dead 1 de_dead 0 iy_dead 1 f_dead 1
   02AD 21r59s03      [10]  815 	ld	hl, #___str_0
                            816 ;	genCall
   02B0 CDr00s00      [17]  817 	call	___fail
                            818 ;	genLabel
   02B3                     819 00128$:
                            820 ;cases/shifts2/shifts2_size_16_right_0_vol_0_sign_u_goal_2.c:83: TESTSHIFT(13);
                            821 ;	genAssign
                            822 ;fetchPairLong
   02B3 2Ar00s00      [16]  823 	ld	hl, (_s)
                            824 ;	genMove_o size 2 result type 10 source type 2 a_dead 1 hl_dead 1 de_dead 1 iy_dead 1 f_dead 1
   02B6 22r00s00      [16]  825 	ld	(_t), hl
                            826 ;	genLeftShift
   02B9 3Ar00s00      [13]  827 	ld	a, (_t+0)
   02BC 0F            [ 4]  828 	rrca
   02BD 0F            [ 4]  829 	rrca
   02BE 0F            [ 4]  830 	rrca
   02BF E6 E0         [ 7]  831 	and	a, #0xe0
   02C1 32r01s00      [13]  832 	ld	(_t+1), a
                            833 ; common peephole 56 used hl instead of iy.
                            834 ; common peephole 130a removed unnecessary +0 from constant
   02C4 21r00s00      [10]  835 	ld	hl, #_t
   02C7 36 00         [10]  836 	ld	(hl), #0x00
                            837 ;	genPlus
                            838 ;	genMove_o size 2 result type 2 source type 10 a_dead 1 hl_dead 1 de_dead 1 iy_dead 1 f_dead 1
   02C9 2Ar00s00      [16]  839 	ld	hl, (___numTests)
   02CC 23            [ 6]  840 	inc	hl
                            841 ;	genMove_o size 2 result type 10 source type 2 a_dead 1 hl_dead 1 de_dead 1 iy_dead 1 f_dead 1
   02CD 22r00s00      [16]  842 	ld	(___numTests), hl
                            843 ;	genCmpEq
                            844 ; common peephole 123 optimize ld a, 0x00
   02D0 AF            [ 4]  845 	xor	a,a
                            846 ; common peephole 101 removed redundant or after xor.
                            847 ; common peephole 163 changed absolute to relative conditional jump.
   02D1 20 07         [12]  848 	jr	nz, 00277$
                            849 ;	genMove_o size 1 result type 2 source type 10 a_dead 1 hl_dead 1 de_dead 0 iy_dead 0 f_dead 1
   02D3 3Ar01s00      [13]  850 	ld	a, (_t + 1)
   02D6 D6 C0         [ 7]  851 	sub	a, #0xc0
                            852 ; common peephole 163 changed absolute to relative conditional jump.
   02D8 28 11         [12]  853 	jr	z, 00130$
                            854 ; common peephole 81 removed jp by using inverse jump logic
   02DA                     855 00277$:
                            856 ;	skipping generated iCode
                            857 ;	skipping iCode since result will be rematerialized
                            858 ;	skipping iCode since result will be rematerialized
                            859 ;	skipping iCode since result will be rematerialized
                            860 ;	skipping iCode since result will be rematerialized
                            861 ;	skipping iCode since result will be rematerialized
                            862 ;	skipping iCode since result will be rematerialized
                            863 ;	genIpush
                            864 ;	genMove_o size 2 result type 2 source type 1 a_dead 1 hl_dead 1 de_dead 1 iy_dead 1 f_dead 1
   02DA 21 53 00      [10]  865 	ld	hl, #0x0053
   02DD E5            [11]  866 	push	hl
                            867 ;	genIpush
                            868 ;	genMove_o size 2 result type 2 source type 7 a_dead 1 hl_dead 1 de_dead 1 iy_dead 1 f_dead 1
   02DE 21r86s03      [10]  869 	ld	hl, #___str_2
   02E1 E5            [11]  870 	push	hl
                            871 ;	genSend
                            872 ;	genMove_o size 2 result type 2 source type 7 a_dead 1 hl_dead 1 de_dead 1 iy_dead 1 f_dead 1
   02E2 11r15s05      [10]  873 	ld	de, #___str_15
                            874 ;	genSend
                            875 ;	genMove_o size 2 result type 2 source type 7 a_dead 1 hl_dead 1 de_dead 0 iy_dead 1 f_dead 1
   02E5 21r59s03      [10]  876 	ld	hl, #___str_0
                            877 ;	genCall
   02E8 CDr00s00      [17]  878 	call	___fail
                            879 ;	genLabel
   02EB                     880 00130$:
                            881 ;cases/shifts2/shifts2_size_16_right_0_vol_0_sign_u_goal_2.c:84: TESTSHIFT(14);
                            882 ;	genAssign
                            883 ;fetchPairLong
   02EB 2Ar00s00      [16]  884 	ld	hl, (_s)
                            885 ;	genMove_o size 2 result type 10 source type 2 a_dead 1 hl_dead 1 de_dead 1 iy_dead 1 f_dead 1
   02EE 22r00s00      [16]  886 	ld	(_t), hl
                            887 ;	genLeftShift
   02F1 3Ar00s00      [13]  888 	ld	a, (_t+0)
   02F4 0F            [ 4]  889 	rrca
   02F5 0F            [ 4]  890 	rrca
   02F6 E6 C0         [ 7]  891 	and	a, #0xc0
   02F8 32r01s00      [13]  892 	ld	(_t+1), a
                            893 ; common peephole 56 used hl instead of iy.
                            894 ; common peephole 130a removed unnecessary +0 from constant
   02FB 21r00s00      [10]  895 	ld	hl, #_t
   02FE 36 00         [10]  896 	ld	(hl), #0x00
                            897 ;	genPlus
                            898 ;	genMove_o size 2 result type 2 source type 10 a_dead 1 hl_dead 1 de_dead 1 iy_dead 1 f_dead 1
   0300 2Ar00s00      [16]  899 	ld	hl, (___numTests)
   0303 23            [ 6]  900 	inc	hl
                            901 ;	genMove_o size 2 result type 10 source type 2 a_dead 1 hl_dead 1 de_dead 1 iy_dead 1 f_dead 1
   0304 22r00s00      [16]  902 	ld	(___numTests), hl
                            903 ;	genCmpEq
                            904 ; common peephole 123 optimize ld a, 0x00
   0307 AF            [ 4]  905 	xor	a,a
                            906 ; common peephole 101 removed redundant or after xor.
                            907 ; common peephole 163 changed absolute to relative conditional jump.
   0308 20 07         [12]  908 	jr	nz, 00278$
                            909 ;	genMove_o size 1 result type 2 source type 10 a_dead 1 hl_dead 1 de_dead 0 iy_dead 0 f_dead 1
   030A 3Ar01s00      [13]  910 	ld	a, (_t + 1)
   030D D6 80         [ 7]  911 	sub	a, #0x80
                            912 ; common peephole 163 changed absolute to relative conditional jump.
   030F 28 11         [12]  913 	jr	z, 00132$
                            914 ; common peephole 81 removed jp by using inverse jump logic
   0311                     915 00278$:
                            916 ;	skipping generated iCode
                            917 ;	skipping iCode since result will be rematerialized
                            918 ;	skipping iCode since result will be rematerialized
                            919 ;	skipping iCode since result will be rematerialized
                            920 ;	skipping iCode since result will be rematerialized
                            921 ;	skipping iCode since result will be rematerialized
                            922 ;	skipping iCode since result will be rematerialized
                            923 ;	genIpush
                            924 ;	genMove_o size 2 result type 2 source type 1 a_dead 1 hl_dead 1 de_dead 1 iy_dead 1 f_dead 1
   0311 21 54 00      [10]  925 	ld	hl, #0x0054
   0314 E5            [11]  926 	push	hl
                            927 ;	genIpush
                            928 ;	genMove_o size 2 result type 2 source type 7 a_dead 1 hl_dead 1 de_dead 1 iy_dead 1 f_dead 1
   0315 21r86s03      [10]  929 	ld	hl, #___str_2
   0318 E5            [11]  930 	push	hl
                            931 ;	genSend
                            932 ;	genMove_o size 2 result type 2 source type 7 a_dead 1 hl_dead 1 de_dead 1 iy_dead 1 f_dead 1
   0319 11r32s05      [10]  933 	ld	de, #___str_16
                            934 ;	genSend
                            935 ;	genMove_o size 2 result type 2 source type 7 a_dead 1 hl_dead 1 de_dead 0 iy_dead 1 f_dead 1
   031C 21r59s03      [10]  936 	ld	hl, #___str_0
                            937 ;	genCall
   031F CDr00s00      [17]  938 	call	___fail
                            939 ;	genLabel
   0322                     940 00132$:
                            941 ;cases/shifts2/shifts2_size_16_right_0_vol_0_sign_u_goal_2.c:85: TESTSHIFT(15);
                            942 ;	genAssign
                            943 ;fetchPairLong
   0322 2Ar00s00      [16]  944 	ld	hl, (_s)
                            945 ;	genMove_o size 2 result type 10 source type 2 a_dead 1 hl_dead 1 de_dead 1 iy_dead 1 f_dead 1
   0325 22r00s00      [16]  946 	ld	(_t), hl
                            947 ;	genLeftShift
   0328 3Ar00s00      [13]  948 	ld	a, (_t+0)
   032B 0F            [ 4]  949 	rrca
   032C E6 80         [ 7]  950 	and	a, #0x80
   032E 32r01s00      [13]  951 	ld	(_t+1), a
   0331 FD 21r00s00   [14]  952 	ld	iy, #_t
   0335 FD 36 00 00   [19]  953 	ld	0 (iy), #0x00
                            954 ;	genPlus
                            955 ;	genMove_o size 2 result type 2 source type 10 a_dead 1 hl_dead 1 de_dead 1 iy_dead 1 f_dead 1
   0339 2Ar00s00      [16]  956 	ld	hl, (___numTests)
   033C 23            [ 6]  957 	inc	hl
                            958 ;	genMove_o size 2 result type 10 source type 2 a_dead 1 hl_dead 1 de_dead 1 iy_dead 1 f_dead 1
   033D 22r00s00      [16]  959 	ld	(___numTests), hl
                            960 ;	genIfx
   0340 3Ar01s00      [13]  961 	ld	a, (_t+1)
   0343 FD B6 00      [19]  962 	or	a, 0 (iy)
   0346 C8            [11]  963 	ret	z
                            964 ; common peephole 161 replaced jump by return.
                            965 ;	skipping iCode since result will be rematerialized
                            966 ;	skipping iCode since result will be rematerialized
                            967 ;	skipping iCode since result will be rematerialized
                            968 ;	skipping iCode since result will be rematerialized
                            969 ;	skipping iCode since result will be rematerialized
                            970 ;	skipping iCode since result will be rematerialized
                            971 ;	genIpush
                            972 ;	genMove_o size 2 result type 2 source type 1 a_dead 1 hl_dead 1 de_dead 1 iy_dead 1 f_dead 1
   0347 21 55 00      [10]  973 	ld	hl, #0x0055
   034A E5            [11]  974 	push	hl
                            975 ;	genIpush
                            976 ;	genMove_o size 2 result type 2 source type 7 a_dead 1 hl_dead 1 de_dead 1 iy_dead 1 f_dead 1
   034B 21r86s03      [10]  977 	ld	hl, #___str_2
   034E E5            [11]  978 	push	hl
                            979 ;	genSend
                            980 ;	genMove_o size 2 result type 2 source type 7 a_dead 1 hl_dead 1 de_dead 1 iy_dead 1 f_dead 1
   034F 11r4Fs05      [10]  981 	ld	de, #___str_17
                            982 ;	genSend
                            983 ;	genMove_o size 2 result type 2 source type 7 a_dead 1 hl_dead 1 de_dead 0 iy_dead 1 f_dead 1
   0352 21r59s03      [10]  984 	ld	hl, #___str_0
                            985 ;	genCall
   0355 CDr00s00      [17]  986 	call	___fail
                            987 ;	genLabel
                            988 ; common peephole 159 removed unused label 00101$.
                            989 ;cases/shifts2/shifts2_size_16_right_0_vol_0_sign_u_goal_2.c:144: }
                            990 ;	genEndFunction
   0358 C9            [10]  991 	ret
                            992 ;	Total testShift function size at codegen: 1 bytes.
   0359                     993 ___str_0:
   0359 41 73 73 65 72 74   994 	.ascii "Assertion failed"
        69 6F 6E 20 66 61
        69 6C 65 64
   0369 00                  995 	.db 0x00
   036A                     996 ___str_1:
   036A 74 20 3D 3D 20 53   997 	.ascii "t == SHIFT (TEST_VECT, (0))"
        48 49 46 54 20 28
        54 45 53 54 5F 56
        45 43 54 2C 20 28
        30 29 29
   0385 00                  998 	.db 0x00
   0386                     999 ___str_2:
   0386 63 61 73 65 73 2F  1000 	.ascii "cases/shifts2/shifts2_size_16_right_0_vol_0_sign_u_goal_2.c"
        73 68 69 66 74 73
        32 2F 73 68 69 66
        74 73 32 5F 73 69
        7A 65 5F 31 36 5F
        72 69 67 68 74 5F
        30 5F 76 6F 6C 5F
        30 5F 73 69 67 6E
        5F 75 5F 67 6F 61
        6C 5F 32 2E 63
   03C1 00                 1001 	.db 0x00
   03C2                    1002 ___str_3:
   03C2 74 20 3D 3D 20 53  1003 	.ascii "t == SHIFT (TEST_VECT, (1))"
        48 49 46 54 20 28
        54 45 53 54 5F 56
        45 43 54 2C 20 28
        31 29 29
   03DD 00                 1004 	.db 0x00
   03DE                    1005 ___str_4:
   03DE 74 20 3D 3D 20 53  1006 	.ascii "t == SHIFT (TEST_VECT, (2))"
        48 49 46 54 20 28
        54 45 53 54 5F 56
        45 43 54 2C 20 28
        32 29 29
   03F9 00                 1007 	.db 0x00
   03FA                    1008 ___str_5:
   03FA 74 20 3D 3D 20 53  1009 	.ascii "t == SHIFT (TEST_VECT, (3))"
        48 49 46 54 20 28
        54 45 53 54 5F 56
        45 43 54 2C 20 28
        33 29 29
   0415 00                 1010 	.db 0x00
   0416                    1011 ___str_6:
   0416 74 20 3D 3D 20 53  1012 	.ascii "t == SHIFT (TEST_VECT, (4))"
        48 49 46 54 20 28
        54 45 53 54 5F 56
        45 43 54 2C 20 28
        34 29 29
   0431 00                 1013 	.db 0x00
   0432                    1014 ___str_7:
   0432 74 20 3D 3D 20 53  1015 	.ascii "t == SHIFT (TEST_VECT, (5))"
        48 49 46 54 20 28
        54 45 53 54 5F 56
        45 43 54 2C 20 28
        35 29 29
   044D 00                 1016 	.db 0x00
   044E                    1017 ___str_8:
   044E 74 20 3D 3D 20 53  1018 	.ascii "t == SHIFT (TEST_VECT, (6))"
        48 49 46 54 20 28
        54 45 53 54 5F 56
        45 43 54 2C 20 28
        36 29 29
   0469 00                 1019 	.db 0x00
   046A                    1020 ___str_9:
   046A 74 20 3D 3D 20 53  1021 	.ascii "t == SHIFT (TEST_VECT, (7))"
        48 49 46 54 20 28
        54 45 53 54 5F 56
        45 43 54 2C 20 28
        37 29 29
   0485 00                 1022 	.db 0x00
   0486                    1023 ___str_10:
   0486 74 20 3D 3D 20 53  1024 	.ascii "t == SHIFT (TEST_VECT, (8))"
        48 49 46 54 20 28
        54 45 53 54 5F 56
        45 43 54 2C 20 28
        38 29 29
   04A1 00                 1025 	.db 0x00
   04A2                    1026 ___str_11:
   04A2 74 20 3D 3D 20 53  1027 	.ascii "t == SHIFT (TEST_VECT, (9))"
        48 49 46 54 20 28
        54 45 53 54 5F 56
        45 43 54 2C 20 28
        39 29 29
   04BD 00                 1028 	.db 0x00
   04BE                    1029 ___str_12:
   04BE 74 20 3D 3D 20 53  1030 	.ascii "t == SHIFT (TEST_VECT, (10))"
        48 49 46 54 20 28
        54 45 53 54 5F 56
        45 43 54 2C 20 28
        31 30 29 29
   04DA 00                 1031 	.db 0x00
   04DB                    1032 ___str_13:
   04DB 74 20 3D 3D 20 53  1033 	.ascii "t == SHIFT (TEST_VECT, (11))"
        48 49 46 54 20 28
        54 45 53 54 5F 56
        45 43 54 2C 20 28
        31 31 29 29
   04F7 00                 1034 	.db 0x00
   04F8                    1035 ___str_14:
   04F8 74 20 3D 3D 20 53  1036 	.ascii "t == SHIFT (TEST_VECT, (12))"
        48 49 46 54 20 28
        54 45 53 54 5F 56
        45 43 54 2C 20 28
        31 32 29 29
   0514 00                 1037 	.db 0x00
   0515                    1038 ___str_15:
   0515 74 20 3D 3D 20 53  1039 	.ascii "t == SHIFT (TEST_VECT, (13))"
        48 49 46 54 20 28
        54 45 53 54 5F 56
        45 43 54 2C 20 28
        31 33 29 29
   0531 00                 1040 	.db 0x00
   0532                    1041 ___str_16:
   0532 74 20 3D 3D 20 53  1042 	.ascii "t == SHIFT (TEST_VECT, (14))"
        48 49 46 54 20 28
        54 45 53 54 5F 56
        45 43 54 2C 20 28
        31 34 29 29
   054E 00                 1043 	.db 0x00
   054F                    1044 ___str_17:
   054F 74 20 3D 3D 20 53  1045 	.ascii "t == SHIFT (TEST_VECT, (15))"
        48 49 46 54 20 28
        54 45 53 54 5F 56
        45 43 54 2C 20 28
        31 35 29 29
   056B 00                 1046 	.db 0x00
                           1047 ;cases/shifts2/shifts2_size_16_right_0_vol_0_sign_u_goal_2.c:147: __runSuite(void)
                           1048 ;	genLabel
                           1049 ;	genFunction
                           1050 ;	---------------------------------
                           1051 ; Function __runSuite
                           1052 ; ---------------------------------
                           1053 ;	Register assignment is optimal.
                           1054 ; Stack space usage: 0 bytes.
   056C                    1055 ___runSuite::
                           1056 ;cases/shifts2/shifts2_size_16_right_0_vol_0_sign_u_goal_2.c:149: __prints("Running testShift\n");
                           1057 ;	skipping iCode since result will be rematerialized
                           1058 ;	skipping iCode since result will be rematerialized
                           1059 ;	genSend
                           1060 ;	genMove_o size 2 result type 2 source type 7 a_dead 1 hl_dead 1 de_dead 1 iy_dead 1 f_dead 1
   056C 21r75s05      [10] 1061 	ld	hl, #___str_18
                           1062 ;	genCall
   056F CDr00s00      [17] 1063 	call	___prints
                           1064 ;cases/shifts2/shifts2_size_16_right_0_vol_0_sign_u_goal_2.c:150: testShift();
                           1065 ;	genCall
                           1066 ;	genLabel
                           1067 ; common peephole 159 removed unused label 00101$.
                           1068 ;cases/shifts2/shifts2_size_16_right_0_vol_0_sign_u_goal_2.c:151: }
                           1069 ;	genEndFunction
   0572 C3r00s00      [10] 1070 	jp	_testShift
                           1071 ; common peephole 152 removed unused ret.
                           1072 ;	Total __runSuite function size at codegen: 1 bytes.
   0575                    1073 ___str_18:
   0575 52 75 6E 6E 69 6E  1074 	.ascii "Running testShift"
        67 20 74 65 73 74
        53 68 69 66 74
   0586 0A                 1075 	.db 0x0a
   0587 00                 1076 	.db 0x00
                           1077 ;cases/shifts2/shifts2_size_16_right_0_vol_0_sign_u_goal_2.c:156: __getSuiteName(void)
                           1078 ;	genLabel
                           1079 ;	genFunction
                           1080 ;	---------------------------------
                           1081 ; Function __getSuiteName
                           1082 ; ---------------------------------
                           1083 ;	Register assignment is optimal.
                           1084 ; Stack space usage: 0 bytes.
   0588                    1085 ___getSuiteName::
                           1086 ;cases/shifts2/shifts2_size_16_right_0_vol_0_sign_u_goal_2.c:158: return "shifts2_size_16_right_0_vol_0_sign_u_goal_2";
                           1087 ;	skipping iCode since result will be rematerialized
                           1088 ;	skipping iCode since result will be rematerialized
                           1089 ;	genRet
                           1090 ;	genMove_o size 2 result type 2 source type 7 a_dead 1 hl_dead 1 de_dead 1 iy_dead 1 f_dead 1
   0588 11r8Es05      [10] 1091 	ld	de, #___str_19
                           1092 ;	genLabel
                           1093 ; common peephole 159 removed unused label 00101$.
                           1094 ;cases/shifts2/shifts2_size_16_right_0_vol_0_sign_u_goal_2.c:159: }
                           1095 ;	genEndFunction
   058B C9            [10] 1096 	ret
                           1097 ;	Total __getSuiteName function size at codegen: 1 bytes.
   058C                    1098 ___numCases:
   058C 01 00              1099 	.dw #0x0001
   058E                    1100 ___str_19:
   058E 73 68 69 66 74 73  1101 	.ascii "shifts2_size_16_right_0_vol_0_sign_u_goal_2"
        32 5F 73 69 7A 65
        5F 31 36 5F 72 69
        67 68 74 5F 30 5F
        76 6F 6C 5F 30 5F
        73 69 67 6E 5F 75
        5F 67 6F 61 6C 5F
        32
   05B9 00                 1102 	.db 0x00
                           1103 	.area _CODE (BANK=_CSEG)
                           1104 	.area _INITIALIZER
   0000                    1105 __xinit__s:
   0000 CE A8              1106 	.dw #0xa8ce
                           1107 	.area _CABS (ABS)
