ASxxxx Linker V06.10                                                                Page 1
Hexadecimal [16-Bits]                                 Fri Sep  4 12:35:22 2026

Area                       Addr        Size        Decimal Bytes (Attributes)
--------------------       ----        ----        ------- ----- ------------
.  .ABS.                   0000        0000 =           0. bytes (ABS,OVR,CSEG)

         Value  Global                             Global Defined In Module
         -----  --------------------------------   ------------------------
          0000  .__.ABS.                           modunsigned

ASxxxx Linker V06.10                                                                Page 2
Hexadecimal [16-Bits]                                 Fri Sep  4 12:35:22 2026

Area                       Addr        Size        Decimal Bytes (Attributes)
--------------------       ----        ----        ------- ----- ------------
_HEADER                    0000        0110 =         272. bytes (ABS,OVR,CSEG)

         Value  Global                             Global Defined In Module
         -----  --------------------------------   ------------------------
ASxxxx Linker V06.10                                                                Page 3
Hexadecimal [16-Bits]                                 Fri Sep  4 12:35:22 2026
[ Bank == _CSEG ]

Area                       Addr        Size        Decimal Bytes (Attributes)
--------------------       ----        ----        ------- ----- ------------
_CODE                      0200        0488 =        1160. bytes (REL,CON,CSEG)

         Value  Global                             Global Defined In Module
         -----  --------------------------------   ------------------------
          0200  __clock                            crt0
          0204  _exit                              crt0
          020A  ___prints                          testfwk
          0217  ___printu                          testfwk
          024A  ___fail                            testfwk
          02B1  _main                              testfwk
          035B  __putchar                          support
          0364  __initEmu                          support
          0365  __exitEmu                          support
          05F8  ___runSuite                        shifts2_size_8_right_0_vol_1
          0614  ___getSuiteName                    shifts2_size_8_right_0_vol_1
          0618  ___numCases                        shifts2_size_8_right_0_vol_1
          0648  __divuchar                         divunsigned
          064A  __divu8                            divunsigned
          064D  __divuint                          divunsigned
          064D  __divu16                           divunsigned
          067C  __moduchar                         modunsigned
          0683  __moduint                          modunsigned

ASxxxx Linker V06.10                                                                Page 4
Hexadecimal [16-Bits]                                 Fri Sep  4 12:35:22 2026
[ Bank == _CSEG ]

Area                       Addr        Size        Decimal Bytes (Attributes)
--------------------       ----        ----        ------- ----- ------------
_HOME                      0688        0002 =           2. bytes (REL,CON,CSEG)

         Value  Global                             Global Defined In Module
         -----  --------------------------------   ------------------------
          0688  ___sdcc_external_startup           _startup

ASxxxx Linker V06.10                                                                Page 5
Hexadecimal [16-Bits]                                 Fri Sep  4 12:35:22 2026
[ Bank == _CSEG ]

Area                       Addr        Size        Decimal Bytes (Attributes)
--------------------       ----        ----        ------- ----- ------------
_INITIALIZER               068A        0005 =           5. bytes (REL,CON,CSEG)

         Value  Global                             Global Defined In Module
         -----  --------------------------------   ------------------------
ASxxxx Linker V06.10                                                                Page 6
Hexadecimal [16-Bits]                                 Fri Sep  4 12:35:22 2026
[ Bank == _CSEG ]

Area                       Addr        Size        Decimal Bytes (Attributes)
--------------------       ----        ----        ------- ----- ------------
_GSINIT                    068F        0025 =          37. bytes (REL,CON,CSEG)

         Value  Global                             Global Defined In Module
         -----  --------------------------------   ------------------------
          068F  gsinit                             crt0

ASxxxx Linker V06.10                                                                Page 7
Hexadecimal [16-Bits]                                 Fri Sep  4 12:35:22 2026
[ Bank == _CSEG ]

Area                       Addr        Size        Decimal Bytes (Attributes)
--------------------       ----        ----        ------- ----- ------------
_GSFINAL                   06B4        0001 =           1. bytes (REL,CON,CSEG)

         Value  Global                             Global Defined In Module
         -----  --------------------------------   ------------------------
ASxxxx Linker V06.10                                                                Page 8
Hexadecimal [16-Bits]                                 Fri Sep  4 12:35:22 2026
[ Bank == _DSEG ]

Area                       Addr        Size        Decimal Bytes (Attributes)
--------------------       ----        ----        ------- ----- ------------
_DATA                      8000        0006 =           6. bytes (REL,CON,DSEG)

         Value  Global                             Global Defined In Module
         -----  --------------------------------   ------------------------
ASxxxx Linker V06.10                                                                Page 9
Hexadecimal [16-Bits]                                 Fri Sep  4 12:35:22 2026
[ Bank == _DSEG ]

Area                       Addr        Size        Decimal Bytes (Attributes)
--------------------       ----        ----        ------- ----- ------------
_INITIALIZED               8006        0005 =           5. bytes (REL,CON,CSEG)

         Value  Global                             Global Defined In Module
         -----  --------------------------------   ------------------------
          8006  ___numTests                        testfwk
          800A  _t                                 shifts2_size_8_right_0_vol_1

ASxxxx Linker V06.10                                                                 Page 10
Hexadecimal [16-Bits]                                 Fri Sep  4 12:35:22 2026

Files Linked                              [ module(s) ]

../../device/lib/build/z80/crt0.rel       [ crt0 ]
gen/ucz80/testfwk.rel                     [ testfwk ]
gen/ucz80/support.rel                     [ support ]
gen/ucz80/shifts2/shifts2_size_8_right_0  [ shifts2_size_8_right_0_vol_1_sig ]


Libraries Linked                          [ object file ]

../../device/lib/build/z80/z80.lib        [ divunsigned ]
../../device/lib/build/z80/z80.lib        [ _startup ]
../../device/lib/build/z80/z80.lib        [ modunsigned ]

ASxxxx Linker V06.10                                                                 Page 11
Hexadecimal [16-Bits]                                 Fri Sep  4 12:35:22 2026

User Area Base Address Definitions

_CODE = 0x0200
_DATA = 0x8000


