uCsim 0.9.9, Copyright (C) 1997 Daniel Drotos.
uCsim comes with ABSOLUTELY NO WARRANTY; for details type `show w'.
This is free software, and you are welcome to redistribute it
under certain conditions; type `show c' for details.
set error non-classified off
set error unknown_code off
set error memory off
set error stack off
set hw simif outputs 0xff
step 500000000 vclk
state
quit
14514 words read from gen/ucz80/bitfields-nibbles/bitfields-nibbles_operation_4_pattern_0_varType_1.ihx
--- Running: bitfields-nibbles_operation_4_pattern_0_varType_1
Running testBitfields
--- Summary: 0/180/1: 0 failed of 180 tests in 1 cases.

Stop at 0x000369: (110) Program stopped itself
F 0x000369
Simulated 61838 ticks (5.592e-03 sec)
Host usage: 0.003147 sec, rate=1.776715
CPU state= OK PC= 0x000369 frequency= 11059200 HZ
Operation since last reset= 15168 vclks
Inst= 7693 Fetch= 12299 Read= 1641 Write= 1228
Total time since last reset= 0.005592447916667 sec (61848 clks)
Time in isr = 0.000000000000000 sec (0 clks) 0.00%
Time in idle= 0.000000000000000 sec (0 clks) 0.00%
Most value of stack pointer= 0x000000
Simulation: stopped
Runtime: 0.023441 sec

--- Simulator: 14514/61848: 14514 bytes, 61848 ticks
