                              1 ;--------------------------------------------------------
                              2 ; File Created by SDCC : free open source ISO C Compiler
                              3 ; Version 4.6.2 #16710 (Linux)
                              4 ;--------------------------------------------------------
                              5 	.module bitintfromfloat_width_17_sign_unsigned
                              6 	
                              7 ;--------------------------------------------------------
                              8 ; Public variables in this module
                              9 ;--------------------------------------------------------
                             10 	.globl _testCast
                             11 	.globl _from_float
                             12 	.globl ___prints
                             13 	.globl ___fail
                             14 	.globl ___numCases
                             15 	.globl ___runSuite
                             16 	.globl ___getSuiteName
                             17 ;--------------------------------------------------------
                             18 ; special function registers
                             19 ;--------------------------------------------------------
                             20 ;--------------------------------------------------------
                             21 ; ram data
                             22 ;--------------------------------------------------------
                             23 	.area _DATA (BANK=_DSEG)
                             24 ;--------------------------------------------------------
                             25 ; ram data
                             26 ;--------------------------------------------------------
                             27 	.area _INITIALIZED
                             28 ;--------------------------------------------------------
                             29 ; absolute ram data
                             30 ;--------------------------------------------------------
                             31 	.area _DABS (ABS)
                             32 	.area _DABS (ABS)
                             33 ;--------------------------------------------------------
                             34 ; global & static initialisations
                             35 ;--------------------------------------------------------
                             36 	.area _HOME
                             37 	.area _GSINIT
                             38 	.area _GSFINAL
                             39 	.area _GSINIT
                             40 ;--------------------------------------------------------
                             41 ; Home
                             42 ;--------------------------------------------------------
                             43 	.area _HOME (BANK=_CSEG)
                             44 	.area _HOME (BANK=_CSEG)
                             45 ;--------------------------------------------------------
                             46 ; code
                             47 ;--------------------------------------------------------
                             48 	.area _CODE (BANK=_CSEG)
                             49 ;cases/bitintfromfloat/bitintfromfloat_width_17_sign_unsigned.c:20: bitinttype from_float(float f)
                             50 ;	genLabel
                             51 ;	genFunction
                             52 ;	---------------------------------
                             53 ; Function from_float
                             54 ; ---------------------------------
                             55 ;	Register assignment might be sub-optimal.
                             56 ; Stack space usage: 0 bytes.
   0000                      57 _from_float::
                             58 ;	genReceive
                             59 ;	genMove_o size 4 result type 2 source type 2 a_dead 1 hl_dead 1 de_dead 1 iy_dead 1 f_dead 1
                             60 ;cases/bitintfromfloat/bitintfromfloat_width_17_sign_unsigned.c:22: return(f);
                             61 ;	genSend
                             62 ;	genMove_o size 4 result type 2 source type 2 a_dead 1 hl_dead 1 de_dead 1 iy_dead 1 f_dead 1
                             63 ;	genCall
   0000 CDr00s00      [17]   64 	call	___fs2ulong
                             65 ;	genMove_o size 4 result type 2 source type 2 a_dead 1 hl_dead 1 de_dead 1 iy_dead 1 f_dead 1
                             66 ;	genCast
                             67 ;	genMove_o size 3 result type 2 source type 2 a_dead 1 hl_dead 1 de_dead 1 iy_dead 1 f_dead 1
   0003 7D            [ 4]   68 	ld	a, l
   0004 E6 01         [ 7]   69 	and	a, #0x01
   0006 6F            [ 4]   70 	ld	l, a
                             71 ;	genRet
                             72 ;	genMove_o size 3 result type 2 source type 2 a_dead 1 hl_dead 1 de_dead 1 iy_dead 1 f_dead 1
                             73 ;	genLabel
                             74 ; common peephole 159 removed unused label 00101$.
                             75 ;cases/bitintfromfloat/bitintfromfloat_width_17_sign_unsigned.c:23: }
                             76 ;	genEndFunction
   0007 C9            [10]   77 	ret
                             78 ;	Total from_float function size at codegen: 1 bytes.
                             79 ;cases/bitintfromfloat/bitintfromfloat_width_17_sign_unsigned.c:26: void testCast (void)
                             80 ;	genLabel
                             81 ;	genFunction
                             82 ;	---------------------------------
                             83 ; Function testCast
                             84 ; ---------------------------------
                             85 ;	Register assignment might be sub-optimal.
                             86 ; Stack space usage: 0 bytes.
   0008                      87 _testCast::
                             88 ;cases/bitintfromfloat/bitintfromfloat_width_17_sign_unsigned.c:32: ASSERT (from_float (f) == (bitinttype)f);
                             89 ;	genPlus
                             90 ;	genMove_o size 2 result type 2 source type 10 a_dead 1 hl_dead 1 de_dead 1 iy_dead 1 f_dead 1
   0008 2Ar00s00      [16]   91 	ld	hl, (___numTests)
   000B 23            [ 6]   92 	inc	hl
                             93 ;	genMove_o size 2 result type 10 source type 2 a_dead 1 hl_dead 1 de_dead 1 iy_dead 1 f_dead 1
   000C 22r00s00      [16]   94 	ld	(___numTests), hl
                             95 ;	genSend
                             96 ;	genMove_o size 4 result type 2 source type 1 a_dead 1 hl_dead 1 de_dead 1 iy_dead 1 f_dead 1
   000F 11 00 00      [10]   97 	ld	de, #0x0000
   0012 21 80 3F      [10]   98 	ld	hl, #0x3f80
                             99 ;	genCall
   0015 CDr00s00      [17]  100 	call	_from_float
                            101 ;	genMove_o size 3 result type 2 source type 2 a_dead 1 hl_dead 1 de_dead 1 iy_dead 1 f_dead 1
                            102 ;	genCmpEq
                            103 ;	genMove_o size 1 result type 2 source type 2 a_dead 1 hl_dead 0 de_dead 0 iy_dead 0 f_dead 1
   0018 7B            [ 4]  104 	ld	a, e
                            105 ;	genMove_o size 0 result type 2 source type 1 a_dead 1 hl_dead 0 de_dead 0 iy_dead 0 f_dead 1
   0019 3D            [ 4]  106 	dec	a
   001A B2            [ 4]  107 	or	a, d
   001B B5            [ 4]  108 	or	a, l
   001C C8            [11]  109 	ret	z
                            110 ; common peephole 161 replaced jump by return.
                            111 ; common peephole 81 removed jp by using inverse jump logic
                            112 ; common peephole 159 removed unused label 00113$.
                            113 ;	skipping generated iCode
                            114 ;	skipping iCode since result will be rematerialized
                            115 ;	skipping iCode since result will be rematerialized
                            116 ;	skipping iCode since result will be rematerialized
                            117 ;	skipping iCode since result will be rematerialized
                            118 ;	skipping iCode since result will be rematerialized
                            119 ;	skipping iCode since result will be rematerialized
                            120 ;	genIpush
                            121 ;	genMove_o size 2 result type 2 source type 1 a_dead 1 hl_dead 1 de_dead 1 iy_dead 1 f_dead 1
   001D 21 20 00      [10]  122 	ld	hl, #0x0020
   0020 E5            [11]  123 	push	hl
                            124 ;	genIpush
                            125 ;	genMove_o size 2 result type 2 source type 7 a_dead 1 hl_dead 1 de_dead 1 iy_dead 1 f_dead 1
   0021 21r60s00      [10]  126 	ld	hl, #___str_2
   0024 E5            [11]  127 	push	hl
                            128 ;	genSend
                            129 ;	genMove_o size 2 result type 2 source type 7 a_dead 1 hl_dead 1 de_dead 1 iy_dead 1 f_dead 1
   0025 11r40s00      [10]  130 	ld	de, #___str_1
                            131 ;	genSend
                            132 ;	genMove_o size 2 result type 2 source type 7 a_dead 1 hl_dead 1 de_dead 0 iy_dead 1 f_dead 1
   0028 21r2Fs00      [10]  133 	ld	hl, #___str_0
                            134 ;	genCall
   002B CDr00s00      [17]  135 	call	___fail
                            136 ;	genLabel
                            137 ; common peephole 159 removed unused label 00101$.
                            138 ;cases/bitintfromfloat/bitintfromfloat_width_17_sign_unsigned.c:34: }
                            139 ;	genEndFunction
   002E C9            [10]  140 	ret
                            141 ;	Total testCast function size at codegen: 1 bytes.
   002F                     142 ___str_0:
   002F 41 73 73 65 72 74   143 	.ascii "Assertion failed"
        69 6F 6E 20 66 61
        69 6C 65 64
   003F 00                  144 	.db 0x00
   0040                     145 ___str_1:
   0040 66 72 6F 6D 5F 66   146 	.ascii "from_float (f) == (bitinttype)f"
        6C 6F 61 74 20 28
        66 29 20 3D 3D 20
        28 62 69 74 69 6E
        74 74 79 70 65 29
        66
   005F 00                  147 	.db 0x00
   0060                     148 ___str_2:
   0060 63 61 73 65 73 2F   149 	.ascii "cases/bitintfromfloat/bitintfromfloat_width_17_sign_unsigned"
        62 69 74 69 6E 74
        66 72 6F 6D 66 6C
        6F 61 74 2F 62 69
        74 69 6E 74 66 72
        6F 6D 66 6C 6F 61
        74 5F 77 69 64 74
        68 5F 31 37 5F 73
        69 67 6E 5F 75 6E
        73 69 67 6E 65 64
   009C 2E 63               150 	.ascii ".c"
   009E 00                  151 	.db 0x00
                            152 ;cases/bitintfromfloat/bitintfromfloat_width_17_sign_unsigned.c:38: __runSuite(void)
                            153 ;	genLabel
                            154 ;	genFunction
                            155 ;	---------------------------------
                            156 ; Function __runSuite
                            157 ; ---------------------------------
                            158 ;	Register assignment is optimal.
                            159 ; Stack space usage: 0 bytes.
   009F                     160 ___runSuite::
                            161 ;cases/bitintfromfloat/bitintfromfloat_width_17_sign_unsigned.c:40: __prints("Running testCast\n");
                            162 ;	skipping iCode since result will be rematerialized
                            163 ;	skipping iCode since result will be rematerialized
                            164 ;	genSend
                            165 ;	genMove_o size 2 result type 2 source type 7 a_dead 1 hl_dead 1 de_dead 1 iy_dead 1 f_dead 1
   009F 21rA8s00      [10]  166 	ld	hl, #___str_3
                            167 ;	genCall
   00A2 CDr00s00      [17]  168 	call	___prints
                            169 ;cases/bitintfromfloat/bitintfromfloat_width_17_sign_unsigned.c:41: testCast();
                            170 ;	genCall
                            171 ;	genLabel
                            172 ; common peephole 159 removed unused label 00101$.
                            173 ;cases/bitintfromfloat/bitintfromfloat_width_17_sign_unsigned.c:42: }
                            174 ;	genEndFunction
   00A5 C3r08s00      [10]  175 	jp	_testCast
                            176 ; common peephole 152 removed unused ret.
                            177 ;	Total __runSuite function size at codegen: 1 bytes.
   00A8                     178 ___str_3:
   00A8 52 75 6E 6E 69 6E   179 	.ascii "Running testCast"
        67 20 74 65 73 74
        43 61 73 74
   00B8 0A                  180 	.db 0x0a
   00B9 00                  181 	.db 0x00
                            182 ;cases/bitintfromfloat/bitintfromfloat_width_17_sign_unsigned.c:47: __getSuiteName(void)
                            183 ;	genLabel
                            184 ;	genFunction
                            185 ;	---------------------------------
                            186 ; Function __getSuiteName
                            187 ; ---------------------------------
                            188 ;	Register assignment is optimal.
                            189 ; Stack space usage: 0 bytes.
   00BA                     190 ___getSuiteName::
                            191 ;cases/bitintfromfloat/bitintfromfloat_width_17_sign_unsigned.c:49: return "bitintfromfloat_width_17_sign_unsigned";
                            192 ;	skipping iCode since result will be rematerialized
                            193 ;	skipping iCode since result will be rematerialized
                            194 ;	genRet
                            195 ;	genMove_o size 2 result type 2 source type 7 a_dead 1 hl_dead 1 de_dead 1 iy_dead 1 f_dead 1
   00BA 11rC0s00      [10]  196 	ld	de, #___str_4
                            197 ;	genLabel
                            198 ; common peephole 159 removed unused label 00101$.
                            199 ;cases/bitintfromfloat/bitintfromfloat_width_17_sign_unsigned.c:50: }
                            200 ;	genEndFunction
   00BD C9            [10]  201 	ret
                            202 ;	Total __getSuiteName function size at codegen: 1 bytes.
   00BE                     203 ___numCases:
   00BE 01 00               204 	.dw #0x0001
   00C0                     205 ___str_4:
   00C0 62 69 74 69 6E 74   206 	.ascii "bitintfromfloat_width_17_sign_unsigned"
        66 72 6F 6D 66 6C
        6F 61 74 5F 77 69
        64 74 68 5F 31 37
        5F 73 69 67 6E 5F
        75 6E 73 69 67 6E
        65 64
   00E6 00                  207 	.db 0x00
                            208 	.area _CODE (BANK=_CSEG)
                            209 	.area _INITIALIZER
                            210 	.area _CABS (ABS)
