                              1 ;--------------------------------------------------------
                              2 ; File Created by SDCC : free open source ISO C Compiler
                              3 ; Version 4.6.2 #16710 (Linux)
                              4 ;--------------------------------------------------------
                              5 	.module bitintfromfloat_width_7_sign_signed
                              6 	
                              7 ;--------------------------------------------------------
                              8 ; Public variables in this module
                              9 ;--------------------------------------------------------
                             10 	.globl _testCast
                             11 	.globl _from_float
                             12 	.globl ___prints
                             13 	.globl ___fail
                             14 	.globl ___numCases
                             15 	.globl ___runSuite
                             16 	.globl ___getSuiteName
                             17 ;--------------------------------------------------------
                             18 ; special function registers
                             19 ;--------------------------------------------------------
                             20 ;--------------------------------------------------------
                             21 ; ram data
                             22 ;--------------------------------------------------------
                             23 	.area _DATA (BANK=_DSEG)
                             24 ;--------------------------------------------------------
                             25 ; ram data
                             26 ;--------------------------------------------------------
                             27 	.area _INITIALIZED
                             28 ;--------------------------------------------------------
                             29 ; absolute ram data
                             30 ;--------------------------------------------------------
                             31 	.area _DABS (ABS)
                             32 	.area _DABS (ABS)
                             33 ;--------------------------------------------------------
                             34 ; global & static initialisations
                             35 ;--------------------------------------------------------
                             36 	.area _HOME
                             37 	.area _GSINIT
                             38 	.area _GSFINAL
                             39 	.area _GSINIT
                             40 ;--------------------------------------------------------
                             41 ; Home
                             42 ;--------------------------------------------------------
                             43 	.area _HOME (BANK=_CSEG)
                             44 	.area _HOME (BANK=_CSEG)
                             45 ;--------------------------------------------------------
                             46 ; code
                             47 ;--------------------------------------------------------
                             48 	.area _CODE (BANK=_CSEG)
                             49 ;cases/bitintfromfloat/bitintfromfloat_width_7_sign_signed.c:20: bitinttype from_float(float f)
                             50 ;	genLabel
                             51 ;	genFunction
                             52 ;	---------------------------------
                             53 ; Function from_float
                             54 ; ---------------------------------
                             55 ;	Register assignment might be sub-optimal.
                             56 ; Stack space usage: 0 bytes.
   0000                      57 _from_float::
                             58 ;	genReceive
                             59 ;	genMove_o size 4 result type 2 source type 2 a_dead 1 hl_dead 1 de_dead 1 iy_dead 1 f_dead 1
                             60 ;cases/bitintfromfloat/bitintfromfloat_width_7_sign_signed.c:22: return(f);
                             61 ;	genSend
                             62 ;	genMove_o size 4 result type 2 source type 2 a_dead 1 hl_dead 1 de_dead 1 iy_dead 1 f_dead 1
                             63 ;	genCall
   0000 CDr00s00      [17]   64 	call	___fs2sint
                             65 ;	genMove_o size 2 result type 2 source type 2 a_dead 1 hl_dead 1 de_dead 1 iy_dead 1 f_dead 1
                             66 ;	genCast
                             67 ;	genMove_o size 1 result type 2 source type 2 a_dead 1 hl_dead 1 de_dead 1 iy_dead 1 f_dead 1
   0003 7B            [ 4]   68 	ld	a, e
                             69 ;	genMove_o size 0 result type 2 source type 1 a_dead 1 hl_dead 1 de_dead 1 iy_dead 1 f_dead 1
   0004 17            [ 4]   70 	rla
   0005 CB 2F         [ 8]   71 	sra	a
                             72 ;	genRet
                             73 ;	genMove_o size 1 result type 2 source type 2 a_dead 1 hl_dead 1 de_dead 1 iy_dead 1 f_dead 1
                             74 ;	genLabel
                             75 ; common peephole 159 removed unused label 00101$.
                             76 ;cases/bitintfromfloat/bitintfromfloat_width_7_sign_signed.c:23: }
                             77 ;	genEndFunction
   0007 C9            [10]   78 	ret
                             79 ;	Total from_float function size at codegen: 1 bytes.
                             80 ;cases/bitintfromfloat/bitintfromfloat_width_7_sign_signed.c:26: void testCast (void)
                             81 ;	genLabel
                             82 ;	genFunction
                             83 ;	---------------------------------
                             84 ; Function testCast
                             85 ; ---------------------------------
                             86 ;	Register assignment might be sub-optimal.
                             87 ; Stack space usage: 0 bytes.
   0008                      88 _testCast::
                             89 ;cases/bitintfromfloat/bitintfromfloat_width_7_sign_signed.c:32: ASSERT (from_float (f) == (bitinttype)f);
                             90 ;	genPlus
                             91 ;	genMove_o size 2 result type 2 source type 10 a_dead 1 hl_dead 1 de_dead 1 iy_dead 1 f_dead 1
   0008 2Ar00s00      [16]   92 	ld	hl, (___numTests)
   000B 23            [ 6]   93 	inc	hl
                             94 ;	genMove_o size 2 result type 10 source type 2 a_dead 1 hl_dead 1 de_dead 1 iy_dead 1 f_dead 1
   000C 22r00s00      [16]   95 	ld	(___numTests), hl
                             96 ;	genSend
                             97 ;	genMove_o size 4 result type 2 source type 1 a_dead 1 hl_dead 1 de_dead 1 iy_dead 1 f_dead 1
   000F 11 00 00      [10]   98 	ld	de, #0x0000
   0012 21 80 3F      [10]   99 	ld	hl, #0x3f80
                            100 ;	genCall
   0015 CDr00s00      [17]  101 	call	_from_float
                            102 ;	genMove_o size 1 result type 2 source type 2 a_dead 1 hl_dead 1 de_dead 1 iy_dead 1 f_dead 1
                            103 ;	genCmpEq
   0018 FE 01         [ 7]  104 	cp	a, #0x01
   001A C8            [11]  105 	ret	z
                            106 ; common peephole 161 replaced jump by return.
                            107 ; common peephole 81 removed jp by using inverse jump logic
                            108 ; common peephole 159 removed unused label 00113$.
                            109 ;	skipping generated iCode
                            110 ;	skipping iCode since result will be rematerialized
                            111 ;	skipping iCode since result will be rematerialized
                            112 ;	skipping iCode since result will be rematerialized
                            113 ;	skipping iCode since result will be rematerialized
                            114 ;	skipping iCode since result will be rematerialized
                            115 ;	skipping iCode since result will be rematerialized
                            116 ;	genIpush
                            117 ;	genMove_o size 2 result type 2 source type 1 a_dead 1 hl_dead 1 de_dead 1 iy_dead 1 f_dead 1
   001B 21 20 00      [10]  118 	ld	hl, #0x0020
   001E E5            [11]  119 	push	hl
                            120 ;	genIpush
                            121 ;	genMove_o size 2 result type 2 source type 7 a_dead 1 hl_dead 1 de_dead 1 iy_dead 1 f_dead 1
   001F 21r5Es00      [10]  122 	ld	hl, #___str_2
   0022 E5            [11]  123 	push	hl
                            124 ;	genSend
                            125 ;	genMove_o size 2 result type 2 source type 7 a_dead 1 hl_dead 1 de_dead 1 iy_dead 1 f_dead 1
   0023 11r3Es00      [10]  126 	ld	de, #___str_1
                            127 ;	genSend
                            128 ;	genMove_o size 2 result type 2 source type 7 a_dead 1 hl_dead 1 de_dead 0 iy_dead 1 f_dead 1
   0026 21r2Ds00      [10]  129 	ld	hl, #___str_0
                            130 ;	genCall
   0029 CDr00s00      [17]  131 	call	___fail
                            132 ;	genLabel
                            133 ; common peephole 159 removed unused label 00101$.
                            134 ;cases/bitintfromfloat/bitintfromfloat_width_7_sign_signed.c:34: }
                            135 ;	genEndFunction
   002C C9            [10]  136 	ret
                            137 ;	Total testCast function size at codegen: 1 bytes.
   002D                     138 ___str_0:
   002D 41 73 73 65 72 74   139 	.ascii "Assertion failed"
        69 6F 6E 20 66 61
        69 6C 65 64
   003D 00                  140 	.db 0x00
   003E                     141 ___str_1:
   003E 66 72 6F 6D 5F 66   142 	.ascii "from_float (f) == (bitinttype)f"
        6C 6F 61 74 20 28
        66 29 20 3D 3D 20
        28 62 69 74 69 6E
        74 74 79 70 65 29
        66
   005D 00                  143 	.db 0x00
   005E                     144 ___str_2:
   005E 63 61 73 65 73 2F   145 	.ascii "cases/bitintfromfloat/bitintfromfloat_width_7_sign_signed.c"
        62 69 74 69 6E 74
        66 72 6F 6D 66 6C
        6F 61 74 2F 62 69
        74 69 6E 74 66 72
        6F 6D 66 6C 6F 61
        74 5F 77 69 64 74
        68 5F 37 5F 73 69
        67 6E 5F 73 69 67
        6E 65 64 2E 63
   0099 00                  146 	.db 0x00
                            147 ;cases/bitintfromfloat/bitintfromfloat_width_7_sign_signed.c:38: __runSuite(void)
                            148 ;	genLabel
                            149 ;	genFunction
                            150 ;	---------------------------------
                            151 ; Function __runSuite
                            152 ; ---------------------------------
                            153 ;	Register assignment is optimal.
                            154 ; Stack space usage: 0 bytes.
   009A                     155 ___runSuite::
                            156 ;cases/bitintfromfloat/bitintfromfloat_width_7_sign_signed.c:40: __prints("Running testCast\n");
                            157 ;	skipping iCode since result will be rematerialized
                            158 ;	skipping iCode since result will be rematerialized
                            159 ;	genSend
                            160 ;	genMove_o size 2 result type 2 source type 7 a_dead 1 hl_dead 1 de_dead 1 iy_dead 1 f_dead 1
   009A 21rA3s00      [10]  161 	ld	hl, #___str_3
                            162 ;	genCall
   009D CDr00s00      [17]  163 	call	___prints
                            164 ;cases/bitintfromfloat/bitintfromfloat_width_7_sign_signed.c:41: testCast();
                            165 ;	genCall
                            166 ;	genLabel
                            167 ; common peephole 159 removed unused label 00101$.
                            168 ;cases/bitintfromfloat/bitintfromfloat_width_7_sign_signed.c:42: }
                            169 ;	genEndFunction
   00A0 C3r08s00      [10]  170 	jp	_testCast
                            171 ; common peephole 152 removed unused ret.
                            172 ;	Total __runSuite function size at codegen: 1 bytes.
   00A3                     173 ___str_3:
   00A3 52 75 6E 6E 69 6E   174 	.ascii "Running testCast"
        67 20 74 65 73 74
        43 61 73 74
   00B3 0A                  175 	.db 0x0a
   00B4 00                  176 	.db 0x00
                            177 ;cases/bitintfromfloat/bitintfromfloat_width_7_sign_signed.c:47: __getSuiteName(void)
                            178 ;	genLabel
                            179 ;	genFunction
                            180 ;	---------------------------------
                            181 ; Function __getSuiteName
                            182 ; ---------------------------------
                            183 ;	Register assignment is optimal.
                            184 ; Stack space usage: 0 bytes.
   00B5                     185 ___getSuiteName::
                            186 ;cases/bitintfromfloat/bitintfromfloat_width_7_sign_signed.c:49: return "bitintfromfloat_width_7_sign_signed";
                            187 ;	skipping iCode since result will be rematerialized
                            188 ;	skipping iCode since result will be rematerialized
                            189 ;	genRet
                            190 ;	genMove_o size 2 result type 2 source type 7 a_dead 1 hl_dead 1 de_dead 1 iy_dead 1 f_dead 1
   00B5 11rBBs00      [10]  191 	ld	de, #___str_4
                            192 ;	genLabel
                            193 ; common peephole 159 removed unused label 00101$.
                            194 ;cases/bitintfromfloat/bitintfromfloat_width_7_sign_signed.c:50: }
                            195 ;	genEndFunction
   00B8 C9            [10]  196 	ret
                            197 ;	Total __getSuiteName function size at codegen: 1 bytes.
   00B9                     198 ___numCases:
   00B9 01 00               199 	.dw #0x0001
   00BB                     200 ___str_4:
   00BB 62 69 74 69 6E 74   201 	.ascii "bitintfromfloat_width_7_sign_signed"
        66 72 6F 6D 66 6C
        6F 61 74 5F 77 69
        64 74 68 5F 37 5F
        73 69 67 6E 5F 73
        69 67 6E 65 64
   00DE 00                  202 	.db 0x00
                            203 	.area _CODE (BANK=_CSEG)
                            204 	.area _INITIALIZER
                            205 	.area _CABS (ABS)
