uCsim 0.9.9, Copyright (C) 1997 Daniel Drotos.
uCsim comes with ABSOLUTELY NO WARRANTY; for details type `show w'.
This is free software, and you are welcome to redistribute it
under certain conditions; type `show c' for details.
set error non-classified off
set error unknown_code off
set error memory off
set error stack off
set hw simif outputs 0xff
step 500000000 vclk
state
quit
1197 words read from gen/ucz80/bitinttofloat/bitinttofloat_width_15_sign_signed.ihx
--- Running: bitinttofloat_width_15_sign_signed
Running testCast
--- Summary: 0/4/1: 0 failed of 4 tests in 1 cases.

Stop at 0x000369: (110) Program stopped itself
F 0x000369
Simulated 37207 ticks (3.364e-03 sec)
Host usage: 0.001940 sec, rate=1.734189
CPU state= OK PC= 0x000369 frequency= 11059200 HZ
Operation since last reset= 8690 vclks
Inst= 4653 Fetch= 7139 Read= 849 Write= 702
Total time since last reset= 0.003365252459491 sec (37217 clks)
Time in isr = 0.000000000000000 sec (0 clks) 0.00%
Time in idle= 0.000000000000000 sec (0 clks) 0.00%
Most value of stack pointer= 0x000000
Simulation: stopped
Runtime: 0.010155 sec

--- Simulator: 1197/37217: 1197 bytes, 37217 ticks
