uCsim 0.9.9, Copyright (C) 1997 Daniel Drotos.
uCsim comes with ABSOLUTELY NO WARRANTY; for details type `show w'.
This is free software, and you are welcome to redistribute it
under certain conditions; type `show c' for details.
set error non-classified off
set error unknown_code off
set error memory off
set error stack off
set hw simif outputs 0xff
step 500000000 vclk
state
quit
1011 words read from gen/ucz80/bitintconst/bitintconst_width_32.ihx
--- Running: bitintconst_width_32
Running testBitInt
--- Summary: 0/6/1: 0 failed of 6 tests in 1 cases.

Stop at 0x000369: (110) Program stopped itself
F 0x000369
Simulated 23791 ticks (2.151e-03 sec)
Host usage: 0.001180 sec, rate=1.823188
CPU state= OK PC= 0x000369 frequency= 11059200 HZ
Operation since last reset= 5546 vclks
Inst= 2965 Fetch= 4311 Read= 685 Write= 550
Total time since last reset= 0.002152144820602 sec (23801 clks)
Time in isr = 0.000000000000000 sec (0 clks) 0.00%
Time in idle= 0.000000000000000 sec (0 clks) 0.00%
Most value of stack pointer= 0x000000
Simulation: stopped
Runtime: 0.009826 sec

--- Simulator: 1011/23801: 1011 bytes, 23801 ticks
