                              1 ;--------------------------------------------------------
                              2 ; File Created by SDCC : free open source ISO C Compiler
                              3 ; Version 4.6.2 #16710 (Linux)
                              4 ;--------------------------------------------------------
                              5 	.module funptrsstructreturn_type_long_long
                              6 	
                              7 ;--------------------------------------------------------
                              8 ; Public variables in this module
                              9 ;--------------------------------------------------------
                             10 	.globl _testRet
                             11 	.globl _h2
                             12 	.globl _h1
                             13 	.globl _g2
                             14 	.globl _g1
                             15 	.globl _g
                             16 	.globl _f
                             17 	.globl ___prints
                             18 	.globl ___fail
                             19 	.globl ___numCases
                             20 	.globl ___runSuite
                             21 	.globl ___getSuiteName
                             22 ;--------------------------------------------------------
                             23 ; special function registers
                             24 ;--------------------------------------------------------
                             25 ;--------------------------------------------------------
                             26 ; ram data
                             27 ;--------------------------------------------------------
                             28 	.area _DATA (BANK=_DSEG)
                             29 ;--------------------------------------------------------
                             30 ; ram data
                             31 ;--------------------------------------------------------
                             32 	.area _INITIALIZED
                             33 ;--------------------------------------------------------
                             34 ; absolute ram data
                             35 ;--------------------------------------------------------
                             36 	.area _DABS (ABS)
                             37 	.area _DABS (ABS)
                             38 ;--------------------------------------------------------
                             39 ; global & static initialisations
                             40 ;--------------------------------------------------------
                             41 	.area _HOME
                             42 	.area _GSINIT
                             43 	.area _GSFINAL
                             44 	.area _GSINIT
                             45 ;--------------------------------------------------------
                             46 ; Home
                             47 ;--------------------------------------------------------
                             48 	.area _HOME (BANK=_CSEG)
                             49 	.area _HOME (BANK=_CSEG)
                             50 ;--------------------------------------------------------
                             51 ; code
                             52 ;--------------------------------------------------------
                             53 	.area _CODE (BANK=_CSEG)
                             54 ;cases/funptrsstructreturn/funptrsstructreturn_type_long_long.c:23: struct s f(void)
                             55 ;	genLabel
                             56 ;	genFunction
                             57 ;	---------------------------------
                             58 ; Function f
                             59 ; ---------------------------------
                             60 ;	Register assignment is optimal.
                             61 ; Stack space usage: 16 bytes.
   0000                      62 _f::
                             63 ;	adjustStack by -16
   0000 21 F0 FF      [10]   64 	ld	hl, #-16
   0003 39            [11]   65 	add	hl, sp
                             66 ;cases/funptrsstructreturn/funptrsstructreturn_type_long_long.c:26: r.a = 1;
                             67 ;	skipping iCode since result will be rematerialized
                             68 ;	genPointerSet
                             69 ;	genMove_o size 2 result type 2 source type 8 a_dead 1 hl_dead 1 de_dead 1 iy_dead 1 f_dead 1
   0004 F9            [ 6]   70 	ld	sp, hl
                             71 ; common peephole 9c reused value still in hl.
                             72 ;	genMove_o size 2 result type 2 source type 2 a_dead 1 hl_dead 1 de_dead 1 iy_dead 1 f_dead 1
   0005 36 01         [10]   73 	ld	(hl), #0x01
   0007 23            [ 6]   74 	inc	hl
   0008 AF            [ 4]   75 	xor	a, a
   0009 77            [ 7]   76 	ld	(hl), a
   000A 23            [ 6]   77 	inc	hl
   000B 77            [ 7]   78 	ld	(hl), a
   000C 23            [ 6]   79 	inc	hl
   000D 77            [ 7]   80 	ld	(hl), a
   000E 23            [ 6]   81 	inc	hl
   000F 77            [ 7]   82 	ld	(hl), a
   0010 23            [ 6]   83 	inc	hl
   0011 77            [ 7]   84 	ld	(hl), a
   0012 23            [ 6]   85 	inc	hl
   0013 77            [ 7]   86 	ld	(hl), a
   0014 23            [ 6]   87 	inc	hl
   0015 77            [ 7]   88 	ld	(hl), a
                             89 ;cases/funptrsstructreturn/funptrsstructreturn_type_long_long.c:27: r.b = 2;
                             90 ;	skipping iCode since result will be rematerialized
                             91 ;	genPointerSet
                             92 ;	genMove_o size 2 result type 2 source type 8 a_dead 1 hl_dead 1 de_dead 1 iy_dead 1 f_dead 1
   0016 23            [ 6]   93 	inc	hl
                             94 ;	genMove_o size 2 result type 2 source type 2 a_dead 1 hl_dead 1 de_dead 1 iy_dead 1 f_dead 1
   0017 36 02         [10]   95 	ld	(hl), #0x02
   0019 23            [ 6]   96 	inc	hl
   001A AF            [ 4]   97 	xor	a, a
   001B 77            [ 7]   98 	ld	(hl), a
   001C 23            [ 6]   99 	inc	hl
   001D 77            [ 7]  100 	ld	(hl), a
   001E 23            [ 6]  101 	inc	hl
   001F 77            [ 7]  102 	ld	(hl), a
   0020 23            [ 6]  103 	inc	hl
   0021 77            [ 7]  104 	ld	(hl), a
   0022 23            [ 6]  105 	inc	hl
   0023 77            [ 7]  106 	ld	(hl), a
   0024 23            [ 6]  107 	inc	hl
   0025 77            [ 7]  108 	ld	(hl), a
   0026 23            [ 6]  109 	inc	hl
   0027 77            [ 7]  110 	ld	(hl), a
                            111 ;cases/funptrsstructreturn/funptrsstructreturn_type_long_long.c:28: return(r);
                            112 ;	genRet
   0028 21 12 00      [10]  113 	ld	hl, #18
   002B 39            [11]  114 	add	hl, sp
   002C 5E            [ 7]  115 	ld	e, (hl)
   002D 23            [ 6]  116 	inc	hl
   002E 56            [ 7]  117 	ld	d, (hl)
   002F 21 00 00      [10]  118 	ld	hl, #0
   0032 39            [11]  119 	add	hl, sp
   0033 01 10 00      [10]  120 	ld	bc, #16
   0036 ED B0         [21]  121 	ldir
                            122 ;	genLabel
                            123 ; common peephole 159 removed unused label 00101$.
                            124 ;cases/funptrsstructreturn/funptrsstructreturn_type_long_long.c:29: }
                            125 ;	genEndFunction
                            126 ;	adjustStack by 16
   0038 21 10 00      [10]  127 	ld	hl, #16
   003B 39            [11]  128 	add	hl, sp
   003C F9            [ 6]  129 	ld	sp, hl
   003D C9            [10]  130 	ret
                            131 ;	Total f function size at codegen: 14 bytes.
                            132 ;cases/funptrsstructreturn/funptrsstructreturn_type_long_long.c:31: union u g(void)
                            133 ;	genLabel
                            134 ;	genFunction
                            135 ;	---------------------------------
                            136 ; Function g
                            137 ; ---------------------------------
                            138 ;	Register assignment is optimal.
                            139 ; Stack space usage: 8 bytes.
   003E                     140 _g::
                            141 ;	adjustStack by -8
   003E 21 F8 FF      [10]  142 	ld	hl, #-8
   0041 39            [11]  143 	add	hl, sp
   0042 F9            [ 6]  144 	ld	sp, hl
                            145 ;cases/funptrsstructreturn/funptrsstructreturn_type_long_long.c:34: r.a = 1;
                            146 ;	skipping iCode since result will be rematerialized
                            147 ;	genPointerSet
                            148 ;	genMove_o size 1 result type 12 source type 1 a_dead 1 hl_dead 1 de_dead 1 iy_dead 1 f_dead 1
   0043 FD 21 00 00   [14]  149 	ld	iy, #0
   0047 FD 39         [15]  150 	add	iy, sp
   0049 FD 36 00 01   [19]  151 	ld	0 (iy), #0x01
                            152 ;cases/funptrsstructreturn/funptrsstructreturn_type_long_long.c:35: return(r);
                            153 ;	genRet
   004D 21 0A 00      [10]  154 	ld	hl, #10
   0050 39            [11]  155 	add	hl, sp
   0051 5E            [ 7]  156 	ld	e, (hl)
   0052 23            [ 6]  157 	inc	hl
   0053 56            [ 7]  158 	ld	d, (hl)
   0054 21 00 00      [10]  159 	ld	hl, #0
   0057 39            [11]  160 	add	hl, sp
   0058 01 08 00      [10]  161 	ld	bc, #8
   005B ED B0         [21]  162 	ldir
                            163 ;	genLabel
                            164 ; common peephole 159 removed unused label 00101$.
                            165 ;cases/funptrsstructreturn/funptrsstructreturn_type_long_long.c:36: }
                            166 ;	genEndFunction
                            167 ;	adjustStack by 8
   005D F1            [10]  168 	pop	af
   005E F1            [10]  169 	pop	af
   005F F1            [10]  170 	pop	af
   0060 F1            [10]  171 	pop	af
   0061 C9            [10]  172 	ret
                            173 ;	Total g function size at codegen: 13 bytes.
                            174 ;cases/funptrsstructreturn/funptrsstructreturn_type_long_long.c:38: int g1(struct s (*f)(void))
                            175 ;	genLabel
                            176 ;	genFunction
                            177 ;	---------------------------------
                            178 ; Function g1
                            179 ; ---------------------------------
                            180 ;	Register assignment might be sub-optimal.
                            181 ; Stack space usage: 32 bytes.
   0062                     182 _g1::
   0062 DD E5         [15]  183 	push	ix
   0064 DD 21 00 00   [14]  184 	ld	ix,	#0
   0068 DD 39         [15]  185 	add	ix, sp
                            186 ;	adjustStack by -32
   006A FD 21 E0 FF   [14]  187 	ld	iy, #-32
   006E FD 39         [15]  188 	add	iy, sp
   0070 FD F9         [10]  189 	ld	sp, iy
                            190 ;	genReceive
                            191 ;	genMove_o size 2 result type 2 source type 2 a_dead 1 hl_dead 1 de_dead 1 iy_dead 1 f_dead 1
                            192 ;cases/funptrsstructreturn/funptrsstructreturn_type_long_long.c:41: r = (*f)(); // Assignment of returned struct
                            193 ;	skipping iCode since result will be rematerialized
                            194 ;	skipping iCode since result will be rematerialized
                            195 ;	genCall
   0072 E5            [11]  196 	push	hl
   0073 FD 21 12 00   [14]  197 	ld	iy, #0x0012
   0077 FD 39         [15]  198 	add	iy, sp
   0079 E1            [10]  199 	pop	hl
   007A FD E5         [15]  200 	push	iy
                            201 ;	genMove_o size 2 result type 2 source type 2 a_dead 1 hl_dead 0 de_dead 1 iy_dead 1 f_dead 1
   007C CDr00s00      [17]  202 	call	___sdcc_call_hl
                            203 ;	adjustStack by 2
   007F F1            [10]  204 	pop	af
                            205 ;	skipping iCode since result will be rematerialized
                            206 ;	skipping iCode since result will be rematerialized
                            207 ;	genBuiltIn
                            208 ;	genMove_o size 2 result type 2 source type 8 a_dead 1 hl_dead 1 de_dead 1 iy_dead 1 f_dead 1
   0080 21 00 00      [10]  209 	ld	hl, #0
   0083 39            [11]  210 	add	hl, sp
   0084 EB            [ 4]  211 	ex	de, hl
                            212 ;	genMove_o size 2 result type 2 source type 8 a_dead 1 hl_dead 1 de_dead 0 iy_dead 1 f_dead 1
   0085 21 10 00      [10]  213 	ld	hl, #16
   0088 39            [11]  214 	add	hl, sp
                            215 ;	genMove_o size 2 result type 2 source type 2 a_dead 1 hl_dead 1 de_dead 0 iy_dead 1 f_dead 1
                            216 ;fetchPairLong
   0089 01 10 00      [10]  217 	ld	bc, #0x0010
   008C ED B0         [21]  218 	ldir
                            219 ;	skipping generated iCode
                            220 ;	skipping generated iCode
                            221 ;	skipping generated iCode
                            222 ;cases/funptrsstructreturn/funptrsstructreturn_type_long_long.c:42: return r.a + r.b;
                            223 ;	genPointerGet
                            224 ;	genMove_o size 2 result type 2 source type 6 a_dead 1 hl_dead 1 de_dead 1 iy_dead 1 f_dead 1
   008E C1            [10]  225 	pop	bc
   008F C5            [11]  226 	push	bc
                            227 ;	genMove_o size 0 result type 2 source type 1 a_dead 1 hl_dead 1 de_dead 1 iy_dead 1 f_dead 1
                            228 ;	skipping iCode since result will be rematerialized
                            229 ;	genPointerGet
                            230 ;	genMove_o size 2 result type 2 source type 6 a_dead 1 hl_dead 1 de_dead 1 iy_dead 1 f_dead 1
   0090 DD 6E E8      [19]  231 	ld	l, -24 (ix)
   0093 DD 66 E9      [19]  232 	ld	h, -23 (ix)
                            233 ;	genMove_o size 0 result type 2 source type 1 a_dead 1 hl_dead 1 de_dead 1 iy_dead 1 f_dead 1
                            234 ;	genPlus
   0096 09            [11]  235 	add	hl, bc
                            236 ;	genMove_o size 2 result type 2 source type 2 a_dead 1 hl_dead 1 de_dead 1 iy_dead 1 f_dead 1
   0097 EB            [ 4]  237 	ex	de, hl
                            238 ;	genMove_o size 0 result type 2 source type 1 a_dead 1 hl_dead 1 de_dead 1 iy_dead 1 f_dead 1
                            239 ;	genRet
                            240 ;	genMove_o size 2 result type 2 source type 2 a_dead 1 hl_dead 1 de_dead 1 iy_dead 1 f_dead 1
                            241 ;	genLabel
                            242 ; common peephole 159 removed unused label 00101$.
                            243 ;cases/funptrsstructreturn/funptrsstructreturn_type_long_long.c:43: }
                            244 ;	genEndFunction
   0098 DD F9         [10]  245 	ld	sp, ix
   009A DD E1         [14]  246 	pop	ix
   009C C9            [10]  247 	ret
                            248 ;	Total g1 function size at codegen: 7 bytes.
                            249 ;cases/funptrsstructreturn/funptrsstructreturn_type_long_long.c:45: int g2(struct s (*f)(void))
                            250 ;	genLabel
                            251 ;	genFunction
                            252 ;	---------------------------------
                            253 ; Function g2
                            254 ; ---------------------------------
                            255 ;	Register assignment might be sub-optimal.
                            256 ; Stack space usage: 32 bytes.
   009D                     257 _g2::
   009D DD E5         [15]  258 	push	ix
   009F DD 21 00 00   [14]  259 	ld	ix,	#0
   00A3 DD 39         [15]  260 	add	ix, sp
                            261 ;	adjustStack by -32
   00A5 FD 21 E0 FF   [14]  262 	ld	iy, #-32
   00A9 FD 39         [15]  263 	add	iy, sp
   00AB FD F9         [10]  264 	ld	sp, iy
                            265 ;	genReceive
                            266 ;	genMove_o size 2 result type 2 source type 2 a_dead 1 hl_dead 1 de_dead 1 iy_dead 1 f_dead 1
   00AD EB            [ 4]  267 	ex	de, hl
                            268 ;	genMove_o size 0 result type 2 source type 1 a_dead 1 hl_dead 1 de_dead 1 iy_dead 1 f_dead 1
                            269 ;cases/funptrsstructreturn/funptrsstructreturn_type_long_long.c:47: return (*f)().a + (*f)().b; // Access to member of returned struct
                            270 ;	genCall
   00AE D5            [11]  271 	push	de
   00AF FD 21 02 00   [14]  272 	ld	iy, #0x0002
   00B3 FD 39         [15]  273 	add	iy, sp
   00B5 FD E5         [15]  274 	push	iy
                            275 ;	genMove_o size 2 result type 2 source type 2 a_dead 1 hl_dead 1 de_dead 1 iy_dead 1 f_dead 1
   00B7 D5            [11]  276 	push	de
   00B8 FD E1         [14]  277 	pop	iy
                            278 ;	genMove_o size 0 result type 2 source type 1 a_dead 1 hl_dead 1 de_dead 1 iy_dead 1 f_dead 1
   00BA CDr00s00      [17]  279 	call	___sdcc_call_iy
                            280 ;	adjustStack by 2
   00BD F1            [10]  281 	pop	af
   00BE D1            [10]  282 	pop	de
                            283 ;	skipping iCode since result will be rematerialized
                            284 ;	genPointerGet
                            285 ;	genMove_o size 2 result type 2 source type 6 a_dead 1 hl_dead 1 de_dead 0 iy_dead 1 f_dead 1
   00BF C1            [10]  286 	pop	bc
   00C0 C5            [11]  287 	push	bc
                            288 ;	genMove_o size 0 result type 2 source type 1 a_dead 1 hl_dead 1 de_dead 0 iy_dead 1 f_dead 1
                            289 ;	genCall
   00C1 C5            [11]  290 	push	bc
   00C2 FD 21 12 00   [14]  291 	ld	iy, #0x0012
   00C6 FD 39         [15]  292 	add	iy, sp
   00C8 FD E5         [15]  293 	push	iy
                            294 ;	genMove_o size 2 result type 2 source type 2 a_dead 1 hl_dead 1 de_dead 1 iy_dead 1 f_dead 1
   00CA D5            [11]  295 	push	de
   00CB FD E1         [14]  296 	pop	iy
                            297 ;	genMove_o size 0 result type 2 source type 1 a_dead 1 hl_dead 1 de_dead 1 iy_dead 1 f_dead 1
   00CD CDr00s00      [17]  298 	call	___sdcc_call_iy
                            299 ;	adjustStack by 2
   00D0 F1            [10]  300 	pop	af
   00D1 C1            [10]  301 	pop	bc
                            302 ;	skipping iCode since result will be rematerialized
                            303 ;	genPointerGet
                            304 ;	genMove_o size 2 result type 2 source type 6 a_dead 1 hl_dead 1 de_dead 1 iy_dead 1 f_dead 1
   00D2 DD 6E F8      [19]  305 	ld	l, -8 (ix)
   00D5 DD 66 F9      [19]  306 	ld	h, -7 (ix)
                            307 ;	genMove_o size 0 result type 2 source type 1 a_dead 1 hl_dead 1 de_dead 1 iy_dead 1 f_dead 1
                            308 ;	genAssign
                            309 ;	(locations are the same)
                            310 ;	genPlus
   00D8 09            [11]  311 	add	hl, bc
                            312 ;	genMove_o size 2 result type 2 source type 2 a_dead 1 hl_dead 1 de_dead 1 iy_dead 1 f_dead 1
   00D9 EB            [ 4]  313 	ex	de, hl
                            314 ;	genMove_o size 0 result type 2 source type 1 a_dead 1 hl_dead 1 de_dead 1 iy_dead 1 f_dead 1
                            315 ;	genRet
                            316 ;	genMove_o size 2 result type 2 source type 2 a_dead 1 hl_dead 1 de_dead 1 iy_dead 1 f_dead 1
                            317 ;	genLabel
                            318 ; common peephole 159 removed unused label 00101$.
                            319 ;cases/funptrsstructreturn/funptrsstructreturn_type_long_long.c:48: }
                            320 ;	genEndFunction
   00DA DD F9         [10]  321 	ld	sp, ix
   00DC DD E1         [14]  322 	pop	ix
   00DE C9            [10]  323 	ret
                            324 ;	Total g2 function size at codegen: 5 bytes.
                            325 ;cases/funptrsstructreturn/funptrsstructreturn_type_long_long.c:50: int h1(union u (*g)(void))
                            326 ;	genLabel
                            327 ;	genFunction
                            328 ;	---------------------------------
                            329 ; Function h1
                            330 ; ---------------------------------
                            331 ;	Register assignment might be sub-optimal.
                            332 ; Stack space usage: 16 bytes.
   00DF                     333 _h1::
   00DF DD E5         [15]  334 	push	ix
   00E1 DD 21 00 00   [14]  335 	ld	ix,	#0
   00E5 DD 39         [15]  336 	add	ix, sp
                            337 ;	adjustStack by -16
   00E7 FD 21 F0 FF   [14]  338 	ld	iy, #-16
   00EB FD 39         [15]  339 	add	iy, sp
   00ED FD F9         [10]  340 	ld	sp, iy
                            341 ;	genReceive
                            342 ;	genMove_o size 2 result type 2 source type 2 a_dead 1 hl_dead 1 de_dead 1 iy_dead 1 f_dead 1
                            343 ;cases/funptrsstructreturn/funptrsstructreturn_type_long_long.c:53: r = (*g)(); // Assignment of returned struct
                            344 ;	skipping iCode since result will be rematerialized
                            345 ;	skipping iCode since result will be rematerialized
                            346 ;	genCall
   00EF E5            [11]  347 	push	hl
   00F0 FD 21 0A 00   [14]  348 	ld	iy, #0x000a
   00F4 FD 39         [15]  349 	add	iy, sp
   00F6 E1            [10]  350 	pop	hl
   00F7 FD E5         [15]  351 	push	iy
                            352 ;	genMove_o size 2 result type 2 source type 2 a_dead 1 hl_dead 0 de_dead 1 iy_dead 1 f_dead 1
   00F9 CDr00s00      [17]  353 	call	___sdcc_call_hl
                            354 ;	adjustStack by 2
   00FC F1            [10]  355 	pop	af
                            356 ;	skipping iCode since result will be rematerialized
                            357 ;	skipping iCode since result will be rematerialized
                            358 ;	genBuiltIn
                            359 ;	genMove_o size 2 result type 2 source type 8 a_dead 1 hl_dead 1 de_dead 1 iy_dead 1 f_dead 1
   00FD 21 00 00      [10]  360 	ld	hl, #0
   0100 39            [11]  361 	add	hl, sp
   0101 EB            [ 4]  362 	ex	de, hl
                            363 ;	genMove_o size 2 result type 2 source type 8 a_dead 1 hl_dead 1 de_dead 0 iy_dead 1 f_dead 1
   0102 21 08 00      [10]  364 	ld	hl, #8
   0105 39            [11]  365 	add	hl, sp
                            366 ;	genMove_o size 2 result type 2 source type 2 a_dead 1 hl_dead 1 de_dead 0 iy_dead 1 f_dead 1
                            367 ;fetchPairLong
   0106 01 08 00      [10]  368 	ld	bc, #0x0008
   0109 ED B0         [21]  369 	ldir
                            370 ;	skipping generated iCode
                            371 ;	skipping generated iCode
                            372 ;	skipping generated iCode
                            373 ;cases/funptrsstructreturn/funptrsstructreturn_type_long_long.c:54: return r.a + 1;
                            374 ;	genPointerGet
                            375 ;	genMove_o size 1 result type 2 source type 6 a_dead 1 hl_dead 1 de_dead 1 iy_dead 1 f_dead 1
   010B DD 5E F0      [19]  376 	ld	e, -16 (ix)
                            377 ;	genMove_o size 0 result type 2 source type 1 a_dead 1 hl_dead 1 de_dead 1 iy_dead 1 f_dead 1
                            378 ;	genCast
                            379 ;	genMove_o size 1 result type 2 source type 2 a_dead 1 hl_dead 1 de_dead 1 iy_dead 1 f_dead 1
                            380 ;	genMove_o size 1 result type 2 source type 1 a_dead 1 hl_dead 1 de_dead 0 iy_dead 1 f_dead 1
   010E 16 00         [ 7]  381 	ld	d, #0x00
                            382 ;	genPlus
   0110 13            [ 6]  383 	inc	de
                            384 ;	genRet
                            385 ;	genMove_o size 2 result type 2 source type 2 a_dead 1 hl_dead 1 de_dead 1 iy_dead 1 f_dead 1
                            386 ;	genLabel
                            387 ; common peephole 159 removed unused label 00101$.
                            388 ;cases/funptrsstructreturn/funptrsstructreturn_type_long_long.c:55: }
                            389 ;	genEndFunction
   0111 DD F9         [10]  390 	ld	sp, ix
   0113 DD E1         [14]  391 	pop	ix
   0115 C9            [10]  392 	ret
                            393 ;	Total h1 function size at codegen: 7 bytes.
                            394 ;cases/funptrsstructreturn/funptrsstructreturn_type_long_long.c:57: int h2(union u (*g)(void))
                            395 ;	genLabel
                            396 ;	genFunction
                            397 ;	---------------------------------
                            398 ; Function h2
                            399 ; ---------------------------------
                            400 ;	Register assignment might be sub-optimal.
                            401 ; Stack space usage: 8 bytes.
   0116                     402 _h2::
                            403 ;	adjustStack by -8
   0116 FD 21 F8 FF   [14]  404 	ld	iy, #-8
   011A FD 39         [15]  405 	add	iy, sp
   011C FD F9         [10]  406 	ld	sp, iy
                            407 ;	genReceive
                            408 ;	genMove_o size 2 result type 2 source type 2 a_dead 1 hl_dead 1 de_dead 1 iy_dead 1 f_dead 1
                            409 ;cases/funptrsstructreturn/funptrsstructreturn_type_long_long.c:59: return (*g)().a + 1; // Access to member of returned struct
                            410 ;	genCall
   011E E5            [11]  411 	push	hl
   011F FD 21 02 00   [14]  412 	ld	iy, #0x0002
   0123 FD 39         [15]  413 	add	iy, sp
   0125 E1            [10]  414 	pop	hl
   0126 FD E5         [15]  415 	push	iy
                            416 ;	genMove_o size 2 result type 2 source type 2 a_dead 1 hl_dead 0 de_dead 1 iy_dead 1 f_dead 1
   0128 CDr00s00      [17]  417 	call	___sdcc_call_hl
                            418 ;	adjustStack by 2
   012B F1            [10]  419 	pop	af
                            420 ;	genAddrOf
   012C 21 00 00      [10]  421 	ld	hl, #0
   012F 39            [11]  422 	add	hl, sp
                            423 ;	genPointerGet
   0130 5E            [ 7]  424 	ld	e, (hl)
                            425 ;	genCast
                            426 ;	genMove_o size 1 result type 2 source type 2 a_dead 1 hl_dead 1 de_dead 1 iy_dead 1 f_dead 1
                            427 ;	genMove_o size 1 result type 2 source type 1 a_dead 1 hl_dead 1 de_dead 0 iy_dead 1 f_dead 1
   0131 16 00         [ 7]  428 	ld	d, #0x00
                            429 ;	genPlus
   0133 13            [ 6]  430 	inc	de
                            431 ;	genRet
                            432 ;	genMove_o size 2 result type 2 source type 2 a_dead 1 hl_dead 1 de_dead 1 iy_dead 1 f_dead 1
                            433 ;	genLabel
                            434 ; common peephole 159 removed unused label 00101$.
                            435 ;cases/funptrsstructreturn/funptrsstructreturn_type_long_long.c:60: }
                            436 ;	genEndFunction
                            437 ;	adjustStack by 8
   0134 F1            [10]  438 	pop	af
   0135 F1            [10]  439 	pop	af
   0136 F1            [10]  440 	pop	af
   0137 F1            [10]  441 	pop	af
   0138 C9            [10]  442 	ret
                            443 ;	Total h2 function size at codegen: 5 bytes.
                            444 ;cases/funptrsstructreturn/funptrsstructreturn_type_long_long.c:64: void testRet (void)
                            445 ;	genLabel
                            446 ;	genFunction
                            447 ;	---------------------------------
                            448 ; Function testRet
                            449 ; ---------------------------------
                            450 ;	Register assignment might be sub-optimal.
                            451 ; Stack space usage: 0 bytes.
   0139                     452 _testRet::
                            453 ;cases/funptrsstructreturn/funptrsstructreturn_type_long_long.c:68: ASSERT (g1(&f) == 3);
                            454 ;	genPlus
                            455 ;	genMove_o size 2 result type 2 source type 10 a_dead 1 hl_dead 1 de_dead 1 iy_dead 1 f_dead 1
   0139 2Ar00s00      [16]  456 	ld	hl, (___numTests)
   013C 23            [ 6]  457 	inc	hl
                            458 ;	genMove_o size 2 result type 10 source type 2 a_dead 1 hl_dead 1 de_dead 1 iy_dead 1 f_dead 1
   013D 22r00s00      [16]  459 	ld	(___numTests), hl
                            460 ;	genSend
                            461 ;	genMove_o size 2 result type 2 source type 7 a_dead 1 hl_dead 1 de_dead 1 iy_dead 1 f_dead 1
   0140 21r00s00      [10]  462 	ld	hl, #_f
                            463 ;	genCall
   0143 CDr62s00      [17]  464 	call	_g1
                            465 ;	genMove_o size 2 result type 2 source type 2 a_dead 1 hl_dead 1 de_dead 1 iy_dead 1 f_dead 1
                            466 ;	genCmpEq
                            467 ;	genMove_o size 1 result type 2 source type 2 a_dead 1 hl_dead 1 de_dead 0 iy_dead 0 f_dead 1
   0146 7B            [ 4]  468 	ld	a, e
                            469 ;	genMove_o size 0 result type 2 source type 1 a_dead 1 hl_dead 1 de_dead 0 iy_dead 0 f_dead 1
   0147 D6 03         [ 7]  470 	sub	a, #0x03
   0149 B2            [ 4]  471 	or	a, d
                            472 ; common peephole 163 changed absolute to relative conditional jump.
   014A 28 11         [12]  473 	jr	z, 00104$
                            474 ; common peephole 81 removed jp by using inverse jump logic
                            475 ; common peephole 159 removed unused label 00143$.
                            476 ;	skipping generated iCode
                            477 ;	skipping iCode since result will be rematerialized
                            478 ;	skipping iCode since result will be rematerialized
                            479 ;	skipping iCode since result will be rematerialized
                            480 ;	skipping iCode since result will be rematerialized
                            481 ;	skipping iCode since result will be rematerialized
                            482 ;	skipping iCode since result will be rematerialized
                            483 ;	genIpush
                            484 ;	genMove_o size 2 result type 2 source type 1 a_dead 1 hl_dead 1 de_dead 1 iy_dead 1 f_dead 1
   014C 21 44 00      [10]  485 	ld	hl, #0x0044
   014F E5            [11]  486 	push	hl
                            487 ;	genIpush
                            488 ;	genMove_o size 2 result type 2 source type 7 a_dead 1 hl_dead 1 de_dead 1 iy_dead 1 f_dead 1
   0150 21rE6s01      [10]  489 	ld	hl, #___str_2
   0153 E5            [11]  490 	push	hl
                            491 ;	genSend
                            492 ;	genMove_o size 2 result type 2 source type 7 a_dead 1 hl_dead 1 de_dead 1 iy_dead 1 f_dead 1
   0154 11rDAs01      [10]  493 	ld	de, #___str_1
                            494 ;	genSend
                            495 ;	genMove_o size 2 result type 2 source type 7 a_dead 1 hl_dead 1 de_dead 0 iy_dead 1 f_dead 1
   0157 21rC9s01      [10]  496 	ld	hl, #___str_0
                            497 ;	genCall
   015A CDr00s00      [17]  498 	call	___fail
                            499 ;	genLabel
   015D                     500 00104$:
                            501 ;cases/funptrsstructreturn/funptrsstructreturn_type_long_long.c:69: ASSERT (g2(&f) == 3);
                            502 ;	genPlus
                            503 ;	genMove_o size 2 result type 2 source type 10 a_dead 1 hl_dead 1 de_dead 1 iy_dead 1 f_dead 1
   015D 2Ar00s00      [16]  504 	ld	hl, (___numTests)
   0160 23            [ 6]  505 	inc	hl
                            506 ;	genMove_o size 2 result type 10 source type 2 a_dead 1 hl_dead 1 de_dead 1 iy_dead 1 f_dead 1
   0161 22r00s00      [16]  507 	ld	(___numTests), hl
                            508 ;	genSend
                            509 ;	genMove_o size 2 result type 2 source type 7 a_dead 1 hl_dead 1 de_dead 1 iy_dead 1 f_dead 1
   0164 21r00s00      [10]  510 	ld	hl, #_f
                            511 ;	genCall
   0167 CDr9Ds00      [17]  512 	call	_g2
                            513 ;	genMove_o size 2 result type 2 source type 2 a_dead 1 hl_dead 1 de_dead 1 iy_dead 1 f_dead 1
                            514 ;	genCmpEq
                            515 ;	genMove_o size 1 result type 2 source type 2 a_dead 1 hl_dead 1 de_dead 0 iy_dead 0 f_dead 1
   016A 7B            [ 4]  516 	ld	a, e
                            517 ;	genMove_o size 0 result type 2 source type 1 a_dead 1 hl_dead 1 de_dead 0 iy_dead 0 f_dead 1
   016B D6 03         [ 7]  518 	sub	a, #0x03
   016D B2            [ 4]  519 	or	a, d
                            520 ; common peephole 163 changed absolute to relative conditional jump.
   016E 28 11         [12]  521 	jr	z, 00106$
                            522 ; common peephole 81 removed jp by using inverse jump logic
                            523 ; common peephole 159 removed unused label 00144$.
                            524 ;	skipping generated iCode
                            525 ;	skipping iCode since result will be rematerialized
                            526 ;	skipping iCode since result will be rematerialized
                            527 ;	skipping iCode since result will be rematerialized
                            528 ;	skipping iCode since result will be rematerialized
                            529 ;	skipping iCode since result will be rematerialized
                            530 ;	skipping iCode since result will be rematerialized
                            531 ;	genIpush
                            532 ;	genMove_o size 2 result type 2 source type 1 a_dead 1 hl_dead 1 de_dead 1 iy_dead 1 f_dead 1
   0170 21 45 00      [10]  533 	ld	hl, #0x0045
   0173 E5            [11]  534 	push	hl
                            535 ;	genIpush
                            536 ;	genMove_o size 2 result type 2 source type 7 a_dead 1 hl_dead 1 de_dead 1 iy_dead 1 f_dead 1
   0174 21rE6s01      [10]  537 	ld	hl, #___str_2
   0177 E5            [11]  538 	push	hl
                            539 ;	genSend
                            540 ;	genMove_o size 2 result type 2 source type 7 a_dead 1 hl_dead 1 de_dead 1 iy_dead 1 f_dead 1
   0178 11r25s02      [10]  541 	ld	de, #___str_3
                            542 ;	genSend
                            543 ;	genMove_o size 2 result type 2 source type 7 a_dead 1 hl_dead 1 de_dead 0 iy_dead 1 f_dead 1
   017B 21rC9s01      [10]  544 	ld	hl, #___str_0
                            545 ;	genCall
   017E CDr00s00      [17]  546 	call	___fail
                            547 ;	genLabel
   0181                     548 00106$:
                            549 ;cases/funptrsstructreturn/funptrsstructreturn_type_long_long.c:70: ASSERT (h1(&g) == 2);
                            550 ;	genPlus
                            551 ;	genMove_o size 2 result type 2 source type 10 a_dead 1 hl_dead 1 de_dead 1 iy_dead 1 f_dead 1
   0181 2Ar00s00      [16]  552 	ld	hl, (___numTests)
   0184 23            [ 6]  553 	inc	hl
                            554 ;	genMove_o size 2 result type 10 source type 2 a_dead 1 hl_dead 1 de_dead 1 iy_dead 1 f_dead 1
   0185 22r00s00      [16]  555 	ld	(___numTests), hl
                            556 ;	genSend
                            557 ;	genMove_o size 2 result type 2 source type 7 a_dead 1 hl_dead 1 de_dead 1 iy_dead 1 f_dead 1
   0188 21r3Es00      [10]  558 	ld	hl, #_g
                            559 ;	genCall
   018B CDrDFs00      [17]  560 	call	_h1
                            561 ;	genMove_o size 2 result type 2 source type 2 a_dead 1 hl_dead 1 de_dead 1 iy_dead 1 f_dead 1
                            562 ;	genCmpEq
                            563 ;	genMove_o size 1 result type 2 source type 2 a_dead 1 hl_dead 1 de_dead 0 iy_dead 0 f_dead 1
   018E 7B            [ 4]  564 	ld	a, e
                            565 ;	genMove_o size 0 result type 2 source type 1 a_dead 1 hl_dead 1 de_dead 0 iy_dead 0 f_dead 1
   018F D6 02         [ 7]  566 	sub	a, #0x02
   0191 B2            [ 4]  567 	or	a, d
                            568 ; common peephole 163 changed absolute to relative conditional jump.
   0192 28 11         [12]  569 	jr	z, 00108$
                            570 ; common peephole 81 removed jp by using inverse jump logic
                            571 ; common peephole 159 removed unused label 00145$.
                            572 ;	skipping generated iCode
                            573 ;	skipping iCode since result will be rematerialized
                            574 ;	skipping iCode since result will be rematerialized
                            575 ;	skipping iCode since result will be rematerialized
                            576 ;	skipping iCode since result will be rematerialized
                            577 ;	skipping iCode since result will be rematerialized
                            578 ;	skipping iCode since result will be rematerialized
                            579 ;	genIpush
                            580 ;	genMove_o size 2 result type 2 source type 1 a_dead 1 hl_dead 1 de_dead 1 iy_dead 1 f_dead 1
   0194 21 46 00      [10]  581 	ld	hl, #0x0046
   0197 E5            [11]  582 	push	hl
                            583 ;	genIpush
                            584 ;	genMove_o size 2 result type 2 source type 7 a_dead 1 hl_dead 1 de_dead 1 iy_dead 1 f_dead 1
   0198 21rE6s01      [10]  585 	ld	hl, #___str_2
   019B E5            [11]  586 	push	hl
                            587 ;	genSend
                            588 ;	genMove_o size 2 result type 2 source type 7 a_dead 1 hl_dead 1 de_dead 1 iy_dead 1 f_dead 1
   019C 11r31s02      [10]  589 	ld	de, #___str_4
                            590 ;	genSend
                            591 ;	genMove_o size 2 result type 2 source type 7 a_dead 1 hl_dead 1 de_dead 0 iy_dead 1 f_dead 1
   019F 21rC9s01      [10]  592 	ld	hl, #___str_0
                            593 ;	genCall
   01A2 CDr00s00      [17]  594 	call	___fail
                            595 ;	genLabel
   01A5                     596 00108$:
                            597 ;cases/funptrsstructreturn/funptrsstructreturn_type_long_long.c:71: ASSERT (h2(&g) == 2);
                            598 ;	genPlus
                            599 ;	genMove_o size 2 result type 2 source type 10 a_dead 1 hl_dead 1 de_dead 1 iy_dead 1 f_dead 1
   01A5 2Ar00s00      [16]  600 	ld	hl, (___numTests)
   01A8 23            [ 6]  601 	inc	hl
                            602 ;	genMove_o size 2 result type 10 source type 2 a_dead 1 hl_dead 1 de_dead 1 iy_dead 1 f_dead 1
   01A9 22r00s00      [16]  603 	ld	(___numTests), hl
                            604 ;	genSend
                            605 ;	genMove_o size 2 result type 2 source type 7 a_dead 1 hl_dead 1 de_dead 1 iy_dead 1 f_dead 1
   01AC 21r3Es00      [10]  606 	ld	hl, #_g
                            607 ;	genCall
   01AF CDr16s01      [17]  608 	call	_h2
                            609 ;	genMove_o size 2 result type 2 source type 2 a_dead 1 hl_dead 1 de_dead 1 iy_dead 1 f_dead 1
                            610 ;	genCmpEq
                            611 ;	genMove_o size 1 result type 2 source type 2 a_dead 1 hl_dead 1 de_dead 0 iy_dead 0 f_dead 1
   01B2 7B            [ 4]  612 	ld	a, e
                            613 ;	genMove_o size 0 result type 2 source type 1 a_dead 1 hl_dead 1 de_dead 0 iy_dead 0 f_dead 1
   01B3 D6 02         [ 7]  614 	sub	a, #0x02
   01B5 B2            [ 4]  615 	or	a, d
   01B6 C8            [11]  616 	ret	z
                            617 ; common peephole 161 replaced jump by return.
                            618 ; common peephole 81 removed jp by using inverse jump logic
                            619 ; common peephole 159 removed unused label 00146$.
                            620 ;	skipping generated iCode
                            621 ;	skipping iCode since result will be rematerialized
                            622 ;	skipping iCode since result will be rematerialized
                            623 ;	skipping iCode since result will be rematerialized
                            624 ;	skipping iCode since result will be rematerialized
                            625 ;	skipping iCode since result will be rematerialized
                            626 ;	skipping iCode since result will be rematerialized
                            627 ;	genIpush
                            628 ;	genMove_o size 2 result type 2 source type 1 a_dead 1 hl_dead 1 de_dead 1 iy_dead 1 f_dead 1
   01B7 21 47 00      [10]  629 	ld	hl, #0x0047
   01BA E5            [11]  630 	push	hl
                            631 ;	genIpush
                            632 ;	genMove_o size 2 result type 2 source type 7 a_dead 1 hl_dead 1 de_dead 1 iy_dead 1 f_dead 1
   01BB 21rE6s01      [10]  633 	ld	hl, #___str_2
   01BE E5            [11]  634 	push	hl
                            635 ;	genSend
                            636 ;	genMove_o size 2 result type 2 source type 7 a_dead 1 hl_dead 1 de_dead 1 iy_dead 1 f_dead 1
   01BF 11r3Ds02      [10]  637 	ld	de, #___str_5
                            638 ;	genSend
                            639 ;	genMove_o size 2 result type 2 source type 7 a_dead 1 hl_dead 1 de_dead 0 iy_dead 1 f_dead 1
   01C2 21rC9s01      [10]  640 	ld	hl, #___str_0
                            641 ;	genCall
   01C5 CDr00s00      [17]  642 	call	___fail
                            643 ;	genLabel
                            644 ; common peephole 159 removed unused label 00101$.
                            645 ;cases/funptrsstructreturn/funptrsstructreturn_type_long_long.c:74: }
                            646 ;	genEndFunction
   01C8 C9            [10]  647 	ret
                            648 ;	Total testRet function size at codegen: 1 bytes.
   01C9                     649 ___str_0:
   01C9 41 73 73 65 72 74   650 	.ascii "Assertion failed"
        69 6F 6E 20 66 61
        69 6C 65 64
   01D9 00                  651 	.db 0x00
   01DA                     652 ___str_1:
   01DA 67 31 28 26 66 29   653 	.ascii "g1(&f) == 3"
        20 3D 3D 20 33
   01E5 00                  654 	.db 0x00
   01E6                     655 ___str_2:
   01E6 63 61 73 65 73 2F   656 	.ascii "cases/funptrsstructreturn/funptrsstructreturn_type_long_long"
        66 75 6E 70 74 72
        73 73 74 72 75 63
        74 72 65 74 75 72
        6E 2F 66 75 6E 70
        74 72 73 73 74 72
        75 63 74 72 65 74
        75 72 6E 5F 74 79
        70 65 5F 6C 6F 6E
        67 5F 6C 6F 6E 67
   0222 2E 63               657 	.ascii ".c"
   0224 00                  658 	.db 0x00
   0225                     659 ___str_3:
   0225 67 32 28 26 66 29   660 	.ascii "g2(&f) == 3"
        20 3D 3D 20 33
   0230 00                  661 	.db 0x00
   0231                     662 ___str_4:
   0231 68 31 28 26 67 29   663 	.ascii "h1(&g) == 2"
        20 3D 3D 20 32
   023C 00                  664 	.db 0x00
   023D                     665 ___str_5:
   023D 68 32 28 26 67 29   666 	.ascii "h2(&g) == 2"
        20 3D 3D 20 32
   0248 00                  667 	.db 0x00
                            668 ;cases/funptrsstructreturn/funptrsstructreturn_type_long_long.c:78: __runSuite(void)
                            669 ;	genLabel
                            670 ;	genFunction
                            671 ;	---------------------------------
                            672 ; Function __runSuite
                            673 ; ---------------------------------
                            674 ;	Register assignment is optimal.
                            675 ; Stack space usage: 0 bytes.
   0249                     676 ___runSuite::
                            677 ;cases/funptrsstructreturn/funptrsstructreturn_type_long_long.c:80: __prints("Running testRet\n");
                            678 ;	skipping iCode since result will be rematerialized
                            679 ;	skipping iCode since result will be rematerialized
                            680 ;	genSend
                            681 ;	genMove_o size 2 result type 2 source type 7 a_dead 1 hl_dead 1 de_dead 1 iy_dead 1 f_dead 1
   0249 21r52s02      [10]  682 	ld	hl, #___str_6
                            683 ;	genCall
   024C CDr00s00      [17]  684 	call	___prints
                            685 ;cases/funptrsstructreturn/funptrsstructreturn_type_long_long.c:81: testRet();
                            686 ;	genCall
                            687 ;	genLabel
                            688 ; common peephole 159 removed unused label 00101$.
                            689 ;cases/funptrsstructreturn/funptrsstructreturn_type_long_long.c:82: }
                            690 ;	genEndFunction
   024F C3r39s01      [10]  691 	jp	_testRet
                            692 ; common peephole 152 removed unused ret.
                            693 ;	Total __runSuite function size at codegen: 1 bytes.
   0252                     694 ___str_6:
   0252 52 75 6E 6E 69 6E   695 	.ascii "Running testRet"
        67 20 74 65 73 74
        52 65 74
   0261 0A                  696 	.db 0x0a
   0262 00                  697 	.db 0x00
                            698 ;cases/funptrsstructreturn/funptrsstructreturn_type_long_long.c:87: __getSuiteName(void)
                            699 ;	genLabel
                            700 ;	genFunction
                            701 ;	---------------------------------
                            702 ; Function __getSuiteName
                            703 ; ---------------------------------
                            704 ;	Register assignment is optimal.
                            705 ; Stack space usage: 0 bytes.
   0263                     706 ___getSuiteName::
                            707 ;cases/funptrsstructreturn/funptrsstructreturn_type_long_long.c:89: return "funptrsstructreturn_type_long_long";
                            708 ;	skipping iCode since result will be rematerialized
                            709 ;	skipping iCode since result will be rematerialized
                            710 ;	genRet
                            711 ;	genMove_o size 2 result type 2 source type 7 a_dead 1 hl_dead 1 de_dead 1 iy_dead 1 f_dead 1
   0263 11r69s02      [10]  712 	ld	de, #___str_7
                            713 ;	genLabel
                            714 ; common peephole 159 removed unused label 00101$.
                            715 ;cases/funptrsstructreturn/funptrsstructreturn_type_long_long.c:90: }
                            716 ;	genEndFunction
   0266 C9            [10]  717 	ret
                            718 ;	Total __getSuiteName function size at codegen: 1 bytes.
   0267                     719 ___numCases:
   0267 01 00               720 	.dw #0x0001
   0269                     721 ___str_7:
   0269 66 75 6E 70 74 72   722 	.ascii "funptrsstructreturn_type_long_long"
        73 73 74 72 75 63
        74 72 65 74 75 72
        6E 5F 74 79 70 65
        5F 6C 6F 6E 67 5F
        6C 6F 6E 67
   028B 00                  723 	.db 0x00
                            724 	.area _CODE (BANK=_CSEG)
                            725 	.area _INITIALIZER
                            726 	.area _CABS (ABS)
