                              1 ;--------------------------------------------------------
                              2 ; File Created by SDCC : free open source ISO C Compiler
                              3 ; Version 4.6.2 #16710 (Linux)
                              4 ;--------------------------------------------------------
                              5 	.module structinit_type_long
                              6 	
                              7 ;--------------------------------------------------------
                              8 ; Public variables in this module
                              9 ;--------------------------------------------------------
                             10 	.globl _testStructInit
                             11 	.globl _f4
                             12 	.globl _f3
                             13 	.globl _f2
                             14 	.globl _f1
                             15 	.globl _f0
                             16 	.globl ___prints
                             17 	.globl ___fail
                             18 	.globl _sg
                             19 	.globl ___numCases
                             20 	.globl _ug
                             21 	.globl ___runSuite
                             22 	.globl ___getSuiteName
                             23 ;--------------------------------------------------------
                             24 ; special function registers
                             25 ;--------------------------------------------------------
                             26 ;--------------------------------------------------------
                             27 ; ram data
                             28 ;--------------------------------------------------------
                             29 	.area _DATA (BANK=_DSEG)
                             30 ;--------------------------------------------------------
                             31 ; ram data
                             32 ;--------------------------------------------------------
                             33 	.area _INITIALIZED
   0000                      34 _sg::
   0000                      35 	.ds 7
                             36 ;--------------------------------------------------------
                             37 ; absolute ram data
                             38 ;--------------------------------------------------------
                             39 	.area _DABS (ABS)
                             40 	.area _DABS (ABS)
                             41 ;--------------------------------------------------------
                             42 ; global & static initialisations
                             43 ;--------------------------------------------------------
                             44 	.area _HOME
                             45 	.area _GSINIT
                             46 	.area _GSFINAL
                             47 	.area _GSINIT
                             48 ;--------------------------------------------------------
                             49 ; Home
                             50 ;--------------------------------------------------------
                             51 	.area _HOME (BANK=_CSEG)
                             52 	.area _HOME (BANK=_CSEG)
                             53 ;--------------------------------------------------------
                             54 ; code
                             55 ;--------------------------------------------------------
                             56 	.area _CODE (BANK=_CSEG)
                             57 ;cases/structinit/structinit_type_long.c:31: void f0(void)
                             58 ;	genLabel
                             59 ;	genFunction
                             60 ;	---------------------------------
                             61 ; Function f0
                             62 ; ---------------------------------
                             63 ;	Register assignment might be sub-optimal.
                             64 ; Stack space usage: 7 bytes.
   0000                      65 _f0::
   0000 DD E5         [15]   66 	push	ix
   0002 DD 21 00 00   [14]   67 	ld	ix,	#0
   0006 DD 39         [15]   68 	add	ix, sp
                             69 ;	adjustStack by -7
   0008 21 F9 FF      [10]   70 	ld	hl, #-7
   000B 39            [11]   71 	add	hl, sp
                             72 ;cases/structinit/structinit_type_long.c:33: struct s sl = sg;
                             73 ;	skipping iCode since result will be rematerialized
                             74 ;	skipping iCode since result will be rematerialized
                             75 ;	skipping iCode since result will be rematerialized
                             76 ;	skipping iCode since result will be rematerialized
                             77 ;	genBuiltIn
                             78 ;	genMove_o size 2 result type 2 source type 8 a_dead 1 hl_dead 1 de_dead 1 iy_dead 1 f_dead 1
   000C F9            [ 6]   79 	ld	sp, hl
                             80 ; common peephole 9c reused value still in hl.
   000D EB            [ 4]   81 	ex	de, hl
                             82 ;	genMove_o size 2 result type 2 source type 7 a_dead 1 hl_dead 1 de_dead 0 iy_dead 1 f_dead 1
   000E 21r00s00      [10]   83 	ld	hl, #_sg
                             84 ;fetchPairLong
   0011 01 07 00      [10]   85 	ld	bc, #0x0007
   0014 ED B0         [21]   86 	ldir
                             87 ;	skipping generated iCode
                             88 ;	skipping generated iCode
                             89 ;	skipping generated iCode
                             90 ;cases/structinit/structinit_type_long.c:35: ASSERT(sl.c == 0x55);
                             91 ;	genPlus
                             92 ;	genMove_o size 2 result type 2 source type 10 a_dead 1 hl_dead 1 de_dead 1 iy_dead 1 f_dead 1
   0016 2Ar00s00      [16]   93 	ld	hl, (___numTests)
   0019 23            [ 6]   94 	inc	hl
                             95 ;	genMove_o size 2 result type 10 source type 2 a_dead 1 hl_dead 1 de_dead 1 iy_dead 1 f_dead 1
   001A 22r00s00      [16]   96 	ld	(___numTests), hl
                             97 ;	genPointerGet
                             98 ;	genMove_o size 1 result type 2 source type 6 a_dead 1 hl_dead 1 de_dead 1 iy_dead 1 f_dead 1
   001D DD 7E F9      [19]   99 	ld	a, -7 (ix)
                            100 ;	genMove_o size 0 result type 2 source type 1 a_dead 1 hl_dead 1 de_dead 1 iy_dead 1 f_dead 1
                            101 ;	genCmpEq
   0020 FE 55         [ 7]  102 	cp	a, #0x55
                            103 ; common peephole 163 changed absolute to relative conditional jump.
   0022 28 11         [12]  104 	jr	z, 00104$
                            105 ; common peephole 81 removed jp by using inverse jump logic
                            106 ; common peephole 159 removed unused label 00133$.
                            107 ;	skipping generated iCode
                            108 ;	skipping iCode since result will be rematerialized
                            109 ;	skipping iCode since result will be rematerialized
                            110 ;	skipping iCode since result will be rematerialized
                            111 ;	skipping iCode since result will be rematerialized
                            112 ;	skipping iCode since result will be rematerialized
                            113 ;	skipping iCode since result will be rematerialized
                            114 ;	genIpush
                            115 ;	genMove_o size 2 result type 2 source type 1 a_dead 1 hl_dead 1 de_dead 1 iy_dead 1 f_dead 1
   0024 21 23 00      [10]  116 	ld	hl, #0x0023
   0027 E5            [11]  117 	push	hl
                            118 ;	genIpush
                            119 ;	genMove_o size 2 result type 2 source type 7 a_dead 1 hl_dead 1 de_dead 1 iy_dead 1 f_dead 1
   0028 21rABs00      [10]  120 	ld	hl, #___str_2
   002B E5            [11]  121 	push	hl
                            122 ;	genSend
                            123 ;	genMove_o size 2 result type 2 source type 7 a_dead 1 hl_dead 1 de_dead 1 iy_dead 1 f_dead 1
   002C 11r9Es00      [10]  124 	ld	de, #___str_1
                            125 ;	genSend
                            126 ;	genMove_o size 2 result type 2 source type 7 a_dead 1 hl_dead 1 de_dead 0 iy_dead 1 f_dead 1
   002F 21r8Ds00      [10]  127 	ld	hl, #___str_0
                            128 ;	genCall
   0032 CDr00s00      [17]  129 	call	___fail
                            130 ;	genLabel
   0035                     131 00104$:
                            132 ;cases/structinit/structinit_type_long.c:36: ASSERT(sl.t == 0x5a);
                            133 ;	genPlus
                            134 ;	genMove_o size 2 result type 2 source type 10 a_dead 1 hl_dead 1 de_dead 1 iy_dead 1 f_dead 1
   0035 2Ar00s00      [16]  135 	ld	hl, (___numTests)
   0038 23            [ 6]  136 	inc	hl
                            137 ;	genMove_o size 2 result type 10 source type 2 a_dead 1 hl_dead 1 de_dead 1 iy_dead 1 f_dead 1
   0039 22r00s00      [16]  138 	ld	(___numTests), hl
                            139 ;	genAssign
                            140 ;	genMove_o size 2 result type 2 source type 8 a_dead 1 hl_dead 1 de_dead 1 iy_dead 1 f_dead 1
                            141 ;	genMove_o size 2 result type 2 source type 2 a_dead 1 hl_dead 1 de_dead 1 iy_dead 1 f_dead 1
                            142 ;	genPointerGet
                            143 ;fetchPairLong
   003C 21 01 00      [10]  144 	ld	hl,#0x1
   003F 39            [11]  145 	add	hl,sp
                            146 ; common peephole 129a moved increment of hl to constant.
                            147 ;	_moveFrom_tpair_()
   0040 4E            [ 7]  148 	ld	c, (hl)
   0041 23            [ 6]  149 	inc	hl
                            150 ;	_moveFrom_tpair_()
   0042 46            [ 7]  151 	ld	b, (hl)
   0043 23            [ 6]  152 	inc	hl
                            153 ;	_moveFrom_tpair_()
   0044 5E            [ 7]  154 	ld	e, (hl)
   0045 23            [ 6]  155 	inc	hl
                            156 ;	_moveFrom_tpair_()
   0046 56            [ 7]  157 	ld	d, (hl)
                            158 ;	genCmpEq
                            159 ;	genMove_o size 1 result type 2 source type 2 a_dead 1 hl_dead 1 de_dead 0 iy_dead 0 f_dead 1
   0047 79            [ 4]  160 	ld	a, c
                            161 ;	genMove_o size 0 result type 2 source type 1 a_dead 1 hl_dead 1 de_dead 0 iy_dead 0 f_dead 1
   0048 D6 5A         [ 7]  162 	sub	a, #0x5a
   004A B0            [ 4]  163 	or	a, b
   004B B3            [ 4]  164 	or	a, e
   004C B2            [ 4]  165 	or	a, d
                            166 ; common peephole 163 changed absolute to relative conditional jump.
   004D 28 11         [12]  167 	jr	z, 00106$
                            168 ; common peephole 81 removed jp by using inverse jump logic
                            169 ; common peephole 159 removed unused label 00134$.
                            170 ;	skipping generated iCode
                            171 ;	skipping iCode since result will be rematerialized
                            172 ;	skipping iCode since result will be rematerialized
                            173 ;	skipping iCode since result will be rematerialized
                            174 ;	skipping iCode since result will be rematerialized
                            175 ;	skipping iCode since result will be rematerialized
                            176 ;	skipping iCode since result will be rematerialized
                            177 ;	genIpush
                            178 ;	genMove_o size 2 result type 2 source type 1 a_dead 1 hl_dead 1 de_dead 1 iy_dead 1 f_dead 1
   004F 21 24 00      [10]  179 	ld	hl, #0x0024
   0052 E5            [11]  180 	push	hl
                            181 ;	genIpush
                            182 ;	genMove_o size 2 result type 2 source type 7 a_dead 1 hl_dead 1 de_dead 1 iy_dead 1 f_dead 1
   0053 21rABs00      [10]  183 	ld	hl, #___str_2
   0056 E5            [11]  184 	push	hl
                            185 ;	genSend
                            186 ;	genMove_o size 2 result type 2 source type 7 a_dead 1 hl_dead 1 de_dead 1 iy_dead 1 f_dead 1
   0057 11rD3s00      [10]  187 	ld	de, #___str_3
                            188 ;	genSend
                            189 ;	genMove_o size 2 result type 2 source type 7 a_dead 1 hl_dead 1 de_dead 0 iy_dead 1 f_dead 1
   005A 21r8Ds00      [10]  190 	ld	hl, #___str_0
                            191 ;	genCall
   005D CDr00s00      [17]  192 	call	___fail
                            193 ;	genLabel
   0060                     194 00106$:
                            195 ;cases/structinit/structinit_type_long.c:37: ASSERT(sl.u == 0xa5a5);
                            196 ;	genPlus
                            197 ;	genMove_o size 2 result type 2 source type 10 a_dead 1 hl_dead 1 de_dead 1 iy_dead 1 f_dead 1
   0060 2Ar00s00      [16]  198 	ld	hl, (___numTests)
   0063 23            [ 6]  199 	inc	hl
                            200 ;	genMove_o size 2 result type 10 source type 2 a_dead 1 hl_dead 1 de_dead 1 iy_dead 1 f_dead 1
   0064 22r00s00      [16]  201 	ld	(___numTests), hl
                            202 ;	skipping iCode since result will be rematerialized
                            203 ;	genPointerGet
                            204 ;	genMove_o size 2 result type 2 source type 6 a_dead 1 hl_dead 1 de_dead 1 iy_dead 1 f_dead 1
   0067 DD 6E FE      [19]  205 	ld	l, -2 (ix)
   006A DD 66 FF      [19]  206 	ld	h, -1 (ix)
                            207 ;	genMove_o size 0 result type 2 source type 1 a_dead 1 hl_dead 1 de_dead 1 iy_dead 1 f_dead 1
                            208 ;	genCmpEq
   006D 11 A5 A5      [10]  209 	ld	de, #0xa5a5
   0070 BF            [ 4]  210 	cp	a, a
   0071 ED 52         [15]  211 	sbc	hl, de
                            212 ; common peephole 163 changed absolute to relative conditional jump.
   0073 28 11         [12]  213 	jr	z, 00101$
                            214 ; common peephole 81 removed jp by using inverse jump logic
                            215 ; common peephole 159 removed unused label 00135$.
                            216 ;	skipping generated iCode
                            217 ;	skipping iCode since result will be rematerialized
                            218 ;	skipping iCode since result will be rematerialized
                            219 ;	skipping iCode since result will be rematerialized
                            220 ;	skipping iCode since result will be rematerialized
                            221 ;	skipping iCode since result will be rematerialized
                            222 ;	skipping iCode since result will be rematerialized
                            223 ;	genIpush
                            224 ;	genMove_o size 2 result type 2 source type 1 a_dead 1 hl_dead 1 de_dead 1 iy_dead 1 f_dead 1
   0075 21 25 00      [10]  225 	ld	hl, #0x0025
   0078 E5            [11]  226 	push	hl
                            227 ;	genIpush
                            228 ;	genMove_o size 2 result type 2 source type 7 a_dead 1 hl_dead 1 de_dead 1 iy_dead 1 f_dead 1
   0079 21rABs00      [10]  229 	ld	hl, #___str_2
   007C E5            [11]  230 	push	hl
                            231 ;	genSend
                            232 ;	genMove_o size 2 result type 2 source type 7 a_dead 1 hl_dead 1 de_dead 1 iy_dead 1 f_dead 1
   007D 11rE0s00      [10]  233 	ld	de, #___str_4
                            234 ;	genSend
                            235 ;	genMove_o size 2 result type 2 source type 7 a_dead 1 hl_dead 1 de_dead 0 iy_dead 1 f_dead 1
   0080 21r8Ds00      [10]  236 	ld	hl, #___str_0
                            237 ;	genCall
   0083 CDr00s00      [17]  238 	call	___fail
                            239 ;	genLabel
   0086                     240 00101$:
                            241 ;cases/structinit/structinit_type_long.c:38: }
                            242 ;	genEndFunction
   0086 DD F9         [10]  243 	ld	sp, ix
   0088 DD E1         [14]  244 	pop	ix
   008A C9            [10]  245 	ret
                            246 ;	Total f0 function size at codegen: 7 bytes.
   008B                     247 _ug:
   008B 55 A5               248 	.dw #0xa555
   008D                     249 ___str_0:
   008D 41 73 73 65 72 74   250 	.ascii "Assertion failed"
        69 6F 6E 20 66 61
        69 6C 65 64
   009D 00                  251 	.db 0x00
   009E                     252 ___str_1:
   009E 73 6C 2E 63 20 3D   253 	.ascii "sl.c == 0x55"
        3D 20 30 78 35 35
   00AA 00                  254 	.db 0x00
   00AB                     255 ___str_2:
   00AB 63 61 73 65 73 2F   256 	.ascii "cases/structinit/structinit_type_long.c"
        73 74 72 75 63 74
        69 6E 69 74 2F 73
        74 72 75 63 74 69
        6E 69 74 5F 74 79
        70 65 5F 6C 6F 6E
        67 2E 63
   00D2 00                  257 	.db 0x00
   00D3                     258 ___str_3:
   00D3 73 6C 2E 74 20 3D   259 	.ascii "sl.t == 0x5a"
        3D 20 30 78 35 61
   00DF 00                  260 	.db 0x00
   00E0                     261 ___str_4:
   00E0 73 6C 2E 75 20 3D   262 	.ascii "sl.u == 0xa5a5"
        3D 20 30 78 61 35
        61 35
   00EE 00                  263 	.db 0x00
                            264 ;cases/structinit/structinit_type_long.c:40: void f1(void)
                            265 ;	genLabel
                            266 ;	genFunction
                            267 ;	---------------------------------
                            268 ; Function f1
                            269 ; ---------------------------------
                            270 ;	Register assignment might be sub-optimal.
                            271 ; Stack space usage: 7 bytes.
   00EF                     272 _f1::
   00EF DD E5         [15]  273 	push	ix
   00F1 DD 21 00 00   [14]  274 	ld	ix,	#0
   00F5 DD 39         [15]  275 	add	ix, sp
                            276 ;	adjustStack by -7
   00F7 21 F9 FF      [10]  277 	ld	hl, #-7
   00FA 39            [11]  278 	add	hl, sp
                            279 ;cases/structinit/structinit_type_long.c:42: auto struct s sl = sg;
                            280 ;	skipping iCode since result will be rematerialized
                            281 ;	skipping iCode since result will be rematerialized
                            282 ;	skipping iCode since result will be rematerialized
                            283 ;	skipping iCode since result will be rematerialized
                            284 ;	genBuiltIn
                            285 ;	genMove_o size 2 result type 2 source type 8 a_dead 1 hl_dead 1 de_dead 1 iy_dead 1 f_dead 1
   00FB F9            [ 6]  286 	ld	sp, hl
                            287 ; common peephole 9c reused value still in hl.
   00FC EB            [ 4]  288 	ex	de, hl
                            289 ;	genMove_o size 2 result type 2 source type 7 a_dead 1 hl_dead 1 de_dead 0 iy_dead 1 f_dead 1
   00FD 21r00s00      [10]  290 	ld	hl, #_sg
                            291 ;fetchPairLong
   0100 01 07 00      [10]  292 	ld	bc, #0x0007
   0103 ED B0         [21]  293 	ldir
                            294 ;	skipping generated iCode
                            295 ;	skipping generated iCode
                            296 ;	skipping generated iCode
                            297 ;cases/structinit/structinit_type_long.c:44: ASSERT(sl.c == 0x44);
                            298 ;	genPlus
                            299 ;	genMove_o size 2 result type 2 source type 10 a_dead 1 hl_dead 1 de_dead 1 iy_dead 1 f_dead 1
   0105 2Ar00s00      [16]  300 	ld	hl, (___numTests)
   0108 23            [ 6]  301 	inc	hl
                            302 ;	genMove_o size 2 result type 10 source type 2 a_dead 1 hl_dead 1 de_dead 1 iy_dead 1 f_dead 1
   0109 22r00s00      [16]  303 	ld	(___numTests), hl
                            304 ;	genPointerGet
                            305 ;	genMove_o size 1 result type 2 source type 6 a_dead 1 hl_dead 1 de_dead 1 iy_dead 1 f_dead 1
   010C DD 7E F9      [19]  306 	ld	a, -7 (ix)
                            307 ;	genMove_o size 0 result type 2 source type 1 a_dead 1 hl_dead 1 de_dead 1 iy_dead 1 f_dead 1
                            308 ;	genCmpEq
   010F FE 44         [ 7]  309 	cp	a, #0x44
                            310 ; common peephole 163 changed absolute to relative conditional jump.
   0111 28 11         [12]  311 	jr	z, 00104$
                            312 ; common peephole 81 removed jp by using inverse jump logic
                            313 ; common peephole 159 removed unused label 00133$.
                            314 ;	skipping generated iCode
                            315 ;	skipping iCode since result will be rematerialized
                            316 ;	skipping iCode since result will be rematerialized
                            317 ;	skipping iCode since result will be rematerialized
                            318 ;	skipping iCode since result will be rematerialized
                            319 ;	skipping iCode since result will be rematerialized
                            320 ;	skipping iCode since result will be rematerialized
                            321 ;	genIpush
                            322 ;	genMove_o size 2 result type 2 source type 1 a_dead 1 hl_dead 1 de_dead 1 iy_dead 1 f_dead 1
   0113 21 2C 00      [10]  323 	ld	hl, #0x002c
   0116 E5            [11]  324 	push	hl
                            325 ;	genIpush
                            326 ;	genMove_o size 2 result type 2 source type 7 a_dead 1 hl_dead 1 de_dead 1 iy_dead 1 f_dead 1
   0117 21r98s01      [10]  327 	ld	hl, #___str_7
   011A E5            [11]  328 	push	hl
                            329 ;	genSend
                            330 ;	genMove_o size 2 result type 2 source type 7 a_dead 1 hl_dead 1 de_dead 1 iy_dead 1 f_dead 1
   011B 11r8Bs01      [10]  331 	ld	de, #___str_6
                            332 ;	genSend
                            333 ;	genMove_o size 2 result type 2 source type 7 a_dead 1 hl_dead 1 de_dead 0 iy_dead 1 f_dead 1
   011E 21r7As01      [10]  334 	ld	hl, #___str_5
                            335 ;	genCall
   0121 CDr00s00      [17]  336 	call	___fail
                            337 ;	genLabel
   0124                     338 00104$:
                            339 ;cases/structinit/structinit_type_long.c:45: ASSERT(sl.t == 0x4a);
                            340 ;	genPlus
                            341 ;	genMove_o size 2 result type 2 source type 10 a_dead 1 hl_dead 1 de_dead 1 iy_dead 1 f_dead 1
   0124 2Ar00s00      [16]  342 	ld	hl, (___numTests)
   0127 23            [ 6]  343 	inc	hl
                            344 ;	genMove_o size 2 result type 10 source type 2 a_dead 1 hl_dead 1 de_dead 1 iy_dead 1 f_dead 1
   0128 22r00s00      [16]  345 	ld	(___numTests), hl
                            346 ;	genAssign
                            347 ;	genMove_o size 2 result type 2 source type 8 a_dead 1 hl_dead 1 de_dead 1 iy_dead 1 f_dead 1
                            348 ;	genMove_o size 2 result type 2 source type 2 a_dead 1 hl_dead 1 de_dead 1 iy_dead 1 f_dead 1
                            349 ;	genPointerGet
                            350 ;fetchPairLong
   012B 21 01 00      [10]  351 	ld	hl,#0x1
   012E 39            [11]  352 	add	hl,sp
                            353 ; common peephole 129a moved increment of hl to constant.
                            354 ;	_moveFrom_tpair_()
   012F 4E            [ 7]  355 	ld	c, (hl)
   0130 23            [ 6]  356 	inc	hl
                            357 ;	_moveFrom_tpair_()
   0131 46            [ 7]  358 	ld	b, (hl)
   0132 23            [ 6]  359 	inc	hl
                            360 ;	_moveFrom_tpair_()
   0133 5E            [ 7]  361 	ld	e, (hl)
   0134 23            [ 6]  362 	inc	hl
                            363 ;	_moveFrom_tpair_()
   0135 56            [ 7]  364 	ld	d, (hl)
                            365 ;	genCmpEq
                            366 ;	genMove_o size 1 result type 2 source type 2 a_dead 1 hl_dead 1 de_dead 0 iy_dead 0 f_dead 1
   0136 79            [ 4]  367 	ld	a, c
                            368 ;	genMove_o size 0 result type 2 source type 1 a_dead 1 hl_dead 1 de_dead 0 iy_dead 0 f_dead 1
   0137 D6 4A         [ 7]  369 	sub	a, #0x4a
   0139 B0            [ 4]  370 	or	a, b
   013A B3            [ 4]  371 	or	a, e
   013B B2            [ 4]  372 	or	a, d
                            373 ; common peephole 163 changed absolute to relative conditional jump.
   013C 28 11         [12]  374 	jr	z, 00106$
                            375 ; common peephole 81 removed jp by using inverse jump logic
                            376 ; common peephole 159 removed unused label 00134$.
                            377 ;	skipping generated iCode
                            378 ;	skipping iCode since result will be rematerialized
                            379 ;	skipping iCode since result will be rematerialized
                            380 ;	skipping iCode since result will be rematerialized
                            381 ;	skipping iCode since result will be rematerialized
                            382 ;	skipping iCode since result will be rematerialized
                            383 ;	skipping iCode since result will be rematerialized
                            384 ;	genIpush
                            385 ;	genMove_o size 2 result type 2 source type 1 a_dead 1 hl_dead 1 de_dead 1 iy_dead 1 f_dead 1
   013E 21 2D 00      [10]  386 	ld	hl, #0x002d
   0141 E5            [11]  387 	push	hl
                            388 ;	genIpush
                            389 ;	genMove_o size 2 result type 2 source type 7 a_dead 1 hl_dead 1 de_dead 1 iy_dead 1 f_dead 1
   0142 21r98s01      [10]  390 	ld	hl, #___str_7
   0145 E5            [11]  391 	push	hl
                            392 ;	genSend
                            393 ;	genMove_o size 2 result type 2 source type 7 a_dead 1 hl_dead 1 de_dead 1 iy_dead 1 f_dead 1
   0146 11rC0s01      [10]  394 	ld	de, #___str_8
                            395 ;	genSend
                            396 ;	genMove_o size 2 result type 2 source type 7 a_dead 1 hl_dead 1 de_dead 0 iy_dead 1 f_dead 1
   0149 21r7As01      [10]  397 	ld	hl, #___str_5
                            398 ;	genCall
   014C CDr00s00      [17]  399 	call	___fail
                            400 ;	genLabel
   014F                     401 00106$:
                            402 ;cases/structinit/structinit_type_long.c:46: ASSERT(sl.u == 0xa4a4);
                            403 ;	genPlus
                            404 ;	genMove_o size 2 result type 2 source type 10 a_dead 1 hl_dead 1 de_dead 1 iy_dead 1 f_dead 1
   014F 2Ar00s00      [16]  405 	ld	hl, (___numTests)
   0152 23            [ 6]  406 	inc	hl
                            407 ;	genMove_o size 2 result type 10 source type 2 a_dead 1 hl_dead 1 de_dead 1 iy_dead 1 f_dead 1
   0153 22r00s00      [16]  408 	ld	(___numTests), hl
                            409 ;	skipping iCode since result will be rematerialized
                            410 ;	genPointerGet
                            411 ;	genMove_o size 2 result type 2 source type 6 a_dead 1 hl_dead 1 de_dead 1 iy_dead 1 f_dead 1
   0156 DD 6E FE      [19]  412 	ld	l, -2 (ix)
   0159 DD 66 FF      [19]  413 	ld	h, -1 (ix)
                            414 ;	genMove_o size 0 result type 2 source type 1 a_dead 1 hl_dead 1 de_dead 1 iy_dead 1 f_dead 1
                            415 ;	genCmpEq
   015C 11 A4 A4      [10]  416 	ld	de, #0xa4a4
   015F BF            [ 4]  417 	cp	a, a
   0160 ED 52         [15]  418 	sbc	hl, de
                            419 ; common peephole 163 changed absolute to relative conditional jump.
   0162 28 11         [12]  420 	jr	z, 00101$
                            421 ; common peephole 81 removed jp by using inverse jump logic
                            422 ; common peephole 159 removed unused label 00135$.
                            423 ;	skipping generated iCode
                            424 ;	skipping iCode since result will be rematerialized
                            425 ;	skipping iCode since result will be rematerialized
                            426 ;	skipping iCode since result will be rematerialized
                            427 ;	skipping iCode since result will be rematerialized
                            428 ;	skipping iCode since result will be rematerialized
                            429 ;	skipping iCode since result will be rematerialized
                            430 ;	genIpush
                            431 ;	genMove_o size 2 result type 2 source type 1 a_dead 1 hl_dead 1 de_dead 1 iy_dead 1 f_dead 1
   0164 21 2E 00      [10]  432 	ld	hl, #0x002e
   0167 E5            [11]  433 	push	hl
                            434 ;	genIpush
                            435 ;	genMove_o size 2 result type 2 source type 7 a_dead 1 hl_dead 1 de_dead 1 iy_dead 1 f_dead 1
   0168 21r98s01      [10]  436 	ld	hl, #___str_7
   016B E5            [11]  437 	push	hl
                            438 ;	genSend
                            439 ;	genMove_o size 2 result type 2 source type 7 a_dead 1 hl_dead 1 de_dead 1 iy_dead 1 f_dead 1
   016C 11rCDs01      [10]  440 	ld	de, #___str_9
                            441 ;	genSend
                            442 ;	genMove_o size 2 result type 2 source type 7 a_dead 1 hl_dead 1 de_dead 0 iy_dead 1 f_dead 1
   016F 21r7As01      [10]  443 	ld	hl, #___str_5
                            444 ;	genCall
   0172 CDr00s00      [17]  445 	call	___fail
                            446 ;	genLabel
   0175                     447 00101$:
                            448 ;cases/structinit/structinit_type_long.c:47: }
                            449 ;	genEndFunction
   0175 DD F9         [10]  450 	ld	sp, ix
   0177 DD E1         [14]  451 	pop	ix
   0179 C9            [10]  452 	ret
                            453 ;	Total f1 function size at codegen: 7 bytes.
   017A                     454 ___str_5:
   017A 41 73 73 65 72 74   455 	.ascii "Assertion failed"
        69 6F 6E 20 66 61
        69 6C 65 64
   018A 00                  456 	.db 0x00
   018B                     457 ___str_6:
   018B 73 6C 2E 63 20 3D   458 	.ascii "sl.c == 0x44"
        3D 20 30 78 34 34
   0197 00                  459 	.db 0x00
   0198                     460 ___str_7:
   0198 63 61 73 65 73 2F   461 	.ascii "cases/structinit/structinit_type_long.c"
        73 74 72 75 63 74
        69 6E 69 74 2F 73
        74 72 75 63 74 69
        6E 69 74 5F 74 79
        70 65 5F 6C 6F 6E
        67 2E 63
   01BF 00                  462 	.db 0x00
   01C0                     463 ___str_8:
   01C0 73 6C 2E 74 20 3D   464 	.ascii "sl.t == 0x4a"
        3D 20 30 78 34 61
   01CC 00                  465 	.db 0x00
   01CD                     466 ___str_9:
   01CD 73 6C 2E 75 20 3D   467 	.ascii "sl.u == 0xa4a4"
        3D 20 30 78 61 34
        61 34
   01DB 00                  468 	.db 0x00
                            469 ;cases/structinit/structinit_type_long.c:49: void f2(void)
                            470 ;	genLabel
                            471 ;	genFunction
                            472 ;	---------------------------------
                            473 ; Function f2
                            474 ; ---------------------------------
                            475 ;	Register assignment might be sub-optimal.
                            476 ; Stack space usage: 2 bytes.
   01DC                     477 _f2::
   01DC DD E5         [15]  478 	push	ix
   01DE DD 21 00 00   [14]  479 	ld	ix,	#0
   01E2 DD 39         [15]  480 	add	ix, sp
                            481 ;	adjustStack by -2
   01E4 F5            [11]  482 	push	af
                            483 ;cases/structinit/structinit_type_long.c:51: union u ul = ug;
                            484 ;	skipping iCode since result will be rematerialized
                            485 ;	skipping iCode since result will be rematerialized
                            486 ;	skipping iCode since result will be rematerialized
                            487 ;	skipping iCode since result will be rematerialized
                            488 ;	genBuiltIn
                            489 ;	genMove_o size 2 result type 2 source type 8 a_dead 1 hl_dead 1 de_dead 1 iy_dead 1 f_dead 1
   01E5 21 00 00      [10]  490 	ld	hl, #0
   01E8 39            [11]  491 	add	hl, sp
   01E9 EB            [ 4]  492 	ex	de, hl
                            493 ;	genMove_o size 2 result type 2 source type 7 a_dead 1 hl_dead 1 de_dead 0 iy_dead 1 f_dead 1
   01EA 21r8Bs00      [10]  494 	ld	hl, #_ug
   01ED ED A0         [16]  495 	ldi
   01EF 7E            [ 7]  496 	ld	a, (hl)
   01F0 12            [ 7]  497 	ld	(de), a
                            498 ;	skipping generated iCode
                            499 ;	skipping generated iCode
                            500 ;	skipping generated iCode
                            501 ;cases/structinit/structinit_type_long.c:53: ASSERT(ug.i == 0xa555);
                            502 ;	genPlus
                            503 ;	genMove_o size 2 result type 2 source type 10 a_dead 1 hl_dead 1 de_dead 1 iy_dead 1 f_dead 1
   01F1 2Ar00s00      [16]  504 	ld	hl, (___numTests)
   01F4 23            [ 6]  505 	inc	hl
                            506 ;	genMove_o size 2 result type 10 source type 2 a_dead 1 hl_dead 1 de_dead 1 iy_dead 1 f_dead 1
   01F5 22r00s00      [16]  507 	ld	(___numTests), hl
                            508 ;	genPointerGet
   01F8 2Ar8Bs00      [16]  509 	ld	hl, (#_ug + 0)
                            510 ;	genCast
                            511 ;	(locations are the same)
                            512 ;	genCmpEq
   01FB 11 55 A5      [10]  513 	ld	de, #0xa555
   01FE BF            [ 4]  514 	cp	a, a
   01FF ED 52         [15]  515 	sbc	hl, de
                            516 ; common peephole 163 changed absolute to relative conditional jump.
   0201 28 11         [12]  517 	jr	z, 00101$
                            518 ; common peephole 81 removed jp by using inverse jump logic
                            519 ; common peephole 159 removed unused label 00113$.
                            520 ;	skipping generated iCode
                            521 ;	skipping iCode since result will be rematerialized
                            522 ;	skipping iCode since result will be rematerialized
                            523 ;	skipping iCode since result will be rematerialized
                            524 ;	skipping iCode since result will be rematerialized
                            525 ;	skipping iCode since result will be rematerialized
                            526 ;	skipping iCode since result will be rematerialized
                            527 ;	genIpush
                            528 ;	genMove_o size 2 result type 2 source type 1 a_dead 1 hl_dead 1 de_dead 1 iy_dead 1 f_dead 1
   0203 21 35 00      [10]  529 	ld	hl, #0x0035
   0206 E5            [11]  530 	push	hl
                            531 ;	genIpush
                            532 ;	genMove_o size 2 result type 2 source type 7 a_dead 1 hl_dead 1 de_dead 1 iy_dead 1 f_dead 1
   0207 21r39s02      [10]  533 	ld	hl, #___str_12
   020A E5            [11]  534 	push	hl
                            535 ;	genSend
                            536 ;	genMove_o size 2 result type 2 source type 7 a_dead 1 hl_dead 1 de_dead 1 iy_dead 1 f_dead 1
   020B 11r2As02      [10]  537 	ld	de, #___str_11
                            538 ;	genSend
                            539 ;	genMove_o size 2 result type 2 source type 7 a_dead 1 hl_dead 1 de_dead 0 iy_dead 1 f_dead 1
   020E 21r19s02      [10]  540 	ld	hl, #___str_10
                            541 ;	genCall
   0211 CDr00s00      [17]  542 	call	___fail
                            543 ;	genLabel
   0214                     544 00101$:
                            545 ;cases/structinit/structinit_type_long.c:54: }
                            546 ;	genEndFunction
   0214 DD F9         [10]  547 	ld	sp, ix
   0216 DD E1         [14]  548 	pop	ix
   0218 C9            [10]  549 	ret
                            550 ;	Total f2 function size at codegen: 5 bytes.
   0219                     551 ___str_10:
   0219 41 73 73 65 72 74   552 	.ascii "Assertion failed"
        69 6F 6E 20 66 61
        69 6C 65 64
   0229 00                  553 	.db 0x00
   022A                     554 ___str_11:
   022A 75 67 2E 69 20 3D   555 	.ascii "ug.i == 0xa555"
        3D 20 30 78 61 35
        35 35
   0238 00                  556 	.db 0x00
   0239                     557 ___str_12:
   0239 63 61 73 65 73 2F   558 	.ascii "cases/structinit/structinit_type_long.c"
        73 74 72 75 63 74
        69 6E 69 74 2F 73
        74 72 75 63 74 69
        6E 69 74 5F 74 79
        70 65 5F 6C 6F 6E
        67 2E 63
   0260 00                  559 	.db 0x00
                            560 ;cases/structinit/structinit_type_long.c:56: void f3(void)
                            561 ;	genLabel
                            562 ;	genFunction
                            563 ;	---------------------------------
                            564 ; Function f3
                            565 ; ---------------------------------
                            566 ;	Register assignment might be sub-optimal.
                            567 ; Stack space usage: 10 bytes.
   0261                     568 _f3::
   0261 DD E5         [15]  569 	push	ix
   0263 DD 21 00 00   [14]  570 	ld	ix,	#0
   0267 DD 39         [15]  571 	add	ix, sp
                            572 ;	adjustStack by -10
   0269 21 F6 FF      [10]  573 	ld	hl, #-10
   026C 39            [11]  574 	add	hl, sp
   026D F9            [ 6]  575 	ld	sp, hl
                            576 ;cases/structinit/structinit_type_long.c:58: struct S sl = {0x55, sg, ug};
                            577 ;	skipping iCode since result will be rematerialized
                            578 ;	skipping iCode since result will be rematerialized
                            579 ;	genPointerSet
                            580 ;	genMove_o size 1 result type 6 source type 1 a_dead 1 hl_dead 1 de_dead 1 iy_dead 1 f_dead 1
   026E DD 36 F6 55   [19]  581 	ld	-10 (ix), #0x55
                            582 ;	skipping iCode since result will be rematerialized
                            583 ;	skipping iCode since result will be rematerialized
                            584 ;	skipping iCode since result will be rematerialized
                            585 ;	skipping iCode since result will be rematerialized
                            586 ;	genBuiltIn
                            587 ;	genMove_o size 2 result type 2 source type 8 a_dead 1 hl_dead 1 de_dead 1 iy_dead 1 f_dead 1
   0272 21 01 00      [10]  588 	ld	hl, #1
   0275 39            [11]  589 	add	hl, sp
   0276 EB            [ 4]  590 	ex	de, hl
                            591 ;	genMove_o size 2 result type 2 source type 7 a_dead 1 hl_dead 1 de_dead 0 iy_dead 1 f_dead 1
   0277 21r00s00      [10]  592 	ld	hl, #_sg
                            593 ;fetchPairLong
   027A 01 07 00      [10]  594 	ld	bc, #0x0007
   027D ED B0         [21]  595 	ldir
                            596 ;	skipping generated iCode
                            597 ;	skipping generated iCode
                            598 ;	skipping generated iCode
                            599 ;	skipping iCode since result will be rematerialized
                            600 ;	skipping iCode since result will be rematerialized
                            601 ;	skipping iCode since result will be rematerialized
                            602 ;	skipping iCode since result will be rematerialized
                            603 ;	genBuiltIn
                            604 ;	genMove_o size 2 result type 2 source type 8 a_dead 1 hl_dead 1 de_dead 1 iy_dead 1 f_dead 1
   027F 21 08 00      [10]  605 	ld	hl, #8
   0282 39            [11]  606 	add	hl, sp
   0283 EB            [ 4]  607 	ex	de, hl
                            608 ;	genMove_o size 2 result type 2 source type 7 a_dead 1 hl_dead 1 de_dead 0 iy_dead 1 f_dead 1
   0284 21r8Bs00      [10]  609 	ld	hl, #_ug
   0287 ED A0         [16]  610 	ldi
   0289 7E            [ 7]  611 	ld	a, (hl)
   028A 12            [ 7]  612 	ld	(de), a
                            613 ;	skipping generated iCode
                            614 ;	skipping generated iCode
                            615 ;	skipping generated iCode
                            616 ;cases/structinit/structinit_type_long.c:60: ASSERT(sl.c == 0x55);
                            617 ;	genPlus
                            618 ;	genMove_o size 2 result type 2 source type 10 a_dead 1 hl_dead 1 de_dead 1 iy_dead 1 f_dead 1
   028B 2Ar00s00      [16]  619 	ld	hl, (___numTests)
   028E 23            [ 6]  620 	inc	hl
                            621 ;	genMove_o size 2 result type 10 source type 2 a_dead 1 hl_dead 1 de_dead 1 iy_dead 1 f_dead 1
   028F 22r00s00      [16]  622 	ld	(___numTests), hl
                            623 ;	genPointerGet
                            624 ;	genMove_o size 1 result type 2 source type 6 a_dead 1 hl_dead 1 de_dead 1 iy_dead 1 f_dead 1
   0292 DD 7E F6      [19]  625 	ld	a, -10 (ix)
                            626 ;	genMove_o size 0 result type 2 source type 1 a_dead 1 hl_dead 1 de_dead 1 iy_dead 1 f_dead 1
                            627 ;	genCmpEq
   0295 FE 55         [ 7]  628 	cp	a, #0x55
                            629 ; common peephole 163 changed absolute to relative conditional jump.
   0297 28 11         [12]  630 	jr	z, 00104$
                            631 ; common peephole 81 removed jp by using inverse jump logic
                            632 ; common peephole 159 removed unused label 00153$.
                            633 ;	skipping generated iCode
                            634 ;	skipping iCode since result will be rematerialized
                            635 ;	skipping iCode since result will be rematerialized
                            636 ;	skipping iCode since result will be rematerialized
                            637 ;	skipping iCode since result will be rematerialized
                            638 ;	skipping iCode since result will be rematerialized
                            639 ;	skipping iCode since result will be rematerialized
                            640 ;	genIpush
                            641 ;	genMove_o size 2 result type 2 source type 1 a_dead 1 hl_dead 1 de_dead 1 iy_dead 1 f_dead 1
   0299 21 3C 00      [10]  642 	ld	hl, #0x003c
   029C E5            [11]  643 	push	hl
                            644 ;	genIpush
                            645 ;	genMove_o size 2 result type 2 source type 7 a_dead 1 hl_dead 1 de_dead 1 iy_dead 1 f_dead 1
   029D 21r62s03      [10]  646 	ld	hl, #___str_15
   02A0 E5            [11]  647 	push	hl
                            648 ;	genSend
                            649 ;	genMove_o size 2 result type 2 source type 7 a_dead 1 hl_dead 1 de_dead 1 iy_dead 1 f_dead 1
   02A1 11r55s03      [10]  650 	ld	de, #___str_14
                            651 ;	genSend
                            652 ;	genMove_o size 2 result type 2 source type 7 a_dead 1 hl_dead 1 de_dead 0 iy_dead 1 f_dead 1
   02A4 21r44s03      [10]  653 	ld	hl, #___str_13
                            654 ;	genCall
   02A7 CDr00s00      [17]  655 	call	___fail
                            656 ;	genLabel
   02AA                     657 00104$:
                            658 ;cases/structinit/structinit_type_long.c:61: ASSERT(sl.s.c == 0x44);
                            659 ;	genPlus
                            660 ;	genMove_o size 2 result type 2 source type 10 a_dead 1 hl_dead 1 de_dead 1 iy_dead 1 f_dead 1
   02AA 2Ar00s00      [16]  661 	ld	hl, (___numTests)
   02AD 23            [ 6]  662 	inc	hl
                            663 ;	genMove_o size 2 result type 10 source type 2 a_dead 1 hl_dead 1 de_dead 1 iy_dead 1 f_dead 1
   02AE 22r00s00      [16]  664 	ld	(___numTests), hl
                            665 ;	skipping iCode since result will be rematerialized
                            666 ;	genPointerGet
                            667 ;	genMove_o size 1 result type 2 source type 6 a_dead 1 hl_dead 1 de_dead 1 iy_dead 1 f_dead 1
   02B1 DD 7E F7      [19]  668 	ld	a, -9 (ix)
                            669 ;	genMove_o size 0 result type 2 source type 1 a_dead 1 hl_dead 1 de_dead 1 iy_dead 1 f_dead 1
                            670 ;	genCmpEq
   02B4 FE 44         [ 7]  671 	cp	a, #0x44
                            672 ; common peephole 163 changed absolute to relative conditional jump.
   02B6 28 11         [12]  673 	jr	z, 00106$
                            674 ; common peephole 81 removed jp by using inverse jump logic
                            675 ; common peephole 159 removed unused label 00154$.
                            676 ;	skipping generated iCode
                            677 ;	skipping iCode since result will be rematerialized
                            678 ;	skipping iCode since result will be rematerialized
                            679 ;	skipping iCode since result will be rematerialized
                            680 ;	skipping iCode since result will be rematerialized
                            681 ;	skipping iCode since result will be rematerialized
                            682 ;	skipping iCode since result will be rematerialized
                            683 ;	genIpush
                            684 ;	genMove_o size 2 result type 2 source type 1 a_dead 1 hl_dead 1 de_dead 1 iy_dead 1 f_dead 1
   02B8 21 3D 00      [10]  685 	ld	hl, #0x003d
   02BB E5            [11]  686 	push	hl
                            687 ;	genIpush
                            688 ;	genMove_o size 2 result type 2 source type 7 a_dead 1 hl_dead 1 de_dead 1 iy_dead 1 f_dead 1
   02BC 21r62s03      [10]  689 	ld	hl, #___str_15
   02BF E5            [11]  690 	push	hl
                            691 ;	genSend
                            692 ;	genMove_o size 2 result type 2 source type 7 a_dead 1 hl_dead 1 de_dead 1 iy_dead 1 f_dead 1
   02C0 11r8As03      [10]  693 	ld	de, #___str_16
                            694 ;	genSend
                            695 ;	genMove_o size 2 result type 2 source type 7 a_dead 1 hl_dead 1 de_dead 0 iy_dead 1 f_dead 1
   02C3 21r44s03      [10]  696 	ld	hl, #___str_13
                            697 ;	genCall
   02C6 CDr00s00      [17]  698 	call	___fail
                            699 ;	genLabel
   02C9                     700 00106$:
                            701 ;cases/structinit/structinit_type_long.c:62: ASSERT(sl.s.t == 0x4a);
                            702 ;	genPlus
                            703 ;	genMove_o size 2 result type 2 source type 10 a_dead 1 hl_dead 1 de_dead 1 iy_dead 1 f_dead 1
   02C9 2Ar00s00      [16]  704 	ld	hl, (___numTests)
   02CC 23            [ 6]  705 	inc	hl
                            706 ;	genMove_o size 2 result type 10 source type 2 a_dead 1 hl_dead 1 de_dead 1 iy_dead 1 f_dead 1
   02CD 22r00s00      [16]  707 	ld	(___numTests), hl
                            708 ;	skipping iCode since result will be rematerialized
                            709 ;	genPointerGet
                            710 ;	genMove_o size 4 result type 2 source type 6 a_dead 1 hl_dead 1 de_dead 1 iy_dead 1 f_dead 1
   02D0 E1            [10]  711 	pop	hl
   02D1 C1            [10]  712 	pop	bc
   02D2 C5            [11]  713 	push	bc
   02D3 E5            [11]  714 	push	hl
   02D4 DD 5E FA      [19]  715 	ld	e, -6 (ix)
   02D7 DD 56 FB      [19]  716 	ld	d, -5 (ix)
                            717 ;	genMove_o size 0 result type 2 source type 1 a_dead 1 hl_dead 1 de_dead 1 iy_dead 1 f_dead 1
                            718 ;	genCmpEq
                            719 ;	genMove_o size 1 result type 2 source type 2 a_dead 1 hl_dead 1 de_dead 0 iy_dead 0 f_dead 1
   02DA 79            [ 4]  720 	ld	a, c
                            721 ;	genMove_o size 0 result type 2 source type 1 a_dead 1 hl_dead 1 de_dead 0 iy_dead 0 f_dead 1
   02DB D6 4A         [ 7]  722 	sub	a, #0x4a
   02DD B0            [ 4]  723 	or	a, b
   02DE B3            [ 4]  724 	or	a, e
   02DF B2            [ 4]  725 	or	a, d
                            726 ; common peephole 163 changed absolute to relative conditional jump.
   02E0 28 11         [12]  727 	jr	z, 00108$
                            728 ; common peephole 81 removed jp by using inverse jump logic
                            729 ; common peephole 159 removed unused label 00155$.
                            730 ;	skipping generated iCode
                            731 ;	skipping iCode since result will be rematerialized
                            732 ;	skipping iCode since result will be rematerialized
                            733 ;	skipping iCode since result will be rematerialized
                            734 ;	skipping iCode since result will be rematerialized
                            735 ;	skipping iCode since result will be rematerialized
                            736 ;	skipping iCode since result will be rematerialized
                            737 ;	genIpush
                            738 ;	genMove_o size 2 result type 2 source type 1 a_dead 1 hl_dead 1 de_dead 1 iy_dead 1 f_dead 1
   02E2 21 3E 00      [10]  739 	ld	hl, #0x003e
   02E5 E5            [11]  740 	push	hl
                            741 ;	genIpush
                            742 ;	genMove_o size 2 result type 2 source type 7 a_dead 1 hl_dead 1 de_dead 1 iy_dead 1 f_dead 1
   02E6 21r62s03      [10]  743 	ld	hl, #___str_15
   02E9 E5            [11]  744 	push	hl
                            745 ;	genSend
                            746 ;	genMove_o size 2 result type 2 source type 7 a_dead 1 hl_dead 1 de_dead 1 iy_dead 1 f_dead 1
   02EA 11r99s03      [10]  747 	ld	de, #___str_17
                            748 ;	genSend
                            749 ;	genMove_o size 2 result type 2 source type 7 a_dead 1 hl_dead 1 de_dead 0 iy_dead 1 f_dead 1
   02ED 21r44s03      [10]  750 	ld	hl, #___str_13
                            751 ;	genCall
   02F0 CDr00s00      [17]  752 	call	___fail
                            753 ;	genLabel
   02F3                     754 00108$:
                            755 ;cases/structinit/structinit_type_long.c:63: ASSERT(sl.s.u == 0xa4a4);
                            756 ;	genPlus
                            757 ;	genMove_o size 2 result type 2 source type 10 a_dead 1 hl_dead 1 de_dead 1 iy_dead 1 f_dead 1
   02F3 2Ar00s00      [16]  758 	ld	hl, (___numTests)
   02F6 23            [ 6]  759 	inc	hl
                            760 ;	genMove_o size 2 result type 10 source type 2 a_dead 1 hl_dead 1 de_dead 1 iy_dead 1 f_dead 1
   02F7 22r00s00      [16]  761 	ld	(___numTests), hl
                            762 ;	skipping iCode since result will be rematerialized
                            763 ;	genPointerGet
                            764 ;	genMove_o size 2 result type 2 source type 6 a_dead 1 hl_dead 1 de_dead 1 iy_dead 1 f_dead 1
   02FA DD 6E FC      [19]  765 	ld	l, -4 (ix)
   02FD DD 66 FD      [19]  766 	ld	h, -3 (ix)
                            767 ;	genMove_o size 0 result type 2 source type 1 a_dead 1 hl_dead 1 de_dead 1 iy_dead 1 f_dead 1
                            768 ;	genCmpEq
   0300 11 A4 A4      [10]  769 	ld	de, #0xa4a4
   0303 BF            [ 4]  770 	cp	a, a
   0304 ED 52         [15]  771 	sbc	hl, de
                            772 ; common peephole 163 changed absolute to relative conditional jump.
   0306 28 11         [12]  773 	jr	z, 00110$
                            774 ; common peephole 81 removed jp by using inverse jump logic
                            775 ; common peephole 159 removed unused label 00156$.
                            776 ;	skipping generated iCode
                            777 ;	skipping iCode since result will be rematerialized
                            778 ;	skipping iCode since result will be rematerialized
                            779 ;	skipping iCode since result will be rematerialized
                            780 ;	skipping iCode since result will be rematerialized
                            781 ;	skipping iCode since result will be rematerialized
                            782 ;	skipping iCode since result will be rematerialized
                            783 ;	genIpush
                            784 ;	genMove_o size 2 result type 2 source type 1 a_dead 1 hl_dead 1 de_dead 1 iy_dead 1 f_dead 1
   0308 21 3F 00      [10]  785 	ld	hl, #0x003f
   030B E5            [11]  786 	push	hl
                            787 ;	genIpush
                            788 ;	genMove_o size 2 result type 2 source type 7 a_dead 1 hl_dead 1 de_dead 1 iy_dead 1 f_dead 1
   030C 21r62s03      [10]  789 	ld	hl, #___str_15
   030F E5            [11]  790 	push	hl
                            791 ;	genSend
                            792 ;	genMove_o size 2 result type 2 source type 7 a_dead 1 hl_dead 1 de_dead 1 iy_dead 1 f_dead 1
   0310 11rA8s03      [10]  793 	ld	de, #___str_18
                            794 ;	genSend
                            795 ;	genMove_o size 2 result type 2 source type 7 a_dead 1 hl_dead 1 de_dead 0 iy_dead 1 f_dead 1
   0313 21r44s03      [10]  796 	ld	hl, #___str_13
                            797 ;	genCall
   0316 CDr00s00      [17]  798 	call	___fail
                            799 ;	genLabel
   0319                     800 00110$:
                            801 ;cases/structinit/structinit_type_long.c:64: ASSERT(sl.u.i == 0xa555);
                            802 ;	genPlus
                            803 ;	genMove_o size 2 result type 2 source type 10 a_dead 1 hl_dead 1 de_dead 1 iy_dead 1 f_dead 1
   0319 2Ar00s00      [16]  804 	ld	hl, (___numTests)
   031C 23            [ 6]  805 	inc	hl
                            806 ;	genMove_o size 2 result type 10 source type 2 a_dead 1 hl_dead 1 de_dead 1 iy_dead 1 f_dead 1
   031D 22r00s00      [16]  807 	ld	(___numTests), hl
                            808 ;	skipping iCode since result will be rematerialized
                            809 ;	genPointerGet
                            810 ;	genMove_o size 2 result type 2 source type 6 a_dead 1 hl_dead 1 de_dead 1 iy_dead 1 f_dead 1
   0320 DD 6E FE      [19]  811 	ld	l, -2 (ix)
   0323 DD 66 FF      [19]  812 	ld	h, -1 (ix)
                            813 ;	genMove_o size 0 result type 2 source type 1 a_dead 1 hl_dead 1 de_dead 1 iy_dead 1 f_dead 1
                            814 ;	genCast
                            815 ;	(locations are the same)
                            816 ;	genCmpEq
   0326 11 55 A5      [10]  817 	ld	de, #0xa555
   0329 BF            [ 4]  818 	cp	a, a
   032A ED 52         [15]  819 	sbc	hl, de
                            820 ; common peephole 163 changed absolute to relative conditional jump.
   032C 28 11         [12]  821 	jr	z, 00101$
                            822 ; common peephole 81 removed jp by using inverse jump logic
                            823 ; common peephole 159 removed unused label 00157$.
                            824 ;	skipping generated iCode
                            825 ;	skipping iCode since result will be rematerialized
                            826 ;	skipping iCode since result will be rematerialized
                            827 ;	skipping iCode since result will be rematerialized
                            828 ;	skipping iCode since result will be rematerialized
                            829 ;	skipping iCode since result will be rematerialized
                            830 ;	skipping iCode since result will be rematerialized
                            831 ;	genIpush
                            832 ;	genMove_o size 2 result type 2 source type 1 a_dead 1 hl_dead 1 de_dead 1 iy_dead 1 f_dead 1
   032E 21 40 00      [10]  833 	ld	hl, #0x0040
   0331 E5            [11]  834 	push	hl
                            835 ;	genIpush
                            836 ;	genMove_o size 2 result type 2 source type 7 a_dead 1 hl_dead 1 de_dead 1 iy_dead 1 f_dead 1
   0332 21r62s03      [10]  837 	ld	hl, #___str_15
   0335 E5            [11]  838 	push	hl
                            839 ;	genSend
                            840 ;	genMove_o size 2 result type 2 source type 7 a_dead 1 hl_dead 1 de_dead 1 iy_dead 1 f_dead 1
   0336 11rB9s03      [10]  841 	ld	de, #___str_19
                            842 ;	genSend
                            843 ;	genMove_o size 2 result type 2 source type 7 a_dead 1 hl_dead 1 de_dead 0 iy_dead 1 f_dead 1
   0339 21r44s03      [10]  844 	ld	hl, #___str_13
                            845 ;	genCall
   033C CDr00s00      [17]  846 	call	___fail
                            847 ;	genLabel
   033F                     848 00101$:
                            849 ;cases/structinit/structinit_type_long.c:65: }
                            850 ;	genEndFunction
   033F DD F9         [10]  851 	ld	sp, ix
   0341 DD E1         [14]  852 	pop	ix
   0343 C9            [10]  853 	ret
                            854 ;	Total f3 function size at codegen: 7 bytes.
   0344                     855 ___str_13:
   0344 41 73 73 65 72 74   856 	.ascii "Assertion failed"
        69 6F 6E 20 66 61
        69 6C 65 64
   0354 00                  857 	.db 0x00
   0355                     858 ___str_14:
   0355 73 6C 2E 63 20 3D   859 	.ascii "sl.c == 0x55"
        3D 20 30 78 35 35
   0361 00                  860 	.db 0x00
   0362                     861 ___str_15:
   0362 63 61 73 65 73 2F   862 	.ascii "cases/structinit/structinit_type_long.c"
        73 74 72 75 63 74
        69 6E 69 74 2F 73
        74 72 75 63 74 69
        6E 69 74 5F 74 79
        70 65 5F 6C 6F 6E
        67 2E 63
   0389 00                  863 	.db 0x00
   038A                     864 ___str_16:
   038A 73 6C 2E 73 2E 63   865 	.ascii "sl.s.c == 0x44"
        20 3D 3D 20 30 78
        34 34
   0398 00                  866 	.db 0x00
   0399                     867 ___str_17:
   0399 73 6C 2E 73 2E 74   868 	.ascii "sl.s.t == 0x4a"
        20 3D 3D 20 30 78
        34 61
   03A7 00                  869 	.db 0x00
   03A8                     870 ___str_18:
   03A8 73 6C 2E 73 2E 75   871 	.ascii "sl.s.u == 0xa4a4"
        20 3D 3D 20 30 78
        61 34 61 34
   03B8 00                  872 	.db 0x00
   03B9                     873 ___str_19:
   03B9 73 6C 2E 75 2E 69   874 	.ascii "sl.u.i == 0xa555"
        20 3D 3D 20 30 78
        61 35 35 35
   03C9 00                  875 	.db 0x00
                            876 ;cases/structinit/structinit_type_long.c:67: void f4(void)
                            877 ;	genLabel
                            878 ;	genFunction
                            879 ;	---------------------------------
                            880 ; Function f4
                            881 ; ---------------------------------
                            882 ;	Register assignment might be sub-optimal.
                            883 ; Stack space usage: 14 bytes.
   03CA                     884 _f4::
   03CA DD E5         [15]  885 	push	ix
   03CC DD 21 00 00   [14]  886 	ld	ix,	#0
   03D0 DD 39         [15]  887 	add	ix, sp
                            888 ;	adjustStack by -14
   03D2 21 F2 FF      [10]  889 	ld	hl, #-14
   03D5 39            [11]  890 	add	hl, sp
                            891 ;cases/structinit/structinit_type_long.c:69: struct s sl0 = sg;
                            892 ;	genAddrOf
   03D6 F9            [ 6]  893 	ld	sp, hl
                            894 ; common peephole 9c reused value still in hl.
                            895 ;	genCast
                            896 ;	genMove_o size 2 result type 2 source type 2 a_dead 1 hl_dead 0 de_dead 1 iy_dead 1 f_dead 1
   03D7 5D            [ 4]  897 	ld	e, l
   03D8 54            [ 4]  898 	ld	d, h
                            899 ;	genMove_o size 0 result type 2 source type 1 a_dead 1 hl_dead 0 de_dead 1 iy_dead 1 f_dead 1
                            900 ;	skipping iCode since result will be rematerialized
                            901 ;	skipping iCode since result will be rematerialized
                            902 ;	genBuiltIn
   03D9 E5            [11]  903 	push	hl
   03DA D5            [11]  904 	push	de
                            905 ;	genMove_o size 2 result type 2 source type 2 a_dead 1 hl_dead 1 de_dead 1 iy_dead 1 f_dead 1
                            906 ;	genMove_o size 2 result type 2 source type 7 a_dead 1 hl_dead 1 de_dead 0 iy_dead 1 f_dead 1
   03DB 21r00s00      [10]  907 	ld	hl, #_sg
                            908 ;fetchPairLong
   03DE 01 07 00      [10]  909 	ld	bc, #0x0007
   03E1 ED B0         [21]  910 	ldir
   03E3 D1            [10]  911 	pop	de
   03E4 E1            [10]  912 	pop	hl
                            913 ;	skipping generated iCode
                            914 ;	skipping generated iCode
                            915 ;	skipping generated iCode
                            916 ;cases/structinit/structinit_type_long.c:70: sl0.t = 0x5a;
                            917 ;	genPlus
   03E5 23            [ 6]  918 	inc	hl
                            919 ;	genPointerSet
                            920 ;	genMove_o size 2 result type 2 source type 2 a_dead 1 hl_dead 1 de_dead 0 iy_dead 1 f_dead 1
   03E6 36 5A         [10]  921 	ld	(hl), #0x5a
   03E8 23            [ 6]  922 	inc	hl
   03E9 AF            [ 4]  923 	xor	a, a
   03EA 77            [ 7]  924 	ld	(hl), a
   03EB 23            [ 6]  925 	inc	hl
   03EC 77            [ 7]  926 	ld	(hl), a
   03ED 23            [ 6]  927 	inc	hl
   03EE 77            [ 7]  928 	ld	(hl), a
                            929 ;cases/structinit/structinit_type_long.c:71: struct s sl1 = sl0;
                            930 ;	skipping iCode since result will be rematerialized
                            931 ;	genCast
                            932 ;	genMove_o size 2 result type 2 source type 8 a_dead 1 hl_dead 1 de_dead 0 iy_dead 1 f_dead 1
   03EF 21 07 00      [10]  933 	ld	hl, #7
   03F2 39            [11]  934 	add	hl, sp
                            935 ;	genMove_o size 2 result type 2 source type 2 a_dead 1 hl_dead 1 de_dead 0 iy_dead 1 f_dead 1
                            936 ;	genBuiltIn
   03F3 EB            [ 4]  937 	ex	de, hl
                            938 ;fetchPairLong
   03F4 01 07 00      [10]  939 	ld	bc, #0x0007
   03F7 ED B0         [21]  940 	ldir
                            941 ;	skipping generated iCode
                            942 ;	skipping generated iCode
                            943 ;	skipping generated iCode
                            944 ;cases/structinit/structinit_type_long.c:73: ASSERT(sl1.c == 0x44);
                            945 ;	genPlus
                            946 ;	genMove_o size 2 result type 2 source type 10 a_dead 1 hl_dead 1 de_dead 1 iy_dead 1 f_dead 1
   03F9 2Ar00s00      [16]  947 	ld	hl, (___numTests)
   03FC 23            [ 6]  948 	inc	hl
                            949 ;	genMove_o size 2 result type 10 source type 2 a_dead 1 hl_dead 1 de_dead 1 iy_dead 1 f_dead 1
   03FD 22r00s00      [16]  950 	ld	(___numTests), hl
                            951 ;	genPointerGet
                            952 ;	genMove_o size 1 result type 2 source type 6 a_dead 1 hl_dead 1 de_dead 1 iy_dead 1 f_dead 1
   0400 DD 7E F9      [19]  953 	ld	a, -7 (ix)
                            954 ;	genMove_o size 0 result type 2 source type 1 a_dead 1 hl_dead 1 de_dead 1 iy_dead 1 f_dead 1
                            955 ;	genCmpEq
   0403 FE 44         [ 7]  956 	cp	a, #0x44
                            957 ; common peephole 163 changed absolute to relative conditional jump.
   0405 28 11         [12]  958 	jr	z, 00104$
                            959 ; common peephole 81 removed jp by using inverse jump logic
                            960 ; common peephole 159 removed unused label 00133$.
                            961 ;	skipping generated iCode
                            962 ;	skipping iCode since result will be rematerialized
                            963 ;	skipping iCode since result will be rematerialized
                            964 ;	skipping iCode since result will be rematerialized
                            965 ;	skipping iCode since result will be rematerialized
                            966 ;	skipping iCode since result will be rematerialized
                            967 ;	skipping iCode since result will be rematerialized
                            968 ;	genIpush
                            969 ;	genMove_o size 2 result type 2 source type 1 a_dead 1 hl_dead 1 de_dead 1 iy_dead 1 f_dead 1
   0407 21 49 00      [10]  970 	ld	hl, #0x0049
   040A E5            [11]  971 	push	hl
                            972 ;	genIpush
                            973 ;	genMove_o size 2 result type 2 source type 7 a_dead 1 hl_dead 1 de_dead 1 iy_dead 1 f_dead 1
   040B 21r8Ds04      [10]  974 	ld	hl, #___str_22
   040E E5            [11]  975 	push	hl
                            976 ;	genSend
                            977 ;	genMove_o size 2 result type 2 source type 7 a_dead 1 hl_dead 1 de_dead 1 iy_dead 1 f_dead 1
   040F 11r7Fs04      [10]  978 	ld	de, #___str_21
                            979 ;	genSend
                            980 ;	genMove_o size 2 result type 2 source type 7 a_dead 1 hl_dead 1 de_dead 0 iy_dead 1 f_dead 1
   0412 21r6Es04      [10]  981 	ld	hl, #___str_20
                            982 ;	genCall
   0415 CDr00s00      [17]  983 	call	___fail
                            984 ;	genLabel
   0418                     985 00104$:
                            986 ;cases/structinit/structinit_type_long.c:74: ASSERT(sl1.t == 0x5a);
                            987 ;	genPlus
                            988 ;	genMove_o size 2 result type 2 source type 10 a_dead 1 hl_dead 1 de_dead 1 iy_dead 1 f_dead 1
   0418 2Ar00s00      [16]  989 	ld	hl, (___numTests)
   041B 23            [ 6]  990 	inc	hl
                            991 ;	genMove_o size 2 result type 10 source type 2 a_dead 1 hl_dead 1 de_dead 1 iy_dead 1 f_dead 1
   041C 22r00s00      [16]  992 	ld	(___numTests), hl
                            993 ;	genAssign
                            994 ;	genMove_o size 2 result type 2 source type 8 a_dead 1 hl_dead 1 de_dead 1 iy_dead 1 f_dead 1
                            995 ;	genMove_o size 2 result type 2 source type 2 a_dead 1 hl_dead 1 de_dead 1 iy_dead 1 f_dead 1
                            996 ;	genPointerGet
                            997 ;fetchPairLong
   041F 21 08 00      [10]  998 	ld	hl,#0x8
   0422 39            [11]  999 	add	hl,sp
                           1000 ; common peephole 129a moved increment of hl to constant.
                           1001 ;	_moveFrom_tpair_()
   0423 4E            [ 7] 1002 	ld	c, (hl)
   0424 23            [ 6] 1003 	inc	hl
                           1004 ;	_moveFrom_tpair_()
   0425 46            [ 7] 1005 	ld	b, (hl)
   0426 23            [ 6] 1006 	inc	hl
                           1007 ;	_moveFrom_tpair_()
   0427 5E            [ 7] 1008 	ld	e, (hl)
   0428 23            [ 6] 1009 	inc	hl
                           1010 ;	_moveFrom_tpair_()
   0429 56            [ 7] 1011 	ld	d, (hl)
                           1012 ;	genCmpEq
                           1013 ;	genMove_o size 1 result type 2 source type 2 a_dead 1 hl_dead 1 de_dead 0 iy_dead 0 f_dead 1
   042A 79            [ 4] 1014 	ld	a, c
                           1015 ;	genMove_o size 0 result type 2 source type 1 a_dead 1 hl_dead 1 de_dead 0 iy_dead 0 f_dead 1
   042B D6 5A         [ 7] 1016 	sub	a, #0x5a
   042D B0            [ 4] 1017 	or	a, b
   042E B3            [ 4] 1018 	or	a, e
   042F B2            [ 4] 1019 	or	a, d
                           1020 ; common peephole 163 changed absolute to relative conditional jump.
   0430 28 11         [12] 1021 	jr	z, 00106$
                           1022 ; common peephole 81 removed jp by using inverse jump logic
                           1023 ; common peephole 159 removed unused label 00134$.
                           1024 ;	skipping generated iCode
                           1025 ;	skipping iCode since result will be rematerialized
                           1026 ;	skipping iCode since result will be rematerialized
                           1027 ;	skipping iCode since result will be rematerialized
                           1028 ;	skipping iCode since result will be rematerialized
                           1029 ;	skipping iCode since result will be rematerialized
                           1030 ;	skipping iCode since result will be rematerialized
                           1031 ;	genIpush
                           1032 ;	genMove_o size 2 result type 2 source type 1 a_dead 1 hl_dead 1 de_dead 1 iy_dead 1 f_dead 1
   0432 21 4A 00      [10] 1033 	ld	hl, #0x004a
   0435 E5            [11] 1034 	push	hl
                           1035 ;	genIpush
                           1036 ;	genMove_o size 2 result type 2 source type 7 a_dead 1 hl_dead 1 de_dead 1 iy_dead 1 f_dead 1
   0436 21r8Ds04      [10] 1037 	ld	hl, #___str_22
   0439 E5            [11] 1038 	push	hl
                           1039 ;	genSend
                           1040 ;	genMove_o size 2 result type 2 source type 7 a_dead 1 hl_dead 1 de_dead 1 iy_dead 1 f_dead 1
   043A 11rB5s04      [10] 1041 	ld	de, #___str_23
                           1042 ;	genSend
                           1043 ;	genMove_o size 2 result type 2 source type 7 a_dead 1 hl_dead 1 de_dead 0 iy_dead 1 f_dead 1
   043D 21r6Es04      [10] 1044 	ld	hl, #___str_20
                           1045 ;	genCall
   0440 CDr00s00      [17] 1046 	call	___fail
                           1047 ;	genLabel
   0443                    1048 00106$:
                           1049 ;cases/structinit/structinit_type_long.c:75: ASSERT(sl1.u == 0xa4a4);
                           1050 ;	genPlus
                           1051 ;	genMove_o size 2 result type 2 source type 10 a_dead 1 hl_dead 1 de_dead 1 iy_dead 1 f_dead 1
   0443 2Ar00s00      [16] 1052 	ld	hl, (___numTests)
   0446 23            [ 6] 1053 	inc	hl
                           1054 ;	genMove_o size 2 result type 10 source type 2 a_dead 1 hl_dead 1 de_dead 1 iy_dead 1 f_dead 1
   0447 22r00s00      [16] 1055 	ld	(___numTests), hl
                           1056 ;	skipping iCode since result will be rematerialized
                           1057 ;	genPointerGet
                           1058 ;	genMove_o size 2 result type 2 source type 6 a_dead 1 hl_dead 1 de_dead 1 iy_dead 1 f_dead 1
   044A DD 6E FE      [19] 1059 	ld	l, -2 (ix)
   044D DD 66 FF      [19] 1060 	ld	h, -1 (ix)
                           1061 ;	genMove_o size 0 result type 2 source type 1 a_dead 1 hl_dead 1 de_dead 1 iy_dead 1 f_dead 1
                           1062 ;	genCmpEq
   0450 11 A4 A4      [10] 1063 	ld	de, #0xa4a4
   0453 BF            [ 4] 1064 	cp	a, a
   0454 ED 52         [15] 1065 	sbc	hl, de
                           1066 ; common peephole 163 changed absolute to relative conditional jump.
   0456 28 11         [12] 1067 	jr	z, 00101$
                           1068 ; common peephole 81 removed jp by using inverse jump logic
                           1069 ; common peephole 159 removed unused label 00135$.
                           1070 ;	skipping generated iCode
                           1071 ;	skipping iCode since result will be rematerialized
                           1072 ;	skipping iCode since result will be rematerialized
                           1073 ;	skipping iCode since result will be rematerialized
                           1074 ;	skipping iCode since result will be rematerialized
                           1075 ;	skipping iCode since result will be rematerialized
                           1076 ;	skipping iCode since result will be rematerialized
                           1077 ;	genIpush
                           1078 ;	genMove_o size 2 result type 2 source type 1 a_dead 1 hl_dead 1 de_dead 1 iy_dead 1 f_dead 1
   0458 21 4B 00      [10] 1079 	ld	hl, #0x004b
   045B E5            [11] 1080 	push	hl
                           1081 ;	genIpush
                           1082 ;	genMove_o size 2 result type 2 source type 7 a_dead 1 hl_dead 1 de_dead 1 iy_dead 1 f_dead 1
   045C 21r8Ds04      [10] 1083 	ld	hl, #___str_22
   045F E5            [11] 1084 	push	hl
                           1085 ;	genSend
                           1086 ;	genMove_o size 2 result type 2 source type 7 a_dead 1 hl_dead 1 de_dead 1 iy_dead 1 f_dead 1
   0460 11rC3s04      [10] 1087 	ld	de, #___str_24
                           1088 ;	genSend
                           1089 ;	genMove_o size 2 result type 2 source type 7 a_dead 1 hl_dead 1 de_dead 0 iy_dead 1 f_dead 1
   0463 21r6Es04      [10] 1090 	ld	hl, #___str_20
                           1091 ;	genCall
   0466 CDr00s00      [17] 1092 	call	___fail
                           1093 ;	genLabel
   0469                    1094 00101$:
                           1095 ;cases/structinit/structinit_type_long.c:76: }
                           1096 ;	genEndFunction
   0469 DD F9         [10] 1097 	ld	sp, ix
   046B DD E1         [14] 1098 	pop	ix
   046D C9            [10] 1099 	ret
                           1100 ;	Total f4 function size at codegen: 9 bytes.
   046E                    1101 ___str_20:
   046E 41 73 73 65 72 74  1102 	.ascii "Assertion failed"
        69 6F 6E 20 66 61
        69 6C 65 64
   047E 00                 1103 	.db 0x00
   047F                    1104 ___str_21:
   047F 73 6C 31 2E 63 20  1105 	.ascii "sl1.c == 0x44"
        3D 3D 20 30 78 34
        34
   048C 00                 1106 	.db 0x00
   048D                    1107 ___str_22:
   048D 63 61 73 65 73 2F  1108 	.ascii "cases/structinit/structinit_type_long.c"
        73 74 72 75 63 74
        69 6E 69 74 2F 73
        74 72 75 63 74 69
        6E 69 74 5F 74 79
        70 65 5F 6C 6F 6E
        67 2E 63
   04B4 00                 1109 	.db 0x00
   04B5                    1110 ___str_23:
   04B5 73 6C 31 2E 74 20  1111 	.ascii "sl1.t == 0x5a"
        3D 3D 20 30 78 35
        61
   04C2 00                 1112 	.db 0x00
   04C3                    1113 ___str_24:
   04C3 73 6C 31 2E 75 20  1114 	.ascii "sl1.u == 0xa4a4"
        3D 3D 20 30 78 61
        34 61 34
   04D2 00                 1115 	.db 0x00
                           1116 ;cases/structinit/structinit_type_long.c:78: void testStructInit(void)
                           1117 ;	genLabel
                           1118 ;	genFunction
                           1119 ;	---------------------------------
                           1120 ; Function testStructInit
                           1121 ; ---------------------------------
                           1122 ;	Register assignment might be sub-optimal.
                           1123 ; Stack space usage: 0 bytes.
   04D3                    1124 _testStructInit::
                           1125 ;cases/structinit/structinit_type_long.c:80: f0();
                           1126 ;	genCall
   04D3 CDr00s00      [17] 1127 	call	_f0
                           1128 ;cases/structinit/structinit_type_long.c:81: sg.c = 0x44; sg.t = 0x4a; sg.u = 0xa4a4;
                           1129 ;	skipping iCode since result will be rematerialized
                           1130 ;	genPointerSet
                           1131 ;	genMove_o size 2 result type 2 source type 7 a_dead 1 hl_dead 1 de_dead 1 iy_dead 1 f_dead 1
   04D6 21r00s00      [10] 1132 	ld	hl, #_sg
   04D9 36 44         [10] 1133 	ld	(hl), #0x44
                           1134 ;	skipping iCode since result will be rematerialized
                           1135 ;	genPointerSet
                           1136 ;fetchPairLong
   04DB 21 4A 00      [10] 1137 	ld	hl, #0x004a
   04DE 22r01s00      [16] 1138 	ld	((_sg + 1)), hl
                           1139 ;fetchPairLong
   04E1 6C            [ 4] 1140 	ld	l, h
   04E2 22r03s00      [16] 1141 	ld	((_sg + 1)+2), hl
                           1142 ;	skipping iCode since result will be rematerialized
                           1143 ;	genPointerSet
                           1144 ;fetchPairLong
   04E5 21 A4 A4      [10] 1145 	ld	hl, #0xa4a4
   04E8 22r05s00      [16] 1146 	ld	((_sg + 5)), hl
                           1147 ;cases/structinit/structinit_type_long.c:82: f1();
                           1148 ;	genCall
   04EB CDrEFs00      [17] 1149 	call	_f1
                           1150 ;cases/structinit/structinit_type_long.c:83: f3();
                           1151 ;	genCall
   04EE CDr61s02      [17] 1152 	call	_f3
                           1153 ;cases/structinit/structinit_type_long.c:84: f4();
                           1154 ;	genCall
                           1155 ;	genLabel
                           1156 ; common peephole 159 removed unused label 00101$.
                           1157 ;cases/structinit/structinit_type_long.c:85: }
                           1158 ;	genEndFunction
   04F1 C3rCAs03      [10] 1159 	jp	_f4
                           1160 ; common peephole 152 removed unused ret.
                           1161 ;	Total testStructInit function size at codegen: 4 bytes.
                           1162 ;cases/structinit/structinit_type_long.c:89: __runSuite(void)
                           1163 ;	genLabel
                           1164 ;	genFunction
                           1165 ;	---------------------------------
                           1166 ; Function __runSuite
                           1167 ; ---------------------------------
                           1168 ;	Register assignment is optimal.
                           1169 ; Stack space usage: 0 bytes.
   04F4                    1170 ___runSuite::
                           1171 ;cases/structinit/structinit_type_long.c:91: __prints("Running testStructInit\n");
                           1172 ;	skipping iCode since result will be rematerialized
                           1173 ;	skipping iCode since result will be rematerialized
                           1174 ;	genSend
                           1175 ;	genMove_o size 2 result type 2 source type 7 a_dead 1 hl_dead 1 de_dead 1 iy_dead 1 f_dead 1
   04F4 21rFDs04      [10] 1176 	ld	hl, #___str_25
                           1177 ;	genCall
   04F7 CDr00s00      [17] 1178 	call	___prints
                           1179 ;cases/structinit/structinit_type_long.c:92: testStructInit();
                           1180 ;	genCall
                           1181 ;	genLabel
                           1182 ; common peephole 159 removed unused label 00101$.
                           1183 ;cases/structinit/structinit_type_long.c:93: }
                           1184 ;	genEndFunction
   04FA C3rD3s04      [10] 1185 	jp	_testStructInit
                           1186 ; common peephole 152 removed unused ret.
                           1187 ;	Total __runSuite function size at codegen: 1 bytes.
   04FD                    1188 ___str_25:
   04FD 52 75 6E 6E 69 6E  1189 	.ascii "Running testStructInit"
        67 20 74 65 73 74
        53 74 72 75 63 74
        49 6E 69 74
   0513 0A                 1190 	.db 0x0a
   0514 00                 1191 	.db 0x00
                           1192 ;cases/structinit/structinit_type_long.c:98: __getSuiteName(void)
                           1193 ;	genLabel
                           1194 ;	genFunction
                           1195 ;	---------------------------------
                           1196 ; Function __getSuiteName
                           1197 ; ---------------------------------
                           1198 ;	Register assignment is optimal.
                           1199 ; Stack space usage: 0 bytes.
   0515                    1200 ___getSuiteName::
                           1201 ;cases/structinit/structinit_type_long.c:100: return "structinit_type_long";
                           1202 ;	skipping iCode since result will be rematerialized
                           1203 ;	skipping iCode since result will be rematerialized
                           1204 ;	genRet
                           1205 ;	genMove_o size 2 result type 2 source type 7 a_dead 1 hl_dead 1 de_dead 1 iy_dead 1 f_dead 1
   0515 11r1Bs05      [10] 1206 	ld	de, #___str_26
                           1207 ;	genLabel
                           1208 ; common peephole 159 removed unused label 00101$.
                           1209 ;cases/structinit/structinit_type_long.c:101: }
                           1210 ;	genEndFunction
   0518 C9            [10] 1211 	ret
                           1212 ;	Total __getSuiteName function size at codegen: 1 bytes.
   0519                    1213 ___numCases:
   0519 01 00              1214 	.dw #0x0001
   051B                    1215 ___str_26:
   051B 73 74 72 75 63 74  1216 	.ascii "structinit_type_long"
        69 6E 69 74 5F 74
        79 70 65 5F 6C 6F
        6E 67
   052F 00                 1217 	.db 0x00
                           1218 	.area _CODE (BANK=_CSEG)
                           1219 	.area _INITIALIZER
   0000                    1220 __xinit__sg:
   0000 55                 1221 	.db #0x55	; 85	'U'
   0001 5A 00 00 00        1222 	.byte #0x5a, #0x00, #0x00, #0x00	;  90
   0005 A5 A5              1223 	.dw #0xa5a5
                           1224 	.area _CABS (ABS)
