uCsim 0.9.9, Copyright (C) 1997 Daniel Drotos.
uCsim comes with ABSOLUTELY NO WARRANTY; for details type `show w'.
This is free software, and you are welcome to redistribute it
under certain conditions; type `show c' for details.
set error non-classified off
set error unknown_code off
set error memory off
set error stack off
set hw simif outputs 0xff
step 500000000 vclk
state
quit
6198 words read from gen/ucz80/asconaead128/asconaead128_op_encrypt_impl_opt8_mylowsize.ihx
--- Running: asconaead128_op_encrypt_impl_opt8_mylowsize
Running testAscon
--- Summary: 0/3/1: 0 failed of 3 tests in 1 cases.

Stop at 0x000369: (110) Program stopped itself
F 0x000369
Simulated 1646303 ticks (1.489e-01 sec)
Host usage: 0.057158 sec, rate=2.604408
CPU state= OK PC= 0x000369 frequency= 11059200 HZ
Operation since last reset= 368625 vclks
Inst= 104034 Fetch= 259813 Read= 60935 Write= 47877
Total time since last reset= 0.148863661024124 sec (1646313 clks)
Time in isr = 0.000000000000000 sec (0 clks) 0.00%
Time in idle= 0.000000000000000 sec (0 clks) 0.00%
Most value of stack pointer= 0x000000
Simulation: stopped
Runtime: 0.069134 sec

--- Simulator: 6198/1646313: 6198 bytes, 1646313 ticks
